2026/06/08 15:16:08.630516 [Incident:Info:toast@toast-new:Displacement(s) updated] Added 0 and changed 0 displacements with 0 amplitudes
2026/06/08 15:16:08.633973 [Incident:Info:toast@toast-new:Incident created] Incident created based on event received from messaging: OT: 2026-06-08 08:13:42,  Lat/Lon: 5.29°/125.38°, Depth: 10.00, Mag: 5.10 (M)
2026/06/08 15:16:08.634660 [Simulation:Info:toast@toast-new:Simulation not generated] Magnitude 5.10 of event bmg2026ldhu is smaller than triggerMinMagnitude: no automatic simulation
2026/06/08 15:16:08.652540 [Incident:Info:toast@toast-new:Origin updated] Origin updated: OT: 2026-06-08 08:13:42,  Lat/Lon: 5.28954°/125.382°, Depth: 10
2026/06/08 15:16:08.652678 [Simulation:Info:toast@toast-new:Simulation not generated] Magnitude 5.10 of event bmg2026ldhu is smaller than triggerMinMagnitude: no automatic simulation
2026/06/08 15:16:08.914141 [Incident:Info:toast@toast-new:Origin updated] Origin updated: OT: 2026-06-08 08:13:42,  Lat/Lon: 5.28954°/125.382°, Depth: 10
2026/06/08 15:16:08.914326 [Incident:Info:toast@toast-new:Magnitude updated] Magnitude updated: 5.10 (M)
2026/06/08 15:16:08.914370 [Simulation:Info:toast@toast-new:Simulation not generated] Magnitude 5.10 of event bmg2026ldhu is smaller than triggerMinMagnitude: no automatic simulation
2026/06/08 15:16:13.885039 [Incident:Info:toast@toast-new:Origin updated] Origin updated: OT: 2026-06-08 08:13:42,  Lat/Lon: 5.28954°/125.382°, Depth: 10
2026/06/08 15:16:13.885214 [Incident:Info:toast@toast-new:Magnitude updated] Magnitude updated: 5.10 (M)
2026/06/08 15:16:13.885253 [Simulation:Info:toast@toast-new:Simulation not generated] Magnitude 5.10 of event bmg2026ldhu is smaller than triggerMinMagnitude: no automatic simulation
2026/06/08 15:16:18.474095 [Incident:Info:toast@toast-new:Origin updated] Origin updated: OT: 2026-06-08 08:13:36,  Lat/Lon: 5.61453°/125.038°, Depth: 10
2026/06/08 15:16:18.474297 [Incident:Info:toast@toast-new:Magnitude updated] Magnitude updated: 5.15 (M)
2026/06/08 15:16:18.474353 [Simulation:Info:toast@toast-new:Simulation not generated] Magnitude 5.15 of event bmg2026ldhu is smaller than triggerMinMagnitude: no automatic simulation
2026/06/08 15:16:23.952198 [Incident:Info:toast@toast-new:Origin updated] Origin updated: OT: 2026-06-08 08:13:36,  Lat/Lon: 5.61453°/125.038°, Depth: 10
2026/06/08 15:16:23.952409 [Incident:Info:toast@toast-new:Magnitude updated] Magnitude updated: 5.14 (M)
2026/06/08 15:16:23.952461 [Simulation:Info:toast@toast-new:Simulation not generated] Magnitude 5.14 of event bmg2026ldhu is smaller than triggerMinMagnitude: no automatic simulation
2026/06/08 15:16:28.921847 [Incident:Info:toast@toast-new:Origin updated] Origin updated: OT: 2026-06-08 08:13:36,  Lat/Lon: 5.61453°/125.038°, Depth: 10
2026/06/08 15:16:28.922052 [Incident:Info:toast@toast-new:Magnitude updated] Magnitude updated: 5.13 (M)
2026/06/08 15:16:28.922098 [Simulation:Info:toast@toast-new:Simulation not generated] Magnitude 5.13 of event bmg2026ldhu is smaller than triggerMinMagnitude: no automatic simulation
2026/06/08 15:16:33.390981 [Incident:Info:toast@toast-new:Origin updated] Origin updated: OT: 2026-06-08 08:13:36,  Lat/Lon: 5.61522°/125.035°, Depth: 10
2026/06/08 15:16:33.391197 [Incident:Info:toast@toast-new:Magnitude updated] Magnitude updated: 5.18 (M)
2026/06/08 15:16:33.391255 [Simulation:Info:toast@toast-new:Simulation not generated] Magnitude 5.18 of event bmg2026ldhu is smaller than triggerMinMagnitude: no automatic simulation
2026/06/08 15:16:33.935136 [Incident:Info:toast@toast-new:Origin updated] Origin updated: OT: 2026-06-08 08:13:36,  Lat/Lon: 5.61522°/125.035°, Depth: 10
2026/06/08 15:16:33.935364 [Incident:Info:toast@toast-new:Magnitude updated] Magnitude updated: 5.19 (M)
2026/06/08 15:16:33.935428 [Simulation:Info:toast@toast-new:Simulation not generated] Magnitude 5.19 of event bmg2026ldhu is smaller than triggerMinMagnitude: no automatic simulation
2026/06/08 15:16:38.967841 [Incident:Info:toast@toast-new:Origin updated] Origin updated: OT: 2026-06-08 08:13:36,  Lat/Lon: 5.61522°/125.035°, Depth: 10
2026/06/08 15:16:38.968034 [Incident:Info:toast@toast-new:Magnitude updated] Magnitude updated: 5.20 (M)
2026/06/08 15:16:38.968073 [Simulation:Info:toast@toast-new:Simulation not generated] Magnitude 5.20 of event bmg2026ldhu is smaller than triggerMinMagnitude: no automatic simulation
2026/06/08 15:16:43.897024 [Incident:Info:toast@toast-new:Origin updated] Origin updated: OT: 2026-06-08 08:13:36,  Lat/Lon: 5.61522°/125.035°, Depth: 10
2026/06/08 15:16:43.897260 [Incident:Info:toast@toast-new:Magnitude updated] Magnitude updated: 5.21 (M)
2026/06/08 15:16:43.897317 [Simulation:Info:toast@toast-new:Simulation not generated] Magnitude 5.21 of event bmg2026ldhu is smaller than triggerMinMagnitude: no automatic simulation
2026/06/08 15:16:48.671325 [Incident:Info:toast@toast-new:Origin updated] Origin updated: OT: 2026-06-08 08:13:36,  Lat/Lon: 5.61522°/125.035°, Depth: 10
2026/06/08 15:16:48.671505 [Incident:Info:toast@toast-new:Magnitude updated] Magnitude updated: 5.20 (M)
2026/06/08 15:16:48.671539 [Simulation:Info:toast@toast-new:Simulation not generated] Magnitude 5.20 of event bmg2026ldhu is smaller than triggerMinMagnitude: no automatic simulation
2026/06/08 15:16:48.694330 [Incident:Info:toast@toast-new:Origin updated] Origin updated: OT: 2026-06-08 08:13:36,  Lat/Lon: 5.70148°/125.09°, Depth: 10
2026/06/08 15:16:48.694478 [Incident:Info:toast@toast-new:Magnitude updated] Magnitude updated: 5.25 (M)
2026/06/08 15:16:48.694505 [Simulation:Info:toast@toast-new:Simulation not generated] Magnitude 5.25 of event bmg2026ldhu is smaller than triggerMinMagnitude: no automatic simulation
2026/06/08 15:16:53.989137 [Incident:Info:toast@toast-new:Origin updated] Origin updated: OT: 2026-06-08 08:13:36,  Lat/Lon: 5.70148°/125.09°, Depth: 10
2026/06/08 15:16:53.989318 [Incident:Info:toast@toast-new:Magnitude updated] Magnitude updated: 5.26 (M)
2026/06/08 15:16:53.989372 [Simulation:Info:toast@toast-new:Simulation not generated] Magnitude 5.26 of event bmg2026ldhu is smaller than triggerMinMagnitude: no automatic simulation
2026/06/08 15:16:58.997871 [Incident:Info:toast@toast-new:Origin updated] Origin updated: OT: 2026-06-08 08:13:36,  Lat/Lon: 5.70148°/125.09°, Depth: 10
2026/06/08 15:16:58.998059 [Incident:Info:toast@toast-new:Magnitude updated] Magnitude updated: 5.26 (M)
2026/06/08 15:16:58.998114 [Simulation:Info:toast@toast-new:Simulation not generated] Magnitude 5.26 of event bmg2026ldhu is smaller than triggerMinMagnitude: no automatic simulation
2026/06/08 15:17:04.022537 [Incident:Info:toast@toast-new:Origin updated] Origin updated: OT: 2026-06-08 08:13:36,  Lat/Lon: 5.70148°/125.09°, Depth: 10
2026/06/08 15:17:04.022737 [Incident:Info:toast@toast-new:Magnitude updated] Magnitude updated: 5.26 (M)
2026/06/08 15:17:04.022784 [Simulation:Info:toast@toast-new:Simulation not generated] Magnitude 5.26 of event bmg2026ldhu is smaller than triggerMinMagnitude: no automatic simulation
2026/06/08 15:17:08.763124 [Incident:Info:toast@toast-new:Origin updated] Origin updated: OT: 2026-06-08 08:13:36,  Lat/Lon: 5.68647°/125.068°, Depth: 10
2026/06/08 15:17:08.763312 [Incident:Info:toast@toast-new:Magnitude updated] Magnitude updated: 5.25 (M)
2026/06/08 15:17:08.763356 [Simulation:Info:toast@toast-new:Simulation not generated] Magnitude 5.25 of event bmg2026ldhu is smaller than triggerMinMagnitude: no automatic simulation
2026/06/08 15:17:08.957898 [Incident:Info:toast@toast-new:Origin updated] Origin updated: OT: 2026-06-08 08:13:36,  Lat/Lon: 5.68647°/125.068°, Depth: 10
2026/06/08 15:17:08.958030 [Incident:Info:toast@toast-new:Magnitude updated] Magnitude updated: 5.25 (M)
2026/06/08 15:17:08.958060 [Simulation:Info:toast@toast-new:Simulation not generated] Magnitude 5.25 of event bmg2026ldhu is smaller than triggerMinMagnitude: no automatic simulation
2026/06/08 15:17:14.062799 [Incident:Info:toast@toast-new:Origin updated] Origin updated: OT: 2026-06-08 08:13:36,  Lat/Lon: 5.68647°/125.068°, Depth: 10
2026/06/08 15:17:14.063009 [Incident:Info:toast@toast-new:Magnitude updated] Magnitude updated: 5.24 (M)
2026/06/08 15:17:14.063073 [Simulation:Info:toast@toast-new:Simulation not generated] Magnitude 5.24 of event bmg2026ldhu is smaller than triggerMinMagnitude: no automatic simulation
2026/06/08 15:17:19.036598 [Incident:Info:toast@toast-new:Origin updated] Origin updated: OT: 2026-06-08 08:13:36,  Lat/Lon: 5.68647°/125.068°, Depth: 10
2026/06/08 15:17:19.036789 [Incident:Info:toast@toast-new:Magnitude updated] Magnitude updated: 5.22 (M)
2026/06/08 15:17:19.036835 [Simulation:Info:toast@toast-new:Simulation not generated] Magnitude 5.22 of event bmg2026ldhu is smaller than triggerMinMagnitude: no automatic simulation
2026/06/08 15:17:23.964457 [Incident:Info:toast@toast-new:Origin updated] Origin updated: OT: 2026-06-08 08:13:36,  Lat/Lon: 5.68647°/125.068°, Depth: 10
2026/06/08 15:17:23.964605 [Incident:Info:toast@toast-new:Magnitude updated] Magnitude updated: 5.22 (M)
2026/06/08 15:17:23.964636 [Simulation:Info:toast@toast-new:Simulation not generated] Magnitude 5.22 of event bmg2026ldhu is smaller than triggerMinMagnitude: no automatic simulation
2026/06/08 15:17:29.028879 [Incident:Info:toast@toast-new:Origin updated] Origin updated: OT: 2026-06-08 08:13:36,  Lat/Lon: 5.68647°/125.068°, Depth: 10
2026/06/08 15:17:29.029043 [Incident:Info:toast@toast-new:Magnitude updated] Magnitude updated: 5.22 (M)
2026/06/08 15:17:29.029079 [Simulation:Info:toast@toast-new:Simulation not generated] Magnitude 5.22 of event bmg2026ldhu is smaller than triggerMinMagnitude: no automatic simulation
2026/06/08 15:17:31.414585 [Incident:Info:toast@toast-new:Origin updated] Origin updated: OT: 2026-06-08 08:13:36,  Lat/Lon: 5.68647°/125.068°, Depth: 10
2026/06/08 15:17:31.414755 [Incident:Info:toast@toast-new:Magnitude updated] Magnitude updated: 5.22 (M)
2026/06/08 15:17:31.414788 [Simulation:Info:toast@toast-new:Simulation not generated] Magnitude 5.22 of event bmg2026ldhu is smaller than triggerMinMagnitude: no automatic simulation
2026/06/08 15:17:31.435150 [Incident:Info:toast@toast-new:Origin updated] Origin updated: OT: 2026-06-08 08:13:36,  Lat/Lon: 5.67635°/125.064°, Depth: 10
2026/06/08 15:17:31.435301 [Incident:Info:toast@toast-new:Magnitude updated] Magnitude updated: 5.22 (M)
2026/06/08 15:17:31.435328 [Simulation:Info:toast@toast-new:Simulation not generated] Magnitude 5.22 of event bmg2026ldhu is smaller than triggerMinMagnitude: no automatic simulation
2026/06/08 15:17:33.906397 [Incident:Info:toast@toast-new:Origin updated] Origin updated: OT: 2026-06-08 08:13:36,  Lat/Lon: 5.67635°/125.064°, Depth: 10
2026/06/08 15:17:33.906598 [Incident:Info:toast@toast-new:Magnitude updated] Magnitude updated: 5.22 (M)
2026/06/08 15:17:33.906646 [Simulation:Info:toast@toast-new:Simulation not generated] Magnitude 5.22 of event bmg2026ldhu is smaller than triggerMinMagnitude: no automatic simulation
2026/06/08 15:17:43.966991 [Incident:Info:toast@toast-new:Origin updated] Origin updated: OT: 2026-06-08 08:13:36,  Lat/Lon: 5.67635°/125.064°, Depth: 10
2026/06/08 15:17:43.967188 [Incident:Info:toast@toast-new:Magnitude updated] Magnitude updated: 5.22 (M)
2026/06/08 15:17:43.967235 [Simulation:Info:toast@toast-new:Simulation not generated] Magnitude 5.22 of event bmg2026ldhu is smaller than triggerMinMagnitude: no automatic simulation
2026/06/08 15:17:48.968512 [Incident:Info:toast@toast-new:Origin updated] Origin updated: OT: 2026-06-08 08:13:36,  Lat/Lon: 5.67635°/125.064°, Depth: 10
2026/06/08 15:17:48.968709 [Incident:Info:toast@toast-new:Magnitude updated] Magnitude updated: 5.22 (M)
2026/06/08 15:17:48.968757 [Simulation:Info:toast@toast-new:Simulation not generated] Magnitude 5.22 of event bmg2026ldhu is smaller than triggerMinMagnitude: no automatic simulation
2026/06/08 15:17:53.929707 [Incident:Info:toast@toast-new:Origin updated] Origin updated: OT: 2026-06-08 08:13:36,  Lat/Lon: 5.67635°/125.064°, Depth: 10
2026/06/08 15:17:53.929900 [Incident:Info:toast@toast-new:Magnitude updated] Magnitude updated: 5.22 (M)
2026/06/08 15:17:53.929944 [Simulation:Info:toast@toast-new:Simulation not generated] Magnitude 5.22 of event bmg2026ldhu is smaller than triggerMinMagnitude: no automatic simulation
2026/06/08 15:17:55.212647 [Incident:Info:toast@toast-new:Origin updated] Origin updated: OT: 2026-06-08 08:13:36,  Lat/Lon: 5.70303°/125.074°, Depth: 10
2026/06/08 15:17:55.212882 [Incident:Info:toast@toast-new:Magnitude updated] Magnitude updated: 5.22 (M)
2026/06/08 15:17:55.212936 [Simulation:Info:toast@toast-new:Simulation not generated] Magnitude 5.22 of event bmg2026ldhu is smaller than triggerMinMagnitude: no automatic simulation
2026/06/08 15:17:59.087905 [Incident:Info:toast@toast-new:Origin updated] Origin updated: OT: 2026-06-08 08:13:36,  Lat/Lon: 5.70303°/125.074°, Depth: 10
2026/06/08 15:17:59.088081 [Incident:Info:toast@toast-new:Magnitude updated] Magnitude updated: 5.22 (M)
2026/06/08 15:17:59.088119 [Simulation:Info:toast@toast-new:Simulation not generated] Magnitude 5.22 of event bmg2026ldhu is smaller than triggerMinMagnitude: no automatic simulation
2026/06/08 15:18:04.012145 [Incident:Info:toast@toast-new:Origin updated] Origin updated: OT: 2026-06-08 08:13:36,  Lat/Lon: 5.70303°/125.074°, Depth: 10
2026/06/08 15:18:04.012367 [Incident:Info:toast@toast-new:Magnitude updated] Magnitude updated: 5.21 (M)
2026/06/08 15:18:04.012412 [Simulation:Info:toast@toast-new:Simulation not generated] Magnitude 5.21 of event bmg2026ldhu is smaller than triggerMinMagnitude: no automatic simulation
2026/06/08 15:18:13.987699 [Incident:Info:toast@toast-new:Origin updated] Origin updated: OT: 2026-06-08 08:13:36,  Lat/Lon: 5.70303°/125.074°, Depth: 10
2026/06/08 15:18:13.987906 [Incident:Info:toast@toast-new:Magnitude updated] Magnitude updated: 5.21 (M)
2026/06/08 15:18:13.987952 [Simulation:Info:toast@toast-new:Simulation not generated] Magnitude 5.21 of event bmg2026ldhu is smaller than triggerMinMagnitude: no automatic simulation
2026/06/08 15:18:20.717724 [Incident:Info:toast@toast-new:Origin updated] Origin updated: OT: 2026-06-08 08:13:41,  Lat/Lon: 5.33326°/125.239°, Depth: 10
2026/06/08 15:18:20.717872 [Incident:Info:toast@toast-new:Magnitude updated] Magnitude updated: 5.13 (M)
2026/06/08 15:18:20.717900 [Simulation:Info:toast@toast-new:Simulation not generated] Magnitude 5.13 of event bmg2026ldhu is smaller than triggerMinMagnitude: no automatic simulation
2026/06/08 15:18:23.883169 [Incident:Info:toast@toast-new:Origin updated] Origin updated: OT: 2026-06-08 08:13:41,  Lat/Lon: 5.33326°/125.239°, Depth: 10
2026/06/08 15:18:23.883353 [Incident:Info:toast@toast-new:Magnitude updated] Magnitude updated: 5.12 (M)
2026/06/08 15:18:23.883393 [Simulation:Info:toast@toast-new:Simulation not generated] Magnitude 5.12 of event bmg2026ldhu is smaller than triggerMinMagnitude: no automatic simulation
2026/06/08 15:18:28.918812 [Incident:Info:toast@toast-new:Origin updated] Origin updated: OT: 2026-06-08 08:13:41,  Lat/Lon: 5.33326°/125.239°, Depth: 10
2026/06/08 15:18:28.919043 [Incident:Info:toast@toast-new:Magnitude updated] Magnitude updated: 5.15 (M)
2026/06/08 15:18:28.919103 [Simulation:Info:toast@toast-new:Simulation not generated] Magnitude 5.15 of event bmg2026ldhu is smaller than triggerMinMagnitude: no automatic simulation
2026/06/08 15:18:36.462117 [Incident:Info:toast@toast-new:Origin updated] Origin updated: OT: 2026-06-08 08:13:38,  Lat/Lon: 5.39433°/125.093°, Depth: 10
2026/06/08 15:18:36.462330 [Incident:Info:toast@toast-new:Magnitude updated] Magnitude updated: 5.31 (MLv)
2026/06/08 15:18:36.462386 [Simulation:Info:toast@toast-new:Simulation not generated] Magnitude 5.31 of event bmg2026ldhu is smaller than triggerMinMagnitude: no automatic simulation
2026/06/08 15:18:36.547154 [Incident:Info:toast@toast-new:Origin updated] Origin updated: OT: 2026-06-08 08:13:38,  Lat/Lon: 5.39433°/125.093°, Depth: 10
2026/06/08 15:18:36.547315 [Incident:Info:toast@toast-new:Magnitude updated] Magnitude updated: 5.13 (M)
2026/06/08 15:18:36.547356 [Simulation:Info:toast@toast-new:Simulation not generated] Magnitude 5.13 of event bmg2026ldhu is smaller than triggerMinMagnitude: no automatic simulation
2026/06/08 15:19:56.592692 [Incident:Info:toast@toast-new:Origin updated] Origin updated: OT: 2026-06-08 08:13:40,  Lat/Lon: 5.35084°/125.239°, Depth: 10
2026/06/08 15:19:56.592901 [Incident:Info:toast@toast-new:Magnitude updated] Magnitude updated: 5.32 (MLv)
2026/06/08 15:19:56.592954 [Simulation:Info:toast@toast-new:Simulation not generated] Magnitude 5.32 of event bmg2026ldhu is smaller than triggerMinMagnitude: no automatic simulation
2026/06/08 15:19:56.673409 [Incident:Info:toast@toast-new:Origin updated] Origin updated: OT: 2026-06-08 08:13:40,  Lat/Lon: 5.35084°/125.239°, Depth: 10
2026/06/08 15:19:56.673547 [Incident:Info:toast@toast-new:Magnitude updated] Magnitude updated: 5.14 (M)
2026/06/08 15:19:56.673586 [Simulation:Info:toast@toast-new:Simulation not generated] Magnitude 5.14 of event bmg2026ldhu is smaller than triggerMinMagnitude: no automatic simulation
