2026/08/20 09:48:29.229574 [Incident:Info:toast@toast-new:Displacement(s) updated] Added 0 and changed 0 displacements with 0 amplitudes
2026/08/20 09:48:29.229979 [Incident:Info:toast@toast-new:Incident created] Incident created based on event received from messaging: OT: 2026-08-20 02:46:59,  Lat/Lon: -8.25°/120.61°, Depth: 10.00, Mag: 6.03 (M)
2026/08/20 09:48:29.230512 [Simulation:Info:toast@toast-new:Simulation not generated] Magnitude 6.03 of event bmg2026qggs is smaller than triggerMinMagnitude: no automatic simulation
2026/08/20 09:48:29.243106 [Incident:Info:toast@toast-new:Origin updated] Origin updated: OT: 2026-08-20 02:46:59,  Lat/Lon: -8.25102°/120.608°, Depth: 10
2026/08/20 09:48:29.243223 [Simulation:Info:toast@toast-new:Simulation not generated] Magnitude 6.03 of event bmg2026qggs is smaller than triggerMinMagnitude: no automatic simulation
2026/08/20 09:48:29.252844 [Incident:Info:toast@toast-new:Origin updated] Origin updated: OT: 2026-08-20 02:46:59,  Lat/Lon: -8.25102°/120.608°, Depth: 10
2026/08/20 09:48:29.252930 [Simulation:Info:toast@toast-new:Simulation not generated] Magnitude 6.03 of event bmg2026qggs is smaller than triggerMinMagnitude: no automatic simulation
2026/08/20 09:49:11.427479 [Incident:Info:toast@toast-new:Origin updated] Origin updated: OT: 2026-08-20 02:47:00,  Lat/Lon: -8.28033°/120.604°, Depth: 10
2026/08/20 09:49:11.427681 [Incident:Info:toast@toast-new:Magnitude updated] Magnitude updated: 5.70 (MLv)
2026/08/20 09:49:11.427724 [Simulation:Info:toast@toast-new:Simulation not generated] Magnitude 5.70 of event bmg2026qggs is smaller than triggerMinMagnitude: no automatic simulation
2026/08/20 09:49:11.529745 [Incident:Info:toast@toast-new:Origin updated] Origin updated: OT: 2026-08-20 02:47:00,  Lat/Lon: -8.28033°/120.604°, Depth: 10
2026/08/20 09:49:11.529862 [Incident:Info:toast@toast-new:Magnitude updated] Magnitude updated: 5.72 (M)
2026/08/20 09:49:11.530001 [Simulation:Info:toast@toast-new:Simulation not generated] Magnitude 5.72 of event bmg2026qggs is smaller than triggerMinMagnitude: no automatic simulation
2026/08/20 09:49:14.667959 [Incident:Info:toast@toast-new:Origin updated] Origin updated: OT: 2026-08-20 02:47:00,  Lat/Lon: -8.28033°/120.604°, Depth: 10
2026/08/20 09:49:14.668106 [Incident:Info:toast@toast-new:Magnitude updated] Magnitude updated: 5.72 (M)
2026/08/20 09:49:14.668152 [Simulation:Info:toast@toast-new:Simulation not generated] Magnitude 5.72 of event bmg2026qggs is smaller than triggerMinMagnitude: no automatic simulation
2026/08/20 09:49:19.724993 [Incident:Info:toast@toast-new:Origin updated] Origin updated: OT: 2026-08-20 02:47:00,  Lat/Lon: -8.28033°/120.604°, Depth: 10
2026/08/20 09:49:19.725154 [Incident:Info:toast@toast-new:Magnitude updated] Magnitude updated: 5.74 (M)
2026/08/20 09:49:19.725193 [Simulation:Info:toast@toast-new:Simulation not generated] Magnitude 5.74 of event bmg2026qggs is smaller than triggerMinMagnitude: no automatic simulation
2026/08/20 09:49:24.794088 [Incident:Info:toast@toast-new:Origin updated] Origin updated: OT: 2026-08-20 02:47:00,  Lat/Lon: -8.28033°/120.604°, Depth: 10
2026/08/20 09:49:24.794245 [Incident:Info:toast@toast-new:Magnitude updated] Magnitude updated: 5.75 (M)
2026/08/20 09:49:24.794290 [Simulation:Info:toast@toast-new:Simulation not generated] Magnitude 5.75 of event bmg2026qggs is smaller than triggerMinMagnitude: no automatic simulation
2026/08/20 09:49:29.836662 [Incident:Info:toast@toast-new:Origin updated] Origin updated: OT: 2026-08-20 02:47:00,  Lat/Lon: -8.28033°/120.604°, Depth: 10
2026/08/20 09:49:29.836812 [Incident:Info:toast@toast-new:Magnitude updated] Magnitude updated: 5.77 (M)
2026/08/20 09:49:29.836864 [Simulation:Info:toast@toast-new:Simulation not generated] Magnitude 5.77 of event bmg2026qggs is smaller than triggerMinMagnitude: no automatic simulation
2026/08/20 09:49:34.828901 [Incident:Info:toast@toast-new:Origin updated] Origin updated: OT: 2026-08-20 02:47:00,  Lat/Lon: -8.28033°/120.604°, Depth: 10
2026/08/20 09:49:34.829046 [Incident:Info:toast@toast-new:Magnitude updated] Magnitude updated: 5.78 (M)
2026/08/20 09:49:34.829088 [Simulation:Info:toast@toast-new:Simulation not generated] Magnitude 5.78 of event bmg2026qggs is smaller than triggerMinMagnitude: no automatic simulation
2026/08/20 09:49:39.841287 [Incident:Info:toast@toast-new:Origin updated] Origin updated: OT: 2026-08-20 02:47:00,  Lat/Lon: -8.28033°/120.604°, Depth: 10
2026/08/20 09:49:39.841448 [Incident:Info:toast@toast-new:Magnitude updated] Magnitude updated: 5.79 (M)
2026/08/20 09:49:39.841484 [Simulation:Info:toast@toast-new:Simulation not generated] Magnitude 5.79 of event bmg2026qggs is smaller than triggerMinMagnitude: no automatic simulation
2026/08/20 09:49:41.221553 [Incident:Info:toast@toast-new:Origin updated] Origin updated: OT: 2026-08-20 02:47:00,  Lat/Lon: -8.27874°/120.625°, Depth: 10
2026/08/20 09:49:41.221709 [Incident:Info:toast@toast-new:Magnitude updated] Magnitude updated: 5.70 (MLv)
2026/08/20 09:49:41.221760 [Simulation:Info:toast@toast-new:Simulation not generated] Magnitude 5.70 of event bmg2026qggs is smaller than triggerMinMagnitude: no automatic simulation
2026/08/20 09:49:41.325034 [Incident:Info:toast@toast-new:Origin updated] Origin updated: OT: 2026-08-20 02:47:00,  Lat/Lon: -8.27874°/120.625°, Depth: 10
2026/08/20 09:49:41.325139 [Incident:Info:toast@toast-new:Magnitude updated] Magnitude updated: 5.75 (M)
2026/08/20 09:49:41.325167 [Simulation:Info:toast@toast-new:Simulation not generated] Magnitude 5.75 of event bmg2026qggs is smaller than triggerMinMagnitude: no automatic simulation
2026/08/20 09:49:43.547531 [Incident:Info:toast@toast-new:Origin updated] Origin updated: OT: 2026-08-20 02:47:00,  Lat/Lon: -8.27874°/120.625°, Depth: 10
2026/08/20 09:49:43.547663 [Incident:Info:toast@toast-new:Magnitude updated] Magnitude updated: 5.76 (M)
2026/08/20 09:49:43.547708 [Simulation:Info:toast@toast-new:Simulation not generated] Magnitude 5.76 of event bmg2026qggs is smaller than triggerMinMagnitude: no automatic simulation
2026/08/20 09:49:44.914924 [Incident:Info:toast@toast-new:Origin updated] Origin updated: OT: 2026-08-20 02:47:00,  Lat/Lon: -8.27874°/120.625°, Depth: 10
2026/08/20 09:49:44.915067 [Incident:Info:toast@toast-new:Magnitude updated] Magnitude updated: 5.77 (M)
2026/08/20 09:49:44.915098 [Simulation:Info:toast@toast-new:Simulation not generated] Magnitude 5.77 of event bmg2026qggs is smaller than triggerMinMagnitude: no automatic simulation
2026/08/20 09:49:49.868266 [Incident:Info:toast@toast-new:Origin updated] Origin updated: OT: 2026-08-20 02:47:00,  Lat/Lon: -8.27874°/120.625°, Depth: 10
2026/08/20 09:49:49.868422 [Incident:Info:toast@toast-new:Magnitude updated] Magnitude updated: 5.74 (M)
2026/08/20 09:49:49.868470 [Simulation:Info:toast@toast-new:Simulation not generated] Magnitude 5.74 of event bmg2026qggs is smaller than triggerMinMagnitude: no automatic simulation
2026/08/20 09:49:54.914540 [Incident:Info:toast@toast-new:Origin updated] Origin updated: OT: 2026-08-20 02:47:00,  Lat/Lon: -8.27874°/120.625°, Depth: 10
2026/08/20 09:49:54.914717 [Incident:Info:toast@toast-new:Magnitude updated] Magnitude updated: 5.75 (M)
2026/08/20 09:49:54.914767 [Simulation:Info:toast@toast-new:Simulation not generated] Magnitude 5.75 of event bmg2026qggs is smaller than triggerMinMagnitude: no automatic simulation
2026/08/20 09:49:55.889618 [Incident:Info:toast@toast-new:Origin updated] Origin updated: OT: 2026-08-20 02:47:00,  Lat/Lon: -8.27874°/120.625°, Depth: 10
2026/08/20 09:49:55.889770 [Incident:Info:toast@toast-new:FM updated] FM updated
2026/08/20 09:49:55.890018 [Simulation:Info:toast@toast-new:Simulation not generated] Magnitude 5.75 of event bmg2026qggs is smaller than triggerMinMagnitude: no automatic simulation
2026/08/20 09:49:59.903914 [Incident:Info:toast@toast-new:Origin updated] Origin updated: OT: 2026-08-20 02:47:00,  Lat/Lon: -8.27874°/120.625°, Depth: 10
2026/08/20 09:49:59.904126 [Incident:Info:toast@toast-new:Magnitude updated] Magnitude updated: 5.75 (M)
2026/08/20 09:49:59.904193 [Simulation:Info:toast@toast-new:Simulation not generated] Magnitude 5.75 of event bmg2026qggs is smaller than triggerMinMagnitude: no automatic simulation
2026/08/20 09:50:04.899709 [Incident:Info:toast@toast-new:Origin updated] Origin updated: OT: 2026-08-20 02:47:00,  Lat/Lon: -8.27874°/120.625°, Depth: 10
2026/08/20 09:50:04.899843 [Incident:Info:toast@toast-new:Magnitude updated] Magnitude updated: 5.76 (M)
2026/08/20 09:50:04.899888 [Simulation:Info:toast@toast-new:Simulation not generated] Magnitude 5.76 of event bmg2026qggs is smaller than triggerMinMagnitude: no automatic simulation
2026/08/20 09:50:05.443033 [Incident:Info:toast@toast-new:Origin updated] Origin updated: OT: 2026-08-20 02:47:00,  Lat/Lon: -8.27874°/120.625°, Depth: 10
2026/08/20 09:50:05.443211 [Incident:Info:toast@toast-new:FM updated] FM updated
2026/08/20 09:50:05.443464 [Simulation:Info:toast@toast-new:Simulation not generated] Magnitude 5.76 of event bmg2026qggs is smaller than triggerMinMagnitude: no automatic simulation
2026/08/20 09:50:09.870257 [Incident:Info:toast@toast-new:Origin updated] Origin updated: OT: 2026-08-20 02:47:00,  Lat/Lon: -8.27874°/120.625°, Depth: 10
2026/08/20 09:50:09.870399 [Incident:Info:toast@toast-new:Magnitude updated] Magnitude updated: 5.77 (M)
2026/08/20 09:50:09.870428 [Simulation:Info:toast@toast-new:Simulation not generated] Magnitude 5.77 of event bmg2026qggs is smaller than triggerMinMagnitude: no automatic simulation
2026/08/20 09:50:14.868230 [Incident:Info:toast@toast-new:Origin updated] Origin updated: OT: 2026-08-20 02:47:00,  Lat/Lon: -8.27874°/120.625°, Depth: 10
2026/08/20 09:50:14.868385 [Incident:Info:toast@toast-new:Magnitude updated] Magnitude updated: 5.76 (M)
2026/08/20 09:50:14.868421 [Simulation:Info:toast@toast-new:Simulation not generated] Magnitude 5.76 of event bmg2026qggs is smaller than triggerMinMagnitude: no automatic simulation
2026/08/20 09:50:17.904123 [Incident:Info:toast@toast-new:Origin updated] Origin updated: OT: 2026-08-20 02:47:00,  Lat/Lon: -8.27874°/120.625°, Depth: 10
2026/08/20 09:50:17.904257 [Incident:Info:toast@toast-new:Magnitude updated] Magnitude updated: 5.77 (M)
2026/08/20 09:50:17.904291 [Simulation:Info:toast@toast-new:Simulation not generated] Magnitude 5.77 of event bmg2026qggs is smaller than triggerMinMagnitude: no automatic simulation
2026/08/20 09:50:19.881399 [Incident:Info:toast@toast-new:Origin updated] Origin updated: OT: 2026-08-20 02:47:00,  Lat/Lon: -8.27874°/120.625°, Depth: 10
2026/08/20 09:50:19.881537 [Incident:Info:toast@toast-new:Magnitude updated] Magnitude updated: 5.78 (M)
2026/08/20 09:50:19.881567 [Simulation:Info:toast@toast-new:Simulation not generated] Magnitude 5.78 of event bmg2026qggs is smaller than triggerMinMagnitude: no automatic simulation
2026/08/20 09:50:24.946512 [Incident:Info:toast@toast-new:Origin updated] Origin updated: OT: 2026-08-20 02:47:00,  Lat/Lon: -8.27874°/120.625°, Depth: 10
2026/08/20 09:50:24.946674 [Incident:Info:toast@toast-new:Magnitude updated] Magnitude updated: 5.79 (M)
2026/08/20 09:50:24.946714 [Simulation:Info:toast@toast-new:Simulation not generated] Magnitude 5.79 of event bmg2026qggs is smaller than triggerMinMagnitude: no automatic simulation
2026/08/20 09:50:25.525359 [Incident:Info:toast@toast-new:Origin updated] Origin updated: OT: 2026-08-20 02:47:00,  Lat/Lon: -8.27874°/120.625°, Depth: 10
2026/08/20 09:50:25.525496 [Incident:Info:toast@toast-new:FM updated] FM updated
2026/08/20 09:50:25.525723 [Simulation:Info:toast@toast-new:Simulation not generated] Magnitude 5.79 of event bmg2026qggs is smaller than triggerMinMagnitude: no automatic simulation
2026/08/20 09:50:29.909610 [Incident:Info:toast@toast-new:Origin updated] Origin updated: OT: 2026-08-20 02:47:00,  Lat/Lon: -8.27874°/120.625°, Depth: 10
2026/08/20 09:50:29.909749 [Incident:Info:toast@toast-new:Magnitude updated] Magnitude updated: 5.78 (M)
2026/08/20 09:50:29.909783 [Simulation:Info:toast@toast-new:Simulation not generated] Magnitude 5.78 of event bmg2026qggs is smaller than triggerMinMagnitude: no automatic simulation
2026/08/20 09:50:34.768842 [Incident:Info:toast@toast-new:Origin updated] Origin updated: OT: 2026-08-20 02:47:00,  Lat/Lon: -8.27874°/120.625°, Depth: 10
2026/08/20 09:50:34.769004 [Incident:Info:toast@toast-new:Magnitude updated] Magnitude updated: 5.78 (M)
2026/08/20 09:50:34.769034 [Simulation:Info:toast@toast-new:Simulation not generated] Magnitude 5.78 of event bmg2026qggs is smaller than triggerMinMagnitude: no automatic simulation
2026/08/20 09:50:35.502486 [Incident:Info:toast@toast-new:Origin updated] Origin updated: OT: 2026-08-20 02:47:00,  Lat/Lon: -8.27874°/120.625°, Depth: 10
2026/08/20 09:50:35.502643 [Incident:Info:toast@toast-new:FM updated] FM updated
2026/08/20 09:50:35.502886 [Simulation:Info:toast@toast-new:Simulation not generated] Magnitude 5.78 of event bmg2026qggs is smaller than triggerMinMagnitude: no automatic simulation
2026/08/20 09:50:40.061834 [Incident:Info:toast@toast-new:Origin updated] Origin updated: OT: 2026-08-20 02:47:00,  Lat/Lon: -8.27874°/120.625°, Depth: 10
2026/08/20 09:50:40.061975 [Incident:Info:toast@toast-new:Magnitude updated] Magnitude updated: 5.78 (M)
2026/08/20 09:50:40.062007 [Simulation:Info:toast@toast-new:Simulation not generated] Magnitude 5.78 of event bmg2026qggs is smaller than triggerMinMagnitude: no automatic simulation
2026/08/20 09:50:43.413816 [Incident:Info:toast@toast-new:Origin updated] Origin updated: OT: 2026-08-20 02:47:01,  Lat/Lon: -8.30956°/120.628°, Depth: 10
2026/08/20 09:50:43.413979 [Incident:Info:toast@toast-new:Magnitude updated] Magnitude updated: 5.70 (Mw(mB))
2026/08/20 09:50:43.414017 [Simulation:Info:toast@toast-new:Simulation not generated] Magnitude 5.70 of event bmg2026qggs is smaller than triggerMinMagnitude: no automatic simulation
2026/08/20 09:50:43.629229 [Incident:Info:toast@toast-new:Origin updated] Origin updated: OT: 2026-08-20 02:47:01,  Lat/Lon: -8.30956°/120.628°, Depth: 10
2026/08/20 09:50:43.629390 [Incident:Info:toast@toast-new:Magnitude updated] Magnitude updated: 5.70 (Mw(mB))
2026/08/20 09:50:43.629434 [Simulation:Info:toast@toast-new:Simulation not generated] Magnitude 5.70 of event bmg2026qggs is smaller than triggerMinMagnitude: no automatic simulation
2026/08/20 09:50:45.818730 [Incident:Info:toast@toast-new:Origin updated] Origin updated: OT: 2026-08-20 02:47:01,  Lat/Lon: -8.30956°/120.628°, Depth: 10
2026/08/20 09:50:45.818881 [Incident:Info:toast@toast-new:FM updated] FM updated
2026/08/20 09:50:45.819136 [Simulation:Info:toast@toast-new:Simulation not generated] Magnitude 5.70 of event bmg2026qggs is smaller than triggerMinMagnitude: no automatic simulation
2026/08/20 09:50:47.911603 [Incident:Info:toast@toast-new:Origin updated] Origin updated: OT: 2026-08-20 02:47:01,  Lat/Lon: -8.30956°/120.628°, Depth: 10
2026/08/20 09:50:47.911807 [Incident:Info:toast@toast-new:Magnitude updated] Magnitude updated: 5.71 (Mw(mB))
2026/08/20 09:50:47.911874 [Simulation:Info:toast@toast-new:Simulation not generated] Magnitude 5.71 of event bmg2026qggs is smaller than triggerMinMagnitude: no automatic simulation
2026/08/20 09:50:49.786623 [Incident:Info:toast@toast-new:Origin updated] Origin updated: OT: 2026-08-20 02:47:01,  Lat/Lon: -8.30956°/120.628°, Depth: 10
2026/08/20 09:50:49.786780 [Incident:Info:toast@toast-new:Magnitude updated] Magnitude updated: 5.69 (Mw(mB))
2026/08/20 09:50:49.786817 [Simulation:Info:toast@toast-new:Simulation not generated] Magnitude 5.69 of event bmg2026qggs is smaller than triggerMinMagnitude: no automatic simulation
2026/08/20 09:50:55.710277 [Incident:Info:toast@toast-new:Origin updated] Origin updated: OT: 2026-08-20 02:47:01,  Lat/Lon: -8.30956°/120.628°, Depth: 10
2026/08/20 09:50:55.710431 [Incident:Info:toast@toast-new:FM updated] FM updated
2026/08/20 09:50:55.710682 [Simulation:Info:toast@toast-new:Simulation not generated] Magnitude 5.69 of event bmg2026qggs is smaller than triggerMinMagnitude: no automatic simulation
2026/08/20 09:51:05.832063 [Incident:Info:toast@toast-new:Origin updated] Origin updated: OT: 2026-08-20 02:47:01,  Lat/Lon: -8.30956°/120.628°, Depth: 10
2026/08/20 09:51:05.832216 [Incident:Info:toast@toast-new:FM updated] FM updated
2026/08/20 09:51:05.832477 [Simulation:Info:toast@toast-new:Simulation not generated] Magnitude 5.69 of event bmg2026qggs is smaller than triggerMinMagnitude: no automatic simulation
2026/08/20 09:51:16.042812 [Incident:Info:toast@toast-new:Origin updated] Origin updated: OT: 2026-08-20 02:47:01,  Lat/Lon: -8.30956°/120.628°, Depth: 10
2026/08/20 09:51:16.042987 [Incident:Info:toast@toast-new:FM updated] FM updated
2026/08/20 09:51:16.043368 [Simulation:Info:toast@toast-new:Simulation not generated] Magnitude 5.69 of event bmg2026qggs is smaller than triggerMinMagnitude: no automatic simulation
2026/08/20 09:51:26.384960 [Incident:Info:toast@toast-new:Origin updated] Origin updated: OT: 2026-08-20 02:47:01,  Lat/Lon: -8.30956°/120.628°, Depth: 10
2026/08/20 09:51:26.385113 [Incident:Info:toast@toast-new:FM updated] FM updated
2026/08/20 09:51:26.385356 [Simulation:Info:toast@toast-new:Simulation not generated] Magnitude 5.69 of event bmg2026qggs is smaller than triggerMinMagnitude: no automatic simulation
2026/08/20 09:51:36.523246 [Incident:Info:toast@toast-new:Origin updated] Origin updated: OT: 2026-08-20 02:47:01,  Lat/Lon: -8.30956°/120.628°, Depth: 10
2026/08/20 09:51:36.523405 [Incident:Info:toast@toast-new:FM updated] FM updated
2026/08/20 09:51:36.523643 [Simulation:Info:toast@toast-new:Simulation not generated] Magnitude 5.69 of event bmg2026qggs is smaller than triggerMinMagnitude: no automatic simulation
2026/08/20 09:51:46.774221 [Incident:Info:toast@toast-new:Origin updated] Origin updated: OT: 2026-08-20 02:47:01,  Lat/Lon: -8.30956°/120.628°, Depth: 10
2026/08/20 09:51:46.774387 [Incident:Info:toast@toast-new:FM updated] FM updated
2026/08/20 09:51:46.774682 [Simulation:Info:toast@toast-new:Simulation not generated] Magnitude 5.69 of event bmg2026qggs is smaller than triggerMinMagnitude: no automatic simulation
2026/08/20 09:51:56.562108 [Incident:Info:toast@toast-new:Origin updated] Origin updated: OT: 2026-08-20 02:47:01,  Lat/Lon: -8.30956°/120.628°, Depth: 10
2026/08/20 09:51:56.562316 [Incident:Info:toast@toast-new:FM updated] FM updated
2026/08/20 09:51:56.562764 [Simulation:Info:toast@toast-new:Simulation not generated] Magnitude 5.69 of event bmg2026qggs is smaller than triggerMinMagnitude: no automatic simulation
2026/08/20 09:52:06.421218 [Incident:Info:toast@toast-new:Origin updated] Origin updated: OT: 2026-08-20 02:47:01,  Lat/Lon: -8.30956°/120.628°, Depth: 10
2026/08/20 09:52:06.421337 [Incident:Info:toast@toast-new:FM updated] FM updated
2026/08/20 09:52:06.421552 [Simulation:Info:toast@toast-new:Simulation not generated] Magnitude 5.69 of event bmg2026qggs is smaller than triggerMinMagnitude: no automatic simulation
2026/08/20 09:52:26.848811 [Incident:Info:toast@toast-new:Origin updated] Origin updated: OT: 2026-08-20 02:47:01,  Lat/Lon: -8.30956°/120.628°, Depth: 10
2026/08/20 09:52:26.848949 [Incident:Info:toast@toast-new:FM updated] FM updated
2026/08/20 09:52:26.849221 [Simulation:Info:toast@toast-new:Simulation not generated] Magnitude 5.69 of event bmg2026qggs is smaller than triggerMinMagnitude: no automatic simulation
2026/08/20 09:52:36.627934 [Incident:Info:toast@toast-new:Origin updated] Origin updated: OT: 2026-08-20 02:47:01,  Lat/Lon: -8.30956°/120.628°, Depth: 10
2026/08/20 09:52:36.628070 [Simulation:Info:toast@toast-new:Simulation not generated] Magnitude 5.69 of event bmg2026qggs is smaller than triggerMinMagnitude: no automatic simulation
2026/08/20 09:52:39.967968 [Incident:Info:toast@toast-new:Origin updated] Origin updated: OT: 2026-08-20 02:47:01,  Lat/Lon: -8.30956°/120.628°, Depth: 10
2026/08/20 09:52:39.968156 [Incident:Info:toast@toast-new:FM updated] FM updated
2026/08/20 09:52:39.968522 [Simulation:Info:toast@toast-new:Simulation not generated] Magnitude 5.69 of event bmg2026qggs is smaller than triggerMinMagnitude: no automatic simulation
2026/08/20 09:53:27.378530 [Incident:Info:toast@toast-new:Origin updated] Origin updated: OT: 2026-08-20 02:47:01,  Lat/Lon: -8.33392°/120.642°, Depth: 10
2026/08/20 09:53:27.378708 [Incident:Info:toast@toast-new:Magnitude updated] Magnitude updated: 5.70 (Mw(mB))
2026/08/20 09:53:27.378742 [Simulation:Info:toast@toast-new:Simulation not generated] Magnitude 5.70 of event bmg2026qggs is smaller than triggerMinMagnitude: no automatic simulation
2026/08/20 09:53:29.794671 [Incident:Info:toast@toast-new:Origin updated] Origin updated: OT: 2026-08-20 02:47:01,  Lat/Lon: -8.33392°/120.642°, Depth: 10
2026/08/20 09:53:29.794808 [Incident:Info:toast@toast-new:Magnitude updated] Magnitude updated: 5.69 (Mw(mB))
2026/08/20 09:53:29.794838 [Simulation:Info:toast@toast-new:Simulation not generated] Magnitude 5.69 of event bmg2026qggs is smaller than triggerMinMagnitude: no automatic simulation
2026/08/20 09:53:34.835779 [Incident:Info:toast@toast-new:Origin updated] Origin updated: OT: 2026-08-20 02:47:01,  Lat/Lon: -8.33392°/120.642°, Depth: 10
2026/08/20 09:53:34.835937 [Incident:Info:toast@toast-new:Magnitude updated] Magnitude updated: 5.70 (Mw(mB))
2026/08/20 09:53:34.835977 [Simulation:Info:toast@toast-new:Simulation not generated] Magnitude 5.70 of event bmg2026qggs is smaller than triggerMinMagnitude: no automatic simulation
2026/08/20 09:53:44.732884 [Incident:Info:toast@toast-new:Origin updated] Origin updated: OT: 2026-08-20 02:47:01,  Lat/Lon: -8.33392°/120.642°, Depth: 10
2026/08/20 09:53:44.733049 [Incident:Info:toast@toast-new:Magnitude updated] Magnitude updated: 5.70 (Mw(mB))
2026/08/20 09:53:44.733090 [Simulation:Info:toast@toast-new:Simulation not generated] Magnitude 5.70 of event bmg2026qggs is smaller than triggerMinMagnitude: no automatic simulation
2026/08/20 09:53:59.061823 [Incident:Info:toast@toast-new:Origin updated] Origin updated: OT: 2026-08-20 02:47:01,  Lat/Lon: -8.33392°/120.642°, Depth: 10
2026/08/20 09:53:59.061962 [Incident:Info:toast@toast-new:FM updated] FM updated
2026/08/20 09:53:59.062192 [Simulation:Info:toast@toast-new:Simulation not generated] Magnitude 5.70 of event bmg2026qggs is smaller than triggerMinMagnitude: no automatic simulation
2026/08/20 09:54:57.792984 [Incident:Info:toast@toast-new:Origin updated] Origin updated: OT: 2026-08-20 02:47:01,  Lat/Lon: -8.33392°/120.642°, Depth: 10
2026/08/20 09:54:57.793123 [Incident:Info:toast@toast-new:FM updated] FM updated
2026/08/20 09:54:57.793349 [Simulation:Info:toast@toast-new:Simulation not generated] Magnitude 5.70 of event bmg2026qggs is smaller than triggerMinMagnitude: no automatic simulation
2026/08/20 09:55:49.635111 [Incident:Info:toast@toast-new:Origin updated] Origin updated: OT: 2026-08-20 02:47:01,  Lat/Lon: -8.33392°/120.642°, Depth: 10
2026/08/20 09:55:49.635245 [Incident:Info:toast@toast-new:FM updated] FM updated
2026/08/20 09:55:49.635466 [Simulation:Info:toast@toast-new:Simulation not generated] Magnitude 5.70 of event bmg2026qggs is smaller than triggerMinMagnitude: no automatic simulation
2026/08/20 09:55:49.648836 [Incident:Info:toast@toast-new:Origin updated] Origin updated: OT: 2026-08-20 02:47:01,  Lat/Lon: -8.33392°/120.642°, Depth: 10
2026/08/20 09:55:49.648940 [Incident:Info:toast@toast-new:Magnitude updated] Magnitude updated: 5.71 (Mw)
2026/08/20 09:55:49.648976 [Simulation:Info:toast@toast-new:Simulation not generated] Magnitude 5.71 of event bmg2026qggs is smaller than triggerMinMagnitude: no automatic simulation
2026/08/20 09:55:58.092973 [Incident:Info:toast@toast-new:Origin updated] Origin updated: OT: 2026-08-20 02:47:01,  Lat/Lon: -8.33392°/120.642°, Depth: 10
2026/08/20 09:55:58.093124 [Incident:Info:toast@toast-new:Magnitude updated] Magnitude updated: 5.71 (Mw)
2026/08/20 09:55:58.093152 [Incident:Info:toast@toast-new:FM updated] FM updated
2026/08/20 09:55:58.093387 [Simulation:Info:toast@toast-new:Simulation not generated] Magnitude 5.71 of event bmg2026qggs is smaller than triggerMinMagnitude: no automatic simulation
2026/08/20 09:56:02.077368 [Incident:Info:toast@toast-new:Origin updated] Origin updated: OT: 2026-08-20 02:47:01,  Lat/Lon: -8.33392°/120.642°, Depth: 10
2026/08/20 09:56:02.077512 [Simulation:Info:toast@toast-new:Simulation not generated] Magnitude 5.71 of event bmg2026qggs is smaller than triggerMinMagnitude: no automatic simulation
2026/08/20 09:56:50.442456 [Incident:Info:toast@toast-new:Origin updated] Origin updated: OT: 2026-08-20 02:47:01,  Lat/Lon: -8.33423°/120.644°, Depth: 10
2026/08/20 09:56:50.442600 [Simulation:Info:toast@toast-new:Simulation not generated] Magnitude 5.71 of event bmg2026qggs is smaller than triggerMinMagnitude: no automatic simulation
2026/08/20 16:09:50.216355 [Incident:Info:toast@toast-new:Origin updated] Origin updated: OT: 2026-08-20 02:47:01,  Lat/Lon: -8.33252°/120.652°, Depth: 10
2026/08/20 16:09:50.216510 [Simulation:Info:toast@toast-new:Simulation not generated] Magnitude 5.71 of event bmg2026qggs is smaller than triggerMinMagnitude: no automatic simulation
2026/08/25 05:48:23.315146 [Incident:Info:toast@toast-new:Origin updated] Origin updated: OT: 2026-08-20 02:47:01,  Lat/Lon: -8.33252°/120.652°, Depth: 10
2026/08/25 05:48:23.316108 [Incident:Info:toast@toast-new:Magnitude updated] Magnitude updated: 5.65 (Mw)
2026/08/25 05:48:23.316139 [Incident:Info:toast@toast-new:FM updated] FM updated
2026/08/25 05:48:23.316274 [Simulation:Info:toast@toast-new:Simulation not generated] Magnitude 5.65 of event bmg2026qggs is smaller than triggerMinMagnitude: no automatic simulation
2026/08/26 13:06:18.368865 [Incident:Info:toast@toast-new:Incident removed] Removed incident - Bye
