2026/06/27 14:48:32.137351 [Incident:Info:toast@toast-new:Displacement(s) updated] Added 0 and changed 0 displacements with 0 amplitudes
2026/06/27 14:48:32.141977 [Incident:Info:toast@toast-new:Incident created] Incident created based on event received from messaging: OT: 2026-06-27 07:47:20,  Lat/Lon: -9.06°/111.12°, Depth: 10.00, Mag: 5.58 (M)
2026/06/27 14:48:32.142636 [Simulation:Info:toast@toast-new:Simulation not generated] Magnitude 5.58 of event bmg2026mlzl is smaller than triggerMinMagnitude: no automatic simulation
2026/06/27 14:48:32.162715 [Incident:Info:toast@toast-new:Origin updated] Origin updated: OT: 2026-06-27 07:47:20,  Lat/Lon: -9.06249°/111.116°, Depth: 10
2026/06/27 14:48:32.162888 [Simulation:Info:toast@toast-new:Simulation not generated] Magnitude 5.58 of event bmg2026mlzl is smaller than triggerMinMagnitude: no automatic simulation
2026/06/27 14:48:37.203086 [Incident:Info:toast@toast-new:Origin updated] Origin updated: OT: 2026-06-27 07:47:20,  Lat/Lon: -9.06249°/111.116°, Depth: 10
2026/06/27 14:48:37.203303 [Incident:Info:toast@toast-new:Magnitude updated] Magnitude updated: 5.60 (M)
2026/06/27 14:48:37.203352 [Simulation:Info:toast@toast-new:Simulation not generated] Magnitude 5.60 of event bmg2026mlzl is smaller than triggerMinMagnitude: no automatic simulation
2026/06/27 14:48:42.194841 [Incident:Info:toast@toast-new:Origin updated] Origin updated: OT: 2026-06-27 07:47:20,  Lat/Lon: -9.06249°/111.116°, Depth: 10
2026/06/27 14:48:42.195015 [Incident:Info:toast@toast-new:Magnitude updated] Magnitude updated: 5.61 (M)
2026/06/27 14:48:42.195047 [Simulation:Info:toast@toast-new:Simulation not generated] Magnitude 5.61 of event bmg2026mlzl is smaller than triggerMinMagnitude: no automatic simulation
2026/06/27 14:48:43.774361 [Incident:Info:toast@toast-new:Origin updated] Origin updated: OT: 2026-06-27 07:47:20,  Lat/Lon: -9.03666°/111.149°, Depth: 10
2026/06/27 14:48:43.774521 [Incident:Info:toast@toast-new:Magnitude updated] Magnitude updated: 5.49 (M)
2026/06/27 14:48:43.774563 [Simulation:Info:toast@toast-new:Simulation not generated] Magnitude 5.49 of event bmg2026mlzl is smaller than triggerMinMagnitude: no automatic simulation
2026/06/27 14:48:47.274502 [Incident:Info:toast@toast-new:Origin updated] Origin updated: OT: 2026-06-27 07:47:20,  Lat/Lon: -9.03666°/111.149°, Depth: 10
2026/06/27 14:48:47.274680 [Incident:Info:toast@toast-new:Magnitude updated] Magnitude updated: 5.54 (M)
2026/06/27 14:48:47.274724 [Simulation:Info:toast@toast-new:Simulation not generated] Magnitude 5.54 of event bmg2026mlzl is smaller than triggerMinMagnitude: no automatic simulation
2026/06/27 14:48:52.250594 [Incident:Info:toast@toast-new:Origin updated] Origin updated: OT: 2026-06-27 07:47:20,  Lat/Lon: -9.03666°/111.149°, Depth: 10
2026/06/27 14:48:52.250793 [Incident:Info:toast@toast-new:Magnitude updated] Magnitude updated: 5.57 (M)
2026/06/27 14:48:52.250870 [Simulation:Info:toast@toast-new:Simulation not generated] Magnitude 5.57 of event bmg2026mlzl is smaller than triggerMinMagnitude: no automatic simulation
2026/06/27 14:48:57.217694 [Incident:Info:toast@toast-new:Origin updated] Origin updated: OT: 2026-06-27 07:47:20,  Lat/Lon: -9.03666°/111.149°, Depth: 10
2026/06/27 14:48:57.217881 [Incident:Info:toast@toast-new:Magnitude updated] Magnitude updated: 5.59 (M)
2026/06/27 14:48:57.217915 [Simulation:Info:toast@toast-new:Simulation not generated] Magnitude 5.59 of event bmg2026mlzl is smaller than triggerMinMagnitude: no automatic simulation
2026/06/27 14:49:00.835689 [Incident:Info:toast@toast-new:Origin updated] Origin updated: OT: 2026-06-27 07:47:20,  Lat/Lon: -9.01348°/111.144°, Depth: 10
2026/06/27 14:49:00.835905 [Incident:Info:toast@toast-new:Magnitude updated] Magnitude updated: 5.54 (M)
2026/06/27 14:49:00.835968 [Simulation:Info:toast@toast-new:Simulation not generated] Magnitude 5.54 of event bmg2026mlzl is smaller than triggerMinMagnitude: no automatic simulation
2026/06/27 14:49:02.196769 [Incident:Info:toast@toast-new:Origin updated] Origin updated: OT: 2026-06-27 07:47:20,  Lat/Lon: -9.01348°/111.144°, Depth: 10
2026/06/27 14:49:02.196986 [Incident:Info:toast@toast-new:Magnitude updated] Magnitude updated: 5.54 (M)
2026/06/27 14:49:02.197027 [Simulation:Info:toast@toast-new:Simulation not generated] Magnitude 5.54 of event bmg2026mlzl is smaller than triggerMinMagnitude: no automatic simulation
2026/06/27 14:49:07.295502 [Incident:Info:toast@toast-new:Origin updated] Origin updated: OT: 2026-06-27 07:47:20,  Lat/Lon: -9.01348°/111.144°, Depth: 10
2026/06/27 14:49:07.297326 [Incident:Info:toast@toast-new:Magnitude updated] Magnitude updated: 5.55 (M)
2026/06/27 14:49:07.297455 [Simulation:Info:toast@toast-new:Simulation not generated] Magnitude 5.55 of event bmg2026mlzl is smaller than triggerMinMagnitude: no automatic simulation
2026/06/27 14:49:10.825253 [Incident:Info:toast@toast-new:Origin updated] Origin updated: OT: 2026-06-27 07:47:22,  Lat/Lon: -8.88369°/111.167°, Depth: 10
2026/06/27 14:49:10.825477 [Incident:Info:toast@toast-new:Magnitude updated] Magnitude updated: 5.51 (MLv)
2026/06/27 14:49:10.825529 [Simulation:Info:toast@toast-new:Simulation not generated] Magnitude 5.51 of event bmg2026mlzl is smaller than triggerMinMagnitude: no automatic simulation
2026/06/27 14:49:10.924720 [Incident:Info:toast@toast-new:Origin updated] Origin updated: OT: 2026-06-27 07:47:22,  Lat/Lon: -8.88369°/111.167°, Depth: 10
2026/06/27 14:49:10.924870 [Incident:Info:toast@toast-new:Magnitude updated] Magnitude updated: 5.58 (M)
2026/06/27 14:49:10.924916 [Simulation:Info:toast@toast-new:Simulation not generated] Magnitude 5.58 of event bmg2026mlzl is smaller than triggerMinMagnitude: no automatic simulation
2026/06/27 14:49:27.406292 [Incident:Info:toast@toast-new:Origin updated] Origin updated: OT: 2026-06-27 07:47:22,  Lat/Lon: -8.88369°/111.167°, Depth: 10
2026/06/27 14:49:27.406510 [Incident:Info:toast@toast-new:Magnitude updated] Magnitude updated: 5.59 (M)
2026/06/27 14:49:27.406545 [Simulation:Info:toast@toast-new:Simulation not generated] Magnitude 5.59 of event bmg2026mlzl is smaller than triggerMinMagnitude: no automatic simulation
2026/06/27 14:49:39.204833 [Incident:Info:toast@toast-new:Origin updated] Origin updated: OT: 2026-06-27 07:47:21,  Lat/Lon: -8.9568°/111.156°, Depth: 10
2026/06/27 14:49:39.205063 [Incident:Info:toast@toast-new:Magnitude updated] Magnitude updated: 5.53 (MLv)
2026/06/27 14:49:39.205113 [Simulation:Info:toast@toast-new:Simulation not generated] Magnitude 5.53 of event bmg2026mlzl is smaller than triggerMinMagnitude: no automatic simulation
2026/06/27 14:49:39.318806 [Incident:Info:toast@toast-new:Origin updated] Origin updated: OT: 2026-06-27 07:47:21,  Lat/Lon: -8.9568°/111.156°, Depth: 10
2026/06/27 14:49:39.319046 [Incident:Info:toast@toast-new:Magnitude updated] Magnitude updated: 5.55 (M)
2026/06/27 14:49:39.319141 [Simulation:Info:toast@toast-new:Simulation not generated] Magnitude 5.55 of event bmg2026mlzl is smaller than triggerMinMagnitude: no automatic simulation
2026/06/27 14:49:42.357477 [Incident:Info:toast@toast-new:Origin updated] Origin updated: OT: 2026-06-27 07:47:21,  Lat/Lon: -8.9568°/111.156°, Depth: 10
2026/06/27 14:49:42.357710 [Incident:Info:toast@toast-new:Magnitude updated] Magnitude updated: 5.57 (M)
2026/06/27 14:49:42.357756 [Simulation:Info:toast@toast-new:Simulation not generated] Magnitude 5.57 of event bmg2026mlzl is smaller than triggerMinMagnitude: no automatic simulation
2026/06/27 14:49:47.305328 [Incident:Info:toast@toast-new:Origin updated] Origin updated: OT: 2026-06-27 07:47:21,  Lat/Lon: -8.9568°/111.156°, Depth: 10
2026/06/27 14:49:47.305514 [Incident:Info:toast@toast-new:Magnitude updated] Magnitude updated: 5.59 (M)
2026/06/27 14:49:47.305554 [Simulation:Info:toast@toast-new:Simulation not generated] Magnitude 5.59 of event bmg2026mlzl is smaller than triggerMinMagnitude: no automatic simulation
2026/06/27 14:49:52.243824 [Incident:Info:toast@toast-new:Origin updated] Origin updated: OT: 2026-06-27 07:47:21,  Lat/Lon: -8.9568°/111.156°, Depth: 10
2026/06/27 14:49:52.244007 [Incident:Info:toast@toast-new:Magnitude updated] Magnitude updated: 5.60 (M)
2026/06/27 14:49:52.244066 [Simulation:Info:toast@toast-new:Simulation not generated] Magnitude 5.60 of event bmg2026mlzl is smaller than triggerMinMagnitude: no automatic simulation
2026/06/27 14:49:54.462297 [Incident:Info:toast@toast-new:Origin updated] Origin updated: OT: 2026-06-27 07:47:21,  Lat/Lon: -8.9568°/111.156°, Depth: 10
2026/06/27 14:49:54.462495 [Incident:Info:toast@toast-new:Magnitude updated] Magnitude updated: 5.59 (M)
2026/06/27 14:49:54.462538 [Simulation:Info:toast@toast-new:Simulation not generated] Magnitude 5.59 of event bmg2026mlzl is smaller than triggerMinMagnitude: no automatic simulation
2026/06/27 14:49:57.358340 [Incident:Info:toast@toast-new:Origin updated] Origin updated: OT: 2026-06-27 07:47:21,  Lat/Lon: -8.9568°/111.156°, Depth: 10
2026/06/27 14:49:57.358531 [Incident:Info:toast@toast-new:Magnitude updated] Magnitude updated: 5.59 (M)
2026/06/27 14:49:57.358578 [Simulation:Info:toast@toast-new:Simulation not generated] Magnitude 5.59 of event bmg2026mlzl is smaller than triggerMinMagnitude: no automatic simulation
2026/06/27 14:50:02.418877 [Incident:Info:toast@toast-new:Origin updated] Origin updated: OT: 2026-06-27 07:47:21,  Lat/Lon: -8.9568°/111.156°, Depth: 10
2026/06/27 14:50:02.419065 [Incident:Info:toast@toast-new:Magnitude updated] Magnitude updated: 5.59 (M)
2026/06/27 14:50:02.419103 [Simulation:Info:toast@toast-new:Simulation not generated] Magnitude 5.59 of event bmg2026mlzl is smaller than triggerMinMagnitude: no automatic simulation
2026/06/27 14:50:03.708704 [Incident:Info:toast@toast-new:Origin updated] Origin updated: OT: 2026-06-27 07:47:21,  Lat/Lon: -8.9568°/111.156°, Depth: 10
2026/06/27 14:50:03.708882 [Incident:Info:toast@toast-new:Magnitude updated] Magnitude updated: 5.59 (M)
2026/06/27 14:50:03.708913 [Simulation:Info:toast@toast-new:Simulation not generated] Magnitude 5.59 of event bmg2026mlzl is smaller than triggerMinMagnitude: no automatic simulation
2026/06/27 14:50:07.260979 [Incident:Info:toast@toast-new:Origin updated] Origin updated: OT: 2026-06-27 07:47:21,  Lat/Lon: -8.9568°/111.156°, Depth: 10
2026/06/27 14:50:07.261126 [Incident:Info:toast@toast-new:Magnitude updated] Magnitude updated: 5.60 (M)
2026/06/27 14:50:07.261162 [Simulation:Info:toast@toast-new:Simulation not generated] Magnitude 5.60 of event bmg2026mlzl is smaller than triggerMinMagnitude: no automatic simulation
2026/06/27 14:50:12.338807 [Incident:Info:toast@toast-new:Origin updated] Origin updated: OT: 2026-06-27 07:47:21,  Lat/Lon: -8.9568°/111.156°, Depth: 10
2026/06/27 14:50:12.338995 [Incident:Info:toast@toast-new:Magnitude updated] Magnitude updated: 5.60 (M)
2026/06/27 14:50:12.339034 [Simulation:Info:toast@toast-new:Simulation not generated] Magnitude 5.60 of event bmg2026mlzl is smaller than triggerMinMagnitude: no automatic simulation
2026/06/27 14:50:17.365068 [Incident:Info:toast@toast-new:Origin updated] Origin updated: OT: 2026-06-27 07:47:21,  Lat/Lon: -8.9568°/111.156°, Depth: 10
2026/06/27 14:50:17.365245 [Incident:Info:toast@toast-new:Magnitude updated] Magnitude updated: 5.56 (M)
2026/06/27 14:50:17.365287 [Simulation:Info:toast@toast-new:Simulation not generated] Magnitude 5.56 of event bmg2026mlzl is smaller than triggerMinMagnitude: no automatic simulation
2026/06/27 14:50:17.865573 [Incident:Info:toast@toast-new:Origin updated] Origin updated: OT: 2026-06-27 07:47:21,  Lat/Lon: -8.9568°/111.156°, Depth: 10
2026/06/27 14:50:17.867186 [Incident:Info:toast@toast-new:FM updated] FM updated
2026/06/27 14:50:17.867452 [Simulation:Info:toast@toast-new:Simulation not generated] Magnitude 5.56 of event bmg2026mlzl is smaller than triggerMinMagnitude: no automatic simulation
2026/06/27 14:50:20.860672 [Incident:Info:toast@toast-new:Origin updated] Origin updated: OT: 2026-06-27 07:47:21,  Lat/Lon: -8.9568°/111.156°, Depth: 10
2026/06/27 14:50:20.860857 [Incident:Info:toast@toast-new:Magnitude updated] Magnitude updated: 5.56 (M)
2026/06/27 14:50:20.860902 [Simulation:Info:toast@toast-new:Simulation not generated] Magnitude 5.56 of event bmg2026mlzl is smaller than triggerMinMagnitude: no automatic simulation
2026/06/27 14:50:27.447715 [Incident:Info:toast@toast-new:Origin updated] Origin updated: OT: 2026-06-27 07:47:21,  Lat/Lon: -8.9568°/111.156°, Depth: 10
2026/06/27 14:50:27.447872 [Incident:Info:toast@toast-new:Magnitude updated] Magnitude updated: 5.56 (M)
2026/06/27 14:50:27.447902 [Simulation:Info:toast@toast-new:Simulation not generated] Magnitude 5.56 of event bmg2026mlzl is smaller than triggerMinMagnitude: no automatic simulation
2026/06/27 14:50:28.032808 [Incident:Info:toast@toast-new:Origin updated] Origin updated: OT: 2026-06-27 07:47:21,  Lat/Lon: -8.9568°/111.156°, Depth: 10
2026/06/27 14:50:28.033042 [Incident:Info:toast@toast-new:FM updated] FM updated
2026/06/27 14:50:28.033495 [Simulation:Info:toast@toast-new:Simulation not generated] Magnitude 5.56 of event bmg2026mlzl is smaller than triggerMinMagnitude: no automatic simulation
2026/06/27 14:50:32.456363 [Incident:Info:toast@toast-new:Origin updated] Origin updated: OT: 2026-06-27 07:47:21,  Lat/Lon: -8.9568°/111.156°, Depth: 10
2026/06/27 14:50:32.456539 [Incident:Info:toast@toast-new:Magnitude updated] Magnitude updated: 5.56 (M)
2026/06/27 14:50:32.456580 [Simulation:Info:toast@toast-new:Simulation not generated] Magnitude 5.56 of event bmg2026mlzl is smaller than triggerMinMagnitude: no automatic simulation
2026/06/27 14:50:33.428605 [Incident:Info:toast@toast-new:Origin updated] Origin updated: OT: 2026-06-27 07:47:21,  Lat/Lon: -8.9568°/111.156°, Depth: 10
2026/06/27 14:50:33.428795 [Incident:Info:toast@toast-new:FM updated] FM updated
2026/06/27 14:50:33.429073 [Simulation:Info:toast@toast-new:Simulation not generated] Magnitude 5.56 of event bmg2026mlzl is smaller than triggerMinMagnitude: no automatic simulation
2026/06/27 14:51:43.105529 [Incident:Info:toast@toast-new:Origin updated] Origin updated: OT: 2026-06-27 07:47:21,  Lat/Lon: -8.93657°/111.157°, Depth: 10
2026/06/27 14:51:43.105737 [Incident:Info:toast@toast-new:Magnitude updated] Magnitude updated: 5.59 (M)
2026/06/27 14:51:43.105779 [Simulation:Info:toast@toast-new:Simulation not generated] Magnitude 5.59 of event bmg2026mlzl is smaller than triggerMinMagnitude: no automatic simulation
2026/06/27 14:52:13.641735 [Incident:Info:toast@toast-new:Origin updated] Origin updated: OT: 2026-06-27 07:47:21,  Lat/Lon: -8.93657°/111.157°, Depth: 10
2026/06/27 14:52:13.641935 [Incident:Info:toast@toast-new:FM updated] FM updated
2026/06/27 14:52:13.642202 [Simulation:Info:toast@toast-new:Simulation not generated] Magnitude 5.59 of event bmg2026mlzl is smaller than triggerMinMagnitude: no automatic simulation
2026/06/27 14:52:22.251203 [Incident:Info:toast@toast-new:Origin updated] Origin updated: OT: 2026-06-27 07:47:21,  Lat/Lon: -8.93657°/111.157°, Depth: 10
2026/06/27 14:52:22.251405 [Incident:Info:toast@toast-new:Magnitude updated] Magnitude updated: 5.58 (M)
2026/06/27 14:52:22.251453 [Simulation:Info:toast@toast-new:Simulation not generated] Magnitude 5.58 of event bmg2026mlzl is smaller than triggerMinMagnitude: no automatic simulation
2026/06/27 14:53:14.760480 [Incident:Info:toast@toast-new:Origin updated] Origin updated: OT: 2026-06-27 07:47:22,  Lat/Lon: -9.05267°/111.107°, Depth: 52.5675
2026/06/27 14:53:14.760692 [Incident:Info:toast@toast-new:Magnitude updated] Magnitude updated: 5.13 (Mw(mB))
2026/06/27 14:53:14.760736 [Simulation:Info:toast@toast-new:Simulation not generated] Magnitude 5.13 of event bmg2026mlzl is smaller than triggerMinMagnitude: no automatic simulation
2026/06/27 14:53:14.939900 [Incident:Info:toast@toast-new:Origin updated] Origin updated: OT: 2026-06-27 07:47:22,  Lat/Lon: -9.05267°/111.107°, Depth: 52.5675
2026/06/27 14:53:14.976286 [Incident:Info:toast@toast-new:Magnitude updated] Magnitude updated: 5.12 (Mw(mB))
2026/06/27 14:53:14.976368 [Simulation:Info:toast@toast-new:Simulation not generated] Magnitude 5.12 of event bmg2026mlzl is smaller than triggerMinMagnitude: no automatic simulation
2026/06/27 14:53:17.274803 [Incident:Info:toast@toast-new:Origin updated] Origin updated: OT: 2026-06-27 07:47:22,  Lat/Lon: -9.05267°/111.107°, Depth: 52.5675
2026/06/27 14:53:17.275031 [Incident:Info:toast@toast-new:Magnitude updated] Magnitude updated: 5.12 (Mw(mB))
2026/06/27 14:53:17.275071 [Simulation:Info:toast@toast-new:Simulation not generated] Magnitude 5.12 of event bmg2026mlzl is smaller than triggerMinMagnitude: no automatic simulation
2026/06/27 14:53:41.103385 [Incident:Info:toast@toast-new:Origin updated] Origin updated: OT: 2026-06-27 07:47:22,  Lat/Lon: -9.05267°/111.107°, Depth: 52.5675
2026/06/27 14:53:41.103571 [Incident:Info:toast@toast-new:Magnitude updated] Magnitude updated: 5.30 (Mw)
2026/06/27 14:53:41.103633 [Simulation:Info:toast@toast-new:Simulation not generated] Magnitude 5.30 of event bmg2026mlzl is smaller than triggerMinMagnitude: no automatic simulation
2026/06/27 21:44:47.147404 [Incident:Info:toast@toast-new:Origin updated] Origin updated: OT: 2026-06-27 07:47:22,  Lat/Lon: -9.05267°/111.107°, Depth: 52.5675
2026/06/27 21:44:47.147601 [Incident:Info:toast@toast-new:Magnitude updated] Magnitude updated: 5.26 (Mw)
2026/06/27 21:44:47.147647 [Incident:Info:toast@toast-new:FM updated] FM updated
2026/06/27 21:44:47.147909 [Simulation:Info:toast@toast-new:Simulation not generated] Magnitude 5.26 of event bmg2026mlzl is smaller than triggerMinMagnitude: no automatic simulation
2026/06/27 22:01:28.169352 [Incident:Info:toast@toast-new:Origin updated] Origin updated: OT: 2026-06-27 07:47:23,  Lat/Lon: -8.98394°/111.146°, Depth: 51.8401
2026/06/27 22:01:28.169580 [Simulation:Info:toast@toast-new:Simulation not generated] Magnitude 5.26 of event bmg2026mlzl is smaller than triggerMinMagnitude: no automatic simulation
2026/06/27 22:01:57.002331 [Incident:Info:toast@toast-new:Origin updated] Origin updated: OT: 2026-06-27 07:47:23,  Lat/Lon: -8.97968°/111.158°, Depth: 53.2024
2026/06/27 22:01:57.002543 [Simulation:Info:toast@toast-new:Simulation not generated] Magnitude 5.26 of event bmg2026mlzl is smaller than triggerMinMagnitude: no automatic simulation
2026/06/29 13:27:51.289103 [Incident:Info:toast@toast-new:Origin updated] Origin updated: OT: 2026-06-27 07:47:23,  Lat/Lon: -8.97433°/111.158°, Depth: 50.646
2026/06/29 13:27:51.289331 [Incident:Info:toast@toast-new:FM updated] FM updated
2026/06/29 13:27:51.289592 [Simulation:Info:toast@toast-new:Simulation not generated] Magnitude 5.26 of event bmg2026mlzl is smaller than triggerMinMagnitude: no automatic simulation
2026/06/29 13:27:51.359160 [Incident:Info:toast@toast-new:Origin updated] Origin updated: OT: 2026-06-27 07:47:23,  Lat/Lon: -8.97433°/111.158°, Depth: 50.646
2026/06/29 13:27:51.359278 [Simulation:Info:toast@toast-new:Simulation not generated] Magnitude 5.26 of event bmg2026mlzl is smaller than triggerMinMagnitude: no automatic simulation
