2026/08/15 05:30:49.859981 [Incident:Info:toast@toast-new:Displacement(s) updated] Added 0 and changed 0 displacements with 0 amplitudes
2026/08/15 05:30:49.861099 [Incident:Info:toast@toast-new:Incident created] Incident created based on event received from messaging: OT: 2026-08-14 22:28:41,  Lat/Lon: -8.25°/121.63°, Depth: 9.22, Mag: 5.93 (M)
2026/08/15 05:30:49.861520 [Simulation:Info:toast@toast-new:Simulation not generated] Magnitude 5.93 of event bmg2026pwur is smaller than triggerMinMagnitude: no automatic simulation
2026/08/15 05:30:49.871872 [Incident:Info:toast@toast-new:Origin updated] Origin updated: OT: 2026-08-14 22:28:41,  Lat/Lon: -8.25187°/121.63°, Depth: 9.21619
2026/08/15 05:30:49.872015 [Simulation:Info:toast@toast-new:Simulation not generated] Magnitude 5.93 of event bmg2026pwur is smaller than triggerMinMagnitude: no automatic simulation
2026/08/15 05:30:54.775713 [Incident:Info:toast@toast-new:Origin updated] Origin updated: OT: 2026-08-14 22:28:41,  Lat/Lon: -8.25187°/121.63°, Depth: 9.21619
2026/08/15 05:30:54.775900 [Incident:Info:toast@toast-new:Magnitude updated] Magnitude updated: 5.93 (M)
2026/08/15 05:30:54.775944 [Simulation:Info:toast@toast-new:Simulation not generated] Magnitude 5.93 of event bmg2026pwur is smaller than triggerMinMagnitude: no automatic simulation
2026/08/15 05:30:59.747262 [Incident:Info:toast@toast-new:Origin updated] Origin updated: OT: 2026-08-14 22:28:41,  Lat/Lon: -8.25187°/121.63°, Depth: 9.21619
2026/08/15 05:30:59.747434 [Incident:Info:toast@toast-new:Magnitude updated] Magnitude updated: 5.94 (M)
2026/08/15 05:30:59.747471 [Simulation:Info:toast@toast-new:Simulation not generated] Magnitude 5.94 of event bmg2026pwur is smaller than triggerMinMagnitude: no automatic simulation
2026/08/15 05:31:00.857620 [Incident:Info:toast@toast-new:Origin updated] Origin updated: OT: 2026-08-14 22:28:41,  Lat/Lon: -8.25187°/121.63°, Depth: 9.21619
2026/08/15 05:31:00.857821 [Incident:Info:toast@toast-new:Magnitude updated] Magnitude updated: 5.94 (M)
2026/08/15 05:31:00.857869 [Simulation:Info:toast@toast-new:Simulation not generated] Magnitude 5.94 of event bmg2026pwur is smaller than triggerMinMagnitude: no automatic simulation
2026/08/15 05:31:00.878090 [Incident:Info:toast@toast-new:Origin updated] Origin updated: OT: 2026-08-14 22:28:40,  Lat/Lon: -8.32697°/121.513°, Depth: 10
2026/08/15 05:31:00.878236 [Incident:Info:toast@toast-new:Magnitude updated] Magnitude updated: 6.10 (M)
2026/08/15 05:31:00.878272 [Simulation:Info:toast@toast-new:Simulation not generated] Magnitude 6.10 of event bmg2026pwur is smaller than triggerMinMagnitude: no automatic simulation
2026/08/15 05:31:04.828386 [Incident:Info:toast@toast-new:Origin updated] Origin updated: OT: 2026-08-14 22:28:40,  Lat/Lon: -8.32697°/121.513°, Depth: 10
2026/08/15 05:31:04.828570 [Incident:Info:toast@toast-new:Magnitude updated] Magnitude updated: 6.11 (M)
2026/08/15 05:31:04.828601 [Simulation:Info:toast@toast-new:Simulation not generated] Magnitude 6.11 of event bmg2026pwur is smaller than triggerMinMagnitude: no automatic simulation
2026/08/15 05:31:07.313589 [Incident:Info:toast@toast-new:Origin updated] Origin updated: OT: 2026-08-14 22:28:40,  Lat/Lon: -8.32697°/121.513°, Depth: 10
2026/08/15 05:31:07.313741 [Incident:Info:toast@toast-new:Magnitude updated] Magnitude updated: 6.11 (M)
2026/08/15 05:31:07.313764 [Simulation:Info:toast@toast-new:Simulation not generated] Magnitude 6.11 of event bmg2026pwur is smaller than triggerMinMagnitude: no automatic simulation
2026/08/15 05:31:09.862216 [Incident:Info:toast@toast-new:Origin updated] Origin updated: OT: 2026-08-14 22:28:40,  Lat/Lon: -8.32697°/121.513°, Depth: 10
2026/08/15 05:31:09.862381 [Incident:Info:toast@toast-new:Magnitude updated] Magnitude updated: 6.12 (M)
2026/08/15 05:31:09.862422 [Simulation:Info:toast@toast-new:Simulation not generated] Magnitude 6.12 of event bmg2026pwur is smaller than triggerMinMagnitude: no automatic simulation
2026/08/15 05:31:14.745213 [Incident:Info:toast@toast-new:Origin updated] Origin updated: OT: 2026-08-14 22:28:40,  Lat/Lon: -8.32697°/121.513°, Depth: 10
2026/08/15 05:31:14.745427 [Incident:Info:toast@toast-new:Magnitude updated] Magnitude updated: 6.12 (M)
2026/08/15 05:31:14.745470 [Simulation:Info:toast@toast-new:Simulation not generated] Magnitude 6.12 of event bmg2026pwur is smaller than triggerMinMagnitude: no automatic simulation
2026/08/15 05:31:17.427126 [Incident:Info:toast@toast-new:Origin updated] Origin updated: OT: 2026-08-14 22:28:40,  Lat/Lon: -8.32697°/121.513°, Depth: 10
2026/08/15 05:31:17.427335 [Incident:Info:toast@toast-new:Magnitude updated] Magnitude updated: 6.12 (M)
2026/08/15 05:31:17.427380 [Simulation:Info:toast@toast-new:Simulation not generated] Magnitude 6.12 of event bmg2026pwur is smaller than triggerMinMagnitude: no automatic simulation
2026/08/15 05:31:17.447655 [Incident:Info:toast@toast-new:Origin updated] Origin updated: OT: 2026-08-14 22:28:40,  Lat/Lon: -8.33678°/121.542°, Depth: 10
2026/08/15 05:31:17.447773 [Incident:Info:toast@toast-new:Magnitude updated] Magnitude updated: 6.15 (M)
2026/08/15 05:31:17.447817 [Simulation:Info:toast@toast-new:Simulation not generated] Magnitude 6.15 of event bmg2026pwur is smaller than triggerMinMagnitude: no automatic simulation
2026/08/15 05:31:19.797164 [Incident:Info:toast@toast-new:Origin updated] Origin updated: OT: 2026-08-14 22:28:40,  Lat/Lon: -8.33678°/121.542°, Depth: 10
2026/08/15 05:31:19.797358 [Incident:Info:toast@toast-new:Magnitude updated] Magnitude updated: 6.15 (M)
2026/08/15 05:31:19.797407 [Simulation:Info:toast@toast-new:Simulation not generated] Magnitude 6.15 of event bmg2026pwur is smaller than triggerMinMagnitude: no automatic simulation
2026/08/15 05:31:24.748576 [Incident:Info:toast@toast-new:Origin updated] Origin updated: OT: 2026-08-14 22:28:40,  Lat/Lon: -8.33678°/121.542°, Depth: 10
2026/08/15 05:31:24.748760 [Incident:Info:toast@toast-new:Magnitude updated] Magnitude updated: 6.15 (M)
2026/08/15 05:31:24.748793 [Simulation:Info:toast@toast-new:Simulation not generated] Magnitude 6.15 of event bmg2026pwur is smaller than triggerMinMagnitude: no automatic simulation
2026/08/15 05:31:29.767700 [Incident:Info:toast@toast-new:Origin updated] Origin updated: OT: 2026-08-14 22:28:40,  Lat/Lon: -8.33678°/121.542°, Depth: 10
2026/08/15 05:31:29.767905 [Incident:Info:toast@toast-new:Magnitude updated] Magnitude updated: 6.16 (M)
2026/08/15 05:31:29.767953 [Simulation:Info:toast@toast-new:Simulation not generated] Magnitude 6.16 of event bmg2026pwur is smaller than triggerMinMagnitude: no automatic simulation
2026/08/15 05:31:32.889676 [Incident:Info:toast@toast-new:Origin updated] Origin updated: OT: 2026-08-14 22:28:40,  Lat/Lon: -8.33678°/121.542°, Depth: 10
2026/08/15 05:31:32.889872 [Incident:Info:toast@toast-new:Magnitude updated] Magnitude updated: 6.16 (M)
2026/08/15 05:31:32.889917 [Simulation:Info:toast@toast-new:Simulation not generated] Magnitude 6.16 of event bmg2026pwur is smaller than triggerMinMagnitude: no automatic simulation
2026/08/15 05:31:34.629515 [Incident:Info:toast@toast-new:Origin updated] Origin updated: OT: 2026-08-14 22:28:40,  Lat/Lon: -8.33678°/121.542°, Depth: 10
2026/08/15 05:31:34.629697 [Incident:Info:toast@toast-new:Magnitude updated] Magnitude updated: 6.16 (M)
2026/08/15 05:31:34.629740 [Simulation:Info:toast@toast-new:Simulation not generated] Magnitude 6.16 of event bmg2026pwur is smaller than triggerMinMagnitude: no automatic simulation
2026/08/15 05:31:36.874413 [Incident:Info:toast@toast-new:Origin updated] Origin updated: OT: 2026-08-14 22:28:40,  Lat/Lon: -8.33678°/121.542°, Depth: 10
2026/08/15 05:31:36.874572 [Incident:Info:toast@toast-new:Magnitude updated] Magnitude updated: 6.16 (M)
2026/08/15 05:31:36.874602 [Simulation:Info:toast@toast-new:Simulation not generated] Magnitude 6.16 of event bmg2026pwur is smaller than triggerMinMagnitude: no automatic simulation
2026/08/15 05:31:36.891578 [Incident:Info:toast@toast-new:Origin updated] Origin updated: OT: 2026-08-14 22:28:41,  Lat/Lon: -8.32017°/121.561°, Depth: 10
2026/08/15 05:31:36.891695 [Incident:Info:toast@toast-new:Magnitude updated] Magnitude updated: 6.19 (M)
2026/08/15 05:31:36.891727 [Simulation:Info:toast@toast-new:Simulation not generated] Magnitude 6.19 of event bmg2026pwur is smaller than triggerMinMagnitude: no automatic simulation
2026/08/15 05:31:44.835287 [Incident:Info:toast@toast-new:Origin updated] Origin updated: OT: 2026-08-14 22:28:41,  Lat/Lon: -8.32017°/121.561°, Depth: 10
2026/08/15 05:31:44.835482 [Incident:Info:toast@toast-new:Magnitude updated] Magnitude updated: 6.19 (M)
2026/08/15 05:31:44.835527 [Simulation:Info:toast@toast-new:Simulation not generated] Magnitude 6.19 of event bmg2026pwur is smaller than triggerMinMagnitude: no automatic simulation
2026/08/15 05:31:49.830278 [Incident:Info:toast@toast-new:Origin updated] Origin updated: OT: 2026-08-14 22:28:41,  Lat/Lon: -8.32017°/121.561°, Depth: 10
2026/08/15 05:31:49.830472 [Incident:Info:toast@toast-new:Magnitude updated] Magnitude updated: 6.20 (M)
2026/08/15 05:31:49.830519 [Simulation:Info:toast@toast-new:Simulation not generated] Magnitude 6.20 of event bmg2026pwur is smaller than triggerMinMagnitude: no automatic simulation
2026/08/15 05:31:54.717802 [Incident:Info:toast@toast-new:Origin updated] Origin updated: OT: 2026-08-14 22:28:41,  Lat/Lon: -8.32017°/121.561°, Depth: 10
2026/08/15 05:31:54.717986 [Incident:Info:toast@toast-new:Magnitude updated] Magnitude updated: 6.20 (M)
2026/08/15 05:31:54.718024 [Simulation:Info:toast@toast-new:Simulation not generated] Magnitude 6.20 of event bmg2026pwur is smaller than triggerMinMagnitude: no automatic simulation
2026/08/15 05:31:56.184255 [Incident:Info:toast@toast-new:Origin updated] Origin updated: OT: 2026-08-14 22:28:41,  Lat/Lon: -8.34332°/121.574°, Depth: 10
2026/08/15 05:31:56.184447 [Incident:Info:toast@toast-new:Magnitude updated] Magnitude updated: 6.21 (M)
2026/08/15 05:31:56.184491 [Simulation:Info:toast@toast-new:Simulation not generated] Magnitude 6.21 of event bmg2026pwur is smaller than triggerMinMagnitude: no automatic simulation
2026/08/15 05:32:04.226099 [Incident:Info:toast@toast-new:Origin updated] Origin updated: OT: 2026-08-14 22:28:41,  Lat/Lon: -8.34332°/121.574°, Depth: 10
2026/08/15 05:32:04.226265 [Incident:Info:toast@toast-new:Magnitude updated] Magnitude updated: 6.21 (M)
2026/08/15 05:32:04.226296 [Simulation:Info:toast@toast-new:Simulation not generated] Magnitude 6.21 of event bmg2026pwur is smaller than triggerMinMagnitude: no automatic simulation
2026/08/15 05:32:04.463218 [Incident:Info:toast@toast-new:Origin updated] Origin updated: OT: 2026-08-14 22:28:41,  Lat/Lon: -8.33393°/121.558°, Depth: 10
2026/08/15 05:32:04.463421 [Incident:Info:toast@toast-new:Magnitude updated] Magnitude updated: 6.20 (M)
2026/08/15 05:32:04.463469 [Simulation:Info:toast@toast-new:Simulation not generated] Magnitude 6.20 of event bmg2026pwur is smaller than triggerMinMagnitude: no automatic simulation
2026/08/15 05:32:04.751203 [Incident:Info:toast@toast-new:Origin updated] Origin updated: OT: 2026-08-14 22:28:41,  Lat/Lon: -8.33393°/121.558°, Depth: 10
2026/08/15 05:32:04.751384 [Incident:Info:toast@toast-new:Magnitude updated] Magnitude updated: 6.20 (M)
2026/08/15 05:32:04.751422 [Simulation:Info:toast@toast-new:Simulation not generated] Magnitude 6.20 of event bmg2026pwur is smaller than triggerMinMagnitude: no automatic simulation
2026/08/15 05:32:14.766443 [Incident:Info:toast@toast-new:Origin updated] Origin updated: OT: 2026-08-14 22:28:41,  Lat/Lon: -8.33393°/121.558°, Depth: 10
2026/08/15 05:32:14.766642 [Incident:Info:toast@toast-new:Magnitude updated] Magnitude updated: 6.20 (M)
2026/08/15 05:32:14.766688 [Simulation:Info:toast@toast-new:Simulation not generated] Magnitude 6.20 of event bmg2026pwur is smaller than triggerMinMagnitude: no automatic simulation
2026/08/15 05:32:16.796463 [Incident:Info:toast@toast-new:Origin updated] Origin updated: OT: 2026-08-14 22:28:41,  Lat/Lon: -8.33393°/121.558°, Depth: 10
2026/08/15 05:32:16.796658 [Incident:Info:toast@toast-new:FM updated] FM updated
2026/08/15 05:32:16.796942 [Simulation:Info:toast@toast-new:Simulation not generated] Magnitude 6.20 of event bmg2026pwur is smaller than triggerMinMagnitude: no automatic simulation
2026/08/15 05:32:19.686852 [Incident:Info:toast@toast-new:Origin updated] Origin updated: OT: 2026-08-14 22:28:41,  Lat/Lon: -8.33393°/121.558°, Depth: 10
2026/08/15 05:32:19.687043 [Incident:Info:toast@toast-new:Magnitude updated] Magnitude updated: 6.20 (M)
2026/08/15 05:32:19.687088 [Simulation:Info:toast@toast-new:Simulation not generated] Magnitude 6.20 of event bmg2026pwur is smaller than triggerMinMagnitude: no automatic simulation
2026/08/15 05:32:24.911105 [Incident:Info:toast@toast-new:Origin updated] Origin updated: OT: 2026-08-14 22:28:41,  Lat/Lon: -8.33393°/121.558°, Depth: 10
2026/08/15 05:32:24.911306 [Incident:Info:toast@toast-new:Magnitude updated] Magnitude updated: 6.20 (M)
2026/08/15 05:32:24.911342 [Simulation:Info:toast@toast-new:Simulation not generated] Magnitude 6.20 of event bmg2026pwur is smaller than triggerMinMagnitude: no automatic simulation
2026/08/15 05:32:25.842681 [Incident:Info:toast@toast-new:Origin updated] Origin updated: OT: 2026-08-14 22:28:41,  Lat/Lon: -8.33393°/121.558°, Depth: 10
2026/08/15 05:32:25.842877 [Incident:Info:toast@toast-new:FM updated] FM updated
2026/08/15 05:32:25.843164 [Simulation:Info:toast@toast-new:Simulation not generated] Magnitude 6.20 of event bmg2026pwur is smaller than triggerMinMagnitude: no automatic simulation
2026/08/15 05:32:27.945459 [Incident:Info:toast@toast-new:Origin updated] Origin updated: OT: 2026-08-14 22:28:41,  Lat/Lon: -8.33393°/121.558°, Depth: 10
2026/08/15 05:32:27.945664 [Incident:Info:toast@toast-new:Magnitude updated] Magnitude updated: 6.20 (M)
2026/08/15 05:32:27.945704 [Simulation:Info:toast@toast-new:Simulation not generated] Magnitude 6.20 of event bmg2026pwur is smaller than triggerMinMagnitude: no automatic simulation
2026/08/15 05:32:29.811322 [Incident:Info:toast@toast-new:Origin updated] Origin updated: OT: 2026-08-14 22:28:41,  Lat/Lon: -8.33393°/121.558°, Depth: 10
2026/08/15 05:32:29.811497 [Incident:Info:toast@toast-new:Magnitude updated] Magnitude updated: 6.20 (M)
2026/08/15 05:32:29.811529 [Simulation:Info:toast@toast-new:Simulation not generated] Magnitude 6.20 of event bmg2026pwur is smaller than triggerMinMagnitude: no automatic simulation
2026/08/15 05:32:34.810251 [Incident:Info:toast@toast-new:Origin updated] Origin updated: OT: 2026-08-14 22:28:41,  Lat/Lon: -8.33393°/121.558°, Depth: 10
2026/08/15 05:32:34.810450 [Incident:Info:toast@toast-new:Magnitude updated] Magnitude updated: 6.20 (M)
2026/08/15 05:32:34.810496 [Simulation:Info:toast@toast-new:Simulation not generated] Magnitude 6.20 of event bmg2026pwur is smaller than triggerMinMagnitude: no automatic simulation
2026/08/15 05:32:35.591077 [Incident:Info:toast@toast-new:Origin updated] Origin updated: OT: 2026-08-14 22:28:41,  Lat/Lon: -8.33393°/121.558°, Depth: 10
2026/08/15 05:32:35.591249 [Simulation:Info:toast@toast-new:Simulation not generated] Magnitude 6.20 of event bmg2026pwur is smaller than triggerMinMagnitude: no automatic simulation
2026/08/15 05:32:44.863367 [Incident:Info:toast@toast-new:Origin updated] Origin updated: OT: 2026-08-14 22:28:41,  Lat/Lon: -8.33393°/121.558°, Depth: 10
2026/08/15 05:32:44.863564 [Incident:Info:toast@toast-new:Magnitude updated] Magnitude updated: 6.21 (M)
2026/08/15 05:32:44.863611 [Simulation:Info:toast@toast-new:Simulation not generated] Magnitude 6.21 of event bmg2026pwur is smaller than triggerMinMagnitude: no automatic simulation
2026/08/15 05:32:45.969085 [Incident:Info:toast@toast-new:Origin updated] Origin updated: OT: 2026-08-14 22:28:41,  Lat/Lon: -8.33393°/121.558°, Depth: 10
2026/08/15 05:32:45.969253 [Incident:Info:toast@toast-new:FM updated] FM updated
2026/08/15 05:32:45.969494 [Simulation:Info:toast@toast-new:Simulation not generated] Magnitude 6.21 of event bmg2026pwur is smaller than triggerMinMagnitude: no automatic simulation
2026/08/15 05:32:49.873886 [Incident:Info:toast@toast-new:Origin updated] Origin updated: OT: 2026-08-14 22:28:41,  Lat/Lon: -8.33393°/121.558°, Depth: 10
2026/08/15 05:32:49.874088 [Incident:Info:toast@toast-new:Magnitude updated] Magnitude updated: 6.21 (M)
2026/08/15 05:32:49.874131 [Simulation:Info:toast@toast-new:Simulation not generated] Magnitude 6.21 of event bmg2026pwur is smaller than triggerMinMagnitude: no automatic simulation
2026/08/15 05:32:54.924553 [Incident:Info:toast@toast-new:Origin updated] Origin updated: OT: 2026-08-14 22:28:41,  Lat/Lon: -8.33393°/121.558°, Depth: 10
2026/08/15 05:32:54.924844 [Incident:Info:toast@toast-new:Magnitude updated] Magnitude updated: 6.21 (M)
2026/08/15 05:32:54.924928 [Simulation:Info:toast@toast-new:Simulation not generated] Magnitude 6.21 of event bmg2026pwur is smaller than triggerMinMagnitude: no automatic simulation
2026/08/15 05:32:59.874285 [Incident:Info:toast@toast-new:Origin updated] Origin updated: OT: 2026-08-14 22:28:41,  Lat/Lon: -8.33393°/121.558°, Depth: 10
2026/08/15 05:32:59.874469 [Incident:Info:toast@toast-new:Magnitude updated] Magnitude updated: 6.21 (M)
2026/08/15 05:32:59.874514 [Simulation:Info:toast@toast-new:Simulation not generated] Magnitude 6.21 of event bmg2026pwur is smaller than triggerMinMagnitude: no automatic simulation
2026/08/15 05:33:05.891171 [Incident:Info:toast@toast-new:Origin updated] Origin updated: OT: 2026-08-14 22:28:41,  Lat/Lon: -8.33393°/121.558°, Depth: 10
2026/08/15 05:33:05.891475 [Incident:Info:toast@toast-new:FM updated] FM updated
2026/08/15 05:33:05.891679 [Simulation:Info:toast@toast-new:Simulation not generated] Magnitude 6.21 of event bmg2026pwur is smaller than triggerMinMagnitude: no automatic simulation
2026/08/15 05:33:09.784551 [Incident:Info:toast@toast-new:Origin updated] Origin updated: OT: 2026-08-14 22:28:41,  Lat/Lon: -8.33393°/121.558°, Depth: 10
2026/08/15 05:33:09.784798 [Incident:Info:toast@toast-new:Magnitude updated] Magnitude updated: 6.21 (M)
2026/08/15 05:33:09.784863 [Simulation:Info:toast@toast-new:Simulation not generated] Magnitude 6.21 of event bmg2026pwur is smaller than triggerMinMagnitude: no automatic simulation
2026/08/15 05:33:16.104335 [Incident:Info:toast@toast-new:Origin updated] Origin updated: OT: 2026-08-14 22:28:41,  Lat/Lon: -8.33393°/121.558°, Depth: 10
2026/08/15 05:33:16.104622 [Incident:Info:toast@toast-new:FM updated] FM updated
2026/08/15 05:33:16.104832 [Simulation:Info:toast@toast-new:Simulation not generated] Magnitude 6.21 of event bmg2026pwur is smaller than triggerMinMagnitude: no automatic simulation
2026/08/15 05:33:25.976874 [Incident:Info:toast@toast-new:Origin updated] Origin updated: OT: 2026-08-14 22:28:41,  Lat/Lon: -8.33393°/121.558°, Depth: 10
2026/08/15 05:33:25.977222 [Incident:Info:toast@toast-new:FM updated] FM updated
2026/08/15 05:33:25.977471 [Simulation:Info:toast@toast-new:Simulation not generated] Magnitude 6.21 of event bmg2026pwur is smaller than triggerMinMagnitude: no automatic simulation
2026/08/15 05:33:56.070412 [Incident:Info:toast@toast-new:Origin updated] Origin updated: OT: 2026-08-14 22:28:41,  Lat/Lon: -8.33393°/121.558°, Depth: 10
2026/08/15 05:33:56.070705 [Incident:Info:toast@toast-new:FM updated] FM updated
2026/08/15 05:33:56.070982 [Simulation:Info:toast@toast-new:Simulation not generated] Magnitude 6.21 of event bmg2026pwur is smaller than triggerMinMagnitude: no automatic simulation
2026/08/15 05:34:06.099510 [Incident:Info:toast@toast-new:Origin updated] Origin updated: OT: 2026-08-14 22:28:41,  Lat/Lon: -8.33393°/121.558°, Depth: 10
2026/08/15 05:34:06.099800 [Incident:Info:toast@toast-new:FM updated] FM updated
2026/08/15 05:34:06.100072 [Simulation:Info:toast@toast-new:Simulation not generated] Magnitude 6.21 of event bmg2026pwur is smaller than triggerMinMagnitude: no automatic simulation
2026/08/15 05:34:16.097496 [Incident:Info:toast@toast-new:Origin updated] Origin updated: OT: 2026-08-14 22:28:41,  Lat/Lon: -8.33393°/121.558°, Depth: 10
2026/08/15 05:34:16.097837 [Incident:Info:toast@toast-new:FM updated] FM updated
2026/08/15 05:34:16.098093 [Simulation:Info:toast@toast-new:Simulation not generated] Magnitude 6.21 of event bmg2026pwur is smaller than triggerMinMagnitude: no automatic simulation
2026/08/15 05:34:26.213174 [Incident:Info:toast@toast-new:Origin updated] Origin updated: OT: 2026-08-14 22:28:41,  Lat/Lon: -8.33393°/121.558°, Depth: 10
2026/08/15 05:34:26.213486 [Simulation:Info:toast@toast-new:Simulation not generated] Magnitude 6.21 of event bmg2026pwur is smaller than triggerMinMagnitude: no automatic simulation
2026/08/15 05:34:36.203522 [Incident:Info:toast@toast-new:Origin updated] Origin updated: OT: 2026-08-14 22:28:41,  Lat/Lon: -8.33393°/121.558°, Depth: 10
2026/08/15 05:34:36.203830 [Incident:Info:toast@toast-new:FM updated] FM updated
2026/08/15 05:34:36.204098 [Simulation:Info:toast@toast-new:Simulation not generated] Magnitude 6.21 of event bmg2026pwur is smaller than triggerMinMagnitude: no automatic simulation
2026/08/15 05:34:46.294663 [Incident:Info:toast@toast-new:Origin updated] Origin updated: OT: 2026-08-14 22:28:41,  Lat/Lon: -8.33393°/121.558°, Depth: 10
2026/08/15 05:34:46.295000 [Incident:Info:toast@toast-new:FM updated] FM updated
2026/08/15 05:34:46.295291 [Simulation:Info:toast@toast-new:Simulation not generated] Magnitude 6.21 of event bmg2026pwur is smaller than triggerMinMagnitude: no automatic simulation
2026/08/15 05:34:57.621877 [Incident:Info:toast@toast-new:Origin updated] Origin updated: OT: 2026-08-14 22:28:41,  Lat/Lon: -8.33393°/121.558°, Depth: 10
2026/08/15 05:34:57.622189 [Incident:Info:toast@toast-new:FM updated] FM updated
2026/08/15 05:34:57.622452 [Simulation:Info:toast@toast-new:Simulation not generated] Magnitude 6.21 of event bmg2026pwur is smaller than triggerMinMagnitude: no automatic simulation
2026/08/15 05:35:27.156934 [Incident:Info:toast@toast-new:Origin updated] Origin updated: OT: 2026-08-14 22:28:41,  Lat/Lon: -8.33393°/121.558°, Depth: 10
2026/08/15 05:35:27.157197 [Incident:Info:toast@toast-new:FM updated] FM updated
2026/08/15 05:35:27.157442 [Simulation:Info:toast@toast-new:Simulation not generated] Magnitude 6.21 of event bmg2026pwur is smaller than triggerMinMagnitude: no automatic simulation
2026/08/15 05:35:47.323287 [Incident:Info:toast@toast-new:Origin updated] Origin updated: OT: 2026-08-14 22:28:41,  Lat/Lon: -8.33393°/121.558°, Depth: 10
2026/08/15 05:35:47.323559 [Incident:Info:toast@toast-new:FM updated] FM updated
2026/08/15 05:35:47.323790 [Simulation:Info:toast@toast-new:Simulation not generated] Magnitude 6.21 of event bmg2026pwur is smaller than triggerMinMagnitude: no automatic simulation
2026/08/15 05:35:58.183669 [Incident:Info:toast@toast-new:Origin updated] Origin updated: OT: 2026-08-14 22:28:41,  Lat/Lon: -8.33393°/121.558°, Depth: 10
2026/08/15 05:35:58.183863 [Incident:Info:toast@toast-new:FM updated] FM updated
2026/08/15 05:35:58.184042 [Simulation:Info:toast@toast-new:Simulation not generated] Magnitude 6.21 of event bmg2026pwur is smaller than triggerMinMagnitude: no automatic simulation
2026/08/15 05:35:59.959466 [Incident:Info:toast@toast-new:Origin updated] Origin updated: OT: 2026-08-14 22:28:41,  Lat/Lon: -8.32065°/121.568°, Depth: 10
2026/08/15 05:35:59.959729 [Incident:Info:toast@toast-new:Magnitude updated] Magnitude updated: 6.25 (M)
2026/08/15 05:35:59.959807 [Simulation:Info:toast@toast-new:Simulation not generated] Magnitude 6.25 of event bmg2026pwur is smaller than triggerMinMagnitude: no automatic simulation
2026/08/15 05:36:10.852487 [Incident:Info:toast@toast-new:Origin updated] Origin updated: OT: 2026-08-14 22:28:41,  Lat/Lon: -8.32065°/121.568°, Depth: 10
2026/08/15 05:36:10.852796 [Incident:Info:toast@toast-new:FM updated] FM updated
2026/08/15 05:36:10.853069 [Simulation:Info:toast@toast-new:Simulation not generated] Magnitude 6.25 of event bmg2026pwur is smaller than triggerMinMagnitude: no automatic simulation
2026/08/15 05:36:29.639475 [Incident:Info:toast@toast-new:Origin updated] Origin updated: OT: 2026-08-14 22:28:41,  Lat/Lon: -8.32065°/121.568°, Depth: 10
2026/08/15 05:36:29.639787 [Incident:Info:toast@toast-new:Magnitude updated] Magnitude updated: 6.19 (M)
2026/08/15 05:36:29.639912 [Simulation:Info:toast@toast-new:Simulation not generated] Magnitude 6.19 of event bmg2026pwur is smaller than triggerMinMagnitude: no automatic simulation
2026/08/15 05:36:30.731617 [Incident:Info:toast@toast-new:Origin updated] Origin updated: OT: 2026-08-14 22:28:41,  Lat/Lon: -8.32065°/121.568°, Depth: 10
2026/08/15 05:36:30.731853 [Incident:Info:toast@toast-new:FM updated] FM updated
2026/08/15 05:36:30.732075 [Simulation:Info:toast@toast-new:Simulation not generated] Magnitude 6.19 of event bmg2026pwur is smaller than triggerMinMagnitude: no automatic simulation
2026/08/15 05:36:41.151383 [Incident:Info:toast@toast-new:Origin updated] Origin updated: OT: 2026-08-14 22:28:41,  Lat/Lon: -8.32065°/121.568°, Depth: 10
2026/08/15 05:36:41.151690 [Incident:Info:toast@toast-new:FM updated] FM updated
2026/08/15 05:36:41.151966 [Simulation:Info:toast@toast-new:Simulation not generated] Magnitude 6.19 of event bmg2026pwur is smaller than triggerMinMagnitude: no automatic simulation
2026/08/15 05:36:50.102680 [Incident:Info:toast@toast-new:Origin updated] Origin updated: OT: 2026-08-14 22:28:41,  Lat/Lon: -8.32065°/121.568°, Depth: 10
2026/08/15 05:36:50.102984 [Incident:Info:toast@toast-new:FM updated] FM updated
2026/08/15 05:36:50.103268 [Simulation:Info:toast@toast-new:Simulation not generated] Magnitude 6.19 of event bmg2026pwur is smaller than triggerMinMagnitude: no automatic simulation
2026/08/15 05:36:59.492354 [Incident:Info:toast@toast-new:Origin updated] Origin updated: OT: 2026-08-14 22:28:41,  Lat/Lon: -8.32065°/121.568°, Depth: 10
2026/08/15 05:36:59.492636 [Incident:Info:toast@toast-new:FM updated] FM updated
2026/08/15 05:36:59.492901 [Simulation:Info:toast@toast-new:Simulation not generated] Magnitude 6.19 of event bmg2026pwur is smaller than triggerMinMagnitude: no automatic simulation
2026/08/15 05:37:10.405394 [Incident:Info:toast@toast-new:Origin updated] Origin updated: OT: 2026-08-14 22:28:41,  Lat/Lon: -8.32065°/121.568°, Depth: 10
2026/08/15 05:37:10.405689 [Incident:Info:toast@toast-new:FM updated] FM updated
2026/08/15 05:37:10.405957 [Simulation:Info:toast@toast-new:Simulation not generated] Magnitude 6.19 of event bmg2026pwur is smaller than triggerMinMagnitude: no automatic simulation
2026/08/15 05:37:19.738202 [Incident:Info:toast@toast-new:Origin updated] Origin updated: OT: 2026-08-14 22:28:41,  Lat/Lon: -8.32065°/121.568°, Depth: 10
2026/08/15 05:37:19.738485 [Incident:Info:toast@toast-new:FM updated] FM updated
2026/08/15 05:37:19.738750 [Simulation:Info:toast@toast-new:Simulation not generated] Magnitude 6.19 of event bmg2026pwur is smaller than triggerMinMagnitude: no automatic simulation
2026/08/15 05:37:30.144621 [Incident:Info:toast@toast-new:Origin updated] Origin updated: OT: 2026-08-14 22:28:41,  Lat/Lon: -8.32065°/121.568°, Depth: 10
2026/08/15 05:37:30.144952 [Incident:Info:toast@toast-new:FM updated] FM updated
2026/08/15 05:37:30.145248 [Simulation:Info:toast@toast-new:Simulation not generated] Magnitude 6.19 of event bmg2026pwur is smaller than triggerMinMagnitude: no automatic simulation
2026/08/15 05:37:40.080940 [Incident:Info:toast@toast-new:Origin updated] Origin updated: OT: 2026-08-14 22:28:41,  Lat/Lon: -8.32065°/121.568°, Depth: 10
2026/08/15 05:37:40.081256 [Incident:Info:toast@toast-new:FM updated] FM updated
2026/08/15 05:37:40.081526 [Simulation:Info:toast@toast-new:Simulation not generated] Magnitude 6.19 of event bmg2026pwur is smaller than triggerMinMagnitude: no automatic simulation
2026/08/15 05:37:50.393382 [Incident:Info:toast@toast-new:Origin updated] Origin updated: OT: 2026-08-14 22:28:41,  Lat/Lon: -8.32065°/121.568°, Depth: 10
2026/08/15 05:37:50.393642 [Incident:Info:toast@toast-new:FM updated] FM updated
2026/08/15 05:37:50.393850 [Simulation:Info:toast@toast-new:Simulation not generated] Magnitude 6.19 of event bmg2026pwur is smaller than triggerMinMagnitude: no automatic simulation
2026/08/15 05:38:00.623465 [Incident:Info:toast@toast-new:Origin updated] Origin updated: OT: 2026-08-14 22:28:41,  Lat/Lon: -8.32065°/121.568°, Depth: 10
2026/08/15 05:38:00.623781 [Simulation:Info:toast@toast-new:Simulation not generated] Magnitude 6.19 of event bmg2026pwur is smaller than triggerMinMagnitude: no automatic simulation
2026/08/15 05:38:10.749075 [Incident:Info:toast@toast-new:Origin updated] Origin updated: OT: 2026-08-14 22:28:41,  Lat/Lon: -8.32065°/121.568°, Depth: 10
2026/08/15 05:38:10.749345 [Incident:Info:toast@toast-new:FM updated] FM updated
2026/08/15 05:38:10.749553 [Simulation:Info:toast@toast-new:Simulation not generated] Magnitude 6.19 of event bmg2026pwur is smaller than triggerMinMagnitude: no automatic simulation
2026/08/15 05:38:21.076640 [Incident:Info:toast@toast-new:Origin updated] Origin updated: OT: 2026-08-14 22:28:41,  Lat/Lon: -8.32065°/121.568°, Depth: 10
2026/08/15 05:38:21.076960 [Simulation:Info:toast@toast-new:Simulation not generated] Magnitude 6.19 of event bmg2026pwur is smaller than triggerMinMagnitude: no automatic simulation
2026/08/15 05:38:30.862163 [Incident:Info:toast@toast-new:Origin updated] Origin updated: OT: 2026-08-14 22:28:41,  Lat/Lon: -8.32065°/121.568°, Depth: 10
2026/08/15 05:38:30.862432 [Simulation:Info:toast@toast-new:Simulation not generated] Magnitude 6.19 of event bmg2026pwur is smaller than triggerMinMagnitude: no automatic simulation
2026/08/15 06:03:52.644051 [Incident:Info:toast@toast-new:Origin updated] Origin updated: OT: 2026-08-14 22:28:41,  Lat/Lon: -8.32065°/121.568°, Depth: 10
2026/08/15 06:03:52.644266 [Incident:Info:toast@toast-new:FM updated] FM updated
2026/08/15 06:03:52.644484 [Simulation:Info:toast@toast-new:Simulation not generated] Magnitude 6.19 of event bmg2026pwur is smaller than triggerMinMagnitude: no automatic simulation
2026/08/15 06:15:15.632740 [Incident:Info:toast@toast-new:Origin updated] Origin updated: OT: 2026-08-14 22:28:41,  Lat/Lon: -8.32065°/121.568°, Depth: 10
2026/08/15 06:15:15.632991 [Simulation:Info:toast@toast-new:Simulation not generated] Magnitude 6.19 of event bmg2026pwur is smaller than triggerMinMagnitude: no automatic simulation
2026/08/15 06:15:15.654839 [Incident:Info:toast@toast-new:Origin updated] Origin updated: OT: 2026-08-14 22:28:41,  Lat/Lon: -8.32065°/121.568°, Depth: 10
2026/08/15 06:15:15.655016 [Incident:Info:toast@toast-new:Magnitude updated] Magnitude updated: 6.25 (Mw)
2026/08/15 06:15:15.655068 [Simulation:Info:toast@toast-new:Simulation not generated] Magnitude 6.25 of event bmg2026pwur is smaller than triggerMinMagnitude: no automatic simulation
