2026/06/08 07:56:05.923923 [Incident:Info:toast@toast-new:Displacement(s) updated] Added 0 and changed 0 displacements with 0 amplitudes
2026/06/08 07:56:05.927375 [Incident:Info:toast@toast-new:Incident created] Incident created based on event received from messaging: OT: 2026-06-08 00:53:09,  Lat/Lon: 4.84°/124.81°, Depth: 115.16, Mag: 5.25 (M)
2026/06/08 07:56:05.927967 [Simulation:Info:toast@toast-new:Simulation not generated] Magnitude 5.25 of event bmg2026lctg is smaller than triggerMinMagnitude: no automatic simulation
2026/06/08 07:56:05.946456 [Incident:Info:toast@toast-new:Origin updated] Origin updated: OT: 2026-06-08 00:53:09,  Lat/Lon: 4.83783°/124.807°, Depth: 115.156
2026/06/08 07:56:05.946594 [Simulation:Info:toast@toast-new:Simulation not generated] Magnitude 5.25 of event bmg2026lctg is smaller than triggerMinMagnitude: no automatic simulation
2026/06/08 07:56:08.924824 [Incident:Info:toast@toast-new:Origin updated] Origin updated: OT: 2026-06-08 00:53:09,  Lat/Lon: 4.83783°/124.807°, Depth: 115.156
2026/06/08 07:56:08.924975 [Incident:Info:toast@toast-new:Magnitude updated] Magnitude updated: 5.26 (M)
2026/06/08 07:56:08.925014 [Simulation:Info:toast@toast-new:Simulation not generated] Magnitude 5.26 of event bmg2026lctg is smaller than triggerMinMagnitude: no automatic simulation
2026/06/08 07:56:13.944481 [Incident:Info:toast@toast-new:Origin updated] Origin updated: OT: 2026-06-08 00:53:09,  Lat/Lon: 4.83783°/124.807°, Depth: 115.156
2026/06/08 07:56:13.944661 [Incident:Info:toast@toast-new:Magnitude updated] Magnitude updated: 5.26 (M)
2026/06/08 07:56:13.944707 [Simulation:Info:toast@toast-new:Simulation not generated] Magnitude 5.26 of event bmg2026lctg is smaller than triggerMinMagnitude: no automatic simulation
2026/06/08 07:56:23.943163 [Incident:Info:toast@toast-new:Origin updated] Origin updated: OT: 2026-06-08 00:53:09,  Lat/Lon: 4.83783°/124.807°, Depth: 115.156
2026/06/08 07:56:23.943323 [Incident:Info:toast@toast-new:Magnitude updated] Magnitude updated: 5.26 (M)
2026/06/08 07:56:23.943365 [Simulation:Info:toast@toast-new:Simulation not generated] Magnitude 5.26 of event bmg2026lctg is smaller than triggerMinMagnitude: no automatic simulation
2026/06/08 07:56:24.147422 [Incident:Info:toast@toast-new:Origin updated] Origin updated: OT: 2026-06-08 00:53:09,  Lat/Lon: 4.82237°/124.799°, Depth: 107.923
2026/06/08 07:56:24.147605 [Incident:Info:toast@toast-new:Magnitude updated] Magnitude updated: 5.25 (M)
2026/06/08 07:56:24.147638 [Simulation:Info:toast@toast-new:Simulation not generated] Magnitude 5.25 of event bmg2026lctg is smaller than triggerMinMagnitude: no automatic simulation
2026/06/08 07:56:28.818874 [Incident:Info:toast@toast-new:Origin updated] Origin updated: OT: 2026-06-08 00:53:09,  Lat/Lon: 4.82237°/124.799°, Depth: 107.923
2026/06/08 07:56:28.819072 [Incident:Info:toast@toast-new:Magnitude updated] Magnitude updated: 5.29 (M)
2026/06/08 07:56:28.819118 [Simulation:Info:toast@toast-new:Simulation not generated] Magnitude 5.29 of event bmg2026lctg is smaller than triggerMinMagnitude: no automatic simulation
2026/06/08 07:56:33.961556 [Incident:Info:toast@toast-new:Origin updated] Origin updated: OT: 2026-06-08 00:53:09,  Lat/Lon: 4.82237°/124.799°, Depth: 107.923
2026/06/08 07:56:33.961745 [Incident:Info:toast@toast-new:Magnitude updated] Magnitude updated: 5.34 (M)
2026/06/08 07:56:33.961791 [Simulation:Info:toast@toast-new:Simulation not generated] Magnitude 5.34 of event bmg2026lctg is smaller than triggerMinMagnitude: no automatic simulation
2026/06/08 07:56:38.959143 [Incident:Info:toast@toast-new:Origin updated] Origin updated: OT: 2026-06-08 00:53:09,  Lat/Lon: 4.82237°/124.799°, Depth: 107.923
2026/06/08 07:56:38.959318 [Incident:Info:toast@toast-new:Magnitude updated] Magnitude updated: 5.38 (M)
2026/06/08 07:56:38.959362 [Simulation:Info:toast@toast-new:Simulation not generated] Magnitude 5.38 of event bmg2026lctg is smaller than triggerMinMagnitude: no automatic simulation
2026/06/08 07:56:43.969338 [Incident:Info:toast@toast-new:Origin updated] Origin updated: OT: 2026-06-08 00:53:09,  Lat/Lon: 4.82237°/124.799°, Depth: 107.923
2026/06/08 07:56:43.969550 [Incident:Info:toast@toast-new:Magnitude updated] Magnitude updated: 5.45 (M)
2026/06/08 07:56:43.969600 [Simulation:Info:toast@toast-new:Simulation not generated] Magnitude 5.45 of event bmg2026lctg is smaller than triggerMinMagnitude: no automatic simulation
2026/06/08 07:56:47.824829 [Incident:Info:toast@toast-new:Origin updated] Origin updated: OT: 2026-06-08 00:53:09,  Lat/Lon: 4.77126°/124.811°, Depth: 91.4548
2026/06/08 07:56:47.825018 [Incident:Info:toast@toast-new:Magnitude updated] Magnitude updated: 5.44 (M)
2026/06/08 07:56:47.825050 [Simulation:Info:toast@toast-new:Simulation not generated] Magnitude 5.44 of event bmg2026lctg is smaller than triggerMinMagnitude: no automatic simulation
2026/06/08 07:56:48.957433 [Incident:Info:toast@toast-new:Origin updated] Origin updated: OT: 2026-06-08 00:53:09,  Lat/Lon: 4.77126°/124.811°, Depth: 91.4548
2026/06/08 07:56:48.957611 [Incident:Info:toast@toast-new:Magnitude updated] Magnitude updated: 5.47 (M)
2026/06/08 07:56:48.957655 [Simulation:Info:toast@toast-new:Simulation not generated] Magnitude 5.47 of event bmg2026lctg is smaller than triggerMinMagnitude: no automatic simulation
2026/06/08 07:56:53.973106 [Incident:Info:toast@toast-new:Origin updated] Origin updated: OT: 2026-06-08 00:53:09,  Lat/Lon: 4.77126°/124.811°, Depth: 91.4548
2026/06/08 07:56:53.973286 [Incident:Info:toast@toast-new:Magnitude updated] Magnitude updated: 5.52 (M)
2026/06/08 07:56:53.973327 [Simulation:Info:toast@toast-new:Simulation not generated] Magnitude 5.52 of event bmg2026lctg is smaller than triggerMinMagnitude: no automatic simulation
2026/06/08 07:56:58.499402 [Incident:Info:toast@toast-new:Origin updated] Origin updated: OT: 2026-06-08 00:53:09,  Lat/Lon: 4.78747°/124.85°, Depth: 123.723
2026/06/08 07:56:58.499602 [Incident:Info:toast@toast-new:Magnitude updated] Magnitude updated: 5.56 (M)
2026/06/08 07:56:58.499647 [Simulation:Info:toast@toast-new:Simulation not generated] Magnitude 5.56 of event bmg2026lctg is smaller than triggerMinMagnitude: no automatic simulation
2026/06/08 07:56:58.967632 [Incident:Info:toast@toast-new:Origin updated] Origin updated: OT: 2026-06-08 00:53:09,  Lat/Lon: 4.78747°/124.85°, Depth: 123.723
2026/06/08 07:56:58.967809 [Incident:Info:toast@toast-new:Magnitude updated] Magnitude updated: 5.57 (M)
2026/06/08 07:56:58.967856 [Simulation:Info:toast@toast-new:Simulation not generated] Magnitude 5.57 of event bmg2026lctg is smaller than triggerMinMagnitude: no automatic simulation
2026/06/08 07:57:04.010534 [Incident:Info:toast@toast-new:Origin updated] Origin updated: OT: 2026-06-08 00:53:09,  Lat/Lon: 4.78747°/124.85°, Depth: 123.723
2026/06/08 07:57:04.010718 [Incident:Info:toast@toast-new:Magnitude updated] Magnitude updated: 5.61 (M)
2026/06/08 07:57:04.010765 [Simulation:Info:toast@toast-new:Simulation not generated] Magnitude 5.61 of event bmg2026lctg is smaller than triggerMinMagnitude: no automatic simulation
2026/06/08 07:57:08.971222 [Incident:Info:toast@toast-new:Origin updated] Origin updated: OT: 2026-06-08 00:53:09,  Lat/Lon: 4.78747°/124.85°, Depth: 123.723
2026/06/08 07:57:08.971395 [Incident:Info:toast@toast-new:Magnitude updated] Magnitude updated: 5.61 (M)
2026/06/08 07:57:08.971433 [Simulation:Info:toast@toast-new:Simulation not generated] Magnitude 5.61 of event bmg2026lctg is smaller than triggerMinMagnitude: no automatic simulation
2026/06/08 07:57:12.058875 [Incident:Info:toast@toast-new:Origin updated] Origin updated: OT: 2026-06-08 00:53:09,  Lat/Lon: 4.72282°/124.835°, Depth: 141.099
2026/06/08 07:57:12.059126 [Incident:Info:toast@toast-new:Magnitude updated] Magnitude updated: 5.59 (M)
2026/06/08 07:57:12.059171 [Simulation:Info:toast@toast-new:Simulation not generated] Magnitude 5.59 of event bmg2026lctg is smaller than triggerMinMagnitude: no automatic simulation
2026/06/08 07:57:16.087992 [Incident:Info:toast@toast-new:Origin updated] Origin updated: OT: 2026-06-08 00:53:09,  Lat/Lon: 4.72282°/124.835°, Depth: 141.099
2026/06/08 07:57:16.088212 [Incident:Info:toast@toast-new:Magnitude updated] Magnitude updated: 5.60 (M)
2026/06/08 07:57:16.088261 [Simulation:Info:toast@toast-new:Simulation not generated] Magnitude 5.60 of event bmg2026lctg is smaller than triggerMinMagnitude: no automatic simulation
2026/06/08 07:57:29.035270 [Incident:Info:toast@toast-new:Origin updated] Origin updated: OT: 2026-06-08 00:53:09,  Lat/Lon: 4.72282°/124.835°, Depth: 141.099
2026/06/08 07:57:29.035458 [Incident:Info:toast@toast-new:Magnitude updated] Magnitude updated: 5.66 (M)
2026/06/08 07:57:29.035503 [Simulation:Info:toast@toast-new:Simulation not generated] Magnitude 5.66 of event bmg2026lctg is smaller than triggerMinMagnitude: no automatic simulation
2026/06/08 07:57:34.044431 [Incident:Info:toast@toast-new:Origin updated] Origin updated: OT: 2026-06-08 00:53:09,  Lat/Lon: 4.72282°/124.835°, Depth: 141.099
2026/06/08 07:57:34.044615 [Incident:Info:toast@toast-new:Magnitude updated] Magnitude updated: 5.75 (M)
2026/06/08 07:57:34.044665 [Simulation:Info:toast@toast-new:Simulation not generated] Magnitude 5.75 of event bmg2026lctg is smaller than triggerMinMagnitude: no automatic simulation
2026/06/08 07:57:42.703236 [Incident:Info:toast@toast-new:Origin updated] Origin updated: OT: 2026-06-08 00:53:10,  Lat/Lon: 4.67964°/124.813°, Depth: 127.438
2026/06/08 07:57:42.703464 [Incident:Info:toast@toast-new:Magnitude updated] Magnitude updated: 5.74 (M)
2026/06/08 07:57:42.703507 [Simulation:Info:toast@toast-new:Simulation not generated] Magnitude 5.74 of event bmg2026lctg is smaller than triggerMinMagnitude: no automatic simulation
2026/06/08 07:57:53.281516 [Incident:Info:toast@toast-new:Origin updated] Origin updated: OT: 2026-06-08 00:53:10,  Lat/Lon: 4.67655°/124.807°, Depth: 121.585
2026/06/08 07:57:53.281762 [Incident:Info:toast@toast-new:Magnitude updated] Magnitude updated: 5.77 (M)
2026/06/08 07:57:53.281809 [Simulation:Info:toast@toast-new:Simulation not generated] Magnitude 5.77 of event bmg2026lctg is smaller than triggerMinMagnitude: no automatic simulation
2026/06/08 07:57:58.700904 [Incident:Info:toast@toast-new:Origin updated] Origin updated: OT: 2026-06-08 00:53:10,  Lat/Lon: 4.67655°/124.807°, Depth: 121.585
2026/06/08 07:57:58.701083 [Incident:Info:toast@toast-new:Magnitude updated] Magnitude updated: 5.78 (M)
2026/06/08 07:57:58.701129 [Simulation:Info:toast@toast-new:Simulation not generated] Magnitude 5.78 of event bmg2026lctg is smaller than triggerMinMagnitude: no automatic simulation
2026/06/08 07:58:19.158432 [Incident:Info:toast@toast-new:Origin updated] Origin updated: OT: 2026-06-08 00:53:09,  Lat/Lon: 4.85991°/124.872°, Depth: 73.3019
2026/06/08 07:58:19.158650 [Incident:Info:toast@toast-new:Magnitude updated] Magnitude updated: 5.85 (M)
2026/06/08 07:58:19.158690 [Simulation:Info:toast@toast-new:Simulation not generated] Magnitude 5.85 of event bmg2026lctg is smaller than triggerMinMagnitude: no automatic simulation
2026/06/08 07:58:24.076815 [Incident:Info:toast@toast-new:Origin updated] Origin updated: OT: 2026-06-08 00:53:09,  Lat/Lon: 4.85991°/124.872°, Depth: 73.3019
2026/06/08 07:58:24.076987 [Incident:Info:toast@toast-new:Magnitude updated] Magnitude updated: 5.85 (M)
2026/06/08 07:58:24.077027 [Simulation:Info:toast@toast-new:Simulation not generated] Magnitude 5.85 of event bmg2026lctg is smaller than triggerMinMagnitude: no automatic simulation
2026/06/08 07:58:28.977453 [Incident:Info:toast@toast-new:Origin updated] Origin updated: OT: 2026-06-08 00:53:09,  Lat/Lon: 4.85991°/124.872°, Depth: 73.3019
2026/06/08 07:58:28.977610 [Incident:Info:toast@toast-new:Magnitude updated] Magnitude updated: 5.85 (M)
2026/06/08 07:58:28.977655 [Simulation:Info:toast@toast-new:Simulation not generated] Magnitude 5.85 of event bmg2026lctg is smaller than triggerMinMagnitude: no automatic simulation
2026/06/08 07:58:31.477642 [Incident:Info:toast@toast-new:Origin updated] Origin updated: OT: 2026-06-08 00:53:00,  Lat/Lon: 5.57382°/125.271°, Depth: 10
2026/06/08 07:58:31.477904 [Incident:Info:toast@toast-new:Magnitude updated] Magnitude updated: 5.92 (M)
2026/06/08 07:58:31.477971 [Simulation:Info:toast@toast-new:Simulation not generated] Magnitude 5.92 of event bmg2026lctg is smaller than triggerMinMagnitude: no automatic simulation
2026/06/08 07:58:38.897180 [Incident:Info:toast@toast-new:Origin updated] Origin updated: OT: 2026-06-08 00:53:00,  Lat/Lon: 5.57382°/125.271°, Depth: 10
2026/06/08 07:58:38.897393 [Incident:Info:toast@toast-new:Magnitude updated] Magnitude updated: 5.92 (M)
2026/06/08 07:58:38.897442 [Simulation:Info:toast@toast-new:Simulation not generated] Magnitude 5.92 of event bmg2026lctg is smaller than triggerMinMagnitude: no automatic simulation
2026/06/08 07:58:44.001497 [Incident:Info:toast@toast-new:Origin updated] Origin updated: OT: 2026-06-08 00:53:00,  Lat/Lon: 5.57382°/125.271°, Depth: 10
2026/06/08 07:58:44.001646 [Incident:Info:toast@toast-new:Magnitude updated] Magnitude updated: 5.93 (M)
2026/06/08 07:58:44.001685 [Simulation:Info:toast@toast-new:Simulation not generated] Magnitude 5.93 of event bmg2026lctg is smaller than triggerMinMagnitude: no automatic simulation
2026/06/08 07:58:49.076131 [Incident:Info:toast@toast-new:Origin updated] Origin updated: OT: 2026-06-08 00:53:00,  Lat/Lon: 5.57382°/125.271°, Depth: 10
2026/06/08 07:58:49.076309 [Incident:Info:toast@toast-new:Magnitude updated] Magnitude updated: 5.93 (M)
2026/06/08 07:58:49.076351 [Simulation:Info:toast@toast-new:Simulation not generated] Magnitude 5.93 of event bmg2026lctg is smaller than triggerMinMagnitude: no automatic simulation
2026/06/08 07:58:49.662695 [Incident:Info:toast@toast-new:Origin updated] Origin updated: OT: 2026-06-08 00:53:01,  Lat/Lon: 5.51591°/125.274°, Depth: 10
2026/06/08 07:58:49.662866 [Incident:Info:toast@toast-new:Magnitude updated] Magnitude updated: 5.97 (M)
2026/06/08 07:58:49.662905 [Simulation:Info:toast@toast-new:Simulation not generated] Magnitude 5.97 of event bmg2026lctg is smaller than triggerMinMagnitude: no automatic simulation
2026/06/08 07:58:54.156012 [Incident:Info:toast@toast-new:Origin updated] Origin updated: OT: 2026-06-08 00:53:01,  Lat/Lon: 5.51591°/125.274°, Depth: 10
2026/06/08 07:58:54.156165 [Incident:Info:toast@toast-new:Magnitude updated] Magnitude updated: 5.97 (M)
2026/06/08 07:58:54.156209 [Simulation:Info:toast@toast-new:Simulation not generated] Magnitude 5.97 of event bmg2026lctg is smaller than triggerMinMagnitude: no automatic simulation
2026/06/08 07:58:59.143242 [Incident:Info:toast@toast-new:Origin updated] Origin updated: OT: 2026-06-08 00:53:01,  Lat/Lon: 5.51591°/125.274°, Depth: 10
2026/06/08 07:58:59.143420 [Incident:Info:toast@toast-new:Magnitude updated] Magnitude updated: 5.99 (M)
2026/06/08 07:58:59.143460 [Simulation:Info:toast@toast-new:Simulation not generated] Magnitude 5.99 of event bmg2026lctg is smaller than triggerMinMagnitude: no automatic simulation
2026/06/08 07:59:04.194762 [Incident:Info:toast@toast-new:Origin updated] Origin updated: OT: 2026-06-08 00:53:01,  Lat/Lon: 5.51591°/125.274°, Depth: 10
2026/06/08 07:59:04.194903 [Incident:Info:toast@toast-new:Magnitude updated] Magnitude updated: 6.00 (M)
2026/06/08 07:59:04.194962 [Simulation:Info:toast@toast-new:Simulation not generated] Magnitude 6.00 of event bmg2026lctg is smaller than triggerMinMagnitude: no automatic simulation
2026/06/08 07:59:09.075228 [Incident:Info:toast@toast-new:Origin updated] Origin updated: OT: 2026-06-08 00:53:01,  Lat/Lon: 5.51591°/125.274°, Depth: 10
2026/06/08 07:59:09.075415 [Incident:Info:toast@toast-new:Magnitude updated] Magnitude updated: 6.02 (M)
2026/06/08 07:59:09.075460 [Simulation:Info:toast@toast-new:Simulation not generated] Magnitude 6.02 of event bmg2026lctg is smaller than triggerMinMagnitude: no automatic simulation
2026/06/08 07:59:11.176610 [Incident:Info:toast@toast-new:Origin updated] Origin updated: OT: 2026-06-08 00:53:01,  Lat/Lon: 5.53085°/125.274°, Depth: 10
2026/06/08 07:59:11.176834 [Incident:Info:toast@toast-new:Magnitude updated] Magnitude updated: 6.03 (M)
2026/06/08 07:59:11.176888 [Simulation:Info:toast@toast-new:Simulation not generated] Magnitude 6.03 of event bmg2026lctg is smaller than triggerMinMagnitude: no automatic simulation
2026/06/08 07:59:18.449706 [Incident:Info:toast@toast-new:Origin updated] Origin updated: OT: 2026-06-08 00:53:01,  Lat/Lon: 5.53085°/125.274°, Depth: 10
2026/06/08 07:59:18.449861 [Incident:Info:toast@toast-new:Magnitude updated] Magnitude updated: 6.05 (M)
2026/06/08 07:59:18.449902 [Simulation:Info:toast@toast-new:Simulation not generated] Magnitude 6.05 of event bmg2026lctg is smaller than triggerMinMagnitude: no automatic simulation
2026/06/08 07:59:24.118161 [Incident:Info:toast@toast-new:Origin updated] Origin updated: OT: 2026-06-08 00:53:01,  Lat/Lon: 5.53085°/125.274°, Depth: 10
2026/06/08 07:59:24.118363 [Incident:Info:toast@toast-new:Magnitude updated] Magnitude updated: 6.06 (M)
2026/06/08 07:59:24.118416 [Simulation:Info:toast@toast-new:Simulation not generated] Magnitude 6.06 of event bmg2026lctg is smaller than triggerMinMagnitude: no automatic simulation
2026/06/08 07:59:28.952027 [Incident:Info:toast@toast-new:Origin updated] Origin updated: OT: 2026-06-08 00:53:01,  Lat/Lon: 5.53085°/125.274°, Depth: 10
2026/06/08 07:59:28.952167 [Incident:Info:toast@toast-new:Magnitude updated] Magnitude updated: 6.07 (M)
2026/06/08 07:59:28.952207 [Simulation:Info:toast@toast-new:Simulation not generated] Magnitude 6.07 of event bmg2026lctg is smaller than triggerMinMagnitude: no automatic simulation
2026/06/08 07:59:34.120266 [Incident:Info:toast@toast-new:Origin updated] Origin updated: OT: 2026-06-08 00:53:01,  Lat/Lon: 5.53085°/125.274°, Depth: 10
2026/06/08 07:59:34.120397 [Incident:Info:toast@toast-new:Magnitude updated] Magnitude updated: 6.08 (M)
2026/06/08 07:59:34.120436 [Simulation:Info:toast@toast-new:Simulation not generated] Magnitude 6.08 of event bmg2026lctg is smaller than triggerMinMagnitude: no automatic simulation
2026/06/08 07:59:37.625505 [Incident:Info:toast@toast-new:Origin updated] Origin updated: OT: 2026-06-08 00:53:01,  Lat/Lon: 5.53537°/125.272°, Depth: 10
2026/06/08 07:59:37.625619 [Incident:Info:toast@toast-new:Magnitude updated] Magnitude updated: 6.08 (M)
2026/06/08 07:59:37.625648 [Simulation:Info:toast@toast-new:Simulation not generated] Magnitude 6.08 of event bmg2026lctg is smaller than triggerMinMagnitude: no automatic simulation
2026/06/08 07:59:44.233869 [Incident:Info:toast@toast-new:Origin updated] Origin updated: OT: 2026-06-08 00:53:01,  Lat/Lon: 5.53537°/125.272°, Depth: 10
2026/06/08 07:59:44.233959 [Incident:Info:toast@toast-new:Magnitude updated] Magnitude updated: 6.09 (M)
2026/06/08 07:59:44.233977 [Simulation:Info:toast@toast-new:Simulation not generated] Magnitude 6.09 of event bmg2026lctg is smaller than triggerMinMagnitude: no automatic simulation
2026/06/08 07:59:59.565187 [Incident:Info:toast@toast-new:Origin updated] Origin updated: OT: 2026-06-08 00:53:01,  Lat/Lon: 5.53537°/125.272°, Depth: 10
2026/06/08 07:59:59.565289 [Incident:Info:toast@toast-new:FM updated] FM updated
2026/06/08 07:59:59.565440 [Simulation:Info:toast@toast-new:Simulation not generated] Magnitude 6.09 of event bmg2026lctg is smaller than triggerMinMagnitude: no automatic simulation
2026/06/08 08:00:08.796386 [Incident:Info:toast@toast-new:Origin updated] Origin updated: OT: 2026-06-08 00:53:01,  Lat/Lon: 5.52363°/125.279°, Depth: 10
2026/06/08 08:00:08.796486 [Incident:Info:toast@toast-new:Magnitude updated] Magnitude updated: 6.08 (M)
2026/06/08 08:00:08.796508 [Simulation:Info:toast@toast-new:Simulation not generated] Magnitude 6.08 of event bmg2026lctg is smaller than triggerMinMagnitude: no automatic simulation
2026/06/08 08:00:40.307284 [Incident:Info:toast@toast-new:Origin updated] Origin updated: OT: 2026-06-08 00:53:01,  Lat/Lon: 5.52363°/125.279°, Depth: 10
2026/06/08 08:00:40.307445 [Incident:Info:toast@toast-new:FM updated] FM updated
2026/06/08 08:00:40.307638 [Simulation:Info:toast@toast-new:Simulation not generated] Magnitude 6.08 of event bmg2026lctg is smaller than triggerMinMagnitude: no automatic simulation
2026/06/08 08:00:40.588688 [Incident:Info:toast@toast-new:Origin updated] Origin updated: OT: 2026-06-08 00:53:01,  Lat/Lon: 5.52258°/125.279°, Depth: 10
2026/06/08 08:00:40.588844 [Incident:Info:toast@toast-new:Magnitude updated] Magnitude updated: 6.08 (M)
2026/06/08 08:00:40.588870 [Simulation:Info:toast@toast-new:Simulation not generated] Magnitude 6.08 of event bmg2026lctg is smaller than triggerMinMagnitude: no automatic simulation
2026/06/08 08:01:20.971356 [Incident:Info:toast@toast-new:Origin updated] Origin updated: OT: 2026-06-08 00:53:01,  Lat/Lon: 5.52258°/125.279°, Depth: 10
2026/06/08 08:01:20.971494 [Incident:Info:toast@toast-new:FM updated] FM updated
2026/06/08 08:01:20.971711 [Simulation:Info:toast@toast-new:Simulation not generated] Magnitude 6.08 of event bmg2026lctg is smaller than triggerMinMagnitude: no automatic simulation
2026/06/08 08:01:37.355650 [Incident:Info:toast@toast-new:Origin updated] Origin updated: OT: 2026-06-08 00:53:01,  Lat/Lon: 5.52628°/125.287°, Depth: 10
2026/06/08 08:01:37.355813 [Incident:Info:toast@toast-new:Magnitude updated] Magnitude updated: 6.08 (M)
2026/06/08 08:01:37.355849 [Simulation:Info:toast@toast-new:Simulation not generated] Magnitude 6.08 of event bmg2026lctg is smaller than triggerMinMagnitude: no automatic simulation
2026/06/08 08:01:59.396474 [Incident:Info:toast@toast-new:Origin updated] Origin updated: OT: 2026-06-08 00:53:01,  Lat/Lon: 5.52628°/125.287°, Depth: 10
2026/06/08 08:01:59.396631 [Incident:Info:toast@toast-new:FM updated] FM updated
2026/06/08 08:01:59.396870 [Simulation:Info:toast@toast-new:Simulation not generated] Magnitude 6.08 of event bmg2026lctg is smaller than triggerMinMagnitude: no automatic simulation
2026/06/08 08:02:11.063652 [Incident:Info:toast@toast-new:Origin updated] Origin updated: OT: 2026-06-08 00:53:00,  Lat/Lon: 5.53128°/125.296°, Depth: 10
2026/06/08 08:02:11.063818 [Incident:Info:toast@toast-new:Magnitude updated] Magnitude updated: 6.08 (M)
2026/06/08 08:02:11.063854 [Simulation:Info:toast@toast-new:Simulation not generated] Magnitude 6.08 of event bmg2026lctg is smaller than triggerMinMagnitude: no automatic simulation
2026/06/08 08:02:21.239924 [Incident:Info:toast@toast-new:Origin updated] Origin updated: OT: 2026-06-08 00:53:00,  Lat/Lon: 5.53128°/125.296°, Depth: 10
2026/06/08 08:02:21.240045 [Incident:Info:toast@toast-new:FM updated] FM updated
2026/06/08 08:02:21.240241 [Simulation:Info:toast@toast-new:Simulation not generated] Magnitude 6.08 of event bmg2026lctg is smaller than triggerMinMagnitude: no automatic simulation
2026/06/08 08:02:29.461389 [Incident:Info:toast@toast-new:Origin updated] Origin updated: OT: 2026-06-08 00:53:00,  Lat/Lon: 5.53128°/125.296°, Depth: 10
2026/06/08 08:02:29.461530 [Incident:Info:toast@toast-new:FM updated] FM updated
2026/06/08 08:02:29.461743 [Simulation:Info:toast@toast-new:Simulation not generated] Magnitude 6.08 of event bmg2026lctg is smaller than triggerMinMagnitude: no automatic simulation
2026/06/08 08:02:39.580786 [Incident:Info:toast@toast-new:Origin updated] Origin updated: OT: 2026-06-08 00:53:00,  Lat/Lon: 5.53128°/125.296°, Depth: 10
2026/06/08 08:02:39.580916 [Simulation:Info:toast@toast-new:Simulation not generated] Magnitude 6.08 of event bmg2026lctg is smaller than triggerMinMagnitude: no automatic simulation
2026/06/08 08:02:49.513148 [Incident:Info:toast@toast-new:Origin updated] Origin updated: OT: 2026-06-08 00:53:00,  Lat/Lon: 5.53128°/125.296°, Depth: 10
2026/06/08 08:02:49.513351 [Simulation:Info:toast@toast-new:Simulation not generated] Magnitude 6.08 of event bmg2026lctg is smaller than triggerMinMagnitude: no automatic simulation
2026/06/08 08:03:09.081164 [Incident:Info:toast@toast-new:Origin updated] Origin updated: OT: 2026-06-08 00:53:00,  Lat/Lon: 5.53128°/125.296°, Depth: 10
2026/06/08 08:03:09.081351 [Incident:Info:toast@toast-new:FM updated] FM updated
2026/06/08 08:03:09.081590 [Simulation:Info:toast@toast-new:Simulation not generated] Magnitude 6.08 of event bmg2026lctg is smaller than triggerMinMagnitude: no automatic simulation
2026/06/08 08:03:12.884826 [Incident:Info:toast@toast-new:Origin updated] Origin updated: OT: 2026-06-08 00:53:00,  Lat/Lon: 5.53128°/125.296°, Depth: 10
2026/06/08 08:03:12.885013 [Simulation:Info:toast@toast-new:Simulation not generated] Magnitude 6.08 of event bmg2026lctg is smaller than triggerMinMagnitude: no automatic simulation
2026/06/08 08:03:22.666629 [Incident:Info:toast@toast-new:Origin updated] Origin updated: OT: 2026-06-08 00:53:00,  Lat/Lon: 5.53128°/125.296°, Depth: 10
2026/06/08 08:03:22.666816 [Simulation:Info:toast@toast-new:Simulation not generated] Magnitude 6.08 of event bmg2026lctg is smaller than triggerMinMagnitude: no automatic simulation
2026/06/08 08:03:32.582561 [Incident:Info:toast@toast-new:Origin updated] Origin updated: OT: 2026-06-08 00:53:00,  Lat/Lon: 5.53128°/125.296°, Depth: 10
2026/06/08 08:03:32.582752 [Simulation:Info:toast@toast-new:Simulation not generated] Magnitude 6.08 of event bmg2026lctg is smaller than triggerMinMagnitude: no automatic simulation
2026/06/08 08:03:43.647699 [Incident:Info:toast@toast-new:Origin updated] Origin updated: OT: 2026-06-08 00:53:00,  Lat/Lon: 5.53128°/125.296°, Depth: 10
2026/06/08 08:03:43.647884 [Simulation:Info:toast@toast-new:Simulation not generated] Magnitude 6.08 of event bmg2026lctg is smaller than triggerMinMagnitude: no automatic simulation
2026/06/08 08:03:52.763821 [Incident:Info:toast@toast-new:Origin updated] Origin updated: OT: 2026-06-08 00:53:00,  Lat/Lon: 5.53128°/125.296°, Depth: 10
2026/06/08 08:03:52.764005 [Simulation:Info:toast@toast-new:Simulation not generated] Magnitude 6.08 of event bmg2026lctg is smaller than triggerMinMagnitude: no automatic simulation
2026/06/08 08:04:02.538650 [Incident:Info:toast@toast-new:Origin updated] Origin updated: OT: 2026-06-08 00:53:00,  Lat/Lon: 5.53128°/125.296°, Depth: 10
2026/06/08 08:04:02.538820 [Simulation:Info:toast@toast-new:Simulation not generated] Magnitude 6.08 of event bmg2026lctg is smaller than triggerMinMagnitude: no automatic simulation
2026/06/08 08:04:12.942315 [Incident:Info:toast@toast-new:Origin updated] Origin updated: OT: 2026-06-08 00:53:00,  Lat/Lon: 5.53128°/125.296°, Depth: 10
2026/06/08 08:04:12.942442 [Simulation:Info:toast@toast-new:Simulation not generated] Magnitude 6.08 of event bmg2026lctg is smaller than triggerMinMagnitude: no automatic simulation
2026/06/08 08:04:19.526056 [Incident:Info:toast@toast-new:Origin updated] Origin updated: OT: 2026-06-08 00:53:00,  Lat/Lon: 5.53128°/125.296°, Depth: 10
2026/06/08 08:04:19.526247 [Incident:Info:toast@toast-new:FM updated] FM updated
2026/06/08 08:04:19.526497 [Simulation:Info:toast@toast-new:Simulation not generated] Magnitude 6.08 of event bmg2026lctg is smaller than triggerMinMagnitude: no automatic simulation
2026/06/08 08:04:23.235563 [Incident:Info:toast@toast-new:Origin updated] Origin updated: OT: 2026-06-08 00:53:00,  Lat/Lon: 5.53128°/125.296°, Depth: 10
2026/06/08 08:04:23.235746 [Incident:Info:toast@toast-new:FM updated] FM updated
2026/06/08 08:04:23.235974 [Simulation:Info:toast@toast-new:Simulation not generated] Magnitude 6.08 of event bmg2026lctg is smaller than triggerMinMagnitude: no automatic simulation
2026/06/08 08:04:33.524953 [Incident:Info:toast@toast-new:Origin updated] Origin updated: OT: 2026-06-08 00:53:00,  Lat/Lon: 5.53128°/125.296°, Depth: 10
2026/06/08 08:04:33.525142 [Simulation:Info:toast@toast-new:Simulation not generated] Magnitude 6.08 of event bmg2026lctg is smaller than triggerMinMagnitude: no automatic simulation
2026/06/08 08:04:43.405027 [Incident:Info:toast@toast-new:Origin updated] Origin updated: OT: 2026-06-08 00:53:00,  Lat/Lon: 5.53128°/125.296°, Depth: 10
2026/06/08 08:04:43.405212 [Simulation:Info:toast@toast-new:Simulation not generated] Magnitude 6.08 of event bmg2026lctg is smaller than triggerMinMagnitude: no automatic simulation
2026/06/08 08:04:53.650436 [Incident:Info:toast@toast-new:Origin updated] Origin updated: OT: 2026-06-08 00:53:00,  Lat/Lon: 5.53128°/125.296°, Depth: 10
2026/06/08 08:04:53.650561 [Simulation:Info:toast@toast-new:Simulation not generated] Magnitude 6.08 of event bmg2026lctg is smaller than triggerMinMagnitude: no automatic simulation
2026/06/08 08:04:59.529058 [Incident:Info:toast@toast-new:Origin updated] Origin updated: OT: 2026-06-08 00:53:00,  Lat/Lon: 5.53128°/125.296°, Depth: 10
2026/06/08 08:04:59.529250 [Incident:Info:toast@toast-new:FM updated] FM updated
2026/06/08 08:04:59.529474 [Simulation:Info:toast@toast-new:Simulation not generated] Magnitude 6.08 of event bmg2026lctg is smaller than triggerMinMagnitude: no automatic simulation
2026/06/08 08:05:03.400631 [Incident:Info:toast@toast-new:Origin updated] Origin updated: OT: 2026-06-08 00:53:00,  Lat/Lon: 5.53128°/125.296°, Depth: 10
2026/06/08 08:05:03.400812 [Incident:Info:toast@toast-new:FM updated] FM updated
2026/06/08 08:05:03.401044 [Simulation:Info:toast@toast-new:Simulation not generated] Magnitude 6.08 of event bmg2026lctg is smaller than triggerMinMagnitude: no automatic simulation
2026/06/08 08:05:14.373568 [Incident:Info:toast@toast-new:Origin updated] Origin updated: OT: 2026-06-08 00:53:00,  Lat/Lon: 5.53128°/125.296°, Depth: 10
2026/06/08 08:05:14.373736 [Simulation:Info:toast@toast-new:Simulation not generated] Magnitude 6.08 of event bmg2026lctg is smaller than triggerMinMagnitude: no automatic simulation
2026/06/08 08:05:22.653297 [Incident:Info:toast@toast-new:Origin updated] Origin updated: OT: 2026-06-08 00:53:00,  Lat/Lon: 5.53128°/125.296°, Depth: 10
2026/06/08 08:05:22.653496 [Simulation:Info:toast@toast-new:Simulation not generated] Magnitude 6.08 of event bmg2026lctg is smaller than triggerMinMagnitude: no automatic simulation
2026/06/08 08:05:33.468366 [Incident:Info:toast@toast-new:Origin updated] Origin updated: OT: 2026-06-08 00:53:00,  Lat/Lon: 5.53128°/125.296°, Depth: 10
2026/06/08 08:05:33.468570 [Simulation:Info:toast@toast-new:Simulation not generated] Magnitude 6.08 of event bmg2026lctg is smaller than triggerMinMagnitude: no automatic simulation
2026/06/08 08:05:43.950051 [Incident:Info:toast@toast-new:Origin updated] Origin updated: OT: 2026-06-08 00:53:00,  Lat/Lon: 5.53128°/125.296°, Depth: 10
2026/06/08 08:05:43.950245 [Simulation:Info:toast@toast-new:Simulation not generated] Magnitude 6.08 of event bmg2026lctg is smaller than triggerMinMagnitude: no automatic simulation
2026/06/08 08:05:49.472329 [Incident:Info:toast@toast-new:Origin updated] Origin updated: OT: 2026-06-08 00:53:00,  Lat/Lon: 5.53588°/125.302°, Depth: 10
2026/06/08 08:05:49.472515 [Incident:Info:toast@toast-new:Magnitude updated] Magnitude updated: 6.08 (M)
2026/06/08 08:05:49.472555 [Simulation:Info:toast@toast-new:Simulation not generated] Magnitude 6.08 of event bmg2026lctg is smaller than triggerMinMagnitude: no automatic simulation
2026/06/08 08:05:53.465868 [Incident:Info:toast@toast-new:Origin updated] Origin updated: OT: 2026-06-08 00:53:00,  Lat/Lon: 5.53588°/125.302°, Depth: 10
2026/06/08 08:05:53.466055 [Simulation:Info:toast@toast-new:Simulation not generated] Magnitude 6.08 of event bmg2026lctg is smaller than triggerMinMagnitude: no automatic simulation
2026/06/08 08:06:28.692552 [Incident:Info:toast@toast-new:Origin updated] Origin updated: OT: 2026-06-08 00:53:00,  Lat/Lon: 5.53882°/125.305°, Depth: 10
2026/06/08 08:06:28.692766 [Incident:Info:toast@toast-new:Magnitude updated] Magnitude updated: 6.08 (M)
2026/06/08 08:06:28.692810 [Simulation:Info:toast@toast-new:Simulation not generated] Magnitude 6.08 of event bmg2026lctg is smaller than triggerMinMagnitude: no automatic simulation
2026/06/08 08:06:33.564148 [Incident:Info:toast@toast-new:Origin updated] Origin updated: OT: 2026-06-08 00:53:00,  Lat/Lon: 5.53882°/125.305°, Depth: 10
2026/06/08 08:06:33.564329 [Incident:Info:toast@toast-new:FM updated] FM updated
2026/06/08 08:06:33.564563 [Simulation:Info:toast@toast-new:Simulation not generated] Magnitude 6.08 of event bmg2026lctg is smaller than triggerMinMagnitude: no automatic simulation
2026/06/08 08:06:40.660959 [Incident:Info:toast@toast-new:Origin updated] Origin updated: OT: 2026-06-08 00:53:00,  Lat/Lon: 5.53882°/125.305°, Depth: 10
2026/06/08 08:06:40.661174 [Incident:Info:toast@toast-new:FM updated] FM updated
2026/06/08 08:06:40.661410 [Simulation:Info:toast@toast-new:Simulation not generated] Magnitude 6.08 of event bmg2026lctg is smaller than triggerMinMagnitude: no automatic simulation
2026/06/08 08:06:43.328615 [Incident:Info:toast@toast-new:Origin updated] Origin updated: OT: 2026-06-08 00:53:00,  Lat/Lon: 5.53882°/125.305°, Depth: 10
2026/06/08 08:06:43.328797 [Incident:Info:toast@toast-new:FM updated] FM updated
2026/06/08 08:06:43.329037 [Simulation:Info:toast@toast-new:Simulation not generated] Magnitude 6.08 of event bmg2026lctg is smaller than triggerMinMagnitude: no automatic simulation
2026/06/08 08:06:50.842545 [Incident:Info:toast@toast-new:Origin updated] Origin updated: OT: 2026-06-08 00:53:00,  Lat/Lon: 5.53882°/125.305°, Depth: 10
2026/06/08 08:06:50.842733 [Incident:Info:toast@toast-new:FM updated] FM updated
2026/06/08 08:06:50.842967 [Simulation:Info:toast@toast-new:Simulation not generated] Magnitude 6.08 of event bmg2026lctg is smaller than triggerMinMagnitude: no automatic simulation
2026/06/08 08:06:53.735415 [Incident:Info:toast@toast-new:Origin updated] Origin updated: OT: 2026-06-08 00:53:00,  Lat/Lon: 5.53882°/125.305°, Depth: 10
2026/06/08 08:06:53.735589 [Incident:Info:toast@toast-new:FM updated] FM updated
2026/06/08 08:06:53.735812 [Simulation:Info:toast@toast-new:Simulation not generated] Magnitude 6.08 of event bmg2026lctg is smaller than triggerMinMagnitude: no automatic simulation
2026/06/08 08:07:08.509541 [Incident:Info:toast@toast-new:Origin updated] Origin updated: OT: 2026-06-08 00:53:00,  Lat/Lon: 5.53014°/125.3°, Depth: 10
2026/06/08 08:07:08.509759 [Incident:Info:toast@toast-new:Magnitude updated] Magnitude updated: 6.08 (M)
2026/06/08 08:07:08.509805 [Simulation:Info:toast@toast-new:Simulation not generated] Magnitude 6.08 of event bmg2026lctg is smaller than triggerMinMagnitude: no automatic simulation
2026/06/08 08:08:01.133571 [Incident:Info:toast@toast-new:Origin updated] Origin updated: OT: 2026-06-08 00:53:00,  Lat/Lon: 5.53014°/125.3°, Depth: 10
2026/06/08 08:08:01.133704 [Incident:Info:toast@toast-new:FM updated] FM updated
2026/06/08 08:08:01.133835 [Simulation:Info:toast@toast-new:Simulation not generated] Magnitude 6.08 of event bmg2026lctg is smaller than triggerMinMagnitude: no automatic simulation
2026/06/08 08:08:11.368320 [Incident:Info:toast@toast-new:Origin updated] Origin updated: OT: 2026-06-08 00:53:00,  Lat/Lon: 5.53014°/125.3°, Depth: 10
2026/06/08 08:08:11.368523 [Incident:Info:toast@toast-new:FM updated] FM updated
2026/06/08 08:08:11.368772 [Simulation:Info:toast@toast-new:Simulation not generated] Magnitude 6.08 of event bmg2026lctg is smaller than triggerMinMagnitude: no automatic simulation
2026/06/08 08:08:21.456056 [Incident:Info:toast@toast-new:Origin updated] Origin updated: OT: 2026-06-08 00:53:00,  Lat/Lon: 5.53014°/125.3°, Depth: 10
2026/06/08 08:08:21.456272 [Simulation:Info:toast@toast-new:Simulation not generated] Magnitude 6.08 of event bmg2026lctg is smaller than triggerMinMagnitude: no automatic simulation
2026/06/08 08:08:51.457348 [Incident:Info:toast@toast-new:Origin updated] Origin updated: OT: 2026-06-08 00:53:00,  Lat/Lon: 5.53014°/125.3°, Depth: 10
2026/06/08 08:08:51.457543 [Incident:Info:toast@toast-new:FM updated] FM updated
2026/06/08 08:08:51.457780 [Simulation:Info:toast@toast-new:Simulation not generated] Magnitude 6.08 of event bmg2026lctg is smaller than triggerMinMagnitude: no automatic simulation
2026/06/08 08:09:01.497893 [Incident:Info:toast@toast-new:Origin updated] Origin updated: OT: 2026-06-08 00:53:00,  Lat/Lon: 5.53014°/125.3°, Depth: 10
2026/06/08 08:09:01.498085 [Simulation:Info:toast@toast-new:Simulation not generated] Magnitude 6.08 of event bmg2026lctg is smaller than triggerMinMagnitude: no automatic simulation
2026/06/08 08:09:22.192640 [Incident:Info:toast@toast-new:Origin updated] Origin updated: OT: 2026-06-08 00:53:00,  Lat/Lon: 5.53014°/125.3°, Depth: 10
2026/06/08 08:09:22.192861 [Incident:Info:toast@toast-new:FM updated] FM updated
2026/06/08 08:09:22.193095 [Simulation:Info:toast@toast-new:Simulation not generated] Magnitude 6.08 of event bmg2026lctg is smaller than triggerMinMagnitude: no automatic simulation
2026/06/08 08:09:25.239628 [Incident:Info:toast@toast-new:Origin updated] Origin updated: OT: 2026-06-08 00:53:00,  Lat/Lon: 5.53397°/125.304°, Depth: 10
2026/06/08 08:09:25.239803 [Incident:Info:toast@toast-new:Magnitude updated] Magnitude updated: 6.08 (M)
2026/06/08 08:09:25.239840 [Simulation:Info:toast@toast-new:Simulation not generated] Magnitude 6.08 of event bmg2026lctg is smaller than triggerMinMagnitude: no automatic simulation
2026/06/08 08:09:32.272845 [Incident:Info:toast@toast-new:Origin updated] Origin updated: OT: 2026-06-08 00:53:00,  Lat/Lon: 5.53397°/125.304°, Depth: 10
2026/06/08 08:09:32.273045 [Incident:Info:toast@toast-new:FM updated] FM updated
2026/06/08 08:09:32.273291 [Simulation:Info:toast@toast-new:Simulation not generated] Magnitude 6.08 of event bmg2026lctg is smaller than triggerMinMagnitude: no automatic simulation
2026/06/08 08:09:34.838093 [Incident:Info:toast@toast-new:Origin updated] Origin updated: OT: 2026-06-08 00:53:00,  Lat/Lon: 5.53397°/125.304°, Depth: 10
2026/06/08 08:09:34.838266 [Incident:Info:toast@toast-new:FM updated] FM updated
2026/06/08 08:09:34.838483 [Simulation:Info:toast@toast-new:Simulation not generated] Magnitude 6.08 of event bmg2026lctg is smaller than triggerMinMagnitude: no automatic simulation
2026/06/08 08:09:42.732501 [Incident:Info:toast@toast-new:Origin updated] Origin updated: OT: 2026-06-08 00:53:00,  Lat/Lon: 5.53397°/125.304°, Depth: 10
2026/06/08 08:09:42.732647 [Incident:Info:toast@toast-new:FM updated] FM updated
2026/06/08 08:09:42.732837 [Simulation:Info:toast@toast-new:Simulation not generated] Magnitude 6.08 of event bmg2026lctg is smaller than triggerMinMagnitude: no automatic simulation
2026/06/08 08:09:44.759069 [Incident:Info:toast@toast-new:Origin updated] Origin updated: OT: 2026-06-08 00:53:00,  Lat/Lon: 5.53397°/125.304°, Depth: 10
2026/06/08 08:09:44.759254 [Incident:Info:toast@toast-new:FM updated] FM updated
2026/06/08 08:09:44.759499 [Simulation:Info:toast@toast-new:Simulation not generated] Magnitude 6.08 of event bmg2026lctg is smaller than triggerMinMagnitude: no automatic simulation
2026/06/08 08:09:54.772770 [Incident:Info:toast@toast-new:Origin updated] Origin updated: OT: 2026-06-08 00:53:00,  Lat/Lon: 5.53397°/125.304°, Depth: 10
2026/06/08 08:09:54.773000 [Simulation:Info:toast@toast-new:Simulation not generated] Magnitude 6.08 of event bmg2026lctg is smaller than triggerMinMagnitude: no automatic simulation
2026/06/08 08:10:44.804068 [Incident:Info:toast@toast-new:Origin updated] Origin updated: OT: 2026-06-08 00:53:00,  Lat/Lon: 5.53397°/125.304°, Depth: 10
2026/06/08 08:10:44.804240 [Simulation:Info:toast@toast-new:Simulation not generated] Magnitude 6.08 of event bmg2026lctg is smaller than triggerMinMagnitude: no automatic simulation
2026/06/08 08:10:52.637333 [Incident:Info:toast@toast-new:Origin updated] Origin updated: OT: 2026-06-08 00:53:00,  Lat/Lon: 5.53397°/125.304°, Depth: 10
2026/06/08 08:10:52.637524 [Incident:Info:toast@toast-new:FM updated] FM updated
2026/06/08 08:10:52.637744 [Simulation:Info:toast@toast-new:Simulation not generated] Magnitude 6.08 of event bmg2026lctg is smaller than triggerMinMagnitude: no automatic simulation
2026/06/08 08:11:12.736345 [Incident:Info:toast@toast-new:Origin updated] Origin updated: OT: 2026-06-08 00:53:00,  Lat/Lon: 5.53397°/125.304°, Depth: 10
2026/06/08 08:11:12.736500 [Simulation:Info:toast@toast-new:Simulation not generated] Magnitude 6.08 of event bmg2026lctg is smaller than triggerMinMagnitude: no automatic simulation
2026/06/08 08:11:22.862028 [Incident:Info:toast@toast-new:Origin updated] Origin updated: OT: 2026-06-08 00:53:00,  Lat/Lon: 5.53397°/125.304°, Depth: 10
2026/06/08 08:11:22.862232 [Simulation:Info:toast@toast-new:Simulation not generated] Magnitude 6.08 of event bmg2026lctg is smaller than triggerMinMagnitude: no automatic simulation
2026/06/08 08:11:24.934848 [Incident:Info:toast@toast-new:Origin updated] Origin updated: OT: 2026-06-08 00:53:00,  Lat/Lon: 5.53397°/125.304°, Depth: 10
2026/06/08 08:11:24.935295 [Incident:Info:toast@toast-new:FM updated] FM updated
2026/06/08 08:11:24.935530 [Simulation:Info:toast@toast-new:Simulation not generated] Magnitude 6.08 of event bmg2026lctg is smaller than triggerMinMagnitude: no automatic simulation
2026/06/08 08:11:52.773275 [Incident:Info:toast@toast-new:Origin updated] Origin updated: OT: 2026-06-08 00:53:00,  Lat/Lon: 5.53397°/125.304°, Depth: 10
2026/06/08 08:11:52.773458 [Incident:Info:toast@toast-new:FM updated] FM updated
2026/06/08 08:11:52.773677 [Simulation:Info:toast@toast-new:Simulation not generated] Magnitude 6.08 of event bmg2026lctg is smaller than triggerMinMagnitude: no automatic simulation
2026/06/08 08:12:54.769703 [Incident:Info:toast@toast-new:Origin updated] Origin updated: OT: 2026-06-08 00:53:00,  Lat/Lon: 5.53397°/125.304°, Depth: 10
2026/06/08 08:12:54.769893 [Incident:Info:toast@toast-new:FM updated] FM updated
2026/06/08 08:12:54.770120 [Simulation:Info:toast@toast-new:Simulation not generated] Magnitude 6.08 of event bmg2026lctg is smaller than triggerMinMagnitude: no automatic simulation
2026/06/08 08:13:04.845832 [Incident:Info:toast@toast-new:Origin updated] Origin updated: OT: 2026-06-08 00:53:00,  Lat/Lon: 5.53397°/125.304°, Depth: 10
2026/06/08 08:13:04.846034 [Simulation:Info:toast@toast-new:Simulation not generated] Magnitude 6.08 of event bmg2026lctg is smaller than triggerMinMagnitude: no automatic simulation
2026/06/08 08:13:23.403438 [Incident:Info:toast@toast-new:Origin updated] Origin updated: OT: 2026-06-08 00:53:00,  Lat/Lon: 5.53397°/125.304°, Depth: 10
2026/06/08 08:13:23.403625 [Incident:Info:toast@toast-new:FM updated] FM updated
2026/06/08 08:13:23.403850 [Simulation:Info:toast@toast-new:Simulation not generated] Magnitude 6.08 of event bmg2026lctg is smaller than triggerMinMagnitude: no automatic simulation
2026/06/08 08:13:24.821734 [Incident:Info:toast@toast-new:Origin updated] Origin updated: OT: 2026-06-08 00:53:00,  Lat/Lon: 5.53397°/125.304°, Depth: 10
2026/06/08 08:13:24.821916 [Incident:Info:toast@toast-new:FM updated] FM updated
2026/06/08 08:13:24.822144 [Simulation:Info:toast@toast-new:Simulation not generated] Magnitude 6.08 of event bmg2026lctg is smaller than triggerMinMagnitude: no automatic simulation
2026/06/08 08:13:33.729754 [Incident:Info:toast@toast-new:Origin updated] Origin updated: OT: 2026-06-08 00:53:00,  Lat/Lon: 5.53397°/125.304°, Depth: 10
2026/06/08 08:13:33.729910 [Incident:Info:toast@toast-new:FM updated] FM updated
2026/06/08 08:13:33.730136 [Simulation:Info:toast@toast-new:Simulation not generated] Magnitude 6.08 of event bmg2026lctg is smaller than triggerMinMagnitude: no automatic simulation
2026/06/08 08:13:34.841652 [Incident:Info:toast@toast-new:Origin updated] Origin updated: OT: 2026-06-08 00:53:00,  Lat/Lon: 5.53397°/125.304°, Depth: 10
2026/06/08 08:13:34.841826 [Incident:Info:toast@toast-new:FM updated] FM updated
2026/06/08 08:13:34.842038 [Simulation:Info:toast@toast-new:Simulation not generated] Magnitude 6.08 of event bmg2026lctg is smaller than triggerMinMagnitude: no automatic simulation
2026/06/08 08:13:44.929391 [Incident:Info:toast@toast-new:Origin updated] Origin updated: OT: 2026-06-08 00:53:00,  Lat/Lon: 5.53397°/125.304°, Depth: 10
2026/06/08 08:13:44.929604 [Simulation:Info:toast@toast-new:Simulation not generated] Magnitude 6.08 of event bmg2026lctg is smaller than triggerMinMagnitude: no automatic simulation
2026/06/08 08:13:54.893915 [Incident:Info:toast@toast-new:Origin updated] Origin updated: OT: 2026-06-08 00:53:00,  Lat/Lon: 5.53397°/125.304°, Depth: 10
2026/06/08 08:13:54.894098 [Simulation:Info:toast@toast-new:Simulation not generated] Magnitude 6.08 of event bmg2026lctg is smaller than triggerMinMagnitude: no automatic simulation
2026/06/08 08:14:03.689107 [Incident:Info:toast@toast-new:Origin updated] Origin updated: OT: 2026-06-08 00:53:00,  Lat/Lon: 5.53397°/125.304°, Depth: 10
2026/06/08 08:14:03.689315 [Incident:Info:toast@toast-new:FM updated] FM updated
2026/06/08 08:14:03.689542 [Simulation:Info:toast@toast-new:Simulation not generated] Magnitude 6.08 of event bmg2026lctg is smaller than triggerMinMagnitude: no automatic simulation
2026/06/08 08:14:13.853845 [Incident:Info:toast@toast-new:Origin updated] Origin updated: OT: 2026-06-08 00:53:00,  Lat/Lon: 5.53397°/125.304°, Depth: 10
2026/06/08 08:14:13.854029 [Simulation:Info:toast@toast-new:Simulation not generated] Magnitude 6.08 of event bmg2026lctg is smaller than triggerMinMagnitude: no automatic simulation
2026/06/08 08:14:19.656864 [Incident:Info:toast@toast-new:Origin updated] Origin updated: OT: 2026-06-08 00:53:00,  Lat/Lon: 5.53397°/125.304°, Depth: 10
2026/06/08 08:14:19.657033 [Simulation:Info:toast@toast-new:Simulation not generated] Magnitude 6.08 of event bmg2026lctg is smaller than triggerMinMagnitude: no automatic simulation
2026/06/08 08:14:24.892126 [Incident:Info:toast@toast-new:Origin updated] Origin updated: OT: 2026-06-08 00:53:00,  Lat/Lon: 5.53397°/125.304°, Depth: 10
2026/06/08 08:14:24.892320 [Incident:Info:toast@toast-new:FM updated] FM updated
2026/06/08 08:14:24.892559 [Simulation:Info:toast@toast-new:Simulation not generated] Magnitude 6.08 of event bmg2026lctg is smaller than triggerMinMagnitude: no automatic simulation
2026/06/08 08:14:34.025967 [Incident:Info:toast@toast-new:Origin updated] Origin updated: OT: 2026-06-08 00:53:00,  Lat/Lon: 5.53397°/125.304°, Depth: 10
2026/06/08 08:14:34.026090 [Incident:Info:toast@toast-new:FM updated] FM updated
2026/06/08 08:14:34.026268 [Simulation:Info:toast@toast-new:Simulation not generated] Magnitude 6.08 of event bmg2026lctg is smaller than triggerMinMagnitude: no automatic simulation
2026/06/08 08:14:34.934705 [Incident:Info:toast@toast-new:Origin updated] Origin updated: OT: 2026-06-08 00:53:00,  Lat/Lon: 5.53397°/125.304°, Depth: 10
2026/06/08 08:14:34.934879 [Incident:Info:toast@toast-new:FM updated] FM updated
2026/06/08 08:14:34.935107 [Simulation:Info:toast@toast-new:Simulation not generated] Magnitude 6.08 of event bmg2026lctg is smaller than triggerMinMagnitude: no automatic simulation
2026/06/08 08:14:44.094134 [Incident:Info:toast@toast-new:Origin updated] Origin updated: OT: 2026-06-08 00:53:00,  Lat/Lon: 5.53397°/125.304°, Depth: 10
2026/06/08 08:14:44.094323 [Incident:Info:toast@toast-new:FM updated] FM updated
2026/06/08 08:14:44.094553 [Simulation:Info:toast@toast-new:Simulation not generated] Magnitude 6.08 of event bmg2026lctg is smaller than triggerMinMagnitude: no automatic simulation
2026/06/08 08:14:54.596959 [Incident:Info:toast@toast-new:Origin updated] Origin updated: OT: 2026-06-08 00:53:00,  Lat/Lon: 5.53397°/125.304°, Depth: 10
2026/06/08 08:14:54.597151 [Simulation:Info:toast@toast-new:Simulation not generated] Magnitude 6.08 of event bmg2026lctg is smaller than triggerMinMagnitude: no automatic simulation
2026/06/08 08:15:14.582371 [Incident:Info:toast@toast-new:Origin updated] Origin updated: OT: 2026-06-08 00:53:00,  Lat/Lon: 5.53397°/125.304°, Depth: 10
2026/06/08 08:15:14.582537 [Simulation:Info:toast@toast-new:Simulation not generated] Magnitude 6.08 of event bmg2026lctg is smaller than triggerMinMagnitude: no automatic simulation
2026/06/08 08:15:54.571862 [Incident:Info:toast@toast-new:Origin updated] Origin updated: OT: 2026-06-08 00:53:00,  Lat/Lon: 5.53397°/125.304°, Depth: 10
2026/06/08 08:15:54.572008 [Simulation:Info:toast@toast-new:Simulation not generated] Magnitude 6.08 of event bmg2026lctg is smaller than triggerMinMagnitude: no automatic simulation
2026/06/08 08:16:04.939473 [Incident:Info:toast@toast-new:Origin updated] Origin updated: OT: 2026-06-08 00:53:00,  Lat/Lon: 5.53397°/125.304°, Depth: 10
2026/06/08 08:16:04.939651 [Incident:Info:toast@toast-new:FM updated] FM updated
2026/06/08 08:16:04.939860 [Simulation:Info:toast@toast-new:Simulation not generated] Magnitude 6.08 of event bmg2026lctg is smaller than triggerMinMagnitude: no automatic simulation
2026/06/08 08:16:05.067144 [Incident:Info:toast@toast-new:Origin updated] Origin updated: OT: 2026-06-08 00:53:00,  Lat/Lon: 5.53397°/125.304°, Depth: 10
2026/06/08 08:16:05.067298 [Incident:Info:toast@toast-new:FM updated] FM updated
2026/06/08 08:16:05.067483 [Simulation:Info:toast@toast-new:Simulation not generated] Magnitude 6.08 of event bmg2026lctg is smaller than triggerMinMagnitude: no automatic simulation
2026/06/08 08:16:55.230877 [Incident:Info:toast@toast-new:Origin updated] Origin updated: OT: 2026-06-08 00:53:00,  Lat/Lon: 5.53397°/125.304°, Depth: 10
2026/06/08 08:16:55.231102 [Simulation:Info:toast@toast-new:Simulation not generated] Magnitude 6.08 of event bmg2026lctg is smaller than triggerMinMagnitude: no automatic simulation
2026/06/08 08:17:05.244471 [Incident:Info:toast@toast-new:Origin updated] Origin updated: OT: 2026-06-08 00:53:00,  Lat/Lon: 5.53397°/125.304°, Depth: 10
2026/06/08 08:17:05.244619 [Simulation:Info:toast@toast-new:Simulation not generated] Magnitude 6.08 of event bmg2026lctg is smaller than triggerMinMagnitude: no automatic simulation
2026/06/08 08:17:25.299916 [Incident:Info:toast@toast-new:Origin updated] Origin updated: OT: 2026-06-08 00:53:00,  Lat/Lon: 5.53397°/125.304°, Depth: 10
2026/06/08 08:17:25.300099 [Incident:Info:toast@toast-new:FM updated] FM updated
2026/06/08 08:17:25.300321 [Simulation:Info:toast@toast-new:Simulation not generated] Magnitude 6.08 of event bmg2026lctg is smaller than triggerMinMagnitude: no automatic simulation
2026/06/08 08:17:35.450106 [Incident:Info:toast@toast-new:Origin updated] Origin updated: OT: 2026-06-08 00:53:00,  Lat/Lon: 5.53397°/125.304°, Depth: 10
2026/06/08 08:17:35.450305 [Simulation:Info:toast@toast-new:Simulation not generated] Magnitude 6.08 of event bmg2026lctg is smaller than triggerMinMagnitude: no automatic simulation
2026/06/08 08:17:46.027331 [Incident:Info:toast@toast-new:Origin updated] Origin updated: OT: 2026-06-08 00:53:00,  Lat/Lon: 5.53397°/125.304°, Depth: 10
2026/06/08 08:17:46.027514 [Simulation:Info:toast@toast-new:Simulation not generated] Magnitude 6.08 of event bmg2026lctg is smaller than triggerMinMagnitude: no automatic simulation
2026/06/08 08:17:56.524289 [Incident:Info:toast@toast-new:Origin updated] Origin updated: OT: 2026-06-08 00:53:00,  Lat/Lon: 5.53397°/125.304°, Depth: 10
2026/06/08 08:17:56.524477 [Simulation:Info:toast@toast-new:Simulation not generated] Magnitude 6.08 of event bmg2026lctg is smaller than triggerMinMagnitude: no automatic simulation
2026/06/08 08:18:16.265487 [Incident:Info:toast@toast-new:Origin updated] Origin updated: OT: 2026-06-08 00:53:00,  Lat/Lon: 5.53397°/125.304°, Depth: 10
2026/06/08 08:18:16.265677 [Simulation:Info:toast@toast-new:Simulation not generated] Magnitude 6.08 of event bmg2026lctg is smaller than triggerMinMagnitude: no automatic simulation
2026/06/08 08:18:54.968950 [Incident:Info:toast@toast-new:Origin updated] Origin updated: OT: 2026-06-08 00:53:00,  Lat/Lon: 5.53397°/125.304°, Depth: 10
2026/06/08 08:18:54.969149 [Incident:Info:toast@toast-new:FM updated] FM updated
2026/06/08 08:18:54.969391 [Simulation:Info:toast@toast-new:Simulation not generated] Magnitude 6.08 of event bmg2026lctg is smaller than triggerMinMagnitude: no automatic simulation
2026/06/08 08:18:56.469435 [Incident:Info:toast@toast-new:Origin updated] Origin updated: OT: 2026-06-08 00:53:00,  Lat/Lon: 5.53397°/125.304°, Depth: 10
2026/06/08 08:18:56.469614 [Incident:Info:toast@toast-new:FM updated] FM updated
2026/06/08 08:18:56.469845 [Simulation:Info:toast@toast-new:Simulation not generated] Magnitude 6.08 of event bmg2026lctg is smaller than triggerMinMagnitude: no automatic simulation
2026/06/08 08:19:26.574772 [Incident:Info:toast@toast-new:Origin updated] Origin updated: OT: 2026-06-08 00:53:00,  Lat/Lon: 5.53397°/125.304°, Depth: 10
2026/06/08 08:19:26.574979 [Simulation:Info:toast@toast-new:Simulation not generated] Magnitude 6.08 of event bmg2026lctg is smaller than triggerMinMagnitude: no automatic simulation
2026/06/08 08:19:46.765299 [Incident:Info:toast@toast-new:Origin updated] Origin updated: OT: 2026-06-08 00:53:00,  Lat/Lon: 5.53397°/125.304°, Depth: 10
2026/06/08 08:19:46.765483 [Simulation:Info:toast@toast-new:Simulation not generated] Magnitude 6.08 of event bmg2026lctg is smaller than triggerMinMagnitude: no automatic simulation
2026/06/08 08:19:56.967364 [Incident:Info:toast@toast-new:Origin updated] Origin updated: OT: 2026-06-08 00:53:00,  Lat/Lon: 5.53397°/125.304°, Depth: 10
2026/06/08 08:19:56.967543 [Simulation:Info:toast@toast-new:Simulation not generated] Magnitude 6.08 of event bmg2026lctg is smaller than triggerMinMagnitude: no automatic simulation
2026/06/08 08:20:07.093950 [Incident:Info:toast@toast-new:Origin updated] Origin updated: OT: 2026-06-08 00:53:00,  Lat/Lon: 5.53397°/125.304°, Depth: 10
2026/06/08 08:20:07.094145 [Simulation:Info:toast@toast-new:Simulation not generated] Magnitude 6.08 of event bmg2026lctg is smaller than triggerMinMagnitude: no automatic simulation
2026/06/08 08:20:35.014164 [Incident:Info:toast@toast-new:Origin updated] Origin updated: OT: 2026-06-08 00:53:00,  Lat/Lon: 5.53397°/125.304°, Depth: 10
2026/06/08 08:20:35.014339 [Incident:Info:toast@toast-new:FM updated] FM updated
2026/06/08 08:20:35.014557 [Simulation:Info:toast@toast-new:Simulation not generated] Magnitude 6.08 of event bmg2026lctg is smaller than triggerMinMagnitude: no automatic simulation
2026/06/08 08:20:47.184239 [Incident:Info:toast@toast-new:Origin updated] Origin updated: OT: 2026-06-08 00:53:00,  Lat/Lon: 5.53397°/125.304°, Depth: 10
2026/06/08 08:20:47.184438 [Incident:Info:toast@toast-new:FM updated] FM updated
2026/06/08 08:20:47.184673 [Simulation:Info:toast@toast-new:Simulation not generated] Magnitude 6.08 of event bmg2026lctg is smaller than triggerMinMagnitude: no automatic simulation
2026/06/08 08:20:55.330714 [Incident:Info:toast@toast-new:Origin updated] Origin updated: OT: 2026-06-08 00:53:00,  Lat/Lon: 5.53397°/125.304°, Depth: 10
2026/06/08 08:20:55.330964 [Incident:Info:toast@toast-new:FM updated] FM updated
2026/06/08 08:20:55.331251 [Simulation:Info:toast@toast-new:Simulation not generated] Magnitude 6.08 of event bmg2026lctg is smaller than triggerMinMagnitude: no automatic simulation
2026/06/08 08:20:57.567090 [Incident:Info:toast@toast-new:Origin updated] Origin updated: OT: 2026-06-08 00:53:00,  Lat/Lon: 5.53397°/125.304°, Depth: 10
2026/06/08 08:20:57.567272 [Incident:Info:toast@toast-new:FM updated] FM updated
2026/06/08 08:20:57.567499 [Simulation:Info:toast@toast-new:Simulation not generated] Magnitude 6.08 of event bmg2026lctg is smaller than triggerMinMagnitude: no automatic simulation
2026/06/08 08:21:05.073447 [Incident:Info:toast@toast-new:Origin updated] Origin updated: OT: 2026-06-08 00:53:00,  Lat/Lon: 5.53397°/125.304°, Depth: 10
2026/06/08 08:21:05.073639 [Incident:Info:toast@toast-new:FM updated] FM updated
2026/06/08 08:21:05.073871 [Simulation:Info:toast@toast-new:Simulation not generated] Magnitude 6.08 of event bmg2026lctg is smaller than triggerMinMagnitude: no automatic simulation
2026/06/08 08:21:17.877442 [Incident:Info:toast@toast-new:Origin updated] Origin updated: OT: 2026-06-08 00:53:00,  Lat/Lon: 5.53397°/125.304°, Depth: 10
2026/06/08 08:21:17.877620 [Incident:Info:toast@toast-new:FM updated] FM updated
2026/06/08 08:21:17.877835 [Simulation:Info:toast@toast-new:Simulation not generated] Magnitude 6.08 of event bmg2026lctg is smaller than triggerMinMagnitude: no automatic simulation
2026/06/08 08:30:57.694685 [Incident:Info:toast@toast-new:Origin updated] Origin updated: OT: 2026-06-08 00:53:00,  Lat/Lon: 5.53397°/125.304°, Depth: 10
2026/06/08 08:30:57.694926 [Simulation:Info:toast@toast-new:Simulation not generated] Magnitude 6.08 of event bmg2026lctg is smaller than triggerMinMagnitude: no automatic simulation
2026/06/08 08:33:06.159517 [Incident:Info:toast@toast-new:Origin updated] Origin updated: OT: 2026-06-08 00:53:00,  Lat/Lon: 5.53397°/125.304°, Depth: 10
2026/06/08 08:33:06.159720 [Incident:Info:toast@toast-new:Magnitude updated] Magnitude updated: 5.08 (mb)
2026/06/08 08:33:06.159809 [Simulation:Info:toast@toast-new:Simulation not generated] Magnitude 5.08 of event bmg2026lctg is smaller than triggerMinMagnitude: no automatic simulation
2026/06/08 08:34:37.985138 [Incident:Info:toast@toast-new:Origin updated] Origin updated: OT: 2026-06-08 00:53:00,  Lat/Lon: 5.53397°/125.304°, Depth: 10
2026/06/08 08:34:37.985327 [Simulation:Info:toast@toast-new:Simulation not generated] Magnitude 5.08 of event bmg2026lctg is smaller than triggerMinMagnitude: no automatic simulation
2026/06/08 08:36:08.112704 [Incident:Info:toast@toast-new:Origin updated] Origin updated: OT: 2026-06-08 00:53:00,  Lat/Lon: 5.53397°/125.304°, Depth: 10
2026/06/08 08:36:08.112903 [Simulation:Info:toast@toast-new:Simulation not generated] Magnitude 5.08 of event bmg2026lctg is smaller than triggerMinMagnitude: no automatic simulation
2026/06/08 08:36:12.298332 [Incident:Info:toast@toast-new:Origin updated] Origin updated: OT: 2026-06-08 00:53:00,  Lat/Lon: 5.53397°/125.304°, Depth: 10
2026/06/08 08:36:12.298507 [Incident:Info:toast@toast-new:FM updated] FM updated
2026/06/08 08:36:12.298717 [Simulation:Info:toast@toast-new:Simulation not generated] Magnitude 5.08 of event bmg2026lctg is smaller than triggerMinMagnitude: no automatic simulation
2026/06/08 08:36:18.321392 [Incident:Info:toast@toast-new:Origin updated] Origin updated: OT: 2026-06-08 00:53:00,  Lat/Lon: 5.53397°/125.304°, Depth: 10
2026/06/08 08:36:18.321585 [Incident:Info:toast@toast-new:FM updated] FM updated
2026/06/08 08:36:18.321809 [Simulation:Info:toast@toast-new:Simulation not generated] Magnitude 5.08 of event bmg2026lctg is smaller than triggerMinMagnitude: no automatic simulation
2026/06/08 11:08:33.552096 [Incident:Info:toast@toast-new:Origin updated] Origin updated: OT: 2026-06-08 00:53:05,  Lat/Lon: 5.42565°/125.291°, Depth: 43.4239
2026/06/08 11:08:33.552329 [Incident:Info:toast@toast-new:Magnitude updated] Magnitude updated: 5.08 (mb)
2026/06/08 11:08:33.552377 [Simulation:Info:toast@toast-new:Simulation not generated] Magnitude 5.08 of event bmg2026lctg is smaller than triggerMinMagnitude: no automatic simulation
2026/06/08 17:48:35.936825 [Incident:Info:toast@toast-new:Origin updated] Origin updated: OT: 2026-06-08 00:53:05,  Lat/Lon: 5.42565°/125.291°, Depth: 43.4239
2026/06/08 17:48:35.947740 [Simulation:Info:toast@toast-new:Simulation not generated] Magnitude 5.08 of event bmg2026lctg is smaller than triggerMinMagnitude: no automatic simulation
2026/06/08 18:01:45.867983 [Incident:Info:toast@toast-new:Origin updated] Origin updated: OT: 2026-06-08 00:53:08,  Lat/Lon: 5.27112°/125.33°, Depth: 74.9483
2026/06/08 18:01:45.878974 [Incident:Info:toast@toast-new:Magnitude updated] Magnitude updated: 5.05 (mb)
2026/06/08 18:01:45.889529 [Simulation:Info:toast@toast-new:Simulation not generated] Magnitude 5.05 of event bmg2026lctg is smaller than triggerMinMagnitude: no automatic simulation
