2026/08/16 13:53:24.284410 [Incident:Info:toast@toast-new:Displacement(s) updated] Added 0 and changed 0 displacements with 0 amplitudes
2026/08/16 13:53:24.285198 [Incident:Info:toast@toast-new:Incident created] Incident created based on event received from messaging: OT: 2026-08-16 06:51:48,  Lat/Lon: -7.94°/120.65°, Depth: 10.00, Mag: 5.50 (M)
2026/08/16 13:53:24.285685 [Simulation:Info:toast@toast-new:Simulation not generated] Magnitude 5.50 of event bmg2026pzgu is smaller than triggerMinMagnitude: no automatic simulation
2026/08/16 13:53:24.306178 [Incident:Info:toast@toast-new:Origin updated] Origin updated: OT: 2026-08-16 06:51:48,  Lat/Lon: -7.93678°/120.651°, Depth: 10
2026/08/16 13:53:24.306319 [Simulation:Info:toast@toast-new:Simulation not generated] Magnitude 5.50 of event bmg2026pzgu is smaller than triggerMinMagnitude: no automatic simulation
2026/08/16 13:53:24.612770 [Incident:Info:toast@toast-new:Origin updated] Origin updated: OT: 2026-08-16 06:51:48,  Lat/Lon: -7.93678°/120.651°, Depth: 10
2026/08/16 13:53:24.612984 [Incident:Info:toast@toast-new:Magnitude updated] Magnitude updated: 5.51 (M)
2026/08/16 13:53:24.613050 [Simulation:Info:toast@toast-new:Simulation not generated] Magnitude 5.51 of event bmg2026pzgu is smaller than triggerMinMagnitude: no automatic simulation
2026/08/16 13:53:29.664323 [Incident:Info:toast@toast-new:Origin updated] Origin updated: OT: 2026-08-16 06:51:48,  Lat/Lon: -7.93678°/120.651°, Depth: 10
2026/08/16 13:53:29.664527 [Incident:Info:toast@toast-new:Magnitude updated] Magnitude updated: 5.53 (M)
2026/08/16 13:53:29.664570 [Simulation:Info:toast@toast-new:Simulation not generated] Magnitude 5.53 of event bmg2026pzgu is smaller than triggerMinMagnitude: no automatic simulation
2026/08/16 13:53:34.193791 [Incident:Info:toast@toast-new:Origin updated] Origin updated: OT: 2026-08-16 06:51:49,  Lat/Lon: -7.90648°/120.582°, Depth: 10
2026/08/16 13:53:34.193970 [Incident:Info:toast@toast-new:Magnitude updated] Magnitude updated: 5.53 (M)
2026/08/16 13:53:34.194016 [Simulation:Info:toast@toast-new:Simulation not generated] Magnitude 5.53 of event bmg2026pzgu is smaller than triggerMinMagnitude: no automatic simulation
2026/08/16 13:53:34.641416 [Incident:Info:toast@toast-new:Origin updated] Origin updated: OT: 2026-08-16 06:51:49,  Lat/Lon: -7.90648°/120.582°, Depth: 10
2026/08/16 13:53:34.641595 [Incident:Info:toast@toast-new:Magnitude updated] Magnitude updated: 5.53 (M)
2026/08/16 13:53:34.641635 [Simulation:Info:toast@toast-new:Simulation not generated] Magnitude 5.53 of event bmg2026pzgu is smaller than triggerMinMagnitude: no automatic simulation
2026/08/16 13:53:39.705836 [Incident:Info:toast@toast-new:Origin updated] Origin updated: OT: 2026-08-16 06:51:49,  Lat/Lon: -7.90648°/120.582°, Depth: 10
2026/08/16 13:53:39.705998 [Incident:Info:toast@toast-new:Magnitude updated] Magnitude updated: 5.57 (M)
2026/08/16 13:53:39.706043 [Simulation:Info:toast@toast-new:Simulation not generated] Magnitude 5.57 of event bmg2026pzgu is smaller than triggerMinMagnitude: no automatic simulation
2026/08/16 13:53:44.679369 [Incident:Info:toast@toast-new:Origin updated] Origin updated: OT: 2026-08-16 06:51:49,  Lat/Lon: -7.90648°/120.582°, Depth: 10
2026/08/16 13:53:44.679528 [Incident:Info:toast@toast-new:Magnitude updated] Magnitude updated: 5.59 (M)
2026/08/16 13:53:44.679562 [Simulation:Info:toast@toast-new:Simulation not generated] Magnitude 5.59 of event bmg2026pzgu is smaller than triggerMinMagnitude: no automatic simulation
2026/08/16 13:53:49.285151 [Incident:Info:toast@toast-new:Origin updated] Origin updated: OT: 2026-08-16 06:51:49,  Lat/Lon: -7.90833°/120.59°, Depth: 10
2026/08/16 13:53:49.285322 [Incident:Info:toast@toast-new:Magnitude updated] Magnitude updated: 5.57 (M)
2026/08/16 13:53:49.285360 [Simulation:Info:toast@toast-new:Simulation not generated] Magnitude 5.57 of event bmg2026pzgu is smaller than triggerMinMagnitude: no automatic simulation
2026/08/16 13:53:49.663987 [Incident:Info:toast@toast-new:Origin updated] Origin updated: OT: 2026-08-16 06:51:49,  Lat/Lon: -7.90833°/120.59°, Depth: 10
2026/08/16 13:53:49.664133 [Incident:Info:toast@toast-new:Magnitude updated] Magnitude updated: 5.57 (M)
2026/08/16 13:53:49.664161 [Simulation:Info:toast@toast-new:Simulation not generated] Magnitude 5.57 of event bmg2026pzgu is smaller than triggerMinMagnitude: no automatic simulation
2026/08/16 13:53:54.765937 [Incident:Info:toast@toast-new:Origin updated] Origin updated: OT: 2026-08-16 06:51:49,  Lat/Lon: -7.90833°/120.59°, Depth: 10
2026/08/16 13:53:54.766102 [Incident:Info:toast@toast-new:Magnitude updated] Magnitude updated: 5.58 (M)
2026/08/16 13:53:54.766138 [Simulation:Info:toast@toast-new:Simulation not generated] Magnitude 5.58 of event bmg2026pzgu is smaller than triggerMinMagnitude: no automatic simulation
2026/08/16 13:53:59.717957 [Incident:Info:toast@toast-new:Origin updated] Origin updated: OT: 2026-08-16 06:51:49,  Lat/Lon: -7.90833°/120.59°, Depth: 10
2026/08/16 13:53:59.718117 [Incident:Info:toast@toast-new:Magnitude updated] Magnitude updated: 5.59 (M)
2026/08/16 13:53:59.718153 [Simulation:Info:toast@toast-new:Simulation not generated] Magnitude 5.59 of event bmg2026pzgu is smaller than triggerMinMagnitude: no automatic simulation
2026/08/16 13:54:04.715581 [Incident:Info:toast@toast-new:Origin updated] Origin updated: OT: 2026-08-16 06:51:49,  Lat/Lon: -7.90833°/120.59°, Depth: 10
2026/08/16 13:54:04.752299 [Incident:Info:toast@toast-new:Magnitude updated] Magnitude updated: 5.60 (M)
2026/08/16 13:54:04.752380 [Simulation:Info:toast@toast-new:Simulation not generated] Magnitude 5.60 of event bmg2026pzgu is smaller than triggerMinMagnitude: no automatic simulation
2026/08/16 13:54:08.448742 [Incident:Info:toast@toast-new:Origin updated] Origin updated: OT: 2026-08-16 06:51:48,  Lat/Lon: -7.9184°/120.616°, Depth: 10
2026/08/16 13:54:08.448915 [Incident:Info:toast@toast-new:Magnitude updated] Magnitude updated: 5.62 (M)
2026/08/16 13:54:08.448944 [Simulation:Info:toast@toast-new:Simulation not generated] Magnitude 5.62 of event bmg2026pzgu is smaller than triggerMinMagnitude: no automatic simulation
2026/08/16 13:54:09.678714 [Incident:Info:toast@toast-new:Origin updated] Origin updated: OT: 2026-08-16 06:51:48,  Lat/Lon: -7.9184°/120.616°, Depth: 10
2026/08/16 13:54:09.678895 [Incident:Info:toast@toast-new:Magnitude updated] Magnitude updated: 5.62 (M)
2026/08/16 13:54:09.678933 [Simulation:Info:toast@toast-new:Simulation not generated] Magnitude 5.62 of event bmg2026pzgu is smaller than triggerMinMagnitude: no automatic simulation
2026/08/16 13:54:14.773079 [Incident:Info:toast@toast-new:Origin updated] Origin updated: OT: 2026-08-16 06:51:48,  Lat/Lon: -7.9184°/120.616°, Depth: 10
2026/08/16 13:54:14.773247 [Incident:Info:toast@toast-new:Magnitude updated] Magnitude updated: 5.62 (M)
2026/08/16 13:54:14.773285 [Simulation:Info:toast@toast-new:Simulation not generated] Magnitude 5.62 of event bmg2026pzgu is smaller than triggerMinMagnitude: no automatic simulation
2026/08/16 13:54:19.725837 [Incident:Info:toast@toast-new:Origin updated] Origin updated: OT: 2026-08-16 06:51:48,  Lat/Lon: -7.9184°/120.616°, Depth: 10
2026/08/16 13:54:19.726016 [Incident:Info:toast@toast-new:Magnitude updated] Magnitude updated: 5.64 (M)
2026/08/16 13:54:19.726052 [Simulation:Info:toast@toast-new:Simulation not generated] Magnitude 5.64 of event bmg2026pzgu is smaller than triggerMinMagnitude: no automatic simulation
2026/08/16 13:54:24.809708 [Incident:Info:toast@toast-new:Origin updated] Origin updated: OT: 2026-08-16 06:51:48,  Lat/Lon: -7.9184°/120.616°, Depth: 10
2026/08/16 13:54:24.809855 [Incident:Info:toast@toast-new:Magnitude updated] Magnitude updated: 5.68 (M)
2026/08/16 13:54:24.809898 [Simulation:Info:toast@toast-new:Simulation not generated] Magnitude 5.68 of event bmg2026pzgu is smaller than triggerMinMagnitude: no automatic simulation
2026/08/16 13:54:29.744317 [Incident:Info:toast@toast-new:Origin updated] Origin updated: OT: 2026-08-16 06:51:48,  Lat/Lon: -7.9184°/120.616°, Depth: 10
2026/08/16 13:54:29.744497 [Incident:Info:toast@toast-new:Magnitude updated] Magnitude updated: 5.73 (M)
2026/08/16 13:54:29.744561 [Simulation:Info:toast@toast-new:Simulation not generated] Magnitude 5.73 of event bmg2026pzgu is smaller than triggerMinMagnitude: no automatic simulation
2026/08/16 13:54:32.599415 [Incident:Info:toast@toast-new:Origin updated] Origin updated: OT: 2026-08-16 06:51:49,  Lat/Lon: -7.93086°/120.624°, Depth: 10
2026/08/16 13:54:32.599610 [Incident:Info:toast@toast-new:Magnitude updated] Magnitude updated: 5.71 (M)
2026/08/16 13:54:32.599650 [Simulation:Info:toast@toast-new:Simulation not generated] Magnitude 5.71 of event bmg2026pzgu is smaller than triggerMinMagnitude: no automatic simulation
2026/08/16 13:54:34.795238 [Incident:Info:toast@toast-new:Origin updated] Origin updated: OT: 2026-08-16 06:51:49,  Lat/Lon: -7.93086°/120.624°, Depth: 10
2026/08/16 13:54:34.796834 [Incident:Info:toast@toast-new:Magnitude updated] Magnitude updated: 5.74 (M)
2026/08/16 13:54:34.796866 [Simulation:Info:toast@toast-new:Simulation not generated] Magnitude 5.74 of event bmg2026pzgu is smaller than triggerMinMagnitude: no automatic simulation
2026/08/16 13:54:39.896823 [Incident:Info:toast@toast-new:Origin updated] Origin updated: OT: 2026-08-16 06:51:49,  Lat/Lon: -7.93086°/120.624°, Depth: 10
2026/08/16 13:54:39.896971 [Incident:Info:toast@toast-new:Magnitude updated] Magnitude updated: 5.72 (M)
2026/08/16 13:54:39.897000 [Simulation:Info:toast@toast-new:Simulation not generated] Magnitude 5.72 of event bmg2026pzgu is smaller than triggerMinMagnitude: no automatic simulation
2026/08/16 13:54:44.818971 [Incident:Info:toast@toast-new:Origin updated] Origin updated: OT: 2026-08-16 06:51:49,  Lat/Lon: -7.93086°/120.624°, Depth: 10
2026/08/16 13:54:44.819120 [Incident:Info:toast@toast-new:Magnitude updated] Magnitude updated: 5.72 (M)
2026/08/16 13:54:44.819160 [Simulation:Info:toast@toast-new:Simulation not generated] Magnitude 5.72 of event bmg2026pzgu is smaller than triggerMinMagnitude: no automatic simulation
2026/08/16 13:54:49.855083 [Incident:Info:toast@toast-new:Origin updated] Origin updated: OT: 2026-08-16 06:51:49,  Lat/Lon: -7.93086°/120.624°, Depth: 10
2026/08/16 13:54:49.855270 [Incident:Info:toast@toast-new:Magnitude updated] Magnitude updated: 5.73 (M)
2026/08/16 13:54:49.855306 [Simulation:Info:toast@toast-new:Simulation not generated] Magnitude 5.73 of event bmg2026pzgu is smaller than triggerMinMagnitude: no automatic simulation
2026/08/16 13:54:54.809304 [Incident:Info:toast@toast-new:Origin updated] Origin updated: OT: 2026-08-16 06:51:49,  Lat/Lon: -7.93086°/120.624°, Depth: 10
2026/08/16 13:54:54.809455 [Incident:Info:toast@toast-new:Magnitude updated] Magnitude updated: 5.74 (M)
2026/08/16 13:54:54.809484 [Simulation:Info:toast@toast-new:Simulation not generated] Magnitude 5.74 of event bmg2026pzgu is smaller than triggerMinMagnitude: no automatic simulation
2026/08/16 13:54:59.826259 [Incident:Info:toast@toast-new:Origin updated] Origin updated: OT: 2026-08-16 06:51:49,  Lat/Lon: -7.93086°/120.624°, Depth: 10
2026/08/16 13:54:59.826403 [Incident:Info:toast@toast-new:Magnitude updated] Magnitude updated: 5.72 (M)
2026/08/16 13:54:59.826434 [Simulation:Info:toast@toast-new:Simulation not generated] Magnitude 5.72 of event bmg2026pzgu is smaller than triggerMinMagnitude: no automatic simulation
2026/08/16 13:55:04.752309 [Incident:Info:toast@toast-new:Origin updated] Origin updated: OT: 2026-08-16 06:51:49,  Lat/Lon: -7.93086°/120.624°, Depth: 10
2026/08/16 13:55:04.752489 [Incident:Info:toast@toast-new:Magnitude updated] Magnitude updated: 5.70 (M)
2026/08/16 13:55:04.752535 [Simulation:Info:toast@toast-new:Simulation not generated] Magnitude 5.70 of event bmg2026pzgu is smaller than triggerMinMagnitude: no automatic simulation
2026/08/16 13:55:06.513611 [Incident:Info:toast@toast-new:Origin updated] Origin updated: OT: 2026-08-16 06:51:49,  Lat/Lon: -7.94263°/120.613°, Depth: 10
2026/08/16 13:55:06.513766 [Incident:Info:toast@toast-new:Magnitude updated] Magnitude updated: 5.74 (M)
2026/08/16 13:55:06.513795 [Simulation:Info:toast@toast-new:Simulation not generated] Magnitude 5.74 of event bmg2026pzgu is smaller than triggerMinMagnitude: no automatic simulation
2026/08/16 13:55:09.918933 [Incident:Info:toast@toast-new:Origin updated] Origin updated: OT: 2026-08-16 06:51:49,  Lat/Lon: -7.94263°/120.613°, Depth: 10
2026/08/16 13:55:09.919092 [Incident:Info:toast@toast-new:Magnitude updated] Magnitude updated: 5.73 (M)
2026/08/16 13:55:09.919122 [Simulation:Info:toast@toast-new:Simulation not generated] Magnitude 5.73 of event bmg2026pzgu is smaller than triggerMinMagnitude: no automatic simulation
2026/08/16 13:55:14.880955 [Incident:Info:toast@toast-new:Origin updated] Origin updated: OT: 2026-08-16 06:51:49,  Lat/Lon: -7.94263°/120.613°, Depth: 10
2026/08/16 13:55:14.881083 [Incident:Info:toast@toast-new:Magnitude updated] Magnitude updated: 5.73 (M)
2026/08/16 13:55:14.881111 [Simulation:Info:toast@toast-new:Simulation not generated] Magnitude 5.73 of event bmg2026pzgu is smaller than triggerMinMagnitude: no automatic simulation
2026/08/16 13:55:19.827183 [Incident:Info:toast@toast-new:Origin updated] Origin updated: OT: 2026-08-16 06:51:49,  Lat/Lon: -7.94263°/120.613°, Depth: 10
2026/08/16 13:55:19.863960 [Incident:Info:toast@toast-new:Magnitude updated] Magnitude updated: 5.73 (Mw(mB))
2026/08/16 13:55:19.864067 [Simulation:Info:toast@toast-new:Simulation not generated] Magnitude 5.73 of event bmg2026pzgu is smaller than triggerMinMagnitude: no automatic simulation
2026/08/16 13:55:19.898205 [Incident:Info:toast@toast-new:Origin updated] Origin updated: OT: 2026-08-16 06:51:49,  Lat/Lon: -7.94263°/120.613°, Depth: 10
2026/08/16 13:55:19.898337 [Simulation:Info:toast@toast-new:Simulation not generated] Magnitude 5.73 of event bmg2026pzgu is smaller than triggerMinMagnitude: no automatic simulation
2026/08/16 13:55:24.901469 [Incident:Info:toast@toast-new:Origin updated] Origin updated: OT: 2026-08-16 06:51:49,  Lat/Lon: -7.94263°/120.613°, Depth: 10
2026/08/16 13:55:24.901694 [Incident:Info:toast@toast-new:Magnitude updated] Magnitude updated: 5.74 (Mw(mB))
2026/08/16 13:55:24.901755 [Simulation:Info:toast@toast-new:Simulation not generated] Magnitude 5.74 of event bmg2026pzgu is smaller than triggerMinMagnitude: no automatic simulation
2026/08/16 13:55:29.866269 [Incident:Info:toast@toast-new:Origin updated] Origin updated: OT: 2026-08-16 06:51:49,  Lat/Lon: -7.94263°/120.613°, Depth: 10
2026/08/16 13:55:29.866426 [Incident:Info:toast@toast-new:Magnitude updated] Magnitude updated: 5.75 (Mw(mB))
2026/08/16 13:55:29.866473 [Simulation:Info:toast@toast-new:Simulation not generated] Magnitude 5.75 of event bmg2026pzgu is smaller than triggerMinMagnitude: no automatic simulation
2026/08/16 13:55:35.728309 [Incident:Info:toast@toast-new:Origin updated] Origin updated: OT: 2026-08-16 06:51:49,  Lat/Lon: -7.96959°/120.645°, Depth: 10
2026/08/16 13:55:35.728492 [Incident:Info:toast@toast-new:Magnitude updated] Magnitude updated: 5.73 (Mw(mB))
2026/08/16 13:55:35.728565 [Simulation:Info:toast@toast-new:Simulation not generated] Magnitude 5.73 of event bmg2026pzgu is smaller than triggerMinMagnitude: no automatic simulation
2026/08/16 13:55:35.743094 [Incident:Info:toast@toast-new:Origin updated] Origin updated: OT: 2026-08-16 06:51:49,  Lat/Lon: -7.96959°/120.645°, Depth: 10
2026/08/16 13:55:35.743218 [Incident:Info:toast@toast-new:FM updated] FM updated
2026/08/16 13:55:35.743486 [Simulation:Info:toast@toast-new:Simulation not generated] Magnitude 5.73 of event bmg2026pzgu is smaller than triggerMinMagnitude: no automatic simulation
2026/08/16 13:55:39.870041 [Incident:Info:toast@toast-new:Origin updated] Origin updated: OT: 2026-08-16 06:51:49,  Lat/Lon: -7.96959°/120.645°, Depth: 10
2026/08/16 13:55:39.870200 [Incident:Info:toast@toast-new:Magnitude updated] Magnitude updated: 5.72 (Mw(mB))
2026/08/16 13:55:39.870233 [Simulation:Info:toast@toast-new:Simulation not generated] Magnitude 5.72 of event bmg2026pzgu is smaller than triggerMinMagnitude: no automatic simulation
2026/08/16 13:55:44.854196 [Incident:Info:toast@toast-new:Origin updated] Origin updated: OT: 2026-08-16 06:51:49,  Lat/Lon: -7.96959°/120.645°, Depth: 10
2026/08/16 13:55:44.854374 [Incident:Info:toast@toast-new:Magnitude updated] Magnitude updated: 5.72 (Mw(mB))
2026/08/16 13:55:44.854411 [Simulation:Info:toast@toast-new:Simulation not generated] Magnitude 5.72 of event bmg2026pzgu is smaller than triggerMinMagnitude: no automatic simulation
2026/08/16 13:55:49.928496 [Incident:Info:toast@toast-new:Origin updated] Origin updated: OT: 2026-08-16 06:51:49,  Lat/Lon: -7.96959°/120.645°, Depth: 10
2026/08/16 13:55:49.928663 [Incident:Info:toast@toast-new:Magnitude updated] Magnitude updated: 5.73 (Mw(mB))
2026/08/16 13:55:49.928699 [Simulation:Info:toast@toast-new:Simulation not generated] Magnitude 5.73 of event bmg2026pzgu is smaller than triggerMinMagnitude: no automatic simulation
2026/08/16 13:55:54.906395 [Incident:Info:toast@toast-new:Origin updated] Origin updated: OT: 2026-08-16 06:51:49,  Lat/Lon: -7.96959°/120.645°, Depth: 10
2026/08/16 13:55:54.906556 [Incident:Info:toast@toast-new:Magnitude updated] Magnitude updated: 5.73 (Mw(mB))
2026/08/16 13:55:54.906592 [Simulation:Info:toast@toast-new:Simulation not generated] Magnitude 5.73 of event bmg2026pzgu is smaller than triggerMinMagnitude: no automatic simulation
2026/08/16 13:55:56.073654 [Incident:Info:toast@toast-new:Origin updated] Origin updated: OT: 2026-08-16 06:51:49,  Lat/Lon: -7.96959°/120.645°, Depth: 10
2026/08/16 13:55:56.073812 [Incident:Info:toast@toast-new:FM updated] FM updated
2026/08/16 13:55:56.074070 [Simulation:Info:toast@toast-new:Simulation not generated] Magnitude 5.73 of event bmg2026pzgu is smaller than triggerMinMagnitude: no automatic simulation
2026/08/16 13:55:59.858045 [Incident:Info:toast@toast-new:Origin updated] Origin updated: OT: 2026-08-16 06:51:49,  Lat/Lon: -7.96959°/120.645°, Depth: 10
2026/08/16 13:55:59.858202 [Incident:Info:toast@toast-new:Magnitude updated] Magnitude updated: 5.71 (Mw(mB))
2026/08/16 13:55:59.858236 [Simulation:Info:toast@toast-new:Simulation not generated] Magnitude 5.71 of event bmg2026pzgu is smaller than triggerMinMagnitude: no automatic simulation
2026/08/16 13:56:02.486530 [Incident:Info:toast@toast-new:Origin updated] Origin updated: OT: 2026-08-16 06:51:48,  Lat/Lon: -7.90226°/120.641°, Depth: 10
2026/08/16 13:56:02.486729 [Incident:Info:toast@toast-new:Magnitude updated] Magnitude updated: 5.59 (MLv)
2026/08/16 13:56:02.486769 [Simulation:Info:toast@toast-new:Simulation not generated] Magnitude 5.59 of event bmg2026pzgu is smaller than triggerMinMagnitude: no automatic simulation
2026/08/16 13:56:02.736927 [Incident:Info:toast@toast-new:Origin updated] Origin updated: OT: 2026-08-16 06:51:48,  Lat/Lon: -7.90226°/120.641°, Depth: 10
2026/08/16 13:56:02.737077 [Incident:Info:toast@toast-new:Magnitude updated] Magnitude updated: 5.75 (M)
2026/08/16 13:56:02.737143 [Simulation:Info:toast@toast-new:Simulation not generated] Magnitude 5.75 of event bmg2026pzgu is smaller than triggerMinMagnitude: no automatic simulation
2026/08/16 13:56:08.268235 [Incident:Info:toast@toast-new:Origin updated] Origin updated: OT: 2026-08-16 06:51:48,  Lat/Lon: -7.90226°/120.641°, Depth: 10
2026/08/16 13:56:08.268416 [Incident:Info:toast@toast-new:FM updated] FM updated
2026/08/16 13:56:08.268714 [Simulation:Info:toast@toast-new:Simulation not generated] Magnitude 5.75 of event bmg2026pzgu is smaller than triggerMinMagnitude: no automatic simulation
2026/08/16 13:56:14.211357 [Incident:Info:toast@toast-new:Origin updated] Origin updated: OT: 2026-08-16 06:51:48,  Lat/Lon: -7.90226°/120.641°, Depth: 10
2026/08/16 13:56:14.211504 [Incident:Info:toast@toast-new:Magnitude updated] Magnitude updated: 5.59 (MLv)
2026/08/16 13:56:14.211555 [Simulation:Info:toast@toast-new:Simulation not generated] Magnitude 5.59 of event bmg2026pzgu is smaller than triggerMinMagnitude: no automatic simulation
2026/08/16 13:56:16.694273 [Incident:Info:toast@toast-new:Origin updated] Origin updated: OT: 2026-08-16 06:51:48,  Lat/Lon: -7.90226°/120.641°, Depth: 10
2026/08/16 13:56:16.694427 [Incident:Info:toast@toast-new:FM updated] FM updated
2026/08/16 13:56:16.694714 [Simulation:Info:toast@toast-new:Simulation not generated] Magnitude 5.59 of event bmg2026pzgu is smaller than triggerMinMagnitude: no automatic simulation
2026/08/16 13:56:26.510604 [Incident:Info:toast@toast-new:Origin updated] Origin updated: OT: 2026-08-16 06:51:48,  Lat/Lon: -7.90226°/120.641°, Depth: 10
2026/08/16 13:56:26.510761 [Incident:Info:toast@toast-new:FM updated] FM updated
2026/08/16 13:56:26.511018 [Simulation:Info:toast@toast-new:Simulation not generated] Magnitude 5.59 of event bmg2026pzgu is smaller than triggerMinMagnitude: no automatic simulation
2026/08/16 13:56:37.225877 [Incident:Info:toast@toast-new:Origin updated] Origin updated: OT: 2026-08-16 06:51:48,  Lat/Lon: -7.90226°/120.641°, Depth: 10
2026/08/16 13:56:37.226046 [Incident:Info:toast@toast-new:FM updated] FM updated
2026/08/16 13:56:37.226331 [Simulation:Info:toast@toast-new:Simulation not generated] Magnitude 5.59 of event bmg2026pzgu is smaller than triggerMinMagnitude: no automatic simulation
2026/08/16 13:56:47.813685 [Incident:Info:toast@toast-new:Origin updated] Origin updated: OT: 2026-08-16 06:51:48,  Lat/Lon: -7.90226°/120.641°, Depth: 10
2026/08/16 13:56:47.813855 [Incident:Info:toast@toast-new:FM updated] FM updated
2026/08/16 13:56:47.814120 [Simulation:Info:toast@toast-new:Simulation not generated] Magnitude 5.59 of event bmg2026pzgu is smaller than triggerMinMagnitude: no automatic simulation
2026/08/16 13:57:07.317152 [Incident:Info:toast@toast-new:Origin updated] Origin updated: OT: 2026-08-16 06:51:48,  Lat/Lon: -7.90226°/120.641°, Depth: 10
2026/08/16 13:57:07.317310 [Incident:Info:toast@toast-new:FM updated] FM updated
2026/08/16 13:57:07.317561 [Simulation:Info:toast@toast-new:Simulation not generated] Magnitude 5.59 of event bmg2026pzgu is smaller than triggerMinMagnitude: no automatic simulation
2026/08/16 13:57:17.360809 [Incident:Info:toast@toast-new:Origin updated] Origin updated: OT: 2026-08-16 06:51:48,  Lat/Lon: -7.90226°/120.641°, Depth: 10
2026/08/16 13:57:17.360970 [Simulation:Info:toast@toast-new:Simulation not generated] Magnitude 5.59 of event bmg2026pzgu is smaller than triggerMinMagnitude: no automatic simulation
2026/08/16 13:59:06.468632 [Incident:Info:toast@toast-new:Origin updated] Origin updated: OT: 2026-08-16 06:51:48,  Lat/Lon: -7.90226°/120.641°, Depth: 10
2026/08/16 13:59:06.468795 [Incident:Info:toast@toast-new:FM updated] FM updated
2026/08/16 13:59:06.469191 [Simulation:Info:toast@toast-new:Simulation not generated] Magnitude 5.59 of event bmg2026pzgu is smaller than triggerMinMagnitude: no automatic simulation
2026/08/16 14:00:39.714736 [Incident:Info:toast@toast-new:Origin updated] Origin updated: OT: 2026-08-16 06:51:48,  Lat/Lon: -7.90226°/120.641°, Depth: 10
2026/08/16 14:00:39.714876 [Incident:Info:toast@toast-new:FM updated] FM updated
2026/08/16 14:00:39.715131 [Simulation:Info:toast@toast-new:Simulation not generated] Magnitude 5.59 of event bmg2026pzgu is smaller than triggerMinMagnitude: no automatic simulation
2026/08/16 18:23:59.910740 [Incident:Info:toast@toast-new:Origin updated] Origin updated: OT: 2026-08-16 06:51:48,  Lat/Lon: -7.91513°/120.653°, Depth: 10
2026/08/16 18:23:59.910904 [Incident:Info:toast@toast-new:Magnitude updated] Magnitude updated: 5.70 (MLv)
2026/08/16 18:23:59.910953 [Incident:Info:toast@toast-new:FM updated] FM updated
2026/08/16 18:23:59.911202 [Simulation:Info:toast@toast-new:Simulation not generated] Magnitude 5.70 of event bmg2026pzgu is smaller than triggerMinMagnitude: no automatic simulation
2026/08/16 18:24:07.102254 [Incident:Info:toast@toast-new:Origin updated] Origin updated: OT: 2026-08-16 06:51:48,  Lat/Lon: -7.91513°/120.653°, Depth: 10
2026/08/16 18:24:07.102407 [Incident:Info:toast@toast-new:Magnitude updated] Magnitude updated: 5.51 (Mw)
2026/08/16 18:24:07.102465 [Simulation:Info:toast@toast-new:Simulation not generated] Magnitude 5.51 of event bmg2026pzgu is smaller than triggerMinMagnitude: no automatic simulation
2026/08/16 18:32:39.224672 [Incident:Info:toast@toast-new:Origin updated] Origin updated: OT: 2026-08-16 06:51:48,  Lat/Lon: -7.91513°/120.653°, Depth: 10
2026/08/16 18:32:39.224816 [Incident:Info:toast@toast-new:Magnitude updated] Magnitude updated: 5.55 (Mw)
2026/08/16 18:32:39.224857 [Incident:Info:toast@toast-new:FM updated] FM updated
2026/08/16 18:32:39.225072 [Simulation:Info:toast@toast-new:Simulation not generated] Magnitude 5.55 of event bmg2026pzgu is smaller than triggerMinMagnitude: no automatic simulation
