2026/07/26 17:59:30.617654 [Incident:Info:toast@toast-new:Displacement(s) updated] Added 0 and changed 0 displacements with 0 amplitudes
2026/07/26 17:59:30.619450 [Incident:Info:toast@toast-new:Incident created] Incident created based on event received from messaging: OT: 2026-07-26 10:57:43,  Lat/Lon: -10.01°/123.70°, Depth: 25.65, Mag: 5.43 (M)
2026/07/26 17:59:30.620043 [Simulation:Info:toast@toast-new:Simulation not generated] Magnitude 5.43 of event bmg2026onfi is smaller than triggerMinMagnitude: no automatic simulation
2026/07/26 17:59:30.642129 [Incident:Info:toast@toast-new:Origin updated] Origin updated: OT: 2026-07-26 10:57:43,  Lat/Lon: -10.0086°/123.704°, Depth: 25.6465
2026/07/26 17:59:30.642310 [Simulation:Info:toast@toast-new:Simulation not generated] Magnitude 5.43 of event bmg2026onfi is smaller than triggerMinMagnitude: no automatic simulation
2026/07/26 17:59:31.095852 [Incident:Info:toast@toast-new:Origin updated] Origin updated: OT: 2026-07-26 10:57:43,  Lat/Lon: -10.0086°/123.704°, Depth: 25.6465
2026/07/26 17:59:31.096068 [Incident:Info:toast@toast-new:Magnitude updated] Magnitude updated: 5.45 (M)
2026/07/26 17:59:31.096125 [Simulation:Info:toast@toast-new:Simulation not generated] Magnitude 5.45 of event bmg2026onfi is smaller than triggerMinMagnitude: no automatic simulation
2026/07/26 17:59:36.076115 [Incident:Info:toast@toast-new:Origin updated] Origin updated: OT: 2026-07-26 10:57:43,  Lat/Lon: -10.0086°/123.704°, Depth: 25.6465
2026/07/26 17:59:36.076303 [Incident:Info:toast@toast-new:Magnitude updated] Magnitude updated: 5.46 (M)
2026/07/26 17:59:36.076366 [Simulation:Info:toast@toast-new:Simulation not generated] Magnitude 5.46 of event bmg2026onfi is smaller than triggerMinMagnitude: no automatic simulation
2026/07/26 17:59:39.938856 [Incident:Info:toast@toast-new:Origin updated] Origin updated: OT: 2026-07-26 10:57:43,  Lat/Lon: -10.0086°/123.704°, Depth: 25.6465
2026/07/26 17:59:39.939066 [Incident:Info:toast@toast-new:Magnitude updated] Magnitude updated: 5.46 (M)
2026/07/26 17:59:39.939115 [Simulation:Info:toast@toast-new:Simulation not generated] Magnitude 5.46 of event bmg2026onfi is smaller than triggerMinMagnitude: no automatic simulation
2026/07/26 17:59:39.965202 [Incident:Info:toast@toast-new:Origin updated] Origin updated: OT: 2026-07-26 10:57:43,  Lat/Lon: -10.0221°/123.709°, Depth: 26.288
2026/07/26 17:59:39.965368 [Incident:Info:toast@toast-new:Magnitude updated] Magnitude updated: 5.48 (M)
2026/07/26 17:59:39.965409 [Simulation:Info:toast@toast-new:Simulation not generated] Magnitude 5.48 of event bmg2026onfi is smaller than triggerMinMagnitude: no automatic simulation
2026/07/26 17:59:46.142278 [Incident:Info:toast@toast-new:Origin updated] Origin updated: OT: 2026-07-26 10:57:43,  Lat/Lon: -10.0221°/123.709°, Depth: 26.288
2026/07/26 17:59:46.142492 [Incident:Info:toast@toast-new:Magnitude updated] Magnitude updated: 5.49 (M)
2026/07/26 17:59:46.142532 [Simulation:Info:toast@toast-new:Simulation not generated] Magnitude 5.49 of event bmg2026onfi is smaller than triggerMinMagnitude: no automatic simulation
2026/07/26 17:59:50.450019 [Incident:Info:toast@toast-new:Origin updated] Origin updated: OT: 2026-07-26 10:57:43,  Lat/Lon: -10.0221°/123.709°, Depth: 26.288
2026/07/26 17:59:50.450214 [Incident:Info:toast@toast-new:Magnitude updated] Magnitude updated: 5.49 (M)
2026/07/26 17:59:50.450257 [Simulation:Info:toast@toast-new:Simulation not generated] Magnitude 5.49 of event bmg2026onfi is smaller than triggerMinMagnitude: no automatic simulation
2026/07/26 17:59:50.471335 [Incident:Info:toast@toast-new:Origin updated] Origin updated: OT: 2026-07-26 10:57:43,  Lat/Lon: -10.0437°/123.72°, Depth: 27.3922
2026/07/26 17:59:50.471490 [Incident:Info:toast@toast-new:Magnitude updated] Magnitude updated: 5.52 (M)
2026/07/26 17:59:50.471522 [Simulation:Info:toast@toast-new:Simulation not generated] Magnitude 5.52 of event bmg2026onfi is smaller than triggerMinMagnitude: no automatic simulation
2026/07/26 17:59:56.068073 [Incident:Info:toast@toast-new:Origin updated] Origin updated: OT: 2026-07-26 10:57:43,  Lat/Lon: -10.0437°/123.72°, Depth: 27.3922
2026/07/26 17:59:56.068497 [Incident:Info:toast@toast-new:Magnitude updated] Magnitude updated: 5.52 (M)
2026/07/26 17:59:56.068540 [Simulation:Info:toast@toast-new:Simulation not generated] Magnitude 5.52 of event bmg2026onfi is smaller than triggerMinMagnitude: no automatic simulation
2026/07/26 18:00:01.069887 [Incident:Info:toast@toast-new:Origin updated] Origin updated: OT: 2026-07-26 10:57:43,  Lat/Lon: -10.0437°/123.72°, Depth: 27.3922
2026/07/26 18:00:01.070087 [Incident:Info:toast@toast-new:Magnitude updated] Magnitude updated: 5.53 (M)
2026/07/26 18:00:01.070134 [Simulation:Info:toast@toast-new:Simulation not generated] Magnitude 5.53 of event bmg2026onfi is smaller than triggerMinMagnitude: no automatic simulation
2026/07/26 18:00:03.174662 [Incident:Info:toast@toast-new:Origin updated] Origin updated: OT: 2026-07-26 10:57:43,  Lat/Lon: -10.1554°/123.779°, Depth: 36.7707
2026/07/26 18:00:03.174926 [Incident:Info:toast@toast-new:Magnitude updated] Magnitude updated: 5.55 (M)
2026/07/26 18:00:03.174992 [Simulation:Info:toast@toast-new:Simulation not generated] Magnitude 5.55 of event bmg2026onfi is smaller than triggerMinMagnitude: no automatic simulation
2026/07/26 18:00:06.211640 [Incident:Info:toast@toast-new:Origin updated] Origin updated: OT: 2026-07-26 10:57:43,  Lat/Lon: -10.1554°/123.779°, Depth: 36.7707
2026/07/26 18:00:06.211804 [Incident:Info:toast@toast-new:Magnitude updated] Magnitude updated: 5.56 (M)
2026/07/26 18:00:06.211843 [Simulation:Info:toast@toast-new:Simulation not generated] Magnitude 5.56 of event bmg2026onfi is smaller than triggerMinMagnitude: no automatic simulation
2026/07/26 18:00:06.451725 [Incident:Info:toast@toast-new:Origin updated] Origin updated: OT: 2026-07-26 10:57:43,  Lat/Lon: -9.99933°/123.715°, Depth: 26.2061
2026/07/26 18:00:06.451961 [Incident:Info:toast@toast-new:Magnitude updated] Magnitude updated: 5.48 (M)
2026/07/26 18:00:06.452018 [Simulation:Info:toast@toast-new:Simulation not generated] Magnitude 5.48 of event bmg2026onfi is smaller than triggerMinMagnitude: no automatic simulation
2026/07/26 18:00:16.122145 [Incident:Info:toast@toast-new:Origin updated] Origin updated: OT: 2026-07-26 10:57:43,  Lat/Lon: -9.99933°/123.715°, Depth: 26.2061
2026/07/26 18:00:16.122342 [Incident:Info:toast@toast-new:Magnitude updated] Magnitude updated: 5.48 (M)
2026/07/26 18:00:16.122378 [Simulation:Info:toast@toast-new:Simulation not generated] Magnitude 5.48 of event bmg2026onfi is smaller than triggerMinMagnitude: no automatic simulation
2026/07/26 18:00:31.139083 [Incident:Info:toast@toast-new:Origin updated] Origin updated: OT: 2026-07-26 10:57:43,  Lat/Lon: -9.99933°/123.715°, Depth: 26.2061
2026/07/26 18:00:31.139254 [Incident:Info:toast@toast-new:Magnitude updated] Magnitude updated: 5.49 (M)
2026/07/26 18:00:31.139284 [Simulation:Info:toast@toast-new:Simulation not generated] Magnitude 5.49 of event bmg2026onfi is smaller than triggerMinMagnitude: no automatic simulation
2026/07/26 18:01:14.625439 [Incident:Info:toast@toast-new:Origin updated] Origin updated: OT: 2026-07-26 10:57:43,  Lat/Lon: -9.99933°/123.715°, Depth: 26.2061
2026/07/26 18:01:14.625633 [Incident:Info:toast@toast-new:FM updated] FM updated
2026/07/26 18:01:14.625882 [Simulation:Info:toast@toast-new:Simulation not generated] Magnitude 5.49 of event bmg2026onfi is smaller than triggerMinMagnitude: no automatic simulation
2026/07/26 18:01:16.689521 [Incident:Info:toast@toast-new:Origin updated] Origin updated: OT: 2026-07-26 10:57:43,  Lat/Lon: -9.99933°/123.715°, Depth: 26.2061
2026/07/26 18:01:16.689703 [Incident:Info:toast@toast-new:FM updated] FM updated
2026/07/26 18:01:16.689955 [Simulation:Info:toast@toast-new:Simulation not generated] Magnitude 5.49 of event bmg2026onfi is smaller than triggerMinMagnitude: no automatic simulation
2026/07/26 18:01:45.602742 [Incident:Info:toast@toast-new:Origin updated] Origin updated: OT: 2026-07-26 10:57:43,  Lat/Lon: -10.1439°/123.749°, Depth: 36.6965
2026/07/26 18:01:45.602982 [Incident:Info:toast@toast-new:Magnitude updated] Magnitude updated: 5.66 (MLv)
2026/07/26 18:01:45.603053 [Simulation:Info:toast@toast-new:Simulation not generated] Magnitude 5.66 of event bmg2026onfi is smaller than triggerMinMagnitude: no automatic simulation
2026/07/26 18:01:45.714233 [Incident:Info:toast@toast-new:Origin updated] Origin updated: OT: 2026-07-26 10:57:43,  Lat/Lon: -10.1439°/123.749°, Depth: 36.6965
2026/07/26 18:01:45.714410 [Incident:Info:toast@toast-new:Magnitude updated] Magnitude updated: 5.35 (M)
2026/07/26 18:01:45.714474 [Simulation:Info:toast@toast-new:Simulation not generated] Magnitude 5.35 of event bmg2026onfi is smaller than triggerMinMagnitude: no automatic simulation
2026/07/26 18:01:51.233561 [Incident:Info:toast@toast-new:Origin updated] Origin updated: OT: 2026-07-26 10:57:43,  Lat/Lon: -10.1439°/123.749°, Depth: 36.6965
2026/07/26 18:01:51.233752 [Incident:Info:toast@toast-new:Magnitude updated] Magnitude updated: 5.35 (M)
2026/07/26 18:01:51.233817 [Simulation:Info:toast@toast-new:Simulation not generated] Magnitude 5.35 of event bmg2026onfi is smaller than triggerMinMagnitude: no automatic simulation
2026/07/26 18:02:11.195626 [Incident:Info:toast@toast-new:Origin updated] Origin updated: OT: 2026-07-26 10:57:43,  Lat/Lon: -10.1439°/123.749°, Depth: 36.6965
2026/07/26 18:02:11.195824 [Incident:Info:toast@toast-new:Magnitude updated] Magnitude updated: 5.35 (M)
2026/07/26 18:02:11.195874 [Simulation:Info:toast@toast-new:Simulation not generated] Magnitude 5.35 of event bmg2026onfi is smaller than triggerMinMagnitude: no automatic simulation
2026/07/26 18:02:31.272314 [Incident:Info:toast@toast-new:Origin updated] Origin updated: OT: 2026-07-26 10:57:43,  Lat/Lon: -10.1439°/123.749°, Depth: 36.6965
2026/07/26 18:02:31.272462 [Incident:Info:toast@toast-new:Magnitude updated] Magnitude updated: 5.35 (M)
2026/07/26 18:02:31.272493 [Simulation:Info:toast@toast-new:Simulation not generated] Magnitude 5.35 of event bmg2026onfi is smaller than triggerMinMagnitude: no automatic simulation
2026/07/26 18:02:36.782797 [Incident:Info:toast@toast-new:Origin updated] Origin updated: OT: 2026-07-26 10:57:43,  Lat/Lon: -10.1439°/123.749°, Depth: 36.6965
2026/07/26 18:02:36.782986 [Incident:Info:toast@toast-new:FM updated] FM updated
2026/07/26 18:02:36.783240 [Simulation:Info:toast@toast-new:Simulation not generated] Magnitude 5.35 of event bmg2026onfi is smaller than triggerMinMagnitude: no automatic simulation
2026/07/26 18:02:57.537427 [Incident:Info:toast@toast-new:Origin updated] Origin updated: OT: 2026-07-26 10:57:43,  Lat/Lon: -10.1439°/123.749°, Depth: 36.6965
2026/07/26 18:02:57.537618 [Incident:Info:toast@toast-new:FM updated] FM updated
2026/07/26 18:02:57.537871 [Simulation:Info:toast@toast-new:Simulation not generated] Magnitude 5.35 of event bmg2026onfi is smaller than triggerMinMagnitude: no automatic simulation
2026/07/26 18:03:36.861213 [Incident:Info:toast@toast-new:Origin updated] Origin updated: OT: 2026-07-26 10:57:43,  Lat/Lon: -10.1439°/123.749°, Depth: 36.6965
2026/07/26 18:03:36.861410 [Simulation:Info:toast@toast-new:Simulation not generated] Magnitude 5.35 of event bmg2026onfi is smaller than triggerMinMagnitude: no automatic simulation
2026/07/26 18:03:42.178633 [Incident:Info:toast@toast-new:Origin updated] Origin updated: OT: 2026-07-26 10:57:43,  Lat/Lon: -10.1439°/123.749°, Depth: 36.6965
2026/07/26 18:03:42.178802 [Incident:Info:toast@toast-new:FM updated] FM updated
2026/07/26 18:03:42.179034 [Simulation:Info:toast@toast-new:Simulation not generated] Magnitude 5.35 of event bmg2026onfi is smaller than triggerMinMagnitude: no automatic simulation
2026/07/26 18:05:37.171533 [Incident:Info:toast@toast-new:Origin updated] Origin updated: OT: 2026-07-26 10:57:43,  Lat/Lon: -10.1439°/123.749°, Depth: 36.6965
2026/07/26 18:05:37.171726 [Incident:Info:toast@toast-new:FM updated] FM updated
2026/07/26 18:05:37.171981 [Simulation:Info:toast@toast-new:Simulation not generated] Magnitude 5.35 of event bmg2026onfi is smaller than triggerMinMagnitude: no automatic simulation
2026/07/26 18:05:51.949807 [Incident:Info:toast@toast-new:Origin updated] Origin updated: OT: 2026-07-26 10:57:43,  Lat/Lon: -10.1439°/123.749°, Depth: 36.6965
2026/07/26 18:05:51.949983 [Incident:Info:toast@toast-new:FM updated] FM updated
2026/07/26 18:05:51.950228 [Simulation:Info:toast@toast-new:Simulation not generated] Magnitude 5.35 of event bmg2026onfi is smaller than triggerMinMagnitude: no automatic simulation
2026/07/26 18:08:08.440165 [Incident:Info:toast@toast-new:Origin updated] Origin updated: OT: 2026-07-26 10:57:43,  Lat/Lon: -10.1609°/123.766°, Depth: 44.0097
2026/07/26 18:08:08.440388 [Incident:Info:toast@toast-new:Magnitude updated] Magnitude updated: 5.28 (Mw(mB))
2026/07/26 18:08:08.440426 [Simulation:Info:toast@toast-new:Simulation not generated] Magnitude 5.28 of event bmg2026onfi is smaller than triggerMinMagnitude: no automatic simulation
2026/07/26 18:09:13.634411 [Incident:Info:toast@toast-new:Origin updated] Origin updated: OT: 2026-07-26 10:57:43,  Lat/Lon: -10.1609°/123.766°, Depth: 44.0097
2026/07/26 18:09:13.634600 [Incident:Info:toast@toast-new:FM updated] FM updated
2026/07/26 18:09:13.634885 [Simulation:Info:toast@toast-new:Simulation not generated] Magnitude 5.28 of event bmg2026onfi is smaller than triggerMinMagnitude: no automatic simulation
2026/07/26 18:11:18.214914 [Incident:Info:toast@toast-new:Origin updated] Origin updated: OT: 2026-07-26 10:57:43,  Lat/Lon: -10.1609°/123.766°, Depth: 44.0097
2026/07/26 18:11:18.215108 [Incident:Info:toast@toast-new:FM updated] FM updated
2026/07/26 18:11:18.215359 [Simulation:Info:toast@toast-new:Simulation not generated] Magnitude 5.28 of event bmg2026onfi is smaller than triggerMinMagnitude: no automatic simulation
