2026/08/19 03:31:19.245229 [Incident:Info:toast@toast-new:Displacement(s) updated] Added 0 and changed 0 displacements with 0 amplitudes
2026/08/19 03:31:19.245879 [Incident:Info:toast@toast-new:Incident created] Incident created based on event received from messaging: OT: 2026-08-18 20:28:43,  Lat/Lon: -9.38°/122.60°, Depth: 10.00, Mag: 5.00 (M)
2026/08/19 03:31:19.246434 [Simulation:Info:toast@toast-new:Simulation not generated] Magnitude 5.00 of event bmg2026qdyt is smaller than triggerMinMagnitude: no automatic simulation
2026/08/19 03:31:19.267043 [Incident:Info:toast@toast-new:Origin updated] Origin updated: OT: 2026-08-18 20:28:43,  Lat/Lon: -9.38193°/122.595°, Depth: 10
2026/08/19 03:31:19.267210 [Simulation:Info:toast@toast-new:Simulation not generated] Magnitude 5.00 of event bmg2026qdyt is smaller than triggerMinMagnitude: no automatic simulation
2026/08/19 03:31:19.617062 [Incident:Info:toast@toast-new:Origin updated] Origin updated: OT: 2026-08-18 20:28:43,  Lat/Lon: -9.38193°/122.595°, Depth: 10
2026/08/19 03:31:19.617231 [Incident:Info:toast@toast-new:Magnitude updated] Magnitude updated: 5.00 (M)
2026/08/19 03:31:19.617271 [Simulation:Info:toast@toast-new:Simulation not generated] Magnitude 5.00 of event bmg2026qdyt is smaller than triggerMinMagnitude: no automatic simulation
2026/08/19 03:31:24.681949 [Incident:Info:toast@toast-new:Origin updated] Origin updated: OT: 2026-08-18 20:28:43,  Lat/Lon: -9.38193°/122.595°, Depth: 10
2026/08/19 03:31:24.682097 [Incident:Info:toast@toast-new:Magnitude updated] Magnitude updated: 5.00 (M)
2026/08/19 03:31:24.682126 [Simulation:Info:toast@toast-new:Simulation not generated] Magnitude 5.00 of event bmg2026qdyt is smaller than triggerMinMagnitude: no automatic simulation
2026/08/19 03:31:29.674169 [Incident:Info:toast@toast-new:Origin updated] Origin updated: OT: 2026-08-18 20:28:43,  Lat/Lon: -9.38193°/122.595°, Depth: 10
2026/08/19 03:31:29.674328 [Incident:Info:toast@toast-new:Magnitude updated] Magnitude updated: 5.04 (M)
2026/08/19 03:31:29.674359 [Simulation:Info:toast@toast-new:Simulation not generated] Magnitude 5.04 of event bmg2026qdyt is smaller than triggerMinMagnitude: no automatic simulation
2026/08/19 03:31:33.998057 [Incident:Info:toast@toast-new:Origin updated] Origin updated: OT: 2026-08-18 20:28:42,  Lat/Lon: -9.39221°/122.589°, Depth: 10
2026/08/19 03:31:33.998249 [Incident:Info:toast@toast-new:Magnitude updated] Magnitude updated: 5.05 (M)
2026/08/19 03:31:33.998286 [Simulation:Info:toast@toast-new:Simulation not generated] Magnitude 5.05 of event bmg2026qdyt is smaller than triggerMinMagnitude: no automatic simulation
2026/08/19 03:31:39.760560 [Incident:Info:toast@toast-new:Origin updated] Origin updated: OT: 2026-08-18 20:28:42,  Lat/Lon: -9.39221°/122.589°, Depth: 10
2026/08/19 03:31:39.760702 [Incident:Info:toast@toast-new:Magnitude updated] Magnitude updated: 5.07 (M)
2026/08/19 03:31:39.760745 [Simulation:Info:toast@toast-new:Simulation not generated] Magnitude 5.07 of event bmg2026qdyt is smaller than triggerMinMagnitude: no automatic simulation
2026/08/19 03:31:44.724013 [Incident:Info:toast@toast-new:Origin updated] Origin updated: OT: 2026-08-18 20:28:42,  Lat/Lon: -9.39221°/122.589°, Depth: 10
2026/08/19 03:31:44.724166 [Incident:Info:toast@toast-new:Magnitude updated] Magnitude updated: 5.10 (M)
2026/08/19 03:31:44.724196 [Simulation:Info:toast@toast-new:Simulation not generated] Magnitude 5.10 of event bmg2026qdyt is smaller than triggerMinMagnitude: no automatic simulation
2026/08/19 03:31:49.264612 [Incident:Info:toast@toast-new:Origin updated] Origin updated: OT: 2026-08-18 20:28:43,  Lat/Lon: -9.38739°/122.594°, Depth: 10
2026/08/19 03:31:49.264783 [Incident:Info:toast@toast-new:Magnitude updated] Magnitude updated: 5.08 (M)
2026/08/19 03:31:49.264814 [Simulation:Info:toast@toast-new:Simulation not generated] Magnitude 5.08 of event bmg2026qdyt is smaller than triggerMinMagnitude: no automatic simulation
2026/08/19 03:31:54.744546 [Incident:Info:toast@toast-new:Origin updated] Origin updated: OT: 2026-08-18 20:28:43,  Lat/Lon: -9.38739°/122.594°, Depth: 10
2026/08/19 03:31:54.744726 [Incident:Info:toast@toast-new:Magnitude updated] Magnitude updated: 5.08 (M)
2026/08/19 03:31:54.744764 [Simulation:Info:toast@toast-new:Simulation not generated] Magnitude 5.08 of event bmg2026qdyt is smaller than triggerMinMagnitude: no automatic simulation
2026/08/19 03:31:59.780412 [Incident:Info:toast@toast-new:Origin updated] Origin updated: OT: 2026-08-18 20:28:43,  Lat/Lon: -9.38739°/122.594°, Depth: 10
2026/08/19 03:31:59.780576 [Incident:Info:toast@toast-new:Magnitude updated] Magnitude updated: 5.05 (M)
2026/08/19 03:31:59.780619 [Simulation:Info:toast@toast-new:Simulation not generated] Magnitude 5.05 of event bmg2026qdyt is smaller than triggerMinMagnitude: no automatic simulation
2026/08/19 03:32:04.677655 [Incident:Info:toast@toast-new:Origin updated] Origin updated: OT: 2026-08-18 20:28:43,  Lat/Lon: -9.38739°/122.594°, Depth: 10
2026/08/19 03:32:04.677835 [Incident:Info:toast@toast-new:Magnitude updated] Magnitude updated: 5.05 (M)
2026/08/19 03:32:04.677880 [Simulation:Info:toast@toast-new:Simulation not generated] Magnitude 5.05 of event bmg2026qdyt is smaller than triggerMinMagnitude: no automatic simulation
2026/08/19 03:32:09.701289 [Incident:Info:toast@toast-new:Origin updated] Origin updated: OT: 2026-08-18 20:28:43,  Lat/Lon: -9.38739°/122.594°, Depth: 10
2026/08/19 03:32:09.701450 [Incident:Info:toast@toast-new:Magnitude updated] Magnitude updated: 5.07 (M)
2026/08/19 03:32:09.701487 [Simulation:Info:toast@toast-new:Simulation not generated] Magnitude 5.07 of event bmg2026qdyt is smaller than triggerMinMagnitude: no automatic simulation
2026/08/19 03:32:14.721380 [Incident:Info:toast@toast-new:Origin updated] Origin updated: OT: 2026-08-18 20:28:43,  Lat/Lon: -9.38739°/122.594°, Depth: 10
2026/08/19 03:32:14.721551 [Incident:Info:toast@toast-new:Magnitude updated] Magnitude updated: 5.08 (M)
2026/08/19 03:32:14.721590 [Simulation:Info:toast@toast-new:Simulation not generated] Magnitude 5.08 of event bmg2026qdyt is smaller than triggerMinMagnitude: no automatic simulation
2026/08/19 03:32:19.626240 [Incident:Info:toast@toast-new:Origin updated] Origin updated: OT: 2026-08-18 20:28:43,  Lat/Lon: -9.38739°/122.594°, Depth: 10
2026/08/19 03:32:19.626384 [Incident:Info:toast@toast-new:Magnitude updated] Magnitude updated: 5.08 (M)
2026/08/19 03:32:19.626413 [Simulation:Info:toast@toast-new:Simulation not generated] Magnitude 5.08 of event bmg2026qdyt is smaller than triggerMinMagnitude: no automatic simulation
2026/08/19 03:32:21.098361 [Incident:Info:toast@toast-new:Origin updated] Origin updated: OT: 2026-08-18 20:28:43,  Lat/Lon: -9.36665°/122.589°, Depth: 10
2026/08/19 03:32:21.098520 [Incident:Info:toast@toast-new:Magnitude updated] Magnitude updated: 5.07 (M)
2026/08/19 03:32:21.098549 [Simulation:Info:toast@toast-new:Simulation not generated] Magnitude 5.07 of event bmg2026qdyt is smaller than triggerMinMagnitude: no automatic simulation
2026/08/19 03:32:24.689961 [Incident:Info:toast@toast-new:Origin updated] Origin updated: OT: 2026-08-18 20:28:43,  Lat/Lon: -9.36665°/122.589°, Depth: 10
2026/08/19 03:32:24.690129 [Incident:Info:toast@toast-new:Magnitude updated] Magnitude updated: 5.07 (M)
2026/08/19 03:32:24.690167 [Simulation:Info:toast@toast-new:Simulation not generated] Magnitude 5.07 of event bmg2026qdyt is smaller than triggerMinMagnitude: no automatic simulation
2026/08/19 03:32:29.648668 [Incident:Info:toast@toast-new:Origin updated] Origin updated: OT: 2026-08-18 20:28:43,  Lat/Lon: -9.36665°/122.589°, Depth: 10
2026/08/19 03:32:29.648840 [Incident:Info:toast@toast-new:Magnitude updated] Magnitude updated: 5.07 (M)
2026/08/19 03:32:29.648880 [Simulation:Info:toast@toast-new:Simulation not generated] Magnitude 5.07 of event bmg2026qdyt is smaller than triggerMinMagnitude: no automatic simulation
2026/08/19 03:32:39.686285 [Incident:Info:toast@toast-new:Origin updated] Origin updated: OT: 2026-08-18 20:28:43,  Lat/Lon: -9.36665°/122.589°, Depth: 10
2026/08/19 03:32:39.686455 [Incident:Info:toast@toast-new:Magnitude updated] Magnitude updated: 5.07 (M)
2026/08/19 03:32:39.686511 [Simulation:Info:toast@toast-new:Simulation not generated] Magnitude 5.07 of event bmg2026qdyt is smaller than triggerMinMagnitude: no automatic simulation
2026/08/19 03:32:44.628920 [Incident:Info:toast@toast-new:Origin updated] Origin updated: OT: 2026-08-18 20:28:43,  Lat/Lon: -9.36665°/122.589°, Depth: 10
2026/08/19 03:32:44.629078 [Incident:Info:toast@toast-new:Magnitude updated] Magnitude updated: 5.07 (M)
2026/08/19 03:32:44.629117 [Simulation:Info:toast@toast-new:Simulation not generated] Magnitude 5.07 of event bmg2026qdyt is smaller than triggerMinMagnitude: no automatic simulation
2026/08/19 03:32:49.671218 [Incident:Info:toast@toast-new:Origin updated] Origin updated: OT: 2026-08-18 20:28:43,  Lat/Lon: -9.36665°/122.589°, Depth: 10
2026/08/19 03:32:49.671340 [Incident:Info:toast@toast-new:Magnitude updated] Magnitude updated: 5.07 (M)
2026/08/19 03:32:49.671369 [Simulation:Info:toast@toast-new:Simulation not generated] Magnitude 5.07 of event bmg2026qdyt is smaller than triggerMinMagnitude: no automatic simulation
2026/08/19 03:32:54.670251 [Incident:Info:toast@toast-new:Origin updated] Origin updated: OT: 2026-08-18 20:28:43,  Lat/Lon: -9.36665°/122.589°, Depth: 10
2026/08/19 03:32:54.670438 [Incident:Info:toast@toast-new:Magnitude updated] Magnitude updated: 5.08 (M)
2026/08/19 03:32:54.670489 [Simulation:Info:toast@toast-new:Simulation not generated] Magnitude 5.08 of event bmg2026qdyt is smaller than triggerMinMagnitude: no automatic simulation
2026/08/19 03:32:59.682203 [Incident:Info:toast@toast-new:Origin updated] Origin updated: OT: 2026-08-18 20:28:43,  Lat/Lon: -9.36665°/122.589°, Depth: 10
2026/08/19 03:32:59.682374 [Incident:Info:toast@toast-new:Magnitude updated] Magnitude updated: 5.08 (M)
2026/08/19 03:32:59.682412 [Simulation:Info:toast@toast-new:Simulation not generated] Magnitude 5.08 of event bmg2026qdyt is smaller than triggerMinMagnitude: no automatic simulation
2026/08/19 03:33:09.660234 [Incident:Info:toast@toast-new:Origin updated] Origin updated: OT: 2026-08-18 20:28:43,  Lat/Lon: -9.36665°/122.589°, Depth: 10
2026/08/19 03:33:09.660425 [Incident:Info:toast@toast-new:Magnitude updated] Magnitude updated: 5.08 (M)
2026/08/19 03:33:09.660467 [Simulation:Info:toast@toast-new:Simulation not generated] Magnitude 5.08 of event bmg2026qdyt is smaller than triggerMinMagnitude: no automatic simulation
2026/08/19 03:33:19.674176 [Incident:Info:toast@toast-new:Origin updated] Origin updated: OT: 2026-08-18 20:28:43,  Lat/Lon: -9.36665°/122.589°, Depth: 10
2026/08/19 03:33:19.674343 [Incident:Info:toast@toast-new:Magnitude updated] Magnitude updated: 5.08 (M)
2026/08/19 03:33:19.674373 [Simulation:Info:toast@toast-new:Simulation not generated] Magnitude 5.08 of event bmg2026qdyt is smaller than triggerMinMagnitude: no automatic simulation
2026/08/19 03:33:21.617109 [Incident:Info:toast@toast-new:Origin updated] Origin updated: OT: 2026-08-18 20:28:40,  Lat/Lon: -9.59796°/122.67°, Depth: 10
2026/08/19 03:33:21.617291 [Incident:Info:toast@toast-new:Magnitude updated] Magnitude updated: 5.02 (M)
2026/08/19 03:33:21.617329 [Simulation:Info:toast@toast-new:Simulation not generated] Magnitude 5.02 of event bmg2026qdyt is smaller than triggerMinMagnitude: no automatic simulation
2026/08/20 07:33:59.627572 [Incident:Info:toast@toast-new:Origin updated] Origin updated: OT: 2026-08-18 20:28:58,  Lat/Lon: -8.25135°/121.281°, Depth: 10
2026/08/20 07:33:59.627817 [Incident:Info:toast@toast-new:Magnitude updated] Magnitude updated: 5.04 (Mw)
2026/08/20 07:33:59.627884 [Incident:Info:toast@toast-new:FM updated] FM updated
2026/08/20 07:33:59.628146 [Simulation:Info:toast@toast-new:Simulation not generated] Magnitude 5.04 of event bmg2026qdyt is smaller than triggerMinMagnitude: no automatic simulation
2026/08/20 07:34:06.864348 [Incident:Info:toast@toast-new:Origin updated] Origin updated: OT: 2026-08-18 20:28:58,  Lat/Lon: -8.25135°/121.281°, Depth: 10
2026/08/20 07:34:06.864522 [Simulation:Info:toast@toast-new:Simulation not generated] Magnitude 5.04 of event bmg2026qdyt is smaller than triggerMinMagnitude: no automatic simulation
