2026/08/20 15:03:26.527428 [Incident:Info:toast@toast-new:Displacement(s) updated] Added 0 and changed 0 displacements with 0 amplitudes
2026/08/20 15:03:26.527898 [Incident:Info:toast@toast-new:Incident created] Incident created based on event received from messaging: OT: 2026-08-20 08:01:31,  Lat/Lon: -8.21°/120.57°, Depth: 18.72, Mag: 5.42 (MLv)
2026/08/20 15:03:26.528485 [Simulation:Info:toast@toast-new:Simulation not generated] Magnitude 5.42 of event bmg2026qgrb is smaller than triggerMinMagnitude: no automatic simulation
2026/08/20 15:03:26.550144 [Incident:Info:toast@toast-new:Origin updated] Origin updated: OT: 2026-08-20 08:01:31,  Lat/Lon: -8.20666°/120.565°, Depth: 18.7241
2026/08/20 15:03:26.550292 [Simulation:Info:toast@toast-new:Simulation not generated] Magnitude 5.42 of event bmg2026qgrb is smaller than triggerMinMagnitude: no automatic simulation
2026/08/20 15:03:26.571843 [Incident:Info:toast@toast-new:Origin updated] Origin updated: OT: 2026-08-20 08:01:31,  Lat/Lon: -8.20666°/120.565°, Depth: 18.7241
2026/08/20 15:03:26.571974 [Incident:Info:toast@toast-new:Magnitude updated] Magnitude updated: 5.38 (M)
2026/08/20 15:03:26.572020 [Simulation:Info:toast@toast-new:Simulation not generated] Magnitude 5.38 of event bmg2026qgrb is smaller than triggerMinMagnitude: no automatic simulation
2026/08/20 15:03:39.652962 [Incident:Info:toast@toast-new:Origin updated] Origin updated: OT: 2026-08-20 08:01:31,  Lat/Lon: -8.20666°/120.565°, Depth: 18.7241
2026/08/20 15:03:39.653118 [Incident:Info:toast@toast-new:Magnitude updated] Magnitude updated: 5.41 (M)
2026/08/20 15:03:39.653147 [Simulation:Info:toast@toast-new:Simulation not generated] Magnitude 5.41 of event bmg2026qgrb is smaller than triggerMinMagnitude: no automatic simulation
2026/08/20 15:03:55.657917 [Incident:Info:toast@toast-new:Origin updated] Origin updated: OT: 2026-08-20 08:01:32,  Lat/Lon: -8.24162°/120.616°, Depth: 10
2026/08/20 15:03:55.658103 [Incident:Info:toast@toast-new:Magnitude updated] Magnitude updated: 5.10 (MLv)
2026/08/20 15:03:55.658142 [Simulation:Info:toast@toast-new:Simulation not generated] Magnitude 5.10 of event bmg2026qgrb is smaller than triggerMinMagnitude: no automatic simulation
2026/08/20 15:03:55.738699 [Incident:Info:toast@toast-new:Origin updated] Origin updated: OT: 2026-08-20 08:01:32,  Lat/Lon: -8.24162°/120.616°, Depth: 10
2026/08/20 15:03:55.738793 [Incident:Info:toast@toast-new:Magnitude updated] Magnitude updated: 5.18 (M)
2026/08/20 15:03:55.738827 [Simulation:Info:toast@toast-new:Simulation not generated] Magnitude 5.18 of event bmg2026qgrb is smaller than triggerMinMagnitude: no automatic simulation
2026/08/20 15:03:58.620422 [Incident:Info:toast@toast-new:Origin updated] Origin updated: OT: 2026-08-20 08:01:32,  Lat/Lon: -8.24162°/120.616°, Depth: 10
2026/08/20 15:03:58.620584 [Simulation:Info:toast@toast-new:Simulation not generated] Magnitude 5.18 of event bmg2026qgrb is smaller than triggerMinMagnitude: no automatic simulation
2026/08/20 15:03:58.798363 [Incident:Info:toast@toast-new:Origin updated] Origin updated: OT: 2026-08-20 08:01:32,  Lat/Lon: -8.24162°/120.616°, Depth: 10
2026/08/20 15:03:58.798497 [Incident:Info:toast@toast-new:Magnitude updated] Magnitude updated: 5.20 (M)
2026/08/20 15:03:58.798526 [Simulation:Info:toast@toast-new:Simulation not generated] Magnitude 5.20 of event bmg2026qgrb is smaller than triggerMinMagnitude: no automatic simulation
2026/08/20 15:03:59.683539 [Incident:Info:toast@toast-new:Origin updated] Origin updated: OT: 2026-08-20 08:01:32,  Lat/Lon: -8.24162°/120.616°, Depth: 10
2026/08/20 15:03:59.683690 [Incident:Info:toast@toast-new:Magnitude updated] Magnitude updated: 5.20 (M)
2026/08/20 15:03:59.683721 [Simulation:Info:toast@toast-new:Simulation not generated] Magnitude 5.20 of event bmg2026qgrb is smaller than triggerMinMagnitude: no automatic simulation
2026/08/20 15:04:04.121704 [Incident:Info:toast@toast-new:Origin updated] Origin updated: OT: 2026-08-20 08:01:32,  Lat/Lon: -8.24162°/120.616°, Depth: 10
2026/08/20 15:04:04.121842 [Incident:Info:toast@toast-new:Magnitude updated] Magnitude updated: 5.20 (M)
2026/08/20 15:04:04.121884 [Simulation:Info:toast@toast-new:Simulation not generated] Magnitude 5.20 of event bmg2026qgrb is smaller than triggerMinMagnitude: no automatic simulation
2026/08/20 15:04:09.801554 [Incident:Info:toast@toast-new:Origin updated] Origin updated: OT: 2026-08-20 08:01:32,  Lat/Lon: -8.24162°/120.616°, Depth: 10
2026/08/20 15:04:09.801694 [Incident:Info:toast@toast-new:Magnitude updated] Magnitude updated: 5.21 (M)
2026/08/20 15:04:09.801724 [Simulation:Info:toast@toast-new:Simulation not generated] Magnitude 5.21 of event bmg2026qgrb is smaller than triggerMinMagnitude: no automatic simulation
2026/08/20 15:04:14.739659 [Incident:Info:toast@toast-new:Origin updated] Origin updated: OT: 2026-08-20 08:01:32,  Lat/Lon: -8.24162°/120.616°, Depth: 10
2026/08/20 15:04:14.739814 [Incident:Info:toast@toast-new:Magnitude updated] Magnitude updated: 5.21 (M)
2026/08/20 15:04:14.739850 [Simulation:Info:toast@toast-new:Simulation not generated] Magnitude 5.21 of event bmg2026qgrb is smaller than triggerMinMagnitude: no automatic simulation
2026/08/20 15:04:19.757072 [Incident:Info:toast@toast-new:Origin updated] Origin updated: OT: 2026-08-20 08:01:32,  Lat/Lon: -8.24162°/120.616°, Depth: 10
2026/08/20 15:04:19.757225 [Incident:Info:toast@toast-new:Magnitude updated] Magnitude updated: 5.21 (M)
2026/08/20 15:04:19.757259 [Simulation:Info:toast@toast-new:Simulation not generated] Magnitude 5.21 of event bmg2026qgrb is smaller than triggerMinMagnitude: no automatic simulation
2026/08/20 15:04:24.778931 [Incident:Info:toast@toast-new:Origin updated] Origin updated: OT: 2026-08-20 08:01:32,  Lat/Lon: -8.24162°/120.616°, Depth: 10
2026/08/20 15:04:24.779078 [Incident:Info:toast@toast-new:Magnitude updated] Magnitude updated: 5.21 (M)
2026/08/20 15:04:24.779109 [Simulation:Info:toast@toast-new:Simulation not generated] Magnitude 5.21 of event bmg2026qgrb is smaller than triggerMinMagnitude: no automatic simulation
2026/08/20 15:04:29.669146 [Incident:Info:toast@toast-new:Origin updated] Origin updated: OT: 2026-08-20 08:01:32,  Lat/Lon: -8.24162°/120.616°, Depth: 10
2026/08/20 15:04:29.669290 [Incident:Info:toast@toast-new:Magnitude updated] Magnitude updated: 5.21 (M)
2026/08/20 15:04:29.669320 [Simulation:Info:toast@toast-new:Simulation not generated] Magnitude 5.21 of event bmg2026qgrb is smaller than triggerMinMagnitude: no automatic simulation
2026/08/20 15:04:44.656877 [Incident:Info:toast@toast-new:Origin updated] Origin updated: OT: 2026-08-20 08:01:32,  Lat/Lon: -8.24162°/120.616°, Depth: 10
2026/08/20 15:04:44.657024 [Incident:Info:toast@toast-new:Magnitude updated] Magnitude updated: 5.21 (M)
2026/08/20 15:04:44.657055 [Simulation:Info:toast@toast-new:Simulation not generated] Magnitude 5.21 of event bmg2026qgrb is smaller than triggerMinMagnitude: no automatic simulation
2026/08/20 15:04:51.796645 [Incident:Info:toast@toast-new:Origin updated] Origin updated: OT: 2026-08-20 08:01:33,  Lat/Lon: -8.24109°/120.692°, Depth: 10
2026/08/20 15:04:51.796812 [Incident:Info:toast@toast-new:Magnitude updated] Magnitude updated: 5.12 (MLv)
2026/08/20 15:04:51.796865 [Simulation:Info:toast@toast-new:Simulation not generated] Magnitude 5.12 of event bmg2026qgrb is smaller than triggerMinMagnitude: no automatic simulation
2026/08/20 15:04:51.944633 [Incident:Info:toast@toast-new:Origin updated] Origin updated: OT: 2026-08-20 08:01:33,  Lat/Lon: -8.24109°/120.692°, Depth: 10
2026/08/20 15:04:51.944763 [Incident:Info:toast@toast-new:Magnitude updated] Magnitude updated: 5.25 (M)
2026/08/20 15:04:51.944824 [Simulation:Info:toast@toast-new:Simulation not generated] Magnitude 5.25 of event bmg2026qgrb is smaller than triggerMinMagnitude: no automatic simulation
2026/08/20 15:04:54.764451 [Incident:Info:toast@toast-new:Origin updated] Origin updated: OT: 2026-08-20 08:01:33,  Lat/Lon: -8.24109°/120.692°, Depth: 10
2026/08/20 15:04:54.764595 [Incident:Info:toast@toast-new:Magnitude updated] Magnitude updated: 5.27 (M)
2026/08/20 15:04:54.764630 [Simulation:Info:toast@toast-new:Simulation not generated] Magnitude 5.27 of event bmg2026qgrb is smaller than triggerMinMagnitude: no automatic simulation
2026/08/20 15:04:59.811059 [Incident:Info:toast@toast-new:Origin updated] Origin updated: OT: 2026-08-20 08:01:33,  Lat/Lon: -8.24109°/120.692°, Depth: 10
2026/08/20 15:04:59.811225 [Incident:Info:toast@toast-new:Magnitude updated] Magnitude updated: 5.27 (M)
2026/08/20 15:04:59.811258 [Simulation:Info:toast@toast-new:Simulation not generated] Magnitude 5.27 of event bmg2026qgrb is smaller than triggerMinMagnitude: no automatic simulation
2026/08/20 15:05:04.536777 [Incident:Info:toast@toast-new:Origin updated] Origin updated: OT: 2026-08-20 08:01:33,  Lat/Lon: -8.24109°/120.692°, Depth: 10
2026/08/20 15:05:04.536917 [Incident:Info:toast@toast-new:Magnitude updated] Magnitude updated: 5.27 (M)
2026/08/20 15:05:04.536948 [Simulation:Info:toast@toast-new:Simulation not generated] Magnitude 5.27 of event bmg2026qgrb is smaller than triggerMinMagnitude: no automatic simulation
2026/08/20 15:05:09.777288 [Incident:Info:toast@toast-new:Origin updated] Origin updated: OT: 2026-08-20 08:01:33,  Lat/Lon: -8.24109°/120.692°, Depth: 10
2026/08/20 15:05:09.777446 [Incident:Info:toast@toast-new:Magnitude updated] Magnitude updated: 5.27 (M)
2026/08/20 15:05:09.777484 [Simulation:Info:toast@toast-new:Simulation not generated] Magnitude 5.27 of event bmg2026qgrb is smaller than triggerMinMagnitude: no automatic simulation
2026/08/20 15:05:14.820168 [Incident:Info:toast@toast-new:Origin updated] Origin updated: OT: 2026-08-20 08:01:33,  Lat/Lon: -8.24109°/120.692°, Depth: 10
2026/08/20 15:05:14.820331 [Incident:Info:toast@toast-new:Magnitude updated] Magnitude updated: 5.27 (M)
2026/08/20 15:05:14.820372 [Simulation:Info:toast@toast-new:Simulation not generated] Magnitude 5.27 of event bmg2026qgrb is smaller than triggerMinMagnitude: no automatic simulation
2026/08/20 15:05:24.713484 [Incident:Info:toast@toast-new:Origin updated] Origin updated: OT: 2026-08-20 08:01:33,  Lat/Lon: -8.24109°/120.692°, Depth: 10
2026/08/20 15:05:24.713629 [Incident:Info:toast@toast-new:Magnitude updated] Magnitude updated: 5.27 (M)
2026/08/20 15:05:24.713659 [Simulation:Info:toast@toast-new:Simulation not generated] Magnitude 5.27 of event bmg2026qgrb is smaller than triggerMinMagnitude: no automatic simulation
2026/08/20 15:05:34.838219 [Incident:Info:toast@toast-new:Origin updated] Origin updated: OT: 2026-08-20 08:01:33,  Lat/Lon: -8.24109°/120.692°, Depth: 10
2026/08/20 15:05:34.838357 [Incident:Info:toast@toast-new:Magnitude updated] Magnitude updated: 5.27 (M)
2026/08/20 15:05:34.838386 [Simulation:Info:toast@toast-new:Simulation not generated] Magnitude 5.27 of event bmg2026qgrb is smaller than triggerMinMagnitude: no automatic simulation
2026/08/20 15:05:44.736147 [Incident:Info:toast@toast-new:Origin updated] Origin updated: OT: 2026-08-20 08:01:33,  Lat/Lon: -8.24109°/120.692°, Depth: 10
2026/08/20 15:05:44.736283 [Incident:Info:toast@toast-new:Magnitude updated] Magnitude updated: 5.27 (M)
2026/08/20 15:05:44.736309 [Simulation:Info:toast@toast-new:Simulation not generated] Magnitude 5.27 of event bmg2026qgrb is smaller than triggerMinMagnitude: no automatic simulation
2026/08/20 15:05:54.842769 [Incident:Info:toast@toast-new:Origin updated] Origin updated: OT: 2026-08-20 08:01:33,  Lat/Lon: -8.24109°/120.692°, Depth: 10
2026/08/20 15:05:54.843098 [Incident:Info:toast@toast-new:Magnitude updated] Magnitude updated: 5.27 (M)
2026/08/20 15:05:54.843139 [Simulation:Info:toast@toast-new:Simulation not generated] Magnitude 5.27 of event bmg2026qgrb is smaller than triggerMinMagnitude: no automatic simulation
2026/08/20 15:06:04.658824 [Incident:Info:toast@toast-new:Origin updated] Origin updated: OT: 2026-08-20 08:01:33,  Lat/Lon: -8.24109°/120.692°, Depth: 10
2026/08/20 15:06:04.658982 [Incident:Info:toast@toast-new:Magnitude updated] Magnitude updated: 5.28 (M)
2026/08/20 15:06:04.659019 [Simulation:Info:toast@toast-new:Simulation not generated] Magnitude 5.28 of event bmg2026qgrb is smaller than triggerMinMagnitude: no automatic simulation
2026/08/20 15:06:12.644590 [Incident:Info:toast@toast-new:Origin updated] Origin updated: OT: 2026-08-20 08:01:33,  Lat/Lon: -8.26617°/120.698°, Depth: 10
2026/08/20 15:06:12.644777 [Incident:Info:toast@toast-new:Magnitude updated] Magnitude updated: 5.13 (MLv)
2026/08/20 15:06:12.644846 [Simulation:Info:toast@toast-new:Simulation not generated] Magnitude 5.13 of event bmg2026qgrb is smaller than triggerMinMagnitude: no automatic simulation
2026/08/20 15:06:12.717384 [Incident:Info:toast@toast-new:Origin updated] Origin updated: OT: 2026-08-20 08:01:33,  Lat/Lon: -8.26617°/120.698°, Depth: 10
2026/08/20 15:06:12.717480 [Incident:Info:toast@toast-new:Magnitude updated] Magnitude updated: 5.25 (M)
2026/08/20 15:06:12.717514 [Simulation:Info:toast@toast-new:Simulation not generated] Magnitude 5.25 of event bmg2026qgrb is smaller than triggerMinMagnitude: no automatic simulation
2026/08/20 15:06:12.875406 [Incident:Info:toast@toast-new:Origin updated] Origin updated: OT: 2026-08-20 08:01:33,  Lat/Lon: -8.26617°/120.698°, Depth: 10
2026/08/20 15:06:12.875543 [Incident:Info:toast@toast-new:FM updated] FM updated
2026/08/20 15:06:12.875816 [Simulation:Info:toast@toast-new:Simulation not generated] Magnitude 5.25 of event bmg2026qgrb is smaller than triggerMinMagnitude: no automatic simulation
2026/08/20 15:06:19.749440 [Incident:Info:toast@toast-new:Origin updated] Origin updated: OT: 2026-08-20 08:01:33,  Lat/Lon: -8.26617°/120.698°, Depth: 10
2026/08/20 15:06:19.749577 [Incident:Info:toast@toast-new:Magnitude updated] Magnitude updated: 5.25 (M)
2026/08/20 15:06:19.749615 [Simulation:Info:toast@toast-new:Simulation not generated] Magnitude 5.25 of event bmg2026qgrb is smaller than triggerMinMagnitude: no automatic simulation
2026/08/20 15:06:39.651969 [Incident:Info:toast@toast-new:Origin updated] Origin updated: OT: 2026-08-20 08:01:33,  Lat/Lon: -8.26617°/120.698°, Depth: 10
2026/08/20 15:06:39.652110 [Incident:Info:toast@toast-new:Magnitude updated] Magnitude updated: 5.26 (M)
2026/08/20 15:06:39.652142 [Simulation:Info:toast@toast-new:Simulation not generated] Magnitude 5.26 of event bmg2026qgrb is smaller than triggerMinMagnitude: no automatic simulation
2026/08/20 15:07:16.556592 [Incident:Info:toast@toast-new:Origin updated] Origin updated: OT: 2026-08-20 08:01:33,  Lat/Lon: -8.26204°/120.706°, Depth: 10
2026/08/20 15:07:16.556757 [Incident:Info:toast@toast-new:Magnitude updated] Magnitude updated: 5.14 (MLv)
2026/08/20 15:07:16.556809 [Simulation:Info:toast@toast-new:Simulation not generated] Magnitude 5.14 of event bmg2026qgrb is smaller than triggerMinMagnitude: no automatic simulation
2026/08/20 15:07:16.576781 [Incident:Info:toast@toast-new:Origin updated] Origin updated: OT: 2026-08-20 08:01:33,  Lat/Lon: -8.26204°/120.706°, Depth: 10
2026/08/20 15:07:16.576886 [Incident:Info:toast@toast-new:Magnitude updated] Magnitude updated: 5.26 (M)
2026/08/20 15:07:16.576926 [Simulation:Info:toast@toast-new:Simulation not generated] Magnitude 5.26 of event bmg2026qgrb is smaller than triggerMinMagnitude: no automatic simulation
2026/08/20 15:08:29.021423 [Incident:Info:toast@toast-new:Origin updated] Origin updated: OT: 2026-08-20 08:01:33,  Lat/Lon: -8.26343°/120.707°, Depth: 10
2026/08/20 15:08:29.021566 [Incident:Info:toast@toast-new:Magnitude updated] Magnitude updated: 5.03 (mb)
2026/08/20 15:08:29.021616 [Simulation:Info:toast@toast-new:Simulation not generated] Magnitude 5.03 of event bmg2026qgrb is smaller than triggerMinMagnitude: no automatic simulation
2026/08/20 15:08:29.096455 [Incident:Info:toast@toast-new:Origin updated] Origin updated: OT: 2026-08-20 08:01:33,  Lat/Lon: -8.26343°/120.707°, Depth: 10
2026/08/20 15:08:29.096556 [Incident:Info:toast@toast-new:Magnitude updated] Magnitude updated: 5.28 (M)
2026/08/20 15:08:29.096593 [Simulation:Info:toast@toast-new:Simulation not generated] Magnitude 5.28 of event bmg2026qgrb is smaller than triggerMinMagnitude: no automatic simulation
2026/08/20 15:08:38.571444 [Incident:Info:toast@toast-new:Origin updated] Origin updated: OT: 2026-08-20 08:01:33,  Lat/Lon: -8.26343°/120.707°, Depth: 10
2026/08/20 15:08:38.571634 [Incident:Info:toast@toast-new:FM updated] FM updated
2026/08/20 15:08:38.571941 [Simulation:Info:toast@toast-new:Simulation not generated] Magnitude 5.28 of event bmg2026qgrb is smaller than triggerMinMagnitude: no automatic simulation
2026/08/20 15:09:56.611368 [Incident:Info:toast@toast-new:Origin updated] Origin updated: OT: 2026-08-20 08:01:33,  Lat/Lon: -8.26343°/120.707°, Depth: 10
2026/08/20 15:09:56.611562 [Incident:Info:toast@toast-new:Magnitude updated] Magnitude updated: 5.03 (mb)
2026/08/20 15:09:56.611651 [Simulation:Info:toast@toast-new:Simulation not generated] Magnitude 5.03 of event bmg2026qgrb is smaller than triggerMinMagnitude: no automatic simulation
2026/08/20 20:59:27.515686 [Incident:Info:toast@toast-new:Origin updated] Origin updated: OT: 2026-08-20 08:01:33,  Lat/Lon: -8.27726°/120.693°, Depth: 10
2026/08/20 20:59:27.515892 [Incident:Info:toast@toast-new:Magnitude updated] Magnitude updated: 5.04 (mb)
2026/08/20 20:59:27.515943 [Simulation:Info:toast@toast-new:Simulation not generated] Magnitude 5.04 of event bmg2026qgrb is smaller than triggerMinMagnitude: no automatic simulation
2026/08/20 20:59:32.853940 [Incident:Info:toast@toast-new:Origin updated] Origin updated: OT: 2026-08-20 08:01:33,  Lat/Lon: -8.27726°/120.693°, Depth: 10
2026/08/20 20:59:32.854106 [Simulation:Info:toast@toast-new:Simulation not generated] Magnitude 5.04 of event bmg2026qgrb is smaller than triggerMinMagnitude: no automatic simulation
2026/08/20 21:25:35.173000 [Incident:Info:toast@toast-new:Origin updated] Origin updated: OT: 2026-08-20 08:01:33,  Lat/Lon: -8.27726°/120.693°, Depth: 10
2026/08/20 21:25:35.173180 [Incident:Info:toast@toast-new:FM updated] FM updated
2026/08/20 21:25:35.173512 [Simulation:Info:toast@toast-new:Simulation not generated] Magnitude 5.04 of event bmg2026qgrb is smaller than triggerMinMagnitude: no automatic simulation
2026/08/26 13:06:18.362261 [Incident:Info:toast@toast-new:Incident removed] Removed incident - Bye
