2026/08/05 23:52:06.696375 [Incident:Info:toast@toast-new:Displacement(s) updated] Added 0 and changed 0 displacements with 0 amplitudes
2026/08/05 23:52:06.703731 [Incident:Info:toast@toast-new:Incident created] Incident created based on event received from messaging: OT: 2026-08-05 16:50:18,  Lat/Lon: 1.87°/127.37°, Depth: 120.15, Mag: 5.63 (M)
2026/08/05 23:52:06.704372 [Simulation:Info:toast@toast-new:Simulation not generated] Magnitude 5.63 of event bmg2026pfxz is smaller than triggerMinMagnitude: no automatic simulation
2026/08/05 23:52:06.722935 [Incident:Info:toast@toast-new:Origin updated] Origin updated: OT: 2026-08-05 16:50:18,  Lat/Lon: 1.873°/127.369°, Depth: 120.155
2026/08/05 23:52:06.723082 [Simulation:Info:toast@toast-new:Simulation not generated] Magnitude 5.63 of event bmg2026pfxz is smaller than triggerMinMagnitude: no automatic simulation
2026/08/05 23:52:14.620404 [Incident:Info:toast@toast-new:Origin updated] Origin updated: OT: 2026-08-05 16:50:18,  Lat/Lon: 1.873°/127.369°, Depth: 120.155
2026/08/05 23:52:14.620596 [Incident:Info:toast@toast-new:Magnitude updated] Magnitude updated: 5.64 (M)
2026/08/05 23:52:14.620641 [Simulation:Info:toast@toast-new:Simulation not generated] Magnitude 5.64 of event bmg2026pfxz is smaller than triggerMinMagnitude: no automatic simulation
2026/08/05 23:52:15.978212 [Incident:Info:toast@toast-new:Origin updated] Origin updated: OT: 2026-08-05 16:50:18,  Lat/Lon: 1.86792°/127.394°, Depth: 117.026
2026/08/05 23:52:15.978430 [Incident:Info:toast@toast-new:Magnitude updated] Magnitude updated: 5.60 (M)
2026/08/05 23:52:15.978462 [Simulation:Info:toast@toast-new:Simulation not generated] Magnitude 5.60 of event bmg2026pfxz is smaller than triggerMinMagnitude: no automatic simulation
2026/08/05 23:52:19.647836 [Incident:Info:toast@toast-new:Origin updated] Origin updated: OT: 2026-08-05 16:50:18,  Lat/Lon: 1.86792°/127.394°, Depth: 117.026
2026/08/05 23:52:19.648076 [Incident:Info:toast@toast-new:Magnitude updated] Magnitude updated: 5.60 (M)
2026/08/05 23:52:19.648149 [Simulation:Info:toast@toast-new:Simulation not generated] Magnitude 5.60 of event bmg2026pfxz is smaller than triggerMinMagnitude: no automatic simulation
2026/08/05 23:52:24.620524 [Incident:Info:toast@toast-new:Origin updated] Origin updated: OT: 2026-08-05 16:50:18,  Lat/Lon: 1.86792°/127.394°, Depth: 117.026
2026/08/05 23:52:24.620708 [Incident:Info:toast@toast-new:Magnitude updated] Magnitude updated: 5.60 (M)
2026/08/05 23:52:24.620752 [Simulation:Info:toast@toast-new:Simulation not generated] Magnitude 5.60 of event bmg2026pfxz is smaller than triggerMinMagnitude: no automatic simulation
2026/08/05 23:52:26.441634 [Incident:Info:toast@toast-new:Origin updated] Origin updated: OT: 2026-08-05 16:50:18,  Lat/Lon: 1.86792°/127.394°, Depth: 117.026
2026/08/05 23:52:26.441812 [Incident:Info:toast@toast-new:Magnitude updated] Magnitude updated: 5.61 (M)
2026/08/05 23:52:26.441853 [Simulation:Info:toast@toast-new:Simulation not generated] Magnitude 5.61 of event bmg2026pfxz is smaller than triggerMinMagnitude: no automatic simulation
2026/08/05 23:52:26.464431 [Incident:Info:toast@toast-new:Origin updated] Origin updated: OT: 2026-08-05 16:50:18,  Lat/Lon: 1.89524°/127.372°, Depth: 109.578
2026/08/05 23:52:26.464597 [Incident:Info:toast@toast-new:Magnitude updated] Magnitude updated: 5.84 (M)
2026/08/05 23:52:26.464638 [Simulation:Info:toast@toast-new:Simulation not generated] Magnitude 5.84 of event bmg2026pfxz is smaller than triggerMinMagnitude: no automatic simulation
2026/08/05 23:52:34.629324 [Incident:Info:toast@toast-new:Origin updated] Origin updated: OT: 2026-08-05 16:50:18,  Lat/Lon: 1.89524°/127.372°, Depth: 109.578
2026/08/05 23:52:34.629501 [Incident:Info:toast@toast-new:Magnitude updated] Magnitude updated: 5.86 (M)
2026/08/05 23:52:34.629552 [Simulation:Info:toast@toast-new:Simulation not generated] Magnitude 5.86 of event bmg2026pfxz is smaller than triggerMinMagnitude: no automatic simulation
2026/08/05 23:52:40.098265 [Incident:Info:toast@toast-new:Origin updated] Origin updated: OT: 2026-08-05 16:50:19,  Lat/Lon: 1.87372°/127.362°, Depth: 106.9
2026/08/05 23:52:40.098472 [Incident:Info:toast@toast-new:Magnitude updated] Magnitude updated: 5.93 (M)
2026/08/05 23:52:40.098512 [Simulation:Info:toast@toast-new:Simulation not generated] Magnitude 5.93 of event bmg2026pfxz is smaller than triggerMinMagnitude: no automatic simulation
2026/08/05 23:52:44.631292 [Incident:Info:toast@toast-new:Origin updated] Origin updated: OT: 2026-08-05 16:50:19,  Lat/Lon: 1.87372°/127.362°, Depth: 106.9
2026/08/05 23:52:44.667908 [Incident:Info:toast@toast-new:Magnitude updated] Magnitude updated: 5.93 (M)
2026/08/05 23:52:44.668013 [Simulation:Info:toast@toast-new:Simulation not generated] Magnitude 5.93 of event bmg2026pfxz is smaller than triggerMinMagnitude: no automatic simulation
2026/08/05 23:52:49.717719 [Incident:Info:toast@toast-new:Origin updated] Origin updated: OT: 2026-08-05 16:50:19,  Lat/Lon: 1.87372°/127.362°, Depth: 106.9
2026/08/05 23:52:49.717934 [Incident:Info:toast@toast-new:Magnitude updated] Magnitude updated: 6.04 (M)
2026/08/05 23:52:49.718005 [Simulation:Info:toast@toast-new:Simulation not generated] Magnitude 6.04 of event bmg2026pfxz is smaller than triggerMinMagnitude: no automatic simulation
2026/08/05 23:52:54.664089 [Incident:Info:toast@toast-new:Origin updated] Origin updated: OT: 2026-08-05 16:50:19,  Lat/Lon: 1.87372°/127.362°, Depth: 106.9
2026/08/05 23:52:54.664269 [Incident:Info:toast@toast-new:Magnitude updated] Magnitude updated: 5.92 (M)
2026/08/05 23:52:54.664314 [Simulation:Info:toast@toast-new:Simulation not generated] Magnitude 5.92 of event bmg2026pfxz is smaller than triggerMinMagnitude: no automatic simulation
2026/08/05 23:52:58.482586 [Incident:Info:toast@toast-new:Origin updated] Origin updated: OT: 2026-08-05 16:50:19,  Lat/Lon: 1.84305°/127.345°, Depth: 107.751
2026/08/05 23:52:58.482800 [Incident:Info:toast@toast-new:Magnitude updated] Magnitude updated: 5.90 (M)
2026/08/05 23:52:58.482844 [Simulation:Info:toast@toast-new:Simulation not generated] Magnitude 5.90 of event bmg2026pfxz is smaller than triggerMinMagnitude: no automatic simulation
2026/08/05 23:53:04.709590 [Incident:Info:toast@toast-new:Origin updated] Origin updated: OT: 2026-08-05 16:50:19,  Lat/Lon: 1.84305°/127.345°, Depth: 107.751
2026/08/05 23:53:04.709802 [Incident:Info:toast@toast-new:Magnitude updated] Magnitude updated: 5.94 (M)
2026/08/05 23:53:04.709855 [Simulation:Info:toast@toast-new:Simulation not generated] Magnitude 5.94 of event bmg2026pfxz is smaller than triggerMinMagnitude: no automatic simulation
2026/08/05 23:53:04.730377 [Incident:Info:toast@toast-new:Origin updated] Origin updated: OT: 2026-08-05 16:50:19,  Lat/Lon: 1.84305°/127.345°, Depth: 107.751
2026/08/05 23:53:04.730510 [Incident:Info:toast@toast-new:Magnitude updated] Magnitude updated: 6.09 (Mw(mB))
2026/08/05 23:53:04.730557 [Simulation:Info:toast@toast-new:Simulation not generated] Magnitude 6.09 of event bmg2026pfxz is smaller than triggerMinMagnitude: no automatic simulation
2026/08/05 23:53:04.746323 [Incident:Info:toast@toast-new:Origin updated] Origin updated: OT: 2026-08-05 16:50:19,  Lat/Lon: 1.84305°/127.345°, Depth: 107.751
2026/08/05 23:53:04.746419 [Simulation:Info:toast@toast-new:Simulation not generated] Magnitude 6.09 of event bmg2026pfxz is smaller than triggerMinMagnitude: no automatic simulation
2026/08/05 23:53:09.716070 [Incident:Info:toast@toast-new:Origin updated] Origin updated: OT: 2026-08-05 16:50:19,  Lat/Lon: 1.84305°/127.345°, Depth: 107.751
2026/08/05 23:53:09.716268 [Incident:Info:toast@toast-new:Magnitude updated] Magnitude updated: 6.01 (Mw(mB))
2026/08/05 23:53:09.716327 [Simulation:Info:toast@toast-new:Simulation not generated] Magnitude 6.01 of event bmg2026pfxz is smaller than triggerMinMagnitude: no automatic simulation
2026/08/05 23:53:14.655122 [Incident:Info:toast@toast-new:Origin updated] Origin updated: OT: 2026-08-05 16:50:19,  Lat/Lon: 1.84305°/127.345°, Depth: 107.751
2026/08/05 23:53:14.655309 [Incident:Info:toast@toast-new:Magnitude updated] Magnitude updated: 5.89 (Mw(mB))
2026/08/05 23:53:14.655382 [Simulation:Info:toast@toast-new:Simulation not generated] Magnitude 5.89 of event bmg2026pfxz is smaller than triggerMinMagnitude: no automatic simulation
2026/08/05 23:53:19.716380 [Incident:Info:toast@toast-new:Origin updated] Origin updated: OT: 2026-08-05 16:50:19,  Lat/Lon: 1.84305°/127.345°, Depth: 107.751
2026/08/05 23:53:19.716569 [Incident:Info:toast@toast-new:Magnitude updated] Magnitude updated: 5.84 (Mw(mB))
2026/08/05 23:53:19.716629 [Simulation:Info:toast@toast-new:Simulation not generated] Magnitude 5.84 of event bmg2026pfxz is smaller than triggerMinMagnitude: no automatic simulation
2026/08/05 23:53:19.738909 [Incident:Info:toast@toast-new:Origin updated] Origin updated: OT: 2026-08-05 16:50:19,  Lat/Lon: 1.84305°/127.345°, Depth: 107.751
2026/08/05 23:53:19.739062 [Incident:Info:toast@toast-new:Magnitude updated] Magnitude updated: 5.76 (M)
2026/08/05 23:53:19.739102 [Simulation:Info:toast@toast-new:Simulation not generated] Magnitude 5.76 of event bmg2026pfxz is smaller than triggerMinMagnitude: no automatic simulation
2026/08/05 23:53:19.773357 [Incident:Info:toast@toast-new:Origin updated] Origin updated: OT: 2026-08-05 16:50:19,  Lat/Lon: 1.84305°/127.345°, Depth: 107.751
2026/08/05 23:53:19.773489 [Simulation:Info:toast@toast-new:Simulation not generated] Magnitude 5.76 of event bmg2026pfxz is smaller than triggerMinMagnitude: no automatic simulation
2026/08/05 23:53:20.268525 [Incident:Info:toast@toast-new:Origin updated] Origin updated: OT: 2026-08-05 16:50:19,  Lat/Lon: 1.83115°/127.342°, Depth: 105.031
2026/08/05 23:53:20.268760 [Incident:Info:toast@toast-new:Magnitude updated] Magnitude updated: 5.77 (M)
2026/08/05 23:53:20.268810 [Simulation:Info:toast@toast-new:Simulation not generated] Magnitude 5.77 of event bmg2026pfxz is smaller than triggerMinMagnitude: no automatic simulation
2026/08/05 23:53:24.752161 [Incident:Info:toast@toast-new:Origin updated] Origin updated: OT: 2026-08-05 16:50:19,  Lat/Lon: 1.83115°/127.342°, Depth: 105.031
2026/08/05 23:53:24.752346 [Incident:Info:toast@toast-new:Magnitude updated] Magnitude updated: 5.74 (M)
2026/08/05 23:53:24.752397 [Simulation:Info:toast@toast-new:Simulation not generated] Magnitude 5.74 of event bmg2026pfxz is smaller than triggerMinMagnitude: no automatic simulation
2026/08/05 23:53:29.771585 [Incident:Info:toast@toast-new:Origin updated] Origin updated: OT: 2026-08-05 16:50:19,  Lat/Lon: 1.83115°/127.342°, Depth: 105.031
2026/08/05 23:53:29.771772 [Incident:Info:toast@toast-new:Magnitude updated] Magnitude updated: 5.72 (M)
2026/08/05 23:53:29.771807 [Simulation:Info:toast@toast-new:Simulation not generated] Magnitude 5.72 of event bmg2026pfxz is smaller than triggerMinMagnitude: no automatic simulation
2026/08/05 23:53:29.811252 [Incident:Info:toast@toast-new:Origin updated] Origin updated: OT: 2026-08-05 16:50:19,  Lat/Lon: 1.83115°/127.342°, Depth: 105.031
2026/08/05 23:53:29.811424 [Incident:Info:toast@toast-new:Magnitude updated] Magnitude updated: 5.85 (Mw(mB))
2026/08/05 23:53:29.811494 [Simulation:Info:toast@toast-new:Simulation not generated] Magnitude 5.85 of event bmg2026pfxz is smaller than triggerMinMagnitude: no automatic simulation
2026/08/05 23:53:34.710278 [Incident:Info:toast@toast-new:Origin updated] Origin updated: OT: 2026-08-05 16:50:19,  Lat/Lon: 1.83115°/127.342°, Depth: 105.031
2026/08/05 23:53:34.710529 [Incident:Info:toast@toast-new:Magnitude updated] Magnitude updated: 5.72 (M)
2026/08/05 23:53:34.710604 [Simulation:Info:toast@toast-new:Simulation not generated] Magnitude 5.72 of event bmg2026pfxz is smaller than triggerMinMagnitude: no automatic simulation
2026/08/05 23:53:34.733155 [Incident:Info:toast@toast-new:Origin updated] Origin updated: OT: 2026-08-05 16:50:19,  Lat/Lon: 1.83115°/127.342°, Depth: 105.031
2026/08/05 23:53:34.733299 [Simulation:Info:toast@toast-new:Simulation not generated] Magnitude 5.72 of event bmg2026pfxz is smaller than triggerMinMagnitude: no automatic simulation
2026/08/05 23:53:39.733840 [Incident:Info:toast@toast-new:Origin updated] Origin updated: OT: 2026-08-05 16:50:19,  Lat/Lon: 1.83115°/127.342°, Depth: 105.031
2026/08/05 23:53:39.734028 [Incident:Info:toast@toast-new:Magnitude updated] Magnitude updated: 5.84 (Mw(mB))
2026/08/05 23:53:39.734077 [Simulation:Info:toast@toast-new:Simulation not generated] Magnitude 5.84 of event bmg2026pfxz is smaller than triggerMinMagnitude: no automatic simulation
2026/08/05 23:53:39.756112 [Incident:Info:toast@toast-new:Origin updated] Origin updated: OT: 2026-08-05 16:50:19,  Lat/Lon: 1.83115°/127.342°, Depth: 105.031
2026/08/05 23:53:39.756263 [Simulation:Info:toast@toast-new:Simulation not generated] Magnitude 5.84 of event bmg2026pfxz is smaller than triggerMinMagnitude: no automatic simulation
2026/08/05 23:53:44.706376 [Incident:Info:toast@toast-new:Origin updated] Origin updated: OT: 2026-08-05 16:50:19,  Lat/Lon: 1.83115°/127.342°, Depth: 105.031
2026/08/05 23:53:44.706534 [Incident:Info:toast@toast-new:Magnitude updated] Magnitude updated: 5.84 (Mw(mB))
2026/08/05 23:53:44.706573 [Simulation:Info:toast@toast-new:Simulation not generated] Magnitude 5.84 of event bmg2026pfxz is smaller than triggerMinMagnitude: no automatic simulation
2026/08/05 23:53:49.713423 [Incident:Info:toast@toast-new:Origin updated] Origin updated: OT: 2026-08-05 16:50:19,  Lat/Lon: 1.83115°/127.342°, Depth: 105.031
2026/08/05 23:53:49.713644 [Incident:Info:toast@toast-new:Magnitude updated] Magnitude updated: 5.83 (Mw(mB))
2026/08/05 23:53:49.713704 [Simulation:Info:toast@toast-new:Simulation not generated] Magnitude 5.83 of event bmg2026pfxz is smaller than triggerMinMagnitude: no automatic simulation
2026/08/05 23:53:50.026653 [Incident:Info:toast@toast-new:Origin updated] Origin updated: OT: 2026-08-05 16:50:19,  Lat/Lon: 1.82974°/127.343°, Depth: 99.5732
2026/08/05 23:53:50.026901 [Incident:Info:toast@toast-new:Magnitude updated] Magnitude updated: 5.84 (Mw(mB))
2026/08/05 23:53:50.026960 [Simulation:Info:toast@toast-new:Simulation not generated] Magnitude 5.84 of event bmg2026pfxz is smaller than triggerMinMagnitude: no automatic simulation
2026/08/05 23:53:52.382746 [Incident:Info:toast@toast-new:Origin updated] Origin updated: OT: 2026-08-05 16:50:18,  Lat/Lon: 1.86769°/127.375°, Depth: 103.864
2026/08/05 23:53:52.382957 [Incident:Info:toast@toast-new:Magnitude updated] Magnitude updated: 5.35 (MLv)
2026/08/05 23:53:52.383001 [Simulation:Info:toast@toast-new:Simulation not generated] Magnitude 5.35 of event bmg2026pfxz is smaller than triggerMinMagnitude: no automatic simulation
2026/08/05 23:53:52.488275 [Incident:Info:toast@toast-new:Origin updated] Origin updated: OT: 2026-08-05 16:50:18,  Lat/Lon: 1.86769°/127.375°, Depth: 103.864
2026/08/05 23:53:52.488440 [Incident:Info:toast@toast-new:Magnitude updated] Magnitude updated: 5.67 (M)
2026/08/05 23:53:52.488498 [Simulation:Info:toast@toast-new:Simulation not generated] Magnitude 5.67 of event bmg2026pfxz is smaller than triggerMinMagnitude: no automatic simulation
2026/08/05 23:54:20.358553 [Incident:Info:toast@toast-new:Origin updated] Origin updated: OT: 2026-08-05 16:50:19,  Lat/Lon: 1.85022°/127.348°, Depth: 101.136
2026/08/05 23:54:20.358760 [Incident:Info:toast@toast-new:Magnitude updated] Magnitude updated: 5.97 (MLv)
2026/08/05 23:54:20.358806 [Simulation:Info:toast@toast-new:Simulation not generated] Magnitude 5.97 of event bmg2026pfxz is smaller than triggerMinMagnitude: no automatic simulation
2026/08/05 23:54:20.380868 [Incident:Info:toast@toast-new:Origin updated] Origin updated: OT: 2026-08-05 16:50:19,  Lat/Lon: 1.85022°/127.348°, Depth: 101.136
2026/08/05 23:54:20.381018 [Incident:Info:toast@toast-new:Magnitude updated] Magnitude updated: 5.70 (M)
2026/08/05 23:54:20.381069 [Simulation:Info:toast@toast-new:Simulation not generated] Magnitude 5.70 of event bmg2026pfxz is smaller than triggerMinMagnitude: no automatic simulation
2026/08/05 23:54:54.599876 [Incident:Info:toast@toast-new:Origin updated] Origin updated: OT: 2026-08-05 16:50:19,  Lat/Lon: 1.85163°/127.365°, Depth: 100.214
2026/08/05 23:54:54.600059 [Incident:Info:toast@toast-new:Magnitude updated] Magnitude updated: 5.74 (Mw(mB))
2026/08/05 23:54:54.600106 [Simulation:Info:toast@toast-new:Simulation not generated] Magnitude 5.74 of event bmg2026pfxz is smaller than triggerMinMagnitude: no automatic simulation
2026/08/05 23:54:54.761624 [Incident:Info:toast@toast-new:Origin updated] Origin updated: OT: 2026-08-05 16:50:19,  Lat/Lon: 1.85163°/127.365°, Depth: 100.214
2026/08/05 23:54:54.761793 [Incident:Info:toast@toast-new:Magnitude updated] Magnitude updated: 5.74 (Mw(mB))
2026/08/05 23:54:54.761825 [Simulation:Info:toast@toast-new:Simulation not generated] Magnitude 5.74 of event bmg2026pfxz is smaller than triggerMinMagnitude: no automatic simulation
2026/08/05 23:55:25.601888 [Incident:Info:toast@toast-new:Origin updated] Origin updated: OT: 2026-08-05 16:50:19,  Lat/Lon: 1.85163°/127.365°, Depth: 100.214
2026/08/05 23:55:25.602085 [Incident:Info:toast@toast-new:FM updated] FM updated
2026/08/05 23:55:25.602355 [Simulation:Info:toast@toast-new:Simulation not generated] Magnitude 5.74 of event bmg2026pfxz is smaller than triggerMinMagnitude: no automatic simulation
2026/08/05 23:55:45.533628 [Incident:Info:toast@toast-new:Origin updated] Origin updated: OT: 2026-08-05 16:50:19,  Lat/Lon: 1.85163°/127.365°, Depth: 100.214
2026/08/05 23:55:45.533799 [Incident:Info:toast@toast-new:FM updated] FM updated
2026/08/05 23:55:45.534030 [Simulation:Info:toast@toast-new:Simulation not generated] Magnitude 5.74 of event bmg2026pfxz is smaller than triggerMinMagnitude: no automatic simulation
2026/08/05 23:55:55.706480 [Incident:Info:toast@toast-new:Origin updated] Origin updated: OT: 2026-08-05 16:50:19,  Lat/Lon: 1.85163°/127.365°, Depth: 100.214
2026/08/05 23:55:55.706677 [Incident:Info:toast@toast-new:FM updated] FM updated
2026/08/05 23:55:55.706918 [Simulation:Info:toast@toast-new:Simulation not generated] Magnitude 5.74 of event bmg2026pfxz is smaller than triggerMinMagnitude: no automatic simulation
2026/08/05 23:56:15.708949 [Incident:Info:toast@toast-new:Origin updated] Origin updated: OT: 2026-08-05 16:50:19,  Lat/Lon: 1.85163°/127.365°, Depth: 100.214
2026/08/05 23:56:15.709144 [Incident:Info:toast@toast-new:FM updated] FM updated
2026/08/05 23:56:15.709389 [Simulation:Info:toast@toast-new:Simulation not generated] Magnitude 5.74 of event bmg2026pfxz is smaller than triggerMinMagnitude: no automatic simulation
2026/08/05 23:56:25.825171 [Incident:Info:toast@toast-new:Origin updated] Origin updated: OT: 2026-08-05 16:50:19,  Lat/Lon: 1.85163°/127.365°, Depth: 100.214
2026/08/05 23:56:25.825349 [Incident:Info:toast@toast-new:FM updated] FM updated
2026/08/05 23:56:25.825583 [Simulation:Info:toast@toast-new:Simulation not generated] Magnitude 5.74 of event bmg2026pfxz is smaller than triggerMinMagnitude: no automatic simulation
2026/08/05 23:56:36.267368 [Incident:Info:toast@toast-new:Origin updated] Origin updated: OT: 2026-08-05 16:50:19,  Lat/Lon: 1.85163°/127.365°, Depth: 100.214
2026/08/05 23:56:36.267575 [Incident:Info:toast@toast-new:FM updated] FM updated
2026/08/05 23:56:36.267893 [Simulation:Info:toast@toast-new:Simulation not generated] Magnitude 5.74 of event bmg2026pfxz is smaller than triggerMinMagnitude: no automatic simulation
2026/08/05 23:56:45.601599 [Incident:Info:toast@toast-new:Origin updated] Origin updated: OT: 2026-08-05 16:50:19,  Lat/Lon: 1.85342°/127.367°, Depth: 100.12
2026/08/05 23:56:45.601763 [Incident:Info:toast@toast-new:Magnitude updated] Magnitude updated: 5.74 (Mw(mB))
2026/08/05 23:56:45.601795 [Simulation:Info:toast@toast-new:Simulation not generated] Magnitude 5.74 of event bmg2026pfxz is smaller than triggerMinMagnitude: no automatic simulation
2026/08/05 23:56:46.012107 [Incident:Info:toast@toast-new:Origin updated] Origin updated: OT: 2026-08-05 16:50:19,  Lat/Lon: 1.85342°/127.367°, Depth: 100.12
2026/08/05 23:56:46.012272 [Incident:Info:toast@toast-new:FM updated] FM updated
2026/08/05 23:56:46.012502 [Simulation:Info:toast@toast-new:Simulation not generated] Magnitude 5.74 of event bmg2026pfxz is smaller than triggerMinMagnitude: no automatic simulation
2026/08/05 23:57:05.956848 [Incident:Info:toast@toast-new:Origin updated] Origin updated: OT: 2026-08-05 16:50:19,  Lat/Lon: 1.85342°/127.367°, Depth: 100.12
2026/08/05 23:57:05.957044 [Incident:Info:toast@toast-new:FM updated] FM updated
2026/08/05 23:57:05.957343 [Simulation:Info:toast@toast-new:Simulation not generated] Magnitude 5.74 of event bmg2026pfxz is smaller than triggerMinMagnitude: no automatic simulation
2026/08/05 23:57:16.035727 [Incident:Info:toast@toast-new:Origin updated] Origin updated: OT: 2026-08-05 16:50:19,  Lat/Lon: 1.85342°/127.367°, Depth: 100.12
2026/08/05 23:57:16.035913 [Incident:Info:toast@toast-new:FM updated] FM updated
2026/08/05 23:57:16.036158 [Simulation:Info:toast@toast-new:Simulation not generated] Magnitude 5.74 of event bmg2026pfxz is smaller than triggerMinMagnitude: no automatic simulation
2026/08/05 23:57:26.280016 [Incident:Info:toast@toast-new:Origin updated] Origin updated: OT: 2026-08-05 16:50:19,  Lat/Lon: 1.85342°/127.367°, Depth: 100.12
2026/08/05 23:57:26.280150 [Incident:Info:toast@toast-new:FM updated] FM updated
2026/08/05 23:57:26.280319 [Simulation:Info:toast@toast-new:Simulation not generated] Magnitude 5.74 of event bmg2026pfxz is smaller than triggerMinMagnitude: no automatic simulation
2026/08/05 23:57:36.170949 [Incident:Info:toast@toast-new:Origin updated] Origin updated: OT: 2026-08-05 16:50:19,  Lat/Lon: 1.85342°/127.367°, Depth: 100.12
2026/08/05 23:57:36.171157 [Incident:Info:toast@toast-new:FM updated] FM updated
2026/08/05 23:57:36.171613 [Simulation:Info:toast@toast-new:Simulation not generated] Magnitude 5.74 of event bmg2026pfxz is smaller than triggerMinMagnitude: no automatic simulation
2026/08/05 23:57:46.175531 [Incident:Info:toast@toast-new:Origin updated] Origin updated: OT: 2026-08-05 16:50:19,  Lat/Lon: 1.85342°/127.367°, Depth: 100.12
2026/08/05 23:57:46.175704 [Incident:Info:toast@toast-new:FM updated] FM updated
2026/08/05 23:57:46.175934 [Simulation:Info:toast@toast-new:Simulation not generated] Magnitude 5.74 of event bmg2026pfxz is smaller than triggerMinMagnitude: no automatic simulation
2026/08/05 23:57:56.490182 [Incident:Info:toast@toast-new:Origin updated] Origin updated: OT: 2026-08-05 16:50:19,  Lat/Lon: 1.85342°/127.367°, Depth: 100.12
2026/08/05 23:57:56.490352 [Incident:Info:toast@toast-new:FM updated] FM updated
2026/08/05 23:57:56.490658 [Simulation:Info:toast@toast-new:Simulation not generated] Magnitude 5.74 of event bmg2026pfxz is smaller than triggerMinMagnitude: no automatic simulation
2026/08/05 23:58:06.548536 [Incident:Info:toast@toast-new:Origin updated] Origin updated: OT: 2026-08-05 16:50:19,  Lat/Lon: 1.85342°/127.367°, Depth: 100.12
2026/08/05 23:58:06.548713 [Incident:Info:toast@toast-new:FM updated] FM updated
2026/08/05 23:58:06.548956 [Simulation:Info:toast@toast-new:Simulation not generated] Magnitude 5.74 of event bmg2026pfxz is smaller than triggerMinMagnitude: no automatic simulation
2026/08/05 23:58:16.418190 [Incident:Info:toast@toast-new:Origin updated] Origin updated: OT: 2026-08-05 16:50:19,  Lat/Lon: 1.85342°/127.367°, Depth: 100.12
2026/08/05 23:58:16.418348 [Incident:Info:toast@toast-new:FM updated] FM updated
2026/08/05 23:58:16.418562 [Simulation:Info:toast@toast-new:Simulation not generated] Magnitude 5.74 of event bmg2026pfxz is smaller than triggerMinMagnitude: no automatic simulation
2026/08/05 23:58:17.086123 [Incident:Info:toast@toast-new:Origin updated] Origin updated: OT: 2026-08-05 16:50:19,  Lat/Lon: 1.85342°/127.367°, Depth: 100.12
2026/08/05 23:58:17.086291 [Incident:Info:toast@toast-new:FM updated] FM updated
2026/08/05 23:58:17.086529 [Simulation:Info:toast@toast-new:Simulation not generated] Magnitude 5.74 of event bmg2026pfxz is smaller than triggerMinMagnitude: no automatic simulation
2026/08/05 23:58:23.107845 [Incident:Info:toast@toast-new:Origin updated] Origin updated: OT: 2026-08-05 16:50:19,  Lat/Lon: 1.86684°/127.363°, Depth: 96.1331
2026/08/05 23:58:23.108026 [Incident:Info:toast@toast-new:Magnitude updated] Magnitude updated: 5.75 (Mw(mB))
2026/08/05 23:58:23.108073 [Simulation:Info:toast@toast-new:Simulation not generated] Magnitude 5.75 of event bmg2026pfxz is smaller than triggerMinMagnitude: no automatic simulation
2026/08/06 00:01:23.191713 [Incident:Info:toast@toast-new:Origin updated] Origin updated: OT: 2026-08-05 16:50:19,  Lat/Lon: 1.86684°/127.363°, Depth: 96.1331
2026/08/06 00:01:23.191914 [Incident:Info:toast@toast-new:Magnitude updated] Magnitude updated: 5.27 (Mw)
2026/08/06 00:01:23.191984 [Simulation:Info:toast@toast-new:Simulation not generated] Magnitude 5.27 of event bmg2026pfxz is smaller than triggerMinMagnitude: no automatic simulation
2026/08/06 00:01:49.892352 [Incident:Info:toast@toast-new:Origin updated] Origin updated: OT: 2026-08-05 16:50:19,  Lat/Lon: 1.86515°/127.403°, Depth: 114
2026/08/06 00:01:49.892585 [Simulation:Info:toast@toast-new:Simulation not generated] Magnitude 5.27 of event bmg2026pfxz is smaller than triggerMinMagnitude: no automatic simulation
2026/08/06 00:02:00.993655 [Incident:Info:toast@toast-new:Origin updated] Origin updated: OT: 2026-08-05 16:50:19,  Lat/Lon: 1.86515°/127.403°, Depth: 114
2026/08/06 00:02:00.993866 [Incident:Info:toast@toast-new:Magnitude updated] Magnitude updated: 5.71 (Mw(mB))
2026/08/06 00:02:00.993938 [Simulation:Info:toast@toast-new:Simulation not generated] Magnitude 5.71 of event bmg2026pfxz is smaller than triggerMinMagnitude: no automatic simulation
