2026/07/30 11:45:11.343219 [Incident:Info:toast@toast-new:Displacement(s) updated] Added 0 and changed 0 displacements with 0 amplitudes
2026/07/30 11:45:11.359622 [Incident:Info:toast@toast-new:Incident created] Incident created based on event received from messaging: OT: 2026-07-30 04:42:10,  Lat/Lon: -2.39°/138.96°, Depth: 10.00, Mag: 5.34 (M)
2026/07/30 11:45:11.360127 [Simulation:Info:toast@toast-new:Simulation not generated] Magnitude 5.34 of event bmg2026ouay is smaller than triggerMinMagnitude: no automatic simulation
2026/07/30 11:45:11.374096 [Incident:Info:toast@toast-new:Origin updated] Origin updated: OT: 2026-07-30 04:42:10,  Lat/Lon: -2.39083°/138.961°, Depth: 10
2026/07/30 11:45:11.374220 [Simulation:Info:toast@toast-new:Simulation not generated] Magnitude 5.34 of event bmg2026ouay is smaller than triggerMinMagnitude: no automatic simulation
2026/07/30 11:45:24.783829 [Incident:Info:toast@toast-new:Origin updated] Origin updated: OT: 2026-07-30 04:42:10,  Lat/Lon: -2.39083°/138.961°, Depth: 10
2026/07/30 11:45:24.784024 [Incident:Info:toast@toast-new:Magnitude updated] Magnitude updated: 5.50 (M)
2026/07/30 11:45:24.784090 [Simulation:Info:toast@toast-new:Simulation not generated] Magnitude 5.50 of event bmg2026ouay is smaller than triggerMinMagnitude: no automatic simulation
2026/07/30 11:46:19.490864 [Incident:Info:toast@toast-new:Origin updated] Origin updated: OT: 2026-07-30 04:42:10,  Lat/Lon: -2.43231°/138.961°, Depth: 10
2026/07/30 11:46:19.491067 [Incident:Info:toast@toast-new:Magnitude updated] Magnitude updated: 5.68 (MLv)
2026/07/30 11:46:19.491119 [Simulation:Info:toast@toast-new:Simulation not generated] Magnitude 5.68 of event bmg2026ouay is smaller than triggerMinMagnitude: no automatic simulation
2026/07/30 11:46:19.596113 [Incident:Info:toast@toast-new:Origin updated] Origin updated: OT: 2026-07-30 04:42:10,  Lat/Lon: -2.43231°/138.961°, Depth: 10
2026/07/30 11:46:19.596300 [Incident:Info:toast@toast-new:Magnitude updated] Magnitude updated: 5.75 (M)
2026/07/30 11:46:19.596354 [Simulation:Info:toast@toast-new:Simulation not generated] Magnitude 5.75 of event bmg2026ouay is smaller than triggerMinMagnitude: no automatic simulation
2026/07/30 11:46:39.667151 [Incident:Info:toast@toast-new:Origin updated] Origin updated: OT: 2026-07-30 04:42:10,  Lat/Lon: -2.43231°/138.961°, Depth: 10
2026/07/30 11:46:39.667375 [Incident:Info:toast@toast-new:Magnitude updated] Magnitude updated: 5.75 (M)
2026/07/30 11:46:39.667421 [Simulation:Info:toast@toast-new:Simulation not generated] Magnitude 5.75 of event bmg2026ouay is smaller than triggerMinMagnitude: no automatic simulation
2026/07/30 11:48:57.119830 [Incident:Info:toast@toast-new:Origin updated] Origin updated: OT: 2026-07-30 04:42:10,  Lat/Lon: -2.44389°/139.003°, Depth: 10
2026/07/30 11:48:57.120021 [Incident:Info:toast@toast-new:Magnitude updated] Magnitude updated: 5.40 (Mw(mB))
2026/07/30 11:48:57.120066 [Simulation:Info:toast@toast-new:Simulation not generated] Magnitude 5.40 of event bmg2026ouay is smaller than triggerMinMagnitude: no automatic simulation
2026/07/30 11:48:57.200615 [Incident:Info:toast@toast-new:Origin updated] Origin updated: OT: 2026-07-30 04:42:10,  Lat/Lon: -2.44389°/139.003°, Depth: 10
2026/07/30 11:48:57.200752 [Incident:Info:toast@toast-new:Magnitude updated] Magnitude updated: 5.43 (Mw(mB))
2026/07/30 11:48:57.200788 [Simulation:Info:toast@toast-new:Simulation not generated] Magnitude 5.43 of event bmg2026ouay is smaller than triggerMinMagnitude: no automatic simulation
2026/07/30 11:48:57.217109 [Incident:Info:toast@toast-new:Origin updated] Origin updated: OT: 2026-07-30 04:42:10,  Lat/Lon: -2.44389°/139.003°, Depth: 10
2026/07/30 11:48:57.217232 [Incident:Info:toast@toast-new:Magnitude updated] Magnitude updated: 5.52 (M)
2026/07/30 11:48:57.217290 [Simulation:Info:toast@toast-new:Simulation not generated] Magnitude 5.52 of event bmg2026ouay is smaller than triggerMinMagnitude: no automatic simulation
2026/07/30 11:49:07.892608 [Incident:Info:toast@toast-new:Origin updated] Origin updated: OT: 2026-07-30 04:42:10,  Lat/Lon: -2.44389°/139.003°, Depth: 10
2026/07/30 11:49:07.892799 [Incident:Info:toast@toast-new:FM updated] FM updated
2026/07/30 11:49:07.893093 [Simulation:Info:toast@toast-new:Simulation not generated] Magnitude 5.52 of event bmg2026ouay is smaller than triggerMinMagnitude: no automatic simulation
2026/07/30 11:49:25.629641 [Incident:Info:toast@toast-new:Origin updated] Origin updated: OT: 2026-07-30 04:42:10,  Lat/Lon: -2.44389°/139.003°, Depth: 10
2026/07/30 11:49:25.629833 [Incident:Info:toast@toast-new:FM updated] FM updated
2026/07/30 11:49:25.630082 [Simulation:Info:toast@toast-new:Simulation not generated] Magnitude 5.52 of event bmg2026ouay is smaller than triggerMinMagnitude: no automatic simulation
2026/07/30 11:49:35.687043 [Incident:Info:toast@toast-new:Origin updated] Origin updated: OT: 2026-07-30 04:42:10,  Lat/Lon: -2.44389°/139.003°, Depth: 10
2026/07/30 11:49:35.687235 [Incident:Info:toast@toast-new:FM updated] FM updated
2026/07/30 11:49:35.687501 [Simulation:Info:toast@toast-new:Simulation not generated] Magnitude 5.52 of event bmg2026ouay is smaller than triggerMinMagnitude: no automatic simulation
2026/07/30 11:49:41.734042 [Incident:Info:toast@toast-new:Origin updated] Origin updated: OT: 2026-07-30 04:42:11,  Lat/Lon: -2.42226°/139.013°, Depth: 10
2026/07/30 11:49:41.734267 [Incident:Info:toast@toast-new:Magnitude updated] Magnitude updated: 5.41 (Mw(mB))
2026/07/30 11:49:41.734338 [Simulation:Info:toast@toast-new:Simulation not generated] Magnitude 5.41 of event bmg2026ouay is smaller than triggerMinMagnitude: no automatic simulation
2026/07/30 11:49:41.805103 [Incident:Info:toast@toast-new:Origin updated] Origin updated: OT: 2026-07-30 04:42:11,  Lat/Lon: -2.42226°/139.013°, Depth: 10
2026/07/30 11:49:41.805211 [Incident:Info:toast@toast-new:Magnitude updated] Magnitude updated: 5.51 (M)
2026/07/30 11:49:41.805243 [Simulation:Info:toast@toast-new:Simulation not generated] Magnitude 5.51 of event bmg2026ouay is smaller than triggerMinMagnitude: no automatic simulation
2026/07/30 11:49:42.595977 [Incident:Info:toast@toast-new:Origin updated] Origin updated: OT: 2026-07-30 04:42:11,  Lat/Lon: -2.42226°/139.013°, Depth: 10
2026/07/30 11:49:42.596174 [Incident:Info:toast@toast-new:FM updated] FM updated
2026/07/30 11:49:42.596418 [Simulation:Info:toast@toast-new:Simulation not generated] Magnitude 5.51 of event bmg2026ouay is smaller than triggerMinMagnitude: no automatic simulation
2026/07/30 11:54:24.021730 [Incident:Info:toast@toast-new:Origin updated] Origin updated: OT: 2026-07-30 04:42:11,  Lat/Lon: -2.42226°/139.013°, Depth: 10
2026/07/30 11:54:24.021942 [Incident:Info:toast@toast-new:Magnitude updated] Magnitude updated: 5.50 (M)
2026/07/30 11:54:24.021992 [Simulation:Info:toast@toast-new:Simulation not generated] Magnitude 5.50 of event bmg2026ouay is smaller than triggerMinMagnitude: no automatic simulation
2026/07/30 11:54:26.354572 [Incident:Info:toast@toast-new:Origin updated] Origin updated: OT: 2026-07-30 04:42:11,  Lat/Lon: -2.42226°/139.013°, Depth: 10
2026/07/30 11:54:26.354745 [Simulation:Info:toast@toast-new:Simulation not generated] Magnitude 5.50 of event bmg2026ouay is smaller than triggerMinMagnitude: no automatic simulation
2026/07/30 12:02:31.427218 [Incident:Info:toast@toast-new:Origin updated] Origin updated: OT: 2026-07-30 04:42:11,  Lat/Lon: -2.42226°/139.013°, Depth: 10
2026/07/30 12:02:31.427412 [Incident:Info:toast@toast-new:FM updated] FM updated
2026/07/30 12:02:31.427727 [Simulation:Info:toast@toast-new:Simulation not generated] Magnitude 5.50 of event bmg2026ouay is smaller than triggerMinMagnitude: no automatic simulation
2026/07/30 12:03:51.906213 [Incident:Info:toast@toast-new:Origin updated] Origin updated: OT: 2026-07-30 04:42:10,  Lat/Lon: -2.43904°/138.977°, Depth: 10
2026/07/30 12:03:51.906462 [Incident:Info:toast@toast-new:Magnitude updated] Magnitude updated: 5.08 (M)
2026/07/30 12:03:51.906509 [Simulation:Info:toast@toast-new:Simulation not generated] Magnitude 5.08 of event bmg2026ouay is smaller than triggerMinMagnitude: no automatic simulation
2026/07/30 12:19:18.155206 [Incident:Info:toast@toast-new:Origin updated] Origin updated: OT: 2026-07-30 04:42:10,  Lat/Lon: -2.43904°/138.977°, Depth: 10
2026/07/30 12:19:18.155403 [Incident:Info:toast@toast-new:Magnitude updated] Magnitude updated: 5.56 (M)
2026/07/30 12:19:18.155467 [Simulation:Info:toast@toast-new:Simulation not generated] Magnitude 5.56 of event bmg2026ouay is smaller than triggerMinMagnitude: no automatic simulation
2026/07/30 12:20:08.105164 [Incident:Info:toast@toast-new:Origin updated] Origin updated: OT: 2026-07-30 04:42:10,  Lat/Lon: -2.43904°/138.977°, Depth: 10
2026/07/30 12:20:08.105338 [Incident:Info:toast@toast-new:Magnitude updated] Magnitude updated: 5.92 (mb)
2026/07/30 12:20:08.105392 [Simulation:Info:toast@toast-new:Simulation not generated] Magnitude 5.92 of event bmg2026ouay is smaller than triggerMinMagnitude: no automatic simulation
2026/07/30 12:20:24.107399 [Incident:Info:toast@toast-new:Origin updated] Origin updated: OT: 2026-07-30 04:42:10,  Lat/Lon: -2.43904°/138.977°, Depth: 10
2026/07/30 12:20:24.107601 [Incident:Info:toast@toast-new:Magnitude updated] Magnitude updated: 5.56 (M)
2026/07/30 12:20:24.107667 [Simulation:Info:toast@toast-new:Simulation not generated] Magnitude 5.56 of event bmg2026ouay is smaller than triggerMinMagnitude: no automatic simulation
2026/07/30 12:20:54.567115 [Incident:Info:toast@toast-new:Origin updated] Origin updated: OT: 2026-07-30 04:42:10,  Lat/Lon: -2.43904°/138.977°, Depth: 10
2026/07/30 12:20:54.567330 [Incident:Info:toast@toast-new:Magnitude updated] Magnitude updated: 5.92 (mb)
2026/07/30 12:20:54.567406 [Simulation:Info:toast@toast-new:Simulation not generated] Magnitude 5.92 of event bmg2026ouay is smaller than triggerMinMagnitude: no automatic simulation
2026/07/30 12:21:04.215664 [Incident:Info:toast@toast-new:Origin updated] Origin updated: OT: 2026-07-30 04:42:10,  Lat/Lon: -2.43904°/138.977°, Depth: 10
2026/07/30 12:21:04.215828 [Incident:Info:toast@toast-new:Magnitude updated] Magnitude updated: 5.56 (M)
2026/07/30 12:21:04.215883 [Simulation:Info:toast@toast-new:Simulation not generated] Magnitude 5.56 of event bmg2026ouay is smaller than triggerMinMagnitude: no automatic simulation
2026/07/30 17:18:21.558752 [Incident:Info:toast@toast-new:Origin updated] Origin updated: OT: 2026-07-30 04:42:10,  Lat/Lon: -2.43904°/138.977°, Depth: 10
2026/07/30 17:18:21.559022 [Incident:Info:toast@toast-new:Magnitude updated] Magnitude updated: 5.38 (Mw)
2026/07/30 17:18:21.559116 [Incident:Info:toast@toast-new:FM updated] FM updated
2026/07/30 17:18:21.559346 [Simulation:Info:toast@toast-new:Simulation not generated] Magnitude 5.38 of event bmg2026ouay is smaller than triggerMinMagnitude: no automatic simulation
