2026/08/05 11:29:19.213713 [Incident:Info:toast@toast-new:Displacement(s) updated] Added 0 and changed 0 displacements with 0 amplitudes
2026/08/05 11:29:19.215155 [Incident:Info:toast@toast-new:Incident created] Incident created based on event received from messaging: OT: 2026-08-05 04:25:09,  Lat/Lon: 5.29°/125.66°, Depth: 34.13, Mag: 5.30 (M)
2026/08/05 11:29:19.215860 [Simulation:Info:toast@toast-new:Simulation not generated] Magnitude 5.30 of event bmg2026pezk is smaller than triggerMinMagnitude: no automatic simulation
2026/08/05 11:29:19.232525 [Incident:Info:toast@toast-new:Origin updated] Origin updated: OT: 2026-08-05 04:25:09,  Lat/Lon: 5.28566°/125.664°, Depth: 34.1267
2026/08/05 11:29:19.232664 [Simulation:Info:toast@toast-new:Simulation not generated] Magnitude 5.30 of event bmg2026pezk is smaller than triggerMinMagnitude: no automatic simulation
2026/08/05 11:29:29.140651 [Incident:Info:toast@toast-new:Origin updated] Origin updated: OT: 2026-08-05 04:25:08,  Lat/Lon: 5.30178°/125.608°, Depth: 46.2471
2026/08/05 11:29:29.140860 [Incident:Info:toast@toast-new:Magnitude updated] Magnitude updated: 5.30 (M)
2026/08/05 11:29:29.140907 [Simulation:Info:toast@toast-new:Simulation not generated] Magnitude 5.30 of event bmg2026pezk is smaller than triggerMinMagnitude: no automatic simulation
2026/08/05 11:29:34.632021 [Incident:Info:toast@toast-new:Origin updated] Origin updated: OT: 2026-08-05 04:25:08,  Lat/Lon: 5.30178°/125.608°, Depth: 46.2471
2026/08/05 11:29:34.632232 [Incident:Info:toast@toast-new:Magnitude updated] Magnitude updated: 5.30 (M)
2026/08/05 11:29:34.632286 [Simulation:Info:toast@toast-new:Simulation not generated] Magnitude 5.30 of event bmg2026pezk is smaller than triggerMinMagnitude: no automatic simulation
2026/08/05 11:29:39.174187 [Incident:Info:toast@toast-new:Origin updated] Origin updated: OT: 2026-08-05 04:25:08,  Lat/Lon: 5.30164°/125.609°, Depth: 46.1964
2026/08/05 11:29:39.174359 [Incident:Info:toast@toast-new:Magnitude updated] Magnitude updated: 5.31 (M)
2026/08/05 11:29:39.174392 [Simulation:Info:toast@toast-new:Simulation not generated] Magnitude 5.31 of event bmg2026pezk is smaller than triggerMinMagnitude: no automatic simulation
2026/08/05 11:29:53.505122 [Incident:Info:toast@toast-new:Origin updated] Origin updated: OT: 2026-08-05 04:25:08,  Lat/Lon: 5.30207°/125.604°, Depth: 48.2895
2026/08/05 11:29:53.505316 [Incident:Info:toast@toast-new:Magnitude updated] Magnitude updated: 5.31 (M)
2026/08/05 11:29:53.505357 [Simulation:Info:toast@toast-new:Simulation not generated] Magnitude 5.31 of event bmg2026pezk is smaller than triggerMinMagnitude: no automatic simulation
2026/08/05 11:30:04.071308 [Incident:Info:toast@toast-new:Origin updated] Origin updated: OT: 2026-08-05 04:25:09,  Lat/Lon: 5.29308°/125.621°, Depth: 47.4095
2026/08/05 11:30:04.071479 [Incident:Info:toast@toast-new:Magnitude updated] Magnitude updated: 5.33 (M)
2026/08/05 11:30:04.071514 [Simulation:Info:toast@toast-new:Simulation not generated] Magnitude 5.33 of event bmg2026pezk is smaller than triggerMinMagnitude: no automatic simulation
2026/08/05 11:30:07.148347 [Incident:Info:toast@toast-new:Origin updated] Origin updated: OT: 2026-08-05 04:25:08,  Lat/Lon: 5.30318°/125.848°, Depth: 16.8398
2026/08/05 11:30:07.148515 [Incident:Info:toast@toast-new:Magnitude updated] Magnitude updated: 5.28 (M)
2026/08/05 11:30:07.148539 [Simulation:Info:toast@toast-new:Simulation not generated] Magnitude 5.28 of event bmg2026pezk is smaller than triggerMinMagnitude: no automatic simulation
2026/08/05 11:31:34.666423 [Incident:Info:toast@toast-new:Origin updated] Origin updated: OT: 2026-08-05 04:25:08,  Lat/Lon: 5.31371°/125.832°, Depth: 12.7626
2026/08/05 11:31:34.666613 [Incident:Info:toast@toast-new:Magnitude updated] Magnitude updated: 5.04 (MLv)
2026/08/05 11:31:34.666674 [Simulation:Info:toast@toast-new:Simulation not generated] Magnitude 5.04 of event bmg2026pezk is smaller than triggerMinMagnitude: no automatic simulation
2026/08/05 11:31:34.688491 [Incident:Info:toast@toast-new:Origin updated] Origin updated: OT: 2026-08-05 04:25:08,  Lat/Lon: 5.31371°/125.832°, Depth: 12.7626
2026/08/05 11:31:34.688641 [Incident:Info:toast@toast-new:Magnitude updated] Magnitude updated: 5.13 (M)
2026/08/05 11:31:34.688678 [Simulation:Info:toast@toast-new:Simulation not generated] Magnitude 5.13 of event bmg2026pezk is smaller than triggerMinMagnitude: no automatic simulation
2026/08/05 11:31:41.228356 [Incident:Info:toast@toast-new:Origin updated] Origin updated: OT: 2026-08-05 04:25:08,  Lat/Lon: 5.31371°/125.832°, Depth: 12.7626
2026/08/05 11:31:41.228555 [Incident:Info:toast@toast-new:Magnitude updated] Magnitude updated: 5.04 (MLv)
2026/08/05 11:31:41.228614 [Simulation:Info:toast@toast-new:Simulation not generated] Magnitude 5.04 of event bmg2026pezk is smaller than triggerMinMagnitude: no automatic simulation
2026/08/05 16:17:11.640710 [Incident:Info:toast@toast-new:Origin updated] Origin updated: OT: 2026-08-05 04:25:08,  Lat/Lon: 5.29458°/125.845°, Depth: 14.9665
2026/08/05 16:17:11.640933 [Incident:Info:toast@toast-new:Magnitude updated] Magnitude updated: 5.03 (MLv)
2026/08/05 16:17:11.640979 [Simulation:Info:toast@toast-new:Simulation not generated] Magnitude 5.03 of event bmg2026pezk is smaller than triggerMinMagnitude: no automatic simulation
2026/08/05 16:17:37.656313 [Incident:Info:toast@toast-new:Origin updated] Origin updated: OT: 2026-08-05 04:25:08,  Lat/Lon: 5.30683°/125.804°, Depth: 24.7694
2026/08/05 16:17:37.656529 [Incident:Info:toast@toast-new:Magnitude updated] Magnitude updated: 5.01 (MLv)
2026/08/05 16:17:37.656571 [Simulation:Info:toast@toast-new:Simulation not generated] Magnitude 5.01 of event bmg2026pezk is smaller than triggerMinMagnitude: no automatic simulation
2026/08/05 16:18:01.312922 [Incident:Info:toast@toast-new:Origin updated] Origin updated: OT: 2026-08-05 04:25:08,  Lat/Lon: 5.30685°/125.804°, Depth: 24.7912
2026/08/05 16:18:01.313147 [Incident:Info:toast@toast-new:Magnitude updated] Magnitude updated: 5.01 (MLv)
2026/08/05 16:18:01.313198 [Simulation:Info:toast@toast-new:Simulation not generated] Magnitude 5.01 of event bmg2026pezk is smaller than triggerMinMagnitude: no automatic simulation
