2026/06/08 10:09:19.016336 [Incident:Info:toast@toast-new:Displacement(s) updated] Added 0 and changed 0 displacements with 0 amplitudes
2026/06/08 10:09:19.019749 [Incident:Info:toast@toast-new:Incident created] Incident created based on event received from messaging: OT: 2026-06-08 03:06:11,  Lat/Lon: 5.53°/125.48°, Depth: 10.00, Mag: 5.03 (M)
2026/06/08 10:09:19.020364 [Simulation:Info:toast@toast-new:Simulation not generated] Magnitude 5.03 of event bmg2026lcxq is smaller than triggerMinMagnitude: no automatic simulation
2026/06/08 10:09:19.039647 [Incident:Info:toast@toast-new:Origin updated] Origin updated: OT: 2026-06-08 03:06:11,  Lat/Lon: 5.53171°/125.482°, Depth: 10
2026/06/08 10:09:19.039779 [Simulation:Info:toast@toast-new:Simulation not generated] Magnitude 5.03 of event bmg2026lcxq is smaller than triggerMinMagnitude: no automatic simulation
2026/06/08 10:09:23.909553 [Incident:Info:toast@toast-new:Origin updated] Origin updated: OT: 2026-06-08 03:06:11,  Lat/Lon: 5.53171°/125.482°, Depth: 10
2026/06/08 10:09:23.909741 [Incident:Info:toast@toast-new:Magnitude updated] Magnitude updated: 5.04 (M)
2026/06/08 10:09:23.909789 [Simulation:Info:toast@toast-new:Simulation not generated] Magnitude 5.04 of event bmg2026lcxq is smaller than triggerMinMagnitude: no automatic simulation
2026/06/08 10:09:28.890766 [Incident:Info:toast@toast-new:Origin updated] Origin updated: OT: 2026-06-08 03:06:11,  Lat/Lon: 5.53171°/125.482°, Depth: 10
2026/06/08 10:09:28.890968 [Incident:Info:toast@toast-new:Magnitude updated] Magnitude updated: 5.04 (M)
2026/06/08 10:09:28.891016 [Simulation:Info:toast@toast-new:Simulation not generated] Magnitude 5.04 of event bmg2026lcxq is smaller than triggerMinMagnitude: no automatic simulation
2026/06/08 10:09:33.940573 [Incident:Info:toast@toast-new:Origin updated] Origin updated: OT: 2026-06-08 03:06:11,  Lat/Lon: 5.53171°/125.482°, Depth: 10
2026/06/08 10:09:33.940762 [Incident:Info:toast@toast-new:Magnitude updated] Magnitude updated: 5.05 (M)
2026/06/08 10:09:33.940808 [Simulation:Info:toast@toast-new:Simulation not generated] Magnitude 5.05 of event bmg2026lcxq is smaller than triggerMinMagnitude: no automatic simulation
2026/06/08 10:09:38.887952 [Incident:Info:toast@toast-new:Origin updated] Origin updated: OT: 2026-06-08 03:06:11,  Lat/Lon: 5.53171°/125.482°, Depth: 10
2026/06/08 10:09:38.888142 [Incident:Info:toast@toast-new:Magnitude updated] Magnitude updated: 5.06 (M)
2026/06/08 10:09:38.888194 [Simulation:Info:toast@toast-new:Simulation not generated] Magnitude 5.06 of event bmg2026lcxq is smaller than triggerMinMagnitude: no automatic simulation
2026/06/08 10:09:43.910291 [Incident:Info:toast@toast-new:Origin updated] Origin updated: OT: 2026-06-08 03:06:11,  Lat/Lon: 5.53171°/125.482°, Depth: 10
2026/06/08 10:09:43.910483 [Incident:Info:toast@toast-new:Magnitude updated] Magnitude updated: 5.06 (M)
2026/06/08 10:09:43.910523 [Simulation:Info:toast@toast-new:Simulation not generated] Magnitude 5.06 of event bmg2026lcxq is smaller than triggerMinMagnitude: no automatic simulation
2026/06/08 10:10:23.905490 [Incident:Info:toast@toast-new:Origin updated] Origin updated: OT: 2026-06-08 03:06:11,  Lat/Lon: 5.53171°/125.482°, Depth: 10
2026/06/08 10:10:23.905642 [Incident:Info:toast@toast-new:Magnitude updated] Magnitude updated: 5.06 (M)
2026/06/08 10:10:23.905680 [Simulation:Info:toast@toast-new:Simulation not generated] Magnitude 5.06 of event bmg2026lcxq is smaller than triggerMinMagnitude: no automatic simulation
2026/06/08 10:10:27.701149 [Incident:Info:toast@toast-new:Origin updated] Origin updated: OT: 2026-06-08 03:06:11,  Lat/Lon: 5.5624°/125.482°, Depth: 10
2026/06/08 10:10:27.701373 [Incident:Info:toast@toast-new:Magnitude updated] Magnitude updated: 5.06 (M)
2026/06/08 10:10:27.701420 [Simulation:Info:toast@toast-new:Simulation not generated] Magnitude 5.06 of event bmg2026lcxq is smaller than triggerMinMagnitude: no automatic simulation
2026/06/08 10:11:22.830079 [Incident:Info:toast@toast-new:Origin updated] Origin updated: OT: 2026-06-08 03:06:11,  Lat/Lon: 5.60606°/125.466°, Depth: 10
2026/06/08 10:11:22.830314 [Incident:Info:toast@toast-new:Magnitude updated] Magnitude updated: 5.07 (M)
2026/06/08 10:11:22.830361 [Simulation:Info:toast@toast-new:Simulation not generated] Magnitude 5.07 of event bmg2026lcxq is smaller than triggerMinMagnitude: no automatic simulation
2026/06/08 10:11:33.732400 [Incident:Info:toast@toast-new:Origin updated] Origin updated: OT: 2026-06-08 03:06:13,  Lat/Lon: 5.62849°/125.486°, Depth: 44.7497
2026/06/08 10:11:33.732601 [Incident:Info:toast@toast-new:Magnitude updated] Magnitude updated: 5.05 (M)
2026/06/08 10:11:33.732646 [Simulation:Info:toast@toast-new:Simulation not generated] Magnitude 5.05 of event bmg2026lcxq is smaller than triggerMinMagnitude: no automatic simulation
2026/06/08 10:11:46.673314 [Incident:Info:toast@toast-new:Origin updated] Origin updated: OT: 2026-06-08 03:06:13,  Lat/Lon: 5.61861°/125.489°, Depth: 44.6001
2026/06/08 10:11:46.673530 [Incident:Info:toast@toast-new:Magnitude updated] Magnitude updated: 5.01 (M)
2026/06/08 10:11:46.673567 [Simulation:Info:toast@toast-new:Simulation not generated] Magnitude 5.01 of event bmg2026lcxq is smaller than triggerMinMagnitude: no automatic simulation
2026/06/08 10:11:48.891644 [Incident:Info:toast@toast-new:Origin updated] Origin updated: OT: 2026-06-08 03:06:13,  Lat/Lon: 5.61861°/125.489°, Depth: 44.6001
2026/06/08 10:11:48.891837 [Incident:Info:toast@toast-new:Magnitude updated] Magnitude updated: 5.04 (M)
2026/06/08 10:11:48.891885 [Simulation:Info:toast@toast-new:Simulation not generated] Magnitude 5.04 of event bmg2026lcxq is smaller than triggerMinMagnitude: no automatic simulation
2026/06/08 10:12:20.185486 [Incident:Info:toast@toast-new:Origin updated] Origin updated: OT: 2026-06-08 03:06:13,  Lat/Lon: 5.41416°/125.523°, Depth: 10
2026/06/08 10:12:20.185708 [Incident:Info:toast@toast-new:Magnitude updated] Magnitude updated: 5.01 (M)
2026/06/08 10:12:20.185749 [Simulation:Info:toast@toast-new:Simulation not generated] Magnitude 5.01 of event bmg2026lcxq is smaller than triggerMinMagnitude: no automatic simulation
2026/06/08 10:12:32.033946 [Incident:Info:toast@toast-new:Origin updated] Origin updated: OT: 2026-06-08 03:06:12,  Lat/Lon: 5.37573°/125.495°, Depth: 10
2026/06/08 10:12:32.034156 [Incident:Info:toast@toast-new:Magnitude updated] Magnitude updated: 5.04 (MLv)
2026/06/08 10:12:32.034206 [Simulation:Info:toast@toast-new:Simulation not generated] Magnitude 5.04 of event bmg2026lcxq is smaller than triggerMinMagnitude: no automatic simulation
2026/06/08 17:46:43.996518 [Incident:Info:toast@toast-new:Origin updated] Origin updated: OT: 2026-06-08 03:06:12,  Lat/Lon: 5.35352°/125.476°, Depth: 10
2026/06/08 17:46:44.007541 [Incident:Info:toast@toast-new:Magnitude updated] Magnitude updated: 5.01 (M)
2026/06/08 17:46:44.018130 [Incident:Info:toast@toast-new:FM updated] FM updated
2026/06/08 17:46:44.028075 [Simulation:Info:toast@toast-new:Simulation not generated] Magnitude 5.01 of event bmg2026lcxq is smaller than triggerMinMagnitude: no automatic simulation
