2026/07/03 09:32:59.469191 [Incident:Info:toast@toast-new:Displacement(s) updated] Added 0 and changed 0 displacements with 0 amplitudes
2026/07/03 09:32:59.469727 [Incident:Info:toast@toast-new:Incident created] Incident created based on event received from messaging: OT: 2026-07-03 02:31:30,  Lat/Lon: 1.91°/127.39°, Depth: 92.96, Mag: 5.69 (M)
2026/07/03 09:32:59.470226 [Simulation:Info:toast@toast-new:Simulation not generated] Magnitude 5.69 of event bmg2026mwob is smaller than triggerMinMagnitude: no automatic simulation
2026/07/03 09:32:59.489557 [Incident:Info:toast@toast-new:Origin updated] Origin updated: OT: 2026-07-03 02:31:30,  Lat/Lon: 1.90653°/127.395°, Depth: 92.9582
2026/07/03 09:32:59.489719 [Simulation:Info:toast@toast-new:Simulation not generated] Magnitude 5.69 of event bmg2026mwob is smaller than triggerMinMagnitude: no automatic simulation
2026/07/03 09:33:37.224369 [Incident:Info:toast@toast-new:Origin updated] Origin updated: OT: 2026-07-03 02:31:30,  Lat/Lon: 1.90653°/127.395°, Depth: 92.9582
2026/07/03 09:33:37.227741 [Incident:Info:toast@toast-new:Magnitude updated] Magnitude updated: 5.62 (M)
2026/07/03 09:33:37.227894 [Simulation:Info:toast@toast-new:Simulation not generated] Magnitude 5.62 of event bmg2026mwob is smaller than triggerMinMagnitude: no automatic simulation
2026/07/03 09:33:46.572200 [Incident:Info:toast@toast-new:Origin updated] Origin updated: OT: 2026-07-03 02:31:29,  Lat/Lon: 1.92948°/127.391°, Depth: 99.721
2026/07/03 09:33:46.572485 [Incident:Info:toast@toast-new:Magnitude updated] Magnitude updated: 6.01 (MLv)
2026/07/03 09:33:46.572559 [Simulation:Info:toast@toast-new:Simulation not generated] Magnitude 6.01 of event bmg2026mwob is smaller than triggerMinMagnitude: no automatic simulation
2026/07/03 09:33:46.648138 [Incident:Info:toast@toast-new:Origin updated] Origin updated: OT: 2026-07-03 02:31:29,  Lat/Lon: 1.92948°/127.391°, Depth: 99.721
2026/07/03 09:33:46.648303 [Incident:Info:toast@toast-new:Magnitude updated] Magnitude updated: 6.21 (M)
2026/07/03 09:33:46.648364 [Simulation:Info:toast@toast-new:Simulation not generated] Magnitude 6.21 of event bmg2026mwob is smaller than triggerMinMagnitude: no automatic simulation
2026/07/03 09:33:57.310318 [Incident:Info:toast@toast-new:Origin updated] Origin updated: OT: 2026-07-03 02:31:29,  Lat/Lon: 1.92948°/127.391°, Depth: 99.721
2026/07/03 09:33:57.310582 [Incident:Info:toast@toast-new:Magnitude updated] Magnitude updated: 6.25 (M)
2026/07/03 09:33:57.310638 [Simulation:Info:toast@toast-new:Simulation not generated] Magnitude 6.25 of event bmg2026mwob is smaller than triggerMinMagnitude: no automatic simulation
2026/07/03 09:34:02.287669 [Incident:Info:toast@toast-new:Origin updated] Origin updated: OT: 2026-07-03 02:31:29,  Lat/Lon: 1.92948°/127.391°, Depth: 99.721
2026/07/03 09:34:02.287911 [Incident:Info:toast@toast-new:Magnitude updated] Magnitude updated: 6.40 (M)
2026/07/03 09:34:02.287986 [Simulation:Info:toast@toast-new:Simulation not generated] Magnitude 6.40 of event bmg2026mwob is smaller than triggerMinMagnitude: no automatic simulation
2026/07/03 09:34:07.236584 [Incident:Info:toast@toast-new:Origin updated] Origin updated: OT: 2026-07-03 02:31:29,  Lat/Lon: 1.92948°/127.391°, Depth: 99.721
2026/07/03 09:34:07.236833 [Incident:Info:toast@toast-new:Magnitude updated] Magnitude updated: 6.34 (M)
2026/07/03 09:34:07.236937 [Simulation:Info:toast@toast-new:Simulation not generated] Magnitude 6.34 of event bmg2026mwob is smaller than triggerMinMagnitude: no automatic simulation
2026/07/03 09:34:12.323704 [Incident:Info:toast@toast-new:Origin updated] Origin updated: OT: 2026-07-03 02:31:29,  Lat/Lon: 1.92948°/127.391°, Depth: 99.721
2026/07/03 09:34:12.323961 [Incident:Info:toast@toast-new:Magnitude updated] Magnitude updated: 6.34 (M)
2026/07/03 09:34:12.324027 [Simulation:Info:toast@toast-new:Simulation not generated] Magnitude 6.34 of event bmg2026mwob is smaller than triggerMinMagnitude: no automatic simulation
2026/07/03 09:34:17.299792 [Incident:Info:toast@toast-new:Origin updated] Origin updated: OT: 2026-07-03 02:31:29,  Lat/Lon: 1.92948°/127.391°, Depth: 99.721
2026/07/03 09:34:17.300088 [Incident:Info:toast@toast-new:Magnitude updated] Magnitude updated: 6.35 (M)
2026/07/03 09:34:17.300156 [Simulation:Info:toast@toast-new:Simulation not generated] Magnitude 6.35 of event bmg2026mwob is smaller than triggerMinMagnitude: no automatic simulation
2026/07/03 09:34:27.289305 [Incident:Info:toast@toast-new:Origin updated] Origin updated: OT: 2026-07-03 02:31:29,  Lat/Lon: 1.92948°/127.391°, Depth: 99.721
2026/07/03 09:34:27.289598 [Incident:Info:toast@toast-new:Magnitude updated] Magnitude updated: 6.36 (M)
2026/07/03 09:34:27.289702 [Simulation:Info:toast@toast-new:Simulation not generated] Magnitude 6.36 of event bmg2026mwob is smaller than triggerMinMagnitude: no automatic simulation
2026/07/03 09:34:32.343629 [Incident:Info:toast@toast-new:Origin updated] Origin updated: OT: 2026-07-03 02:31:29,  Lat/Lon: 1.92948°/127.391°, Depth: 99.721
2026/07/03 09:34:32.343898 [Incident:Info:toast@toast-new:Magnitude updated] Magnitude updated: 6.36 (M)
2026/07/03 09:34:32.343965 [Simulation:Info:toast@toast-new:Simulation not generated] Magnitude 6.36 of event bmg2026mwob is smaller than triggerMinMagnitude: no automatic simulation
2026/07/03 09:34:37.329567 [Incident:Info:toast@toast-new:Origin updated] Origin updated: OT: 2026-07-03 02:31:29,  Lat/Lon: 1.92948°/127.391°, Depth: 99.721
2026/07/03 09:34:37.329792 [Incident:Info:toast@toast-new:Magnitude updated] Magnitude updated: 6.36 (M)
2026/07/03 09:34:37.329847 [Simulation:Info:toast@toast-new:Simulation not generated] Magnitude 6.36 of event bmg2026mwob is smaller than triggerMinMagnitude: no automatic simulation
2026/07/03 09:34:47.869472 [Incident:Info:toast@toast-new:Origin updated] Origin updated: OT: 2026-07-03 02:31:29,  Lat/Lon: 1.92948°/127.391°, Depth: 99.721
2026/07/03 09:34:47.869728 [Incident:Info:toast@toast-new:FM updated] FM updated
2026/07/03 09:34:47.870016 [Simulation:Info:toast@toast-new:Simulation not generated] Magnitude 6.36 of event bmg2026mwob is smaller than triggerMinMagnitude: no automatic simulation
2026/07/03 09:35:07.371417 [Incident:Info:toast@toast-new:Origin updated] Origin updated: OT: 2026-07-03 02:31:29,  Lat/Lon: 1.92948°/127.391°, Depth: 99.721
2026/07/03 09:35:07.371605 [Incident:Info:toast@toast-new:FM updated] FM updated
2026/07/03 09:35:07.371858 [Simulation:Info:toast@toast-new:Simulation not generated] Magnitude 6.36 of event bmg2026mwob is smaller than triggerMinMagnitude: no automatic simulation
2026/07/03 09:35:08.097215 [Incident:Info:toast@toast-new:Origin updated] Origin updated: OT: 2026-07-03 02:31:29,  Lat/Lon: 1.92948°/127.391°, Depth: 99.721
2026/07/03 09:35:08.097546 [Incident:Info:toast@toast-new:FM updated] FM updated
2026/07/03 09:35:08.098053 [Simulation:Info:toast@toast-new:Simulation not generated] Magnitude 6.36 of event bmg2026mwob is smaller than triggerMinMagnitude: no automatic simulation
2026/07/03 09:35:28.112319 [Incident:Info:toast@toast-new:Origin updated] Origin updated: OT: 2026-07-03 02:31:29,  Lat/Lon: 1.92948°/127.391°, Depth: 99.721
2026/07/03 09:35:28.112580 [Incident:Info:toast@toast-new:FM updated] FM updated
2026/07/03 09:35:28.112896 [Simulation:Info:toast@toast-new:Simulation not generated] Magnitude 6.36 of event bmg2026mwob is smaller than triggerMinMagnitude: no automatic simulation
2026/07/03 09:35:38.160037 [Incident:Info:toast@toast-new:Origin updated] Origin updated: OT: 2026-07-03 02:31:29,  Lat/Lon: 1.92948°/127.391°, Depth: 99.721
2026/07/03 09:35:38.160310 [Incident:Info:toast@toast-new:FM updated] FM updated
2026/07/03 09:35:38.160610 [Simulation:Info:toast@toast-new:Simulation not generated] Magnitude 6.36 of event bmg2026mwob is smaller than triggerMinMagnitude: no automatic simulation
2026/07/03 09:35:57.012615 [Incident:Info:toast@toast-new:Origin updated] Origin updated: OT: 2026-07-03 02:31:29,  Lat/Lon: 1.89799°/127.371°, Depth: 100.967
2026/07/03 09:35:57.012840 [Incident:Info:toast@toast-new:Magnitude updated] Magnitude updated: 6.51 (Mw(mB))
2026/07/03 09:35:57.013532 [Focal mechanism:Info:toast@toast-new:FM ignored] Preferred Focal Mechanism ignored, because it was created automatically and processAutoMT is set to False.
2026/07/03 09:35:57.013967 [Simulation:Info:toast@toast-new:Simulation(s) started] No nodal plane available. Starting Simulation(s) with fault plane, Lat/Lon: 1.90°/ 127.37° (MT), Depth: 100.97km (MT), Mag: 6.51 (MT)
2026/07/03 09:35:57.016019 [Simulation:Info:toast@toast-new:Simulation running] TsunAWI: Looking for matching scenarios
2026/07/03 09:35:57.019627 [Simulation:Info:toast@toast-new:Simulation finished] TsunAWI: No matching scenarios
2026/07/03 09:35:57.066019 [Simulation:Info:toast@toast-new:No simulation returned] TsunAWI simulation backend returned no simulation.
2026/07/03 09:35:57.104415 [Simulation:Info:toast@toast-new:Simulation tracked] Tracking progress of EasyWave2 simulation 65000002N126128E6267f0c7ff16c9d44045b6c8e579cce5ca2c8e6e
2026/07/03 09:35:57.110251 [Simulation:Info:toast@toast-new:Simulation tracked] Tracking progress of EasyWave2 simulation 65000002N126128E1b42e1ae8b3075f7d2f2cbfeeec425a5fea553e4
2026/07/03 09:35:57.339916 [Incident:Info:toast@toast-new:Origin updated] Origin updated: OT: 2026-07-03 02:31:29,  Lat/Lon: 1.89799°/127.371°, Depth: 100.967
2026/07/03 09:35:57.340240 [Incident:Info:toast@toast-new:Magnitude updated] Magnitude updated: 6.38 (M)
2026/07/03 09:35:57.340394 [Simulation:Info:toast@toast-new:Simulation not generated] Magnitude 6.38 of event bmg2026mwob is smaller than triggerMinMagnitude: no automatic simulation
2026/07/03 09:35:57.357926 [Incident:Info:toast@toast-new:Origin updated] Origin updated: OT: 2026-07-03 02:31:29,  Lat/Lon: 1.89799°/127.371°, Depth: 100.967
2026/07/03 09:35:57.358154 [Simulation:Info:toast@toast-new:Simulation not generated] Magnitude 6.38 of event bmg2026mwob is smaller than triggerMinMagnitude: no automatic simulation
2026/07/03 09:36:02.326186 [Incident:Info:toast@toast-new:Origin updated] Origin updated: OT: 2026-07-03 02:31:29,  Lat/Lon: 1.89799°/127.371°, Depth: 100.967
2026/07/03 09:36:02.326427 [Incident:Info:toast@toast-new:Magnitude updated] Magnitude updated: 6.37 (M)
2026/07/03 09:36:02.326488 [Simulation:Info:toast@toast-new:Simulation not generated] Magnitude 6.37 of event bmg2026mwob is smaller than triggerMinMagnitude: no automatic simulation
2026/07/03 09:36:07.472634 [Incident:Info:toast@toast-new:Origin updated] Origin updated: OT: 2026-07-03 02:31:29,  Lat/Lon: 1.89799°/127.371°, Depth: 100.967
2026/07/03 09:36:07.472885 [Incident:Info:toast@toast-new:Magnitude updated] Magnitude updated: 6.36 (M)
2026/07/03 09:36:07.472954 [Simulation:Info:toast@toast-new:Simulation not generated] Magnitude 6.36 of event bmg2026mwob is smaller than triggerMinMagnitude: no automatic simulation
2026/07/03 09:36:08.202353 [Incident:Info:toast@toast-new:Origin updated] Origin updated: OT: 2026-07-03 02:31:29,  Lat/Lon: 1.89799°/127.371°, Depth: 100.967
2026/07/03 09:36:08.202632 [Incident:Info:toast@toast-new:FM updated] FM updated
2026/07/03 09:36:08.202967 [Simulation:Info:toast@toast-new:Simulation not generated] Magnitude 6.36 of event bmg2026mwob is smaller than triggerMinMagnitude: no automatic simulation
2026/07/03 09:36:09.223129 [Simulation:Info:toast@toast-new:Simulation finished] Finished EasyWave2 simulation 65000002N126128E6267f0c7ff16c9d44045b6c8e579cce5ca2c8e6e in 12 seconds
2026/07/03 09:36:12.321519 [Incident:Info:toast@toast-new:Origin updated] Origin updated: OT: 2026-07-03 02:31:29,  Lat/Lon: 1.89799°/127.371°, Depth: 100.967
2026/07/03 09:36:12.321769 [Incident:Info:toast@toast-new:Magnitude updated] Magnitude updated: 6.36 (M)
2026/07/03 09:36:12.321828 [Simulation:Info:toast@toast-new:Simulation not generated] Magnitude 6.36 of event bmg2026mwob is smaller than triggerMinMagnitude: no automatic simulation
2026/07/03 09:36:17.426924 [Incident:Info:toast@toast-new:Origin updated] Origin updated: OT: 2026-07-03 02:31:29,  Lat/Lon: 1.89799°/127.371°, Depth: 100.967
2026/07/03 09:36:17.427150 [Incident:Info:toast@toast-new:Magnitude updated] Magnitude updated: 6.36 (M)
2026/07/03 09:36:17.427219 [Simulation:Info:toast@toast-new:Simulation not generated] Magnitude 6.36 of event bmg2026mwob is smaller than triggerMinMagnitude: no automatic simulation
2026/07/03 09:36:22.428422 [Incident:Info:toast@toast-new:Origin updated] Origin updated: OT: 2026-07-03 02:31:29,  Lat/Lon: 1.89799°/127.371°, Depth: 100.967
2026/07/03 09:36:22.428658 [Incident:Info:toast@toast-new:Magnitude updated] Magnitude updated: 6.35 (M)
2026/07/03 09:36:22.428715 [Simulation:Info:toast@toast-new:Simulation not generated] Magnitude 6.35 of event bmg2026mwob is smaller than triggerMinMagnitude: no automatic simulation
2026/07/03 09:36:28.243847 [Incident:Info:toast@toast-new:Origin updated] Origin updated: OT: 2026-07-03 02:31:29,  Lat/Lon: 1.89799°/127.371°, Depth: 100.967
2026/07/03 09:36:28.244008 [Incident:Info:toast@toast-new:FM updated] FM updated
2026/07/03 09:36:28.244222 [Simulation:Info:toast@toast-new:Simulation not generated] Magnitude 6.35 of event bmg2026mwob is smaller than triggerMinMagnitude: no automatic simulation
2026/07/03 09:36:32.195215 [Simulation:Info:toast@toast-new:Simulation finished] Finished EasyWave2 simulation 65000002N126128E1b42e1ae8b3075f7d2f2cbfeeec425a5fea553e4 in 35 seconds
2026/07/03 09:36:36.138882 [Incident:Info:toast@toast-new:Origin updated] Origin updated: OT: 2026-07-03 02:31:29,  Lat/Lon: 1.89799°/127.371°, Depth: 100.967
2026/07/03 09:36:36.139221 [Incident:Info:toast@toast-new:FM updated] FM updated
2026/07/03 09:36:36.139550 [Simulation:Info:toast@toast-new:Simulation not generated] Magnitude 6.35 of event bmg2026mwob is smaller than triggerMinMagnitude: no automatic simulation
2026/07/03 09:36:42.568737 [Incident:Info:toast@toast-new:Origin updated] Origin updated: OT: 2026-07-03 02:31:29,  Lat/Lon: 1.89799°/127.371°, Depth: 100.967
2026/07/03 09:36:42.569072 [Incident:Info:toast@toast-new:Magnitude updated] Magnitude updated: 6.19 (Mw)
2026/07/03 09:36:42.569187 [Simulation:Info:toast@toast-new:Simulation not generated] Magnitude 6.19 of event bmg2026mwob is smaller than triggerMinMagnitude: no automatic simulation
2026/07/03 09:37:42.613502 [Incident:Info:toast@toast-new:Origin updated] Origin updated: OT: 2026-07-03 02:31:29,  Lat/Lon: 1.93082°/127.419°, Depth: 103.855
2026/07/03 09:37:42.613899 [Simulation:Info:toast@toast-new:Simulation not generated] Magnitude 6.19 of event bmg2026mwob is smaller than triggerMinMagnitude: no automatic simulation
2026/07/03 09:39:41.202553 [Incident:Info:toast@toast-new:Origin updated] Origin updated: OT: 2026-07-03 02:31:29,  Lat/Lon: 1.93082°/127.419°, Depth: 103.855
2026/07/03 09:39:41.202801 [Incident:Info:toast@toast-new:Magnitude updated] Magnitude updated: 6.17 (Mw)
2026/07/03 09:39:41.202866 [Incident:Info:toast@toast-new:FM updated] FM updated
2026/07/03 09:39:41.203136 [Simulation:Info:toast@toast-new:Simulation not generated] Magnitude 6.17 of event bmg2026mwob is smaller than triggerMinMagnitude: no automatic simulation
2026/07/03 14:31:23.125937 [Simulation:Info:toast@toast-new:Simulation removed] Removed simulation 65000002N126128E1b42e1ae8b3075f7d2f2cbfeeec425a5fea553e4
2026/07/03 14:31:23.403802 [Simulation:Info:toast@toast-new:Simulation removed] Removed simulation 65000002N126128E6267f0c7ff16c9d44045b6c8e579cce5ca2c8e6e
2026/07/03 14:31:23.404937 [Incident:Info:toast@toast-new:Incident removed] Removed incident - Bye
2026/07/03 18:47:12.792058 [Incident:Info:toast@toast-new:Displacement(s) updated] Added 0 and changed 0 displacements with 0 amplitudes
2026/07/03 18:47:12.794703 [Incident:Info:toast@toast-new:Incident created] Incident created based on event received from messaging: OT: 2026-07-03 02:31:28,  Lat/Lon: 1.91°/127.42°, Depth: 110.85, Mag: 6.17 (Mw)
2026/07/03 18:47:12.795451 [Simulation:Info:toast@toast-new:Simulation not generated] Magnitude 6.17 of event bmg2026mwob is smaller than triggerMinMagnitude: no automatic simulation
2026/07/03 18:47:12.815328 [Incident:Info:toast@toast-new:Origin updated] Origin updated: OT: 2026-07-03 02:31:28,  Lat/Lon: 1.9132°/127.421°, Depth: 110.854
2026/07/03 18:47:12.815503 [Simulation:Info:toast@toast-new:Simulation not generated] Magnitude 6.17 of event bmg2026mwob is smaller than triggerMinMagnitude: no automatic simulation
2026/07/03 18:47:14.174088 [Incident:Info:toast@toast-new:Origin updated] Origin updated: OT: 2026-07-03 02:31:28,  Lat/Lon: 1.9132°/127.421°, Depth: 110.854
2026/07/03 18:47:14.174298 [Simulation:Info:toast@toast-new:Simulation not generated] Magnitude 6.17 of event bmg2026mwob is smaller than triggerMinMagnitude: no automatic simulation
2026/07/03 18:55:36.437475 [Incident:Info:toast@toast-new:Origin updated] Origin updated: OT: 2026-07-03 02:31:28,  Lat/Lon: 1.9132°/127.421°, Depth: 110.854
2026/07/03 18:55:36.437662 [Incident:Info:toast@toast-new:Magnitude updated] Magnitude updated: 6.12 (Mw)
2026/07/03 18:55:36.437722 [Incident:Info:toast@toast-new:FM updated] FM updated
2026/07/03 18:55:36.437982 [Simulation:Info:toast@toast-new:Simulation not generated] Magnitude 6.12 of event bmg2026mwob is smaller than triggerMinMagnitude: no automatic simulation
2026/07/03 18:55:59.447092 [Incident:Info:toast@toast-new:Origin updated] Origin updated: OT: 2026-07-03 02:31:28,  Lat/Lon: 1.9132°/127.421°, Depth: 110.854
2026/07/03 18:55:59.447279 [Simulation:Info:toast@toast-new:Simulation not generated] Magnitude 6.12 of event bmg2026mwob is smaller than triggerMinMagnitude: no automatic simulation
2026/07/10 21:30:03.782354 [Incident:Info:toast@toast-new:Origin updated] Origin updated: OT: 2026-07-03 02:31:28,  Lat/Lon: 1.9132°/127.421°, Depth: 110.854
2026/07/10 21:30:03.783232 [Incident:Info:toast@toast-new:Magnitude updated] Magnitude updated: 6.53 (mB)
2026/07/10 21:30:03.786380 [Simulation:Info:toast@toast-new:Simulation(s) started] Starting simulation(s) with nodal plane 1, Lat/Lon: 1.91°/ 127.42° (MT), Depth: 110.85km (MT), Mag: 6.53 (MT)
2026/07/10 21:30:03.787968 [Simulation:Info:toast@toast-new:Simulation running] TsunAWI: Looking for matching scenarios
2026/07/10 21:30:03.788289 [Simulation:Info:toast@toast-new:Simulation(s) started] Starting simulation(s) with nodal plane 2, Lat/Lon: 1.91°/ 127.42° (MT), Depth: 110.85km (MT), Mag: 6.53 (MT)
2026/07/10 21:30:03.789467 [Simulation:Info:toast@toast-new:Simulation(s) skipped] Simulation(s) not created with fault plane because a nodal plane is similar.
2026/07/10 21:30:03.789536 [Simulation:Info:toast@toast-new:Simulation running] TsunAWI: Looking for matching scenarios
2026/07/10 21:30:03.790936 [Simulation:Info:toast@toast-new:Simulation finished] TsunAWI: No matching scenarios
2026/07/10 21:30:03.792030 [Simulation:Info:toast@toast-new:Simulation finished] TsunAWI: No matching scenarios
2026/07/10 21:30:03.861498 [Simulation:Info:toast@toast-new:No simulation returned] TsunAWI simulation backend returned no simulation.
2026/07/10 21:30:03.861877 [Simulation:Info:toast@toast-new:No simulation returned] TsunAWI simulation backend returned no simulation.
2026/07/10 21:30:03.904208 [Simulation:Info:toast@toast-new:Simulation tracked] Tracking progress of EasyWave2 simulation 65000002N126128Ec50e40d0b0af274692a90ebc57827bfd284de8c7
2026/07/10 21:30:03.909711 [Simulation:Info:toast@toast-new:Simulation tracked] Tracking progress of EasyWave2 simulation 65000002N126128Edc2412a21372c9cb4d7b61cdad7e543afcf326f9
2026/07/10 21:30:03.918021 [Simulation:Info:toast@toast-new:Simulation tracked] Tracking progress of EasyWave2 simulation 65000002N126128E3fb2c81bd546a001f5b6964016a97fb5c9950e37
2026/07/10 21:30:03.922501 [Simulation:Info:toast@toast-new:Simulation tracked] Tracking progress of EasyWave2 simulation 65000002N126128Ea424bb08a753014b175e04e654a96f127e74cd97
2026/07/10 21:30:15.707810 [Simulation:Info:toast@toast-new:Simulation finished] Finished EasyWave2 simulation 65000002N126128Ec50e40d0b0af274692a90ebc57827bfd284de8c7 in 11 seconds
2026/07/10 21:30:37.722649 [Simulation:Info:toast@toast-new:Simulation finished] Finished EasyWave2 simulation 65000002N126128Edc2412a21372c9cb4d7b61cdad7e543afcf326f9 in 33 seconds
2026/07/10 21:30:48.695034 [Simulation:Info:toast@toast-new:Simulation finished] Finished EasyWave2 simulation 65000002N126128E3fb2c81bd546a001f5b6964016a97fb5c9950e37 in 44 seconds
2026/07/10 21:31:10.695511 [Simulation:Info:toast@toast-new:Simulation finished] Finished EasyWave2 simulation 65000002N126128Ea424bb08a753014b175e04e654a96f127e74cd97 in 66 seconds
2026/07/14 21:34:57.810839 [Simulation:Info:toast@toast-new:Simulation removed] Removed simulation 65000002N126128E3fb2c81bd546a001f5b6964016a97fb5c9950e37
2026/07/14 21:34:58.159640 [Simulation:Info:toast@toast-new:Simulation removed] Removed simulation 65000002N126128Ea424bb08a753014b175e04e654a96f127e74cd97
2026/07/14 21:34:58.445604 [Simulation:Info:toast@toast-new:Simulation removed] Removed simulation 65000002N126128Ec50e40d0b0af274692a90ebc57827bfd284de8c7
2026/07/14 21:34:58.699078 [Simulation:Info:toast@toast-new:Simulation removed] Removed simulation 65000002N126128Edc2412a21372c9cb4d7b61cdad7e543afcf326f9
2026/07/14 21:34:58.701605 [Incident:Info:toast@toast-new:Incident removed] Removed incident - Bye
