2026/08/14 01:41:39.232315 [Incident:Info:toast@toast-new:Displacement(s) updated] Added 0 and changed 0 displacements with 0 amplitudes
2026/08/14 01:41:39.234051 [Incident:Info:toast@toast-new:Incident created] Incident created based on event received from messaging: OT: 2026-08-13 18:39:29,  Lat/Lon: 5.28°/125.46°, Depth: 29.39, Mag: 5.67 (M)
2026/08/14 01:41:39.234724 [Simulation:Info:toast@toast-new:Simulation not generated] Magnitude 5.67 of event bmg2026purq is smaller than triggerMinMagnitude: no automatic simulation
2026/08/14 01:41:39.256256 [Incident:Info:toast@toast-new:Origin updated] Origin updated: OT: 2026-08-13 18:39:29,  Lat/Lon: 5.28352°/125.458°, Depth: 29.3937
2026/08/14 01:41:39.256422 [Simulation:Info:toast@toast-new:Simulation not generated] Magnitude 5.67 of event bmg2026purq is smaller than triggerMinMagnitude: no automatic simulation
2026/08/14 01:41:44.718988 [Incident:Info:toast@toast-new:Origin updated] Origin updated: OT: 2026-08-13 18:39:29,  Lat/Lon: 5.28352°/125.458°, Depth: 29.3937
2026/08/14 01:41:44.719177 [Incident:Info:toast@toast-new:Magnitude updated] Magnitude updated: 5.68 (M)
2026/08/14 01:41:44.719222 [Simulation:Info:toast@toast-new:Simulation not generated] Magnitude 5.68 of event bmg2026purq is smaller than triggerMinMagnitude: no automatic simulation
2026/08/14 01:41:47.615552 [Incident:Info:toast@toast-new:Origin updated] Origin updated: OT: 2026-08-13 18:39:29,  Lat/Lon: 5.2845°/125.441°, Depth: 31.0267
2026/08/14 01:41:47.615751 [Incident:Info:toast@toast-new:Magnitude updated] Magnitude updated: 5.80 (M)
2026/08/14 01:41:47.615798 [Simulation:Info:toast@toast-new:Simulation not generated] Magnitude 5.80 of event bmg2026purq is smaller than triggerMinMagnitude: no automatic simulation
2026/08/14 01:41:49.653251 [Incident:Info:toast@toast-new:Origin updated] Origin updated: OT: 2026-08-13 18:39:29,  Lat/Lon: 5.2845°/125.441°, Depth: 31.0267
2026/08/14 01:41:49.653431 [Incident:Info:toast@toast-new:Magnitude updated] Magnitude updated: 5.80 (M)
2026/08/14 01:41:49.653469 [Simulation:Info:toast@toast-new:Simulation not generated] Magnitude 5.80 of event bmg2026purq is smaller than triggerMinMagnitude: no automatic simulation
2026/08/14 01:41:54.716006 [Incident:Info:toast@toast-new:Origin updated] Origin updated: OT: 2026-08-13 18:39:29,  Lat/Lon: 5.2845°/125.441°, Depth: 31.0267
2026/08/14 01:41:54.716196 [Incident:Info:toast@toast-new:Magnitude updated] Magnitude updated: 5.81 (M)
2026/08/14 01:41:54.716239 [Simulation:Info:toast@toast-new:Simulation not generated] Magnitude 5.81 of event bmg2026purq is smaller than triggerMinMagnitude: no automatic simulation
2026/08/14 01:41:59.304688 [Incident:Info:toast@toast-new:Origin updated] Origin updated: OT: 2026-08-13 18:39:29,  Lat/Lon: 5.30056°/125.442°, Depth: 28.0755
2026/08/14 01:41:59.304919 [Incident:Info:toast@toast-new:Magnitude updated] Magnitude updated: 5.79 (M)
2026/08/14 01:41:59.304985 [Simulation:Info:toast@toast-new:Simulation not generated] Magnitude 5.79 of event bmg2026purq is smaller than triggerMinMagnitude: no automatic simulation
2026/08/14 01:42:04.784501 [Incident:Info:toast@toast-new:Origin updated] Origin updated: OT: 2026-08-13 18:39:29,  Lat/Lon: 5.30056°/125.442°, Depth: 28.0755
2026/08/14 01:42:04.784689 [Incident:Info:toast@toast-new:Magnitude updated] Magnitude updated: 5.79 (M)
2026/08/14 01:42:04.784732 [Simulation:Info:toast@toast-new:Simulation not generated] Magnitude 5.79 of event bmg2026purq is smaller than triggerMinMagnitude: no automatic simulation
2026/08/14 01:42:09.755440 [Incident:Info:toast@toast-new:Origin updated] Origin updated: OT: 2026-08-13 18:39:29,  Lat/Lon: 5.30056°/125.442°, Depth: 28.0755
2026/08/14 01:42:09.755610 [Incident:Info:toast@toast-new:Magnitude updated] Magnitude updated: 5.86 (M)
2026/08/14 01:42:09.755660 [Simulation:Info:toast@toast-new:Simulation not generated] Magnitude 5.86 of event bmg2026purq is smaller than triggerMinMagnitude: no automatic simulation
2026/08/14 01:42:13.117305 [Incident:Info:toast@toast-new:Origin updated] Origin updated: OT: 2026-08-13 18:39:29,  Lat/Lon: 5.19216°/125.548°, Depth: 48.2646
2026/08/14 01:42:13.117511 [Incident:Info:toast@toast-new:Magnitude updated] Magnitude updated: 5.61 (MLv)
2026/08/14 01:42:13.117551 [Simulation:Info:toast@toast-new:Simulation not generated] Magnitude 5.61 of event bmg2026purq is smaller than triggerMinMagnitude: no automatic simulation
2026/08/14 01:42:13.239799 [Incident:Info:toast@toast-new:Origin updated] Origin updated: OT: 2026-08-13 18:39:29,  Lat/Lon: 5.19216°/125.548°, Depth: 48.2646
2026/08/14 01:42:13.239962 [Incident:Info:toast@toast-new:Magnitude updated] Magnitude updated: 5.64 (M)
2026/08/14 01:42:13.240005 [Simulation:Info:toast@toast-new:Simulation not generated] Magnitude 5.64 of event bmg2026purq is smaller than triggerMinMagnitude: no automatic simulation
2026/08/14 01:42:14.756039 [Incident:Info:toast@toast-new:Origin updated] Origin updated: OT: 2026-08-13 18:39:29,  Lat/Lon: 5.19216°/125.548°, Depth: 48.2646
2026/08/14 01:42:14.756187 [Incident:Info:toast@toast-new:Magnitude updated] Magnitude updated: 5.65 (M)
2026/08/14 01:42:14.756217 [Simulation:Info:toast@toast-new:Simulation not generated] Magnitude 5.65 of event bmg2026purq is smaller than triggerMinMagnitude: no automatic simulation
2026/08/14 01:42:19.807938 [Incident:Info:toast@toast-new:Origin updated] Origin updated: OT: 2026-08-13 18:39:29,  Lat/Lon: 5.19216°/125.548°, Depth: 48.2646
2026/08/14 01:42:19.808126 [Incident:Info:toast@toast-new:Magnitude updated] Magnitude updated: 5.65 (M)
2026/08/14 01:42:19.808187 [Simulation:Info:toast@toast-new:Simulation not generated] Magnitude 5.65 of event bmg2026purq is smaller than triggerMinMagnitude: no automatic simulation
2026/08/14 01:42:24.813050 [Incident:Info:toast@toast-new:Origin updated] Origin updated: OT: 2026-08-13 18:39:29,  Lat/Lon: 5.19216°/125.548°, Depth: 48.2646
2026/08/14 01:42:24.813212 [Incident:Info:toast@toast-new:Magnitude updated] Magnitude updated: 5.63 (M)
2026/08/14 01:42:24.813268 [Simulation:Info:toast@toast-new:Simulation not generated] Magnitude 5.63 of event bmg2026purq is smaller than triggerMinMagnitude: no automatic simulation
2026/08/14 01:42:34.820829 [Incident:Info:toast@toast-new:Origin updated] Origin updated: OT: 2026-08-13 18:39:29,  Lat/Lon: 5.19216°/125.548°, Depth: 48.2646
2026/08/14 01:42:34.821020 [Incident:Info:toast@toast-new:Magnitude updated] Magnitude updated: 5.63 (M)
2026/08/14 01:42:34.821066 [Simulation:Info:toast@toast-new:Simulation not generated] Magnitude 5.63 of event bmg2026purq is smaller than triggerMinMagnitude: no automatic simulation
2026/08/14 01:42:54.800201 [Incident:Info:toast@toast-new:Origin updated] Origin updated: OT: 2026-08-13 18:39:29,  Lat/Lon: 5.19216°/125.548°, Depth: 48.2646
2026/08/14 01:42:54.800368 [Incident:Info:toast@toast-new:Magnitude updated] Magnitude updated: 5.64 (M)
2026/08/14 01:42:54.800408 [Simulation:Info:toast@toast-new:Simulation not generated] Magnitude 5.64 of event bmg2026purq is smaller than triggerMinMagnitude: no automatic simulation
2026/08/14 01:43:04.665015 [Incident:Info:toast@toast-new:Origin updated] Origin updated: OT: 2026-08-13 18:39:29,  Lat/Lon: 5.19216°/125.548°, Depth: 48.2646
2026/08/14 01:43:04.665208 [Incident:Info:toast@toast-new:Magnitude updated] Magnitude updated: 5.63 (M)
2026/08/14 01:43:04.665251 [Simulation:Info:toast@toast-new:Simulation not generated] Magnitude 5.63 of event bmg2026purq is smaller than triggerMinMagnitude: no automatic simulation
2026/08/14 01:43:09.833136 [Incident:Info:toast@toast-new:Origin updated] Origin updated: OT: 2026-08-13 18:39:29,  Lat/Lon: 5.19216°/125.548°, Depth: 48.2646
2026/08/14 01:43:09.833291 [Incident:Info:toast@toast-new:Magnitude updated] Magnitude updated: 5.65 (M)
2026/08/14 01:43:09.833340 [Simulation:Info:toast@toast-new:Simulation not generated] Magnitude 5.65 of event bmg2026purq is smaller than triggerMinMagnitude: no automatic simulation
2026/08/14 01:44:05.517560 [Incident:Info:toast@toast-new:Origin updated] Origin updated: OT: 2026-08-13 18:39:29,  Lat/Lon: 5.19216°/125.548°, Depth: 48.2646
2026/08/14 01:44:05.517750 [Incident:Info:toast@toast-new:FM updated] FM updated
2026/08/14 01:44:05.517987 [Simulation:Info:toast@toast-new:Simulation not generated] Magnitude 5.65 of event bmg2026purq is smaller than triggerMinMagnitude: no automatic simulation
2026/08/14 01:44:25.385528 [Incident:Info:toast@toast-new:Origin updated] Origin updated: OT: 2026-08-13 18:39:29,  Lat/Lon: 5.19216°/125.548°, Depth: 48.2646
2026/08/14 01:44:25.385704 [Incident:Info:toast@toast-new:FM updated] FM updated
2026/08/14 01:44:25.385952 [Simulation:Info:toast@toast-new:Simulation not generated] Magnitude 5.65 of event bmg2026purq is smaller than triggerMinMagnitude: no automatic simulation
2026/08/14 01:44:45.432279 [Incident:Info:toast@toast-new:Origin updated] Origin updated: OT: 2026-08-13 18:39:29,  Lat/Lon: 5.19216°/125.548°, Depth: 48.2646
2026/08/14 01:44:45.432469 [Incident:Info:toast@toast-new:FM updated] FM updated
2026/08/14 01:44:45.432760 [Simulation:Info:toast@toast-new:Simulation not generated] Magnitude 5.65 of event bmg2026purq is smaller than triggerMinMagnitude: no automatic simulation
2026/08/14 01:44:55.485198 [Incident:Info:toast@toast-new:Origin updated] Origin updated: OT: 2026-08-13 18:39:29,  Lat/Lon: 5.19216°/125.548°, Depth: 48.2646
2026/08/14 01:44:55.485393 [Incident:Info:toast@toast-new:FM updated] FM updated
2026/08/14 01:44:55.485704 [Simulation:Info:toast@toast-new:Simulation not generated] Magnitude 5.65 of event bmg2026purq is smaller than triggerMinMagnitude: no automatic simulation
2026/08/14 01:45:15.649763 [Incident:Info:toast@toast-new:Origin updated] Origin updated: OT: 2026-08-13 18:39:29,  Lat/Lon: 5.19216°/125.548°, Depth: 48.2646
2026/08/14 01:45:15.649960 [Incident:Info:toast@toast-new:FM updated] FM updated
2026/08/14 01:45:15.650270 [Simulation:Info:toast@toast-new:Simulation not generated] Magnitude 5.65 of event bmg2026purq is smaller than triggerMinMagnitude: no automatic simulation
2026/08/14 01:45:28.650137 [Incident:Info:toast@toast-new:Origin updated] Origin updated: OT: 2026-08-13 18:39:29,  Lat/Lon: 5.25597°/125.489°, Depth: 30.1115
2026/08/14 01:45:28.650331 [Incident:Info:toast@toast-new:Magnitude updated] Magnitude updated: 5.74 (Mw(mB))
2026/08/14 01:45:28.650367 [Simulation:Info:toast@toast-new:Simulation not generated] Magnitude 5.74 of event bmg2026purq is smaller than triggerMinMagnitude: no automatic simulation
2026/08/14 01:46:15.682716 [Incident:Info:toast@toast-new:Origin updated] Origin updated: OT: 2026-08-13 18:39:29,  Lat/Lon: 5.25597°/125.489°, Depth: 30.1115
2026/08/14 01:46:15.682918 [Incident:Info:toast@toast-new:FM updated] FM updated
2026/08/14 01:46:15.683175 [Simulation:Info:toast@toast-new:Simulation not generated] Magnitude 5.74 of event bmg2026purq is smaller than triggerMinMagnitude: no automatic simulation
2026/08/14 01:46:25.474551 [Incident:Info:toast@toast-new:Origin updated] Origin updated: OT: 2026-08-13 18:39:29,  Lat/Lon: 5.25597°/125.489°, Depth: 30.1115
2026/08/14 01:46:25.474770 [Simulation:Info:toast@toast-new:Simulation not generated] Magnitude 5.74 of event bmg2026purq is smaller than triggerMinMagnitude: no automatic simulation
2026/08/14 01:46:35.558856 [Incident:Info:toast@toast-new:Origin updated] Origin updated: OT: 2026-08-13 18:39:29,  Lat/Lon: 5.25597°/125.489°, Depth: 30.1115
2026/08/14 01:46:35.559035 [Incident:Info:toast@toast-new:FM updated] FM updated
2026/08/14 01:46:35.559267 [Simulation:Info:toast@toast-new:Simulation not generated] Magnitude 5.74 of event bmg2026purq is smaller than triggerMinMagnitude: no automatic simulation
2026/08/14 01:46:45.841891 [Incident:Info:toast@toast-new:Origin updated] Origin updated: OT: 2026-08-13 18:39:29,  Lat/Lon: 5.25597°/125.489°, Depth: 30.1115
2026/08/14 01:46:45.842094 [Incident:Info:toast@toast-new:FM updated] FM updated
2026/08/14 01:46:45.842378 [Simulation:Info:toast@toast-new:Simulation not generated] Magnitude 5.74 of event bmg2026purq is smaller than triggerMinMagnitude: no automatic simulation
2026/08/14 01:46:55.676226 [Incident:Info:toast@toast-new:Origin updated] Origin updated: OT: 2026-08-13 18:39:29,  Lat/Lon: 5.25597°/125.489°, Depth: 30.1115
2026/08/14 01:46:55.676456 [Incident:Info:toast@toast-new:FM updated] FM updated
2026/08/14 01:46:55.676718 [Simulation:Info:toast@toast-new:Simulation not generated] Magnitude 5.74 of event bmg2026purq is smaller than triggerMinMagnitude: no automatic simulation
2026/08/14 01:47:05.997111 [Incident:Info:toast@toast-new:Origin updated] Origin updated: OT: 2026-08-13 18:39:29,  Lat/Lon: 5.25597°/125.489°, Depth: 30.1115
2026/08/14 01:47:05.997310 [Simulation:Info:toast@toast-new:Simulation not generated] Magnitude 5.74 of event bmg2026purq is smaller than triggerMinMagnitude: no automatic simulation
2026/08/14 01:47:16.355833 [Incident:Info:toast@toast-new:Origin updated] Origin updated: OT: 2026-08-13 18:39:29,  Lat/Lon: 5.25597°/125.489°, Depth: 30.1115
2026/08/14 01:47:16.356034 [Incident:Info:toast@toast-new:FM updated] FM updated
2026/08/14 01:47:16.356311 [Simulation:Info:toast@toast-new:Simulation not generated] Magnitude 5.74 of event bmg2026purq is smaller than triggerMinMagnitude: no automatic simulation
2026/08/14 01:47:26.017516 [Incident:Info:toast@toast-new:Origin updated] Origin updated: OT: 2026-08-13 18:39:29,  Lat/Lon: 5.25597°/125.489°, Depth: 30.1115
2026/08/14 01:47:26.017700 [Simulation:Info:toast@toast-new:Simulation not generated] Magnitude 5.74 of event bmg2026purq is smaller than triggerMinMagnitude: no automatic simulation
2026/08/14 01:47:35.943389 [Incident:Info:toast@toast-new:Origin updated] Origin updated: OT: 2026-08-13 18:39:29,  Lat/Lon: 5.25597°/125.489°, Depth: 30.1115
2026/08/14 01:47:35.943596 [Incident:Info:toast@toast-new:FM updated] FM updated
2026/08/14 01:47:35.943882 [Simulation:Info:toast@toast-new:Simulation not generated] Magnitude 5.74 of event bmg2026purq is smaller than triggerMinMagnitude: no automatic simulation
2026/08/14 01:47:46.031142 [Incident:Info:toast@toast-new:Origin updated] Origin updated: OT: 2026-08-13 18:39:29,  Lat/Lon: 5.25597°/125.489°, Depth: 30.1115
2026/08/14 01:47:46.031309 [Incident:Info:toast@toast-new:FM updated] FM updated
2026/08/14 01:47:46.031532 [Simulation:Info:toast@toast-new:Simulation not generated] Magnitude 5.74 of event bmg2026purq is smaller than triggerMinMagnitude: no automatic simulation
2026/08/14 01:47:56.101042 [Incident:Info:toast@toast-new:Origin updated] Origin updated: OT: 2026-08-13 18:39:29,  Lat/Lon: 5.25597°/125.489°, Depth: 30.1115
2026/08/14 01:47:56.101196 [Incident:Info:toast@toast-new:FM updated] FM updated
2026/08/14 01:47:56.101409 [Simulation:Info:toast@toast-new:Simulation not generated] Magnitude 5.74 of event bmg2026purq is smaller than triggerMinMagnitude: no automatic simulation
2026/08/14 01:48:06.243291 [Incident:Info:toast@toast-new:Origin updated] Origin updated: OT: 2026-08-13 18:39:29,  Lat/Lon: 5.25597°/125.489°, Depth: 30.1115
2026/08/14 01:48:06.243486 [Incident:Info:toast@toast-new:FM updated] FM updated
2026/08/14 01:48:06.243823 [Simulation:Info:toast@toast-new:Simulation not generated] Magnitude 5.74 of event bmg2026purq is smaller than triggerMinMagnitude: no automatic simulation
2026/08/14 01:48:16.336082 [Incident:Info:toast@toast-new:Origin updated] Origin updated: OT: 2026-08-13 18:39:29,  Lat/Lon: 5.25597°/125.489°, Depth: 30.1115
2026/08/14 01:48:16.336415 [Incident:Info:toast@toast-new:FM updated] FM updated
2026/08/14 01:48:16.336658 [Simulation:Info:toast@toast-new:Simulation not generated] Magnitude 5.74 of event bmg2026purq is smaller than triggerMinMagnitude: no automatic simulation
2026/08/14 01:48:26.166493 [Incident:Info:toast@toast-new:Origin updated] Origin updated: OT: 2026-08-13 18:39:29,  Lat/Lon: 5.25597°/125.489°, Depth: 30.1115
2026/08/14 01:48:26.166665 [Incident:Info:toast@toast-new:FM updated] FM updated
2026/08/14 01:48:26.166911 [Simulation:Info:toast@toast-new:Simulation not generated] Magnitude 5.74 of event bmg2026purq is smaller than triggerMinMagnitude: no automatic simulation
2026/08/14 01:48:36.639112 [Incident:Info:toast@toast-new:Origin updated] Origin updated: OT: 2026-08-13 18:39:29,  Lat/Lon: 5.25597°/125.489°, Depth: 30.1115
2026/08/14 01:48:36.639318 [Incident:Info:toast@toast-new:FM updated] FM updated
2026/08/14 01:48:36.639568 [Simulation:Info:toast@toast-new:Simulation not generated] Magnitude 5.74 of event bmg2026purq is smaller than triggerMinMagnitude: no automatic simulation
2026/08/14 01:48:46.650108 [Incident:Info:toast@toast-new:Origin updated] Origin updated: OT: 2026-08-13 18:39:29,  Lat/Lon: 5.25597°/125.489°, Depth: 30.1115
2026/08/14 01:48:46.650307 [Incident:Info:toast@toast-new:FM updated] FM updated
2026/08/14 01:48:46.650578 [Simulation:Info:toast@toast-new:Simulation not generated] Magnitude 5.74 of event bmg2026purq is smaller than triggerMinMagnitude: no automatic simulation
2026/08/14 01:48:56.759409 [Incident:Info:toast@toast-new:Origin updated] Origin updated: OT: 2026-08-13 18:39:29,  Lat/Lon: 5.25597°/125.489°, Depth: 30.1115
2026/08/14 01:48:56.759610 [Simulation:Info:toast@toast-new:Simulation not generated] Magnitude 5.74 of event bmg2026purq is smaller than triggerMinMagnitude: no automatic simulation
2026/08/14 01:49:06.487009 [Incident:Info:toast@toast-new:Origin updated] Origin updated: OT: 2026-08-13 18:39:29,  Lat/Lon: 5.25597°/125.489°, Depth: 30.1115
2026/08/14 01:49:06.487236 [Incident:Info:toast@toast-new:FM updated] FM updated
2026/08/14 01:49:06.487614 [Simulation:Info:toast@toast-new:Simulation not generated] Magnitude 5.74 of event bmg2026purq is smaller than triggerMinMagnitude: no automatic simulation
2026/08/14 01:49:17.249047 [Incident:Info:toast@toast-new:Origin updated] Origin updated: OT: 2026-08-13 18:39:29,  Lat/Lon: 5.25597°/125.489°, Depth: 30.1115
2026/08/14 01:49:17.249258 [Incident:Info:toast@toast-new:FM updated] FM updated
2026/08/14 01:49:17.249544 [Simulation:Info:toast@toast-new:Simulation not generated] Magnitude 5.74 of event bmg2026purq is smaller than triggerMinMagnitude: no automatic simulation
2026/08/14 01:49:26.783719 [Incident:Info:toast@toast-new:Origin updated] Origin updated: OT: 2026-08-13 18:39:29,  Lat/Lon: 5.25597°/125.489°, Depth: 30.1115
2026/08/14 01:49:26.783930 [Simulation:Info:toast@toast-new:Simulation not generated] Magnitude 5.74 of event bmg2026purq is smaller than triggerMinMagnitude: no automatic simulation
2026/08/14 01:49:36.889892 [Incident:Info:toast@toast-new:Origin updated] Origin updated: OT: 2026-08-13 18:39:29,  Lat/Lon: 5.25597°/125.489°, Depth: 30.1115
2026/08/14 01:49:36.890093 [Simulation:Info:toast@toast-new:Simulation not generated] Magnitude 5.74 of event bmg2026purq is smaller than triggerMinMagnitude: no automatic simulation
2026/08/14 01:49:47.070349 [Incident:Info:toast@toast-new:Origin updated] Origin updated: OT: 2026-08-13 18:39:29,  Lat/Lon: 5.25597°/125.489°, Depth: 30.1115
2026/08/14 01:49:47.070553 [Simulation:Info:toast@toast-new:Simulation not generated] Magnitude 5.74 of event bmg2026purq is smaller than triggerMinMagnitude: no automatic simulation
2026/08/14 01:49:57.273720 [Incident:Info:toast@toast-new:Origin updated] Origin updated: OT: 2026-08-13 18:39:29,  Lat/Lon: 5.25597°/125.489°, Depth: 30.1115
2026/08/14 01:49:57.273909 [Incident:Info:toast@toast-new:FM updated] FM updated
2026/08/14 01:49:57.274158 [Simulation:Info:toast@toast-new:Simulation not generated] Magnitude 5.74 of event bmg2026purq is smaller than triggerMinMagnitude: no automatic simulation
2026/08/14 01:50:07.180184 [Incident:Info:toast@toast-new:Origin updated] Origin updated: OT: 2026-08-13 18:39:29,  Lat/Lon: 5.25597°/125.489°, Depth: 30.1115
2026/08/14 01:50:07.180407 [Simulation:Info:toast@toast-new:Simulation not generated] Magnitude 5.74 of event bmg2026purq is smaller than triggerMinMagnitude: no automatic simulation
2026/08/14 01:50:17.358914 [Incident:Info:toast@toast-new:Origin updated] Origin updated: OT: 2026-08-13 18:39:29,  Lat/Lon: 5.25597°/125.489°, Depth: 30.1115
2026/08/14 01:50:17.359096 [Incident:Info:toast@toast-new:FM updated] FM updated
2026/08/14 01:50:17.359339 [Simulation:Info:toast@toast-new:Simulation not generated] Magnitude 5.74 of event bmg2026purq is smaller than triggerMinMagnitude: no automatic simulation
2026/08/14 01:50:27.305175 [Incident:Info:toast@toast-new:Origin updated] Origin updated: OT: 2026-08-13 18:39:29,  Lat/Lon: 5.25597°/125.489°, Depth: 30.1115
2026/08/14 01:50:27.305384 [Incident:Info:toast@toast-new:FM updated] FM updated
2026/08/14 01:50:27.305684 [Simulation:Info:toast@toast-new:Simulation not generated] Magnitude 5.74 of event bmg2026purq is smaller than triggerMinMagnitude: no automatic simulation
2026/08/14 01:51:56.447300 [Incident:Info:toast@toast-new:Origin updated] Origin updated: OT: 2026-08-13 18:39:29,  Lat/Lon: 5.25597°/125.489°, Depth: 30.1115
2026/08/14 01:51:56.447493 [Incident:Info:toast@toast-new:FM updated] FM updated
2026/08/14 01:51:56.447742 [Simulation:Info:toast@toast-new:Simulation not generated] Magnitude 5.74 of event bmg2026purq is smaller than triggerMinMagnitude: no automatic simulation
2026/08/14 01:52:15.620053 [Incident:Info:toast@toast-new:Origin updated] Origin updated: OT: 2026-08-13 18:39:29,  Lat/Lon: 5.25597°/125.489°, Depth: 30.1115
2026/08/14 01:52:15.620263 [Simulation:Info:toast@toast-new:Simulation not generated] Magnitude 5.74 of event bmg2026purq is smaller than triggerMinMagnitude: no automatic simulation
2026/08/14 01:52:15.639102 [Incident:Info:toast@toast-new:Origin updated] Origin updated: OT: 2026-08-13 18:39:29,  Lat/Lon: 5.25597°/125.489°, Depth: 30.1115
2026/08/14 01:52:15.639222 [Incident:Info:toast@toast-new:Magnitude updated] Magnitude updated: 5.38 (Mw)
2026/08/14 01:52:15.639272 [Simulation:Info:toast@toast-new:Simulation not generated] Magnitude 5.38 of event bmg2026purq is smaller than triggerMinMagnitude: no automatic simulation
2026/08/14 01:53:21.004441 [Incident:Info:toast@toast-new:Origin updated] Origin updated: OT: 2026-08-13 18:39:30,  Lat/Lon: 5.28206°/125.522°, Depth: 33
2026/08/14 01:53:21.004652 [Simulation:Info:toast@toast-new:Simulation not generated] Magnitude 5.38 of event bmg2026purq is smaller than triggerMinMagnitude: no automatic simulation
2026/08/14 05:54:29.417542 [Incident:Info:toast@toast-new:Origin updated] Origin updated: OT: 2026-08-13 18:39:29,  Lat/Lon: 5.34549°/125.55°, Depth: 36.8291
2026/08/14 05:54:29.417693 [Simulation:Info:toast@toast-new:Simulation not generated] Magnitude 5.38 of event bmg2026purq is smaller than triggerMinMagnitude: no automatic simulation
2026/08/14 05:55:26.737418 [Incident:Info:toast@toast-new:Origin updated] Origin updated: OT: 2026-08-13 18:39:29,  Lat/Lon: 5.34549°/125.55°, Depth: 36.8291
2026/08/14 05:55:26.737607 [Incident:Info:toast@toast-new:Magnitude updated] Magnitude updated: 5.30 (Mw)
2026/08/14 05:55:26.737656 [Incident:Info:toast@toast-new:FM updated] FM updated
2026/08/14 05:55:26.737875 [Simulation:Info:toast@toast-new:Simulation not generated] Magnitude 5.30 of event bmg2026purq is smaller than triggerMinMagnitude: no automatic simulation
