2026/06/08 12:14:22.743933 [Incident:Info:toast@toast-new:Displacement(s) updated] Added 0 and changed 0 displacements with 0 amplitudes
2026/06/08 12:14:22.745366 [Incident:Info:toast@toast-new:Incident created] Incident created based on event received from messaging: OT: 2026-06-08 05:11:59,  Lat/Lon: 5.52°/125.29°, Depth: 10.00, Mag: 5.56 (M)
2026/06/08 12:14:22.745684 [Simulation:Info:toast@toast-new:Simulation not generated] Magnitude 5.56 of event bmg2026ldbu is smaller than triggerMinMagnitude: no automatic simulation
2026/06/08 12:14:22.757114 [Incident:Info:toast@toast-new:Origin updated] Origin updated: OT: 2026-06-08 05:11:59,  Lat/Lon: 5.5164°/125.287°, Depth: 10
2026/06/08 12:14:22.757205 [Simulation:Info:toast@toast-new:Simulation not generated] Magnitude 5.56 of event bmg2026ldbu is smaller than triggerMinMagnitude: no automatic simulation
2026/06/08 12:14:23.882244 [Incident:Info:toast@toast-new:Origin updated] Origin updated: OT: 2026-06-08 05:11:59,  Lat/Lon: 5.5164°/125.287°, Depth: 10
2026/06/08 12:14:23.882450 [Incident:Info:toast@toast-new:Magnitude updated] Magnitude updated: 5.56 (M)
2026/06/08 12:14:23.882499 [Simulation:Info:toast@toast-new:Simulation not generated] Magnitude 5.56 of event bmg2026ldbu is smaller than triggerMinMagnitude: no automatic simulation
2026/06/08 12:14:28.962409 [Incident:Info:toast@toast-new:Origin updated] Origin updated: OT: 2026-06-08 05:11:59,  Lat/Lon: 5.5164°/125.287°, Depth: 10
2026/06/08 12:14:28.962625 [Incident:Info:toast@toast-new:Magnitude updated] Magnitude updated: 5.58 (M)
2026/06/08 12:14:28.962686 [Simulation:Info:toast@toast-new:Simulation not generated] Magnitude 5.58 of event bmg2026ldbu is smaller than triggerMinMagnitude: no automatic simulation
2026/06/08 12:14:33.600382 [Incident:Info:toast@toast-new:Origin updated] Origin updated: OT: 2026-06-08 05:11:59,  Lat/Lon: 5.5164°/125.287°, Depth: 10
2026/06/08 12:14:33.600561 [Incident:Info:toast@toast-new:Magnitude updated] Magnitude updated: 5.58 (M)
2026/06/08 12:14:33.600612 [Simulation:Info:toast@toast-new:Simulation not generated] Magnitude 5.58 of event bmg2026ldbu is smaller than triggerMinMagnitude: no automatic simulation
2026/06/08 12:14:33.619862 [Incident:Info:toast@toast-new:Origin updated] Origin updated: OT: 2026-06-08 05:12:01,  Lat/Lon: 5.36324°/125.35°, Depth: 10
2026/06/08 12:14:33.620029 [Incident:Info:toast@toast-new:Magnitude updated] Magnitude updated: 5.56 (M)
2026/06/08 12:14:33.620061 [Simulation:Info:toast@toast-new:Simulation not generated] Magnitude 5.56 of event bmg2026ldbu is smaller than triggerMinMagnitude: no automatic simulation
2026/06/08 12:14:33.909029 [Incident:Info:toast@toast-new:Origin updated] Origin updated: OT: 2026-06-08 05:12:01,  Lat/Lon: 5.36324°/125.35°, Depth: 10
2026/06/08 12:14:33.909218 [Incident:Info:toast@toast-new:Magnitude updated] Magnitude updated: 5.56 (M)
2026/06/08 12:14:33.909278 [Simulation:Info:toast@toast-new:Simulation not generated] Magnitude 5.56 of event bmg2026ldbu is smaller than triggerMinMagnitude: no automatic simulation
2026/06/08 12:14:38.984240 [Incident:Info:toast@toast-new:Origin updated] Origin updated: OT: 2026-06-08 05:12:01,  Lat/Lon: 5.36324°/125.35°, Depth: 10
2026/06/08 12:14:38.984416 [Incident:Info:toast@toast-new:Magnitude updated] Magnitude updated: 5.56 (M)
2026/06/08 12:14:38.984461 [Simulation:Info:toast@toast-new:Simulation not generated] Magnitude 5.56 of event bmg2026ldbu is smaller than triggerMinMagnitude: no automatic simulation
2026/06/08 12:14:43.966675 [Incident:Info:toast@toast-new:Origin updated] Origin updated: OT: 2026-06-08 05:12:01,  Lat/Lon: 5.36324°/125.35°, Depth: 10
2026/06/08 12:14:43.966852 [Incident:Info:toast@toast-new:Magnitude updated] Magnitude updated: 5.58 (M)
2026/06/08 12:14:43.966892 [Simulation:Info:toast@toast-new:Simulation not generated] Magnitude 5.58 of event bmg2026ldbu is smaller than triggerMinMagnitude: no automatic simulation
2026/06/08 12:14:48.701119 [Incident:Info:toast@toast-new:Origin updated] Origin updated: OT: 2026-06-08 05:12:01,  Lat/Lon: 5.372°/125.356°, Depth: 10
2026/06/08 12:14:48.701324 [Incident:Info:toast@toast-new:Magnitude updated] Magnitude updated: 5.59 (M)
2026/06/08 12:14:48.701361 [Simulation:Info:toast@toast-new:Simulation not generated] Magnitude 5.59 of event bmg2026ldbu is smaller than triggerMinMagnitude: no automatic simulation
2026/06/08 12:14:53.953930 [Incident:Info:toast@toast-new:Origin updated] Origin updated: OT: 2026-06-08 05:12:01,  Lat/Lon: 5.372°/125.356°, Depth: 10
2026/06/08 12:14:53.954111 [Incident:Info:toast@toast-new:Magnitude updated] Magnitude updated: 5.61 (M)
2026/06/08 12:14:53.954150 [Simulation:Info:toast@toast-new:Simulation not generated] Magnitude 5.61 of event bmg2026ldbu is smaller than triggerMinMagnitude: no automatic simulation
2026/06/08 12:14:59.024802 [Incident:Info:toast@toast-new:Origin updated] Origin updated: OT: 2026-06-08 05:12:01,  Lat/Lon: 5.372°/125.356°, Depth: 10
2026/06/08 12:14:59.024991 [Incident:Info:toast@toast-new:Magnitude updated] Magnitude updated: 5.64 (M)
2026/06/08 12:14:59.025031 [Simulation:Info:toast@toast-new:Simulation not generated] Magnitude 5.64 of event bmg2026ldbu is smaller than triggerMinMagnitude: no automatic simulation
2026/06/08 12:15:04.044570 [Incident:Info:toast@toast-new:Origin updated] Origin updated: OT: 2026-06-08 05:12:01,  Lat/Lon: 5.372°/125.356°, Depth: 10
2026/06/08 12:15:04.044771 [Incident:Info:toast@toast-new:Magnitude updated] Magnitude updated: 5.63 (M)
2026/06/08 12:15:04.044816 [Simulation:Info:toast@toast-new:Simulation not generated] Magnitude 5.63 of event bmg2026ldbu is smaller than triggerMinMagnitude: no automatic simulation
2026/06/08 12:15:05.549408 [Incident:Info:toast@toast-new:Origin updated] Origin updated: OT: 2026-06-08 05:12:02,  Lat/Lon: 5.30274°/125.361°, Depth: 10
2026/06/08 12:15:05.549575 [Incident:Info:toast@toast-new:Magnitude updated] Magnitude updated: 5.63 (M)
2026/06/08 12:15:05.549618 [Simulation:Info:toast@toast-new:Simulation not generated] Magnitude 5.63 of event bmg2026ldbu is smaller than triggerMinMagnitude: no automatic simulation
2026/06/08 12:15:09.030926 [Incident:Info:toast@toast-new:Origin updated] Origin updated: OT: 2026-06-08 05:12:02,  Lat/Lon: 5.30274°/125.361°, Depth: 10
2026/06/08 12:15:09.031121 [Incident:Info:toast@toast-new:Magnitude updated] Magnitude updated: 5.66 (M)
2026/06/08 12:15:09.031171 [Simulation:Info:toast@toast-new:Simulation not generated] Magnitude 5.66 of event bmg2026ldbu is smaller than triggerMinMagnitude: no automatic simulation
2026/06/08 12:15:14.075370 [Incident:Info:toast@toast-new:Origin updated] Origin updated: OT: 2026-06-08 05:12:02,  Lat/Lon: 5.30274°/125.361°, Depth: 10
2026/06/08 12:15:14.075563 [Incident:Info:toast@toast-new:Magnitude updated] Magnitude updated: 5.65 (M)
2026/06/08 12:15:14.075610 [Simulation:Info:toast@toast-new:Simulation not generated] Magnitude 5.65 of event bmg2026ldbu is smaller than triggerMinMagnitude: no automatic simulation
2026/06/08 12:15:19.045396 [Incident:Info:toast@toast-new:Origin updated] Origin updated: OT: 2026-06-08 05:12:02,  Lat/Lon: 5.30274°/125.361°, Depth: 10
2026/06/08 12:15:19.045590 [Incident:Info:toast@toast-new:Magnitude updated] Magnitude updated: 5.65 (M)
2026/06/08 12:15:19.045634 [Simulation:Info:toast@toast-new:Simulation not generated] Magnitude 5.65 of event bmg2026ldbu is smaller than triggerMinMagnitude: no automatic simulation
2026/06/08 12:15:24.035018 [Incident:Info:toast@toast-new:Origin updated] Origin updated: OT: 2026-06-08 05:12:02,  Lat/Lon: 5.30274°/125.361°, Depth: 10
2026/06/08 12:15:24.035138 [Incident:Info:toast@toast-new:Magnitude updated] Magnitude updated: 5.67 (M)
2026/06/08 12:15:24.035165 [Simulation:Info:toast@toast-new:Simulation not generated] Magnitude 5.67 of event bmg2026ldbu is smaller than triggerMinMagnitude: no automatic simulation
2026/06/08 12:15:27.466080 [Incident:Info:toast@toast-new:Origin updated] Origin updated: OT: 2026-06-08 05:12:02,  Lat/Lon: 5.30274°/125.361°, Depth: 10
2026/06/08 12:15:27.466274 [Incident:Info:toast@toast-new:Magnitude updated] Magnitude updated: 5.72 (mb)
2026/06/08 12:15:27.466358 [Simulation:Info:toast@toast-new:Simulation not generated] Magnitude 5.72 of event bmg2026ldbu is smaller than triggerMinMagnitude: no automatic simulation
2026/06/08 12:15:27.671135 [Incident:Info:toast@toast-new:Origin updated] Origin updated: OT: 2026-06-08 05:12:02,  Lat/Lon: 5.30274°/125.361°, Depth: 10
2026/06/08 12:15:27.671297 [Incident:Info:toast@toast-new:Magnitude updated] Magnitude updated: 5.65 (M)
2026/06/08 12:15:27.671331 [Simulation:Info:toast@toast-new:Simulation not generated] Magnitude 5.65 of event bmg2026ldbu is smaller than triggerMinMagnitude: no automatic simulation
2026/06/08 12:15:29.000171 [Incident:Info:toast@toast-new:Origin updated] Origin updated: OT: 2026-06-08 05:12:02,  Lat/Lon: 5.30274°/125.361°, Depth: 10
2026/06/08 12:15:29.000351 [Incident:Info:toast@toast-new:Magnitude updated] Magnitude updated: 5.63 (M)
2026/06/08 12:15:29.000389 [Simulation:Info:toast@toast-new:Simulation not generated] Magnitude 5.63 of event bmg2026ldbu is smaller than triggerMinMagnitude: no automatic simulation
2026/06/08 12:15:34.008994 [Incident:Info:toast@toast-new:Origin updated] Origin updated: OT: 2026-06-08 05:12:02,  Lat/Lon: 5.30274°/125.361°, Depth: 10
2026/06/08 12:15:34.009166 [Incident:Info:toast@toast-new:Magnitude updated] Magnitude updated: 5.65 (M)
2026/06/08 12:15:34.009200 [Simulation:Info:toast@toast-new:Simulation not generated] Magnitude 5.65 of event bmg2026ldbu is smaller than triggerMinMagnitude: no automatic simulation
2026/06/08 12:15:39.166631 [Incident:Info:toast@toast-new:Origin updated] Origin updated: OT: 2026-06-08 05:12:02,  Lat/Lon: 5.30274°/125.361°, Depth: 10
2026/06/08 12:15:39.166833 [Incident:Info:toast@toast-new:Magnitude updated] Magnitude updated: 5.65 (M)
2026/06/08 12:15:39.166886 [Simulation:Info:toast@toast-new:Simulation not generated] Magnitude 5.65 of event bmg2026ldbu is smaller than triggerMinMagnitude: no automatic simulation
2026/06/08 12:15:44.111228 [Incident:Info:toast@toast-new:Origin updated] Origin updated: OT: 2026-06-08 05:12:02,  Lat/Lon: 5.30274°/125.361°, Depth: 10
2026/06/08 12:15:44.111414 [Incident:Info:toast@toast-new:Magnitude updated] Magnitude updated: 5.65 (M)
2026/06/08 12:15:44.111455 [Simulation:Info:toast@toast-new:Simulation not generated] Magnitude 5.65 of event bmg2026ldbu is smaller than triggerMinMagnitude: no automatic simulation
2026/06/08 12:15:49.110517 [Incident:Info:toast@toast-new:Origin updated] Origin updated: OT: 2026-06-08 05:12:02,  Lat/Lon: 5.30274°/125.361°, Depth: 10
2026/06/08 12:15:49.110671 [Incident:Info:toast@toast-new:Magnitude updated] Magnitude updated: 5.65 (M)
2026/06/08 12:15:49.110709 [Simulation:Info:toast@toast-new:Simulation not generated] Magnitude 5.65 of event bmg2026ldbu is smaller than triggerMinMagnitude: no automatic simulation
2026/06/08 12:15:54.067262 [Incident:Info:toast@toast-new:Origin updated] Origin updated: OT: 2026-06-08 05:12:02,  Lat/Lon: 5.30274°/125.361°, Depth: 10
2026/06/08 12:15:54.067460 [Incident:Info:toast@toast-new:Magnitude updated] Magnitude updated: 5.66 (M)
2026/06/08 12:15:54.067503 [Simulation:Info:toast@toast-new:Simulation not generated] Magnitude 5.66 of event bmg2026ldbu is smaller than triggerMinMagnitude: no automatic simulation
2026/06/08 12:15:59.091990 [Incident:Info:toast@toast-new:Origin updated] Origin updated: OT: 2026-06-08 05:12:02,  Lat/Lon: 5.30274°/125.361°, Depth: 10
2026/06/08 12:15:59.092190 [Incident:Info:toast@toast-new:Magnitude updated] Magnitude updated: 5.66 (M)
2026/06/08 12:15:59.092238 [Simulation:Info:toast@toast-new:Simulation not generated] Magnitude 5.66 of event bmg2026ldbu is smaller than triggerMinMagnitude: no automatic simulation
2026/06/08 12:16:04.061917 [Incident:Info:toast@toast-new:Origin updated] Origin updated: OT: 2026-06-08 05:12:02,  Lat/Lon: 5.30274°/125.361°, Depth: 10
2026/06/08 12:16:04.062110 [Incident:Info:toast@toast-new:Magnitude updated] Magnitude updated: 5.66 (M)
2026/06/08 12:16:04.062153 [Simulation:Info:toast@toast-new:Simulation not generated] Magnitude 5.66 of event bmg2026ldbu is smaller than triggerMinMagnitude: no automatic simulation
2026/06/08 12:16:09.082020 [Incident:Info:toast@toast-new:Origin updated] Origin updated: OT: 2026-06-08 05:12:02,  Lat/Lon: 5.30274°/125.361°, Depth: 10
2026/06/08 12:16:09.082218 [Incident:Info:toast@toast-new:Magnitude updated] Magnitude updated: 5.67 (M)
2026/06/08 12:16:09.082263 [Simulation:Info:toast@toast-new:Simulation not generated] Magnitude 5.67 of event bmg2026ldbu is smaller than triggerMinMagnitude: no automatic simulation
2026/06/08 12:16:14.076385 [Incident:Info:toast@toast-new:Origin updated] Origin updated: OT: 2026-06-08 05:12:02,  Lat/Lon: 5.30274°/125.361°, Depth: 10
2026/06/08 12:16:14.076591 [Incident:Info:toast@toast-new:Magnitude updated] Magnitude updated: 5.67 (M)
2026/06/08 12:16:14.076638 [Simulation:Info:toast@toast-new:Simulation not generated] Magnitude 5.67 of event bmg2026ldbu is smaller than triggerMinMagnitude: no automatic simulation
2026/06/08 12:16:18.941759 [Incident:Info:toast@toast-new:Origin updated] Origin updated: OT: 2026-06-08 05:12:02,  Lat/Lon: 5.30274°/125.361°, Depth: 10
2026/06/08 12:16:18.941947 [Incident:Info:toast@toast-new:Magnitude updated] Magnitude updated: 5.67 (M)
2026/06/08 12:16:18.941989 [Simulation:Info:toast@toast-new:Simulation not generated] Magnitude 5.67 of event bmg2026ldbu is smaller than triggerMinMagnitude: no automatic simulation
2026/06/08 12:16:23.967202 [Incident:Info:toast@toast-new:Origin updated] Origin updated: OT: 2026-06-08 05:12:02,  Lat/Lon: 5.30274°/125.361°, Depth: 10
2026/06/08 12:16:23.967406 [Incident:Info:toast@toast-new:Magnitude updated] Magnitude updated: 5.67 (M)
2026/06/08 12:16:23.967449 [Simulation:Info:toast@toast-new:Simulation not generated] Magnitude 5.67 of event bmg2026ldbu is smaller than triggerMinMagnitude: no automatic simulation
2026/06/08 12:16:29.033661 [Incident:Info:toast@toast-new:Origin updated] Origin updated: OT: 2026-06-08 05:12:02,  Lat/Lon: 5.30274°/125.361°, Depth: 10
2026/06/08 12:16:29.033857 [Incident:Info:toast@toast-new:Magnitude updated] Magnitude updated: 5.67 (M)
2026/06/08 12:16:29.033895 [Simulation:Info:toast@toast-new:Simulation not generated] Magnitude 5.67 of event bmg2026ldbu is smaller than triggerMinMagnitude: no automatic simulation
2026/06/08 12:16:34.075812 [Incident:Info:toast@toast-new:Origin updated] Origin updated: OT: 2026-06-08 05:12:02,  Lat/Lon: 5.30274°/125.361°, Depth: 10
2026/06/08 12:16:34.076007 [Incident:Info:toast@toast-new:Magnitude updated] Magnitude updated: 5.67 (M)
2026/06/08 12:16:34.076056 [Simulation:Info:toast@toast-new:Simulation not generated] Magnitude 5.67 of event bmg2026ldbu is smaller than triggerMinMagnitude: no automatic simulation
2026/06/08 12:16:39.066958 [Incident:Info:toast@toast-new:Origin updated] Origin updated: OT: 2026-06-08 05:12:02,  Lat/Lon: 5.30274°/125.361°, Depth: 10
2026/06/08 12:16:39.067141 [Incident:Info:toast@toast-new:Magnitude updated] Magnitude updated: 5.67 (M)
2026/06/08 12:16:39.067180 [Simulation:Info:toast@toast-new:Simulation not generated] Magnitude 5.67 of event bmg2026ldbu is smaller than triggerMinMagnitude: no automatic simulation
2026/06/08 12:16:49.069145 [Incident:Info:toast@toast-new:Origin updated] Origin updated: OT: 2026-06-08 05:12:02,  Lat/Lon: 5.30274°/125.361°, Depth: 10
2026/06/08 12:16:49.069366 [Incident:Info:toast@toast-new:Magnitude updated] Magnitude updated: 5.67 (M)
2026/06/08 12:16:49.069426 [Simulation:Info:toast@toast-new:Simulation not generated] Magnitude 5.67 of event bmg2026ldbu is smaller than triggerMinMagnitude: no automatic simulation
2026/06/08 12:16:59.093672 [Incident:Info:toast@toast-new:Origin updated] Origin updated: OT: 2026-06-08 05:12:02,  Lat/Lon: 5.30274°/125.361°, Depth: 10
2026/06/08 12:16:59.093874 [Incident:Info:toast@toast-new:Magnitude updated] Magnitude updated: 5.67 (M)
2026/06/08 12:16:59.093931 [Simulation:Info:toast@toast-new:Simulation not generated] Magnitude 5.67 of event bmg2026ldbu is smaller than triggerMinMagnitude: no automatic simulation
2026/06/08 12:17:12.375876 [Incident:Info:toast@toast-new:Origin updated] Origin updated: OT: 2026-06-08 05:12:02,  Lat/Lon: 5.30274°/125.361°, Depth: 10
2026/06/08 12:17:12.376069 [Incident:Info:toast@toast-new:FM updated] FM updated
2026/06/08 12:17:12.376271 [Simulation:Info:toast@toast-new:Simulation not generated] Magnitude 5.67 of event bmg2026ldbu is smaller than triggerMinMagnitude: no automatic simulation
2026/06/08 12:17:14.941618 [Incident:Info:toast@toast-new:Origin updated] Origin updated: OT: 2026-06-08 05:12:02,  Lat/Lon: 5.30274°/125.361°, Depth: 10
2026/06/08 12:17:14.941805 [Incident:Info:toast@toast-new:FM updated] FM updated
2026/06/08 12:17:14.942033 [Simulation:Info:toast@toast-new:Simulation not generated] Magnitude 5.67 of event bmg2026ldbu is smaller than triggerMinMagnitude: no automatic simulation
2026/06/08 12:19:25.268168 [Incident:Info:toast@toast-new:Origin updated] Origin updated: OT: 2026-06-08 05:12:02,  Lat/Lon: 5.30274°/125.361°, Depth: 10
2026/06/08 12:19:25.268309 [Incident:Info:toast@toast-new:FM updated] FM updated
2026/06/08 12:19:25.268460 [Simulation:Info:toast@toast-new:Simulation not generated] Magnitude 5.67 of event bmg2026ldbu is smaller than triggerMinMagnitude: no automatic simulation
2026/06/08 12:19:35.115532 [Incident:Info:toast@toast-new:Origin updated] Origin updated: OT: 2026-06-08 05:12:02,  Lat/Lon: 5.30274°/125.361°, Depth: 10
2026/06/08 12:19:35.115727 [Incident:Info:toast@toast-new:FM updated] FM updated
2026/06/08 12:19:35.115951 [Simulation:Info:toast@toast-new:Simulation not generated] Magnitude 5.67 of event bmg2026ldbu is smaller than triggerMinMagnitude: no automatic simulation
2026/06/08 12:19:45.809718 [Incident:Info:toast@toast-new:Origin updated] Origin updated: OT: 2026-06-08 05:12:02,  Lat/Lon: 5.30274°/125.361°, Depth: 10
2026/06/08 12:19:45.809916 [Incident:Info:toast@toast-new:FM updated] FM updated
2026/06/08 12:19:45.810155 [Simulation:Info:toast@toast-new:Simulation not generated] Magnitude 5.67 of event bmg2026ldbu is smaller than triggerMinMagnitude: no automatic simulation
2026/06/08 12:19:55.364902 [Incident:Info:toast@toast-new:Origin updated] Origin updated: OT: 2026-06-08 05:12:02,  Lat/Lon: 5.30274°/125.361°, Depth: 10
2026/06/08 12:19:55.365065 [Simulation:Info:toast@toast-new:Simulation not generated] Magnitude 5.67 of event bmg2026ldbu is smaller than triggerMinMagnitude: no automatic simulation
2026/06/08 12:20:05.610906 [Incident:Info:toast@toast-new:Origin updated] Origin updated: OT: 2026-06-08 05:12:02,  Lat/Lon: 5.30274°/125.361°, Depth: 10
2026/06/08 12:20:05.611151 [Incident:Info:toast@toast-new:FM updated] FM updated
2026/06/08 12:20:05.611377 [Simulation:Info:toast@toast-new:Simulation not generated] Magnitude 5.67 of event bmg2026ldbu is smaller than triggerMinMagnitude: no automatic simulation
2026/06/08 12:20:25.469993 [Incident:Info:toast@toast-new:Origin updated] Origin updated: OT: 2026-06-08 05:12:02,  Lat/Lon: 5.30274°/125.361°, Depth: 10
2026/06/08 12:20:25.470161 [Simulation:Info:toast@toast-new:Simulation not generated] Magnitude 5.67 of event bmg2026ldbu is smaller than triggerMinMagnitude: no automatic simulation
2026/06/08 12:20:35.609186 [Incident:Info:toast@toast-new:Origin updated] Origin updated: OT: 2026-06-08 05:12:02,  Lat/Lon: 5.30274°/125.361°, Depth: 10
2026/06/08 12:20:35.609374 [Incident:Info:toast@toast-new:FM updated] FM updated
2026/06/08 12:20:35.609596 [Simulation:Info:toast@toast-new:Simulation not generated] Magnitude 5.67 of event bmg2026ldbu is smaller than triggerMinMagnitude: no automatic simulation
2026/06/08 12:20:45.669609 [Incident:Info:toast@toast-new:Origin updated] Origin updated: OT: 2026-06-08 05:12:02,  Lat/Lon: 5.30274°/125.361°, Depth: 10
2026/06/08 12:20:45.669791 [Incident:Info:toast@toast-new:FM updated] FM updated
2026/06/08 12:20:45.670008 [Simulation:Info:toast@toast-new:Simulation not generated] Magnitude 5.67 of event bmg2026ldbu is smaller than triggerMinMagnitude: no automatic simulation
2026/06/08 12:20:55.669192 [Incident:Info:toast@toast-new:Origin updated] Origin updated: OT: 2026-06-08 05:12:02,  Lat/Lon: 5.30274°/125.361°, Depth: 10
2026/06/08 12:20:55.669343 [Simulation:Info:toast@toast-new:Simulation not generated] Magnitude 5.67 of event bmg2026ldbu is smaller than triggerMinMagnitude: no automatic simulation
2026/06/08 12:21:05.978666 [Incident:Info:toast@toast-new:Origin updated] Origin updated: OT: 2026-06-08 05:12:02,  Lat/Lon: 5.30274°/125.361°, Depth: 10
2026/06/08 12:21:05.978852 [Simulation:Info:toast@toast-new:Simulation not generated] Magnitude 5.67 of event bmg2026ldbu is smaller than triggerMinMagnitude: no automatic simulation
2026/06/08 12:21:15.951307 [Incident:Info:toast@toast-new:Origin updated] Origin updated: OT: 2026-06-08 05:12:02,  Lat/Lon: 5.30274°/125.361°, Depth: 10
2026/06/08 12:21:15.951489 [Simulation:Info:toast@toast-new:Simulation not generated] Magnitude 5.67 of event bmg2026ldbu is smaller than triggerMinMagnitude: no automatic simulation
2026/06/08 12:21:25.967124 [Incident:Info:toast@toast-new:Origin updated] Origin updated: OT: 2026-06-08 05:12:02,  Lat/Lon: 5.30274°/125.361°, Depth: 10
2026/06/08 12:21:25.967315 [Incident:Info:toast@toast-new:FM updated] FM updated
2026/06/08 12:21:25.967576 [Simulation:Info:toast@toast-new:Simulation not generated] Magnitude 5.67 of event bmg2026ldbu is smaller than triggerMinMagnitude: no automatic simulation
2026/06/08 12:21:36.085048 [Incident:Info:toast@toast-new:Origin updated] Origin updated: OT: 2026-06-08 05:12:02,  Lat/Lon: 5.30274°/125.361°, Depth: 10
2026/06/08 12:21:36.085228 [Simulation:Info:toast@toast-new:Simulation not generated] Magnitude 5.67 of event bmg2026ldbu is smaller than triggerMinMagnitude: no automatic simulation
2026/06/08 12:21:46.006283 [Incident:Info:toast@toast-new:Origin updated] Origin updated: OT: 2026-06-08 05:12:02,  Lat/Lon: 5.30274°/125.361°, Depth: 10
2026/06/08 12:21:46.006483 [Simulation:Info:toast@toast-new:Simulation not generated] Magnitude 5.67 of event bmg2026ldbu is smaller than triggerMinMagnitude: no automatic simulation
2026/06/08 12:21:55.676968 [Incident:Info:toast@toast-new:Origin updated] Origin updated: OT: 2026-06-08 05:12:02,  Lat/Lon: 5.30274°/125.361°, Depth: 10
2026/06/08 12:21:55.677140 [Incident:Info:toast@toast-new:FM updated] FM updated
2026/06/08 12:21:55.677350 [Simulation:Info:toast@toast-new:Simulation not generated] Magnitude 5.67 of event bmg2026ldbu is smaller than triggerMinMagnitude: no automatic simulation
2026/06/08 16:53:30.217097 [Incident:Info:toast@toast-new:Origin updated] Origin updated: OT: 2026-06-08 05:12:04,  Lat/Lon: 5.29665°/125.397°, Depth: 39.4742
2026/06/08 16:53:30.234281 [Incident:Info:toast@toast-new:Magnitude updated] Magnitude updated: 5.51 (Mw(mB))
2026/06/08 16:53:30.245821 [Incident:Info:toast@toast-new:FM updated] FM updated
2026/06/08 16:53:30.256189 [Simulation:Info:toast@toast-new:Simulation not generated] Magnitude 5.51 of event bmg2026ldbu is smaller than triggerMinMagnitude: no automatic simulation
2026/06/08 16:53:34.336692 [Incident:Info:toast@toast-new:Origin updated] Origin updated: OT: 2026-06-08 05:12:04,  Lat/Lon: 5.29665°/125.397°, Depth: 39.4742
2026/06/08 16:53:34.352219 [Incident:Info:toast@toast-new:Magnitude updated] Magnitude updated: 5.64 (mb)
2026/06/08 16:53:34.366389 [Simulation:Info:toast@toast-new:Simulation not generated] Magnitude 5.64 of event bmg2026ldbu is smaller than triggerMinMagnitude: no automatic simulation
2026/06/08 17:46:48.133921 [Incident:Info:toast@toast-new:Origin updated] Origin updated: OT: 2026-06-08 05:12:04,  Lat/Lon: 5.29665°/125.397°, Depth: 39.4742
2026/06/08 17:46:48.146113 [Incident:Info:toast@toast-new:FM updated] FM updated
2026/06/08 17:46:48.157935 [Simulation:Info:toast@toast-new:Simulation not generated] Magnitude 5.64 of event bmg2026ldbu is smaller than triggerMinMagnitude: no automatic simulation
2026/06/08 17:47:22.671800 [Incident:Info:toast@toast-new:Origin updated] Origin updated: OT: 2026-06-08 05:12:04,  Lat/Lon: 5.29665°/125.397°, Depth: 39.4742
2026/06/08 17:47:22.686048 [Simulation:Info:toast@toast-new:Simulation not generated] Magnitude 5.64 of event bmg2026ldbu is smaller than triggerMinMagnitude: no automatic simulation
2026/06/08 17:51:25.629343 [Incident:Info:toast@toast-new:Origin updated] Origin updated: OT: 2026-06-08 05:12:04,  Lat/Lon: 5.29665°/125.397°, Depth: 39.4742
2026/06/08 17:51:25.640684 [Incident:Info:toast@toast-new:FM updated] FM updated
2026/06/08 17:51:25.651330 [Simulation:Info:toast@toast-new:Simulation not generated] Magnitude 5.64 of event bmg2026ldbu is smaller than triggerMinMagnitude: no automatic simulation
