2026/07/29 20:26:17.527402 [Incident:Info:toast@toast-new:Displacement(s) updated] Added 0 and changed 0 displacements with 0 amplitudes
2026/07/29 20:26:17.530756 [Incident:Info:toast@toast-new:Incident created] Incident created based on event received from messaging: OT: 2026-07-29 13:23:52,  Lat/Lon: 5.27°/125.11°, Depth: 10.00, Mag: 5.32 (M)
2026/07/29 20:26:17.531394 [Simulation:Info:toast@toast-new:Simulation not generated] Magnitude 5.32 of event bmg2026oswr is smaller than triggerMinMagnitude: no automatic simulation
2026/07/29 20:26:17.553425 [Incident:Info:toast@toast-new:Origin updated] Origin updated: OT: 2026-07-29 13:23:52,  Lat/Lon: 5.26702°/125.112°, Depth: 10
2026/07/29 20:26:17.553669 [Simulation:Info:toast@toast-new:Simulation not generated] Magnitude 5.32 of event bmg2026oswr is smaller than triggerMinMagnitude: no automatic simulation
2026/07/29 20:26:24.725669 [Incident:Info:toast@toast-new:Origin updated] Origin updated: OT: 2026-07-29 13:23:52,  Lat/Lon: 5.26702°/125.112°, Depth: 10
2026/07/29 20:26:24.725870 [Incident:Info:toast@toast-new:Magnitude updated] Magnitude updated: 5.33 (M)
2026/07/29 20:26:24.725917 [Simulation:Info:toast@toast-new:Simulation not generated] Magnitude 5.33 of event bmg2026oswr is smaller than triggerMinMagnitude: no automatic simulation
2026/07/29 20:26:29.298493 [Incident:Info:toast@toast-new:Origin updated] Origin updated: OT: 2026-07-29 13:23:52,  Lat/Lon: 5.27269°/125.111°, Depth: 10
2026/07/29 20:26:29.298693 [Incident:Info:toast@toast-new:Magnitude updated] Magnitude updated: 5.31 (M)
2026/07/29 20:26:29.298726 [Simulation:Info:toast@toast-new:Simulation not generated] Magnitude 5.31 of event bmg2026oswr is smaller than triggerMinMagnitude: no automatic simulation
2026/07/29 20:26:29.630505 [Incident:Info:toast@toast-new:Origin updated] Origin updated: OT: 2026-07-29 13:23:52,  Lat/Lon: 5.27269°/125.111°, Depth: 10
2026/07/29 20:26:29.630694 [Incident:Info:toast@toast-new:Magnitude updated] Magnitude updated: 5.31 (M)
2026/07/29 20:26:29.630733 [Simulation:Info:toast@toast-new:Simulation not generated] Magnitude 5.31 of event bmg2026oswr is smaller than triggerMinMagnitude: no automatic simulation
2026/07/29 20:26:34.721949 [Incident:Info:toast@toast-new:Origin updated] Origin updated: OT: 2026-07-29 13:23:52,  Lat/Lon: 5.27269°/125.111°, Depth: 10
2026/07/29 20:26:34.722184 [Incident:Info:toast@toast-new:Magnitude updated] Magnitude updated: 5.31 (M)
2026/07/29 20:26:34.722244 [Simulation:Info:toast@toast-new:Simulation not generated] Magnitude 5.31 of event bmg2026oswr is smaller than triggerMinMagnitude: no automatic simulation
2026/07/29 20:26:39.668218 [Incident:Info:toast@toast-new:Origin updated] Origin updated: OT: 2026-07-29 13:23:52,  Lat/Lon: 5.27269°/125.111°, Depth: 10
2026/07/29 20:26:39.668423 [Incident:Info:toast@toast-new:Magnitude updated] Magnitude updated: 5.31 (M)
2026/07/29 20:26:39.668469 [Simulation:Info:toast@toast-new:Simulation not generated] Magnitude 5.31 of event bmg2026oswr is smaller than triggerMinMagnitude: no automatic simulation
2026/07/29 20:26:43.382491 [Incident:Info:toast@toast-new:Origin updated] Origin updated: OT: 2026-07-29 13:23:52,  Lat/Lon: 5.29464°/125.115°, Depth: 10
2026/07/29 20:26:43.382705 [Incident:Info:toast@toast-new:Magnitude updated] Magnitude updated: 5.26 (M)
2026/07/29 20:26:43.382736 [Simulation:Info:toast@toast-new:Simulation not generated] Magnitude 5.26 of event bmg2026oswr is smaller than triggerMinMagnitude: no automatic simulation
2026/07/29 20:26:44.661809 [Incident:Info:toast@toast-new:Origin updated] Origin updated: OT: 2026-07-29 13:23:52,  Lat/Lon: 5.29464°/125.115°, Depth: 10
2026/07/29 20:26:44.661996 [Incident:Info:toast@toast-new:Magnitude updated] Magnitude updated: 5.27 (M)
2026/07/29 20:26:44.662042 [Simulation:Info:toast@toast-new:Simulation not generated] Magnitude 5.27 of event bmg2026oswr is smaller than triggerMinMagnitude: no automatic simulation
2026/07/29 20:26:49.793813 [Incident:Info:toast@toast-new:Origin updated] Origin updated: OT: 2026-07-29 13:23:52,  Lat/Lon: 5.29464°/125.115°, Depth: 10
2026/07/29 20:26:49.794030 [Incident:Info:toast@toast-new:Magnitude updated] Magnitude updated: 5.27 (M)
2026/07/29 20:26:49.794073 [Simulation:Info:toast@toast-new:Simulation not generated] Magnitude 5.27 of event bmg2026oswr is smaller than triggerMinMagnitude: no automatic simulation
2026/07/29 20:26:54.784311 [Incident:Info:toast@toast-new:Origin updated] Origin updated: OT: 2026-07-29 13:23:52,  Lat/Lon: 5.29464°/125.115°, Depth: 10
2026/07/29 20:26:54.784521 [Incident:Info:toast@toast-new:Magnitude updated] Magnitude updated: 5.24 (M)
2026/07/29 20:26:54.784589 [Simulation:Info:toast@toast-new:Simulation not generated] Magnitude 5.24 of event bmg2026oswr is smaller than triggerMinMagnitude: no automatic simulation
2026/07/29 20:26:59.761081 [Incident:Info:toast@toast-new:Origin updated] Origin updated: OT: 2026-07-29 13:23:52,  Lat/Lon: 5.29464°/125.115°, Depth: 10
2026/07/29 20:26:59.761292 [Incident:Info:toast@toast-new:Magnitude updated] Magnitude updated: 5.25 (M)
2026/07/29 20:26:59.761342 [Simulation:Info:toast@toast-new:Simulation not generated] Magnitude 5.25 of event bmg2026oswr is smaller than triggerMinMagnitude: no automatic simulation
2026/07/29 20:27:04.014226 [Incident:Info:toast@toast-new:Origin updated] Origin updated: OT: 2026-07-29 13:23:52,  Lat/Lon: 5.30998°/125.116°, Depth: 10
2026/07/29 20:27:04.014453 [Incident:Info:toast@toast-new:Magnitude updated] Magnitude updated: 5.21 (M)
2026/07/29 20:27:04.014496 [Simulation:Info:toast@toast-new:Simulation not generated] Magnitude 5.21 of event bmg2026oswr is smaller than triggerMinMagnitude: no automatic simulation
2026/07/29 20:27:04.678046 [Incident:Info:toast@toast-new:Origin updated] Origin updated: OT: 2026-07-29 13:23:52,  Lat/Lon: 5.30998°/125.116°, Depth: 10
2026/07/29 20:27:04.678245 [Incident:Info:toast@toast-new:Magnitude updated] Magnitude updated: 5.21 (M)
2026/07/29 20:27:04.678306 [Simulation:Info:toast@toast-new:Simulation not generated] Magnitude 5.21 of event bmg2026oswr is smaller than triggerMinMagnitude: no automatic simulation
2026/07/29 20:27:09.710270 [Incident:Info:toast@toast-new:Origin updated] Origin updated: OT: 2026-07-29 13:23:52,  Lat/Lon: 5.30998°/125.116°, Depth: 10
2026/07/29 20:27:09.710509 [Incident:Info:toast@toast-new:Magnitude updated] Magnitude updated: 5.22 (M)
2026/07/29 20:27:09.710554 [Simulation:Info:toast@toast-new:Simulation not generated] Magnitude 5.22 of event bmg2026oswr is smaller than triggerMinMagnitude: no automatic simulation
2026/07/29 20:27:14.744399 [Incident:Info:toast@toast-new:Origin updated] Origin updated: OT: 2026-07-29 13:23:52,  Lat/Lon: 5.30998°/125.116°, Depth: 10
2026/07/29 20:27:14.744588 [Incident:Info:toast@toast-new:Magnitude updated] Magnitude updated: 5.21 (M)
2026/07/29 20:27:14.744621 [Simulation:Info:toast@toast-new:Simulation not generated] Magnitude 5.21 of event bmg2026oswr is smaller than triggerMinMagnitude: no automatic simulation
2026/07/29 20:27:19.785724 [Incident:Info:toast@toast-new:Origin updated] Origin updated: OT: 2026-07-29 13:23:52,  Lat/Lon: 5.30998°/125.116°, Depth: 10
2026/07/29 20:27:19.785947 [Incident:Info:toast@toast-new:Magnitude updated] Magnitude updated: 5.19 (M)
2026/07/29 20:27:19.785997 [Simulation:Info:toast@toast-new:Simulation not generated] Magnitude 5.19 of event bmg2026oswr is smaller than triggerMinMagnitude: no automatic simulation
2026/07/29 20:27:24.809678 [Incident:Info:toast@toast-new:Origin updated] Origin updated: OT: 2026-07-29 13:23:52,  Lat/Lon: 5.30998°/125.116°, Depth: 10
2026/07/29 20:27:24.809867 [Incident:Info:toast@toast-new:Magnitude updated] Magnitude updated: 5.16 (M)
2026/07/29 20:27:24.809910 [Simulation:Info:toast@toast-new:Simulation not generated] Magnitude 5.16 of event bmg2026oswr is smaller than triggerMinMagnitude: no automatic simulation
2026/07/29 20:27:29.706551 [Incident:Info:toast@toast-new:Origin updated] Origin updated: OT: 2026-07-29 13:23:52,  Lat/Lon: 5.30998°/125.116°, Depth: 10
2026/07/29 20:27:29.706817 [Incident:Info:toast@toast-new:Magnitude updated] Magnitude updated: 5.07 (Mw(mB))
2026/07/29 20:27:29.706936 [Simulation:Info:toast@toast-new:Simulation not generated] Magnitude 5.07 of event bmg2026oswr is smaller than triggerMinMagnitude: no automatic simulation
2026/07/29 20:27:29.735276 [Incident:Info:toast@toast-new:Origin updated] Origin updated: OT: 2026-07-29 13:23:52,  Lat/Lon: 5.30998°/125.116°, Depth: 10
2026/07/29 20:27:29.735448 [Simulation:Info:toast@toast-new:Simulation not generated] Magnitude 5.07 of event bmg2026oswr is smaller than triggerMinMagnitude: no automatic simulation
2026/07/29 20:27:30.839098 [Incident:Info:toast@toast-new:Origin updated] Origin updated: OT: 2026-07-29 13:23:52,  Lat/Lon: 5.30998°/125.116°, Depth: 10
2026/07/29 20:27:30.839302 [Incident:Info:toast@toast-new:Magnitude updated] Magnitude updated: 5.06 (Mw(mB))
2026/07/29 20:27:30.839347 [Simulation:Info:toast@toast-new:Simulation not generated] Magnitude 5.06 of event bmg2026oswr is smaller than triggerMinMagnitude: no automatic simulation
2026/07/29 20:27:30.862336 [Incident:Info:toast@toast-new:Origin updated] Origin updated: OT: 2026-07-29 13:23:52,  Lat/Lon: 5.31527°/125.116°, Depth: 10
2026/07/29 20:27:30.862462 [Incident:Info:toast@toast-new:Magnitude updated] Magnitude updated: 5.06 (Mw(mB))
2026/07/29 20:27:30.862490 [Simulation:Info:toast@toast-new:Simulation not generated] Magnitude 5.06 of event bmg2026oswr is smaller than triggerMinMagnitude: no automatic simulation
2026/07/29 20:27:34.816514 [Incident:Info:toast@toast-new:Origin updated] Origin updated: OT: 2026-07-29 13:23:52,  Lat/Lon: 5.31527°/125.116°, Depth: 10
2026/07/29 20:27:34.816727 [Incident:Info:toast@toast-new:Magnitude updated] Magnitude updated: 5.08 (Mw(mB))
2026/07/29 20:27:34.816775 [Simulation:Info:toast@toast-new:Simulation not generated] Magnitude 5.08 of event bmg2026oswr is smaller than triggerMinMagnitude: no automatic simulation
2026/07/29 20:27:37.623709 [Incident:Info:toast@toast-new:Origin updated] Origin updated: OT: 2026-07-29 13:23:52,  Lat/Lon: 5.27646°/125.112°, Depth: 10
2026/07/29 20:27:37.623930 [Incident:Info:toast@toast-new:Magnitude updated] Magnitude updated: 5.54 (MLv)
2026/07/29 20:27:37.623998 [Simulation:Info:toast@toast-new:Simulation not generated] Magnitude 5.54 of event bmg2026oswr is smaller than triggerMinMagnitude: no automatic simulation
2026/07/29 20:27:37.716860 [Incident:Info:toast@toast-new:Origin updated] Origin updated: OT: 2026-07-29 13:23:52,  Lat/Lon: 5.27646°/125.112°, Depth: 10
2026/07/29 20:27:37.716971 [Incident:Info:toast@toast-new:Magnitude updated] Magnitude updated: 5.22 (M)
2026/07/29 20:27:37.717003 [Simulation:Info:toast@toast-new:Simulation not generated] Magnitude 5.22 of event bmg2026oswr is smaller than triggerMinMagnitude: no automatic simulation
2026/07/29 20:27:39.810354 [Incident:Info:toast@toast-new:Origin updated] Origin updated: OT: 2026-07-29 13:23:52,  Lat/Lon: 5.27646°/125.112°, Depth: 10
2026/07/29 20:27:39.810554 [Incident:Info:toast@toast-new:Magnitude updated] Magnitude updated: 5.22 (M)
2026/07/29 20:27:39.810595 [Simulation:Info:toast@toast-new:Simulation not generated] Magnitude 5.22 of event bmg2026oswr is smaller than triggerMinMagnitude: no automatic simulation
2026/07/29 20:27:44.815186 [Incident:Info:toast@toast-new:Origin updated] Origin updated: OT: 2026-07-29 13:23:52,  Lat/Lon: 5.27646°/125.112°, Depth: 10
2026/07/29 20:27:44.815407 [Incident:Info:toast@toast-new:Magnitude updated] Magnitude updated: 5.22 (M)
2026/07/29 20:27:44.815461 [Simulation:Info:toast@toast-new:Simulation not generated] Magnitude 5.22 of event bmg2026oswr is smaller than triggerMinMagnitude: no automatic simulation
2026/07/29 20:27:49.710897 [Incident:Info:toast@toast-new:Origin updated] Origin updated: OT: 2026-07-29 13:23:52,  Lat/Lon: 5.27646°/125.112°, Depth: 10
2026/07/29 20:27:49.711075 [Incident:Info:toast@toast-new:Magnitude updated] Magnitude updated: 5.23 (M)
2026/07/29 20:27:49.711115 [Simulation:Info:toast@toast-new:Simulation not generated] Magnitude 5.23 of event bmg2026oswr is smaller than triggerMinMagnitude: no automatic simulation
2026/07/29 20:27:54.700749 [Incident:Info:toast@toast-new:Origin updated] Origin updated: OT: 2026-07-29 13:23:52,  Lat/Lon: 5.27646°/125.112°, Depth: 10
2026/07/29 20:27:54.700971 [Incident:Info:toast@toast-new:Magnitude updated] Magnitude updated: 5.23 (M)
2026/07/29 20:27:54.701024 [Simulation:Info:toast@toast-new:Simulation not generated] Magnitude 5.23 of event bmg2026oswr is smaller than triggerMinMagnitude: no automatic simulation
2026/07/29 20:27:59.649701 [Incident:Info:toast@toast-new:Origin updated] Origin updated: OT: 2026-07-29 13:23:52,  Lat/Lon: 5.27646°/125.112°, Depth: 10
2026/07/29 20:27:59.649893 [Incident:Info:toast@toast-new:Magnitude updated] Magnitude updated: 5.23 (M)
2026/07/29 20:27:59.649937 [Simulation:Info:toast@toast-new:Simulation not generated] Magnitude 5.23 of event bmg2026oswr is smaller than triggerMinMagnitude: no automatic simulation
2026/07/29 20:28:00.854850 [Incident:Info:toast@toast-new:Origin updated] Origin updated: OT: 2026-07-29 13:23:52,  Lat/Lon: 5.29249°/125.116°, Depth: 10
2026/07/29 20:28:00.855062 [Incident:Info:toast@toast-new:Magnitude updated] Magnitude updated: 5.06 (Mw(mB))
2026/07/29 20:28:00.855117 [Simulation:Info:toast@toast-new:Simulation not generated] Magnitude 5.06 of event bmg2026oswr is smaller than triggerMinMagnitude: no automatic simulation
2026/07/29 20:29:45.002696 [Incident:Info:toast@toast-new:Origin updated] Origin updated: OT: 2026-07-29 13:23:53,  Lat/Lon: 5.2529°/125.193°, Depth: 10
2026/07/29 20:29:45.002907 [Incident:Info:toast@toast-new:Magnitude updated] Magnitude updated: 5.09 (Mw(mB))
2026/07/29 20:29:45.002944 [Simulation:Info:toast@toast-new:Simulation not generated] Magnitude 5.09 of event bmg2026oswr is smaller than triggerMinMagnitude: no automatic simulation
2026/07/29 20:29:47.938805 [Incident:Info:toast@toast-new:Origin updated] Origin updated: OT: 2026-07-29 13:23:53,  Lat/Lon: 5.2529°/125.193°, Depth: 10
2026/07/29 20:29:47.938975 [Simulation:Info:toast@toast-new:Simulation not generated] Magnitude 5.09 of event bmg2026oswr is smaller than triggerMinMagnitude: no automatic simulation
2026/07/29 20:31:26.338252 [Incident:Info:toast@toast-new:Origin updated] Origin updated: OT: 2026-07-29 13:23:53,  Lat/Lon: 5.2529°/125.193°, Depth: 10
2026/07/29 20:31:26.338469 [Incident:Info:toast@toast-new:FM updated] FM updated
2026/07/29 20:31:26.338728 [Simulation:Info:toast@toast-new:Simulation not generated] Magnitude 5.09 of event bmg2026oswr is smaller than triggerMinMagnitude: no automatic simulation
2026/07/29 20:38:38.337170 [Incident:Info:toast@toast-new:Origin updated] Origin updated: OT: 2026-07-29 13:23:53,  Lat/Lon: 5.2529°/125.193°, Depth: 10
2026/07/29 20:38:38.337366 [Incident:Info:toast@toast-new:FM updated] FM updated
2026/07/29 20:38:38.337620 [Simulation:Info:toast@toast-new:Simulation not generated] Magnitude 5.09 of event bmg2026oswr is smaller than triggerMinMagnitude: no automatic simulation
2026/07/29 20:40:46.292981 [Incident:Info:toast@toast-new:Origin updated] Origin updated: OT: 2026-07-29 13:23:53,  Lat/Lon: 5.2529°/125.193°, Depth: 10
2026/07/29 20:40:46.293185 [Simulation:Info:toast@toast-new:Simulation not generated] Magnitude 5.09 of event bmg2026oswr is smaller than triggerMinMagnitude: no automatic simulation
2026/07/29 20:41:22.339686 [Incident:Info:toast@toast-new:Origin updated] Origin updated: OT: 2026-07-29 13:23:53,  Lat/Lon: 5.2529°/125.193°, Depth: 10
2026/07/29 20:41:22.339879 [Incident:Info:toast@toast-new:Magnitude updated] Magnitude updated: 5.31 (mb)
2026/07/29 20:41:22.339942 [Simulation:Info:toast@toast-new:Simulation not generated] Magnitude 5.31 of event bmg2026oswr is smaller than triggerMinMagnitude: no automatic simulation
2026/07/29 20:41:36.613515 [Incident:Info:toast@toast-new:Origin updated] Origin updated: OT: 2026-07-29 13:23:53,  Lat/Lon: 5.2529°/125.193°, Depth: 10
2026/07/29 20:41:36.613743 [Simulation:Info:toast@toast-new:Simulation not generated] Magnitude 5.31 of event bmg2026oswr is smaller than triggerMinMagnitude: no automatic simulation
2026/07/29 20:42:35.798699 [Incident:Info:toast@toast-new:Origin updated] Origin updated: OT: 2026-07-29 13:23:55,  Lat/Lon: 5.23817°/125.204°, Depth: 25
2026/07/29 20:42:35.798935 [Incident:Info:toast@toast-new:Magnitude updated] Magnitude updated: 5.33 (mb)
2026/07/29 20:42:35.798983 [Simulation:Info:toast@toast-new:Simulation not generated] Magnitude 5.33 of event bmg2026oswr is smaller than triggerMinMagnitude: no automatic simulation
2026/07/30 03:56:54.187961 [Incident:Info:toast@toast-new:Origin updated] Origin updated: OT: 2026-07-29 13:23:55,  Lat/Lon: 5.23817°/125.204°, Depth: 25
2026/07/30 03:56:54.188173 [Incident:Info:toast@toast-new:FM updated] FM updated
2026/07/30 03:56:54.188472 [Simulation:Info:toast@toast-new:Simulation not generated] Magnitude 5.33 of event bmg2026oswr is smaller than triggerMinMagnitude: no automatic simulation
2026/07/30 03:59:43.727402 [Incident:Info:toast@toast-new:Origin updated] Origin updated: OT: 2026-07-29 13:23:55,  Lat/Lon: 5.23817°/125.204°, Depth: 25
2026/07/30 03:59:43.727591 [Incident:Info:toast@toast-new:FM updated] FM updated
2026/07/30 03:59:43.727848 [Simulation:Info:toast@toast-new:Simulation not generated] Magnitude 5.33 of event bmg2026oswr is smaller than triggerMinMagnitude: no automatic simulation
