2026/06/18 13:59:55.353847 [Incident:Info:toast@toast-new:Displacement(s) updated] Added 0 and changed 0 displacements with 0 amplitudes
2026/06/18 13:59:55.356416 [Incident:Info:toast@toast-new:Incident created] Incident created based on event received from messaging: OT: 2026-06-18 06:57:31,  Lat/Lon: 5.68°/125.13°, Depth: 10.00, Mag: 5.53 (M)
2026/06/18 13:59:55.357041 [Simulation:Info:toast@toast-new:Simulation not generated] Magnitude 5.53 of event bmg2026lvmh is smaller than triggerMinMagnitude: no automatic simulation
2026/06/18 13:59:55.514575 [Incident:Info:toast@toast-new:Origin updated] Origin updated: OT: 2026-06-18 06:57:31,  Lat/Lon: 5.68222°/125.127°, Depth: 10
2026/06/18 13:59:55.514660 [Simulation:Info:toast@toast-new:Simulation not generated] Magnitude 5.53 of event bmg2026lvmh is smaller than triggerMinMagnitude: no automatic simulation
2026/06/18 14:00:02.259576 [Incident:Info:toast@toast-new:Origin updated] Origin updated: OT: 2026-06-18 06:57:31,  Lat/Lon: 5.68222°/125.127°, Depth: 10
2026/06/18 14:00:02.259770 [Incident:Info:toast@toast-new:Magnitude updated] Magnitude updated: 5.52 (M)
2026/06/18 14:00:02.259819 [Simulation:Info:toast@toast-new:Simulation not generated] Magnitude 5.52 of event bmg2026lvmh is smaller than triggerMinMagnitude: no automatic simulation
2026/06/18 14:00:06.412047 [Incident:Info:toast@toast-new:Origin updated] Origin updated: OT: 2026-06-18 06:57:31,  Lat/Lon: 5.68222°/125.127°, Depth: 10
2026/06/18 14:00:06.412226 [Incident:Info:toast@toast-new:Magnitude updated] Magnitude updated: 5.53 (M)
2026/06/18 14:00:06.412256 [Simulation:Info:toast@toast-new:Simulation not generated] Magnitude 5.53 of event bmg2026lvmh is smaller than triggerMinMagnitude: no automatic simulation
2026/06/18 14:00:06.438589 [Incident:Info:toast@toast-new:Origin updated] Origin updated: OT: 2026-06-18 06:57:31,  Lat/Lon: 5.69348°/125.163°, Depth: 10
2026/06/18 14:00:06.438712 [Incident:Info:toast@toast-new:Magnitude updated] Magnitude updated: 5.48 (M)
2026/06/18 14:00:06.438739 [Simulation:Info:toast@toast-new:Simulation not generated] Magnitude 5.48 of event bmg2026lvmh is smaller than triggerMinMagnitude: no automatic simulation
2026/06/18 14:00:12.246574 [Incident:Info:toast@toast-new:Origin updated] Origin updated: OT: 2026-06-18 06:57:31,  Lat/Lon: 5.69348°/125.163°, Depth: 10
2026/06/18 14:00:12.246771 [Incident:Info:toast@toast-new:Magnitude updated] Magnitude updated: 5.55 (M)
2026/06/18 14:00:12.246834 [Simulation:Info:toast@toast-new:Simulation not generated] Magnitude 5.55 of event bmg2026lvmh is smaller than triggerMinMagnitude: no automatic simulation
2026/06/18 14:00:17.268873 [Incident:Info:toast@toast-new:Origin updated] Origin updated: OT: 2026-06-18 06:57:31,  Lat/Lon: 5.69348°/125.163°, Depth: 10
2026/06/18 14:00:17.269047 [Incident:Info:toast@toast-new:Magnitude updated] Magnitude updated: 5.58 (M)
2026/06/18 14:00:17.269084 [Simulation:Info:toast@toast-new:Simulation not generated] Magnitude 5.58 of event bmg2026lvmh is smaller than triggerMinMagnitude: no automatic simulation
2026/06/18 14:00:21.175605 [Incident:Info:toast@toast-new:Origin updated] Origin updated: OT: 2026-06-18 06:57:31,  Lat/Lon: 5.69348°/125.163°, Depth: 10
2026/06/18 14:00:21.175789 [Incident:Info:toast@toast-new:Magnitude updated] Magnitude updated: 5.49 (M)
2026/06/18 14:00:21.175848 [Simulation:Info:toast@toast-new:Simulation not generated] Magnitude 5.49 of event bmg2026lvmh is smaller than triggerMinMagnitude: no automatic simulation
2026/06/18 14:00:21.309658 [Incident:Info:toast@toast-new:Origin updated] Origin updated: OT: 2026-06-18 06:57:32,  Lat/Lon: 5.69196°/125.184°, Depth: 10
2026/06/18 14:00:21.309907 [Incident:Info:toast@toast-new:Magnitude updated] Magnitude updated: 5.47 (M)
2026/06/18 14:00:21.309964 [Simulation:Info:toast@toast-new:Simulation not generated] Magnitude 5.47 of event bmg2026lvmh is smaller than triggerMinMagnitude: no automatic simulation
2026/06/18 14:00:21.327099 [Incident:Info:toast@toast-new:Origin updated] Origin updated: OT: 2026-06-18 06:57:32,  Lat/Lon: 5.62188°/125.221°, Depth: 10
2026/06/18 14:00:21.327283 [Incident:Info:toast@toast-new:Magnitude updated] Magnitude updated: 5.67 (MLv)
2026/06/18 14:00:21.327342 [Simulation:Info:toast@toast-new:Simulation not generated] Magnitude 5.67 of event bmg2026lvmh is smaller than triggerMinMagnitude: no automatic simulation
2026/06/18 14:00:21.356754 [Incident:Info:toast@toast-new:Origin updated] Origin updated: OT: 2026-06-18 06:57:32,  Lat/Lon: 5.62188°/125.221°, Depth: 10
2026/06/18 14:00:21.356941 [Incident:Info:toast@toast-new:Magnitude updated] Magnitude updated: 5.51 (M)
2026/06/18 14:00:21.357026 [Simulation:Info:toast@toast-new:Simulation not generated] Magnitude 5.51 of event bmg2026lvmh is smaller than triggerMinMagnitude: no automatic simulation
2026/06/18 14:00:27.367731 [Incident:Info:toast@toast-new:Origin updated] Origin updated: OT: 2026-06-18 06:57:32,  Lat/Lon: 5.62188°/125.221°, Depth: 10
2026/06/18 14:00:27.367920 [Incident:Info:toast@toast-new:Magnitude updated] Magnitude updated: 5.53 (M)
2026/06/18 14:00:27.367965 [Simulation:Info:toast@toast-new:Simulation not generated] Magnitude 5.53 of event bmg2026lvmh is smaller than triggerMinMagnitude: no automatic simulation
2026/06/18 14:00:32.378792 [Incident:Info:toast@toast-new:Origin updated] Origin updated: OT: 2026-06-18 06:57:32,  Lat/Lon: 5.62188°/125.221°, Depth: 10
2026/06/18 14:00:32.379003 [Incident:Info:toast@toast-new:Magnitude updated] Magnitude updated: 5.52 (M)
2026/06/18 14:00:32.379052 [Simulation:Info:toast@toast-new:Simulation not generated] Magnitude 5.52 of event bmg2026lvmh is smaller than triggerMinMagnitude: no automatic simulation
2026/06/18 14:00:37.357154 [Incident:Info:toast@toast-new:Origin updated] Origin updated: OT: 2026-06-18 06:57:32,  Lat/Lon: 5.62188°/125.221°, Depth: 10
2026/06/18 14:00:37.357375 [Incident:Info:toast@toast-new:Magnitude updated] Magnitude updated: 5.49 (M)
2026/06/18 14:00:37.357431 [Simulation:Info:toast@toast-new:Simulation not generated] Magnitude 5.49 of event bmg2026lvmh is smaller than triggerMinMagnitude: no automatic simulation
2026/06/18 14:00:42.254593 [Incident:Info:toast@toast-new:Origin updated] Origin updated: OT: 2026-06-18 06:57:32,  Lat/Lon: 5.62188°/125.221°, Depth: 10
2026/06/18 14:00:42.254791 [Incident:Info:toast@toast-new:Magnitude updated] Magnitude updated: 5.47 (M)
2026/06/18 14:00:42.254838 [Simulation:Info:toast@toast-new:Simulation not generated] Magnitude 5.47 of event bmg2026lvmh is smaller than triggerMinMagnitude: no automatic simulation
2026/06/18 14:00:47.421089 [Incident:Info:toast@toast-new:Origin updated] Origin updated: OT: 2026-06-18 06:57:32,  Lat/Lon: 5.62188°/125.221°, Depth: 10
2026/06/18 14:00:47.421310 [Incident:Info:toast@toast-new:Magnitude updated] Magnitude updated: 5.50 (M)
2026/06/18 14:00:47.421370 [Simulation:Info:toast@toast-new:Simulation not generated] Magnitude 5.50 of event bmg2026lvmh is smaller than triggerMinMagnitude: no automatic simulation
2026/06/18 14:00:52.298137 [Incident:Info:toast@toast-new:Origin updated] Origin updated: OT: 2026-06-18 06:57:32,  Lat/Lon: 5.62188°/125.221°, Depth: 10
2026/06/18 14:00:52.298324 [Incident:Info:toast@toast-new:Magnitude updated] Magnitude updated: 5.49 (M)
2026/06/18 14:00:52.298369 [Simulation:Info:toast@toast-new:Simulation not generated] Magnitude 5.49 of event bmg2026lvmh is smaller than triggerMinMagnitude: no automatic simulation
2026/06/18 14:01:07.436891 [Incident:Info:toast@toast-new:Origin updated] Origin updated: OT: 2026-06-18 06:57:32,  Lat/Lon: 5.62188°/125.221°, Depth: 10
2026/06/18 14:01:07.437068 [Incident:Info:toast@toast-new:Magnitude updated] Magnitude updated: 5.47 (M)
2026/06/18 14:01:07.437104 [Simulation:Info:toast@toast-new:Simulation not generated] Magnitude 5.47 of event bmg2026lvmh is smaller than triggerMinMagnitude: no automatic simulation
2026/06/18 14:01:12.442006 [Incident:Info:toast@toast-new:Origin updated] Origin updated: OT: 2026-06-18 06:57:32,  Lat/Lon: 5.62188°/125.221°, Depth: 10
2026/06/18 14:01:12.442169 [Incident:Info:toast@toast-new:Magnitude updated] Magnitude updated: 5.47 (M)
2026/06/18 14:01:12.442233 [Simulation:Info:toast@toast-new:Simulation not generated] Magnitude 5.47 of event bmg2026lvmh is smaller than triggerMinMagnitude: no automatic simulation
2026/06/18 14:01:17.392961 [Incident:Info:toast@toast-new:Origin updated] Origin updated: OT: 2026-06-18 06:57:32,  Lat/Lon: 5.62188°/125.221°, Depth: 10
2026/06/18 14:01:17.393181 [Incident:Info:toast@toast-new:Magnitude updated] Magnitude updated: 5.47 (M)
2026/06/18 14:01:17.393239 [Simulation:Info:toast@toast-new:Simulation not generated] Magnitude 5.47 of event bmg2026lvmh is smaller than triggerMinMagnitude: no automatic simulation
2026/06/18 14:02:47.330545 [Incident:Info:toast@toast-new:Origin updated] Origin updated: OT: 2026-06-18 06:57:32,  Lat/Lon: 5.62188°/125.221°, Depth: 10
2026/06/18 14:02:47.330745 [Incident:Info:toast@toast-new:FM updated] FM updated
2026/06/18 14:02:47.331017 [Simulation:Info:toast@toast-new:Simulation not generated] Magnitude 5.47 of event bmg2026lvmh is smaller than triggerMinMagnitude: no automatic simulation
2026/06/18 14:02:47.680263 [Incident:Info:toast@toast-new:Origin updated] Origin updated: OT: 2026-06-18 06:57:32,  Lat/Lon: 5.62188°/125.221°, Depth: 10
2026/06/18 14:02:47.680484 [Incident:Info:toast@toast-new:FM updated] FM updated
2026/06/18 14:02:47.680801 [Simulation:Info:toast@toast-new:Simulation not generated] Magnitude 5.47 of event bmg2026lvmh is smaller than triggerMinMagnitude: no automatic simulation
2026/06/18 14:02:57.702273 [Incident:Info:toast@toast-new:Origin updated] Origin updated: OT: 2026-06-18 06:57:32,  Lat/Lon: 5.62188°/125.221°, Depth: 10
2026/06/18 14:02:57.702454 [Incident:Info:toast@toast-new:FM updated] FM updated
2026/06/18 14:02:57.702701 [Simulation:Info:toast@toast-new:Simulation not generated] Magnitude 5.47 of event bmg2026lvmh is smaller than triggerMinMagnitude: no automatic simulation
2026/06/18 14:03:04.634885 [Incident:Info:toast@toast-new:Origin updated] Origin updated: OT: 2026-06-18 06:57:34,  Lat/Lon: 5.63612°/125.208°, Depth: 28.1636
2026/06/18 14:03:04.635064 [Incident:Info:toast@toast-new:Magnitude updated] Magnitude updated: 5.81 (MLv)
2026/06/18 14:03:04.635109 [Simulation:Info:toast@toast-new:Simulation not generated] Magnitude 5.81 of event bmg2026lvmh is smaller than triggerMinMagnitude: no automatic simulation
2026/06/18 14:03:04.653925 [Incident:Info:toast@toast-new:Origin updated] Origin updated: OT: 2026-06-18 06:57:34,  Lat/Lon: 5.63612°/125.208°, Depth: 28.1636
2026/06/18 14:03:04.654044 [Incident:Info:toast@toast-new:Magnitude updated] Magnitude updated: 5.38 (M)
2026/06/18 14:03:04.654080 [Simulation:Info:toast@toast-new:Simulation not generated] Magnitude 5.38 of event bmg2026lvmh is smaller than triggerMinMagnitude: no automatic simulation
2026/06/18 14:03:08.447781 [Incident:Info:toast@toast-new:Origin updated] Origin updated: OT: 2026-06-18 06:57:34,  Lat/Lon: 5.63612°/125.208°, Depth: 28.1636
2026/06/18 14:03:08.447962 [Incident:Info:toast@toast-new:FM updated] FM updated
2026/06/18 14:03:08.448221 [Simulation:Info:toast@toast-new:Simulation not generated] Magnitude 5.38 of event bmg2026lvmh is smaller than triggerMinMagnitude: no automatic simulation
2026/06/18 14:03:17.972240 [Incident:Info:toast@toast-new:Origin updated] Origin updated: OT: 2026-06-18 06:57:34,  Lat/Lon: 5.63612°/125.208°, Depth: 28.1636
2026/06/18 14:03:17.972466 [Incident:Info:toast@toast-new:FM updated] FM updated
2026/06/18 14:03:17.972742 [Simulation:Info:toast@toast-new:Simulation not generated] Magnitude 5.38 of event bmg2026lvmh is smaller than triggerMinMagnitude: no automatic simulation
2026/06/18 14:03:28.491035 [Incident:Info:toast@toast-new:Origin updated] Origin updated: OT: 2026-06-18 06:57:34,  Lat/Lon: 5.63612°/125.208°, Depth: 28.1636
2026/06/18 14:03:28.491221 [Incident:Info:toast@toast-new:FM updated] FM updated
2026/06/18 14:03:28.491473 [Simulation:Info:toast@toast-new:Simulation not generated] Magnitude 5.38 of event bmg2026lvmh is smaller than triggerMinMagnitude: no automatic simulation
2026/06/18 14:03:38.130251 [Incident:Info:toast@toast-new:Origin updated] Origin updated: OT: 2026-06-18 06:57:34,  Lat/Lon: 5.63612°/125.208°, Depth: 28.1636
2026/06/18 14:03:38.130416 [Incident:Info:toast@toast-new:FM updated] FM updated
2026/06/18 14:03:38.130646 [Simulation:Info:toast@toast-new:Simulation not generated] Magnitude 5.38 of event bmg2026lvmh is smaller than triggerMinMagnitude: no automatic simulation
2026/06/18 14:03:48.170245 [Incident:Info:toast@toast-new:Origin updated] Origin updated: OT: 2026-06-18 06:57:34,  Lat/Lon: 5.63612°/125.208°, Depth: 28.1636
2026/06/18 14:03:48.170441 [Simulation:Info:toast@toast-new:Simulation not generated] Magnitude 5.38 of event bmg2026lvmh is smaller than triggerMinMagnitude: no automatic simulation
2026/06/18 14:04:18.312859 [Incident:Info:toast@toast-new:Origin updated] Origin updated: OT: 2026-06-18 06:57:34,  Lat/Lon: 5.63612°/125.208°, Depth: 28.1636
2026/06/18 14:04:18.313042 [Incident:Info:toast@toast-new:FM updated] FM updated
2026/06/18 14:04:18.313313 [Simulation:Info:toast@toast-new:Simulation not generated] Magnitude 5.38 of event bmg2026lvmh is smaller than triggerMinMagnitude: no automatic simulation
2026/06/18 14:04:19.537918 [Incident:Info:toast@toast-new:Origin updated] Origin updated: OT: 2026-06-18 06:57:34,  Lat/Lon: 5.79117°/125.284°, Depth: 53.2298
2026/06/18 14:04:19.538087 [Incident:Info:toast@toast-new:Magnitude updated] Magnitude updated: 5.35 (Mw(mB))
2026/06/18 14:04:19.538119 [Simulation:Info:toast@toast-new:Simulation not generated] Magnitude 5.35 of event bmg2026lvmh is smaller than triggerMinMagnitude: no automatic simulation
2026/06/18 14:04:19.673710 [Incident:Info:toast@toast-new:Origin updated] Origin updated: OT: 2026-06-18 06:57:34,  Lat/Lon: 5.79117°/125.284°, Depth: 53.2298
2026/06/18 14:04:19.673917 [Incident:Info:toast@toast-new:Magnitude updated] Magnitude updated: 5.36 (Mw(mB))
2026/06/18 14:04:19.673974 [Simulation:Info:toast@toast-new:Simulation not generated] Magnitude 5.36 of event bmg2026lvmh is smaller than triggerMinMagnitude: no automatic simulation
2026/06/18 14:04:22.273185 [Incident:Info:toast@toast-new:Origin updated] Origin updated: OT: 2026-06-18 06:57:34,  Lat/Lon: 5.79117°/125.284°, Depth: 53.2298
2026/06/18 14:04:22.273367 [Incident:Info:toast@toast-new:Magnitude updated] Magnitude updated: 5.36 (Mw(mB))
2026/06/18 14:04:22.273409 [Simulation:Info:toast@toast-new:Simulation not generated] Magnitude 5.36 of event bmg2026lvmh is smaller than triggerMinMagnitude: no automatic simulation
2026/06/18 14:04:38.270566 [Incident:Info:toast@toast-new:Origin updated] Origin updated: OT: 2026-06-18 06:57:34,  Lat/Lon: 5.79117°/125.284°, Depth: 53.2298
2026/06/18 14:04:38.270689 [Incident:Info:toast@toast-new:FM updated] FM updated
2026/06/18 14:04:38.270942 [Simulation:Info:toast@toast-new:Simulation not generated] Magnitude 5.36 of event bmg2026lvmh is smaller than triggerMinMagnitude: no automatic simulation
2026/06/18 14:04:43.826259 [Incident:Info:toast@toast-new:Origin updated] Origin updated: OT: 2026-06-18 06:57:34,  Lat/Lon: 5.79117°/125.284°, Depth: 53.2298
2026/06/18 14:04:43.826438 [Incident:Info:toast@toast-new:FM updated] FM updated
2026/06/18 14:04:43.826686 [Simulation:Info:toast@toast-new:Simulation not generated] Magnitude 5.36 of event bmg2026lvmh is smaller than triggerMinMagnitude: no automatic simulation
2026/06/18 14:04:48.794203 [Incident:Info:toast@toast-new:Origin updated] Origin updated: OT: 2026-06-18 06:57:34,  Lat/Lon: 5.79117°/125.284°, Depth: 53.2298
2026/06/18 14:04:48.794403 [Simulation:Info:toast@toast-new:Simulation not generated] Magnitude 5.36 of event bmg2026lvmh is smaller than triggerMinMagnitude: no automatic simulation
2026/06/18 14:04:49.966542 [Incident:Info:toast@toast-new:Origin updated] Origin updated: OT: 2026-06-18 06:57:34,  Lat/Lon: 5.79117°/125.284°, Depth: 53.2298
2026/06/18 14:04:49.966757 [Incident:Info:toast@toast-new:Magnitude updated] Magnitude updated: 5.33 (Mw)
2026/06/18 14:04:49.966821 [Simulation:Info:toast@toast-new:Simulation not generated] Magnitude 5.33 of event bmg2026lvmh is smaller than triggerMinMagnitude: no automatic simulation
2026/06/18 19:52:19.894315 [Incident:Info:toast@toast-new:Origin updated] Origin updated: OT: 2026-06-18 06:57:34,  Lat/Lon: 5.79226°/125.282°, Depth: 52.6672
2026/06/18 19:52:19.894536 [Simulation:Info:toast@toast-new:Simulation not generated] Magnitude 5.33 of event bmg2026lvmh is smaller than triggerMinMagnitude: no automatic simulation
2026/06/18 19:52:28.007190 [Incident:Info:toast@toast-new:Origin updated] Origin updated: OT: 2026-06-18 06:57:34,  Lat/Lon: 5.79226°/125.282°, Depth: 52.6672
2026/06/18 19:52:28.007394 [Incident:Info:toast@toast-new:Magnitude updated] Magnitude updated: 5.54 (mb)
2026/06/18 19:52:28.007462 [Simulation:Info:toast@toast-new:Simulation not generated] Magnitude 5.54 of event bmg2026lvmh is smaller than triggerMinMagnitude: no automatic simulation
