2026/08/09 22:16:40.530090 [Incident:Info:toast@toast-new:Displacement(s) updated] Added 0 and changed 0 displacements with 0 amplitudes
2026/08/09 22:16:40.532057 [Incident:Info:toast@toast-new:Incident created] Incident created based on event received from messaging: OT: 2026-08-09 15:15:02,  Lat/Lon: -5.86°/102.86°, Depth: 10.00, Mag: 5.43 (M)
2026/08/09 22:16:40.532747 [Simulation:Info:toast@toast-new:Simulation not generated] Magnitude 5.43 of event bmg2026pncw is smaller than triggerMinMagnitude: no automatic simulation
2026/08/09 22:16:40.553828 [Incident:Info:toast@toast-new:Origin updated] Origin updated: OT: 2026-08-09 15:15:02,  Lat/Lon: -5.86428°/102.856°, Depth: 10
2026/08/09 22:16:40.554011 [Simulation:Info:toast@toast-new:Simulation not generated] Magnitude 5.43 of event bmg2026pncw is smaller than triggerMinMagnitude: no automatic simulation
2026/08/09 22:16:44.679686 [Incident:Info:toast@toast-new:Origin updated] Origin updated: OT: 2026-08-09 15:15:02,  Lat/Lon: -5.86428°/102.856°, Depth: 10
2026/08/09 22:16:44.679881 [Incident:Info:toast@toast-new:Magnitude updated] Magnitude updated: 5.47 (M)
2026/08/09 22:16:44.679947 [Simulation:Info:toast@toast-new:Simulation not generated] Magnitude 5.47 of event bmg2026pncw is smaller than triggerMinMagnitude: no automatic simulation
2026/08/09 22:16:49.639750 [Incident:Info:toast@toast-new:Origin updated] Origin updated: OT: 2026-08-09 15:15:02,  Lat/Lon: -5.86428°/102.856°, Depth: 10
2026/08/09 22:16:49.639942 [Incident:Info:toast@toast-new:Magnitude updated] Magnitude updated: 5.49 (M)
2026/08/09 22:16:49.639973 [Simulation:Info:toast@toast-new:Simulation not generated] Magnitude 5.49 of event bmg2026pncw is smaller than triggerMinMagnitude: no automatic simulation
2026/08/09 22:16:51.583431 [Incident:Info:toast@toast-new:Origin updated] Origin updated: OT: 2026-08-09 15:15:02,  Lat/Lon: -5.86428°/102.856°, Depth: 10
2026/08/09 22:16:51.583608 [Incident:Info:toast@toast-new:Magnitude updated] Magnitude updated: 5.51 (M)
2026/08/09 22:16:51.583638 [Simulation:Info:toast@toast-new:Simulation not generated] Magnitude 5.51 of event bmg2026pncw is smaller than triggerMinMagnitude: no automatic simulation
2026/08/09 22:16:51.603021 [Incident:Info:toast@toast-new:Origin updated] Origin updated: OT: 2026-08-09 15:15:02,  Lat/Lon: -5.86675°/102.844°, Depth: 10
2026/08/09 22:16:51.603156 [Incident:Info:toast@toast-new:Magnitude updated] Magnitude updated: 5.51 (M)
2026/08/09 22:16:51.603178 [Simulation:Info:toast@toast-new:Simulation not generated] Magnitude 5.51 of event bmg2026pncw is smaller than triggerMinMagnitude: no automatic simulation
2026/08/09 22:16:54.687100 [Incident:Info:toast@toast-new:Origin updated] Origin updated: OT: 2026-08-09 15:15:02,  Lat/Lon: -5.86675°/102.844°, Depth: 10
2026/08/09 22:16:54.687296 [Incident:Info:toast@toast-new:Magnitude updated] Magnitude updated: 5.53 (M)
2026/08/09 22:16:54.687342 [Simulation:Info:toast@toast-new:Simulation not generated] Magnitude 5.53 of event bmg2026pncw is smaller than triggerMinMagnitude: no automatic simulation
2026/08/09 22:16:59.705735 [Incident:Info:toast@toast-new:Origin updated] Origin updated: OT: 2026-08-09 15:15:02,  Lat/Lon: -5.86675°/102.844°, Depth: 10
2026/08/09 22:16:59.705920 [Incident:Info:toast@toast-new:Magnitude updated] Magnitude updated: 5.54 (M)
2026/08/09 22:16:59.705968 [Simulation:Info:toast@toast-new:Simulation not generated] Magnitude 5.54 of event bmg2026pncw is smaller than triggerMinMagnitude: no automatic simulation
2026/08/09 22:17:01.380904 [Incident:Info:toast@toast-new:Origin updated] Origin updated: OT: 2026-08-09 15:15:03,  Lat/Lon: -5.90535°/102.818°, Depth: 27.295
2026/08/09 22:17:01.381098 [Incident:Info:toast@toast-new:Magnitude updated] Magnitude updated: 5.59 (MLv)
2026/08/09 22:17:01.381134 [Simulation:Info:toast@toast-new:Simulation not generated] Magnitude 5.59 of event bmg2026pncw is smaller than triggerMinMagnitude: no automatic simulation
2026/08/09 22:17:01.454558 [Incident:Info:toast@toast-new:Origin updated] Origin updated: OT: 2026-08-09 15:15:03,  Lat/Lon: -5.90535°/102.818°, Depth: 27.295
2026/08/09 22:17:01.454694 [Incident:Info:toast@toast-new:Magnitude updated] Magnitude updated: 5.57 (M)
2026/08/09 22:17:01.454720 [Simulation:Info:toast@toast-new:Simulation not generated] Magnitude 5.57 of event bmg2026pncw is smaller than triggerMinMagnitude: no automatic simulation
2026/08/09 22:17:04.750638 [Incident:Info:toast@toast-new:Origin updated] Origin updated: OT: 2026-08-09 15:15:03,  Lat/Lon: -5.90535°/102.818°, Depth: 27.295
2026/08/09 22:17:04.750806 [Incident:Info:toast@toast-new:Magnitude updated] Magnitude updated: 5.57 (M)
2026/08/09 22:17:04.750836 [Simulation:Info:toast@toast-new:Simulation not generated] Magnitude 5.57 of event bmg2026pncw is smaller than triggerMinMagnitude: no automatic simulation
2026/08/09 22:17:09.767629 [Incident:Info:toast@toast-new:Origin updated] Origin updated: OT: 2026-08-09 15:15:03,  Lat/Lon: -5.90535°/102.818°, Depth: 27.295
2026/08/09 22:17:09.767823 [Incident:Info:toast@toast-new:Magnitude updated] Magnitude updated: 5.58 (M)
2026/08/09 22:17:09.767870 [Simulation:Info:toast@toast-new:Simulation not generated] Magnitude 5.58 of event bmg2026pncw is smaller than triggerMinMagnitude: no automatic simulation
2026/08/09 22:17:14.753528 [Incident:Info:toast@toast-new:Origin updated] Origin updated: OT: 2026-08-09 15:15:03,  Lat/Lon: -5.90535°/102.818°, Depth: 27.295
2026/08/09 22:17:14.753735 [Incident:Info:toast@toast-new:Magnitude updated] Magnitude updated: 5.60 (M)
2026/08/09 22:17:14.753787 [Simulation:Info:toast@toast-new:Simulation not generated] Magnitude 5.60 of event bmg2026pncw is smaller than triggerMinMagnitude: no automatic simulation
2026/08/09 22:17:19.766453 [Incident:Info:toast@toast-new:Origin updated] Origin updated: OT: 2026-08-09 15:15:03,  Lat/Lon: -5.90535°/102.818°, Depth: 27.295
2026/08/09 22:17:19.766666 [Incident:Info:toast@toast-new:Magnitude updated] Magnitude updated: 5.62 (M)
2026/08/09 22:17:19.766719 [Simulation:Info:toast@toast-new:Simulation not generated] Magnitude 5.62 of event bmg2026pncw is smaller than triggerMinMagnitude: no automatic simulation
2026/08/09 22:17:23.995032 [Incident:Info:toast@toast-new:Origin updated] Origin updated: OT: 2026-08-09 15:15:03,  Lat/Lon: -5.90535°/102.818°, Depth: 27.295
2026/08/09 22:17:23.995177 [Incident:Info:toast@toast-new:Magnitude updated] Magnitude updated: 5.62 (M)
2026/08/09 22:17:23.995203 [Simulation:Info:toast@toast-new:Simulation not generated] Magnitude 5.62 of event bmg2026pncw is smaller than triggerMinMagnitude: no automatic simulation
2026/08/09 22:17:24.173660 [Incident:Info:toast@toast-new:Origin updated] Origin updated: OT: 2026-08-09 15:15:04,  Lat/Lon: -5.9178°/102.77°, Depth: 40.4053
2026/08/09 22:17:24.173892 [Incident:Info:toast@toast-new:Magnitude updated] Magnitude updated: 5.52 (MLv)
2026/08/09 22:17:24.173960 [Simulation:Info:toast@toast-new:Simulation not generated] Magnitude 5.52 of event bmg2026pncw is smaller than triggerMinMagnitude: no automatic simulation
2026/08/09 22:17:24.254540 [Incident:Info:toast@toast-new:Origin updated] Origin updated: OT: 2026-08-09 15:15:04,  Lat/Lon: -5.9178°/102.77°, Depth: 40.4053
2026/08/09 22:17:24.254679 [Incident:Info:toast@toast-new:Magnitude updated] Magnitude updated: 5.53 (M)
2026/08/09 22:17:24.254719 [Simulation:Info:toast@toast-new:Simulation not generated] Magnitude 5.53 of event bmg2026pncw is smaller than triggerMinMagnitude: no automatic simulation
2026/08/09 22:17:24.672583 [Incident:Info:toast@toast-new:Origin updated] Origin updated: OT: 2026-08-09 15:15:04,  Lat/Lon: -5.9178°/102.77°, Depth: 40.4053
2026/08/09 22:17:24.672769 [Incident:Info:toast@toast-new:Magnitude updated] Magnitude updated: 5.53 (M)
2026/08/09 22:17:24.672812 [Simulation:Info:toast@toast-new:Simulation not generated] Magnitude 5.53 of event bmg2026pncw is smaller than triggerMinMagnitude: no automatic simulation
2026/08/09 22:17:29.841192 [Incident:Info:toast@toast-new:Origin updated] Origin updated: OT: 2026-08-09 15:15:04,  Lat/Lon: -5.9178°/102.77°, Depth: 40.4053
2026/08/09 22:17:29.841397 [Incident:Info:toast@toast-new:Magnitude updated] Magnitude updated: 5.57 (M)
2026/08/09 22:17:29.841458 [Simulation:Info:toast@toast-new:Simulation not generated] Magnitude 5.57 of event bmg2026pncw is smaller than triggerMinMagnitude: no automatic simulation
2026/08/09 22:17:34.838744 [Incident:Info:toast@toast-new:Origin updated] Origin updated: OT: 2026-08-09 15:15:04,  Lat/Lon: -5.9178°/102.77°, Depth: 40.4053
2026/08/09 22:17:34.838927 [Incident:Info:toast@toast-new:Magnitude updated] Magnitude updated: 5.52 (M)
2026/08/09 22:17:34.838983 [Simulation:Info:toast@toast-new:Simulation not generated] Magnitude 5.52 of event bmg2026pncw is smaller than triggerMinMagnitude: no automatic simulation
2026/08/09 22:17:39.910215 [Incident:Info:toast@toast-new:Origin updated] Origin updated: OT: 2026-08-09 15:15:04,  Lat/Lon: -5.9178°/102.77°, Depth: 40.4053
2026/08/09 22:17:39.910408 [Incident:Info:toast@toast-new:Magnitude updated] Magnitude updated: 5.46 (M)
2026/08/09 22:17:39.910449 [Simulation:Info:toast@toast-new:Simulation not generated] Magnitude 5.46 of event bmg2026pncw is smaller than triggerMinMagnitude: no automatic simulation
2026/08/09 22:17:44.791020 [Incident:Info:toast@toast-new:Origin updated] Origin updated: OT: 2026-08-09 15:15:04,  Lat/Lon: -5.9178°/102.77°, Depth: 40.4053
2026/08/09 22:17:44.791243 [Incident:Info:toast@toast-new:Magnitude updated] Magnitude updated: 5.48 (M)
2026/08/09 22:17:44.791289 [Simulation:Info:toast@toast-new:Simulation not generated] Magnitude 5.48 of event bmg2026pncw is smaller than triggerMinMagnitude: no automatic simulation
2026/08/09 22:17:48.882430 [Incident:Info:toast@toast-new:Origin updated] Origin updated: OT: 2026-08-09 15:15:04,  Lat/Lon: -5.9178°/102.77°, Depth: 40.4053
2026/08/09 22:17:48.882638 [Incident:Info:toast@toast-new:Magnitude updated] Magnitude updated: 5.48 (M)
2026/08/09 22:17:48.882689 [Simulation:Info:toast@toast-new:Simulation not generated] Magnitude 5.48 of event bmg2026pncw is smaller than triggerMinMagnitude: no automatic simulation
2026/08/09 22:17:49.721207 [Incident:Info:toast@toast-new:Origin updated] Origin updated: OT: 2026-08-09 15:15:04,  Lat/Lon: -5.9178°/102.77°, Depth: 40.4053
2026/08/09 22:17:49.721361 [Incident:Info:toast@toast-new:Magnitude updated] Magnitude updated: 5.48 (M)
2026/08/09 22:17:49.721393 [Simulation:Info:toast@toast-new:Simulation not generated] Magnitude 5.48 of event bmg2026pncw is smaller than triggerMinMagnitude: no automatic simulation
2026/08/09 22:17:54.815045 [Incident:Info:toast@toast-new:Origin updated] Origin updated: OT: 2026-08-09 15:15:04,  Lat/Lon: -5.9178°/102.77°, Depth: 40.4053
2026/08/09 22:17:54.815227 [Incident:Info:toast@toast-new:Magnitude updated] Magnitude updated: 5.49 (M)
2026/08/09 22:17:54.815267 [Simulation:Info:toast@toast-new:Simulation not generated] Magnitude 5.49 of event bmg2026pncw is smaller than triggerMinMagnitude: no automatic simulation
2026/08/09 22:17:59.827160 [Incident:Info:toast@toast-new:Origin updated] Origin updated: OT: 2026-08-09 15:15:04,  Lat/Lon: -5.9178°/102.77°, Depth: 40.4053
2026/08/09 22:17:59.827344 [Incident:Info:toast@toast-new:Magnitude updated] Magnitude updated: 5.48 (M)
2026/08/09 22:17:59.827389 [Simulation:Info:toast@toast-new:Simulation not generated] Magnitude 5.48 of event bmg2026pncw is smaller than triggerMinMagnitude: no automatic simulation
2026/08/09 22:18:04.726036 [Incident:Info:toast@toast-new:Origin updated] Origin updated: OT: 2026-08-09 15:15:04,  Lat/Lon: -5.9178°/102.77°, Depth: 40.4053
2026/08/09 22:18:04.726195 [Incident:Info:toast@toast-new:Magnitude updated] Magnitude updated: 5.47 (M)
2026/08/09 22:18:04.726220 [Simulation:Info:toast@toast-new:Simulation not generated] Magnitude 5.47 of event bmg2026pncw is smaller than triggerMinMagnitude: no automatic simulation
2026/08/09 22:18:09.856318 [Incident:Info:toast@toast-new:Origin updated] Origin updated: OT: 2026-08-09 15:15:04,  Lat/Lon: -5.9178°/102.77°, Depth: 40.4053
2026/08/09 22:18:09.856504 [Incident:Info:toast@toast-new:Magnitude updated] Magnitude updated: 5.46 (M)
2026/08/09 22:18:09.856560 [Simulation:Info:toast@toast-new:Simulation not generated] Magnitude 5.46 of event bmg2026pncw is smaller than triggerMinMagnitude: no automatic simulation
2026/08/09 22:18:14.676754 [Incident:Info:toast@toast-new:Origin updated] Origin updated: OT: 2026-08-09 15:15:04,  Lat/Lon: -5.9178°/102.77°, Depth: 40.4053
2026/08/09 22:18:14.676946 [Incident:Info:toast@toast-new:Magnitude updated] Magnitude updated: 5.46 (M)
2026/08/09 22:18:14.676992 [Simulation:Info:toast@toast-new:Simulation not generated] Magnitude 5.46 of event bmg2026pncw is smaller than triggerMinMagnitude: no automatic simulation
2026/08/09 22:18:19.843376 [Incident:Info:toast@toast-new:Origin updated] Origin updated: OT: 2026-08-09 15:15:04,  Lat/Lon: -5.9178°/102.77°, Depth: 40.4053
2026/08/09 22:18:19.843565 [Incident:Info:toast@toast-new:Magnitude updated] Magnitude updated: 5.47 (M)
2026/08/09 22:18:19.843610 [Simulation:Info:toast@toast-new:Simulation not generated] Magnitude 5.47 of event bmg2026pncw is smaller than triggerMinMagnitude: no automatic simulation
2026/08/09 22:18:24.761018 [Incident:Info:toast@toast-new:Origin updated] Origin updated: OT: 2026-08-09 15:15:04,  Lat/Lon: -5.9178°/102.77°, Depth: 40.4053
2026/08/09 22:18:24.761181 [Incident:Info:toast@toast-new:Magnitude updated] Magnitude updated: 5.47 (M)
2026/08/09 22:18:24.761212 [Simulation:Info:toast@toast-new:Simulation not generated] Magnitude 5.47 of event bmg2026pncw is smaller than triggerMinMagnitude: no automatic simulation
2026/08/09 22:18:34.747306 [Incident:Info:toast@toast-new:Origin updated] Origin updated: OT: 2026-08-09 15:15:04,  Lat/Lon: -5.9178°/102.77°, Depth: 40.4053
2026/08/09 22:18:34.747488 [Incident:Info:toast@toast-new:Magnitude updated] Magnitude updated: 5.47 (M)
2026/08/09 22:18:34.747526 [Simulation:Info:toast@toast-new:Simulation not generated] Magnitude 5.47 of event bmg2026pncw is smaller than triggerMinMagnitude: no automatic simulation
2026/08/09 22:18:38.577601 [Incident:Info:toast@toast-new:Origin updated] Origin updated: OT: 2026-08-09 15:15:03,  Lat/Lon: -5.9202°/102.812°, Depth: 29.7318
2026/08/09 22:18:38.577811 [Incident:Info:toast@toast-new:Magnitude updated] Magnitude updated: 5.73 (MLv)
2026/08/09 22:18:38.577860 [Simulation:Info:toast@toast-new:Simulation not generated] Magnitude 5.73 of event bmg2026pncw is smaller than triggerMinMagnitude: no automatic simulation
2026/08/09 22:18:38.722815 [Incident:Info:toast@toast-new:Origin updated] Origin updated: OT: 2026-08-09 15:15:03,  Lat/Lon: -5.9202°/102.812°, Depth: 29.7318
2026/08/09 22:18:38.722989 [Incident:Info:toast@toast-new:Magnitude updated] Magnitude updated: 5.56 (M)
2026/08/09 22:18:38.723049 [Simulation:Info:toast@toast-new:Simulation not generated] Magnitude 5.56 of event bmg2026pncw is smaller than triggerMinMagnitude: no automatic simulation
2026/08/09 22:19:16.184255 [Incident:Info:toast@toast-new:Origin updated] Origin updated: OT: 2026-08-09 15:15:03,  Lat/Lon: -5.9202°/102.812°, Depth: 29.7318
2026/08/09 22:19:16.184453 [Incident:Info:toast@toast-new:FM updated] FM updated
2026/08/09 22:19:16.184733 [Simulation:Info:toast@toast-new:Simulation not generated] Magnitude 5.56 of event bmg2026pncw is smaller than triggerMinMagnitude: no automatic simulation
2026/08/09 22:19:24.857542 [Incident:Info:toast@toast-new:Origin updated] Origin updated: OT: 2026-08-09 15:15:03,  Lat/Lon: -5.9202°/102.812°, Depth: 29.7318
2026/08/09 22:19:24.857734 [Incident:Info:toast@toast-new:Magnitude updated] Magnitude updated: 5.53 (M)
2026/08/09 22:19:24.857796 [Simulation:Info:toast@toast-new:Simulation not generated] Magnitude 5.53 of event bmg2026pncw is smaller than triggerMinMagnitude: no automatic simulation
2026/08/09 22:19:26.115825 [Incident:Info:toast@toast-new:Origin updated] Origin updated: OT: 2026-08-09 15:15:03,  Lat/Lon: -5.9202°/102.812°, Depth: 29.7318
2026/08/09 22:19:26.116017 [Incident:Info:toast@toast-new:FM updated] FM updated
2026/08/09 22:19:26.116304 [Simulation:Info:toast@toast-new:Simulation not generated] Magnitude 5.53 of event bmg2026pncw is smaller than triggerMinMagnitude: no automatic simulation
2026/08/09 22:19:35.854638 [Incident:Info:toast@toast-new:Origin updated] Origin updated: OT: 2026-08-09 15:15:03,  Lat/Lon: -5.9202°/102.812°, Depth: 29.7318
2026/08/09 22:19:35.854832 [Incident:Info:toast@toast-new:FM updated] FM updated
2026/08/09 22:19:35.855177 [Simulation:Info:toast@toast-new:Simulation not generated] Magnitude 5.53 of event bmg2026pncw is smaller than triggerMinMagnitude: no automatic simulation
2026/08/09 22:19:45.549508 [Incident:Info:toast@toast-new:Origin updated] Origin updated: OT: 2026-08-09 15:15:03,  Lat/Lon: -5.9202°/102.812°, Depth: 29.7318
2026/08/09 22:19:45.549674 [Incident:Info:toast@toast-new:FM updated] FM updated
2026/08/09 22:19:45.549914 [Simulation:Info:toast@toast-new:Simulation not generated] Magnitude 5.53 of event bmg2026pncw is smaller than triggerMinMagnitude: no automatic simulation
2026/08/09 22:19:50.647925 [Incident:Info:toast@toast-new:Origin updated] Origin updated: OT: 2026-08-09 15:15:03,  Lat/Lon: -5.91876°/102.818°, Depth: 26.4836
2026/08/09 22:19:50.648178 [Incident:Info:toast@toast-new:Magnitude updated] Magnitude updated: 5.67 (MLv)
2026/08/09 22:19:50.648246 [Simulation:Info:toast@toast-new:Simulation not generated] Magnitude 5.67 of event bmg2026pncw is smaller than triggerMinMagnitude: no automatic simulation
2026/08/09 22:19:50.665379 [Incident:Info:toast@toast-new:Origin updated] Origin updated: OT: 2026-08-09 15:15:03,  Lat/Lon: -5.91876°/102.818°, Depth: 26.4836
2026/08/09 22:19:50.665493 [Incident:Info:toast@toast-new:Magnitude updated] Magnitude updated: 5.53 (M)
2026/08/09 22:19:50.665527 [Simulation:Info:toast@toast-new:Simulation not generated] Magnitude 5.53 of event bmg2026pncw is smaller than triggerMinMagnitude: no automatic simulation
2026/08/09 22:19:55.554708 [Incident:Info:toast@toast-new:Origin updated] Origin updated: OT: 2026-08-09 15:15:03,  Lat/Lon: -5.91876°/102.818°, Depth: 26.4836
2026/08/09 22:19:55.554961 [Incident:Info:toast@toast-new:FM updated] FM updated
2026/08/09 22:19:55.555430 [Simulation:Info:toast@toast-new:Simulation not generated] Magnitude 5.53 of event bmg2026pncw is smaller than triggerMinMagnitude: no automatic simulation
2026/08/09 22:20:05.760791 [Incident:Info:toast@toast-new:Origin updated] Origin updated: OT: 2026-08-09 15:15:03,  Lat/Lon: -5.91876°/102.818°, Depth: 26.4836
2026/08/09 22:20:05.760981 [Incident:Info:toast@toast-new:FM updated] FM updated
2026/08/09 22:20:05.761247 [Simulation:Info:toast@toast-new:Simulation not generated] Magnitude 5.53 of event bmg2026pncw is smaller than triggerMinMagnitude: no automatic simulation
2026/08/09 22:20:25.531729 [Incident:Info:toast@toast-new:Origin updated] Origin updated: OT: 2026-08-09 15:15:03,  Lat/Lon: -5.91876°/102.818°, Depth: 26.4836
2026/08/09 22:20:25.531908 [Simulation:Info:toast@toast-new:Simulation not generated] Magnitude 5.53 of event bmg2026pncw is smaller than triggerMinMagnitude: no automatic simulation
2026/08/09 22:20:35.807923 [Incident:Info:toast@toast-new:Origin updated] Origin updated: OT: 2026-08-09 15:15:03,  Lat/Lon: -5.91876°/102.818°, Depth: 26.4836
2026/08/09 22:20:35.808088 [Incident:Info:toast@toast-new:FM updated] FM updated
2026/08/09 22:20:35.808327 [Simulation:Info:toast@toast-new:Simulation not generated] Magnitude 5.53 of event bmg2026pncw is smaller than triggerMinMagnitude: no automatic simulation
2026/08/09 22:20:46.224019 [Incident:Info:toast@toast-new:Origin updated] Origin updated: OT: 2026-08-09 15:15:03,  Lat/Lon: -5.91876°/102.818°, Depth: 26.4836
2026/08/09 22:20:46.224203 [Incident:Info:toast@toast-new:FM updated] FM updated
2026/08/09 22:20:46.224457 [Simulation:Info:toast@toast-new:Simulation not generated] Magnitude 5.53 of event bmg2026pncw is smaller than triggerMinMagnitude: no automatic simulation
2026/08/09 22:20:56.258656 [Incident:Info:toast@toast-new:Origin updated] Origin updated: OT: 2026-08-09 15:15:03,  Lat/Lon: -5.91876°/102.818°, Depth: 26.4836
2026/08/09 22:20:56.258839 [Incident:Info:toast@toast-new:FM updated] FM updated
2026/08/09 22:20:56.259113 [Simulation:Info:toast@toast-new:Simulation not generated] Magnitude 5.53 of event bmg2026pncw is smaller than triggerMinMagnitude: no automatic simulation
2026/08/09 22:21:03.778016 [Incident:Info:toast@toast-new:Origin updated] Origin updated: OT: 2026-08-09 15:15:04,  Lat/Lon: -5.92014°/102.765°, Depth: 33.1761
2026/08/09 22:21:03.778235 [Incident:Info:toast@toast-new:Magnitude updated] Magnitude updated: 5.43 (Mw(mB))
2026/08/09 22:21:03.778282 [Simulation:Info:toast@toast-new:Simulation not generated] Magnitude 5.43 of event bmg2026pncw is smaller than triggerMinMagnitude: no automatic simulation
2026/08/09 22:21:06.249805 [Incident:Info:toast@toast-new:Origin updated] Origin updated: OT: 2026-08-09 15:15:04,  Lat/Lon: -5.92014°/102.765°, Depth: 33.1761
2026/08/09 22:21:06.249965 [Incident:Info:toast@toast-new:FM updated] FM updated
2026/08/09 22:21:06.250196 [Simulation:Info:toast@toast-new:Simulation not generated] Magnitude 5.43 of event bmg2026pncw is smaller than triggerMinMagnitude: no automatic simulation
2026/08/09 22:21:16.268992 [Incident:Info:toast@toast-new:Origin updated] Origin updated: OT: 2026-08-09 15:15:04,  Lat/Lon: -5.92014°/102.765°, Depth: 33.1761
2026/08/09 22:21:16.269193 [Incident:Info:toast@toast-new:FM updated] FM updated
2026/08/09 22:21:16.269486 [Simulation:Info:toast@toast-new:Simulation not generated] Magnitude 5.43 of event bmg2026pncw is smaller than triggerMinMagnitude: no automatic simulation
2026/08/09 22:21:26.050116 [Incident:Info:toast@toast-new:Origin updated] Origin updated: OT: 2026-08-09 15:15:04,  Lat/Lon: -5.92014°/102.765°, Depth: 33.1761
2026/08/09 22:21:26.050322 [Simulation:Info:toast@toast-new:Simulation not generated] Magnitude 5.43 of event bmg2026pncw is smaller than triggerMinMagnitude: no automatic simulation
2026/08/09 22:21:31.892749 [Incident:Info:toast@toast-new:Origin updated] Origin updated: OT: 2026-08-09 15:15:04,  Lat/Lon: -5.92047°/102.766°, Depth: 33.0869
2026/08/09 22:21:31.892956 [Incident:Info:toast@toast-new:Magnitude updated] Magnitude updated: 5.43 (Mw(mB))
2026/08/09 22:21:31.893004 [Simulation:Info:toast@toast-new:Simulation not generated] Magnitude 5.43 of event bmg2026pncw is smaller than triggerMinMagnitude: no automatic simulation
2026/08/09 22:21:36.165765 [Incident:Info:toast@toast-new:Origin updated] Origin updated: OT: 2026-08-09 15:15:04,  Lat/Lon: -5.92047°/102.766°, Depth: 33.0869
2026/08/09 22:21:36.165942 [Incident:Info:toast@toast-new:FM updated] FM updated
2026/08/09 22:21:36.166177 [Simulation:Info:toast@toast-new:Simulation not generated] Magnitude 5.43 of event bmg2026pncw is smaller than triggerMinMagnitude: no automatic simulation
2026/08/09 22:21:46.005653 [Incident:Info:toast@toast-new:Origin updated] Origin updated: OT: 2026-08-09 15:15:04,  Lat/Lon: -5.92047°/102.766°, Depth: 33.0869
2026/08/09 22:21:46.005842 [Incident:Info:toast@toast-new:FM updated] FM updated
2026/08/09 22:21:46.006108 [Simulation:Info:toast@toast-new:Simulation not generated] Magnitude 5.43 of event bmg2026pncw is smaller than triggerMinMagnitude: no automatic simulation
2026/08/09 22:21:56.099674 [Incident:Info:toast@toast-new:Origin updated] Origin updated: OT: 2026-08-09 15:15:04,  Lat/Lon: -5.92047°/102.766°, Depth: 33.0869
2026/08/09 22:21:56.099881 [Incident:Info:toast@toast-new:FM updated] FM updated
2026/08/09 22:21:56.100257 [Simulation:Info:toast@toast-new:Simulation not generated] Magnitude 5.43 of event bmg2026pncw is smaller than triggerMinMagnitude: no automatic simulation
2026/08/09 22:22:01.084694 [Incident:Info:toast@toast-new:Origin updated] Origin updated: OT: 2026-08-09 15:15:04,  Lat/Lon: -5.92047°/102.766°, Depth: 33.0869
2026/08/09 22:22:01.084878 [Incident:Info:toast@toast-new:Magnitude updated] Magnitude updated: 5.57 (mb)
2026/08/09 22:22:01.084944 [Simulation:Info:toast@toast-new:Simulation not generated] Magnitude 5.57 of event bmg2026pncw is smaller than triggerMinMagnitude: no automatic simulation
2026/08/09 22:22:16.070325 [Incident:Info:toast@toast-new:Origin updated] Origin updated: OT: 2026-08-09 15:15:04,  Lat/Lon: -5.92047°/102.766°, Depth: 33.0869
2026/08/09 22:22:16.070524 [Simulation:Info:toast@toast-new:Simulation not generated] Magnitude 5.57 of event bmg2026pncw is smaller than triggerMinMagnitude: no automatic simulation
2026/08/09 22:22:26.194686 [Incident:Info:toast@toast-new:Origin updated] Origin updated: OT: 2026-08-09 15:15:04,  Lat/Lon: -5.92047°/102.766°, Depth: 33.0869
2026/08/09 22:22:26.194882 [Simulation:Info:toast@toast-new:Simulation not generated] Magnitude 5.57 of event bmg2026pncw is smaller than triggerMinMagnitude: no automatic simulation
2026/08/09 22:22:45.989161 [Incident:Info:toast@toast-new:Origin updated] Origin updated: OT: 2026-08-09 15:15:04,  Lat/Lon: -5.92047°/102.766°, Depth: 33.0869
2026/08/09 22:22:45.989364 [Simulation:Info:toast@toast-new:Simulation not generated] Magnitude 5.57 of event bmg2026pncw is smaller than triggerMinMagnitude: no automatic simulation
2026/08/09 22:22:56.665411 [Incident:Info:toast@toast-new:Origin updated] Origin updated: OT: 2026-08-09 15:15:04,  Lat/Lon: -5.92047°/102.766°, Depth: 33.0869
2026/08/09 22:22:56.665591 [Incident:Info:toast@toast-new:FM updated] FM updated
2026/08/09 22:22:56.665838 [Simulation:Info:toast@toast-new:Simulation not generated] Magnitude 5.57 of event bmg2026pncw is smaller than triggerMinMagnitude: no automatic simulation
2026/08/09 22:23:06.370509 [Incident:Info:toast@toast-new:Origin updated] Origin updated: OT: 2026-08-09 15:15:04,  Lat/Lon: -5.92047°/102.766°, Depth: 33.0869
2026/08/09 22:23:06.370696 [Incident:Info:toast@toast-new:FM updated] FM updated
2026/08/09 22:23:06.370943 [Simulation:Info:toast@toast-new:Simulation not generated] Magnitude 5.57 of event bmg2026pncw is smaller than triggerMinMagnitude: no automatic simulation
2026/08/09 22:23:09.179183 [Incident:Info:toast@toast-new:Origin updated] Origin updated: OT: 2026-08-09 15:15:04,  Lat/Lon: -5.918°/102.763°, Depth: 33.7384
2026/08/09 22:23:09.179382 [Incident:Info:toast@toast-new:Magnitude updated] Magnitude updated: 5.56 (mb)
2026/08/09 22:23:09.179425 [Simulation:Info:toast@toast-new:Simulation not generated] Magnitude 5.56 of event bmg2026pncw is smaller than triggerMinMagnitude: no automatic simulation
2026/08/09 22:23:16.384469 [Incident:Info:toast@toast-new:Origin updated] Origin updated: OT: 2026-08-09 15:15:04,  Lat/Lon: -5.918°/102.763°, Depth: 33.7384
2026/08/09 22:23:16.384662 [Incident:Info:toast@toast-new:FM updated] FM updated
2026/08/09 22:23:16.384918 [Simulation:Info:toast@toast-new:Simulation not generated] Magnitude 5.56 of event bmg2026pncw is smaller than triggerMinMagnitude: no automatic simulation
2026/08/09 22:23:26.573477 [Incident:Info:toast@toast-new:Origin updated] Origin updated: OT: 2026-08-09 15:15:04,  Lat/Lon: -5.918°/102.763°, Depth: 33.7384
2026/08/09 22:23:26.573721 [Incident:Info:toast@toast-new:FM updated] FM updated
2026/08/09 22:23:26.574157 [Simulation:Info:toast@toast-new:Simulation not generated] Magnitude 5.56 of event bmg2026pncw is smaller than triggerMinMagnitude: no automatic simulation
2026/08/09 22:23:36.456924 [Incident:Info:toast@toast-new:Origin updated] Origin updated: OT: 2026-08-09 15:15:04,  Lat/Lon: -5.918°/102.763°, Depth: 33.7384
2026/08/09 22:23:36.457113 [Incident:Info:toast@toast-new:FM updated] FM updated
2026/08/09 22:23:36.457369 [Simulation:Info:toast@toast-new:Simulation not generated] Magnitude 5.56 of event bmg2026pncw is smaller than triggerMinMagnitude: no automatic simulation
2026/08/09 22:23:46.258086 [Incident:Info:toast@toast-new:Origin updated] Origin updated: OT: 2026-08-09 15:15:04,  Lat/Lon: -5.918°/102.763°, Depth: 33.7384
2026/08/09 22:23:46.258290 [Incident:Info:toast@toast-new:FM updated] FM updated
2026/08/09 22:23:46.258670 [Simulation:Info:toast@toast-new:Simulation not generated] Magnitude 5.56 of event bmg2026pncw is smaller than triggerMinMagnitude: no automatic simulation
2026/08/09 22:23:56.674676 [Incident:Info:toast@toast-new:Origin updated] Origin updated: OT: 2026-08-09 15:15:04,  Lat/Lon: -5.918°/102.763°, Depth: 33.7384
2026/08/09 22:23:56.674959 [Simulation:Info:toast@toast-new:Simulation not generated] Magnitude 5.56 of event bmg2026pncw is smaller than triggerMinMagnitude: no automatic simulation
2026/08/09 22:24:06.555002 [Incident:Info:toast@toast-new:Origin updated] Origin updated: OT: 2026-08-09 15:15:04,  Lat/Lon: -5.918°/102.763°, Depth: 33.7384
2026/08/09 22:24:06.555207 [Incident:Info:toast@toast-new:FM updated] FM updated
2026/08/09 22:24:06.555566 [Simulation:Info:toast@toast-new:Simulation not generated] Magnitude 5.56 of event bmg2026pncw is smaller than triggerMinMagnitude: no automatic simulation
2026/08/09 22:24:16.557099 [Incident:Info:toast@toast-new:Origin updated] Origin updated: OT: 2026-08-09 15:15:04,  Lat/Lon: -5.918°/102.763°, Depth: 33.7384
2026/08/09 22:24:16.557305 [Incident:Info:toast@toast-new:FM updated] FM updated
2026/08/09 22:24:16.557592 [Simulation:Info:toast@toast-new:Simulation not generated] Magnitude 5.56 of event bmg2026pncw is smaller than triggerMinMagnitude: no automatic simulation
2026/08/09 22:24:26.935615 [Incident:Info:toast@toast-new:Origin updated] Origin updated: OT: 2026-08-09 15:15:04,  Lat/Lon: -5.918°/102.763°, Depth: 33.7384
2026/08/09 22:24:26.935807 [Incident:Info:toast@toast-new:FM updated] FM updated
2026/08/09 22:24:26.936072 [Simulation:Info:toast@toast-new:Simulation not generated] Magnitude 5.56 of event bmg2026pncw is smaller than triggerMinMagnitude: no automatic simulation
2026/08/09 22:24:36.827491 [Incident:Info:toast@toast-new:Origin updated] Origin updated: OT: 2026-08-09 15:15:04,  Lat/Lon: -5.918°/102.763°, Depth: 33.7384
2026/08/09 22:24:36.827679 [Incident:Info:toast@toast-new:FM updated] FM updated
2026/08/09 22:24:36.827941 [Simulation:Info:toast@toast-new:Simulation not generated] Magnitude 5.56 of event bmg2026pncw is smaller than triggerMinMagnitude: no automatic simulation
2026/08/09 22:24:46.994029 [Incident:Info:toast@toast-new:Origin updated] Origin updated: OT: 2026-08-09 15:15:04,  Lat/Lon: -5.918°/102.763°, Depth: 33.7384
2026/08/09 22:24:46.994207 [Incident:Info:toast@toast-new:FM updated] FM updated
2026/08/09 22:24:46.994465 [Simulation:Info:toast@toast-new:Simulation not generated] Magnitude 5.56 of event bmg2026pncw is smaller than triggerMinMagnitude: no automatic simulation
2026/08/09 22:25:07.064795 [Incident:Info:toast@toast-new:Origin updated] Origin updated: OT: 2026-08-09 15:15:04,  Lat/Lon: -5.918°/102.763°, Depth: 33.7384
2026/08/09 22:25:07.065027 [Incident:Info:toast@toast-new:FM updated] FM updated
2026/08/09 22:25:07.065463 [Simulation:Info:toast@toast-new:Simulation not generated] Magnitude 5.56 of event bmg2026pncw is smaller than triggerMinMagnitude: no automatic simulation
2026/08/09 22:25:17.040092 [Incident:Info:toast@toast-new:Origin updated] Origin updated: OT: 2026-08-09 15:15:04,  Lat/Lon: -5.918°/102.763°, Depth: 33.7384
2026/08/09 22:25:17.040312 [Incident:Info:toast@toast-new:FM updated] FM updated
2026/08/09 22:25:17.040694 [Simulation:Info:toast@toast-new:Simulation not generated] Magnitude 5.56 of event bmg2026pncw is smaller than triggerMinMagnitude: no automatic simulation
2026/08/09 22:25:26.986557 [Incident:Info:toast@toast-new:Origin updated] Origin updated: OT: 2026-08-09 15:15:04,  Lat/Lon: -5.918°/102.763°, Depth: 33.7384
2026/08/09 22:25:26.986705 [Incident:Info:toast@toast-new:FM updated] FM updated
2026/08/09 22:25:26.986936 [Simulation:Info:toast@toast-new:Simulation not generated] Magnitude 5.56 of event bmg2026pncw is smaller than triggerMinMagnitude: no automatic simulation
2026/08/09 22:25:36.958581 [Incident:Info:toast@toast-new:Origin updated] Origin updated: OT: 2026-08-09 15:15:04,  Lat/Lon: -5.918°/102.763°, Depth: 33.7384
2026/08/09 22:25:36.958791 [Incident:Info:toast@toast-new:FM updated] FM updated
2026/08/09 22:25:36.959170 [Simulation:Info:toast@toast-new:Simulation not generated] Magnitude 5.56 of event bmg2026pncw is smaller than triggerMinMagnitude: no automatic simulation
2026/08/09 22:26:06.885784 [Incident:Info:toast@toast-new:Origin updated] Origin updated: OT: 2026-08-09 15:15:04,  Lat/Lon: -5.918°/102.763°, Depth: 33.7384
2026/08/09 22:26:06.885992 [Simulation:Info:toast@toast-new:Simulation not generated] Magnitude 5.56 of event bmg2026pncw is smaller than triggerMinMagnitude: no automatic simulation
2026/08/09 22:26:17.302888 [Incident:Info:toast@toast-new:Origin updated] Origin updated: OT: 2026-08-09 15:15:04,  Lat/Lon: -5.918°/102.763°, Depth: 33.7384
2026/08/09 22:26:17.303079 [Incident:Info:toast@toast-new:FM updated] FM updated
2026/08/09 22:26:17.303343 [Simulation:Info:toast@toast-new:Simulation not generated] Magnitude 5.56 of event bmg2026pncw is smaller than triggerMinMagnitude: no automatic simulation
2026/08/09 22:26:28.563026 [Incident:Info:toast@toast-new:Origin updated] Origin updated: OT: 2026-08-09 15:15:04,  Lat/Lon: -5.918°/102.763°, Depth: 33.7384
2026/08/09 22:26:28.563215 [Incident:Info:toast@toast-new:FM updated] FM updated
2026/08/09 22:26:28.563477 [Simulation:Info:toast@toast-new:Simulation not generated] Magnitude 5.56 of event bmg2026pncw is smaller than triggerMinMagnitude: no automatic simulation
2026/08/09 22:39:18.608286 [Incident:Info:toast@toast-new:Origin updated] Origin updated: OT: 2026-08-09 15:15:04,  Lat/Lon: -5.918°/102.763°, Depth: 33.7384
2026/08/09 22:39:18.608459 [Incident:Info:toast@toast-new:Magnitude updated] Magnitude updated: 5.22 (Mw)
2026/08/09 22:39:18.608516 [Simulation:Info:toast@toast-new:Simulation not generated] Magnitude 5.22 of event bmg2026pncw is smaller than triggerMinMagnitude: no automatic simulation
2026/08/10 07:16:49.614999 [Incident:Info:toast@toast-new:Origin updated] Origin updated: OT: 2026-08-09 15:15:03,  Lat/Lon: -5.96476°/102.688°, Depth: 50.0623
2026/08/10 07:16:49.618773 [Simulation:Info:toast@toast-new:Simulation not generated] Magnitude 5.22 of event bmg2026pncw is smaller than triggerMinMagnitude: no automatic simulation
2026/08/10 07:17:26.792998 [Incident:Info:toast@toast-new:Origin updated] Origin updated: OT: 2026-08-09 15:15:03,  Lat/Lon: -5.96476°/102.688°, Depth: 50.0623
2026/08/10 07:17:26.793245 [Simulation:Info:toast@toast-new:Simulation not generated] Magnitude 5.22 of event bmg2026pncw is smaller than triggerMinMagnitude: no automatic simulation
2026/08/12 17:05:00.243522 [Incident:Info:toast@toast-new:Incident removed] Removed incident - Bye
