2026/08/19 18:03:55.815853 [Incident:Info:toast@toast-new:Displacement(s) updated] Added 0 and changed 0 displacements with 0 amplitudes
2026/08/19 18:03:55.816235 [Incident:Info:toast@toast-new:Incident created] Incident created based on event received from messaging: OT: 2026-08-19 11:01:30,  Lat/Lon: 5.62°/125.24°, Depth: 10.00, Mag: 5.16 (M)
2026/08/19 18:03:55.816761 [Simulation:Info:toast@toast-new:Simulation not generated] Magnitude 5.16 of event bmg2026qfbn is smaller than triggerMinMagnitude: no automatic simulation
2026/08/19 18:03:55.837976 [Incident:Info:toast@toast-new:Origin updated] Origin updated: OT: 2026-08-19 11:01:30,  Lat/Lon: 5.61786°/125.236°, Depth: 10
2026/08/19 18:03:55.838086 [Simulation:Info:toast@toast-new:Simulation not generated] Magnitude 5.16 of event bmg2026qfbn is smaller than triggerMinMagnitude: no automatic simulation
2026/08/19 18:03:59.708667 [Incident:Info:toast@toast-new:Origin updated] Origin updated: OT: 2026-08-19 11:01:30,  Lat/Lon: 5.61786°/125.236°, Depth: 10
2026/08/19 18:03:59.708818 [Incident:Info:toast@toast-new:Magnitude updated] Magnitude updated: 5.17 (M)
2026/08/19 18:03:59.708864 [Simulation:Info:toast@toast-new:Simulation not generated] Magnitude 5.17 of event bmg2026qfbn is smaller than triggerMinMagnitude: no automatic simulation
2026/08/19 18:04:04.681214 [Incident:Info:toast@toast-new:Origin updated] Origin updated: OT: 2026-08-19 11:01:30,  Lat/Lon: 5.61786°/125.236°, Depth: 10
2026/08/19 18:04:04.681439 [Incident:Info:toast@toast-new:Magnitude updated] Magnitude updated: 5.19 (M)
2026/08/19 18:04:04.681501 [Simulation:Info:toast@toast-new:Simulation not generated] Magnitude 5.19 of event bmg2026qfbn is smaller than triggerMinMagnitude: no automatic simulation
2026/08/19 18:04:04.937781 [Incident:Info:toast@toast-new:Origin updated] Origin updated: OT: 2026-08-19 11:01:30,  Lat/Lon: 5.62566°/125.262°, Depth: 10
2026/08/19 18:04:04.937914 [Incident:Info:toast@toast-new:Magnitude updated] Magnitude updated: 5.19 (M)
2026/08/19 18:04:04.937942 [Simulation:Info:toast@toast-new:Simulation not generated] Magnitude 5.19 of event bmg2026qfbn is smaller than triggerMinMagnitude: no automatic simulation
2026/08/19 18:04:09.663632 [Incident:Info:toast@toast-new:Origin updated] Origin updated: OT: 2026-08-19 11:01:30,  Lat/Lon: 5.62566°/125.262°, Depth: 10
2026/08/19 18:04:09.663781 [Incident:Info:toast@toast-new:Magnitude updated] Magnitude updated: 5.19 (M)
2026/08/19 18:04:09.663811 [Simulation:Info:toast@toast-new:Simulation not generated] Magnitude 5.19 of event bmg2026qfbn is smaller than triggerMinMagnitude: no automatic simulation
2026/08/19 18:04:14.697383 [Incident:Info:toast@toast-new:Origin updated] Origin updated: OT: 2026-08-19 11:01:30,  Lat/Lon: 5.62566°/125.262°, Depth: 10
2026/08/19 18:04:14.697554 [Incident:Info:toast@toast-new:Magnitude updated] Magnitude updated: 5.24 (M)
2026/08/19 18:04:14.697594 [Simulation:Info:toast@toast-new:Simulation not generated] Magnitude 5.24 of event bmg2026qfbn is smaller than triggerMinMagnitude: no automatic simulation
2026/08/19 18:04:17.214132 [Incident:Info:toast@toast-new:Origin updated] Origin updated: OT: 2026-08-19 11:01:32,  Lat/Lon: 5.47408°/125.315°, Depth: 10
2026/08/19 18:04:17.214316 [Incident:Info:toast@toast-new:Magnitude updated] Magnitude updated: 5.19 (M)
2026/08/19 18:04:17.214348 [Simulation:Info:toast@toast-new:Simulation not generated] Magnitude 5.19 of event bmg2026qfbn is smaller than triggerMinMagnitude: no automatic simulation
2026/08/19 18:04:19.623569 [Incident:Info:toast@toast-new:Origin updated] Origin updated: OT: 2026-08-19 11:01:32,  Lat/Lon: 5.47408°/125.315°, Depth: 10
2026/08/19 18:04:19.623717 [Incident:Info:toast@toast-new:Magnitude updated] Magnitude updated: 5.21 (M)
2026/08/19 18:04:19.623754 [Simulation:Info:toast@toast-new:Simulation not generated] Magnitude 5.21 of event bmg2026qfbn is smaller than triggerMinMagnitude: no automatic simulation
2026/08/19 18:04:24.632919 [Incident:Info:toast@toast-new:Origin updated] Origin updated: OT: 2026-08-19 11:01:32,  Lat/Lon: 5.47408°/125.315°, Depth: 10
2026/08/19 18:04:24.633086 [Incident:Info:toast@toast-new:Magnitude updated] Magnitude updated: 5.22 (M)
2026/08/19 18:04:24.633120 [Simulation:Info:toast@toast-new:Simulation not generated] Magnitude 5.22 of event bmg2026qfbn is smaller than triggerMinMagnitude: no automatic simulation
2026/08/19 18:04:29.767559 [Incident:Info:toast@toast-new:Origin updated] Origin updated: OT: 2026-08-19 11:01:32,  Lat/Lon: 5.47408°/125.315°, Depth: 10
2026/08/19 18:04:29.767705 [Incident:Info:toast@toast-new:Magnitude updated] Magnitude updated: 5.25 (M)
2026/08/19 18:04:29.767752 [Simulation:Info:toast@toast-new:Simulation not generated] Magnitude 5.25 of event bmg2026qfbn is smaller than triggerMinMagnitude: no automatic simulation
2026/08/19 18:04:32.648176 [Incident:Info:toast@toast-new:Origin updated] Origin updated: OT: 2026-08-19 11:01:34,  Lat/Lon: 5.39074°/125.314°, Depth: 10
2026/08/19 18:04:32.648357 [Incident:Info:toast@toast-new:Magnitude updated] Magnitude updated: 5.24 (M)
2026/08/19 18:04:32.648396 [Simulation:Info:toast@toast-new:Simulation not generated] Magnitude 5.24 of event bmg2026qfbn is smaller than triggerMinMagnitude: no automatic simulation
2026/08/19 18:04:34.690431 [Incident:Info:toast@toast-new:Origin updated] Origin updated: OT: 2026-08-19 11:01:34,  Lat/Lon: 5.39074°/125.314°, Depth: 10
2026/08/19 18:04:34.690593 [Incident:Info:toast@toast-new:Magnitude updated] Magnitude updated: 5.24 (M)
2026/08/19 18:04:34.690622 [Simulation:Info:toast@toast-new:Simulation not generated] Magnitude 5.24 of event bmg2026qfbn is smaller than triggerMinMagnitude: no automatic simulation
2026/08/19 18:04:39.672624 [Incident:Info:toast@toast-new:Origin updated] Origin updated: OT: 2026-08-19 11:01:34,  Lat/Lon: 5.39074°/125.314°, Depth: 10
2026/08/19 18:04:39.672771 [Incident:Info:toast@toast-new:Magnitude updated] Magnitude updated: 5.20 (M)
2026/08/19 18:04:39.672800 [Simulation:Info:toast@toast-new:Simulation not generated] Magnitude 5.20 of event bmg2026qfbn is smaller than triggerMinMagnitude: no automatic simulation
2026/08/19 18:04:44.680840 [Incident:Info:toast@toast-new:Origin updated] Origin updated: OT: 2026-08-19 11:01:34,  Lat/Lon: 5.39074°/125.314°, Depth: 10
2026/08/19 18:04:44.681007 [Incident:Info:toast@toast-new:Magnitude updated] Magnitude updated: 5.23 (M)
2026/08/19 18:04:44.681047 [Simulation:Info:toast@toast-new:Simulation not generated] Magnitude 5.23 of event bmg2026qfbn is smaller than triggerMinMagnitude: no automatic simulation
2026/08/19 18:04:49.722615 [Incident:Info:toast@toast-new:Origin updated] Origin updated: OT: 2026-08-19 11:01:34,  Lat/Lon: 5.39074°/125.314°, Depth: 10
2026/08/19 18:04:49.722767 [Incident:Info:toast@toast-new:Magnitude updated] Magnitude updated: 5.23 (M)
2026/08/19 18:04:49.722801 [Simulation:Info:toast@toast-new:Simulation not generated] Magnitude 5.23 of event bmg2026qfbn is smaller than triggerMinMagnitude: no automatic simulation
2026/08/19 18:04:54.186801 [Incident:Info:toast@toast-new:Origin updated] Origin updated: OT: 2026-08-19 11:01:34,  Lat/Lon: 5.37513°/125.326°, Depth: 10
2026/08/19 18:04:54.186977 [Incident:Info:toast@toast-new:Magnitude updated] Magnitude updated: 5.18 (M)
2026/08/19 18:04:54.187013 [Simulation:Info:toast@toast-new:Simulation not generated] Magnitude 5.18 of event bmg2026qfbn is smaller than triggerMinMagnitude: no automatic simulation
2026/08/19 18:04:59.798260 [Incident:Info:toast@toast-new:Origin updated] Origin updated: OT: 2026-08-19 11:01:34,  Lat/Lon: 5.37513°/125.326°, Depth: 10
2026/08/19 18:04:59.798418 [Incident:Info:toast@toast-new:Magnitude updated] Magnitude updated: 5.16 (M)
2026/08/19 18:04:59.798448 [Simulation:Info:toast@toast-new:Simulation not generated] Magnitude 5.16 of event bmg2026qfbn is smaller than triggerMinMagnitude: no automatic simulation
2026/08/19 18:05:04.806438 [Incident:Info:toast@toast-new:Origin updated] Origin updated: OT: 2026-08-19 11:01:34,  Lat/Lon: 5.37513°/125.326°, Depth: 10
2026/08/19 18:05:04.806584 [Incident:Info:toast@toast-new:Magnitude updated] Magnitude updated: 5.17 (M)
2026/08/19 18:05:04.806627 [Simulation:Info:toast@toast-new:Simulation not generated] Magnitude 5.17 of event bmg2026qfbn is smaller than triggerMinMagnitude: no automatic simulation
2026/08/19 18:05:09.774991 [Incident:Info:toast@toast-new:Origin updated] Origin updated: OT: 2026-08-19 11:01:34,  Lat/Lon: 5.37513°/125.326°, Depth: 10
2026/08/19 18:05:09.775189 [Incident:Info:toast@toast-new:Magnitude updated] Magnitude updated: 5.17 (M)
2026/08/19 18:05:09.775234 [Simulation:Info:toast@toast-new:Simulation not generated] Magnitude 5.17 of event bmg2026qfbn is smaller than triggerMinMagnitude: no automatic simulation
2026/08/19 18:05:14.753198 [Incident:Info:toast@toast-new:Origin updated] Origin updated: OT: 2026-08-19 11:01:34,  Lat/Lon: 5.37513°/125.326°, Depth: 10
2026/08/19 18:05:14.753379 [Incident:Info:toast@toast-new:Magnitude updated] Magnitude updated: 5.11 (M)
2026/08/19 18:05:14.753439 [Simulation:Info:toast@toast-new:Simulation not generated] Magnitude 5.11 of event bmg2026qfbn is smaller than triggerMinMagnitude: no automatic simulation
2026/08/19 18:05:19.747547 [Incident:Info:toast@toast-new:Origin updated] Origin updated: OT: 2026-08-19 11:01:34,  Lat/Lon: 5.37513°/125.326°, Depth: 10
2026/08/19 18:05:19.747713 [Incident:Info:toast@toast-new:Magnitude updated] Magnitude updated: 5.12 (M)
2026/08/19 18:05:19.747743 [Simulation:Info:toast@toast-new:Simulation not generated] Magnitude 5.12 of event bmg2026qfbn is smaller than triggerMinMagnitude: no automatic simulation
2026/08/19 18:05:24.556471 [Incident:Info:toast@toast-new:Origin updated] Origin updated: OT: 2026-08-19 11:01:34,  Lat/Lon: 5.38604°/125.34°, Depth: 10
2026/08/19 18:05:24.556642 [Incident:Info:toast@toast-new:Magnitude updated] Magnitude updated: 5.11 (M)
2026/08/19 18:05:24.556675 [Simulation:Info:toast@toast-new:Simulation not generated] Magnitude 5.11 of event bmg2026qfbn is smaller than triggerMinMagnitude: no automatic simulation
2026/08/19 18:05:24.656182 [Incident:Info:toast@toast-new:Origin updated] Origin updated: OT: 2026-08-19 11:01:34,  Lat/Lon: 5.38604°/125.34°, Depth: 10
2026/08/19 18:05:24.656279 [Incident:Info:toast@toast-new:Magnitude updated] Magnitude updated: 5.11 (M)
2026/08/19 18:05:24.656298 [Simulation:Info:toast@toast-new:Simulation not generated] Magnitude 5.11 of event bmg2026qfbn is smaller than triggerMinMagnitude: no automatic simulation
2026/08/19 18:05:34.760499 [Incident:Info:toast@toast-new:Origin updated] Origin updated: OT: 2026-08-19 11:01:34,  Lat/Lon: 5.38604°/125.34°, Depth: 10
2026/08/19 18:05:34.760674 [Incident:Info:toast@toast-new:Magnitude updated] Magnitude updated: 5.12 (M)
2026/08/19 18:05:34.760714 [Simulation:Info:toast@toast-new:Simulation not generated] Magnitude 5.12 of event bmg2026qfbn is smaller than triggerMinMagnitude: no automatic simulation
2026/08/19 18:05:44.743295 [Incident:Info:toast@toast-new:Origin updated] Origin updated: OT: 2026-08-19 11:01:34,  Lat/Lon: 5.38604°/125.34°, Depth: 10
2026/08/19 18:05:44.743476 [Incident:Info:toast@toast-new:Magnitude updated] Magnitude updated: 5.12 (M)
2026/08/19 18:05:44.743514 [Simulation:Info:toast@toast-new:Simulation not generated] Magnitude 5.12 of event bmg2026qfbn is smaller than triggerMinMagnitude: no automatic simulation
2026/08/19 18:05:49.769306 [Incident:Info:toast@toast-new:Origin updated] Origin updated: OT: 2026-08-19 11:01:34,  Lat/Lon: 5.38604°/125.34°, Depth: 10
2026/08/19 18:05:49.769453 [Incident:Info:toast@toast-new:Magnitude updated] Magnitude updated: 5.11 (M)
2026/08/19 18:05:49.769483 [Simulation:Info:toast@toast-new:Simulation not generated] Magnitude 5.11 of event bmg2026qfbn is smaller than triggerMinMagnitude: no automatic simulation
2026/08/19 18:05:54.485616 [Incident:Info:toast@toast-new:Origin updated] Origin updated: OT: 2026-08-19 11:01:34,  Lat/Lon: 5.38446°/125.344°, Depth: 10
2026/08/19 18:05:54.485774 [Incident:Info:toast@toast-new:Magnitude updated] Magnitude updated: 5.12 (M)
2026/08/19 18:05:54.485801 [Simulation:Info:toast@toast-new:Simulation not generated] Magnitude 5.12 of event bmg2026qfbn is smaller than triggerMinMagnitude: no automatic simulation
2026/08/19 18:05:59.729996 [Incident:Info:toast@toast-new:Origin updated] Origin updated: OT: 2026-08-19 11:01:34,  Lat/Lon: 5.38446°/125.344°, Depth: 10
2026/08/19 18:05:59.730140 [Incident:Info:toast@toast-new:Magnitude updated] Magnitude updated: 5.11 (M)
2026/08/19 18:05:59.730170 [Simulation:Info:toast@toast-new:Simulation not generated] Magnitude 5.11 of event bmg2026qfbn is smaller than triggerMinMagnitude: no automatic simulation
2026/08/19 18:06:04.634709 [Incident:Info:toast@toast-new:Origin updated] Origin updated: OT: 2026-08-19 11:01:34,  Lat/Lon: 5.38446°/125.344°, Depth: 10
2026/08/19 18:06:04.634845 [Incident:Info:toast@toast-new:Magnitude updated] Magnitude updated: 5.13 (M)
2026/08/19 18:06:04.634879 [Simulation:Info:toast@toast-new:Simulation not generated] Magnitude 5.13 of event bmg2026qfbn is smaller than triggerMinMagnitude: no automatic simulation
2026/08/19 18:06:09.716334 [Incident:Info:toast@toast-new:Origin updated] Origin updated: OT: 2026-08-19 11:01:34,  Lat/Lon: 5.38446°/125.344°, Depth: 10
2026/08/19 18:06:09.716488 [Incident:Info:toast@toast-new:Magnitude updated] Magnitude updated: 5.13 (M)
2026/08/19 18:06:09.716522 [Simulation:Info:toast@toast-new:Simulation not generated] Magnitude 5.13 of event bmg2026qfbn is smaller than triggerMinMagnitude: no automatic simulation
2026/08/19 18:06:14.727659 [Incident:Info:toast@toast-new:Origin updated] Origin updated: OT: 2026-08-19 11:01:34,  Lat/Lon: 5.38446°/125.344°, Depth: 10
2026/08/19 18:06:14.727811 [Incident:Info:toast@toast-new:Magnitude updated] Magnitude updated: 5.13 (M)
2026/08/19 18:06:14.727841 [Simulation:Info:toast@toast-new:Simulation not generated] Magnitude 5.13 of event bmg2026qfbn is smaller than triggerMinMagnitude: no automatic simulation
2026/08/19 18:06:19.725044 [Incident:Info:toast@toast-new:Origin updated] Origin updated: OT: 2026-08-19 11:01:34,  Lat/Lon: 5.38446°/125.344°, Depth: 10
2026/08/19 18:06:19.725167 [Incident:Info:toast@toast-new:Magnitude updated] Magnitude updated: 5.13 (M)
2026/08/19 18:06:19.725197 [Simulation:Info:toast@toast-new:Simulation not generated] Magnitude 5.13 of event bmg2026qfbn is smaller than triggerMinMagnitude: no automatic simulation
2026/08/19 18:06:26.419048 [Incident:Info:toast@toast-new:Origin updated] Origin updated: OT: 2026-08-19 11:01:34,  Lat/Lon: 5.39953°/125.358°, Depth: 10
2026/08/19 18:06:26.419230 [Incident:Info:toast@toast-new:Magnitude updated] Magnitude updated: 5.14 (M)
2026/08/19 18:06:26.419260 [Simulation:Info:toast@toast-new:Simulation not generated] Magnitude 5.14 of event bmg2026qfbn is smaller than triggerMinMagnitude: no automatic simulation
2026/08/19 18:06:29.638693 [Incident:Info:toast@toast-new:Origin updated] Origin updated: OT: 2026-08-19 11:01:34,  Lat/Lon: 5.39953°/125.358°, Depth: 10
2026/08/19 18:06:29.638862 [Incident:Info:toast@toast-new:Magnitude updated] Magnitude updated: 5.14 (M)
2026/08/19 18:06:29.638891 [Simulation:Info:toast@toast-new:Simulation not generated] Magnitude 5.14 of event bmg2026qfbn is smaller than triggerMinMagnitude: no automatic simulation
2026/08/19 18:06:36.296814 [Incident:Info:toast@toast-new:Origin updated] Origin updated: OT: 2026-08-19 11:01:34,  Lat/Lon: 5.39953°/125.358°, Depth: 10
2026/08/19 18:06:36.297006 [Incident:Info:toast@toast-new:FM updated] FM updated
2026/08/19 18:06:36.297387 [Simulation:Info:toast@toast-new:Simulation not generated] Magnitude 5.14 of event bmg2026qfbn is smaller than triggerMinMagnitude: no automatic simulation
2026/08/19 18:06:39.743610 [Incident:Info:toast@toast-new:Origin updated] Origin updated: OT: 2026-08-19 11:01:34,  Lat/Lon: 5.39953°/125.358°, Depth: 10
2026/08/19 18:06:39.743761 [Incident:Info:toast@toast-new:Magnitude updated] Magnitude updated: 5.14 (M)
2026/08/19 18:06:39.743791 [Simulation:Info:toast@toast-new:Simulation not generated] Magnitude 5.14 of event bmg2026qfbn is smaller than triggerMinMagnitude: no automatic simulation
2026/08/19 18:06:49.698197 [Incident:Info:toast@toast-new:Origin updated] Origin updated: OT: 2026-08-19 11:01:34,  Lat/Lon: 5.39953°/125.358°, Depth: 10
2026/08/19 18:06:49.698406 [Incident:Info:toast@toast-new:Magnitude updated] Magnitude updated: 5.14 (M)
2026/08/19 18:06:49.698458 [Simulation:Info:toast@toast-new:Simulation not generated] Magnitude 5.14 of event bmg2026qfbn is smaller than triggerMinMagnitude: no automatic simulation
2026/08/19 18:06:59.628321 [Incident:Info:toast@toast-new:Origin updated] Origin updated: OT: 2026-08-19 11:01:34,  Lat/Lon: 5.39953°/125.358°, Depth: 10
2026/08/19 18:06:59.628496 [Incident:Info:toast@toast-new:Magnitude updated] Magnitude updated: 5.15 (M)
2026/08/19 18:06:59.628552 [Simulation:Info:toast@toast-new:Simulation not generated] Magnitude 5.15 of event bmg2026qfbn is smaller than triggerMinMagnitude: no automatic simulation
2026/08/19 18:07:02.785590 [Incident:Info:toast@toast-new:Origin updated] Origin updated: OT: 2026-08-19 11:01:34,  Lat/Lon: 5.42676°/125.364°, Depth: 10
2026/08/19 18:07:02.785713 [Incident:Info:toast@toast-new:Magnitude updated] Magnitude updated: 5.14 (M)
2026/08/19 18:07:02.785753 [Simulation:Info:toast@toast-new:Simulation not generated] Magnitude 5.14 of event bmg2026qfbn is smaller than triggerMinMagnitude: no automatic simulation
2026/08/19 18:07:11.817750 [Incident:Info:toast@toast-new:Origin updated] Origin updated: OT: 2026-08-19 11:01:30,  Lat/Lon: 5.66997°/125.271°, Depth: 10
2026/08/19 18:07:11.817923 [Incident:Info:toast@toast-new:Magnitude updated] Magnitude updated: 5.21 (mb)
2026/08/19 18:07:11.817964 [Simulation:Info:toast@toast-new:Simulation not generated] Magnitude 5.21 of event bmg2026qfbn is smaller than triggerMinMagnitude: no automatic simulation
2026/08/19 18:07:11.916114 [Incident:Info:toast@toast-new:Origin updated] Origin updated: OT: 2026-08-19 11:01:30,  Lat/Lon: 5.66997°/125.271°, Depth: 10
2026/08/19 18:07:11.916203 [Incident:Info:toast@toast-new:Magnitude updated] Magnitude updated: 5.19 (M)
2026/08/19 18:07:11.916226 [Simulation:Info:toast@toast-new:Simulation not generated] Magnitude 5.19 of event bmg2026qfbn is smaller than triggerMinMagnitude: no automatic simulation
2026/08/19 18:07:36.485898 [Incident:Info:toast@toast-new:Origin updated] Origin updated: OT: 2026-08-19 11:01:30,  Lat/Lon: 5.66997°/125.271°, Depth: 10
2026/08/19 18:07:36.486068 [Incident:Info:toast@toast-new:FM updated] FM updated
2026/08/19 18:07:36.486400 [Simulation:Info:toast@toast-new:Simulation not generated] Magnitude 5.19 of event bmg2026qfbn is smaller than triggerMinMagnitude: no automatic simulation
2026/08/19 18:09:05.772682 [Incident:Info:toast@toast-new:Origin updated] Origin updated: OT: 2026-08-19 11:01:34,  Lat/Lon: 5.56998°/125.33°, Depth: 39
2026/08/19 18:09:05.772866 [Incident:Info:toast@toast-new:Magnitude updated] Magnitude updated: 5.13 (Mw(mB))
2026/08/19 18:09:05.772908 [Simulation:Info:toast@toast-new:Simulation not generated] Magnitude 5.13 of event bmg2026qfbn is smaller than triggerMinMagnitude: no automatic simulation
2026/08/19 18:10:58.433916 [Incident:Info:toast@toast-new:Origin updated] Origin updated: OT: 2026-08-19 11:01:34,  Lat/Lon: 5.56998°/125.33°, Depth: 39
2026/08/19 18:10:58.434069 [Incident:Info:toast@toast-new:FM updated] FM updated
2026/08/19 18:10:58.434323 [Simulation:Info:toast@toast-new:Simulation not generated] Magnitude 5.13 of event bmg2026qfbn is smaller than triggerMinMagnitude: no automatic simulation
2026/08/19 18:12:13.071287 [Incident:Info:toast@toast-new:Origin updated] Origin updated: OT: 2026-08-19 11:01:34,  Lat/Lon: 5.56998°/125.33°, Depth: 39
2026/08/19 18:12:13.071451 [Incident:Info:toast@toast-new:FM updated] FM updated
2026/08/19 18:12:13.071733 [Simulation:Info:toast@toast-new:Simulation not generated] Magnitude 5.13 of event bmg2026qfbn is smaller than triggerMinMagnitude: no automatic simulation
2026/08/19 21:59:22.396690 [Incident:Info:toast@toast-new:Origin updated] Origin updated: OT: 2026-08-19 11:01:34,  Lat/Lon: 5.49043°/125.309°, Depth: 33.4567
2026/08/19 21:59:22.396979 [Incident:Info:toast@toast-new:Magnitude updated] Magnitude updated: 5.16 (M)
2026/08/19 21:59:22.397092 [Simulation:Info:toast@toast-new:Simulation not generated] Magnitude 5.16 of event bmg2026qfbn is smaller than triggerMinMagnitude: no automatic simulation
2026/08/19 21:59:24.932990 [Incident:Info:toast@toast-new:Origin updated] Origin updated: OT: 2026-08-19 11:01:34,  Lat/Lon: 5.49043°/125.309°, Depth: 33.4567
2026/08/19 21:59:24.933121 [Incident:Info:toast@toast-new:Magnitude updated] Magnitude updated: 5.11 (Mw(mB))
2026/08/19 21:59:24.933175 [Simulation:Info:toast@toast-new:Simulation not generated] Magnitude 5.11 of event bmg2026qfbn is smaller than triggerMinMagnitude: no automatic simulation
2026/08/19 21:59:24.956394 [Incident:Info:toast@toast-new:Origin updated] Origin updated: OT: 2026-08-19 11:01:34,  Lat/Lon: 5.49043°/125.309°, Depth: 33.4567
2026/08/19 21:59:24.956501 [Simulation:Info:toast@toast-new:Simulation not generated] Magnitude 5.11 of event bmg2026qfbn is smaller than triggerMinMagnitude: no automatic simulation
2026/08/19 21:59:38.003910 [Incident:Info:toast@toast-new:Origin updated] Origin updated: OT: 2026-08-19 11:01:34,  Lat/Lon: 5.49043°/125.309°, Depth: 33.4567
2026/08/19 21:59:38.004086 [Incident:Info:toast@toast-new:Magnitude updated] Magnitude updated: 5.13 (mb)
2026/08/19 21:59:38.004134 [Simulation:Info:toast@toast-new:Simulation not generated] Magnitude 5.13 of event bmg2026qfbn is smaller than triggerMinMagnitude: no automatic simulation
2026/08/19 22:01:41.382535 [Incident:Info:toast@toast-new:Origin updated] Origin updated: OT: 2026-08-19 11:01:34,  Lat/Lon: 5.49043°/125.309°, Depth: 33.4567
2026/08/19 22:01:41.382684 [Incident:Info:toast@toast-new:FM updated] FM updated
2026/08/19 22:01:41.382921 [Simulation:Info:toast@toast-new:Simulation not generated] Magnitude 5.13 of event bmg2026qfbn is smaller than triggerMinMagnitude: no automatic simulation
2026/08/19 22:02:38.922830 [Incident:Info:toast@toast-new:Origin updated] Origin updated: OT: 2026-08-19 11:01:34,  Lat/Lon: 5.49043°/125.309°, Depth: 33.4567
2026/08/19 22:02:38.923015 [Simulation:Info:toast@toast-new:Simulation not generated] Magnitude 5.13 of event bmg2026qfbn is smaller than triggerMinMagnitude: no automatic simulation
