2026/08/16 17:16:11.140641 [Incident:Info:toast@toast-new:Displacement(s) updated] Added 0 and changed 0 displacements with 0 amplitudes
2026/08/16 17:16:11.141580 [Incident:Info:toast@toast-new:Incident created] Incident created based on event received from messaging: OT: 2026-08-16 10:14:37,  Lat/Lon: -7.94°/120.66°, Depth: 10.00, Mag: 5.55 (M)
2026/08/16 17:16:11.142209 [Simulation:Info:toast@toast-new:Simulation not generated] Magnitude 5.55 of event bmg2026pznm is smaller than triggerMinMagnitude: no automatic simulation
2026/08/16 17:16:11.164028 [Incident:Info:toast@toast-new:Origin updated] Origin updated: OT: 2026-08-16 10:14:37,  Lat/Lon: -7.93637°/120.662°, Depth: 10
2026/08/16 17:16:11.164181 [Simulation:Info:toast@toast-new:Simulation not generated] Magnitude 5.55 of event bmg2026pznm is smaller than triggerMinMagnitude: no automatic simulation
2026/08/16 17:16:14.652027 [Incident:Info:toast@toast-new:Origin updated] Origin updated: OT: 2026-08-16 10:14:37,  Lat/Lon: -7.93637°/120.662°, Depth: 10
2026/08/16 17:16:14.652183 [Incident:Info:toast@toast-new:Magnitude updated] Magnitude updated: 5.58 (M)
2026/08/16 17:16:14.652229 [Simulation:Info:toast@toast-new:Simulation not generated] Magnitude 5.58 of event bmg2026pznm is smaller than triggerMinMagnitude: no automatic simulation
2026/08/16 17:16:19.665337 [Incident:Info:toast@toast-new:Origin updated] Origin updated: OT: 2026-08-16 10:14:37,  Lat/Lon: -7.93637°/120.662°, Depth: 10
2026/08/16 17:16:19.665511 [Incident:Info:toast@toast-new:Magnitude updated] Magnitude updated: 5.60 (M)
2026/08/16 17:16:19.665547 [Simulation:Info:toast@toast-new:Simulation not generated] Magnitude 5.60 of event bmg2026pznm is smaller than triggerMinMagnitude: no automatic simulation
2026/08/16 17:16:20.251136 [Incident:Info:toast@toast-new:Origin updated] Origin updated: OT: 2026-08-16 10:14:37,  Lat/Lon: -7.92666°/120.654°, Depth: 10
2026/08/16 17:16:20.251292 [Incident:Info:toast@toast-new:Magnitude updated] Magnitude updated: 5.51 (M)
2026/08/16 17:16:20.251341 [Simulation:Info:toast@toast-new:Simulation not generated] Magnitude 5.51 of event bmg2026pznm is smaller than triggerMinMagnitude: no automatic simulation
2026/08/16 17:16:24.637285 [Incident:Info:toast@toast-new:Origin updated] Origin updated: OT: 2026-08-16 10:14:37,  Lat/Lon: -7.92666°/120.654°, Depth: 10
2026/08/16 17:16:24.637448 [Incident:Info:toast@toast-new:Magnitude updated] Magnitude updated: 5.55 (M)
2026/08/16 17:16:24.637486 [Simulation:Info:toast@toast-new:Simulation not generated] Magnitude 5.55 of event bmg2026pznm is smaller than triggerMinMagnitude: no automatic simulation
2026/08/16 17:16:29.687904 [Incident:Info:toast@toast-new:Origin updated] Origin updated: OT: 2026-08-16 10:14:37,  Lat/Lon: -7.92666°/120.654°, Depth: 10
2026/08/16 17:16:29.688071 [Incident:Info:toast@toast-new:Magnitude updated] Magnitude updated: 5.57 (M)
2026/08/16 17:16:29.688118 [Simulation:Info:toast@toast-new:Simulation not generated] Magnitude 5.57 of event bmg2026pznm is smaller than triggerMinMagnitude: no automatic simulation
2026/08/16 17:16:34.199468 [Incident:Info:toast@toast-new:Origin updated] Origin updated: OT: 2026-08-16 10:14:37,  Lat/Lon: -7.92666°/120.654°, Depth: 10
2026/08/16 17:16:34.199639 [Incident:Info:toast@toast-new:Magnitude updated] Magnitude updated: 5.58 (M)
2026/08/16 17:16:34.199670 [Simulation:Info:toast@toast-new:Simulation not generated] Magnitude 5.58 of event bmg2026pznm is smaller than triggerMinMagnitude: no automatic simulation
2026/08/16 17:16:34.231241 [Incident:Info:toast@toast-new:Origin updated] Origin updated: OT: 2026-08-16 10:14:37,  Lat/Lon: -7.93485°/120.653°, Depth: 10
2026/08/16 17:16:34.231387 [Incident:Info:toast@toast-new:Magnitude updated] Magnitude updated: 5.51 (M)
2026/08/16 17:16:34.231434 [Simulation:Info:toast@toast-new:Simulation not generated] Magnitude 5.51 of event bmg2026pznm is smaller than triggerMinMagnitude: no automatic simulation
2026/08/16 17:16:34.622542 [Incident:Info:toast@toast-new:Origin updated] Origin updated: OT: 2026-08-16 10:14:37,  Lat/Lon: -7.93485°/120.653°, Depth: 10
2026/08/16 17:16:34.622700 [Incident:Info:toast@toast-new:Magnitude updated] Magnitude updated: 5.51 (M)
2026/08/16 17:16:34.622741 [Simulation:Info:toast@toast-new:Simulation not generated] Magnitude 5.51 of event bmg2026pznm is smaller than triggerMinMagnitude: no automatic simulation
2026/08/16 17:16:39.730841 [Incident:Info:toast@toast-new:Origin updated] Origin updated: OT: 2026-08-16 10:14:37,  Lat/Lon: -7.93485°/120.653°, Depth: 10
2026/08/16 17:16:39.730993 [Incident:Info:toast@toast-new:Magnitude updated] Magnitude updated: 5.52 (M)
2026/08/16 17:16:39.731023 [Simulation:Info:toast@toast-new:Simulation not generated] Magnitude 5.52 of event bmg2026pznm is smaller than triggerMinMagnitude: no automatic simulation
2026/08/16 17:16:44.720479 [Incident:Info:toast@toast-new:Origin updated] Origin updated: OT: 2026-08-16 10:14:37,  Lat/Lon: -7.93485°/120.653°, Depth: 10
2026/08/16 17:16:44.720630 [Incident:Info:toast@toast-new:Magnitude updated] Magnitude updated: 5.54 (M)
2026/08/16 17:16:44.720661 [Simulation:Info:toast@toast-new:Simulation not generated] Magnitude 5.54 of event bmg2026pznm is smaller than triggerMinMagnitude: no automatic simulation
2026/08/16 17:16:49.732382 [Incident:Info:toast@toast-new:Origin updated] Origin updated: OT: 2026-08-16 10:14:37,  Lat/Lon: -7.93485°/120.653°, Depth: 10
2026/08/16 17:16:49.732520 [Incident:Info:toast@toast-new:Magnitude updated] Magnitude updated: 5.55 (M)
2026/08/16 17:16:49.732568 [Simulation:Info:toast@toast-new:Simulation not generated] Magnitude 5.55 of event bmg2026pznm is smaller than triggerMinMagnitude: no automatic simulation
2026/08/16 17:16:53.286762 [Incident:Info:toast@toast-new:Origin updated] Origin updated: OT: 2026-08-16 10:14:37,  Lat/Lon: -7.93788°/120.659°, Depth: 10
2026/08/16 17:16:53.286919 [Incident:Info:toast@toast-new:Magnitude updated] Magnitude updated: 5.57 (M)
2026/08/16 17:16:53.286947 [Simulation:Info:toast@toast-new:Simulation not generated] Magnitude 5.57 of event bmg2026pznm is smaller than triggerMinMagnitude: no automatic simulation
2026/08/16 17:16:54.714609 [Incident:Info:toast@toast-new:Origin updated] Origin updated: OT: 2026-08-16 10:14:37,  Lat/Lon: -7.93788°/120.659°, Depth: 10
2026/08/16 17:16:54.714749 [Incident:Info:toast@toast-new:Magnitude updated] Magnitude updated: 5.58 (M)
2026/08/16 17:16:54.714776 [Simulation:Info:toast@toast-new:Simulation not generated] Magnitude 5.58 of event bmg2026pznm is smaller than triggerMinMagnitude: no automatic simulation
2026/08/16 17:16:56.720300 [Incident:Info:toast@toast-new:Origin updated] Origin updated: OT: 2026-08-16 10:14:37,  Lat/Lon: -7.92924°/120.651°, Depth: 10
2026/08/16 17:16:56.720456 [Incident:Info:toast@toast-new:Magnitude updated] Magnitude updated: 5.50 (MLv)
2026/08/16 17:16:56.720506 [Simulation:Info:toast@toast-new:Simulation not generated] Magnitude 5.50 of event bmg2026pznm is smaller than triggerMinMagnitude: no automatic simulation
2026/08/16 17:16:56.885048 [Incident:Info:toast@toast-new:Origin updated] Origin updated: OT: 2026-08-16 10:14:37,  Lat/Lon: -7.92924°/120.651°, Depth: 10
2026/08/16 17:16:56.885217 [Incident:Info:toast@toast-new:Magnitude updated] Magnitude updated: 5.56 (M)
2026/08/16 17:16:56.885293 [Simulation:Info:toast@toast-new:Simulation not generated] Magnitude 5.56 of event bmg2026pznm is smaller than triggerMinMagnitude: no automatic simulation
2026/08/16 17:16:59.747270 [Incident:Info:toast@toast-new:Origin updated] Origin updated: OT: 2026-08-16 10:14:37,  Lat/Lon: -7.92924°/120.651°, Depth: 10
2026/08/16 17:16:59.747833 [Incident:Info:toast@toast-new:Magnitude updated] Magnitude updated: 5.56 (M)
2026/08/16 17:16:59.747894 [Simulation:Info:toast@toast-new:Simulation not generated] Magnitude 5.56 of event bmg2026pznm is smaller than triggerMinMagnitude: no automatic simulation
2026/08/16 17:17:04.785236 [Incident:Info:toast@toast-new:Origin updated] Origin updated: OT: 2026-08-16 10:14:37,  Lat/Lon: -7.92924°/120.651°, Depth: 10
2026/08/16 17:17:04.785364 [Incident:Info:toast@toast-new:Magnitude updated] Magnitude updated: 5.54 (M)
2026/08/16 17:17:04.785417 [Simulation:Info:toast@toast-new:Simulation not generated] Magnitude 5.54 of event bmg2026pznm is smaller than triggerMinMagnitude: no automatic simulation
2026/08/16 17:17:09.778397 [Incident:Info:toast@toast-new:Origin updated] Origin updated: OT: 2026-08-16 10:14:37,  Lat/Lon: -7.92924°/120.651°, Depth: 10
2026/08/16 17:17:09.778554 [Incident:Info:toast@toast-new:Magnitude updated] Magnitude updated: 5.54 (M)
2026/08/16 17:17:09.778583 [Simulation:Info:toast@toast-new:Simulation not generated] Magnitude 5.54 of event bmg2026pznm is smaller than triggerMinMagnitude: no automatic simulation
2026/08/16 17:17:11.649226 [Incident:Info:toast@toast-new:Origin updated] Origin updated: OT: 2026-08-16 10:14:37,  Lat/Lon: -7.92924°/120.651°, Depth: 10
2026/08/16 17:17:11.649409 [Incident:Info:toast@toast-new:Magnitude updated] Magnitude updated: 5.54 (M)
2026/08/16 17:17:11.649445 [Simulation:Info:toast@toast-new:Simulation not generated] Magnitude 5.54 of event bmg2026pznm is smaller than triggerMinMagnitude: no automatic simulation
2026/08/16 17:17:14.892333 [Incident:Info:toast@toast-new:Origin updated] Origin updated: OT: 2026-08-16 10:14:37,  Lat/Lon: -7.92924°/120.651°, Depth: 10
2026/08/16 17:17:14.892507 [Incident:Info:toast@toast-new:Magnitude updated] Magnitude updated: 5.55 (M)
2026/08/16 17:17:14.892546 [Simulation:Info:toast@toast-new:Simulation not generated] Magnitude 5.55 of event bmg2026pznm is smaller than triggerMinMagnitude: no automatic simulation
2026/08/16 17:17:19.888462 [Incident:Info:toast@toast-new:Origin updated] Origin updated: OT: 2026-08-16 10:14:37,  Lat/Lon: -7.92924°/120.651°, Depth: 10
2026/08/16 17:17:19.888610 [Incident:Info:toast@toast-new:Magnitude updated] Magnitude updated: 5.55 (M)
2026/08/16 17:17:19.888659 [Simulation:Info:toast@toast-new:Simulation not generated] Magnitude 5.55 of event bmg2026pznm is smaller than triggerMinMagnitude: no automatic simulation
2026/08/16 17:17:24.905614 [Incident:Info:toast@toast-new:Origin updated] Origin updated: OT: 2026-08-16 10:14:37,  Lat/Lon: -7.92924°/120.651°, Depth: 10
2026/08/16 17:17:24.905781 [Incident:Info:toast@toast-new:Magnitude updated] Magnitude updated: 5.56 (M)
2026/08/16 17:17:24.905816 [Simulation:Info:toast@toast-new:Simulation not generated] Magnitude 5.56 of event bmg2026pznm is smaller than triggerMinMagnitude: no automatic simulation
2026/08/16 17:17:29.870251 [Incident:Info:toast@toast-new:Origin updated] Origin updated: OT: 2026-08-16 10:14:37,  Lat/Lon: -7.92924°/120.651°, Depth: 10
2026/08/16 17:17:29.870410 [Incident:Info:toast@toast-new:Magnitude updated] Magnitude updated: 5.57 (M)
2026/08/16 17:17:29.870439 [Simulation:Info:toast@toast-new:Simulation not generated] Magnitude 5.57 of event bmg2026pznm is smaller than triggerMinMagnitude: no automatic simulation
2026/08/16 17:17:34.880423 [Incident:Info:toast@toast-new:Origin updated] Origin updated: OT: 2026-08-16 10:14:37,  Lat/Lon: -7.92924°/120.651°, Depth: 10
2026/08/16 17:17:34.880551 [Incident:Info:toast@toast-new:Magnitude updated] Magnitude updated: 5.61 (M)
2026/08/16 17:17:34.880579 [Simulation:Info:toast@toast-new:Simulation not generated] Magnitude 5.61 of event bmg2026pznm is smaller than triggerMinMagnitude: no automatic simulation
2026/08/16 17:17:39.894133 [Incident:Info:toast@toast-new:Origin updated] Origin updated: OT: 2026-08-16 10:14:37,  Lat/Lon: -7.92924°/120.651°, Depth: 10
2026/08/16 17:17:39.894319 [Incident:Info:toast@toast-new:Magnitude updated] Magnitude updated: 5.61 (M)
2026/08/16 17:17:39.894360 [Simulation:Info:toast@toast-new:Simulation not generated] Magnitude 5.61 of event bmg2026pznm is smaller than triggerMinMagnitude: no automatic simulation
2026/08/16 17:17:44.963674 [Incident:Info:toast@toast-new:Origin updated] Origin updated: OT: 2026-08-16 10:14:37,  Lat/Lon: -7.92924°/120.651°, Depth: 10
2026/08/16 17:17:44.963833 [Incident:Info:toast@toast-new:Magnitude updated] Magnitude updated: 5.64 (M)
2026/08/16 17:17:44.963862 [Simulation:Info:toast@toast-new:Simulation not generated] Magnitude 5.64 of event bmg2026pznm is smaller than triggerMinMagnitude: no automatic simulation
2026/08/16 17:17:49.856814 [Incident:Info:toast@toast-new:Origin updated] Origin updated: OT: 2026-08-16 10:14:37,  Lat/Lon: -7.92924°/120.651°, Depth: 10
2026/08/16 17:17:49.856944 [Incident:Info:toast@toast-new:Magnitude updated] Magnitude updated: 5.64 (M)
2026/08/16 17:17:49.856964 [Simulation:Info:toast@toast-new:Simulation not generated] Magnitude 5.64 of event bmg2026pznm is smaller than triggerMinMagnitude: no automatic simulation
2026/08/16 17:17:54.150583 [Incident:Info:toast@toast-new:Origin updated] Origin updated: OT: 2026-08-16 10:14:37,  Lat/Lon: -7.92924°/120.651°, Depth: 10
2026/08/16 17:17:54.150740 [Incident:Info:toast@toast-new:FM updated] FM updated
2026/08/16 17:17:54.151056 [Simulation:Info:toast@toast-new:Simulation not generated] Magnitude 5.64 of event bmg2026pznm is smaller than triggerMinMagnitude: no automatic simulation
2026/08/16 17:17:54.918287 [Incident:Info:toast@toast-new:Origin updated] Origin updated: OT: 2026-08-16 10:14:37,  Lat/Lon: -7.92924°/120.651°, Depth: 10
2026/08/16 17:17:54.918478 [Incident:Info:toast@toast-new:Magnitude updated] Magnitude updated: 5.64 (M)
2026/08/16 17:17:54.918525 [Simulation:Info:toast@toast-new:Simulation not generated] Magnitude 5.64 of event bmg2026pznm is smaller than triggerMinMagnitude: no automatic simulation
2026/08/16 17:17:59.898674 [Incident:Info:toast@toast-new:Origin updated] Origin updated: OT: 2026-08-16 10:14:37,  Lat/Lon: -7.92924°/120.651°, Depth: 10
2026/08/16 17:17:59.898859 [Incident:Info:toast@toast-new:Magnitude updated] Magnitude updated: 5.64 (M)
2026/08/16 17:17:59.898905 [Simulation:Info:toast@toast-new:Simulation not generated] Magnitude 5.64 of event bmg2026pznm is smaller than triggerMinMagnitude: no automatic simulation
2026/08/16 17:18:04.908217 [Incident:Info:toast@toast-new:Origin updated] Origin updated: OT: 2026-08-16 10:14:37,  Lat/Lon: -7.92924°/120.651°, Depth: 10
2026/08/16 17:18:04.908380 [Incident:Info:toast@toast-new:Magnitude updated] Magnitude updated: 5.65 (M)
2026/08/16 17:18:04.908417 [Simulation:Info:toast@toast-new:Simulation not generated] Magnitude 5.65 of event bmg2026pznm is smaller than triggerMinMagnitude: no automatic simulation
2026/08/16 17:18:09.940337 [Incident:Info:toast@toast-new:Origin updated] Origin updated: OT: 2026-08-16 10:14:37,  Lat/Lon: -7.92924°/120.651°, Depth: 10
2026/08/16 17:18:09.940504 [Incident:Info:toast@toast-new:Magnitude updated] Magnitude updated: 5.65 (M)
2026/08/16 17:18:09.940542 [Simulation:Info:toast@toast-new:Simulation not generated] Magnitude 5.65 of event bmg2026pznm is smaller than triggerMinMagnitude: no automatic simulation
2026/08/16 17:18:14.943428 [Incident:Info:toast@toast-new:Origin updated] Origin updated: OT: 2026-08-16 10:14:37,  Lat/Lon: -7.92924°/120.651°, Depth: 10
2026/08/16 17:18:14.943584 [Incident:Info:toast@toast-new:Magnitude updated] Magnitude updated: 5.64 (M)
2026/08/16 17:18:14.943609 [Simulation:Info:toast@toast-new:Simulation not generated] Magnitude 5.64 of event bmg2026pznm is smaller than triggerMinMagnitude: no automatic simulation
2026/08/16 17:18:17.361388 [Incident:Info:toast@toast-new:Origin updated] Origin updated: OT: 2026-08-16 10:14:37,  Lat/Lon: -7.95354°/120.665°, Depth: 10.9497
2026/08/16 17:18:17.361577 [Incident:Info:toast@toast-new:Magnitude updated] Magnitude updated: 5.55 (Mw(mB))
2026/08/16 17:18:17.361612 [Simulation:Info:toast@toast-new:Simulation not generated] Magnitude 5.55 of event bmg2026pznm is smaller than triggerMinMagnitude: no automatic simulation
2026/08/16 17:18:30.057481 [Incident:Info:toast@toast-new:Origin updated] Origin updated: OT: 2026-08-16 10:14:37,  Lat/Lon: -7.95354°/120.665°, Depth: 10.9497
2026/08/16 17:18:30.057629 [Incident:Info:toast@toast-new:Magnitude updated] Magnitude updated: 5.56 (Mw(mB))
2026/08/16 17:18:30.057659 [Simulation:Info:toast@toast-new:Simulation not generated] Magnitude 5.56 of event bmg2026pznm is smaller than triggerMinMagnitude: no automatic simulation
2026/08/16 17:18:45.470717 [Incident:Info:toast@toast-new:Origin updated] Origin updated: OT: 2026-08-16 10:14:38,  Lat/Lon: -7.96563°/120.668°, Depth: 11.4499
2026/08/16 17:18:45.470891 [Incident:Info:toast@toast-new:Magnitude updated] Magnitude updated: 5.56 (Mw(mB))
2026/08/16 17:18:45.470921 [Simulation:Info:toast@toast-new:Simulation not generated] Magnitude 5.56 of event bmg2026pznm is smaller than triggerMinMagnitude: no automatic simulation
2026/08/16 17:18:45.488010 [Incident:Info:toast@toast-new:Origin updated] Origin updated: OT: 2026-08-16 10:14:38,  Lat/Lon: -7.96563°/120.668°, Depth: 11.4499
2026/08/16 17:18:45.488110 [Incident:Info:toast@toast-new:Magnitude updated] Magnitude updated: 5.55 (Mw(mB))
2026/08/16 17:18:45.488129 [Simulation:Info:toast@toast-new:Simulation not generated] Magnitude 5.55 of event bmg2026pznm is smaller than triggerMinMagnitude: no automatic simulation
2026/08/16 17:18:49.928824 [Incident:Info:toast@toast-new:Origin updated] Origin updated: OT: 2026-08-16 10:14:38,  Lat/Lon: -7.96563°/120.668°, Depth: 11.4499
2026/08/16 17:18:49.928956 [Incident:Info:toast@toast-new:Magnitude updated] Magnitude updated: 5.55 (Mw(mB))
2026/08/16 17:18:49.928994 [Simulation:Info:toast@toast-new:Simulation not generated] Magnitude 5.55 of event bmg2026pznm is smaller than triggerMinMagnitude: no automatic simulation
2026/08/16 17:18:55.034410 [Incident:Info:toast@toast-new:Origin updated] Origin updated: OT: 2026-08-16 10:14:38,  Lat/Lon: -7.96563°/120.668°, Depth: 11.4499
2026/08/16 17:18:55.034567 [Incident:Info:toast@toast-new:Magnitude updated] Magnitude updated: 5.55 (Mw(mB))
2026/08/16 17:18:55.034601 [Simulation:Info:toast@toast-new:Simulation not generated] Magnitude 5.55 of event bmg2026pznm is smaller than triggerMinMagnitude: no automatic simulation
2026/08/16 17:18:58.778762 [Incident:Info:toast@toast-new:Origin updated] Origin updated: OT: 2026-08-16 10:14:38,  Lat/Lon: -7.96563°/120.668°, Depth: 11.4499
2026/08/16 17:18:58.778919 [Incident:Info:toast@toast-new:Magnitude updated] Magnitude updated: 5.39 (Mw)
2026/08/16 17:18:58.778985 [Simulation:Info:toast@toast-new:Simulation not generated] Magnitude 5.39 of event bmg2026pznm is smaller than triggerMinMagnitude: no automatic simulation
2026/08/16 17:19:16.884649 [Incident:Info:toast@toast-new:Origin updated] Origin updated: OT: 2026-08-16 10:14:38,  Lat/Lon: -7.99135°/120.687°, Depth: 13.3866
2026/08/16 17:19:16.884845 [Simulation:Info:toast@toast-new:Simulation not generated] Magnitude 5.39 of event bmg2026pznm is smaller than triggerMinMagnitude: no automatic simulation
2026/08/16 23:09:53.598418 [Incident:Info:toast@toast-new:Origin updated] Origin updated: OT: 2026-08-16 10:14:38,  Lat/Lon: -8.00481°/120.704°, Depth: 21.0293
2026/08/16 23:09:53.598683 [Incident:Info:toast@toast-new:Magnitude updated] Magnitude updated: 5.39 (Mw)
2026/08/16 23:09:53.598725 [Simulation:Info:toast@toast-new:Simulation not generated] Magnitude 5.39 of event bmg2026pznm is smaller than triggerMinMagnitude: no automatic simulation
