2026/06/08 07:51:41.474934 [Incident:Info:toast@toast-new:Displacement(s) updated] Added 0 and changed 0 displacements with 0 amplitudes
2026/06/08 07:51:41.478317 [Incident:Info:toast@toast-new:Incident created] Incident created based on event received from messaging: OT: 2026-06-08 00:48:40,  Lat/Lon: 5.60°/125.45°, Depth: 10.00, Mag: 5.14 (MLv)
2026/06/08 07:51:41.478950 [Simulation:Info:toast@toast-new:Simulation not generated] Magnitude 5.14 of event bmg2026lctc is smaller than triggerMinMagnitude: no automatic simulation
2026/06/08 07:51:41.496454 [Incident:Info:toast@toast-new:Origin updated] Origin updated: OT: 2026-06-08 00:48:40,  Lat/Lon: 5.59634°/125.45°, Depth: 10
2026/06/08 07:51:41.496592 [Simulation:Info:toast@toast-new:Simulation not generated] Magnitude 5.14 of event bmg2026lctc is smaller than triggerMinMagnitude: no automatic simulation
2026/06/08 07:51:41.520282 [Incident:Info:toast@toast-new:Origin updated] Origin updated: OT: 2026-06-08 00:48:40,  Lat/Lon: 5.59634°/125.45°, Depth: 10
2026/06/08 07:51:41.520404 [Incident:Info:toast@toast-new:Magnitude updated] Magnitude updated: 5.21 (M)
2026/06/08 07:51:41.520453 [Simulation:Info:toast@toast-new:Simulation not generated] Magnitude 5.21 of event bmg2026lctc is smaller than triggerMinMagnitude: no automatic simulation
2026/06/08 07:51:48.611930 [Incident:Info:toast@toast-new:Origin updated] Origin updated: OT: 2026-06-08 00:48:40,  Lat/Lon: 5.59634°/125.45°, Depth: 10
2026/06/08 07:51:48.612107 [Incident:Info:toast@toast-new:Magnitude updated] Magnitude updated: 5.22 (M)
2026/06/08 07:51:48.612154 [Simulation:Info:toast@toast-new:Simulation not generated] Magnitude 5.22 of event bmg2026lctc is smaller than triggerMinMagnitude: no automatic simulation
2026/06/08 07:51:53.945086 [Incident:Info:toast@toast-new:Origin updated] Origin updated: OT: 2026-06-08 00:48:40,  Lat/Lon: 5.59634°/125.45°, Depth: 10
2026/06/08 07:51:53.946186 [Incident:Info:toast@toast-new:Magnitude updated] Magnitude updated: 5.23 (M)
2026/06/08 07:51:53.946248 [Simulation:Info:toast@toast-new:Simulation not generated] Magnitude 5.23 of event bmg2026lctc is smaller than triggerMinMagnitude: no automatic simulation
2026/06/08 07:51:58.977294 [Incident:Info:toast@toast-new:Origin updated] Origin updated: OT: 2026-06-08 00:48:40,  Lat/Lon: 5.59634°/125.45°, Depth: 10
2026/06/08 07:51:58.977472 [Incident:Info:toast@toast-new:Magnitude updated] Magnitude updated: 5.24 (M)
2026/06/08 07:51:58.977512 [Simulation:Info:toast@toast-new:Simulation not generated] Magnitude 5.24 of event bmg2026lctc is smaller than triggerMinMagnitude: no automatic simulation
2026/06/08 07:52:08.943248 [Incident:Info:toast@toast-new:Origin updated] Origin updated: OT: 2026-06-08 00:48:40,  Lat/Lon: 5.59634°/125.45°, Depth: 10
2026/06/08 07:52:08.943416 [Incident:Info:toast@toast-new:Magnitude updated] Magnitude updated: 5.26 (M)
2026/06/08 07:52:08.943459 [Simulation:Info:toast@toast-new:Simulation not generated] Magnitude 5.26 of event bmg2026lctc is smaller than triggerMinMagnitude: no automatic simulation
2026/06/08 07:52:33.972367 [Incident:Info:toast@toast-new:Origin updated] Origin updated: OT: 2026-06-08 00:48:40,  Lat/Lon: 5.59634°/125.45°, Depth: 10
2026/06/08 07:52:33.972583 [Incident:Info:toast@toast-new:Magnitude updated] Magnitude updated: 5.24 (M)
2026/06/08 07:52:33.972635 [Simulation:Info:toast@toast-new:Simulation not generated] Magnitude 5.24 of event bmg2026lctc is smaller than triggerMinMagnitude: no automatic simulation
2026/06/08 07:56:45.734666 [Incident:Info:toast@toast-new:Origin updated] Origin updated: OT: 2026-06-08 00:48:40,  Lat/Lon: 5.59634°/125.45°, Depth: 10
2026/06/08 07:56:45.734822 [Incident:Info:toast@toast-new:FM updated] FM updated
2026/06/08 07:56:45.734989 [Simulation:Info:toast@toast-new:Simulation not generated] Magnitude 5.24 of event bmg2026lctc is smaller than triggerMinMagnitude: no automatic simulation
2026/06/08 16:49:33.703507 [Incident:Info:toast@toast-new:Origin updated] Origin updated: OT: 2026-06-08 00:48:40,  Lat/Lon: 5.59634°/125.45°, Depth: 10
2026/06/08 16:49:33.715505 [Incident:Info:toast@toast-new:Magnitude updated] Magnitude updated: 5.06 (mb)
2026/06/08 16:49:33.725800 [Simulation:Info:toast@toast-new:Simulation not generated] Magnitude 5.06 of event bmg2026lctc is smaller than triggerMinMagnitude: no automatic simulation
2026/06/08 16:49:37.398764 [Incident:Info:toast@toast-new:Origin updated] Origin updated: OT: 2026-06-08 00:48:43,  Lat/Lon: 5.66799°/125.449°, Depth: 58.0318
2026/06/08 16:49:37.416565 [Incident:Info:toast@toast-new:Magnitude updated] Magnitude updated: 5.07 (mb)
2026/06/08 16:49:37.428272 [Simulation:Info:toast@toast-new:Simulation not generated] Magnitude 5.07 of event bmg2026lctc is smaller than triggerMinMagnitude: no automatic simulation
2026/06/08 16:49:39.176485 [Incident:Info:toast@toast-new:Origin updated] Origin updated: OT: 2026-06-08 00:48:43,  Lat/Lon: 5.66799°/125.449°, Depth: 58.0318
2026/06/08 16:49:39.190955 [Simulation:Info:toast@toast-new:Simulation not generated] Magnitude 5.07 of event bmg2026lctc is smaller than triggerMinMagnitude: no automatic simulation
