2026/08/19 23:19:16.353654 [Incident:Info:toast@toast-new:Displacement(s) updated] Added 0 and changed 0 displacements with 0 amplitudes
2026/08/19 23:19:16.354154 [Incident:Info:toast@toast-new:Incident created] Incident created based on event received from messaging: OT: 2026-08-19 16:17:40,  Lat/Lon: -8.20°/120.52°, Depth: 10.00, Mag: 5.70 (M)
2026/08/19 23:19:16.354772 [Simulation:Info:toast@toast-new:Simulation not generated] Magnitude 5.70 of event bmg2026qfly is smaller than triggerMinMagnitude: no automatic simulation
2026/08/19 23:19:16.375290 [Incident:Info:toast@toast-new:Origin updated] Origin updated: OT: 2026-08-19 16:17:40,  Lat/Lon: -8.20387°/120.522°, Depth: 10
2026/08/19 23:19:16.375455 [Simulation:Info:toast@toast-new:Simulation not generated] Magnitude 5.70 of event bmg2026qfly is smaller than triggerMinMagnitude: no automatic simulation
2026/08/19 23:19:19.619353 [Incident:Info:toast@toast-new:Origin updated] Origin updated: OT: 2026-08-19 16:17:40,  Lat/Lon: -8.20387°/120.522°, Depth: 10
2026/08/19 23:19:19.619516 [Incident:Info:toast@toast-new:Magnitude updated] Magnitude updated: 5.70 (M)
2026/08/19 23:19:19.619547 [Simulation:Info:toast@toast-new:Simulation not generated] Magnitude 5.70 of event bmg2026qfly is smaller than triggerMinMagnitude: no automatic simulation
2026/08/19 23:19:24.642847 [Incident:Info:toast@toast-new:Origin updated] Origin updated: OT: 2026-08-19 16:17:40,  Lat/Lon: -8.20387°/120.522°, Depth: 10
2026/08/19 23:19:24.643025 [Incident:Info:toast@toast-new:Magnitude updated] Magnitude updated: 5.72 (M)
2026/08/19 23:19:24.643064 [Simulation:Info:toast@toast-new:Simulation not generated] Magnitude 5.72 of event bmg2026qfly is smaller than triggerMinMagnitude: no automatic simulation
2026/08/19 23:19:28.194090 [Incident:Info:toast@toast-new:Origin updated] Origin updated: OT: 2026-08-19 16:17:40,  Lat/Lon: -8.20387°/120.522°, Depth: 10
2026/08/19 23:19:28.194239 [Incident:Info:toast@toast-new:Magnitude updated] Magnitude updated: 5.75 (M)
2026/08/19 23:19:28.194270 [Simulation:Info:toast@toast-new:Simulation not generated] Magnitude 5.75 of event bmg2026qfly is smaller than triggerMinMagnitude: no automatic simulation
2026/08/19 23:19:28.220800 [Incident:Info:toast@toast-new:Origin updated] Origin updated: OT: 2026-08-19 16:17:40,  Lat/Lon: -8.19366°/120.501°, Depth: 10
2026/08/19 23:19:28.220933 [Incident:Info:toast@toast-new:Magnitude updated] Magnitude updated: 5.68 (M)
2026/08/19 23:19:28.220960 [Simulation:Info:toast@toast-new:Simulation not generated] Magnitude 5.68 of event bmg2026qfly is smaller than triggerMinMagnitude: no automatic simulation
2026/08/19 23:19:29.643976 [Incident:Info:toast@toast-new:Origin updated] Origin updated: OT: 2026-08-19 16:17:40,  Lat/Lon: -8.19366°/120.501°, Depth: 10
2026/08/19 23:19:29.644110 [Incident:Info:toast@toast-new:Magnitude updated] Magnitude updated: 5.69 (M)
2026/08/19 23:19:29.644140 [Simulation:Info:toast@toast-new:Simulation not generated] Magnitude 5.69 of event bmg2026qfly is smaller than triggerMinMagnitude: no automatic simulation
2026/08/19 23:19:34.685249 [Incident:Info:toast@toast-new:Origin updated] Origin updated: OT: 2026-08-19 16:17:40,  Lat/Lon: -8.19366°/120.501°, Depth: 10
2026/08/19 23:19:34.686761 [Incident:Info:toast@toast-new:Magnitude updated] Magnitude updated: 5.70 (M)
2026/08/19 23:19:34.686804 [Simulation:Info:toast@toast-new:Simulation not generated] Magnitude 5.70 of event bmg2026qfly is smaller than triggerMinMagnitude: no automatic simulation
2026/08/19 23:19:39.676770 [Incident:Info:toast@toast-new:Origin updated] Origin updated: OT: 2026-08-19 16:17:40,  Lat/Lon: -8.19366°/120.501°, Depth: 10
2026/08/19 23:19:39.676943 [Incident:Info:toast@toast-new:Magnitude updated] Magnitude updated: 5.73 (M)
2026/08/19 23:19:39.676983 [Simulation:Info:toast@toast-new:Simulation not generated] Magnitude 5.73 of event bmg2026qfly is smaller than triggerMinMagnitude: no automatic simulation
2026/08/19 23:19:44.679966 [Incident:Info:toast@toast-new:Origin updated] Origin updated: OT: 2026-08-19 16:17:40,  Lat/Lon: -8.19366°/120.501°, Depth: 10
2026/08/19 23:19:44.680155 [Incident:Info:toast@toast-new:Magnitude updated] Magnitude updated: 5.75 (M)
2026/08/19 23:19:44.680215 [Simulation:Info:toast@toast-new:Simulation not generated] Magnitude 5.75 of event bmg2026qfly is smaller than triggerMinMagnitude: no automatic simulation
2026/08/19 23:19:48.397921 [Incident:Info:toast@toast-new:Origin updated] Origin updated: OT: 2026-08-19 16:17:40,  Lat/Lon: -8.19366°/120.501°, Depth: 10
2026/08/19 23:19:48.398063 [Incident:Info:toast@toast-new:Magnitude updated] Magnitude updated: 5.76 (M)
2026/08/19 23:19:48.398093 [Simulation:Info:toast@toast-new:Simulation not generated] Magnitude 5.76 of event bmg2026qfly is smaller than triggerMinMagnitude: no automatic simulation
2026/08/19 23:19:48.421773 [Incident:Info:toast@toast-new:Origin updated] Origin updated: OT: 2026-08-19 16:17:40,  Lat/Lon: -8.20967°/120.505°, Depth: 10
2026/08/19 23:19:48.421903 [Incident:Info:toast@toast-new:Magnitude updated] Magnitude updated: 5.71 (M)
2026/08/19 23:19:48.421951 [Simulation:Info:toast@toast-new:Simulation not generated] Magnitude 5.71 of event bmg2026qfly is smaller than triggerMinMagnitude: no automatic simulation
2026/08/19 23:19:49.713551 [Incident:Info:toast@toast-new:Origin updated] Origin updated: OT: 2026-08-19 16:17:40,  Lat/Lon: -8.20967°/120.505°, Depth: 10
2026/08/19 23:19:49.713712 [Incident:Info:toast@toast-new:Magnitude updated] Magnitude updated: 5.71 (M)
2026/08/19 23:19:49.713744 [Simulation:Info:toast@toast-new:Simulation not generated] Magnitude 5.71 of event bmg2026qfly is smaller than triggerMinMagnitude: no automatic simulation
2026/08/19 23:19:54.727602 [Incident:Info:toast@toast-new:Origin updated] Origin updated: OT: 2026-08-19 16:17:40,  Lat/Lon: -8.20967°/120.505°, Depth: 10
2026/08/19 23:19:54.727756 [Incident:Info:toast@toast-new:Magnitude updated] Magnitude updated: 5.73 (M)
2026/08/19 23:19:54.727786 [Simulation:Info:toast@toast-new:Simulation not generated] Magnitude 5.73 of event bmg2026qfly is smaller than triggerMinMagnitude: no automatic simulation
2026/08/19 23:19:59.729308 [Incident:Info:toast@toast-new:Origin updated] Origin updated: OT: 2026-08-19 16:17:40,  Lat/Lon: -8.20967°/120.505°, Depth: 10
2026/08/19 23:19:59.729468 [Incident:Info:toast@toast-new:Magnitude updated] Magnitude updated: 5.74 (M)
2026/08/19 23:19:59.729506 [Simulation:Info:toast@toast-new:Simulation not generated] Magnitude 5.74 of event bmg2026qfly is smaller than triggerMinMagnitude: no automatic simulation
2026/08/19 23:20:03.882232 [Incident:Info:toast@toast-new:Origin updated] Origin updated: OT: 2026-08-19 16:17:40,  Lat/Lon: -8.23233°/120.526°, Depth: 10
2026/08/19 23:20:03.882398 [Incident:Info:toast@toast-new:Magnitude updated] Magnitude updated: 5.67 (MLv)
2026/08/19 23:20:03.882443 [Simulation:Info:toast@toast-new:Simulation not generated] Magnitude 5.67 of event bmg2026qfly is smaller than triggerMinMagnitude: no automatic simulation
2026/08/19 23:20:04.007684 [Incident:Info:toast@toast-new:Origin updated] Origin updated: OT: 2026-08-19 16:17:40,  Lat/Lon: -8.23233°/120.526°, Depth: 10
2026/08/19 23:20:04.007803 [Incident:Info:toast@toast-new:Magnitude updated] Magnitude updated: 5.73 (M)
2026/08/19 23:20:04.007836 [Simulation:Info:toast@toast-new:Simulation not generated] Magnitude 5.73 of event bmg2026qfly is smaller than triggerMinMagnitude: no automatic simulation
2026/08/19 23:20:04.687287 [Incident:Info:toast@toast-new:Origin updated] Origin updated: OT: 2026-08-19 16:17:40,  Lat/Lon: -8.23233°/120.526°, Depth: 10
2026/08/19 23:20:04.687516 [Incident:Info:toast@toast-new:Magnitude updated] Magnitude updated: 5.72 (M)
2026/08/19 23:20:04.687584 [Simulation:Info:toast@toast-new:Simulation not generated] Magnitude 5.72 of event bmg2026qfly is smaller than triggerMinMagnitude: no automatic simulation
2026/08/19 23:20:09.388852 [Incident:Info:toast@toast-new:Origin updated] Origin updated: OT: 2026-08-19 16:17:40,  Lat/Lon: -8.23233°/120.526°, Depth: 10
2026/08/19 23:20:09.389144 [Incident:Info:toast@toast-new:Magnitude updated] Magnitude updated: 5.70 (M)
2026/08/19 23:20:09.389195 [Simulation:Info:toast@toast-new:Simulation not generated] Magnitude 5.70 of event bmg2026qfly is smaller than triggerMinMagnitude: no automatic simulation
2026/08/19 23:20:09.685374 [Incident:Info:toast@toast-new:Origin updated] Origin updated: OT: 2026-08-19 16:17:40,  Lat/Lon: -8.23233°/120.526°, Depth: 10
2026/08/19 23:20:09.685522 [Incident:Info:toast@toast-new:Magnitude updated] Magnitude updated: 5.70 (M)
2026/08/19 23:20:09.685553 [Simulation:Info:toast@toast-new:Simulation not generated] Magnitude 5.70 of event bmg2026qfly is smaller than triggerMinMagnitude: no automatic simulation
2026/08/19 23:20:14.873071 [Incident:Info:toast@toast-new:Origin updated] Origin updated: OT: 2026-08-19 16:17:40,  Lat/Lon: -8.23233°/120.526°, Depth: 10
2026/08/19 23:20:14.873247 [Incident:Info:toast@toast-new:Magnitude updated] Magnitude updated: 5.68 (M)
2026/08/19 23:20:14.873290 [Simulation:Info:toast@toast-new:Simulation not generated] Magnitude 5.68 of event bmg2026qfly is smaller than triggerMinMagnitude: no automatic simulation
2026/08/19 23:20:19.875051 [Incident:Info:toast@toast-new:Origin updated] Origin updated: OT: 2026-08-19 16:17:40,  Lat/Lon: -8.23233°/120.526°, Depth: 10
2026/08/19 23:20:19.875212 [Incident:Info:toast@toast-new:Magnitude updated] Magnitude updated: 5.69 (M)
2026/08/19 23:20:19.875245 [Simulation:Info:toast@toast-new:Simulation not generated] Magnitude 5.69 of event bmg2026qfly is smaller than triggerMinMagnitude: no automatic simulation
2026/08/19 23:20:24.881565 [Incident:Info:toast@toast-new:Origin updated] Origin updated: OT: 2026-08-19 16:17:40,  Lat/Lon: -8.23233°/120.526°, Depth: 10
2026/08/19 23:20:24.881728 [Incident:Info:toast@toast-new:Magnitude updated] Magnitude updated: 5.73 (M)
2026/08/19 23:20:24.881766 [Simulation:Info:toast@toast-new:Simulation not generated] Magnitude 5.73 of event bmg2026qfly is smaller than triggerMinMagnitude: no automatic simulation
2026/08/19 23:20:29.205658 [Incident:Info:toast@toast-new:Origin updated] Origin updated: OT: 2026-08-19 16:17:40,  Lat/Lon: -8.23233°/120.526°, Depth: 10
2026/08/19 23:20:29.205819 [Incident:Info:toast@toast-new:Magnitude updated] Magnitude updated: 5.74 (M)
2026/08/19 23:20:29.205855 [Simulation:Info:toast@toast-new:Simulation not generated] Magnitude 5.74 of event bmg2026qfly is smaller than triggerMinMagnitude: no automatic simulation
2026/08/19 23:20:29.797862 [Incident:Info:toast@toast-new:Origin updated] Origin updated: OT: 2026-08-19 16:17:40,  Lat/Lon: -8.23233°/120.526°, Depth: 10
2026/08/19 23:20:29.797991 [Incident:Info:toast@toast-new:Magnitude updated] Magnitude updated: 5.74 (M)
2026/08/19 23:20:29.798023 [Simulation:Info:toast@toast-new:Simulation not generated] Magnitude 5.74 of event bmg2026qfly is smaller than triggerMinMagnitude: no automatic simulation
2026/08/19 23:20:34.915689 [Incident:Info:toast@toast-new:Origin updated] Origin updated: OT: 2026-08-19 16:17:40,  Lat/Lon: -8.23233°/120.526°, Depth: 10
2026/08/19 23:20:34.915849 [Incident:Info:toast@toast-new:Magnitude updated] Magnitude updated: 5.75 (M)
2026/08/19 23:20:34.915887 [Simulation:Info:toast@toast-new:Simulation not generated] Magnitude 5.75 of event bmg2026qfly is smaller than triggerMinMagnitude: no automatic simulation
2026/08/19 23:20:39.941890 [Incident:Info:toast@toast-new:Origin updated] Origin updated: OT: 2026-08-19 16:17:40,  Lat/Lon: -8.23233°/120.526°, Depth: 10
2026/08/19 23:20:39.942008 [Incident:Info:toast@toast-new:Magnitude updated] Magnitude updated: 5.75 (M)
2026/08/19 23:20:39.942034 [Simulation:Info:toast@toast-new:Simulation not generated] Magnitude 5.75 of event bmg2026qfly is smaller than triggerMinMagnitude: no automatic simulation
2026/08/19 23:20:43.052379 [Incident:Info:toast@toast-new:Origin updated] Origin updated: OT: 2026-08-19 16:17:40,  Lat/Lon: -8.2435°/120.535°, Depth: 10
2026/08/19 23:20:43.052539 [Incident:Info:toast@toast-new:Magnitude updated] Magnitude updated: 5.72 (MLv)
2026/08/19 23:20:43.052573 [Simulation:Info:toast@toast-new:Simulation not generated] Magnitude 5.72 of event bmg2026qfly is smaller than triggerMinMagnitude: no automatic simulation
2026/08/19 23:20:43.351217 [Incident:Info:toast@toast-new:Origin updated] Origin updated: OT: 2026-08-19 16:17:40,  Lat/Lon: -8.2435°/120.535°, Depth: 10
2026/08/19 23:20:43.351370 [Incident:Info:toast@toast-new:Magnitude updated] Magnitude updated: 5.75 (M)
2026/08/19 23:20:43.351416 [Simulation:Info:toast@toast-new:Simulation not generated] Magnitude 5.75 of event bmg2026qfly is smaller than triggerMinMagnitude: no automatic simulation
2026/08/19 23:20:44.802702 [Incident:Info:toast@toast-new:Origin updated] Origin updated: OT: 2026-08-19 16:17:40,  Lat/Lon: -8.2435°/120.535°, Depth: 10
2026/08/19 23:20:44.802815 [Incident:Info:toast@toast-new:Magnitude updated] Magnitude updated: 5.75 (M)
2026/08/19 23:20:44.802842 [Simulation:Info:toast@toast-new:Simulation not generated] Magnitude 5.75 of event bmg2026qfly is smaller than triggerMinMagnitude: no automatic simulation
2026/08/19 23:20:49.964076 [Incident:Info:toast@toast-new:Origin updated] Origin updated: OT: 2026-08-19 16:17:40,  Lat/Lon: -8.2435°/120.535°, Depth: 10
2026/08/19 23:20:49.964250 [Incident:Info:toast@toast-new:Magnitude updated] Magnitude updated: 5.75 (M)
2026/08/19 23:20:49.964288 [Simulation:Info:toast@toast-new:Simulation not generated] Magnitude 5.75 of event bmg2026qfly is smaller than triggerMinMagnitude: no automatic simulation
2026/08/19 23:20:54.943181 [Incident:Info:toast@toast-new:Origin updated] Origin updated: OT: 2026-08-19 16:17:40,  Lat/Lon: -8.2435°/120.535°, Depth: 10
2026/08/19 23:20:54.943336 [Incident:Info:toast@toast-new:Magnitude updated] Magnitude updated: 5.75 (M)
2026/08/19 23:20:54.943393 [Simulation:Info:toast@toast-new:Simulation not generated] Magnitude 5.75 of event bmg2026qfly is smaller than triggerMinMagnitude: no automatic simulation
2026/08/19 23:20:59.842688 [Incident:Info:toast@toast-new:Origin updated] Origin updated: OT: 2026-08-19 16:17:40,  Lat/Lon: -8.2435°/120.535°, Depth: 10
2026/08/19 23:20:59.842842 [Incident:Info:toast@toast-new:Magnitude updated] Magnitude updated: 5.75 (M)
2026/08/19 23:20:59.842881 [Simulation:Info:toast@toast-new:Simulation not generated] Magnitude 5.75 of event bmg2026qfly is smaller than triggerMinMagnitude: no automatic simulation
2026/08/19 23:21:05.032696 [Incident:Info:toast@toast-new:Origin updated] Origin updated: OT: 2026-08-19 16:17:40,  Lat/Lon: -8.2435°/120.535°, Depth: 10
2026/08/19 23:21:05.032822 [Incident:Info:toast@toast-new:Magnitude updated] Magnitude updated: 5.75 (M)
2026/08/19 23:21:05.032843 [Simulation:Info:toast@toast-new:Simulation not generated] Magnitude 5.75 of event bmg2026qfly is smaller than triggerMinMagnitude: no automatic simulation
2026/08/19 23:21:10.065352 [Incident:Info:toast@toast-new:Origin updated] Origin updated: OT: 2026-08-19 16:17:40,  Lat/Lon: -8.2435°/120.535°, Depth: 10
2026/08/19 23:21:10.065509 [Incident:Info:toast@toast-new:Magnitude updated] Magnitude updated: 5.75 (M)
2026/08/19 23:21:10.065544 [Simulation:Info:toast@toast-new:Simulation not generated] Magnitude 5.75 of event bmg2026qfly is smaller than triggerMinMagnitude: no automatic simulation
2026/08/19 23:21:14.893790 [Incident:Info:toast@toast-new:Origin updated] Origin updated: OT: 2026-08-19 16:17:40,  Lat/Lon: -8.2435°/120.535°, Depth: 10
2026/08/19 23:21:14.893926 [Incident:Info:toast@toast-new:Magnitude updated] Magnitude updated: 5.75 (M)
2026/08/19 23:21:14.893961 [Simulation:Info:toast@toast-new:Simulation not generated] Magnitude 5.75 of event bmg2026qfly is smaller than triggerMinMagnitude: no automatic simulation
2026/08/19 23:21:20.086467 [Incident:Info:toast@toast-new:Origin updated] Origin updated: OT: 2026-08-19 16:17:40,  Lat/Lon: -8.2435°/120.535°, Depth: 10
2026/08/19 23:21:20.086619 [Incident:Info:toast@toast-new:Magnitude updated] Magnitude updated: 5.76 (M)
2026/08/19 23:21:20.086649 [Simulation:Info:toast@toast-new:Simulation not generated] Magnitude 5.76 of event bmg2026qfly is smaller than triggerMinMagnitude: no automatic simulation
2026/08/19 23:21:24.924455 [Incident:Info:toast@toast-new:Origin updated] Origin updated: OT: 2026-08-19 16:17:40,  Lat/Lon: -8.2435°/120.535°, Depth: 10
2026/08/19 23:21:24.924610 [Incident:Info:toast@toast-new:Magnitude updated] Magnitude updated: 5.76 (M)
2026/08/19 23:21:24.924646 [Simulation:Info:toast@toast-new:Simulation not generated] Magnitude 5.76 of event bmg2026qfly is smaller than triggerMinMagnitude: no automatic simulation
2026/08/19 23:21:28.242964 [Incident:Info:toast@toast-new:Origin updated] Origin updated: OT: 2026-08-19 16:17:40,  Lat/Lon: -8.2435°/120.535°, Depth: 10
2026/08/19 23:21:28.243136 [Incident:Info:toast@toast-new:Magnitude updated] Magnitude updated: 5.76 (M)
2026/08/19 23:21:28.243190 [Simulation:Info:toast@toast-new:Simulation not generated] Magnitude 5.76 of event bmg2026qfly is smaller than triggerMinMagnitude: no automatic simulation
2026/08/19 23:21:30.111989 [Incident:Info:toast@toast-new:Origin updated] Origin updated: OT: 2026-08-19 16:17:40,  Lat/Lon: -8.2435°/120.535°, Depth: 10
2026/08/19 23:21:30.112126 [Incident:Info:toast@toast-new:Magnitude updated] Magnitude updated: 5.76 (M)
2026/08/19 23:21:30.112154 [Simulation:Info:toast@toast-new:Simulation not generated] Magnitude 5.76 of event bmg2026qfly is smaller than triggerMinMagnitude: no automatic simulation
2026/08/19 23:21:35.087180 [Incident:Info:toast@toast-new:Origin updated] Origin updated: OT: 2026-08-19 16:17:40,  Lat/Lon: -8.2435°/120.535°, Depth: 10
2026/08/19 23:21:35.087364 [Incident:Info:toast@toast-new:Magnitude updated] Magnitude updated: 5.76 (M)
2026/08/19 23:21:35.087411 [Simulation:Info:toast@toast-new:Simulation not generated] Magnitude 5.76 of event bmg2026qfly is smaller than triggerMinMagnitude: no automatic simulation
2026/08/19 23:21:35.352153 [Incident:Info:toast@toast-new:Origin updated] Origin updated: OT: 2026-08-19 16:17:40,  Lat/Lon: -8.2435°/120.535°, Depth: 10
2026/08/19 23:21:35.352284 [Incident:Info:toast@toast-new:FM updated] FM updated
2026/08/19 23:21:35.352518 [Simulation:Info:toast@toast-new:Simulation not generated] Magnitude 5.76 of event bmg2026qfly is smaller than triggerMinMagnitude: no automatic simulation
2026/08/19 23:21:37.212189 [Incident:Info:toast@toast-new:Origin updated] Origin updated: OT: 2026-08-19 16:17:40,  Lat/Lon: -8.23748°/120.548°, Depth: 10
2026/08/19 23:21:37.212332 [Incident:Info:toast@toast-new:Magnitude updated] Magnitude updated: 5.74 (MLv)
2026/08/19 23:21:37.212382 [Simulation:Info:toast@toast-new:Simulation not generated] Magnitude 5.74 of event bmg2026qfly is smaller than triggerMinMagnitude: no automatic simulation
2026/08/19 23:21:37.618719 [Incident:Info:toast@toast-new:Origin updated] Origin updated: OT: 2026-08-19 16:17:40,  Lat/Lon: -8.23748°/120.548°, Depth: 10
2026/08/19 23:21:37.618872 [Incident:Info:toast@toast-new:Magnitude updated] Magnitude updated: 5.76 (M)
2026/08/19 23:21:37.618939 [Simulation:Info:toast@toast-new:Simulation not generated] Magnitude 5.76 of event bmg2026qfly is smaller than triggerMinMagnitude: no automatic simulation
2026/08/19 23:21:39.983092 [Incident:Info:toast@toast-new:Origin updated] Origin updated: OT: 2026-08-19 16:17:40,  Lat/Lon: -8.23748°/120.548°, Depth: 10
2026/08/19 23:21:39.983245 [Incident:Info:toast@toast-new:Magnitude updated] Magnitude updated: 5.76 (M)
2026/08/19 23:21:39.983277 [Simulation:Info:toast@toast-new:Simulation not generated] Magnitude 5.76 of event bmg2026qfly is smaller than triggerMinMagnitude: no automatic simulation
2026/08/19 23:21:42.969758 [Incident:Info:toast@toast-new:Origin updated] Origin updated: OT: 2026-08-19 16:17:40,  Lat/Lon: -8.23748°/120.548°, Depth: 10
2026/08/19 23:21:42.969908 [Incident:Info:toast@toast-new:FM updated] FM updated
2026/08/19 23:21:42.970136 [Simulation:Info:toast@toast-new:Simulation not generated] Magnitude 5.76 of event bmg2026qfly is smaller than triggerMinMagnitude: no automatic simulation
2026/08/19 23:21:45.121595 [Incident:Info:toast@toast-new:Origin updated] Origin updated: OT: 2026-08-19 16:17:40,  Lat/Lon: -8.23748°/120.548°, Depth: 10
2026/08/19 23:21:45.121747 [Incident:Info:toast@toast-new:Magnitude updated] Magnitude updated: 5.76 (M)
2026/08/19 23:21:45.121779 [Simulation:Info:toast@toast-new:Simulation not generated] Magnitude 5.76 of event bmg2026qfly is smaller than triggerMinMagnitude: no automatic simulation
2026/08/19 23:22:04.943063 [Incident:Info:toast@toast-new:Origin updated] Origin updated: OT: 2026-08-19 16:17:40,  Lat/Lon: -8.23748°/120.548°, Depth: 10
2026/08/19 23:22:04.943237 [Incident:Info:toast@toast-new:Magnitude updated] Magnitude updated: 5.76 (M)
2026/08/19 23:22:04.943275 [Simulation:Info:toast@toast-new:Simulation not generated] Magnitude 5.76 of event bmg2026qfly is smaller than triggerMinMagnitude: no automatic simulation
2026/08/19 23:29:31.050566 [Incident:Info:toast@toast-new:Origin updated] Origin updated: OT: 2026-08-19 16:17:40,  Lat/Lon: -8.23748°/120.548°, Depth: 10
2026/08/19 23:29:31.050732 [Incident:Info:toast@toast-new:FM updated] FM updated
2026/08/19 23:29:31.050996 [Simulation:Info:toast@toast-new:Simulation not generated] Magnitude 5.76 of event bmg2026qfly is smaller than triggerMinMagnitude: no automatic simulation
2026/08/19 23:29:50.749497 [Incident:Info:toast@toast-new:Origin updated] Origin updated: OT: 2026-08-19 16:17:40,  Lat/Lon: -8.23748°/120.548°, Depth: 10
2026/08/19 23:29:50.749610 [Incident:Info:toast@toast-new:Magnitude updated] Magnitude updated: 5.67 (Mw)
2026/08/19 23:29:50.749657 [Simulation:Info:toast@toast-new:Simulation not generated] Magnitude 5.67 of event bmg2026qfly is smaller than triggerMinMagnitude: no automatic simulation
2026/08/19 23:29:58.722504 [Incident:Info:toast@toast-new:Origin updated] Origin updated: OT: 2026-08-19 16:17:40,  Lat/Lon: -8.23748°/120.548°, Depth: 10
2026/08/19 23:29:58.722666 [Simulation:Info:toast@toast-new:Simulation not generated] Magnitude 5.67 of event bmg2026qfly is smaller than triggerMinMagnitude: no automatic simulation
2026/08/19 23:38:44.945202 [Incident:Info:toast@toast-new:Origin updated] Origin updated: OT: 2026-08-19 16:17:40,  Lat/Lon: -8.23748°/120.548°, Depth: 10
2026/08/19 23:38:44.945358 [Incident:Info:toast@toast-new:Magnitude updated] Magnitude updated: 5.60 (Mw)
2026/08/19 23:38:44.945409 [Incident:Info:toast@toast-new:FM updated] FM updated
2026/08/19 23:38:44.945640 [Simulation:Info:toast@toast-new:Simulation not generated] Magnitude 5.60 of event bmg2026qfly is smaller than triggerMinMagnitude: no automatic simulation
2026/08/19 23:39:56.232207 [Incident:Info:toast@toast-new:Origin updated] Origin updated: OT: 2026-08-19 16:17:40,  Lat/Lon: -8.23748°/120.548°, Depth: 10
2026/08/19 23:39:56.232381 [Simulation:Info:toast@toast-new:Simulation not generated] Magnitude 5.60 of event bmg2026qfly is smaller than triggerMinMagnitude: no automatic simulation
2026/08/19 23:40:23.352230 [Incident:Info:toast@toast-new:Origin updated] Origin updated: OT: 2026-08-19 16:17:40,  Lat/Lon: -8.23748°/120.548°, Depth: 10
2026/08/19 23:40:23.352379 [Simulation:Info:toast@toast-new:Simulation not generated] Magnitude 5.60 of event bmg2026qfly is smaller than triggerMinMagnitude: no automatic simulation
2026/08/20 02:19:15.481295 [Incident:Info:toast@toast-new:Origin updated] Origin updated: OT: 2026-08-19 16:17:41,  Lat/Lon: -8.2794°/120.557°, Depth: 12.7595
2026/08/20 02:19:15.481486 [Simulation:Info:toast@toast-new:Simulation not generated] Magnitude 5.60 of event bmg2026qfly is smaller than triggerMinMagnitude: no automatic simulation
