2026/08/05 21:56:51.750236 [Incident:Info:toast@toast-new:Displacement(s) updated] Added 0 and changed 0 displacements with 0 amplitudes
2026/08/05 21:56:51.757564 [Incident:Info:toast@toast-new:Incident created] Incident created based on event received from messaging: OT: 2026-08-05 14:55:40,  Lat/Lon: -8.25°/107.90°, Depth: 22.91, Mag: 5.27 (M)
2026/08/05 21:56:51.758176 [Simulation:Info:toast@toast-new:Simulation not generated] Magnitude 5.27 of event bmg2026pfuf is smaller than triggerMinMagnitude: no automatic simulation
2026/08/05 21:56:51.776290 [Incident:Info:toast@toast-new:Origin updated] Origin updated: OT: 2026-08-05 14:55:40,  Lat/Lon: -8.25446°/107.896°, Depth: 22.9145
2026/08/05 21:56:51.776434 [Simulation:Info:toast@toast-new:Simulation not generated] Magnitude 5.27 of event bmg2026pfuf is smaller than triggerMinMagnitude: no automatic simulation
2026/08/05 21:56:54.647181 [Incident:Info:toast@toast-new:Origin updated] Origin updated: OT: 2026-08-05 14:55:40,  Lat/Lon: -8.25446°/107.896°, Depth: 22.9145
2026/08/05 21:56:54.647370 [Incident:Info:toast@toast-new:Magnitude updated] Magnitude updated: 5.27 (M)
2026/08/05 21:56:54.647416 [Simulation:Info:toast@toast-new:Simulation not generated] Magnitude 5.27 of event bmg2026pfuf is smaller than triggerMinMagnitude: no automatic simulation
2026/08/05 21:56:59.651514 [Incident:Info:toast@toast-new:Origin updated] Origin updated: OT: 2026-08-05 14:55:40,  Lat/Lon: -8.25446°/107.896°, Depth: 22.9145
2026/08/05 21:56:59.651704 [Incident:Info:toast@toast-new:Magnitude updated] Magnitude updated: 5.28 (M)
2026/08/05 21:56:59.651748 [Simulation:Info:toast@toast-new:Simulation not generated] Magnitude 5.28 of event bmg2026pfuf is smaller than triggerMinMagnitude: no automatic simulation
2026/08/05 21:57:04.213476 [Incident:Info:toast@toast-new:Origin updated] Origin updated: OT: 2026-08-05 14:55:40,  Lat/Lon: -8.25446°/107.896°, Depth: 22.9145
2026/08/05 21:57:04.213630 [Incident:Info:toast@toast-new:Magnitude updated] Magnitude updated: 5.28 (M)
2026/08/05 21:57:04.213662 [Simulation:Info:toast@toast-new:Simulation not generated] Magnitude 5.28 of event bmg2026pfuf is smaller than triggerMinMagnitude: no automatic simulation
2026/08/05 21:57:04.234958 [Incident:Info:toast@toast-new:Origin updated] Origin updated: OT: 2026-08-05 14:55:39,  Lat/Lon: -8.27395°/107.894°, Depth: 10
2026/08/05 21:57:04.235122 [Incident:Info:toast@toast-new:Magnitude updated] Magnitude updated: 5.23 (M)
2026/08/05 21:57:04.235151 [Simulation:Info:toast@toast-new:Simulation not generated] Magnitude 5.23 of event bmg2026pfuf is smaller than triggerMinMagnitude: no automatic simulation
2026/08/05 21:57:04.648610 [Incident:Info:toast@toast-new:Origin updated] Origin updated: OT: 2026-08-05 14:55:39,  Lat/Lon: -8.27395°/107.894°, Depth: 10
2026/08/05 21:57:04.648820 [Incident:Info:toast@toast-new:Magnitude updated] Magnitude updated: 5.23 (M)
2026/08/05 21:57:04.648864 [Simulation:Info:toast@toast-new:Simulation not generated] Magnitude 5.23 of event bmg2026pfuf is smaller than triggerMinMagnitude: no automatic simulation
2026/08/05 21:57:08.753367 [Incident:Info:toast@toast-new:Origin updated] Origin updated: OT: 2026-08-05 14:55:39,  Lat/Lon: -8.27395°/107.894°, Depth: 10
2026/08/05 21:57:08.753552 [Incident:Info:toast@toast-new:Magnitude updated] Magnitude updated: 5.24 (M)
2026/08/05 21:57:08.753600 [Simulation:Info:toast@toast-new:Simulation not generated] Magnitude 5.24 of event bmg2026pfuf is smaller than triggerMinMagnitude: no automatic simulation
2026/08/05 21:57:09.640827 [Incident:Info:toast@toast-new:Origin updated] Origin updated: OT: 2026-08-05 14:55:39,  Lat/Lon: -8.27395°/107.894°, Depth: 10
2026/08/05 21:57:09.640990 [Incident:Info:toast@toast-new:Magnitude updated] Magnitude updated: 5.25 (M)
2026/08/05 21:57:09.641032 [Simulation:Info:toast@toast-new:Simulation not generated] Magnitude 5.25 of event bmg2026pfuf is smaller than triggerMinMagnitude: no automatic simulation
2026/08/05 21:57:14.648378 [Incident:Info:toast@toast-new:Origin updated] Origin updated: OT: 2026-08-05 14:55:39,  Lat/Lon: -8.27395°/107.894°, Depth: 10
2026/08/05 21:57:14.648583 [Incident:Info:toast@toast-new:Magnitude updated] Magnitude updated: 5.26 (M)
2026/08/05 21:57:14.648624 [Simulation:Info:toast@toast-new:Simulation not generated] Magnitude 5.26 of event bmg2026pfuf is smaller than triggerMinMagnitude: no automatic simulation
2026/08/05 21:57:19.646142 [Incident:Info:toast@toast-new:Origin updated] Origin updated: OT: 2026-08-05 14:55:39,  Lat/Lon: -8.27395°/107.894°, Depth: 10
2026/08/05 21:57:19.646347 [Incident:Info:toast@toast-new:Magnitude updated] Magnitude updated: 5.27 (M)
2026/08/05 21:57:19.646408 [Simulation:Info:toast@toast-new:Simulation not generated] Magnitude 5.27 of event bmg2026pfuf is smaller than triggerMinMagnitude: no automatic simulation
2026/08/05 21:57:20.976386 [Incident:Info:toast@toast-new:Origin updated] Origin updated: OT: 2026-08-05 14:55:39,  Lat/Lon: -8.27395°/107.894°, Depth: 10
2026/08/05 21:57:20.976577 [Incident:Info:toast@toast-new:Magnitude updated] Magnitude updated: 5.27 (M)
2026/08/05 21:57:20.976619 [Simulation:Info:toast@toast-new:Simulation not generated] Magnitude 5.27 of event bmg2026pfuf is smaller than triggerMinMagnitude: no automatic simulation
2026/08/05 21:57:20.999014 [Incident:Info:toast@toast-new:Origin updated] Origin updated: OT: 2026-08-05 14:55:39,  Lat/Lon: -8.23198°/107.888°, Depth: 10
2026/08/05 21:57:20.999148 [Incident:Info:toast@toast-new:Magnitude updated] Magnitude updated: 5.24 (M)
2026/08/05 21:57:20.999192 [Simulation:Info:toast@toast-new:Simulation not generated] Magnitude 5.24 of event bmg2026pfuf is smaller than triggerMinMagnitude: no automatic simulation
2026/08/05 21:57:24.686704 [Incident:Info:toast@toast-new:Origin updated] Origin updated: OT: 2026-08-05 14:55:39,  Lat/Lon: -8.23198°/107.888°, Depth: 10
2026/08/05 21:57:24.686882 [Incident:Info:toast@toast-new:Magnitude updated] Magnitude updated: 5.25 (M)
2026/08/05 21:57:24.686922 [Simulation:Info:toast@toast-new:Simulation not generated] Magnitude 5.25 of event bmg2026pfuf is smaller than triggerMinMagnitude: no automatic simulation
2026/08/05 21:57:29.685383 [Incident:Info:toast@toast-new:Origin updated] Origin updated: OT: 2026-08-05 14:55:39,  Lat/Lon: -8.23198°/107.888°, Depth: 10
2026/08/05 21:57:29.685581 [Incident:Info:toast@toast-new:Magnitude updated] Magnitude updated: 5.27 (M)
2026/08/05 21:57:29.685640 [Simulation:Info:toast@toast-new:Simulation not generated] Magnitude 5.27 of event bmg2026pfuf is smaller than triggerMinMagnitude: no automatic simulation
2026/08/05 21:57:34.680219 [Incident:Info:toast@toast-new:Origin updated] Origin updated: OT: 2026-08-05 14:55:39,  Lat/Lon: -8.23198°/107.888°, Depth: 10
2026/08/05 21:57:34.680414 [Incident:Info:toast@toast-new:Magnitude updated] Magnitude updated: 5.27 (M)
2026/08/05 21:57:34.680463 [Simulation:Info:toast@toast-new:Simulation not generated] Magnitude 5.27 of event bmg2026pfuf is smaller than triggerMinMagnitude: no automatic simulation
2026/08/05 21:57:39.667598 [Incident:Info:toast@toast-new:Origin updated] Origin updated: OT: 2026-08-05 14:55:39,  Lat/Lon: -8.23198°/107.888°, Depth: 10
2026/08/05 21:57:39.667790 [Incident:Info:toast@toast-new:Magnitude updated] Magnitude updated: 5.30 (M)
2026/08/05 21:57:39.667839 [Simulation:Info:toast@toast-new:Simulation not generated] Magnitude 5.30 of event bmg2026pfuf is smaller than triggerMinMagnitude: no automatic simulation
2026/08/05 21:57:44.379709 [Incident:Info:toast@toast-new:Origin updated] Origin updated: OT: 2026-08-05 14:55:39,  Lat/Lon: -8.23198°/107.888°, Depth: 10
2026/08/05 21:57:44.379893 [Incident:Info:toast@toast-new:Magnitude updated] Magnitude updated: 5.30 (M)
2026/08/05 21:57:44.379935 [Simulation:Info:toast@toast-new:Simulation not generated] Magnitude 5.30 of event bmg2026pfuf is smaller than triggerMinMagnitude: no automatic simulation
2026/08/05 21:57:44.402678 [Incident:Info:toast@toast-new:Origin updated] Origin updated: OT: 2026-08-05 14:55:41,  Lat/Lon: -8.11678°/107.912°, Depth: 17.8771
2026/08/05 21:57:44.402820 [Incident:Info:toast@toast-new:Magnitude updated] Magnitude updated: 5.31 (M)
2026/08/05 21:57:44.402862 [Simulation:Info:toast@toast-new:Simulation not generated] Magnitude 5.31 of event bmg2026pfuf is smaller than triggerMinMagnitude: no automatic simulation
2026/08/05 21:57:44.778530 [Incident:Info:toast@toast-new:Origin updated] Origin updated: OT: 2026-08-05 14:55:41,  Lat/Lon: -8.11678°/107.912°, Depth: 17.8771
2026/08/05 21:57:44.778710 [Incident:Info:toast@toast-new:Magnitude updated] Magnitude updated: 5.31 (M)
2026/08/05 21:57:44.778758 [Simulation:Info:toast@toast-new:Simulation not generated] Magnitude 5.31 of event bmg2026pfuf is smaller than triggerMinMagnitude: no automatic simulation
2026/08/05 21:57:49.727963 [Incident:Info:toast@toast-new:Origin updated] Origin updated: OT: 2026-08-05 14:55:41,  Lat/Lon: -8.11678°/107.912°, Depth: 17.8771
2026/08/05 21:57:49.728139 [Incident:Info:toast@toast-new:Magnitude updated] Magnitude updated: 5.32 (M)
2026/08/05 21:57:49.728181 [Simulation:Info:toast@toast-new:Simulation not generated] Magnitude 5.32 of event bmg2026pfuf is smaller than triggerMinMagnitude: no automatic simulation
2026/08/05 21:57:54.701507 [Incident:Info:toast@toast-new:Origin updated] Origin updated: OT: 2026-08-05 14:55:41,  Lat/Lon: -8.11678°/107.912°, Depth: 17.8771
2026/08/05 21:57:54.701709 [Incident:Info:toast@toast-new:Magnitude updated] Magnitude updated: 5.32 (M)
2026/08/05 21:57:54.701754 [Simulation:Info:toast@toast-new:Simulation not generated] Magnitude 5.32 of event bmg2026pfuf is smaller than triggerMinMagnitude: no automatic simulation
2026/08/05 21:57:59.699389 [Incident:Info:toast@toast-new:Origin updated] Origin updated: OT: 2026-08-05 14:55:41,  Lat/Lon: -8.11678°/107.912°, Depth: 17.8771
2026/08/05 21:57:59.699578 [Incident:Info:toast@toast-new:Magnitude updated] Magnitude updated: 5.32 (M)
2026/08/05 21:57:59.699622 [Simulation:Info:toast@toast-new:Simulation not generated] Magnitude 5.32 of event bmg2026pfuf is smaller than triggerMinMagnitude: no automatic simulation
2026/08/05 21:58:04.679384 [Incident:Info:toast@toast-new:Origin updated] Origin updated: OT: 2026-08-05 14:55:41,  Lat/Lon: -8.11678°/107.912°, Depth: 17.8771
2026/08/05 21:58:04.679589 [Incident:Info:toast@toast-new:Magnitude updated] Magnitude updated: 5.33 (M)
2026/08/05 21:58:04.679638 [Simulation:Info:toast@toast-new:Simulation not generated] Magnitude 5.33 of event bmg2026pfuf is smaller than triggerMinMagnitude: no automatic simulation
2026/08/05 21:58:09.709016 [Incident:Info:toast@toast-new:Origin updated] Origin updated: OT: 2026-08-05 14:55:41,  Lat/Lon: -8.11678°/107.912°, Depth: 17.8771
2026/08/05 21:58:09.709218 [Incident:Info:toast@toast-new:Magnitude updated] Magnitude updated: 5.33 (M)
2026/08/05 21:58:09.709269 [Simulation:Info:toast@toast-new:Simulation not generated] Magnitude 5.33 of event bmg2026pfuf is smaller than triggerMinMagnitude: no automatic simulation
2026/08/05 21:58:12.654979 [Incident:Info:toast@toast-new:Origin updated] Origin updated: OT: 2026-08-05 14:55:42,  Lat/Lon: -8.0633°/107.92°, Depth: 21.9386
2026/08/05 21:58:12.655172 [Incident:Info:toast@toast-new:Magnitude updated] Magnitude updated: 5.29 (M)
2026/08/05 21:58:12.655206 [Simulation:Info:toast@toast-new:Simulation not generated] Magnitude 5.29 of event bmg2026pfuf is smaller than triggerMinMagnitude: no automatic simulation
2026/08/05 21:58:19.786254 [Incident:Info:toast@toast-new:Origin updated] Origin updated: OT: 2026-08-05 14:55:42,  Lat/Lon: -8.0633°/107.92°, Depth: 21.9386
2026/08/05 21:58:19.786432 [Incident:Info:toast@toast-new:Magnitude updated] Magnitude updated: 5.34 (M)
2026/08/05 21:58:19.786463 [Simulation:Info:toast@toast-new:Simulation not generated] Magnitude 5.34 of event bmg2026pfuf is smaller than triggerMinMagnitude: no automatic simulation
2026/08/05 21:58:24.773815 [Incident:Info:toast@toast-new:Origin updated] Origin updated: OT: 2026-08-05 14:55:42,  Lat/Lon: -8.0633°/107.92°, Depth: 21.9386
2026/08/05 21:58:24.774028 [Incident:Info:toast@toast-new:Magnitude updated] Magnitude updated: 5.33 (M)
2026/08/05 21:58:24.774101 [Simulation:Info:toast@toast-new:Simulation not generated] Magnitude 5.33 of event bmg2026pfuf is smaller than triggerMinMagnitude: no automatic simulation
2026/08/05 21:58:29.289175 [Incident:Info:toast@toast-new:Origin updated] Origin updated: OT: 2026-08-05 14:55:42,  Lat/Lon: -8.0633°/107.92°, Depth: 21.9386
2026/08/05 21:58:29.289340 [Incident:Info:toast@toast-new:Magnitude updated] Magnitude updated: 5.31 (M)
2026/08/05 21:58:29.289371 [Simulation:Info:toast@toast-new:Simulation not generated] Magnitude 5.31 of event bmg2026pfuf is smaller than triggerMinMagnitude: no automatic simulation
2026/08/05 21:58:29.313221 [Incident:Info:toast@toast-new:Origin updated] Origin updated: OT: 2026-08-05 14:55:42,  Lat/Lon: -8.08147°/107.884°, Depth: 20.2071
2026/08/05 21:58:29.313374 [Incident:Info:toast@toast-new:Magnitude updated] Magnitude updated: 5.31 (M)
2026/08/05 21:58:29.313405 [Simulation:Info:toast@toast-new:Simulation not generated] Magnitude 5.31 of event bmg2026pfuf is smaller than triggerMinMagnitude: no automatic simulation
2026/08/05 21:58:29.756664 [Incident:Info:toast@toast-new:Origin updated] Origin updated: OT: 2026-08-05 14:55:42,  Lat/Lon: -8.08147°/107.884°, Depth: 20.2071
2026/08/05 21:58:29.756828 [Incident:Info:toast@toast-new:Magnitude updated] Magnitude updated: 5.31 (M)
2026/08/05 21:58:29.756860 [Simulation:Info:toast@toast-new:Simulation not generated] Magnitude 5.31 of event bmg2026pfuf is smaller than triggerMinMagnitude: no automatic simulation
2026/08/05 21:58:34.791284 [Incident:Info:toast@toast-new:Origin updated] Origin updated: OT: 2026-08-05 14:55:42,  Lat/Lon: -8.08147°/107.884°, Depth: 20.2071
2026/08/05 21:58:34.791499 [Incident:Info:toast@toast-new:Magnitude updated] Magnitude updated: 5.27 (M)
2026/08/05 21:58:34.791555 [Simulation:Info:toast@toast-new:Simulation not generated] Magnitude 5.27 of event bmg2026pfuf is smaller than triggerMinMagnitude: no automatic simulation
2026/08/05 21:58:39.906563 [Incident:Info:toast@toast-new:Origin updated] Origin updated: OT: 2026-08-05 14:55:42,  Lat/Lon: -8.08147°/107.884°, Depth: 20.2071
2026/08/05 21:58:39.906848 [Incident:Info:toast@toast-new:Magnitude updated] Magnitude updated: 5.26 (M)
2026/08/05 21:58:39.906942 [Simulation:Info:toast@toast-new:Simulation not generated] Magnitude 5.26 of event bmg2026pfuf is smaller than triggerMinMagnitude: no automatic simulation
2026/08/05 21:58:41.357126 [Incident:Info:toast@toast-new:Origin updated] Origin updated: OT: 2026-08-05 14:55:40,  Lat/Lon: -8.23051°/107.889°, Depth: 24.9188
2026/08/05 21:58:41.357328 [Incident:Info:toast@toast-new:Magnitude updated] Magnitude updated: 5.25 (MLv)
2026/08/05 21:58:41.357363 [Simulation:Info:toast@toast-new:Simulation not generated] Magnitude 5.25 of event bmg2026pfuf is smaller than triggerMinMagnitude: no automatic simulation
2026/08/05 21:58:41.433009 [Incident:Info:toast@toast-new:Origin updated] Origin updated: OT: 2026-08-05 14:55:40,  Lat/Lon: -8.23051°/107.889°, Depth: 24.9188
2026/08/05 21:58:41.433125 [Incident:Info:toast@toast-new:Magnitude updated] Magnitude updated: 5.25 (M)
2026/08/05 21:58:41.433149 [Simulation:Info:toast@toast-new:Simulation not generated] Magnitude 5.25 of event bmg2026pfuf is smaller than triggerMinMagnitude: no automatic simulation
2026/08/05 21:59:39.414941 [Incident:Info:toast@toast-new:Origin updated] Origin updated: OT: 2026-08-05 14:55:40,  Lat/Lon: -8.16825°/107.904°, Depth: 15.6769
2026/08/05 21:59:39.415140 [Incident:Info:toast@toast-new:Magnitude updated] Magnitude updated: 5.34 (MLv)
2026/08/05 21:59:39.415177 [Simulation:Info:toast@toast-new:Simulation not generated] Magnitude 5.34 of event bmg2026pfuf is smaller than triggerMinMagnitude: no automatic simulation
2026/08/05 21:59:39.639922 [Incident:Info:toast@toast-new:Origin updated] Origin updated: OT: 2026-08-05 14:55:40,  Lat/Lon: -8.16825°/107.904°, Depth: 15.6769
2026/08/05 21:59:39.640080 [Incident:Info:toast@toast-new:Magnitude updated] Magnitude updated: 5.30 (M)
2026/08/05 21:59:39.640126 [Simulation:Info:toast@toast-new:Simulation not generated] Magnitude 5.30 of event bmg2026pfuf is smaller than triggerMinMagnitude: no automatic simulation
2026/08/05 21:59:58.082540 [Incident:Info:toast@toast-new:Origin updated] Origin updated: OT: 2026-08-05 14:55:41,  Lat/Lon: -8.13635°/107.875°, Depth: 15.5532
2026/08/05 21:59:58.082752 [Incident:Info:toast@toast-new:Magnitude updated] Magnitude updated: 5.39 (MLv)
2026/08/05 21:59:58.082795 [Simulation:Info:toast@toast-new:Simulation not generated] Magnitude 5.39 of event bmg2026pfuf is smaller than triggerMinMagnitude: no automatic simulation
2026/08/05 21:59:58.186130 [Incident:Info:toast@toast-new:Origin updated] Origin updated: OT: 2026-08-05 14:55:41,  Lat/Lon: -8.13635°/107.875°, Depth: 15.5532
2026/08/05 21:59:58.186283 [Incident:Info:toast@toast-new:Magnitude updated] Magnitude updated: 5.39 (MLv)
2026/08/05 21:59:58.186322 [Simulation:Info:toast@toast-new:Simulation not generated] Magnitude 5.39 of event bmg2026pfuf is smaller than triggerMinMagnitude: no automatic simulation
2026/08/05 21:59:58.200947 [Incident:Info:toast@toast-new:Origin updated] Origin updated: OT: 2026-08-05 14:55:41,  Lat/Lon: -8.13635°/107.875°, Depth: 15.5532
2026/08/05 21:59:58.201074 [Incident:Info:toast@toast-new:Magnitude updated] Magnitude updated: 5.27 (M)
2026/08/05 21:59:58.201125 [Simulation:Info:toast@toast-new:Simulation not generated] Magnitude 5.27 of event bmg2026pfuf is smaller than triggerMinMagnitude: no automatic simulation
2026/08/05 22:00:04.666782 [Incident:Info:toast@toast-new:Origin updated] Origin updated: OT: 2026-08-05 14:55:41,  Lat/Lon: -8.13635°/107.875°, Depth: 15.5532
2026/08/05 22:00:04.666940 [Incident:Info:toast@toast-new:Magnitude updated] Magnitude updated: 5.27 (M)
2026/08/05 22:00:04.666967 [Simulation:Info:toast@toast-new:Simulation not generated] Magnitude 5.27 of event bmg2026pfuf is smaller than triggerMinMagnitude: no automatic simulation
2026/08/05 22:00:09.770142 [Incident:Info:toast@toast-new:Origin updated] Origin updated: OT: 2026-08-05 14:55:41,  Lat/Lon: -8.13635°/107.875°, Depth: 15.5532
2026/08/05 22:00:09.770291 [Incident:Info:toast@toast-new:Magnitude updated] Magnitude updated: 5.27 (M)
2026/08/05 22:00:09.770322 [Simulation:Info:toast@toast-new:Simulation not generated] Magnitude 5.27 of event bmg2026pfuf is smaller than triggerMinMagnitude: no automatic simulation
2026/08/05 22:00:14.748379 [Incident:Info:toast@toast-new:Origin updated] Origin updated: OT: 2026-08-05 14:55:41,  Lat/Lon: -8.13635°/107.875°, Depth: 15.5532
2026/08/05 22:00:14.748554 [Incident:Info:toast@toast-new:Magnitude updated] Magnitude updated: 5.27 (M)
2026/08/05 22:00:14.748598 [Simulation:Info:toast@toast-new:Simulation not generated] Magnitude 5.27 of event bmg2026pfuf is smaller than triggerMinMagnitude: no automatic simulation
2026/08/05 22:00:19.802593 [Incident:Info:toast@toast-new:Origin updated] Origin updated: OT: 2026-08-05 14:55:41,  Lat/Lon: -8.13635°/107.875°, Depth: 15.5532
2026/08/05 22:00:19.802822 [Incident:Info:toast@toast-new:Magnitude updated] Magnitude updated: 5.27 (M)
2026/08/05 22:00:19.802872 [Simulation:Info:toast@toast-new:Simulation not generated] Magnitude 5.27 of event bmg2026pfuf is smaller than triggerMinMagnitude: no automatic simulation
2026/08/05 22:02:19.837772 [Incident:Info:toast@toast-new:Origin updated] Origin updated: OT: 2026-08-05 14:55:41,  Lat/Lon: -8.13635°/107.875°, Depth: 15.5532
2026/08/05 22:02:19.837979 [Incident:Info:toast@toast-new:FM updated] FM updated
2026/08/05 22:02:19.838270 [Simulation:Info:toast@toast-new:Simulation not generated] Magnitude 5.27 of event bmg2026pfuf is smaller than triggerMinMagnitude: no automatic simulation
2026/08/05 22:07:27.322068 [Incident:Info:toast@toast-new:Origin updated] Origin updated: OT: 2026-08-05 14:55:40,  Lat/Lon: -8.1735°/107.858°, Depth: 13.7315
2026/08/05 22:07:27.322254 [Incident:Info:toast@toast-new:Magnitude updated] Magnitude updated: 5.17 (Mw(mB))
2026/08/05 22:07:27.322291 [Simulation:Info:toast@toast-new:Simulation not generated] Magnitude 5.17 of event bmg2026pfuf is smaller than triggerMinMagnitude: no automatic simulation
2026/08/05 22:16:32.909310 [Incident:Info:toast@toast-new:Origin updated] Origin updated: OT: 2026-08-05 14:55:40,  Lat/Lon: -8.1735°/107.858°, Depth: 13.7315
2026/08/05 22:16:32.909499 [Incident:Info:toast@toast-new:FM updated] FM updated
2026/08/05 22:16:32.909742 [Simulation:Info:toast@toast-new:Simulation not generated] Magnitude 5.17 of event bmg2026pfuf is smaller than triggerMinMagnitude: no automatic simulation
