2026/06/07 05:41:49.177344 [Incident:Info:toast@toast-new:Displacement(s) updated] Added 0 and changed 0 displacements with 0 amplitudes
2026/06/07 05:41:49.179481 [Incident:Info:toast@toast-new:Incident created] Incident created based on event received from messaging: OT: 2026-06-06 22:38:38,  Lat/Lon: -8.86°/126.46°, Depth: 10.00, Mag: 5.24 (MLv)
2026/06/07 05:41:49.180099 [Simulation:Info:toast@toast-new:Simulation not generated] Magnitude 5.24 of event bmg2026lath is smaller than triggerMinMagnitude: no automatic simulation
2026/06/07 05:41:49.216801 [Incident:Info:toast@toast-new:Origin updated] Origin updated: OT: 2026-06-06 22:38:38,  Lat/Lon: -8.86391°/126.458°, Depth: 10
2026/06/07 05:41:49.227990 [Simulation:Info:toast@toast-new:Simulation not generated] Magnitude 5.24 of event bmg2026lath is smaller than triggerMinMagnitude: no automatic simulation
2026/06/07 05:41:49.251515 [Incident:Info:toast@toast-new:Origin updated] Origin updated: OT: 2026-06-06 22:38:38,  Lat/Lon: -8.86391°/126.458°, Depth: 10
2026/06/07 05:41:49.261746 [Incident:Info:toast@toast-new:Magnitude updated] Magnitude updated: 5.20 (M)
2026/06/07 05:41:49.271234 [Simulation:Info:toast@toast-new:Simulation not generated] Magnitude 5.20 of event bmg2026lath is smaller than triggerMinMagnitude: no automatic simulation
2026/06/07 05:41:54.139153 [Incident:Info:toast@toast-new:Origin updated] Origin updated: OT: 2026-06-06 22:38:38,  Lat/Lon: -8.86391°/126.458°, Depth: 10
2026/06/07 05:41:54.158673 [Incident:Info:toast@toast-new:Magnitude updated] Magnitude updated: 5.21 (M)
2026/06/07 05:41:54.170701 [Simulation:Info:toast@toast-new:Simulation not generated] Magnitude 5.21 of event bmg2026lath is smaller than triggerMinMagnitude: no automatic simulation
2026/06/07 05:41:59.114205 [Incident:Info:toast@toast-new:Origin updated] Origin updated: OT: 2026-06-06 22:38:38,  Lat/Lon: -8.86391°/126.458°, Depth: 10
2026/06/07 05:41:59.128678 [Incident:Info:toast@toast-new:Magnitude updated] Magnitude updated: 5.20 (M)
2026/06/07 05:41:59.139875 [Simulation:Info:toast@toast-new:Simulation not generated] Magnitude 5.20 of event bmg2026lath is smaller than triggerMinMagnitude: no automatic simulation
2026/06/07 05:42:04.125802 [Incident:Info:toast@toast-new:Origin updated] Origin updated: OT: 2026-06-06 22:38:38,  Lat/Lon: -8.86391°/126.458°, Depth: 10
2026/06/07 05:42:04.141037 [Incident:Info:toast@toast-new:Magnitude updated] Magnitude updated: 5.20 (M)
2026/06/07 05:42:04.152222 [Simulation:Info:toast@toast-new:Simulation not generated] Magnitude 5.20 of event bmg2026lath is smaller than triggerMinMagnitude: no automatic simulation
2026/06/07 05:42:09.817802 [Incident:Info:toast@toast-new:Origin updated] Origin updated: OT: 2026-06-06 22:38:38,  Lat/Lon: -8.87747°/126.464°, Depth: 10
2026/06/07 05:42:09.831916 [Incident:Info:toast@toast-new:Magnitude updated] Magnitude updated: 5.19 (Mw(mB))
2026/06/07 05:42:09.842994 [Simulation:Info:toast@toast-new:Simulation not generated] Magnitude 5.19 of event bmg2026lath is smaller than triggerMinMagnitude: no automatic simulation
2026/06/07 05:42:09.931336 [Incident:Info:toast@toast-new:Origin updated] Origin updated: OT: 2026-06-06 22:38:38,  Lat/Lon: -8.87747°/126.464°, Depth: 10
2026/06/07 05:42:09.941640 [Incident:Info:toast@toast-new:Magnitude updated] Magnitude updated: 5.24 (M)
2026/06/07 05:42:09.951265 [Simulation:Info:toast@toast-new:Simulation not generated] Magnitude 5.24 of event bmg2026lath is smaller than triggerMinMagnitude: no automatic simulation
2026/06/07 05:42:14.086881 [Incident:Info:toast@toast-new:Origin updated] Origin updated: OT: 2026-06-06 22:38:38,  Lat/Lon: -8.87747°/126.464°, Depth: 10
2026/06/07 05:42:14.101110 [Incident:Info:toast@toast-new:Magnitude updated] Magnitude updated: 5.24 (M)
2026/06/07 05:42:14.112029 [Simulation:Info:toast@toast-new:Simulation not generated] Magnitude 5.24 of event bmg2026lath is smaller than triggerMinMagnitude: no automatic simulation
2026/06/07 05:42:19.150387 [Incident:Info:toast@toast-new:Origin updated] Origin updated: OT: 2026-06-06 22:38:38,  Lat/Lon: -8.87747°/126.464°, Depth: 10
2026/06/07 05:42:19.164240 [Incident:Info:toast@toast-new:Magnitude updated] Magnitude updated: 5.24 (M)
2026/06/07 05:42:19.175206 [Simulation:Info:toast@toast-new:Simulation not generated] Magnitude 5.24 of event bmg2026lath is smaller than triggerMinMagnitude: no automatic simulation
2026/06/07 05:42:24.154298 [Incident:Info:toast@toast-new:Origin updated] Origin updated: OT: 2026-06-06 22:38:38,  Lat/Lon: -8.87747°/126.464°, Depth: 10
2026/06/07 05:42:24.168603 [Incident:Info:toast@toast-new:Magnitude updated] Magnitude updated: 5.23 (M)
2026/06/07 05:42:24.179551 [Simulation:Info:toast@toast-new:Simulation not generated] Magnitude 5.23 of event bmg2026lath is smaller than triggerMinMagnitude: no automatic simulation
2026/06/07 05:42:28.977412 [Incident:Info:toast@toast-new:Origin updated] Origin updated: OT: 2026-06-06 22:38:38,  Lat/Lon: -8.87747°/126.464°, Depth: 10
2026/06/07 05:42:29.039185 [Incident:Info:toast@toast-new:Magnitude updated] Magnitude updated: 5.23 (M)
2026/06/07 05:42:29.053293 [Simulation:Info:toast@toast-new:Simulation not generated] Magnitude 5.23 of event bmg2026lath is smaller than triggerMinMagnitude: no automatic simulation
2026/06/07 05:42:34.189996 [Incident:Info:toast@toast-new:Origin updated] Origin updated: OT: 2026-06-06 22:38:38,  Lat/Lon: -8.87747°/126.464°, Depth: 10
2026/06/07 05:42:34.204521 [Incident:Info:toast@toast-new:Magnitude updated] Magnitude updated: 5.22 (M)
2026/06/07 05:42:34.215656 [Simulation:Info:toast@toast-new:Simulation not generated] Magnitude 5.22 of event bmg2026lath is smaller than triggerMinMagnitude: no automatic simulation
2026/06/07 05:42:38.930444 [Incident:Info:toast@toast-new:Origin updated] Origin updated: OT: 2026-06-06 22:38:38,  Lat/Lon: -8.87747°/126.464°, Depth: 10
2026/06/07 05:42:38.945465 [Incident:Info:toast@toast-new:Magnitude updated] Magnitude updated: 5.22 (M)
2026/06/07 05:42:38.956692 [Simulation:Info:toast@toast-new:Simulation not generated] Magnitude 5.22 of event bmg2026lath is smaller than triggerMinMagnitude: no automatic simulation
2026/06/07 05:42:44.233155 [Incident:Info:toast@toast-new:Origin updated] Origin updated: OT: 2026-06-06 22:38:38,  Lat/Lon: -8.87747°/126.464°, Depth: 10
2026/06/07 05:42:44.248175 [Incident:Info:toast@toast-new:Magnitude updated] Magnitude updated: 5.21 (M)
2026/06/07 05:42:44.259238 [Simulation:Info:toast@toast-new:Simulation not generated] Magnitude 5.21 of event bmg2026lath is smaller than triggerMinMagnitude: no automatic simulation
2026/06/07 05:42:49.014576 [Incident:Info:toast@toast-new:Origin updated] Origin updated: OT: 2026-06-06 22:38:38,  Lat/Lon: -8.87747°/126.464°, Depth: 10
2026/06/07 05:42:49.029591 [Incident:Info:toast@toast-new:Magnitude updated] Magnitude updated: 5.21 (M)
2026/06/07 05:42:49.040899 [Simulation:Info:toast@toast-new:Simulation not generated] Magnitude 5.21 of event bmg2026lath is smaller than triggerMinMagnitude: no automatic simulation
2026/06/07 05:42:54.193898 [Incident:Info:toast@toast-new:Origin updated] Origin updated: OT: 2026-06-06 22:38:38,  Lat/Lon: -8.87747°/126.464°, Depth: 10
2026/06/07 05:42:54.208812 [Incident:Info:toast@toast-new:Magnitude updated] Magnitude updated: 5.21 (M)
2026/06/07 05:42:54.219352 [Simulation:Info:toast@toast-new:Simulation not generated] Magnitude 5.21 of event bmg2026lath is smaller than triggerMinMagnitude: no automatic simulation
2026/06/07 05:43:24.045540 [Incident:Info:toast@toast-new:Origin updated] Origin updated: OT: 2026-06-06 22:38:38,  Lat/Lon: -8.87747°/126.464°, Depth: 10
2026/06/07 05:43:24.060072 [Incident:Info:toast@toast-new:Magnitude updated] Magnitude updated: 5.21 (M)
2026/06/07 05:43:24.071044 [Simulation:Info:toast@toast-new:Simulation not generated] Magnitude 5.21 of event bmg2026lath is smaller than triggerMinMagnitude: no automatic simulation
2026/06/07 05:43:37.825126 [Incident:Info:toast@toast-new:Origin updated] Origin updated: OT: 2026-06-06 22:38:38,  Lat/Lon: -8.92217°/126.513°, Depth: 10
2026/06/07 05:43:37.837502 [Incident:Info:toast@toast-new:Magnitude updated] Magnitude updated: 5.15 (Mw(mB))
2026/06/07 05:43:37.848035 [Simulation:Info:toast@toast-new:Simulation not generated] Magnitude 5.15 of event bmg2026lath is smaller than triggerMinMagnitude: no automatic simulation
2026/06/07 05:43:37.984663 [Incident:Info:toast@toast-new:Origin updated] Origin updated: OT: 2026-06-06 22:38:38,  Lat/Lon: -8.92217°/126.513°, Depth: 10
2026/06/07 05:43:37.998429 [Incident:Info:toast@toast-new:Magnitude updated] Magnitude updated: 5.18 (M)
2026/06/07 05:43:38.008964 [Simulation:Info:toast@toast-new:Simulation not generated] Magnitude 5.18 of event bmg2026lath is smaller than triggerMinMagnitude: no automatic simulation
2026/06/07 05:43:43.975585 [Incident:Info:toast@toast-new:Origin updated] Origin updated: OT: 2026-06-06 22:38:38,  Lat/Lon: -8.92217°/126.513°, Depth: 10
2026/06/07 05:43:43.989860 [Incident:Info:toast@toast-new:Magnitude updated] Magnitude updated: 5.18 (M)
2026/06/07 05:43:44.000887 [Simulation:Info:toast@toast-new:Simulation not generated] Magnitude 5.18 of event bmg2026lath is smaller than triggerMinMagnitude: no automatic simulation
2026/06/07 05:46:52.974884 [Incident:Info:toast@toast-new:Origin updated] Origin updated: OT: 2026-06-06 22:38:40,  Lat/Lon: -9.00649°/126.515°, Depth: 57.1934
2026/06/07 05:46:52.988117 [Incident:Info:toast@toast-new:Magnitude updated] Magnitude updated: 5.09 (Mw(mB))
2026/06/07 05:46:52.998814 [Simulation:Info:toast@toast-new:Simulation not generated] Magnitude 5.09 of event bmg2026lath is smaller than triggerMinMagnitude: no automatic simulation
2026/06/07 05:46:53.083271 [Incident:Info:toast@toast-new:Origin updated] Origin updated: OT: 2026-06-06 22:38:40,  Lat/Lon: -9.00649°/126.515°, Depth: 57.1934
2026/06/07 05:46:53.104247 [Incident:Info:toast@toast-new:Magnitude updated] Magnitude updated: 5.11 (M)
2026/06/07 05:46:53.116469 [Simulation:Info:toast@toast-new:Simulation not generated] Magnitude 5.11 of event bmg2026lath is smaller than triggerMinMagnitude: no automatic simulation
2026/06/07 12:47:06.358680 [Incident:Info:toast@toast-new:Origin updated] Origin updated: OT: 2026-06-06 22:38:40,  Lat/Lon: -8.96142°/126.512°, Depth: 44.8736
2026/06/07 12:47:06.368281 [Incident:Info:toast@toast-new:Magnitude updated] Magnitude updated: 5.20 (Mw)
2026/06/07 12:47:06.377672 [Incident:Info:toast@toast-new:FM updated] FM updated
2026/06/07 12:47:06.386600 [Simulation:Info:toast@toast-new:Simulation not generated] Magnitude 5.20 of event bmg2026lath is smaller than triggerMinMagnitude: no automatic simulation
