2026/07/12 20:21:57.950193 [Incident:Info:toast@toast-new:Displacement(s) updated] Added 0 and changed 0 displacements with 0 amplitudes
2026/07/12 20:21:57.954545 [Incident:Info:toast@toast-new:Incident created] Incident created based on event received from messaging: OT: 2026-07-12 13:20:25,  Lat/Lon: -9.65°/119.37°, Depth: 10.00, Mag: 5.13 (M)
2026/07/12 20:21:57.955197 [Simulation:Info:toast@toast-new:Simulation not generated] Magnitude 5.13 of event bmg2026nnuz is smaller than triggerMinMagnitude: no automatic simulation
2026/07/12 20:21:57.976287 [Incident:Info:toast@toast-new:Origin updated] Origin updated: OT: 2026-07-12 13:20:25,  Lat/Lon: -9.6462°/119.373°, Depth: 10
2026/07/12 20:21:57.976450 [Simulation:Info:toast@toast-new:Simulation not generated] Magnitude 5.13 of event bmg2026nnuz is smaller than triggerMinMagnitude: no automatic simulation
2026/07/12 20:22:02.210079 [Incident:Info:toast@toast-new:Origin updated] Origin updated: OT: 2026-07-12 13:20:25,  Lat/Lon: -9.6462°/119.373°, Depth: 10
2026/07/12 20:22:02.210248 [Incident:Info:toast@toast-new:Magnitude updated] Magnitude updated: 5.14 (M)
2026/07/12 20:22:02.210282 [Simulation:Info:toast@toast-new:Simulation not generated] Magnitude 5.14 of event bmg2026nnuz is smaller than triggerMinMagnitude: no automatic simulation
2026/07/12 20:22:06.441081 [Incident:Info:toast@toast-new:Origin updated] Origin updated: OT: 2026-07-12 13:20:25,  Lat/Lon: -9.6462°/119.373°, Depth: 10
2026/07/12 20:22:06.441270 [Incident:Info:toast@toast-new:Magnitude updated] Magnitude updated: 5.15 (M)
2026/07/12 20:22:06.441314 [Simulation:Info:toast@toast-new:Simulation not generated] Magnitude 5.15 of event bmg2026nnuz is smaller than triggerMinMagnitude: no automatic simulation
2026/07/12 20:22:06.464682 [Incident:Info:toast@toast-new:Origin updated] Origin updated: OT: 2026-07-12 13:20:25,  Lat/Lon: -9.66635°/119.37°, Depth: 10
2026/07/12 20:22:06.464829 [Incident:Info:toast@toast-new:Magnitude updated] Magnitude updated: 5.14 (M)
2026/07/12 20:22:06.464864 [Simulation:Info:toast@toast-new:Simulation not generated] Magnitude 5.14 of event bmg2026nnuz is smaller than triggerMinMagnitude: no automatic simulation
2026/07/12 20:22:07.188256 [Incident:Info:toast@toast-new:Origin updated] Origin updated: OT: 2026-07-12 13:20:25,  Lat/Lon: -9.66635°/119.37°, Depth: 10
2026/07/12 20:22:07.188435 [Incident:Info:toast@toast-new:Magnitude updated] Magnitude updated: 5.15 (M)
2026/07/12 20:22:07.188478 [Simulation:Info:toast@toast-new:Simulation not generated] Magnitude 5.15 of event bmg2026nnuz is smaller than triggerMinMagnitude: no automatic simulation
2026/07/12 20:22:12.216722 [Incident:Info:toast@toast-new:Origin updated] Origin updated: OT: 2026-07-12 13:20:25,  Lat/Lon: -9.66635°/119.37°, Depth: 10
2026/07/12 20:22:12.216901 [Incident:Info:toast@toast-new:Magnitude updated] Magnitude updated: 5.19 (M)
2026/07/12 20:22:12.216951 [Simulation:Info:toast@toast-new:Simulation not generated] Magnitude 5.19 of event bmg2026nnuz is smaller than triggerMinMagnitude: no automatic simulation
2026/07/12 20:22:17.199097 [Incident:Info:toast@toast-new:Origin updated] Origin updated: OT: 2026-07-12 13:20:25,  Lat/Lon: -9.66635°/119.37°, Depth: 10
2026/07/12 20:22:17.199274 [Incident:Info:toast@toast-new:Magnitude updated] Magnitude updated: 5.22 (M)
2026/07/12 20:22:17.199308 [Simulation:Info:toast@toast-new:Simulation not generated] Magnitude 5.22 of event bmg2026nnuz is smaller than triggerMinMagnitude: no automatic simulation
2026/07/12 20:22:17.830864 [Incident:Info:toast@toast-new:Origin updated] Origin updated: OT: 2026-07-12 13:20:25,  Lat/Lon: -9.72497°/119.348°, Depth: 10
2026/07/12 20:22:17.831056 [Incident:Info:toast@toast-new:Magnitude updated] Magnitude updated: 5.41 (M)
2026/07/12 20:22:17.831112 [Simulation:Info:toast@toast-new:Simulation not generated] Magnitude 5.41 of event bmg2026nnuz is smaller than triggerMinMagnitude: no automatic simulation
2026/07/12 20:22:22.217556 [Incident:Info:toast@toast-new:Origin updated] Origin updated: OT: 2026-07-12 13:20:25,  Lat/Lon: -9.72497°/119.348°, Depth: 10
2026/07/12 20:22:22.217757 [Incident:Info:toast@toast-new:Magnitude updated] Magnitude updated: 5.41 (M)
2026/07/12 20:22:22.217795 [Simulation:Info:toast@toast-new:Simulation not generated] Magnitude 5.41 of event bmg2026nnuz is smaller than triggerMinMagnitude: no automatic simulation
2026/07/12 20:22:23.128673 [Incident:Info:toast@toast-new:Origin updated] Origin updated: OT: 2026-07-12 13:20:25,  Lat/Lon: -9.64913°/119.374°, Depth: 12.6028
2026/07/12 20:22:23.128871 [Incident:Info:toast@toast-new:Magnitude updated] Magnitude updated: 5.24 (MLv)
2026/07/12 20:22:23.128916 [Simulation:Info:toast@toast-new:Simulation not generated] Magnitude 5.24 of event bmg2026nnuz is smaller than triggerMinMagnitude: no automatic simulation
2026/07/12 20:22:23.203176 [Incident:Info:toast@toast-new:Origin updated] Origin updated: OT: 2026-07-12 13:20:25,  Lat/Lon: -9.64913°/119.374°, Depth: 12.6028
2026/07/12 20:22:23.203294 [Incident:Info:toast@toast-new:Magnitude updated] Magnitude updated: 5.23 (M)
2026/07/12 20:22:23.203320 [Simulation:Info:toast@toast-new:Simulation not generated] Magnitude 5.23 of event bmg2026nnuz is smaller than triggerMinMagnitude: no automatic simulation
2026/07/12 20:22:27.294548 [Incident:Info:toast@toast-new:Origin updated] Origin updated: OT: 2026-07-12 13:20:25,  Lat/Lon: -9.64913°/119.374°, Depth: 12.6028
2026/07/12 20:22:27.294734 [Incident:Info:toast@toast-new:Magnitude updated] Magnitude updated: 5.24 (M)
2026/07/12 20:22:27.294795 [Simulation:Info:toast@toast-new:Simulation not generated] Magnitude 5.24 of event bmg2026nnuz is smaller than triggerMinMagnitude: no automatic simulation
2026/07/12 20:22:30.550240 [Simulation:Info:toast@toast-new:Simulation(s) triggered] Automatic simulation(s) triggered manually
2026/07/12 20:22:30.551072 [Simulation:Info:toast@toast-new:Simulation(s) started] No nodal plane available. Starting Simulation(s) with fault plane, Lat/Lon: -9.65°/ 119.37° (MT), Depth: 12.60km (MT), Mag: 5.24 (MT)
2026/07/12 20:22:30.553665 [Simulation:Info:toast@toast-new:Simulation running] TsunAWI: Looking for matching scenarios
2026/07/12 20:22:30.558004 [Simulation:Info:toast@toast-new:Simulation finished] TsunAWI: No matching scenarios
2026/07/12 20:22:30.613018 [Simulation:Info:toast@toast-new:No simulation returned] TsunAWI simulation backend returned no simulation.
2026/07/12 20:22:30.649970 [Simulation:Info:toast@toast-new:Simulation tracked] Tracking progress of EasyWave2 simulation 52008010S118120E0837498b62b45d91eb103a18a3113fd7cc483a71
2026/07/12 20:22:30.655574 [Simulation:Info:toast@toast-new:Simulation tracked] Tracking progress of EasyWave2 simulation 52008010S118120E7e20a1c44a85be520075949cde39b43965176521
2026/07/12 20:22:32.513309 [Incident:Info:toast@toast-new:Origin updated] Origin updated: OT: 2026-07-12 13:20:25,  Lat/Lon: -9.64913°/119.374°, Depth: 12.6028
2026/07/12 20:22:32.513543 [Incident:Info:toast@toast-new:Magnitude updated] Magnitude updated: 5.28 (M)
2026/07/12 20:22:32.513624 [Simulation:Info:toast@toast-new:Simulation not generated] Magnitude 5.28 of event bmg2026nnuz is smaller than triggerMinMagnitude: no automatic simulation
2026/07/12 20:22:37.294452 [Incident:Info:toast@toast-new:Origin updated] Origin updated: OT: 2026-07-12 13:20:25,  Lat/Lon: -9.64913°/119.374°, Depth: 12.6028
2026/07/12 20:22:37.294630 [Incident:Info:toast@toast-new:Magnitude updated] Magnitude updated: 5.28 (M)
2026/07/12 20:22:37.294664 [Simulation:Info:toast@toast-new:Simulation not generated] Magnitude 5.28 of event bmg2026nnuz is smaller than triggerMinMagnitude: no automatic simulation
2026/07/12 20:22:38.692469 [Simulation:Info:toast@toast-new:Simulation finished] Finished EasyWave2 simulation 52008010S118120E0837498b62b45d91eb103a18a3113fd7cc483a71 in 8 seconds
2026/07/12 20:22:42.363082 [Incident:Info:toast@toast-new:Origin updated] Origin updated: OT: 2026-07-12 13:20:25,  Lat/Lon: -9.64913°/119.374°, Depth: 12.6028
2026/07/12 20:22:42.363234 [Incident:Info:toast@toast-new:Magnitude updated] Magnitude updated: 5.28 (M)
2026/07/12 20:22:42.363278 [Simulation:Info:toast@toast-new:Simulation not generated] Magnitude 5.28 of event bmg2026nnuz is smaller than triggerMinMagnitude: no automatic simulation
2026/07/12 20:22:47.253059 [Incident:Info:toast@toast-new:Origin updated] Origin updated: OT: 2026-07-12 13:20:25,  Lat/Lon: -9.64913°/119.374°, Depth: 12.6028
2026/07/12 20:22:47.253424 [Incident:Info:toast@toast-new:Magnitude updated] Magnitude updated: 5.29 (M)
2026/07/12 20:22:47.253562 [Simulation:Info:toast@toast-new:Simulation not generated] Magnitude 5.29 of event bmg2026nnuz is smaller than triggerMinMagnitude: no automatic simulation
2026/07/12 20:22:49.695071 [Simulation:Info:toast@toast-new:Simulation finished] Finished EasyWave2 simulation 52008010S118120E7e20a1c44a85be520075949cde39b43965176521 in 19 seconds
2026/07/12 20:22:52.325091 [Incident:Info:toast@toast-new:Origin updated] Origin updated: OT: 2026-07-12 13:20:25,  Lat/Lon: -9.64913°/119.374°, Depth: 12.6028
2026/07/12 20:22:52.325339 [Incident:Info:toast@toast-new:Magnitude updated] Magnitude updated: 5.29 (M)
2026/07/12 20:22:52.325387 [Simulation:Info:toast@toast-new:Simulation not generated] Magnitude 5.29 of event bmg2026nnuz is smaller than triggerMinMagnitude: no automatic simulation
2026/07/12 20:22:57.367630 [Incident:Info:toast@toast-new:Origin updated] Origin updated: OT: 2026-07-12 13:20:25,  Lat/Lon: -9.64913°/119.374°, Depth: 12.6028
2026/07/12 20:22:57.367873 [Incident:Info:toast@toast-new:Magnitude updated] Magnitude updated: 5.29 (M)
2026/07/12 20:22:57.367926 [Simulation:Info:toast@toast-new:Simulation not generated] Magnitude 5.29 of event bmg2026nnuz is smaller than triggerMinMagnitude: no automatic simulation
2026/07/12 20:23:37.375548 [Incident:Info:toast@toast-new:Origin updated] Origin updated: OT: 2026-07-12 13:20:25,  Lat/Lon: -9.64913°/119.374°, Depth: 12.6028
2026/07/12 20:23:37.375808 [Incident:Info:toast@toast-new:Magnitude updated] Magnitude updated: 5.29 (M)
2026/07/12 20:23:37.375866 [Simulation:Info:toast@toast-new:Simulation not generated] Magnitude 5.29 of event bmg2026nnuz is smaller than triggerMinMagnitude: no automatic simulation
2026/07/12 20:24:02.631514 [Incident:Info:toast@toast-new:Origin updated] Origin updated: OT: 2026-07-12 13:20:25,  Lat/Lon: -9.64913°/119.374°, Depth: 12.6028
2026/07/12 20:24:02.631730 [Incident:Info:toast@toast-new:FM updated] FM updated
2026/07/12 20:24:02.632029 [Simulation:Info:toast@toast-new:Simulation not generated] Magnitude 5.29 of event bmg2026nnuz is smaller than triggerMinMagnitude: no automatic simulation
2026/07/12 20:24:24.904597 [Incident:Info:toast@toast-new:Origin updated] Origin updated: OT: 2026-07-12 13:20:25,  Lat/Lon: -9.64913°/119.374°, Depth: 12.6028
2026/07/12 20:24:24.904828 [Simulation:Info:toast@toast-new:Simulation not generated] Magnitude 5.29 of event bmg2026nnuz is smaller than triggerMinMagnitude: no automatic simulation
2026/07/12 20:24:24.927470 [Incident:Info:toast@toast-new:Origin updated] Origin updated: OT: 2026-07-12 13:20:25,  Lat/Lon: -9.64913°/119.374°, Depth: 12.6028
2026/07/12 20:24:24.927670 [Incident:Info:toast@toast-new:Magnitude updated] Magnitude updated: 5.04 (Mw)
2026/07/12 20:24:24.927738 [Simulation:Info:toast@toast-new:Simulation not generated] Magnitude 5.04 of event bmg2026nnuz is smaller than triggerMinMagnitude: no automatic simulation
2026/07/12 20:24:56.464487 [Incident:Info:toast@toast-new:Origin updated] Origin updated: OT: 2026-07-12 13:20:25,  Lat/Lon: -9.64913°/119.374°, Depth: 12.6028
2026/07/12 20:24:56.464717 [Simulation:Info:toast@toast-new:Simulation not generated] Magnitude 5.04 of event bmg2026nnuz is smaller than triggerMinMagnitude: no automatic simulation
2026/07/12 20:25:32.158825 [Incident:Info:toast@toast-new:Origin updated] Origin updated: OT: 2026-07-12 13:20:25,  Lat/Lon: -9.64913°/119.374°, Depth: 12.6028
2026/07/12 20:25:32.159080 [Simulation:Info:toast@toast-new:Simulation not generated] Magnitude 5.04 of event bmg2026nnuz is smaller than triggerMinMagnitude: no automatic simulation
2026/07/12 20:27:39.128113 [Incident:Info:toast@toast-new:Origin updated] Origin updated: OT: 2026-07-12 13:20:25,  Lat/Lon: -9.87145°/119.397°, Depth: 10
2026/07/12 20:27:39.128397 [Simulation:Info:toast@toast-new:Simulation not generated] Magnitude 5.04 of event bmg2026nnuz is smaller than triggerMinMagnitude: no automatic simulation
2026/07/12 20:34:08.093408 [Incident:Info:toast@toast-new:Origin updated] Origin updated: OT: 2026-07-12 13:20:27,  Lat/Lon: -9.7918°/119.389°, Depth: 35.9092
2026/07/12 20:34:08.093759 [Simulation:Info:toast@toast-new:Simulation not generated] Magnitude 5.04 of event bmg2026nnuz is smaller than triggerMinMagnitude: no automatic simulation
2026/07/13 06:00:44.119725 [Incident:Info:toast@toast-new:Origin updated] Origin updated: OT: 2026-07-12 13:20:25,  Lat/Lon: -9.80366°/119.371°, Depth: 10.5946
2026/07/13 06:00:44.119993 [Simulation:Info:toast@toast-new:Simulation not generated] Magnitude 5.04 of event bmg2026nnuz is smaller than triggerMinMagnitude: no automatic simulation
2026/07/13 06:01:17.028385 [Incident:Info:toast@toast-new:Origin updated] Origin updated: OT: 2026-07-12 13:20:25,  Lat/Lon: -9.80366°/119.371°, Depth: 10.5946
2026/07/13 06:01:17.028652 [Incident:Info:toast@toast-new:Magnitude updated] Magnitude updated: 5.20 (Mw(mB))
2026/07/13 06:01:17.028731 [Simulation:Info:toast@toast-new:Simulation not generated] Magnitude 5.20 of event bmg2026nnuz is smaller than triggerMinMagnitude: no automatic simulation
2026/07/14 21:34:54.613568 [Simulation:Info:toast@toast-new:Simulation removed] Removed simulation 52008010S118120E0837498b62b45d91eb103a18a3113fd7cc483a71
2026/07/14 21:34:54.898469 [Simulation:Info:toast@toast-new:Simulation removed] Removed simulation 52008010S118120E7e20a1c44a85be520075949cde39b43965176521
2026/07/14 21:34:54.901373 [Incident:Info:toast@toast-new:Incident removed] Removed incident - Bye
