2026/08/15 10:56:29.941918 [Incident:Info:toast@toast-new:Displacement(s) updated] Added 0 and changed 0 displacements with 0 amplitudes
2026/08/15 10:56:29.944168 [Incident:Info:toast@toast-new:Incident created] Incident created based on event received from messaging: OT: 2026-08-15 03:54:14,  Lat/Lon: -8.31°/121.45°, Depth: 10.00, Mag: 5.09 (M)
2026/08/15 10:56:29.944764 [Simulation:Info:toast@toast-new:Simulation not generated] Magnitude 5.09 of event bmg2026pxfk is smaller than triggerMinMagnitude: no automatic simulation
2026/08/15 10:56:29.962481 [Incident:Info:toast@toast-new:Origin updated] Origin updated: OT: 2026-08-15 03:54:14,  Lat/Lon: -8.31487°/121.453°, Depth: 10
2026/08/15 10:56:29.962643 [Simulation:Info:toast@toast-new:Simulation not generated] Magnitude 5.09 of event bmg2026pxfk is smaller than triggerMinMagnitude: no automatic simulation
2026/08/15 10:56:29.987054 [Incident:Info:toast@toast-new:Origin updated] Origin updated: OT: 2026-08-15 03:54:14,  Lat/Lon: -8.31487°/121.453°, Depth: 10
2026/08/15 10:56:29.987206 [Simulation:Info:toast@toast-new:Simulation not generated] Magnitude 5.09 of event bmg2026pxfk is smaller than triggerMinMagnitude: no automatic simulation
2026/08/15 10:56:43.795970 [Incident:Info:toast@toast-new:Origin updated] Origin updated: OT: 2026-08-15 03:54:14,  Lat/Lon: -8.31487°/121.453°, Depth: 10
2026/08/15 10:56:43.796171 [Incident:Info:toast@toast-new:Magnitude updated] Magnitude updated: 5.08 (M)
2026/08/15 10:56:43.796222 [Simulation:Info:toast@toast-new:Simulation not generated] Magnitude 5.08 of event bmg2026pxfk is smaller than triggerMinMagnitude: no automatic simulation
2026/08/15 10:57:04.659245 [Incident:Info:toast@toast-new:Origin updated] Origin updated: OT: 2026-08-15 03:54:14,  Lat/Lon: -8.32068°/121.449°, Depth: 10
2026/08/15 10:57:04.659471 [Incident:Info:toast@toast-new:Magnitude updated] Magnitude updated: 5.02 (M)
2026/08/15 10:57:04.659525 [Simulation:Info:toast@toast-new:Simulation not generated] Magnitude 5.02 of event bmg2026pxfk is smaller than triggerMinMagnitude: no automatic simulation
2026/08/15 10:57:09.438644 [Incident:Info:toast@toast-new:Origin updated] Origin updated: OT: 2026-08-15 03:54:14,  Lat/Lon: -8.32068°/121.449°, Depth: 10
2026/08/15 10:57:09.438818 [Incident:Info:toast@toast-new:Magnitude updated] Magnitude updated: 5.04 (M)
2026/08/15 10:57:09.438867 [Simulation:Info:toast@toast-new:Simulation not generated] Magnitude 5.04 of event bmg2026pxfk is smaller than triggerMinMagnitude: no automatic simulation
2026/08/15 10:57:14.794636 [Incident:Info:toast@toast-new:Origin updated] Origin updated: OT: 2026-08-15 03:54:14,  Lat/Lon: -8.32068°/121.449°, Depth: 10
2026/08/15 10:57:14.794831 [Incident:Info:toast@toast-new:Magnitude updated] Magnitude updated: 5.08 (M)
2026/08/15 10:57:14.794886 [Simulation:Info:toast@toast-new:Simulation not generated] Magnitude 5.08 of event bmg2026pxfk is smaller than triggerMinMagnitude: no automatic simulation
2026/08/15 10:57:19.815674 [Incident:Info:toast@toast-new:Origin updated] Origin updated: OT: 2026-08-15 03:54:14,  Lat/Lon: -8.32068°/121.449°, Depth: 10
2026/08/15 10:57:19.815864 [Incident:Info:toast@toast-new:Magnitude updated] Magnitude updated: 5.08 (M)
2026/08/15 10:57:19.815910 [Simulation:Info:toast@toast-new:Simulation not generated] Magnitude 5.08 of event bmg2026pxfk is smaller than triggerMinMagnitude: no automatic simulation
2026/08/15 10:57:24.785437 [Incident:Info:toast@toast-new:Origin updated] Origin updated: OT: 2026-08-15 03:54:14,  Lat/Lon: -8.32068°/121.449°, Depth: 10
2026/08/15 10:57:24.785650 [Incident:Info:toast@toast-new:Magnitude updated] Magnitude updated: 5.09 (M)
2026/08/15 10:57:24.785707 [Simulation:Info:toast@toast-new:Simulation not generated] Magnitude 5.09 of event bmg2026pxfk is smaller than triggerMinMagnitude: no automatic simulation
2026/08/15 10:57:34.779334 [Incident:Info:toast@toast-new:Origin updated] Origin updated: OT: 2026-08-15 03:54:14,  Lat/Lon: -8.32068°/121.449°, Depth: 10
2026/08/15 10:57:34.779531 [Incident:Info:toast@toast-new:Magnitude updated] Magnitude updated: 5.09 (M)
2026/08/15 10:57:34.779594 [Simulation:Info:toast@toast-new:Simulation not generated] Magnitude 5.09 of event bmg2026pxfk is smaller than triggerMinMagnitude: no automatic simulation
2026/08/15 10:57:39.720681 [Incident:Info:toast@toast-new:Origin updated] Origin updated: OT: 2026-08-15 03:54:14,  Lat/Lon: -8.32068°/121.449°, Depth: 10
2026/08/15 10:57:39.720918 [Incident:Info:toast@toast-new:Magnitude updated] Magnitude updated: 5.09 (M)
2026/08/15 10:57:39.720990 [Simulation:Info:toast@toast-new:Simulation not generated] Magnitude 5.09 of event bmg2026pxfk is smaller than triggerMinMagnitude: no automatic simulation
2026/08/15 10:57:49.824971 [Incident:Info:toast@toast-new:Origin updated] Origin updated: OT: 2026-08-15 03:54:14,  Lat/Lon: -8.32068°/121.449°, Depth: 10
2026/08/15 10:57:49.825179 [Incident:Info:toast@toast-new:Magnitude updated] Magnitude updated: 5.09 (M)
2026/08/15 10:57:49.825232 [Simulation:Info:toast@toast-new:Simulation not generated] Magnitude 5.09 of event bmg2026pxfk is smaller than triggerMinMagnitude: no automatic simulation
2026/08/15 10:58:19.740689 [Incident:Info:toast@toast-new:Origin updated] Origin updated: OT: 2026-08-15 03:54:14,  Lat/Lon: -8.32068°/121.449°, Depth: 10
2026/08/15 10:58:19.740887 [Incident:Info:toast@toast-new:Magnitude updated] Magnitude updated: 5.09 (M)
2026/08/15 10:58:19.740938 [Simulation:Info:toast@toast-new:Simulation not generated] Magnitude 5.09 of event bmg2026pxfk is smaller than triggerMinMagnitude: no automatic simulation
2026/08/15 10:58:34.663713 [Incident:Info:toast@toast-new:Origin updated] Origin updated: OT: 2026-08-15 03:54:14,  Lat/Lon: -8.32068°/121.449°, Depth: 10
2026/08/15 10:58:34.663910 [Incident:Info:toast@toast-new:Magnitude updated] Magnitude updated: 5.09 (M)
2026/08/15 10:58:34.663962 [Simulation:Info:toast@toast-new:Simulation not generated] Magnitude 5.09 of event bmg2026pxfk is smaller than triggerMinMagnitude: no automatic simulation
2026/08/15 10:59:10.152672 [Incident:Info:toast@toast-new:Origin updated] Origin updated: OT: 2026-08-15 03:54:14,  Lat/Lon: -8.34169°/121.449°, Depth: 10
2026/08/15 10:59:10.152879 [Incident:Info:toast@toast-new:Magnitude updated] Magnitude updated: 5.00 (MLv)
2026/08/15 10:59:10.152928 [Simulation:Info:toast@toast-new:Simulation not generated] Magnitude 5.00 of event bmg2026pxfk is smaller than triggerMinMagnitude: no automatic simulation
2026/08/15 11:02:15.072397 [Incident:Info:toast@toast-new:Origin updated] Origin updated: OT: 2026-08-15 03:54:14,  Lat/Lon: -8.34169°/121.449°, Depth: 10
2026/08/15 11:02:15.072583 [Simulation:Info:toast@toast-new:Simulation not generated] Magnitude 5.00 of event bmg2026pxfk is smaller than triggerMinMagnitude: no automatic simulation
2026/08/15 11:09:48.692534 [Incident:Info:toast@toast-new:Origin updated] Origin updated: OT: 2026-08-15 03:54:14,  Lat/Lon: -8.34169°/121.449°, Depth: 10
2026/08/15 11:09:48.692742 [Incident:Info:toast@toast-new:Magnitude updated] Magnitude updated: 5.41 (Mw)
2026/08/15 11:09:48.692798 [Incident:Info:toast@toast-new:FM updated] FM updated
2026/08/15 11:09:48.692973 [Simulation:Info:toast@toast-new:Simulation not generated] Magnitude 5.41 of event bmg2026pxfk is smaller than triggerMinMagnitude: no automatic simulation
2026/08/15 11:09:50.498550 [Incident:Info:toast@toast-new:Origin updated] Origin updated: OT: 2026-08-15 03:54:14,  Lat/Lon: -8.34169°/121.449°, Depth: 10
2026/08/15 11:09:50.498768 [Simulation:Info:toast@toast-new:Simulation not generated] Magnitude 5.41 of event bmg2026pxfk is smaller than triggerMinMagnitude: no automatic simulation
2026/08/15 11:10:06.997103 [Incident:Info:toast@toast-new:Origin updated] Origin updated: OT: 2026-08-15 03:54:14,  Lat/Lon: -8.34169°/121.449°, Depth: 10
2026/08/15 11:10:06.997332 [Simulation:Info:toast@toast-new:Simulation not generated] Magnitude 5.41 of event bmg2026pxfk is smaller than triggerMinMagnitude: no automatic simulation
2026/08/15 11:10:19.245251 [Incident:Info:toast@toast-new:Origin updated] Origin updated: OT: 2026-08-15 03:54:14,  Lat/Lon: -8.34169°/121.449°, Depth: 10
2026/08/15 11:10:19.245479 [Incident:Info:toast@toast-new:Magnitude updated] Magnitude updated: 5.00 (MLv)
2026/08/15 11:10:19.245536 [Simulation:Info:toast@toast-new:Simulation not generated] Magnitude 5.00 of event bmg2026pxfk is smaller than triggerMinMagnitude: no automatic simulation
2026/08/15 11:10:28.650527 [Incident:Info:toast@toast-new:Origin updated] Origin updated: OT: 2026-08-15 03:54:14,  Lat/Lon: -8.34169°/121.449°, Depth: 10
2026/08/15 11:10:28.650751 [Incident:Info:toast@toast-new:Magnitude updated] Magnitude updated: 5.02 (mb)
2026/08/15 11:10:28.650812 [Simulation:Info:toast@toast-new:Simulation not generated] Magnitude 5.02 of event bmg2026pxfk is smaller than triggerMinMagnitude: no automatic simulation
2026/08/15 15:38:45.037708 [Incident:Info:toast@toast-new:Origin updated] Origin updated: OT: 2026-08-15 03:54:14,  Lat/Lon: -8.33343°/121.442°, Depth: 10
2026/08/15 15:38:45.037908 [Incident:Info:toast@toast-new:Magnitude updated] Magnitude updated: 5.00 (mb)
2026/08/15 15:38:45.037948 [Incident:Info:toast@toast-new:FM updated] FM updated
2026/08/15 15:38:45.038128 [Simulation:Info:toast@toast-new:Simulation not generated] Magnitude 5.00 of event bmg2026pxfk is smaller than triggerMinMagnitude: no automatic simulation
