2026/08/19 10:14:59.065819 [Incident:Info:toast@toast-new:Displacement(s) updated] Added 0 and changed 0 displacements with 0 amplitudes
2026/08/19 10:14:59.066493 [Incident:Info:toast@toast-new:Incident created] Incident created based on event received from messaging: OT: 2026-08-19 03:13:28,  Lat/Lon: -8.18°/121.46°, Depth: 10.00, Mag: 5.14 (M)
2026/08/19 10:14:59.067089 [Simulation:Info:toast@toast-new:Simulation not generated] Magnitude 5.14 of event bmg2026qemc is smaller than triggerMinMagnitude: no automatic simulation
2026/08/19 10:14:59.089519 [Incident:Info:toast@toast-new:Origin updated] Origin updated: OT: 2026-08-19 03:13:28,  Lat/Lon: -8.18037°/121.456°, Depth: 10
2026/08/19 10:14:59.089657 [Simulation:Info:toast@toast-new:Simulation not generated] Magnitude 5.14 of event bmg2026qemc is smaller than triggerMinMagnitude: no automatic simulation
2026/08/19 10:14:59.637471 [Incident:Info:toast@toast-new:Origin updated] Origin updated: OT: 2026-08-19 03:13:28,  Lat/Lon: -8.18037°/121.456°, Depth: 10
2026/08/19 10:14:59.637634 [Incident:Info:toast@toast-new:Magnitude updated] Magnitude updated: 5.15 (M)
2026/08/19 10:14:59.637692 [Simulation:Info:toast@toast-new:Simulation not generated] Magnitude 5.15 of event bmg2026qemc is smaller than triggerMinMagnitude: no automatic simulation
2026/08/19 10:15:04.647188 [Incident:Info:toast@toast-new:Origin updated] Origin updated: OT: 2026-08-19 03:13:28,  Lat/Lon: -8.18037°/121.456°, Depth: 10
2026/08/19 10:15:04.647350 [Incident:Info:toast@toast-new:Magnitude updated] Magnitude updated: 5.17 (M)
2026/08/19 10:15:04.647388 [Simulation:Info:toast@toast-new:Simulation not generated] Magnitude 5.17 of event bmg2026qemc is smaller than triggerMinMagnitude: no automatic simulation
2026/08/19 10:15:08.780829 [Incident:Info:toast@toast-new:Origin updated] Origin updated: OT: 2026-08-19 03:13:28,  Lat/Lon: -8.18037°/121.456°, Depth: 10
2026/08/19 10:15:08.780988 [Incident:Info:toast@toast-new:Magnitude updated] Magnitude updated: 5.19 (M)
2026/08/19 10:15:08.781026 [Simulation:Info:toast@toast-new:Simulation not generated] Magnitude 5.19 of event bmg2026qemc is smaller than triggerMinMagnitude: no automatic simulation
2026/08/19 10:15:08.805021 [Incident:Info:toast@toast-new:Origin updated] Origin updated: OT: 2026-08-19 03:13:29,  Lat/Lon: -8.21493°/121.467°, Depth: 10
2026/08/19 10:15:08.805184 [Incident:Info:toast@toast-new:Magnitude updated] Magnitude updated: 5.12 (M)
2026/08/19 10:15:08.805220 [Simulation:Info:toast@toast-new:Simulation not generated] Magnitude 5.12 of event bmg2026qemc is smaller than triggerMinMagnitude: no automatic simulation
2026/08/19 10:15:14.695614 [Incident:Info:toast@toast-new:Origin updated] Origin updated: OT: 2026-08-19 03:13:29,  Lat/Lon: -8.21493°/121.467°, Depth: 10
2026/08/19 10:15:14.695757 [Incident:Info:toast@toast-new:Magnitude updated] Magnitude updated: 5.20 (M)
2026/08/19 10:15:14.695806 [Simulation:Info:toast@toast-new:Simulation not generated] Magnitude 5.20 of event bmg2026qemc is smaller than triggerMinMagnitude: no automatic simulation
2026/08/19 10:15:15.128590 [Incident:Info:toast@toast-new:Origin updated] Origin updated: OT: 2026-08-19 03:13:29,  Lat/Lon: -8.21493°/121.467°, Depth: 10
2026/08/19 10:15:15.128747 [Incident:Info:toast@toast-new:Magnitude updated] Magnitude updated: 5.21 (M)
2026/08/19 10:15:15.128789 [Simulation:Info:toast@toast-new:Simulation not generated] Magnitude 5.21 of event bmg2026qemc is smaller than triggerMinMagnitude: no automatic simulation
2026/08/19 10:15:19.693842 [Incident:Info:toast@toast-new:Origin updated] Origin updated: OT: 2026-08-19 03:13:29,  Lat/Lon: -8.21493°/121.467°, Depth: 10
2026/08/19 10:15:19.694056 [Incident:Info:toast@toast-new:Magnitude updated] Magnitude updated: 5.23 (M)
2026/08/19 10:15:19.694113 [Simulation:Info:toast@toast-new:Simulation not generated] Magnitude 5.23 of event bmg2026qemc is smaller than triggerMinMagnitude: no automatic simulation
2026/08/19 10:15:24.254467 [Incident:Info:toast@toast-new:Origin updated] Origin updated: OT: 2026-08-19 03:13:29,  Lat/Lon: -8.23307°/121.479°, Depth: 10
2026/08/19 10:15:24.254679 [Incident:Info:toast@toast-new:Magnitude updated] Magnitude updated: 5.13 (M)
2026/08/19 10:15:24.254735 [Simulation:Info:toast@toast-new:Simulation not generated] Magnitude 5.13 of event bmg2026qemc is smaller than triggerMinMagnitude: no automatic simulation
2026/08/19 10:15:29.651182 [Incident:Info:toast@toast-new:Origin updated] Origin updated: OT: 2026-08-19 03:13:29,  Lat/Lon: -8.23307°/121.479°, Depth: 10
2026/08/19 10:15:29.651348 [Incident:Info:toast@toast-new:Magnitude updated] Magnitude updated: 5.13 (M)
2026/08/19 10:15:29.651383 [Simulation:Info:toast@toast-new:Simulation not generated] Magnitude 5.13 of event bmg2026qemc is smaller than triggerMinMagnitude: no automatic simulation
2026/08/19 10:15:32.639858 [Incident:Info:toast@toast-new:Origin updated] Origin updated: OT: 2026-08-19 03:13:28,  Lat/Lon: -8.2345°/121.514°, Depth: 10
2026/08/19 10:15:32.640069 [Incident:Info:toast@toast-new:Magnitude updated] Magnitude updated: 5.19 (MLv)
2026/08/19 10:15:32.640136 [Simulation:Info:toast@toast-new:Simulation not generated] Magnitude 5.19 of event bmg2026qemc is smaller than triggerMinMagnitude: no automatic simulation
2026/08/19 10:15:32.716619 [Incident:Info:toast@toast-new:Origin updated] Origin updated: OT: 2026-08-19 03:13:28,  Lat/Lon: -8.2345°/121.514°, Depth: 10
2026/08/19 10:15:32.716724 [Incident:Info:toast@toast-new:Magnitude updated] Magnitude updated: 5.20 (M)
2026/08/19 10:15:32.716749 [Simulation:Info:toast@toast-new:Simulation not generated] Magnitude 5.20 of event bmg2026qemc is smaller than triggerMinMagnitude: no automatic simulation
2026/08/19 10:15:38.461533 [Incident:Info:toast@toast-new:Origin updated] Origin updated: OT: 2026-08-19 03:13:28,  Lat/Lon: -8.2345°/121.514°, Depth: 10
2026/08/19 10:15:38.461678 [Incident:Info:toast@toast-new:Magnitude updated] Magnitude updated: 5.22 (M)
2026/08/19 10:15:38.461701 [Simulation:Info:toast@toast-new:Simulation not generated] Magnitude 5.22 of event bmg2026qemc is smaller than triggerMinMagnitude: no automatic simulation
2026/08/19 10:15:44.748968 [Incident:Info:toast@toast-new:Origin updated] Origin updated: OT: 2026-08-19 03:13:28,  Lat/Lon: -8.2345°/121.514°, Depth: 10
2026/08/19 10:15:44.749140 [Incident:Info:toast@toast-new:Magnitude updated] Magnitude updated: 5.22 (M)
2026/08/19 10:15:44.749181 [Simulation:Info:toast@toast-new:Simulation not generated] Magnitude 5.22 of event bmg2026qemc is smaller than triggerMinMagnitude: no automatic simulation
2026/08/19 10:15:59.398656 [Incident:Info:toast@toast-new:Origin updated] Origin updated: OT: 2026-08-19 03:13:28,  Lat/Lon: -8.2345°/121.514°, Depth: 10
2026/08/19 10:15:59.398826 [Incident:Info:toast@toast-new:Magnitude updated] Magnitude updated: 5.22 (M)
2026/08/19 10:15:59.398857 [Simulation:Info:toast@toast-new:Simulation not generated] Magnitude 5.22 of event bmg2026qemc is smaller than triggerMinMagnitude: no automatic simulation
2026/08/19 10:16:00.346438 [Incident:Info:toast@toast-new:Origin updated] Origin updated: OT: 2026-08-19 03:13:29,  Lat/Lon: -8.26602°/121.543°, Depth: 10
2026/08/19 10:16:00.346613 [Incident:Info:toast@toast-new:Magnitude updated] Magnitude updated: 5.09 (MLv)
2026/08/19 10:16:00.346656 [Simulation:Info:toast@toast-new:Simulation not generated] Magnitude 5.09 of event bmg2026qemc is smaller than triggerMinMagnitude: no automatic simulation
2026/08/19 10:16:00.425364 [Incident:Info:toast@toast-new:Origin updated] Origin updated: OT: 2026-08-19 03:13:29,  Lat/Lon: -8.26602°/121.543°, Depth: 10
2026/08/19 10:16:00.425494 [Incident:Info:toast@toast-new:Magnitude updated] Magnitude updated: 5.12 (M)
2026/08/19 10:16:00.425534 [Simulation:Info:toast@toast-new:Simulation not generated] Magnitude 5.12 of event bmg2026qemc is smaller than triggerMinMagnitude: no automatic simulation
2026/08/19 10:16:04.688014 [Incident:Info:toast@toast-new:Origin updated] Origin updated: OT: 2026-08-19 03:13:29,  Lat/Lon: -8.26602°/121.543°, Depth: 10
2026/08/19 10:16:04.688163 [Incident:Info:toast@toast-new:Magnitude updated] Magnitude updated: 5.10 (M)
2026/08/19 10:16:04.688205 [Simulation:Info:toast@toast-new:Simulation not generated] Magnitude 5.10 of event bmg2026qemc is smaller than triggerMinMagnitude: no automatic simulation
2026/08/19 10:16:09.667534 [Incident:Info:toast@toast-new:Origin updated] Origin updated: OT: 2026-08-19 03:13:29,  Lat/Lon: -8.26602°/121.543°, Depth: 10
2026/08/19 10:16:09.667695 [Incident:Info:toast@toast-new:Magnitude updated] Magnitude updated: 5.08 (M)
2026/08/19 10:16:09.667726 [Simulation:Info:toast@toast-new:Simulation not generated] Magnitude 5.08 of event bmg2026qemc is smaller than triggerMinMagnitude: no automatic simulation
2026/08/19 10:16:14.680211 [Incident:Info:toast@toast-new:Origin updated] Origin updated: OT: 2026-08-19 03:13:29,  Lat/Lon: -8.26602°/121.543°, Depth: 10
2026/08/19 10:16:14.680393 [Incident:Info:toast@toast-new:Magnitude updated] Magnitude updated: 5.08 (M)
2026/08/19 10:16:14.680440 [Simulation:Info:toast@toast-new:Simulation not generated] Magnitude 5.08 of event bmg2026qemc is smaller than triggerMinMagnitude: no automatic simulation
2026/08/19 10:16:19.696252 [Incident:Info:toast@toast-new:Origin updated] Origin updated: OT: 2026-08-19 03:13:29,  Lat/Lon: -8.26602°/121.543°, Depth: 10
2026/08/19 10:16:19.696429 [Incident:Info:toast@toast-new:Magnitude updated] Magnitude updated: 5.08 (M)
2026/08/19 10:16:19.696467 [Simulation:Info:toast@toast-new:Simulation not generated] Magnitude 5.08 of event bmg2026qemc is smaller than triggerMinMagnitude: no automatic simulation
2026/08/19 10:16:24.387882 [Incident:Info:toast@toast-new:Origin updated] Origin updated: OT: 2026-08-19 03:13:29,  Lat/Lon: -8.26602°/121.543°, Depth: 10
2026/08/19 10:16:24.388046 [Incident:Info:toast@toast-new:Magnitude updated] Magnitude updated: 5.09 (M)
2026/08/19 10:16:24.388082 [Simulation:Info:toast@toast-new:Simulation not generated] Magnitude 5.09 of event bmg2026qemc is smaller than triggerMinMagnitude: no automatic simulation
2026/08/19 10:16:24.702556 [Incident:Info:toast@toast-new:Origin updated] Origin updated: OT: 2026-08-19 03:13:29,  Lat/Lon: -8.26602°/121.543°, Depth: 10
2026/08/19 10:16:24.702725 [Incident:Info:toast@toast-new:Magnitude updated] Magnitude updated: 5.09 (M)
2026/08/19 10:16:24.702763 [Simulation:Info:toast@toast-new:Simulation not generated] Magnitude 5.09 of event bmg2026qemc is smaller than triggerMinMagnitude: no automatic simulation
2026/08/19 10:16:29.802057 [Incident:Info:toast@toast-new:Origin updated] Origin updated: OT: 2026-08-19 03:13:29,  Lat/Lon: -8.26602°/121.543°, Depth: 10
2026/08/19 10:16:29.802301 [Incident:Info:toast@toast-new:Magnitude updated] Magnitude updated: 5.09 (M)
2026/08/19 10:16:29.802367 [Simulation:Info:toast@toast-new:Simulation not generated] Magnitude 5.09 of event bmg2026qemc is smaller than triggerMinMagnitude: no automatic simulation
2026/08/19 10:16:34.809454 [Incident:Info:toast@toast-new:Origin updated] Origin updated: OT: 2026-08-19 03:13:29,  Lat/Lon: -8.26602°/121.543°, Depth: 10
2026/08/19 10:16:34.809614 [Incident:Info:toast@toast-new:Magnitude updated] Magnitude updated: 5.11 (M)
2026/08/19 10:16:34.809648 [Simulation:Info:toast@toast-new:Simulation not generated] Magnitude 5.11 of event bmg2026qemc is smaller than triggerMinMagnitude: no automatic simulation
2026/08/19 10:16:39.768410 [Incident:Info:toast@toast-new:Origin updated] Origin updated: OT: 2026-08-19 03:13:29,  Lat/Lon: -8.26602°/121.543°, Depth: 10
2026/08/19 10:16:39.768584 [Incident:Info:toast@toast-new:Magnitude updated] Magnitude updated: 5.11 (M)
2026/08/19 10:16:39.768623 [Simulation:Info:toast@toast-new:Simulation not generated] Magnitude 5.11 of event bmg2026qemc is smaller than triggerMinMagnitude: no automatic simulation
2026/08/19 10:16:44.745431 [Incident:Info:toast@toast-new:Origin updated] Origin updated: OT: 2026-08-19 03:13:29,  Lat/Lon: -8.26602°/121.543°, Depth: 10
2026/08/19 10:16:44.745600 [Incident:Info:toast@toast-new:Magnitude updated] Magnitude updated: 5.13 (M)
2026/08/19 10:16:44.745636 [Simulation:Info:toast@toast-new:Simulation not generated] Magnitude 5.13 of event bmg2026qemc is smaller than triggerMinMagnitude: no automatic simulation
2026/08/19 10:16:49.821883 [Incident:Info:toast@toast-new:Origin updated] Origin updated: OT: 2026-08-19 03:13:29,  Lat/Lon: -8.26602°/121.543°, Depth: 10
2026/08/19 10:16:49.822044 [Incident:Info:toast@toast-new:Magnitude updated] Magnitude updated: 5.13 (M)
2026/08/19 10:16:49.822074 [Simulation:Info:toast@toast-new:Simulation not generated] Magnitude 5.13 of event bmg2026qemc is smaller than triggerMinMagnitude: no automatic simulation
2026/08/19 10:16:54.619004 [Incident:Info:toast@toast-new:Origin updated] Origin updated: OT: 2026-08-19 03:13:29,  Lat/Lon: -8.26602°/121.543°, Depth: 10
2026/08/19 10:16:54.619128 [Incident:Info:toast@toast-new:Magnitude updated] Magnitude updated: 5.14 (M)
2026/08/19 10:16:54.619161 [Simulation:Info:toast@toast-new:Simulation not generated] Magnitude 5.14 of event bmg2026qemc is smaller than triggerMinMagnitude: no automatic simulation
2026/08/19 10:17:04.868414 [Incident:Info:toast@toast-new:Origin updated] Origin updated: OT: 2026-08-19 03:13:29,  Lat/Lon: -8.26602°/121.543°, Depth: 10
2026/08/19 10:17:04.868584 [Incident:Info:toast@toast-new:Magnitude updated] Magnitude updated: 5.14 (M)
2026/08/19 10:17:04.868622 [Simulation:Info:toast@toast-new:Simulation not generated] Magnitude 5.14 of event bmg2026qemc is smaller than triggerMinMagnitude: no automatic simulation
2026/08/19 10:17:09.754284 [Incident:Info:toast@toast-new:Origin updated] Origin updated: OT: 2026-08-19 03:13:29,  Lat/Lon: -8.26602°/121.543°, Depth: 10
2026/08/19 10:17:09.754435 [Incident:Info:toast@toast-new:Magnitude updated] Magnitude updated: 5.14 (M)
2026/08/19 10:17:09.754468 [Simulation:Info:toast@toast-new:Simulation not generated] Magnitude 5.14 of event bmg2026qemc is smaller than triggerMinMagnitude: no automatic simulation
2026/08/19 10:17:19.744349 [Incident:Info:toast@toast-new:Origin updated] Origin updated: OT: 2026-08-19 03:13:29,  Lat/Lon: -8.26602°/121.543°, Depth: 10
2026/08/19 10:17:19.744604 [Incident:Info:toast@toast-new:Magnitude updated] Magnitude updated: 5.14 (M)
2026/08/19 10:17:19.744670 [Simulation:Info:toast@toast-new:Simulation not generated] Magnitude 5.14 of event bmg2026qemc is smaller than triggerMinMagnitude: no automatic simulation
2026/08/19 10:17:24.415446 [Incident:Info:toast@toast-new:Origin updated] Origin updated: OT: 2026-08-19 03:13:29,  Lat/Lon: -8.26602°/121.543°, Depth: 10
2026/08/19 10:17:24.415595 [Incident:Info:toast@toast-new:Magnitude updated] Magnitude updated: 5.14 (M)
2026/08/19 10:17:24.415627 [Simulation:Info:toast@toast-new:Simulation not generated] Magnitude 5.14 of event bmg2026qemc is smaller than triggerMinMagnitude: no automatic simulation
2026/08/19 10:17:24.685631 [Incident:Info:toast@toast-new:Origin updated] Origin updated: OT: 2026-08-19 03:13:29,  Lat/Lon: -8.26602°/121.543°, Depth: 10
2026/08/19 10:17:24.685798 [Incident:Info:toast@toast-new:Magnitude updated] Magnitude updated: 5.14 (M)
2026/08/19 10:17:24.685830 [Simulation:Info:toast@toast-new:Simulation not generated] Magnitude 5.14 of event bmg2026qemc is smaller than triggerMinMagnitude: no automatic simulation
2026/08/19 10:17:29.753534 [Incident:Info:toast@toast-new:Origin updated] Origin updated: OT: 2026-08-19 03:13:29,  Lat/Lon: -8.26602°/121.543°, Depth: 10
2026/08/19 10:17:29.753734 [Incident:Info:toast@toast-new:Magnitude updated] Magnitude updated: 5.14 (M)
2026/08/19 10:17:29.753788 [Simulation:Info:toast@toast-new:Simulation not generated] Magnitude 5.14 of event bmg2026qemc is smaller than triggerMinMagnitude: no automatic simulation
2026/08/19 10:18:26.818634 [Incident:Info:toast@toast-new:Origin updated] Origin updated: OT: 2026-08-19 03:13:29,  Lat/Lon: -8.29696°/121.565°, Depth: 10
2026/08/19 10:18:26.818852 [Incident:Info:toast@toast-new:Magnitude updated] Magnitude updated: 5.17 (MLv)
2026/08/19 10:18:26.818935 [Simulation:Info:toast@toast-new:Simulation not generated] Magnitude 5.17 of event bmg2026qemc is smaller than triggerMinMagnitude: no automatic simulation
2026/08/19 10:18:26.907145 [Incident:Info:toast@toast-new:Origin updated] Origin updated: OT: 2026-08-19 03:13:29,  Lat/Lon: -8.29696°/121.565°, Depth: 10
2026/08/19 10:18:26.907254 [Incident:Info:toast@toast-new:Magnitude updated] Magnitude updated: 5.11 (M)
2026/08/19 10:18:26.907289 [Simulation:Info:toast@toast-new:Simulation not generated] Magnitude 5.11 of event bmg2026qemc is smaller than triggerMinMagnitude: no automatic simulation
2026/08/19 10:18:49.621708 [Incident:Info:toast@toast-new:Origin updated] Origin updated: OT: 2026-08-19 03:13:29,  Lat/Lon: -8.29696°/121.565°, Depth: 10
2026/08/19 10:18:49.621873 [Incident:Info:toast@toast-new:Magnitude updated] Magnitude updated: 5.12 (M)
2026/08/19 10:18:49.621905 [Simulation:Info:toast@toast-new:Simulation not generated] Magnitude 5.12 of event bmg2026qemc is smaller than triggerMinMagnitude: no automatic simulation
2026/08/19 10:19:52.949718 [Incident:Info:toast@toast-new:Origin updated] Origin updated: OT: 2026-08-19 03:13:29,  Lat/Lon: -8.29696°/121.565°, Depth: 10
2026/08/19 10:19:52.949888 [Incident:Info:toast@toast-new:FM updated] FM updated
2026/08/19 10:19:52.950151 [Simulation:Info:toast@toast-new:Simulation not generated] Magnitude 5.12 of event bmg2026qemc is smaller than triggerMinMagnitude: no automatic simulation
2026/08/19 10:20:15.762852 [Incident:Info:toast@toast-new:Origin updated] Origin updated: OT: 2026-08-19 03:13:29,  Lat/Lon: -8.29696°/121.565°, Depth: 10
2026/08/19 10:20:15.763001 [Incident:Info:toast@toast-new:Magnitude updated] Magnitude updated: 5.09 (Mw)
2026/08/19 10:20:15.763039 [Simulation:Info:toast@toast-new:Simulation not generated] Magnitude 5.09 of event bmg2026qemc is smaller than triggerMinMagnitude: no automatic simulation
2026/08/19 10:20:52.969545 [Incident:Info:toast@toast-new:Origin updated] Origin updated: OT: 2026-08-19 03:13:29,  Lat/Lon: -8.29696°/121.565°, Depth: 10
2026/08/19 10:20:52.969697 [Incident:Info:toast@toast-new:Magnitude updated] Magnitude updated: 5.10 (Mw)
2026/08/19 10:20:52.969729 [Incident:Info:toast@toast-new:FM updated] FM updated
2026/08/19 10:20:52.969986 [Simulation:Info:toast@toast-new:Simulation not generated] Magnitude 5.10 of event bmg2026qemc is smaller than triggerMinMagnitude: no automatic simulation
2026/08/19 15:19:47.780739 [Incident:Info:toast@toast-new:Origin updated] Origin updated: OT: 2026-08-19 03:13:28,  Lat/Lon: -8.31078°/121.571°, Depth: 10.8796
2026/08/19 15:19:47.780841 [Simulation:Info:toast@toast-new:Simulation not generated] Magnitude 5.10 of event bmg2026qemc is smaller than triggerMinMagnitude: no automatic simulation
