2026/08/18 13:03:50.485129 [Incident:Info:toast@toast-new:Displacement(s) updated] Added 0 and changed 0 displacements with 0 amplitudes
2026/08/18 13:03:50.485933 [Incident:Info:toast@toast-new:Incident created] Incident created based on event received from messaging: OT: 2026-08-18 06:02:24,  Lat/Lon: -0.65°/98.32°, Depth: 30.07, Mag: 5.88 (M)
2026/08/18 13:03:50.486540 [Simulation:Info:toast@toast-new:Simulation not generated] Magnitude 5.88 of event bmg2026qcwe is smaller than triggerMinMagnitude: no automatic simulation
2026/08/18 13:03:50.508190 [Incident:Info:toast@toast-new:Origin updated] Origin updated: OT: 2026-08-18 06:02:24,  Lat/Lon: -0.650926°/98.3198°, Depth: 30.0731
2026/08/18 13:03:50.508381 [Simulation:Info:toast@toast-new:Simulation not generated] Magnitude 5.88 of event bmg2026qcwe is smaller than triggerMinMagnitude: no automatic simulation
2026/08/18 13:03:54.683678 [Incident:Info:toast@toast-new:Origin updated] Origin updated: OT: 2026-08-18 06:02:24,  Lat/Lon: -0.650926°/98.3198°, Depth: 30.0731
2026/08/18 13:03:54.683809 [Incident:Info:toast@toast-new:Magnitude updated] Magnitude updated: 5.93 (M)
2026/08/18 13:03:54.683840 [Simulation:Info:toast@toast-new:Simulation not generated] Magnitude 5.93 of event bmg2026qcwe is smaller than triggerMinMagnitude: no automatic simulation
2026/08/18 13:03:59.669715 [Incident:Info:toast@toast-new:Origin updated] Origin updated: OT: 2026-08-18 06:02:24,  Lat/Lon: -0.650926°/98.3198°, Depth: 30.0731
2026/08/18 13:03:59.669890 [Incident:Info:toast@toast-new:Magnitude updated] Magnitude updated: 5.97 (M)
2026/08/18 13:03:59.669952 [Simulation:Info:toast@toast-new:Simulation not generated] Magnitude 5.97 of event bmg2026qcwe is smaller than triggerMinMagnitude: no automatic simulation
2026/08/18 13:04:02.364981 [Incident:Info:toast@toast-new:Origin updated] Origin updated: OT: 2026-08-18 06:02:24,  Lat/Lon: -0.648809°/98.3286°, Depth: 29.5877
2026/08/18 13:04:02.365131 [Incident:Info:toast@toast-new:Magnitude updated] Magnitude updated: 5.96 (M)
2026/08/18 13:04:02.365159 [Simulation:Info:toast@toast-new:Simulation not generated] Magnitude 5.96 of event bmg2026qcwe is smaller than triggerMinMagnitude: no automatic simulation
2026/08/18 13:04:04.640710 [Incident:Info:toast@toast-new:Origin updated] Origin updated: OT: 2026-08-18 06:02:24,  Lat/Lon: -0.648809°/98.3286°, Depth: 29.5877
2026/08/18 13:04:04.642491 [Incident:Info:toast@toast-new:Magnitude updated] Magnitude updated: 5.97 (M)
2026/08/18 13:04:04.642536 [Simulation:Info:toast@toast-new:Simulation not generated] Magnitude 5.97 of event bmg2026qcwe is smaller than triggerMinMagnitude: no automatic simulation
2026/08/18 13:04:09.702370 [Incident:Info:toast@toast-new:Origin updated] Origin updated: OT: 2026-08-18 06:02:24,  Lat/Lon: -0.648809°/98.3286°, Depth: 29.5877
2026/08/18 13:04:09.702509 [Incident:Info:toast@toast-new:Magnitude updated] Magnitude updated: 5.99 (M)
2026/08/18 13:04:09.702540 [Simulation:Info:toast@toast-new:Simulation not generated] Magnitude 5.99 of event bmg2026qcwe is smaller than triggerMinMagnitude: no automatic simulation
2026/08/18 13:04:14.630002 [Incident:Info:toast@toast-new:Origin updated] Origin updated: OT: 2026-08-18 06:02:24,  Lat/Lon: -0.648809°/98.3286°, Depth: 29.5877
2026/08/18 13:04:14.630174 [Incident:Info:toast@toast-new:Magnitude updated] Magnitude updated: 6.02 (M)
2026/08/18 13:04:14.630216 [Simulation:Info:toast@toast-new:Simulation not generated] Magnitude 6.02 of event bmg2026qcwe is smaller than triggerMinMagnitude: no automatic simulation
2026/08/18 13:04:19.079237 [Incident:Info:toast@toast-new:Origin updated] Origin updated: OT: 2026-08-18 06:02:24,  Lat/Lon: -0.648809°/98.3286°, Depth: 29.5877
2026/08/18 13:04:19.079381 [Incident:Info:toast@toast-new:Magnitude updated] Magnitude updated: 6.02 (M)
2026/08/18 13:04:19.079410 [Simulation:Info:toast@toast-new:Simulation not generated] Magnitude 6.02 of event bmg2026qcwe is smaller than triggerMinMagnitude: no automatic simulation
2026/08/18 13:04:19.103678 [Incident:Info:toast@toast-new:Origin updated] Origin updated: OT: 2026-08-18 06:02:24,  Lat/Lon: -0.649495°/98.3213°, Depth: 29.3171
2026/08/18 13:04:19.103848 [Incident:Info:toast@toast-new:Magnitude updated] Magnitude updated: 6.30 (M)
2026/08/18 13:04:19.103880 [Simulation:Info:toast@toast-new:Simulation not generated] Magnitude 6.30 of event bmg2026qcwe is smaller than triggerMinMagnitude: no automatic simulation
2026/08/18 13:04:19.612400 [Incident:Info:toast@toast-new:Origin updated] Origin updated: OT: 2026-08-18 06:02:24,  Lat/Lon: -0.649495°/98.3213°, Depth: 29.3171
2026/08/18 13:04:19.612569 [Incident:Info:toast@toast-new:Magnitude updated] Magnitude updated: 6.30 (M)
2026/08/18 13:04:19.612615 [Simulation:Info:toast@toast-new:Simulation not generated] Magnitude 6.30 of event bmg2026qcwe is smaller than triggerMinMagnitude: no automatic simulation
2026/08/18 13:04:24.675448 [Incident:Info:toast@toast-new:Origin updated] Origin updated: OT: 2026-08-18 06:02:24,  Lat/Lon: -0.649495°/98.3213°, Depth: 29.3171
2026/08/18 13:04:24.675580 [Incident:Info:toast@toast-new:Magnitude updated] Magnitude updated: 6.31 (M)
2026/08/18 13:04:24.675608 [Simulation:Info:toast@toast-new:Simulation not generated] Magnitude 6.31 of event bmg2026qcwe is smaller than triggerMinMagnitude: no automatic simulation
2026/08/18 13:04:29.655880 [Incident:Info:toast@toast-new:Origin updated] Origin updated: OT: 2026-08-18 06:02:24,  Lat/Lon: -0.649495°/98.3213°, Depth: 29.3171
2026/08/18 13:04:29.656031 [Incident:Info:toast@toast-new:Magnitude updated] Magnitude updated: 6.32 (M)
2026/08/18 13:04:29.656061 [Simulation:Info:toast@toast-new:Simulation not generated] Magnitude 6.32 of event bmg2026qcwe is smaller than triggerMinMagnitude: no automatic simulation
2026/08/18 13:04:34.652217 [Incident:Info:toast@toast-new:Origin updated] Origin updated: OT: 2026-08-18 06:02:24,  Lat/Lon: -0.649495°/98.3213°, Depth: 29.3171
2026/08/18 13:04:34.652367 [Incident:Info:toast@toast-new:Magnitude updated] Magnitude updated: 6.34 (M)
2026/08/18 13:04:34.652397 [Simulation:Info:toast@toast-new:Simulation not generated] Magnitude 6.34 of event bmg2026qcwe is smaller than triggerMinMagnitude: no automatic simulation
2026/08/18 13:04:39.018573 [Incident:Info:toast@toast-new:Origin updated] Origin updated: OT: 2026-08-18 06:02:23,  Lat/Lon: -0.666609°/98.3003°, Depth: 29.9963
2026/08/18 13:04:39.018791 [Incident:Info:toast@toast-new:Magnitude updated] Magnitude updated: 6.08 (M)
2026/08/18 13:04:39.018857 [Simulation:Info:toast@toast-new:Simulation not generated] Magnitude 6.08 of event bmg2026qcwe is smaller than triggerMinMagnitude: no automatic simulation
2026/08/18 13:04:39.736545 [Incident:Info:toast@toast-new:Origin updated] Origin updated: OT: 2026-08-18 06:02:23,  Lat/Lon: -0.666609°/98.3003°, Depth: 29.9963
2026/08/18 13:04:39.736715 [Incident:Info:toast@toast-new:Magnitude updated] Magnitude updated: 6.08 (M)
2026/08/18 13:04:39.736760 [Simulation:Info:toast@toast-new:Simulation not generated] Magnitude 6.08 of event bmg2026qcwe is smaller than triggerMinMagnitude: no automatic simulation
2026/08/18 13:04:42.456052 [Incident:Info:toast@toast-new:Origin updated] Origin updated: OT: 2026-08-18 06:02:23,  Lat/Lon: -0.647063°/98.3241°, Depth: 29.2072
2026/08/18 13:04:42.456264 [Incident:Info:toast@toast-new:Magnitude updated] Magnitude updated: 6.15 (MLv)
2026/08/18 13:04:42.456311 [Simulation:Info:toast@toast-new:Simulation not generated] Magnitude 6.15 of event bmg2026qcwe is smaller than triggerMinMagnitude: no automatic simulation
2026/08/18 13:04:42.532684 [Incident:Info:toast@toast-new:Origin updated] Origin updated: OT: 2026-08-18 06:02:23,  Lat/Lon: -0.647063°/98.3241°, Depth: 29.2072
2026/08/18 13:04:42.532811 [Incident:Info:toast@toast-new:Magnitude updated] Magnitude updated: 6.11 (M)
2026/08/18 13:04:42.532835 [Simulation:Info:toast@toast-new:Simulation not generated] Magnitude 6.11 of event bmg2026qcwe is smaller than triggerMinMagnitude: no automatic simulation
2026/08/18 13:04:49.785432 [Incident:Info:toast@toast-new:Origin updated] Origin updated: OT: 2026-08-18 06:02:23,  Lat/Lon: -0.647063°/98.3241°, Depth: 29.2072
2026/08/18 13:04:49.785606 [Incident:Info:toast@toast-new:Magnitude updated] Magnitude updated: 6.11 (M)
2026/08/18 13:04:49.785641 [Simulation:Info:toast@toast-new:Simulation not generated] Magnitude 6.11 of event bmg2026qcwe is smaller than triggerMinMagnitude: no automatic simulation
2026/08/18 13:04:54.788923 [Incident:Info:toast@toast-new:Origin updated] Origin updated: OT: 2026-08-18 06:02:23,  Lat/Lon: -0.647063°/98.3241°, Depth: 29.2072
2026/08/18 13:04:54.789096 [Incident:Info:toast@toast-new:Magnitude updated] Magnitude updated: 6.12 (M)
2026/08/18 13:04:54.789132 [Simulation:Info:toast@toast-new:Simulation not generated] Magnitude 6.12 of event bmg2026qcwe is smaller than triggerMinMagnitude: no automatic simulation
2026/08/18 13:04:59.761803 [Incident:Info:toast@toast-new:Origin updated] Origin updated: OT: 2026-08-18 06:02:23,  Lat/Lon: -0.647063°/98.3241°, Depth: 29.2072
2026/08/18 13:04:59.761977 [Incident:Info:toast@toast-new:Magnitude updated] Magnitude updated: 6.12 (M)
2026/08/18 13:04:59.762016 [Simulation:Info:toast@toast-new:Simulation not generated] Magnitude 6.12 of event bmg2026qcwe is smaller than triggerMinMagnitude: no automatic simulation
2026/08/18 13:05:04.851189 [Incident:Info:toast@toast-new:Origin updated] Origin updated: OT: 2026-08-18 06:02:23,  Lat/Lon: -0.647063°/98.3241°, Depth: 29.2072
2026/08/18 13:05:04.851355 [Incident:Info:toast@toast-new:Magnitude updated] Magnitude updated: 6.11 (M)
2026/08/18 13:05:04.851398 [Simulation:Info:toast@toast-new:Simulation not generated] Magnitude 6.11 of event bmg2026qcwe is smaller than triggerMinMagnitude: no automatic simulation
2026/08/18 13:05:09.600542 [Incident:Info:toast@toast-new:Origin updated] Origin updated: OT: 2026-08-18 06:02:23,  Lat/Lon: -0.647063°/98.3241°, Depth: 29.2072
2026/08/18 13:05:09.600811 [Incident:Info:toast@toast-new:Magnitude updated] Magnitude updated: 6.11 (M)
2026/08/18 13:05:09.600843 [Simulation:Info:toast@toast-new:Simulation not generated] Magnitude 6.11 of event bmg2026qcwe is smaller than triggerMinMagnitude: no automatic simulation
2026/08/18 13:05:14.885762 [Incident:Info:toast@toast-new:Origin updated] Origin updated: OT: 2026-08-18 06:02:23,  Lat/Lon: -0.647063°/98.3241°, Depth: 29.2072
2026/08/18 13:05:14.885905 [Incident:Info:toast@toast-new:Magnitude updated] Magnitude updated: 6.11 (M)
2026/08/18 13:05:14.885934 [Simulation:Info:toast@toast-new:Simulation not generated] Magnitude 6.11 of event bmg2026qcwe is smaller than triggerMinMagnitude: no automatic simulation
2026/08/18 13:05:17.119508 [Incident:Info:toast@toast-new:Origin updated] Origin updated: OT: 2026-08-18 06:02:23,  Lat/Lon: -0.647063°/98.3241°, Depth: 29.2072
2026/08/18 13:05:17.119664 [Incident:Info:toast@toast-new:FM updated] FM updated
2026/08/18 13:05:17.119915 [Simulation:Info:toast@toast-new:Simulation not generated] Magnitude 6.11 of event bmg2026qcwe is smaller than triggerMinMagnitude: no automatic simulation
2026/08/18 13:05:24.893129 [Incident:Info:toast@toast-new:Origin updated] Origin updated: OT: 2026-08-18 06:02:23,  Lat/Lon: -0.647063°/98.3241°, Depth: 29.2072
2026/08/18 13:05:24.893275 [Incident:Info:toast@toast-new:Magnitude updated] Magnitude updated: 6.05 (M)
2026/08/18 13:05:24.893326 [Simulation:Info:toast@toast-new:Simulation not generated] Magnitude 6.05 of event bmg2026qcwe is smaller than triggerMinMagnitude: no automatic simulation
2026/08/18 13:05:45.948709 [Incident:Info:toast@toast-new:Origin updated] Origin updated: OT: 2026-08-18 06:02:23,  Lat/Lon: -0.647063°/98.3241°, Depth: 29.2072
2026/08/18 13:05:45.948851 [Incident:Info:toast@toast-new:FM updated] FM updated
2026/08/18 13:05:45.949088 [Simulation:Info:toast@toast-new:Simulation not generated] Magnitude 6.05 of event bmg2026qcwe is smaller than triggerMinMagnitude: no automatic simulation
2026/08/18 13:05:55.761585 [Incident:Info:toast@toast-new:Origin updated] Origin updated: OT: 2026-08-18 06:02:23,  Lat/Lon: -0.647063°/98.3241°, Depth: 29.2072
2026/08/18 13:05:55.761756 [Incident:Info:toast@toast-new:FM updated] FM updated
2026/08/18 13:05:55.762063 [Simulation:Info:toast@toast-new:Simulation not generated] Magnitude 6.05 of event bmg2026qcwe is smaller than triggerMinMagnitude: no automatic simulation
2026/08/18 13:05:58.961673 [Incident:Info:toast@toast-new:Origin updated] Origin updated: OT: 2026-08-18 06:02:23,  Lat/Lon: -0.670488°/98.292°, Depth: 29.1714
2026/08/18 13:05:58.961791 [Incident:Info:toast@toast-new:Magnitude updated] Magnitude updated: 6.23 (Mw(mB))
2026/08/18 13:05:58.961829 [Simulation:Info:toast@toast-new:Simulation not generated] Magnitude 6.23 of event bmg2026qcwe is smaller than triggerMinMagnitude: no automatic simulation
2026/08/18 13:06:06.497102 [Incident:Info:toast@toast-new:Origin updated] Origin updated: OT: 2026-08-18 06:02:23,  Lat/Lon: -0.670488°/98.292°, Depth: 29.1714
2026/08/18 13:06:06.497278 [Incident:Info:toast@toast-new:FM updated] FM updated
2026/08/18 13:06:06.497604 [Simulation:Info:toast@toast-new:Simulation not generated] Magnitude 6.23 of event bmg2026qcwe is smaller than triggerMinMagnitude: no automatic simulation
2026/08/18 13:06:25.786316 [Incident:Info:toast@toast-new:Origin updated] Origin updated: OT: 2026-08-18 06:02:23,  Lat/Lon: -0.670488°/98.292°, Depth: 29.1714
2026/08/18 13:06:25.786524 [Incident:Info:toast@toast-new:FM updated] FM updated
2026/08/18 13:06:25.786908 [Simulation:Info:toast@toast-new:Simulation not generated] Magnitude 6.23 of event bmg2026qcwe is smaller than triggerMinMagnitude: no automatic simulation
2026/08/18 13:06:45.800270 [Incident:Info:toast@toast-new:Origin updated] Origin updated: OT: 2026-08-18 06:02:23,  Lat/Lon: -0.670488°/98.292°, Depth: 29.1714
2026/08/18 13:06:45.800428 [Incident:Info:toast@toast-new:FM updated] FM updated
2026/08/18 13:06:45.800701 [Simulation:Info:toast@toast-new:Simulation not generated] Magnitude 6.23 of event bmg2026qcwe is smaller than triggerMinMagnitude: no automatic simulation
2026/08/18 13:06:55.683902 [Incident:Info:toast@toast-new:Origin updated] Origin updated: OT: 2026-08-18 06:02:23,  Lat/Lon: -0.670488°/98.292°, Depth: 29.1714
2026/08/18 13:06:55.684088 [Incident:Info:toast@toast-new:FM updated] FM updated
2026/08/18 13:06:55.684465 [Simulation:Info:toast@toast-new:Simulation not generated] Magnitude 6.23 of event bmg2026qcwe is smaller than triggerMinMagnitude: no automatic simulation
2026/08/18 13:07:05.787937 [Incident:Info:toast@toast-new:Origin updated] Origin updated: OT: 2026-08-18 06:02:23,  Lat/Lon: -0.670488°/98.292°, Depth: 29.1714
2026/08/18 13:07:05.788106 [Incident:Info:toast@toast-new:FM updated] FM updated
2026/08/18 13:07:05.788466 [Simulation:Info:toast@toast-new:Simulation not generated] Magnitude 6.23 of event bmg2026qcwe is smaller than triggerMinMagnitude: no automatic simulation
2026/08/18 13:07:15.696667 [Incident:Info:toast@toast-new:Origin updated] Origin updated: OT: 2026-08-18 06:02:23,  Lat/Lon: -0.670488°/98.292°, Depth: 29.1714
2026/08/18 13:07:15.696854 [Simulation:Info:toast@toast-new:Simulation not generated] Magnitude 6.23 of event bmg2026qcwe is smaller than triggerMinMagnitude: no automatic simulation
2026/08/18 13:07:23.469087 [Incident:Info:toast@toast-new:Origin updated] Origin updated: OT: 2026-08-18 06:02:23,  Lat/Lon: -0.672023°/98.292°, Depth: 29.0417
2026/08/18 13:07:23.469268 [Incident:Info:toast@toast-new:Magnitude updated] Magnitude updated: 6.23 (Mw(mB))
2026/08/18 13:07:23.469306 [Simulation:Info:toast@toast-new:Simulation not generated] Magnitude 6.23 of event bmg2026qcwe is smaller than triggerMinMagnitude: no automatic simulation
2026/08/18 13:07:26.309044 [Incident:Info:toast@toast-new:Origin updated] Origin updated: OT: 2026-08-18 06:02:23,  Lat/Lon: -0.672023°/98.292°, Depth: 29.0417
2026/08/18 13:07:26.309204 [Incident:Info:toast@toast-new:FM updated] FM updated
2026/08/18 13:07:26.309471 [Simulation:Info:toast@toast-new:Simulation not generated] Magnitude 6.23 of event bmg2026qcwe is smaller than triggerMinMagnitude: no automatic simulation
2026/08/18 13:07:35.815979 [Incident:Info:toast@toast-new:Origin updated] Origin updated: OT: 2026-08-18 06:02:23,  Lat/Lon: -0.672023°/98.292°, Depth: 29.0417
2026/08/18 13:07:35.816131 [Simulation:Info:toast@toast-new:Simulation not generated] Magnitude 6.23 of event bmg2026qcwe is smaller than triggerMinMagnitude: no automatic simulation
2026/08/18 13:07:55.849359 [Incident:Info:toast@toast-new:Origin updated] Origin updated: OT: 2026-08-18 06:02:23,  Lat/Lon: -0.672023°/98.292°, Depth: 29.0417
2026/08/18 13:07:55.849519 [Incident:Info:toast@toast-new:FM updated] FM updated
2026/08/18 13:07:55.849782 [Simulation:Info:toast@toast-new:Simulation not generated] Magnitude 6.23 of event bmg2026qcwe is smaller than triggerMinMagnitude: no automatic simulation
2026/08/18 13:08:06.051595 [Incident:Info:toast@toast-new:Origin updated] Origin updated: OT: 2026-08-18 06:02:23,  Lat/Lon: -0.672023°/98.292°, Depth: 29.0417
2026/08/18 13:08:06.051733 [Incident:Info:toast@toast-new:FM updated] FM updated
2026/08/18 13:08:06.051971 [Simulation:Info:toast@toast-new:Simulation not generated] Magnitude 6.23 of event bmg2026qcwe is smaller than triggerMinMagnitude: no automatic simulation
2026/08/18 13:08:15.752001 [Incident:Info:toast@toast-new:Origin updated] Origin updated: OT: 2026-08-18 06:02:23,  Lat/Lon: -0.672023°/98.292°, Depth: 29.0417
2026/08/18 13:08:15.752168 [Incident:Info:toast@toast-new:FM updated] FM updated
2026/08/18 13:08:15.752529 [Simulation:Info:toast@toast-new:Simulation not generated] Magnitude 6.23 of event bmg2026qcwe is smaller than triggerMinMagnitude: no automatic simulation
2026/08/18 13:08:20.304864 [Incident:Info:toast@toast-new:Origin updated] Origin updated: OT: 2026-08-18 06:02:22,  Lat/Lon: -0.751526°/98.2765°, Depth: 31.1756
2026/08/18 13:08:20.305039 [Incident:Info:toast@toast-new:Magnitude updated] Magnitude updated: 5.77 (Mw(mB))
2026/08/18 13:08:20.305064 [Simulation:Info:toast@toast-new:Simulation not generated] Magnitude 5.77 of event bmg2026qcwe is smaller than triggerMinMagnitude: no automatic simulation
2026/08/18 13:08:24.694229 [Incident:Info:toast@toast-new:Origin updated] Origin updated: OT: 2026-08-18 06:02:22,  Lat/Lon: -0.751526°/98.2765°, Depth: 31.1756
2026/08/18 13:08:24.694401 [Incident:Info:toast@toast-new:Magnitude updated] Magnitude updated: 5.76 (Mw(mB))
2026/08/18 13:08:24.694443 [Simulation:Info:toast@toast-new:Simulation not generated] Magnitude 5.76 of event bmg2026qcwe is smaller than triggerMinMagnitude: no automatic simulation
2026/08/18 13:08:29.778323 [Incident:Info:toast@toast-new:Origin updated] Origin updated: OT: 2026-08-18 06:02:22,  Lat/Lon: -0.751526°/98.2765°, Depth: 31.1756
2026/08/18 13:08:29.778501 [Incident:Info:toast@toast-new:Magnitude updated] Magnitude updated: 5.74 (Mw(mB))
2026/08/18 13:08:29.778560 [Simulation:Info:toast@toast-new:Simulation not generated] Magnitude 5.74 of event bmg2026qcwe is smaller than triggerMinMagnitude: no automatic simulation
2026/08/18 13:08:34.777632 [Incident:Info:toast@toast-new:Origin updated] Origin updated: OT: 2026-08-18 06:02:22,  Lat/Lon: -0.751526°/98.2765°, Depth: 31.1756
2026/08/18 13:08:34.779302 [Incident:Info:toast@toast-new:Magnitude updated] Magnitude updated: 5.75 (Mw(mB))
2026/08/18 13:08:34.779375 [Simulation:Info:toast@toast-new:Simulation not generated] Magnitude 5.75 of event bmg2026qcwe is smaller than triggerMinMagnitude: no automatic simulation
2026/08/18 13:08:35.937877 [Incident:Info:toast@toast-new:Origin updated] Origin updated: OT: 2026-08-18 06:02:22,  Lat/Lon: -0.751526°/98.2765°, Depth: 31.1756
2026/08/18 13:08:35.938028 [Incident:Info:toast@toast-new:FM updated] FM updated
2026/08/18 13:08:35.938277 [Simulation:Info:toast@toast-new:Simulation not generated] Magnitude 5.75 of event bmg2026qcwe is smaller than triggerMinMagnitude: no automatic simulation
2026/08/18 13:08:39.677834 [Incident:Info:toast@toast-new:Origin updated] Origin updated: OT: 2026-08-18 06:02:22,  Lat/Lon: -0.751526°/98.2765°, Depth: 31.1756
2026/08/18 13:08:39.678015 [Incident:Info:toast@toast-new:Magnitude updated] Magnitude updated: 5.75 (Mw(mB))
2026/08/18 13:08:39.678082 [Simulation:Info:toast@toast-new:Simulation not generated] Magnitude 5.75 of event bmg2026qcwe is smaller than triggerMinMagnitude: no automatic simulation
2026/08/18 13:08:46.594533 [Incident:Info:toast@toast-new:Origin updated] Origin updated: OT: 2026-08-18 06:02:22,  Lat/Lon: -0.751526°/98.2765°, Depth: 31.1756
2026/08/18 13:08:46.594711 [Incident:Info:toast@toast-new:FM updated] FM updated
2026/08/18 13:08:46.595023 [Simulation:Info:toast@toast-new:Simulation not generated] Magnitude 5.75 of event bmg2026qcwe is smaller than triggerMinMagnitude: no automatic simulation
2026/08/18 13:08:56.095033 [Incident:Info:toast@toast-new:Origin updated] Origin updated: OT: 2026-08-18 06:02:22,  Lat/Lon: -0.751526°/98.2765°, Depth: 31.1756
2026/08/18 13:08:56.095319 [Incident:Info:toast@toast-new:FM updated] FM updated
2026/08/18 13:08:56.095912 [Simulation:Info:toast@toast-new:Simulation not generated] Magnitude 5.75 of event bmg2026qcwe is smaller than triggerMinMagnitude: no automatic simulation
2026/08/18 13:09:07.885893 [Incident:Info:toast@toast-new:Origin updated] Origin updated: OT: 2026-08-18 06:02:23,  Lat/Lon: -0.759751°/98.2864°, Depth: 34.9176
2026/08/18 13:09:07.886077 [Incident:Info:toast@toast-new:Magnitude updated] Magnitude updated: 5.75 (Mw(mB))
2026/08/18 13:09:07.886114 [Simulation:Info:toast@toast-new:Simulation not generated] Magnitude 5.75 of event bmg2026qcwe is smaller than triggerMinMagnitude: no automatic simulation
2026/08/18 13:09:16.255664 [Incident:Info:toast@toast-new:Origin updated] Origin updated: OT: 2026-08-18 06:02:23,  Lat/Lon: -0.759751°/98.2864°, Depth: 34.9176
2026/08/18 13:09:16.255818 [Incident:Info:toast@toast-new:FM updated] FM updated
2026/08/18 13:09:16.256063 [Simulation:Info:toast@toast-new:Simulation not generated] Magnitude 5.75 of event bmg2026qcwe is smaller than triggerMinMagnitude: no automatic simulation
2026/08/18 13:09:36.125716 [Incident:Info:toast@toast-new:Origin updated] Origin updated: OT: 2026-08-18 06:02:23,  Lat/Lon: -0.759751°/98.2864°, Depth: 34.9176
2026/08/18 13:09:36.125848 [Simulation:Info:toast@toast-new:Simulation not generated] Magnitude 5.75 of event bmg2026qcwe is smaller than triggerMinMagnitude: no automatic simulation
2026/08/18 13:09:54.595752 [Incident:Info:toast@toast-new:Origin updated] Origin updated: OT: 2026-08-18 06:02:23,  Lat/Lon: -0.759751°/98.2864°, Depth: 34.9176
2026/08/18 13:09:54.595891 [Incident:Info:toast@toast-new:FM updated] FM updated
2026/08/18 13:09:54.596121 [Simulation:Info:toast@toast-new:Simulation not generated] Magnitude 5.75 of event bmg2026qcwe is smaller than triggerMinMagnitude: no automatic simulation
2026/08/18 13:10:12.970873 [Incident:Info:toast@toast-new:Origin updated] Origin updated: OT: 2026-08-18 06:02:23,  Lat/Lon: -0.759751°/98.2864°, Depth: 34.9176
2026/08/18 13:10:12.971035 [Simulation:Info:toast@toast-new:Simulation not generated] Magnitude 5.75 of event bmg2026qcwe is smaller than triggerMinMagnitude: no automatic simulation
2026/08/18 13:10:15.417018 [Incident:Info:toast@toast-new:Origin updated] Origin updated: OT: 2026-08-18 06:02:23,  Lat/Lon: -0.759751°/98.2864°, Depth: 34.9176
2026/08/18 13:10:15.417158 [Incident:Info:toast@toast-new:Magnitude updated] Magnitude updated: 5.77 (Mw)
2026/08/18 13:10:15.417210 [Simulation:Info:toast@toast-new:Simulation not generated] Magnitude 5.77 of event bmg2026qcwe is smaller than triggerMinMagnitude: no automatic simulation
2026/08/18 13:31:42.000673 [Incident:Info:toast@toast-new:Origin updated] Origin updated: OT: 2026-08-18 06:02:23,  Lat/Lon: -0.759751°/98.2864°, Depth: 34.9176
2026/08/18 13:31:42.000837 [Simulation:Info:toast@toast-new:Simulation not generated] Magnitude 5.77 of event bmg2026qcwe is smaller than triggerMinMagnitude: no automatic simulation
2026/08/18 13:31:49.307302 [Incident:Info:toast@toast-new:Origin updated] Origin updated: OT: 2026-08-18 06:02:23,  Lat/Lon: -0.759751°/98.2864°, Depth: 34.9176
2026/08/18 13:31:49.307442 [Incident:Info:toast@toast-new:Magnitude updated] Magnitude updated: 5.73 (Mw)
2026/08/18 13:31:49.307499 [Incident:Info:toast@toast-new:FM updated] FM updated
2026/08/18 13:31:49.307726 [Simulation:Info:toast@toast-new:Simulation not generated] Magnitude 5.73 of event bmg2026qcwe is smaller than triggerMinMagnitude: no automatic simulation
2026/08/18 13:41:26.023445 [Incident:Info:toast@toast-new:Origin updated] Origin updated: OT: 2026-08-18 06:02:23,  Lat/Lon: -0.759751°/98.2864°, Depth: 34.9176
2026/08/18 13:41:26.023618 [Incident:Info:toast@toast-new:Magnitude updated] Magnitude updated: 5.70 (Mw)
2026/08/18 13:41:26.023653 [Incident:Info:toast@toast-new:FM updated] FM updated
2026/08/18 13:41:26.023906 [Simulation:Info:toast@toast-new:Simulation not generated] Magnitude 5.70 of event bmg2026qcwe is smaller than triggerMinMagnitude: no automatic simulation
2026/08/18 13:42:27.622039 [Incident:Info:toast@toast-new:Origin updated] Origin updated: OT: 2026-08-18 06:02:23,  Lat/Lon: -0.759751°/98.2864°, Depth: 34.9176
2026/08/18 13:42:27.622197 [Incident:Info:toast@toast-new:Magnitude updated] Magnitude updated: 5.77 (Mw)
2026/08/18 13:42:27.622251 [Incident:Info:toast@toast-new:FM updated] FM updated
2026/08/18 13:42:27.622490 [Simulation:Info:toast@toast-new:Simulation not generated] Magnitude 5.77 of event bmg2026qcwe is smaller than triggerMinMagnitude: no automatic simulation
2026/08/18 13:42:50.268727 [Incident:Info:toast@toast-new:Origin updated] Origin updated: OT: 2026-08-18 06:02:23,  Lat/Lon: -0.759751°/98.2864°, Depth: 34.9176
2026/08/18 13:42:50.268910 [Incident:Info:toast@toast-new:Magnitude updated] Magnitude updated: 5.70 (Mw)
2026/08/18 13:42:50.268965 [Incident:Info:toast@toast-new:FM updated] FM updated
2026/08/18 13:42:50.269231 [Simulation:Info:toast@toast-new:Simulation not generated] Magnitude 5.70 of event bmg2026qcwe is smaller than triggerMinMagnitude: no automatic simulation
2026/08/18 13:43:01.897180 [Incident:Info:toast@toast-new:Origin updated] Origin updated: OT: 2026-08-18 06:02:23,  Lat/Lon: -0.759751°/98.2864°, Depth: 34.9176
2026/08/18 13:43:01.897359 [Incident:Info:toast@toast-new:Magnitude updated] Magnitude updated: 5.78 (Mwp)
2026/08/18 13:43:01.897432 [Simulation:Info:toast@toast-new:Simulation not generated] Magnitude 5.78 of event bmg2026qcwe is smaller than triggerMinMagnitude: no automatic simulation
2026/08/18 13:44:24.479332 [Incident:Info:toast@toast-new:Origin updated] Origin updated: OT: 2026-08-18 06:02:23,  Lat/Lon: -0.759751°/98.2864°, Depth: 34.9176
2026/08/18 13:44:24.479500 [Incident:Info:toast@toast-new:Magnitude updated] Magnitude updated: 5.70 (Mw)
2026/08/18 13:44:24.479560 [Simulation:Info:toast@toast-new:Simulation not generated] Magnitude 5.70 of event bmg2026qcwe is smaller than triggerMinMagnitude: no automatic simulation
2026/08/18 13:44:33.511027 [Incident:Info:toast@toast-new:Origin updated] Origin updated: OT: 2026-08-18 06:02:23,  Lat/Lon: -0.759751°/98.2864°, Depth: 34.9176
2026/08/18 13:44:33.511216 [Incident:Info:toast@toast-new:Magnitude updated] Magnitude updated: 5.75 (Mw(mB))
2026/08/18 13:44:33.511260 [Simulation:Info:toast@toast-new:Simulation not generated] Magnitude 5.75 of event bmg2026qcwe is smaller than triggerMinMagnitude: no automatic simulation
2026/08/18 13:44:41.594274 [Incident:Info:toast@toast-new:Origin updated] Origin updated: OT: 2026-08-18 06:02:23,  Lat/Lon: -0.759751°/98.2864°, Depth: 34.9176
2026/08/18 13:44:41.594459 [Incident:Info:toast@toast-new:Magnitude updated] Magnitude updated: 5.78 (Mwp)
2026/08/18 13:44:41.594533 [Simulation:Info:toast@toast-new:Simulation not generated] Magnitude 5.78 of event bmg2026qcwe is smaller than triggerMinMagnitude: no automatic simulation
2026/08/18 18:24:36.834325 [Incident:Info:toast@toast-new:Origin updated] Origin updated: OT: 2026-08-18 06:02:22,  Lat/Lon: -0.75574°/98.2516°, Depth: 34.8308
2026/08/18 18:24:36.834472 [Incident:Info:toast@toast-new:Magnitude updated] Magnitude updated: 5.78 (Mwp)
2026/08/18 18:24:36.834498 [Simulation:Info:toast@toast-new:Simulation not generated] Magnitude 5.78 of event bmg2026qcwe is smaller than triggerMinMagnitude: no automatic simulation
2026/08/18 18:24:47.020121 [Incident:Info:toast@toast-new:Origin updated] Origin updated: OT: 2026-08-18 06:02:22,  Lat/Lon: -0.75574°/98.2516°, Depth: 34.8308
2026/08/18 18:24:47.020244 [Incident:Info:toast@toast-new:Magnitude updated] Magnitude updated: 5.70 (Mw)
2026/08/18 18:24:47.020293 [Simulation:Info:toast@toast-new:Simulation not generated] Magnitude 5.70 of event bmg2026qcwe is smaller than triggerMinMagnitude: no automatic simulation
