2026/08/26 21:16:59.679695 [Incident:Info:toast@toast-new:Displacement(s) updated] Added 0 and changed 0 displacements with 0 amplitudes
2026/08/26 21:16:59.680310 [Incident:Info:toast@toast-new:Incident created] Incident created based on event received from messaging: OT: 2026-08-26 14:15:32,  Lat/Lon: -8.30°/121.49°, Depth: 10.00, Mag: 5.13 (M)
2026/08/26 21:16:59.680982 [Simulation:Info:toast@toast-new:Simulation not generated] Magnitude 5.13 of event bmg2026qscl is smaller than triggerMinMagnitude: no automatic simulation
2026/08/26 21:16:59.874084 [Incident:Info:toast@toast-new:Origin updated] Origin updated: OT: 2026-08-26 14:15:32,  Lat/Lon: -8.30005°/121.493°, Depth: 10
2026/08/26 21:16:59.874162 [Simulation:Info:toast@toast-new:Simulation not generated] Magnitude 5.13 of event bmg2026qscl is smaller than triggerMinMagnitude: no automatic simulation
2026/08/26 21:17:08.210146 [Incident:Info:toast@toast-new:Origin updated] Origin updated: OT: 2026-08-26 14:15:32,  Lat/Lon: -8.30005°/121.493°, Depth: 10
2026/08/26 21:17:08.210331 [Incident:Info:toast@toast-new:Magnitude updated] Magnitude updated: 5.15 (M)
2026/08/26 21:17:08.210379 [Simulation:Info:toast@toast-new:Simulation not generated] Magnitude 5.15 of event bmg2026qscl is smaller than triggerMinMagnitude: no automatic simulation
2026/08/26 21:17:08.234061 [Incident:Info:toast@toast-new:Origin updated] Origin updated: OT: 2026-08-26 14:15:32,  Lat/Lon: -8.29967°/121.497°, Depth: 10
2026/08/26 21:17:08.234225 [Incident:Info:toast@toast-new:Magnitude updated] Magnitude updated: 5.04 (M)
2026/08/26 21:17:08.234271 [Simulation:Info:toast@toast-new:Simulation not generated] Magnitude 5.04 of event bmg2026qscl is smaller than triggerMinMagnitude: no automatic simulation
2026/08/26 21:17:09.115424 [Incident:Info:toast@toast-new:Origin updated] Origin updated: OT: 2026-08-26 14:15:32,  Lat/Lon: -8.29967°/121.497°, Depth: 10
2026/08/26 21:17:09.115583 [Incident:Info:toast@toast-new:Magnitude updated] Magnitude updated: 5.05 (M)
2026/08/26 21:17:09.115627 [Simulation:Info:toast@toast-new:Simulation not generated] Magnitude 5.05 of event bmg2026qscl is smaller than triggerMinMagnitude: no automatic simulation
2026/08/26 21:17:14.159346 [Incident:Info:toast@toast-new:Origin updated] Origin updated: OT: 2026-08-26 14:15:32,  Lat/Lon: -8.29967°/121.497°, Depth: 10
2026/08/26 21:17:14.159513 [Incident:Info:toast@toast-new:Magnitude updated] Magnitude updated: 5.08 (M)
2026/08/26 21:17:14.159562 [Simulation:Info:toast@toast-new:Simulation not generated] Magnitude 5.08 of event bmg2026qscl is smaller than triggerMinMagnitude: no automatic simulation
2026/08/26 21:17:19.112688 [Incident:Info:toast@toast-new:Origin updated] Origin updated: OT: 2026-08-26 14:15:32,  Lat/Lon: -8.29967°/121.497°, Depth: 10
2026/08/26 21:17:19.112860 [Incident:Info:toast@toast-new:Magnitude updated] Magnitude updated: 5.12 (M)
2026/08/26 21:17:19.112894 [Simulation:Info:toast@toast-new:Simulation not generated] Magnitude 5.12 of event bmg2026qscl is smaller than triggerMinMagnitude: no automatic simulation
2026/08/26 21:17:19.137915 [Incident:Info:toast@toast-new:Origin updated] Origin updated: OT: 2026-08-26 14:15:33,  Lat/Lon: -8.33742°/121.511°, Depth: 10
2026/08/26 21:17:19.138095 [Incident:Info:toast@toast-new:Magnitude updated] Magnitude updated: 5.01 (M)
2026/08/26 21:17:19.138132 [Simulation:Info:toast@toast-new:Simulation not generated] Magnitude 5.01 of event bmg2026qscl is smaller than triggerMinMagnitude: no automatic simulation
2026/08/26 21:17:24.183209 [Incident:Info:toast@toast-new:Origin updated] Origin updated: OT: 2026-08-26 14:15:33,  Lat/Lon: -8.33742°/121.511°, Depth: 10
2026/08/26 21:17:24.183376 [Incident:Info:toast@toast-new:Magnitude updated] Magnitude updated: 5.03 (M)
2026/08/26 21:17:24.183415 [Simulation:Info:toast@toast-new:Simulation not generated] Magnitude 5.03 of event bmg2026qscl is smaller than triggerMinMagnitude: no automatic simulation
2026/08/26 21:17:29.183850 [Incident:Info:toast@toast-new:Origin updated] Origin updated: OT: 2026-08-26 14:15:33,  Lat/Lon: -8.33742°/121.511°, Depth: 10
2026/08/26 21:17:29.184067 [Incident:Info:toast@toast-new:Magnitude updated] Magnitude updated: 5.05 (M)
2026/08/26 21:17:29.184128 [Simulation:Info:toast@toast-new:Simulation not generated] Magnitude 5.05 of event bmg2026qscl is smaller than triggerMinMagnitude: no automatic simulation
2026/08/26 21:17:33.342691 [Incident:Info:toast@toast-new:Origin updated] Origin updated: OT: 2026-08-26 14:15:33,  Lat/Lon: -8.33314°/121.546°, Depth: 10
2026/08/26 21:17:33.342887 [Incident:Info:toast@toast-new:Magnitude updated] Magnitude updated: 5.03 (M)
2026/08/26 21:17:33.342927 [Simulation:Info:toast@toast-new:Simulation not generated] Magnitude 5.03 of event bmg2026qscl is smaller than triggerMinMagnitude: no automatic simulation
2026/08/26 21:17:38.490749 [Incident:Info:toast@toast-new:Origin updated] Origin updated: OT: 2026-08-26 14:15:33,  Lat/Lon: -8.36467°/121.521°, Depth: 10
2026/08/26 21:17:38.490908 [Incident:Info:toast@toast-new:Magnitude updated] Magnitude updated: 5.01 (MLv)
2026/08/26 21:17:38.490937 [Simulation:Info:toast@toast-new:Simulation not generated] Magnitude 5.01 of event bmg2026qscl is smaller than triggerMinMagnitude: no automatic simulation
2026/08/26 21:17:38.613367 [Incident:Info:toast@toast-new:Origin updated] Origin updated: OT: 2026-08-26 14:15:33,  Lat/Lon: -8.36467°/121.521°, Depth: 10
2026/08/26 21:17:38.613542 [Incident:Info:toast@toast-new:Magnitude updated] Magnitude updated: 5.03 (M)
2026/08/26 21:17:38.613607 [Simulation:Info:toast@toast-new:Simulation not generated] Magnitude 5.03 of event bmg2026qscl is smaller than triggerMinMagnitude: no automatic simulation
2026/08/26 21:17:39.232291 [Incident:Info:toast@toast-new:Origin updated] Origin updated: OT: 2026-08-26 14:15:33,  Lat/Lon: -8.36467°/121.521°, Depth: 10
2026/08/26 21:17:39.232440 [Incident:Info:toast@toast-new:Magnitude updated] Magnitude updated: 5.04 (M)
2026/08/26 21:17:39.232473 [Simulation:Info:toast@toast-new:Simulation not generated] Magnitude 5.04 of event bmg2026qscl is smaller than triggerMinMagnitude: no automatic simulation
2026/08/26 21:17:44.192474 [Incident:Info:toast@toast-new:Origin updated] Origin updated: OT: 2026-08-26 14:15:33,  Lat/Lon: -8.36467°/121.521°, Depth: 10
2026/08/26 21:17:44.192644 [Incident:Info:toast@toast-new:Magnitude updated] Magnitude updated: 5.04 (M)
2026/08/26 21:17:44.192678 [Simulation:Info:toast@toast-new:Simulation not generated] Magnitude 5.04 of event bmg2026qscl is smaller than triggerMinMagnitude: no automatic simulation
2026/08/26 21:17:49.204325 [Incident:Info:toast@toast-new:Origin updated] Origin updated: OT: 2026-08-26 14:15:33,  Lat/Lon: -8.36467°/121.521°, Depth: 10
2026/08/26 21:17:49.204522 [Incident:Info:toast@toast-new:Magnitude updated] Magnitude updated: 5.05 (M)
2026/08/26 21:17:49.204560 [Simulation:Info:toast@toast-new:Simulation not generated] Magnitude 5.05 of event bmg2026qscl is smaller than triggerMinMagnitude: no automatic simulation
2026/08/26 21:17:51.939271 [Incident:Info:toast@toast-new:Origin updated] Origin updated: OT: 2026-08-26 14:15:33,  Lat/Lon: -8.36467°/121.521°, Depth: 10
2026/08/26 21:17:51.939466 [Incident:Info:toast@toast-new:Magnitude updated] Magnitude updated: 5.05 (M)
2026/08/26 21:17:51.939519 [Simulation:Info:toast@toast-new:Simulation not generated] Magnitude 5.05 of event bmg2026qscl is smaller than triggerMinMagnitude: no automatic simulation
2026/08/26 21:17:54.243388 [Incident:Info:toast@toast-new:Origin updated] Origin updated: OT: 2026-08-26 14:15:33,  Lat/Lon: -8.36467°/121.521°, Depth: 10
2026/08/26 21:17:54.243581 [Incident:Info:toast@toast-new:Magnitude updated] Magnitude updated: 5.06 (M)
2026/08/26 21:17:54.243616 [Simulation:Info:toast@toast-new:Simulation not generated] Magnitude 5.06 of event bmg2026qscl is smaller than triggerMinMagnitude: no automatic simulation
2026/08/26 21:18:04.305751 [Incident:Info:toast@toast-new:Origin updated] Origin updated: OT: 2026-08-26 14:15:32,  Lat/Lon: -8.38461°/121.541°, Depth: 10
2026/08/26 21:18:04.305981 [Incident:Info:toast@toast-new:Magnitude updated] Magnitude updated: 5.01 (M)
2026/08/26 21:18:04.306055 [Simulation:Info:toast@toast-new:Simulation not generated] Magnitude 5.01 of event bmg2026qscl is smaller than triggerMinMagnitude: no automatic simulation
2026/08/26 21:18:09.272925 [Incident:Info:toast@toast-new:Origin updated] Origin updated: OT: 2026-08-26 14:15:32,  Lat/Lon: -8.38461°/121.541°, Depth: 10
2026/08/26 21:18:09.274655 [Incident:Info:toast@toast-new:Magnitude updated] Magnitude updated: 5.01 (M)
2026/08/26 21:18:09.274716 [Simulation:Info:toast@toast-new:Simulation not generated] Magnitude 5.01 of event bmg2026qscl is smaller than triggerMinMagnitude: no automatic simulation
2026/08/26 21:18:14.230987 [Incident:Info:toast@toast-new:Origin updated] Origin updated: OT: 2026-08-26 14:15:32,  Lat/Lon: -8.38461°/121.541°, Depth: 10
2026/08/26 21:18:14.231179 [Incident:Info:toast@toast-new:Magnitude updated] Magnitude updated: 5.02 (M)
2026/08/26 21:18:14.231221 [Simulation:Info:toast@toast-new:Simulation not generated] Magnitude 5.02 of event bmg2026qscl is smaller than triggerMinMagnitude: no automatic simulation
2026/08/26 21:18:14.774273 [Incident:Info:toast@toast-new:Origin updated] Origin updated: OT: 2026-08-26 14:15:32,  Lat/Lon: -8.38461°/121.541°, Depth: 10
2026/08/26 21:18:14.776324 [Incident:Info:toast@toast-new:Magnitude updated] Magnitude updated: 5.02 (M)
2026/08/26 21:18:14.776417 [Simulation:Info:toast@toast-new:Simulation not generated] Magnitude 5.02 of event bmg2026qscl is smaller than triggerMinMagnitude: no automatic simulation
2026/08/26 21:18:19.271919 [Incident:Info:toast@toast-new:Origin updated] Origin updated: OT: 2026-08-26 14:15:32,  Lat/Lon: -8.38461°/121.541°, Depth: 10
2026/08/26 21:18:19.272146 [Incident:Info:toast@toast-new:Magnitude updated] Magnitude updated: 5.02 (M)
2026/08/26 21:18:19.272206 [Simulation:Info:toast@toast-new:Simulation not generated] Magnitude 5.02 of event bmg2026qscl is smaller than triggerMinMagnitude: no automatic simulation
2026/08/26 21:18:24.338252 [Incident:Info:toast@toast-new:Origin updated] Origin updated: OT: 2026-08-26 14:15:32,  Lat/Lon: -8.38461°/121.541°, Depth: 10
2026/08/26 21:18:24.338458 [Incident:Info:toast@toast-new:Magnitude updated] Magnitude updated: 5.02 (M)
2026/08/26 21:18:24.338505 [Simulation:Info:toast@toast-new:Simulation not generated] Magnitude 5.02 of event bmg2026qscl is smaller than triggerMinMagnitude: no automatic simulation
2026/08/26 21:18:29.339954 [Incident:Info:toast@toast-new:Origin updated] Origin updated: OT: 2026-08-26 14:15:32,  Lat/Lon: -8.38461°/121.541°, Depth: 10
2026/08/26 21:18:29.340148 [Incident:Info:toast@toast-new:Magnitude updated] Magnitude updated: 5.03 (M)
2026/08/26 21:18:29.340188 [Simulation:Info:toast@toast-new:Simulation not generated] Magnitude 5.03 of event bmg2026qscl is smaller than triggerMinMagnitude: no automatic simulation
2026/08/26 21:18:29.459193 [Incident:Info:toast@toast-new:Origin updated] Origin updated: OT: 2026-08-26 14:15:32,  Lat/Lon: -8.38461°/121.541°, Depth: 10
2026/08/26 21:18:29.459364 [Incident:Info:toast@toast-new:FM updated] FM updated
2026/08/26 21:18:29.459612 [Simulation:Info:toast@toast-new:Simulation not generated] Magnitude 5.03 of event bmg2026qscl is smaller than triggerMinMagnitude: no automatic simulation
2026/08/26 21:18:39.245468 [Incident:Info:toast@toast-new:Origin updated] Origin updated: OT: 2026-08-26 14:15:32,  Lat/Lon: -8.38461°/121.541°, Depth: 10
2026/08/26 21:18:39.245662 [Incident:Info:toast@toast-new:Magnitude updated] Magnitude updated: 5.03 (M)
2026/08/26 21:18:39.245706 [Simulation:Info:toast@toast-new:Simulation not generated] Magnitude 5.03 of event bmg2026qscl is smaller than triggerMinMagnitude: no automatic simulation
2026/08/26 21:18:44.292825 [Incident:Info:toast@toast-new:Origin updated] Origin updated: OT: 2026-08-26 14:15:32,  Lat/Lon: -8.38461°/121.541°, Depth: 10
2026/08/26 21:18:44.292988 [Incident:Info:toast@toast-new:Magnitude updated] Magnitude updated: 5.03 (M)
2026/08/26 21:18:44.293022 [Simulation:Info:toast@toast-new:Simulation not generated] Magnitude 5.03 of event bmg2026qscl is smaller than triggerMinMagnitude: no automatic simulation
2026/08/26 21:18:49.457398 [Incident:Info:toast@toast-new:Origin updated] Origin updated: OT: 2026-08-26 14:15:32,  Lat/Lon: -8.38461°/121.541°, Depth: 10
2026/08/26 21:18:49.457607 [Incident:Info:toast@toast-new:Magnitude updated] Magnitude updated: 5.04 (M)
2026/08/26 21:18:49.457653 [Simulation:Info:toast@toast-new:Simulation not generated] Magnitude 5.04 of event bmg2026qscl is smaller than triggerMinMagnitude: no automatic simulation
2026/08/26 21:18:54.398094 [Incident:Info:toast@toast-new:Origin updated] Origin updated: OT: 2026-08-26 14:15:32,  Lat/Lon: -8.38461°/121.541°, Depth: 10
2026/08/26 21:18:54.398299 [Incident:Info:toast@toast-new:Magnitude updated] Magnitude updated: 5.05 (M)
2026/08/26 21:18:54.398346 [Simulation:Info:toast@toast-new:Simulation not generated] Magnitude 5.05 of event bmg2026qscl is smaller than triggerMinMagnitude: no automatic simulation
2026/08/26 21:18:59.333161 [Incident:Info:toast@toast-new:Origin updated] Origin updated: OT: 2026-08-26 14:15:32,  Lat/Lon: -8.38461°/121.541°, Depth: 10
2026/08/26 21:18:59.333346 [Incident:Info:toast@toast-new:Magnitude updated] Magnitude updated: 5.05 (M)
2026/08/26 21:18:59.333390 [Simulation:Info:toast@toast-new:Simulation not generated] Magnitude 5.05 of event bmg2026qscl is smaller than triggerMinMagnitude: no automatic simulation
2026/08/26 21:19:04.355415 [Incident:Info:toast@toast-new:Origin updated] Origin updated: OT: 2026-08-26 14:15:33,  Lat/Lon: -8.39639°/121.557°, Depth: 10
2026/08/26 21:19:04.355639 [Incident:Info:toast@toast-new:Magnitude updated] Magnitude updated: 5.16 (MLv)
2026/08/26 21:19:04.355688 [Simulation:Info:toast@toast-new:Simulation not generated] Magnitude 5.16 of event bmg2026qscl is smaller than triggerMinMagnitude: no automatic simulation
2026/08/26 21:19:04.378939 [Incident:Info:toast@toast-new:Origin updated] Origin updated: OT: 2026-08-26 14:15:33,  Lat/Lon: -8.39639°/121.557°, Depth: 10
2026/08/26 21:19:04.379113 [Incident:Info:toast@toast-new:Magnitude updated] Magnitude updated: 5.04 (M)
2026/08/26 21:19:04.379169 [Simulation:Info:toast@toast-new:Simulation not generated] Magnitude 5.04 of event bmg2026qscl is smaller than triggerMinMagnitude: no automatic simulation
2026/08/26 21:19:09.441742 [Incident:Info:toast@toast-new:Origin updated] Origin updated: OT: 2026-08-26 14:15:33,  Lat/Lon: -8.39639°/121.557°, Depth: 10
2026/08/26 21:19:09.441941 [Incident:Info:toast@toast-new:Magnitude updated] Magnitude updated: 5.03 (M)
2026/08/26 21:19:09.441987 [Simulation:Info:toast@toast-new:Simulation not generated] Magnitude 5.03 of event bmg2026qscl is smaller than triggerMinMagnitude: no automatic simulation
2026/08/26 21:19:14.349193 [Incident:Info:toast@toast-new:Origin updated] Origin updated: OT: 2026-08-26 14:15:33,  Lat/Lon: -8.39639°/121.557°, Depth: 10
2026/08/26 21:19:14.349390 [Incident:Info:toast@toast-new:Magnitude updated] Magnitude updated: 5.02 (M)
2026/08/26 21:19:14.349434 [Simulation:Info:toast@toast-new:Simulation not generated] Magnitude 5.02 of event bmg2026qscl is smaller than triggerMinMagnitude: no automatic simulation
2026/08/26 21:19:19.273931 [Incident:Info:toast@toast-new:Origin updated] Origin updated: OT: 2026-08-26 14:15:33,  Lat/Lon: -8.39639°/121.557°, Depth: 10
2026/08/26 21:19:19.274119 [Incident:Info:toast@toast-new:Magnitude updated] Magnitude updated: 5.02 (M)
2026/08/26 21:19:19.274164 [Simulation:Info:toast@toast-new:Simulation not generated] Magnitude 5.02 of event bmg2026qscl is smaller than triggerMinMagnitude: no automatic simulation
2026/08/26 21:19:23.575170 [Incident:Info:toast@toast-new:Origin updated] Origin updated: OT: 2026-08-26 14:15:33,  Lat/Lon: -8.39639°/121.557°, Depth: 10
2026/08/26 21:19:23.575365 [Incident:Info:toast@toast-new:Magnitude updated] Magnitude updated: 5.02 (M)
2026/08/26 21:19:23.575407 [Simulation:Info:toast@toast-new:Simulation not generated] Magnitude 5.02 of event bmg2026qscl is smaller than triggerMinMagnitude: no automatic simulation
2026/08/26 21:19:24.249154 [Incident:Info:toast@toast-new:Origin updated] Origin updated: OT: 2026-08-26 14:15:33,  Lat/Lon: -8.39639°/121.557°, Depth: 10
2026/08/26 21:19:24.249341 [Incident:Info:toast@toast-new:Magnitude updated] Magnitude updated: 5.02 (M)
2026/08/26 21:19:24.249388 [Simulation:Info:toast@toast-new:Simulation not generated] Magnitude 5.02 of event bmg2026qscl is smaller than triggerMinMagnitude: no automatic simulation
2026/08/26 21:19:29.278822 [Incident:Info:toast@toast-new:Origin updated] Origin updated: OT: 2026-08-26 14:15:33,  Lat/Lon: -8.39639°/121.557°, Depth: 10
2026/08/26 21:19:29.279077 [Incident:Info:toast@toast-new:Magnitude updated] Magnitude updated: 5.02 (M)
2026/08/26 21:19:29.279144 [Simulation:Info:toast@toast-new:Simulation not generated] Magnitude 5.02 of event bmg2026qscl is smaller than triggerMinMagnitude: no automatic simulation
2026/08/26 21:19:34.228697 [Incident:Info:toast@toast-new:Origin updated] Origin updated: OT: 2026-08-26 14:15:33,  Lat/Lon: -8.39639°/121.557°, Depth: 10
2026/08/26 21:19:34.228868 [Incident:Info:toast@toast-new:Magnitude updated] Magnitude updated: 5.02 (M)
2026/08/26 21:19:34.228899 [Simulation:Info:toast@toast-new:Simulation not generated] Magnitude 5.02 of event bmg2026qscl is smaller than triggerMinMagnitude: no automatic simulation
2026/08/26 21:19:39.259803 [Incident:Info:toast@toast-new:Origin updated] Origin updated: OT: 2026-08-26 14:15:33,  Lat/Lon: -8.39639°/121.557°, Depth: 10
2026/08/26 21:19:39.260006 [Incident:Info:toast@toast-new:Magnitude updated] Magnitude updated: 5.02 (M)
2026/08/26 21:19:39.260056 [Simulation:Info:toast@toast-new:Simulation not generated] Magnitude 5.02 of event bmg2026qscl is smaller than triggerMinMagnitude: no automatic simulation
2026/08/26 21:19:44.370991 [Incident:Info:toast@toast-new:Origin updated] Origin updated: OT: 2026-08-26 14:15:33,  Lat/Lon: -8.39639°/121.557°, Depth: 10
2026/08/26 21:19:44.371191 [Incident:Info:toast@toast-new:Magnitude updated] Magnitude updated: 5.02 (M)
2026/08/26 21:19:44.371234 [Simulation:Info:toast@toast-new:Simulation not generated] Magnitude 5.02 of event bmg2026qscl is smaller than triggerMinMagnitude: no automatic simulation
2026/08/26 21:19:49.152785 [Incident:Info:toast@toast-new:Origin updated] Origin updated: OT: 2026-08-26 14:15:33,  Lat/Lon: -8.39639°/121.557°, Depth: 10
2026/08/26 21:19:49.152993 [Incident:Info:toast@toast-new:Magnitude updated] Magnitude updated: 5.02 (M)
2026/08/26 21:19:49.153039 [Simulation:Info:toast@toast-new:Simulation not generated] Magnitude 5.02 of event bmg2026qscl is smaller than triggerMinMagnitude: no automatic simulation
2026/08/26 21:19:54.223563 [Incident:Info:toast@toast-new:Origin updated] Origin updated: OT: 2026-08-26 14:15:33,  Lat/Lon: -8.39639°/121.557°, Depth: 10
2026/08/26 21:19:54.223776 [Incident:Info:toast@toast-new:Magnitude updated] Magnitude updated: 5.02 (M)
2026/08/26 21:19:54.223821 [Simulation:Info:toast@toast-new:Simulation not generated] Magnitude 5.02 of event bmg2026qscl is smaller than triggerMinMagnitude: no automatic simulation
2026/08/26 21:19:58.148863 [Incident:Info:toast@toast-new:Origin updated] Origin updated: OT: 2026-08-26 14:15:32,  Lat/Lon: -8.41899°/121.576°, Depth: 10
2026/08/26 21:19:58.149106 [Incident:Info:toast@toast-new:Magnitude updated] Magnitude updated: 5.12 (MLv)
2026/08/26 21:19:58.149181 [Simulation:Info:toast@toast-new:Simulation not generated] Magnitude 5.12 of event bmg2026qscl is smaller than triggerMinMagnitude: no automatic simulation
2026/08/26 21:21:03.231332 [Incident:Info:toast@toast-new:Origin updated] Origin updated: OT: 2026-08-26 14:15:32,  Lat/Lon: -8.41467°/121.587°, Depth: 10
2026/08/26 21:21:03.231528 [Incident:Info:toast@toast-new:Magnitude updated] Magnitude updated: 5.12 (MLv)
2026/08/26 21:21:03.231561 [Simulation:Info:toast@toast-new:Simulation not generated] Magnitude 5.12 of event bmg2026qscl is smaller than triggerMinMagnitude: no automatic simulation
