2026/06/11 14:35:17.222100 [Incident:Info:toast@toast-new:Displacement(s) updated] Added 0 and changed 0 displacements with 0 amplitudes
2026/06/11 14:35:17.223712 [Incident:Info:toast@toast-new:Incident created] Incident created based on event received from messaging: OT: 2026-06-11 07:33:16,  Lat/Lon: 4.87°/125.35°, Depth: 10.00, Mag: 5.40 (M)
2026/06/11 14:35:17.224271 [Simulation:Info:toast@toast-new:Simulation not generated] Magnitude 5.40 of event bmg2026lisy is smaller than triggerMinMagnitude: no automatic simulation
2026/06/11 14:35:17.259805 [Incident:Info:toast@toast-new:Origin updated] Origin updated: OT: 2026-06-11 07:33:16,  Lat/Lon: 4.87006°/125.346°, Depth: 10
2026/06/11 14:35:17.270660 [Simulation:Info:toast@toast-new:Simulation not generated] Magnitude 5.40 of event bmg2026lisy is smaller than triggerMinMagnitude: no automatic simulation
2026/06/11 14:35:17.350358 [Incident:Info:toast@toast-new:Origin updated] Origin updated: OT: 2026-06-11 07:33:16,  Lat/Lon: 4.87006°/125.346°, Depth: 10
2026/06/11 14:35:17.361216 [Incident:Info:toast@toast-new:Magnitude updated] Magnitude updated: 5.61 (M)
2026/06/11 14:35:17.371476 [Simulation:Info:toast@toast-new:Simulation not generated] Magnitude 5.61 of event bmg2026lisy is smaller than triggerMinMagnitude: no automatic simulation
2026/06/11 14:35:38.358515 [Incident:Info:toast@toast-new:Origin updated] Origin updated: OT: 2026-06-11 07:33:16,  Lat/Lon: 4.87006°/125.346°, Depth: 10
2026/06/11 14:35:38.373942 [Incident:Info:toast@toast-new:Magnitude updated] Magnitude updated: 5.61 (M)
2026/06/11 14:35:38.385234 [Simulation:Info:toast@toast-new:Simulation not generated] Magnitude 5.61 of event bmg2026lisy is smaller than triggerMinMagnitude: no automatic simulation
2026/06/11 14:35:56.728220 [Incident:Info:toast@toast-new:Origin updated] Origin updated: OT: 2026-06-11 07:33:16,  Lat/Lon: 4.87006°/125.346°, Depth: 10
2026/06/11 14:35:56.742965 [Incident:Info:toast@toast-new:Magnitude updated] Magnitude updated: 5.64 (M)
2026/06/11 14:35:56.755137 [Simulation:Info:toast@toast-new:Simulation not generated] Magnitude 5.64 of event bmg2026lisy is smaller than triggerMinMagnitude: no automatic simulation
2026/06/11 14:36:03.769346 [Incident:Info:toast@toast-new:Origin updated] Origin updated: OT: 2026-06-11 07:33:16,  Lat/Lon: 4.87006°/125.346°, Depth: 10
2026/06/11 14:36:03.781232 [Incident:Info:toast@toast-new:Magnitude updated] Magnitude updated: 5.74 (M)
2026/06/11 14:36:03.791744 [Simulation:Info:toast@toast-new:Simulation not generated] Magnitude 5.74 of event bmg2026lisy is smaller than triggerMinMagnitude: no automatic simulation
2026/06/11 14:36:53.916119 [Incident:Info:toast@toast-new:Origin updated] Origin updated: OT: 2026-06-11 07:33:16,  Lat/Lon: 4.87006°/125.346°, Depth: 10
2026/06/11 14:36:53.935579 [Incident:Info:toast@toast-new:Magnitude updated] Magnitude updated: 5.77 (M)
2026/06/11 14:36:53.947830 [Simulation:Info:toast@toast-new:Simulation not generated] Magnitude 5.77 of event bmg2026lisy is smaller than triggerMinMagnitude: no automatic simulation
2026/06/11 14:36:58.772892 [Incident:Info:toast@toast-new:Origin updated] Origin updated: OT: 2026-06-11 07:33:16,  Lat/Lon: 4.87006°/125.346°, Depth: 10
2026/06/11 14:36:58.787491 [Incident:Info:toast@toast-new:Magnitude updated] Magnitude updated: 5.75 (M)
2026/06/11 14:36:58.798646 [Simulation:Info:toast@toast-new:Simulation not generated] Magnitude 5.75 of event bmg2026lisy is smaller than triggerMinMagnitude: no automatic simulation
2026/06/11 14:37:03.812253 [Incident:Info:toast@toast-new:Origin updated] Origin updated: OT: 2026-06-11 07:33:16,  Lat/Lon: 4.87006°/125.346°, Depth: 10
2026/06/11 14:37:03.824673 [Incident:Info:toast@toast-new:Magnitude updated] Magnitude updated: 5.74 (M)
2026/06/11 14:37:03.835737 [Simulation:Info:toast@toast-new:Simulation not generated] Magnitude 5.74 of event bmg2026lisy is smaller than triggerMinMagnitude: no automatic simulation
2026/06/11 14:37:08.816266 [Incident:Info:toast@toast-new:Origin updated] Origin updated: OT: 2026-06-11 07:33:16,  Lat/Lon: 4.87006°/125.346°, Depth: 10
2026/06/11 14:37:08.831603 [Incident:Info:toast@toast-new:Magnitude updated] Magnitude updated: 5.74 (M)
2026/06/11 14:37:08.842544 [Simulation:Info:toast@toast-new:Simulation not generated] Magnitude 5.74 of event bmg2026lisy is smaller than triggerMinMagnitude: no automatic simulation
2026/06/11 14:37:51.503824 [Incident:Info:toast@toast-new:Origin updated] Origin updated: OT: 2026-06-11 07:33:19,  Lat/Lon: 4.77888°/125.333°, Depth: 10
2026/06/11 14:37:51.517672 [Incident:Info:toast@toast-new:Magnitude updated] Magnitude updated: 5.41 (Mw(mB))
2026/06/11 14:37:51.528810 [Simulation:Info:toast@toast-new:Simulation not generated] Magnitude 5.41 of event bmg2026lisy is smaller than triggerMinMagnitude: no automatic simulation
2026/06/11 14:37:51.634979 [Incident:Info:toast@toast-new:Origin updated] Origin updated: OT: 2026-06-11 07:33:19,  Lat/Lon: 4.77888°/125.333°, Depth: 10
2026/06/11 14:37:51.650268 [Incident:Info:toast@toast-new:Magnitude updated] Magnitude updated: 5.45 (M)
2026/06/11 14:37:51.660988 [Simulation:Info:toast@toast-new:Simulation not generated] Magnitude 5.45 of event bmg2026lisy is smaller than triggerMinMagnitude: no automatic simulation
2026/06/11 14:38:04.314368 [Incident:Info:toast@toast-new:Origin updated] Origin updated: OT: 2026-06-11 07:33:19,  Lat/Lon: 4.77888°/125.333°, Depth: 10
2026/06/11 14:38:04.327807 [Incident:Info:toast@toast-new:Magnitude updated] Magnitude updated: 5.45 (M)
2026/06/11 14:38:04.338398 [Simulation:Info:toast@toast-new:Simulation not generated] Magnitude 5.45 of event bmg2026lisy is smaller than triggerMinMagnitude: no automatic simulation
2026/06/11 14:38:08.929600 [Incident:Info:toast@toast-new:Origin updated] Origin updated: OT: 2026-06-11 07:33:19,  Lat/Lon: 4.77888°/125.333°, Depth: 10
2026/06/11 14:38:08.943250 [Incident:Info:toast@toast-new:Magnitude updated] Magnitude updated: 5.45 (M)
2026/06/11 14:38:08.954009 [Simulation:Info:toast@toast-new:Simulation not generated] Magnitude 5.45 of event bmg2026lisy is smaller than triggerMinMagnitude: no automatic simulation
2026/06/11 14:38:13.770290 [Incident:Info:toast@toast-new:Origin updated] Origin updated: OT: 2026-06-11 07:33:19,  Lat/Lon: 4.77888°/125.333°, Depth: 10
2026/06/11 14:38:13.798132 [Incident:Info:toast@toast-new:Magnitude updated] Magnitude updated: 5.45 (M)
2026/06/11 14:38:13.812497 [Simulation:Info:toast@toast-new:Simulation not generated] Magnitude 5.45 of event bmg2026lisy is smaller than triggerMinMagnitude: no automatic simulation
2026/06/11 14:38:18.751363 [Incident:Info:toast@toast-new:Origin updated] Origin updated: OT: 2026-06-11 07:33:19,  Lat/Lon: 4.77888°/125.333°, Depth: 10
2026/06/11 14:38:18.766199 [Incident:Info:toast@toast-new:Magnitude updated] Magnitude updated: 5.45 (M)
2026/06/11 14:38:18.776889 [Simulation:Info:toast@toast-new:Simulation not generated] Magnitude 5.45 of event bmg2026lisy is smaller than triggerMinMagnitude: no automatic simulation
2026/06/11 14:38:53.856399 [Incident:Info:toast@toast-new:Origin updated] Origin updated: OT: 2026-06-11 07:33:19,  Lat/Lon: 4.77888°/125.333°, Depth: 10
2026/06/11 14:38:53.869692 [Incident:Info:toast@toast-new:Magnitude updated] Magnitude updated: 5.45 (M)
2026/06/11 14:38:53.880162 [Simulation:Info:toast@toast-new:Simulation not generated] Magnitude 5.45 of event bmg2026lisy is smaller than triggerMinMagnitude: no automatic simulation
2026/06/11 14:40:00.109445 [Incident:Info:toast@toast-new:Origin updated] Origin updated: OT: 2026-06-11 07:33:19,  Lat/Lon: 4.77888°/125.333°, Depth: 10
2026/06/11 14:40:00.123669 [Incident:Info:toast@toast-new:FM updated] FM updated
2026/06/11 14:40:00.135193 [Simulation:Info:toast@toast-new:Simulation not generated] Magnitude 5.45 of event bmg2026lisy is smaller than triggerMinMagnitude: no automatic simulation
2026/06/11 14:40:23.232570 [Incident:Info:toast@toast-new:Origin updated] Origin updated: OT: 2026-06-11 07:33:18,  Lat/Lon: 4.88648°/125.428°, Depth: 10
2026/06/11 14:40:23.247443 [Incident:Info:toast@toast-new:Magnitude updated] Magnitude updated: 5.59 (Mw(mB))
2026/06/11 14:40:23.261829 [Simulation:Info:toast@toast-new:Simulation not generated] Magnitude 5.59 of event bmg2026lisy is smaller than triggerMinMagnitude: no automatic simulation
2026/06/11 14:40:23.286644 [Incident:Info:toast@toast-new:Origin updated] Origin updated: OT: 2026-06-11 07:33:18,  Lat/Lon: 4.88648°/125.428°, Depth: 10
2026/06/11 14:40:23.297070 [Incident:Info:toast@toast-new:Magnitude updated] Magnitude updated: 5.57 (M)
2026/06/11 14:40:23.307361 [Simulation:Info:toast@toast-new:Simulation not generated] Magnitude 5.57 of event bmg2026lisy is smaller than triggerMinMagnitude: no automatic simulation
2026/06/11 14:40:28.619967 [Incident:Info:toast@toast-new:Origin updated] Origin updated: OT: 2026-06-11 07:33:18,  Lat/Lon: 4.88648°/125.428°, Depth: 10
2026/06/11 14:40:28.633419 [Incident:Info:toast@toast-new:Magnitude updated] Magnitude updated: 5.57 (M)
2026/06/11 14:40:28.644177 [Simulation:Info:toast@toast-new:Simulation not generated] Magnitude 5.57 of event bmg2026lisy is smaller than triggerMinMagnitude: no automatic simulation
2026/06/11 14:40:33.709671 [Incident:Info:toast@toast-new:Origin updated] Origin updated: OT: 2026-06-11 07:33:18,  Lat/Lon: 4.88648°/125.428°, Depth: 10
2026/06/11 14:40:33.725151 [Incident:Info:toast@toast-new:Magnitude updated] Magnitude updated: 5.57 (M)
2026/06/11 14:40:33.735711 [Simulation:Info:toast@toast-new:Simulation not generated] Magnitude 5.57 of event bmg2026lisy is smaller than triggerMinMagnitude: no automatic simulation
2026/06/11 14:40:56.715656 [Incident:Info:toast@toast-new:Origin updated] Origin updated: OT: 2026-06-11 07:33:18,  Lat/Lon: 4.88648°/125.428°, Depth: 10
2026/06/11 14:40:56.730830 [Incident:Info:toast@toast-new:FM updated] FM updated
2026/06/11 14:40:56.742054 [Simulation:Info:toast@toast-new:Simulation not generated] Magnitude 5.57 of event bmg2026lisy is smaller than triggerMinMagnitude: no automatic simulation
2026/06/11 14:42:17.210546 [Incident:Info:toast@toast-new:Origin updated] Origin updated: OT: 2026-06-11 07:33:18,  Lat/Lon: 4.88648°/125.428°, Depth: 10
2026/06/11 14:42:17.224408 [Simulation:Info:toast@toast-new:Simulation not generated] Magnitude 5.57 of event bmg2026lisy is smaller than triggerMinMagnitude: no automatic simulation
2026/06/11 14:42:17.246052 [Incident:Info:toast@toast-new:Origin updated] Origin updated: OT: 2026-06-11 07:33:18,  Lat/Lon: 4.88648°/125.428°, Depth: 10
2026/06/11 14:42:17.256974 [Incident:Info:toast@toast-new:Magnitude updated] Magnitude updated: 5.41 (Mw)
2026/06/11 14:42:17.267596 [Simulation:Info:toast@toast-new:Simulation not generated] Magnitude 5.41 of event bmg2026lisy is smaller than triggerMinMagnitude: no automatic simulation
2026/06/11 23:01:14.295082 [Incident:Info:toast@toast-new:Origin updated] Origin updated: OT: 2026-06-11 07:33:19,  Lat/Lon: 4.85543°/125.499°, Depth: 30.3379
2026/06/11 23:01:14.308819 [Simulation:Info:toast@toast-new:Simulation not generated] Magnitude 5.41 of event bmg2026lisy is smaller than triggerMinMagnitude: no automatic simulation
2026/06/11 23:01:29.350198 [Incident:Info:toast@toast-new:Origin updated] Origin updated: OT: 2026-06-11 07:33:19,  Lat/Lon: 4.85543°/125.499°, Depth: 30.3379
2026/06/11 23:01:29.369934 [Incident:Info:toast@toast-new:Magnitude updated] Magnitude updated: 5.77 (mb)
2026/06/11 23:01:29.381416 [Simulation:Info:toast@toast-new:Simulation not generated] Magnitude 5.77 of event bmg2026lisy is smaller than triggerMinMagnitude: no automatic simulation
2026/06/12 10:28:15.512017 [Incident:Info:toast@toast-new:Incident removed] Removed incident - Bye
2026/06/12 10:29:54.158602 [Incident:Info:toast@toast-new:Displacement(s) updated] Added 0 and changed 0 displacements with 0 amplitudes
2026/06/12 10:29:54.159141 [Incident:Info:toast@toast-new:Incident created] Incident created based on event received from messaging: OT: 2026-06-11 07:33:19,  Lat/Lon: 4.86°/125.50°, Depth: 30.34, Mag: 5.77 (mb)
2026/06/12 10:29:54.159895 [Simulation:Info:toast@toast-new:Simulation not generated] Magnitude 5.77 of event bmg2026lisy is smaller than triggerMinMagnitude: no automatic simulation
2026/06/12 10:29:54.183003 [Incident:Info:toast@toast-new:Origin updated] Origin updated: OT: 2026-06-11 07:33:19,  Lat/Lon: 4.85543°/125.499°, Depth: 30.3379
2026/06/12 10:29:54.183193 [Simulation:Info:toast@toast-new:Simulation not generated] Magnitude 5.77 of event bmg2026lisy is smaller than triggerMinMagnitude: no automatic simulation
2026/06/12 10:30:04.793513 [Simulation:Info:toast@toast-new:Simulation(s) triggered] Automatic simulation(s) triggered manually
2026/06/12 10:30:04.794260 [Simulation:Info:toast@toast-new:Simulation(s) started] Starting simulation(s) with nodal plane 1, Lat/Lon: 4.86°/ 125.50° (MT), Depth: 30.34km (MT), Mag: 5.77 (MT)
2026/06/12 10:30:04.798029 [Simulation:Info:toast@toast-new:Simulation running] TsunAWI: Looking for matching scenarios
2026/06/12 10:30:04.798824 [Simulation:Info:toast@toast-new:Simulation(s) started] Starting simulation(s) with nodal plane 2, Lat/Lon: 4.86°/ 125.50° (MT), Depth: 30.34km (MT), Mag: 5.77 (MT)
2026/06/12 10:30:04.801209 [Simulation:Info:toast@toast-new:Simulation running] TsunAWI: Looking for matching scenarios
2026/06/12 10:30:04.801301 [Simulation:Info:toast@toast-new:Simulation(s) skipped] Simulation(s) not created with fault plane because a nodal plane is similar.
2026/06/12 10:30:04.802314 [Simulation:Info:toast@toast-new:Simulation finished] TsunAWI: No matching scenarios
2026/06/12 10:30:04.805385 [Simulation:Info:toast@toast-new:Simulation finished] TsunAWI: No matching scenarios
2026/06/12 10:30:04.858349 [Simulation:Info:toast@toast-new:No simulation returned] TsunAWI simulation backend returned no simulation.
2026/06/12 10:30:04.858685 [Simulation:Info:toast@toast-new:No simulation returned] TsunAWI simulation backend returned no simulation.
2026/06/12 10:30:04.887780 [Simulation:Info:toast@toast-new:Simulation tracked] Tracking progress of EasyWave2 simulation 57004006N124126E4081597e2d26dc723f211a1735c408ea17278182
2026/06/12 10:30:04.893583 [Simulation:Info:toast@toast-new:Simulation tracked] Tracking progress of EasyWave2 simulation 57004006N124126Ebb8c4e47661bc3df094bdf32f9fd1dc428bce052
2026/06/12 10:30:04.900958 [Simulation:Info:toast@toast-new:Simulation tracked] Tracking progress of EasyWave2 simulation 57004006N124126E5097e5b6a8c00b2d65c3d5a75de2ce1bb1a87f50
2026/06/12 10:30:04.905961 [Simulation:Info:toast@toast-new:Simulation tracked] Tracking progress of EasyWave2 simulation 57004006N124126E65bc6cd2d383bce63e293a67dd012e57e5413f5f
2026/06/12 10:30:12.696963 [Simulation:Info:toast@toast-new:Simulation finished] Finished EasyWave2 simulation 57004006N124126E4081597e2d26dc723f211a1735c408ea17278182 in 7 seconds
2026/06/12 10:30:25.722250 [Simulation:Info:toast@toast-new:Simulation finished] Finished EasyWave2 simulation 57004006N124126Ebb8c4e47661bc3df094bdf32f9fd1dc428bce052 in 20 seconds
2026/06/12 10:30:32.695788 [Simulation:Info:toast@toast-new:Simulation finished] Finished EasyWave2 simulation 57004006N124126E5097e5b6a8c00b2d65c3d5a75de2ce1bb1a87f50 in 27 seconds
2026/06/12 10:30:44.697183 [Simulation:Info:toast@toast-new:Simulation finished] Finished EasyWave2 simulation 57004006N124126E65bc6cd2d383bce63e293a67dd012e57e5413f5f in 39 seconds
