2026/08/16 06:15:11.611483 [Incident:Info:toast@toast-new:Displacement(s) updated] Added 0 and changed 0 displacements with 0 amplitudes
2026/08/16 06:15:11.612465 [Incident:Info:toast@toast-new:Incident created] Incident created based on event received from messaging: OT: 2026-08-15 23:12:54,  Lat/Lon: -7.87°/120.64°, Depth: 10.00, Mag: 5.16 (MLv)
2026/08/16 06:15:11.613049 [Simulation:Info:toast@toast-new:Simulation not generated] Magnitude 5.16 of event bmg2026pyrq is smaller than triggerMinMagnitude: no automatic simulation
2026/08/16 06:15:11.634060 [Incident:Info:toast@toast-new:Origin updated] Origin updated: OT: 2026-08-15 23:12:54,  Lat/Lon: -7.87294°/120.644°, Depth: 10
2026/08/16 06:15:11.634200 [Simulation:Info:toast@toast-new:Simulation not generated] Magnitude 5.16 of event bmg2026pyrq is smaller than triggerMinMagnitude: no automatic simulation
2026/08/16 06:15:11.656586 [Incident:Info:toast@toast-new:Origin updated] Origin updated: OT: 2026-08-15 23:12:54,  Lat/Lon: -7.87294°/120.644°, Depth: 10
2026/08/16 06:15:11.656742 [Incident:Info:toast@toast-new:Magnitude updated] Magnitude updated: 5.22 (M)
2026/08/16 06:15:11.656785 [Simulation:Info:toast@toast-new:Simulation not generated] Magnitude 5.22 of event bmg2026pyrq is smaller than triggerMinMagnitude: no automatic simulation
2026/08/16 06:15:19.748964 [Incident:Info:toast@toast-new:Origin updated] Origin updated: OT: 2026-08-15 23:12:54,  Lat/Lon: -7.87294°/120.644°, Depth: 10
2026/08/16 06:15:19.749117 [Incident:Info:toast@toast-new:Magnitude updated] Magnitude updated: 5.21 (M)
2026/08/16 06:15:19.749147 [Simulation:Info:toast@toast-new:Simulation not generated] Magnitude 5.21 of event bmg2026pyrq is smaller than triggerMinMagnitude: no automatic simulation
2026/08/16 06:15:24.742620 [Incident:Info:toast@toast-new:Origin updated] Origin updated: OT: 2026-08-15 23:12:54,  Lat/Lon: -7.87294°/120.644°, Depth: 10
2026/08/16 06:15:24.742787 [Incident:Info:toast@toast-new:Magnitude updated] Magnitude updated: 5.25 (M)
2026/08/16 06:15:24.742825 [Simulation:Info:toast@toast-new:Simulation not generated] Magnitude 5.25 of event bmg2026pyrq is smaller than triggerMinMagnitude: no automatic simulation
2026/08/16 06:18:38.641758 [Incident:Info:toast@toast-new:Origin updated] Origin updated: OT: 2026-08-15 23:12:56,  Lat/Lon: -7.95455°/120.626°, Depth: 10
2026/08/16 06:18:38.641952 [Incident:Info:toast@toast-new:Magnitude updated] Magnitude updated: 5.01 (MLv)
2026/08/16 06:18:38.642003 [Simulation:Info:toast@toast-new:Simulation not generated] Magnitude 5.01 of event bmg2026pyrq is smaller than triggerMinMagnitude: no automatic simulation
2026/08/16 06:18:38.709454 [Incident:Info:toast@toast-new:Origin updated] Origin updated: OT: 2026-08-15 23:12:56,  Lat/Lon: -7.95455°/120.626°, Depth: 10
2026/08/16 06:18:38.709549 [Incident:Info:toast@toast-new:Magnitude updated] Magnitude updated: 5.05 (M)
2026/08/16 06:18:38.709584 [Simulation:Info:toast@toast-new:Simulation not generated] Magnitude 5.05 of event bmg2026pyrq is smaller than triggerMinMagnitude: no automatic simulation
2026/08/16 06:19:27.980166 [Incident:Info:toast@toast-new:Origin updated] Origin updated: OT: 2026-08-15 23:12:56,  Lat/Lon: -7.95249°/120.678°, Depth: 10
2026/08/16 06:19:27.980363 [Incident:Info:toast@toast-new:Magnitude updated] Magnitude updated: 5.03 (MLv)
2026/08/16 06:19:27.980431 [Simulation:Info:toast@toast-new:Simulation not generated] Magnitude 5.03 of event bmg2026pyrq is smaller than triggerMinMagnitude: no automatic simulation
2026/08/16 06:19:28.000957 [Incident:Info:toast@toast-new:Origin updated] Origin updated: OT: 2026-08-15 23:12:56,  Lat/Lon: -7.95249°/120.678°, Depth: 10
2026/08/16 06:19:28.001066 [Incident:Info:toast@toast-new:Magnitude updated] Magnitude updated: 5.02 (M)
2026/08/16 06:19:28.001092 [Simulation:Info:toast@toast-new:Simulation not generated] Magnitude 5.02 of event bmg2026pyrq is smaller than triggerMinMagnitude: no automatic simulation
2026/08/16 06:23:02.576639 [Incident:Info:toast@toast-new:Origin updated] Origin updated: OT: 2026-08-15 23:12:56,  Lat/Lon: -7.95249°/120.678°, Depth: 10
2026/08/16 06:23:02.576803 [Incident:Info:toast@toast-new:FM updated] FM updated
2026/08/16 06:23:02.577031 [Simulation:Info:toast@toast-new:Simulation not generated] Magnitude 5.02 of event bmg2026pyrq is smaller than triggerMinMagnitude: no automatic simulation
2026/08/16 06:24:28.748552 [Incident:Info:toast@toast-new:Origin updated] Origin updated: OT: 2026-08-15 23:12:56,  Lat/Lon: -7.95249°/120.678°, Depth: 10
2026/08/16 06:24:28.748687 [Incident:Info:toast@toast-new:FM updated] FM updated
2026/08/16 06:24:28.748925 [Simulation:Info:toast@toast-new:Simulation not generated] Magnitude 5.02 of event bmg2026pyrq is smaller than triggerMinMagnitude: no automatic simulation
2026/08/16 10:20:18.942797 [Incident:Info:toast@toast-new:Origin updated] Origin updated: OT: 2026-08-15 23:12:55,  Lat/Lon: -7.95204°/120.628°, Depth: 10
2026/08/16 10:20:18.943010 [Incident:Info:toast@toast-new:Magnitude updated] Magnitude updated: 5.01 (mb)
2026/08/16 10:20:18.943063 [Simulation:Info:toast@toast-new:Simulation not generated] Magnitude 5.01 of event bmg2026pyrq is smaller than triggerMinMagnitude: no automatic simulation
2026/08/16 10:20:24.494156 [Incident:Info:toast@toast-new:Origin updated] Origin updated: OT: 2026-08-15 23:12:55,  Lat/Lon: -7.95204°/120.628°, Depth: 10
2026/08/16 10:20:24.494329 [Simulation:Info:toast@toast-new:Simulation not generated] Magnitude 5.01 of event bmg2026pyrq is smaller than triggerMinMagnitude: no automatic simulation
