2026/08/15 05:39:38.605282 [Incident:Info:toast@toast-new:Displacement(s) updated] Added 0 and changed 0 displacements with 0 amplitudes
2026/08/15 05:39:38.607531 [Incident:Info:toast@toast-new:Incident created] Incident created based on event received from messaging: OT: 2026-08-14 22:36:45,  Lat/Lon: -10.81°/119.07°, Depth: 189.29, Mag: 6.02 (M)
2026/08/15 05:39:38.608241 [Simulation:Info:toast@toast-new:Simulation not generated] Magnitude 6.02 of event bmg2026pwuy is smaller than triggerMinMagnitude: no automatic simulation
2026/08/15 05:39:38.626124 [Incident:Info:toast@toast-new:Origin updated] Origin updated: OT: 2026-08-14 22:36:45,  Lat/Lon: -10.8086°/119.069°, Depth: 189.288
2026/08/15 05:39:38.626271 [Simulation:Info:toast@toast-new:Simulation not generated] Magnitude 6.02 of event bmg2026pwuy is smaller than triggerMinMagnitude: no automatic simulation
2026/08/15 05:39:43.468780 [Incident:Info:toast@toast-new:Origin updated] Origin updated: OT: 2026-08-14 22:37:19,  Lat/Lon: -8.15363°/120.173°, Depth: 10.6587
2026/08/15 05:39:43.469030 [Incident:Info:toast@toast-new:Magnitude updated] Magnitude updated: 5.58 (M)
2026/08/15 05:39:43.469088 [Simulation:Info:toast@toast-new:Simulation not generated] Magnitude 5.58 of event bmg2026pwuy is smaller than triggerMinMagnitude: no automatic simulation
2026/08/15 05:39:49.176956 [Incident:Info:toast@toast-new:Origin updated] Origin updated: OT: 2026-08-14 22:37:19,  Lat/Lon: -8.15363°/120.173°, Depth: 10.6587
2026/08/15 05:39:49.177183 [Incident:Info:toast@toast-new:Magnitude updated] Magnitude updated: 5.58 (M)
2026/08/15 05:39:49.177241 [Simulation:Info:toast@toast-new:Simulation not generated] Magnitude 5.58 of event bmg2026pwuy is smaller than triggerMinMagnitude: no automatic simulation
2026/08/15 05:39:59.647619 [Incident:Info:toast@toast-new:Origin updated] Origin updated: OT: 2026-08-14 22:37:19,  Lat/Lon: -8.15363°/120.173°, Depth: 10.6587
2026/08/15 05:39:59.647815 [Incident:Info:toast@toast-new:Magnitude updated] Magnitude updated: 5.58 (M)
2026/08/15 05:39:59.647856 [Simulation:Info:toast@toast-new:Simulation not generated] Magnitude 5.58 of event bmg2026pwuy is smaller than triggerMinMagnitude: no automatic simulation
2026/08/15 05:40:34.681845 [Incident:Info:toast@toast-new:Origin updated] Origin updated: OT: 2026-08-14 22:37:19,  Lat/Lon: -8.15363°/120.173°, Depth: 10.6587
2026/08/15 05:40:34.682086 [Incident:Info:toast@toast-new:Magnitude updated] Magnitude updated: 5.58 (M)
2026/08/15 05:40:34.682149 [Simulation:Info:toast@toast-new:Simulation not generated] Magnitude 5.58 of event bmg2026pwuy is smaller than triggerMinMagnitude: no automatic simulation
2026/08/15 05:40:39.637513 [Incident:Info:toast@toast-new:Origin updated] Origin updated: OT: 2026-08-14 22:37:19,  Lat/Lon: -8.15363°/120.173°, Depth: 10.6587
2026/08/15 05:40:39.637724 [Incident:Info:toast@toast-new:Magnitude updated] Magnitude updated: 5.59 (M)
2026/08/15 05:40:39.637777 [Simulation:Info:toast@toast-new:Simulation not generated] Magnitude 5.59 of event bmg2026pwuy is smaller than triggerMinMagnitude: no automatic simulation
2026/08/15 05:40:42.562265 [Incident:Info:toast@toast-new:Origin updated] Origin updated: OT: 2026-08-14 22:37:19,  Lat/Lon: -8.15955°/120.195°, Depth: 10
2026/08/15 05:40:42.562484 [Incident:Info:toast@toast-new:Magnitude updated] Magnitude updated: 5.75 (M)
2026/08/15 05:40:42.562528 [Simulation:Info:toast@toast-new:Simulation not generated] Magnitude 5.75 of event bmg2026pwuy is smaller than triggerMinMagnitude: no automatic simulation
2026/08/15 05:40:54.639291 [Incident:Info:toast@toast-new:Origin updated] Origin updated: OT: 2026-08-14 22:37:19,  Lat/Lon: -8.15955°/120.195°, Depth: 10
2026/08/15 05:40:54.639502 [Incident:Info:toast@toast-new:Magnitude updated] Magnitude updated: 5.75 (M)
2026/08/15 05:40:54.639545 [Simulation:Info:toast@toast-new:Simulation not generated] Magnitude 5.75 of event bmg2026pwuy is smaller than triggerMinMagnitude: no automatic simulation
2026/08/15 05:41:14.646003 [Incident:Info:toast@toast-new:Origin updated] Origin updated: OT: 2026-08-14 22:37:19,  Lat/Lon: -8.15955°/120.195°, Depth: 10
2026/08/15 05:41:14.646214 [Incident:Info:toast@toast-new:Magnitude updated] Magnitude updated: 5.76 (M)
2026/08/15 05:41:14.646260 [Simulation:Info:toast@toast-new:Simulation not generated] Magnitude 5.76 of event bmg2026pwuy is smaller than triggerMinMagnitude: no automatic simulation
2026/08/15 05:41:19.641262 [Incident:Info:toast@toast-new:Origin updated] Origin updated: OT: 2026-08-14 22:37:19,  Lat/Lon: -8.15955°/120.195°, Depth: 10
2026/08/15 05:41:19.641469 [Incident:Info:toast@toast-new:Magnitude updated] Magnitude updated: 5.76 (M)
2026/08/15 05:41:19.641515 [Simulation:Info:toast@toast-new:Simulation not generated] Magnitude 5.76 of event bmg2026pwuy is smaller than triggerMinMagnitude: no automatic simulation
2026/08/15 05:41:23.564636 [Incident:Info:toast@toast-new:Origin updated] Origin updated: OT: 2026-08-14 22:37:19,  Lat/Lon: -8.15955°/120.195°, Depth: 10
2026/08/15 05:41:23.564872 [Incident:Info:toast@toast-new:Magnitude updated] Magnitude updated: 5.76 (M)
2026/08/15 05:41:23.564925 [Simulation:Info:toast@toast-new:Simulation not generated] Magnitude 5.76 of event bmg2026pwuy is smaller than triggerMinMagnitude: no automatic simulation
2026/08/15 05:57:04.956015 [Incident:Info:toast@toast-new:Origin updated] Origin updated: OT: 2026-08-14 22:37:19,  Lat/Lon: -8.15955°/120.195°, Depth: 10
2026/08/15 05:57:04.956216 [Incident:Info:toast@toast-new:FM updated] FM updated
2026/08/15 05:57:04.956394 [Simulation:Info:toast@toast-new:Simulation not generated] Magnitude 5.76 of event bmg2026pwuy is smaller than triggerMinMagnitude: no automatic simulation
2026/08/15 06:33:20.534444 [Incident:Info:toast@toast-new:Origin updated] Origin updated: OT: 2026-08-14 22:37:19,  Lat/Lon: -8.15955°/120.195°, Depth: 10
2026/08/15 06:33:20.534597 [Incident:Info:toast@toast-new:FM updated] FM updated
2026/08/15 06:33:20.534723 [Simulation:Info:toast@toast-new:Simulation not generated] Magnitude 5.76 of event bmg2026pwuy is smaller than triggerMinMagnitude: no automatic simulation
2026/08/15 10:04:44.001223 [Incident:Info:toast@toast-new:Origin updated] Origin updated: OT: 2026-08-14 22:37:19,  Lat/Lon: -8.15955°/120.195°, Depth: 10
2026/08/15 10:04:44.001428 [Incident:Info:toast@toast-new:FM updated] FM updated
2026/08/15 10:04:44.001638 [Simulation:Info:toast@toast-new:Simulation not generated] Magnitude 5.76 of event bmg2026pwuy is smaller than triggerMinMagnitude: no automatic simulation
2026/08/18 15:45:24.878034 [Incident:Info:toast@toast-new:Origin updated] Origin updated: OT: 2026-08-14 22:37:19,  Lat/Lon: -8.15955°/120.195°, Depth: 10
2026/08/18 15:45:24.878175 [Incident:Info:toast@toast-new:FM updated] FM updated
2026/08/18 15:45:24.878420 [Simulation:Info:toast@toast-new:Simulation not generated] Magnitude 5.76 of event bmg2026pwuy is smaller than triggerMinMagnitude: no automatic simulation
