2026/07/22 01:35:59.487066 [Incident:Info:toast@toast-new:Displacement(s) updated] Added 0 and changed 0 displacements with 0 amplitudes
2026/07/22 01:35:59.488697 [Incident:Info:toast@toast-new:Incident created] Incident created based on event received from messaging: OT: 2026-07-21 18:33:21,  Lat/Lon: 5.96°/125.34°, Depth: 10.00, Mag: 5.16 (M)
2026/07/22 01:35:59.489315 [Simulation:Info:toast@toast-new:Simulation not generated] Magnitude 5.16 of event bmg2026oeqv is smaller than triggerMinMagnitude: no automatic simulation
2026/07/22 01:35:59.510159 [Incident:Info:toast@toast-new:Origin updated] Origin updated: OT: 2026-07-21 18:33:21,  Lat/Lon: 5.96061°/125.342°, Depth: 10
2026/07/22 01:35:59.510327 [Simulation:Info:toast@toast-new:Simulation not generated] Magnitude 5.16 of event bmg2026oeqv is smaller than triggerMinMagnitude: no automatic simulation
2026/07/22 01:36:01.165310 [Incident:Info:toast@toast-new:Origin updated] Origin updated: OT: 2026-07-21 18:33:21,  Lat/Lon: 5.96061°/125.342°, Depth: 10
2026/07/22 01:36:01.165471 [Incident:Info:toast@toast-new:Magnitude updated] Magnitude updated: 5.17 (M)
2026/07/22 01:36:01.165511 [Simulation:Info:toast@toast-new:Simulation not generated] Magnitude 5.17 of event bmg2026oeqv is smaller than triggerMinMagnitude: no automatic simulation
2026/07/22 01:36:06.104807 [Incident:Info:toast@toast-new:Origin updated] Origin updated: OT: 2026-07-21 18:33:21,  Lat/Lon: 5.96061°/125.342°, Depth: 10
2026/07/22 01:36:06.105104 [Incident:Info:toast@toast-new:Magnitude updated] Magnitude updated: 5.15 (M)
2026/07/22 01:36:06.105425 [Simulation:Info:toast@toast-new:Simulation not generated] Magnitude 5.15 of event bmg2026oeqv is smaller than triggerMinMagnitude: no automatic simulation
2026/07/22 01:36:10.049548 [Incident:Info:toast@toast-new:Origin updated] Origin updated: OT: 2026-07-21 18:33:21,  Lat/Lon: 5.96439°/125.352°, Depth: 10
2026/07/22 01:36:10.049761 [Incident:Info:toast@toast-new:Magnitude updated] Magnitude updated: 5.14 (M)
2026/07/22 01:36:10.049799 [Simulation:Info:toast@toast-new:Simulation not generated] Magnitude 5.14 of event bmg2026oeqv is smaller than triggerMinMagnitude: no automatic simulation
2026/07/22 01:36:11.094891 [Incident:Info:toast@toast-new:Origin updated] Origin updated: OT: 2026-07-21 18:33:21,  Lat/Lon: 5.96439°/125.352°, Depth: 10
2026/07/22 01:36:11.095076 [Incident:Info:toast@toast-new:Magnitude updated] Magnitude updated: 5.12 (M)
2026/07/22 01:36:11.095119 [Simulation:Info:toast@toast-new:Simulation not generated] Magnitude 5.12 of event bmg2026oeqv is smaller than triggerMinMagnitude: no automatic simulation
2026/07/22 01:36:16.164522 [Incident:Info:toast@toast-new:Origin updated] Origin updated: OT: 2026-07-21 18:33:21,  Lat/Lon: 5.96439°/125.352°, Depth: 10
2026/07/22 01:36:16.164693 [Incident:Info:toast@toast-new:Magnitude updated] Magnitude updated: 5.12 (M)
2026/07/22 01:36:16.164724 [Simulation:Info:toast@toast-new:Simulation not generated] Magnitude 5.12 of event bmg2026oeqv is smaller than triggerMinMagnitude: no automatic simulation
2026/07/22 01:36:21.145071 [Incident:Info:toast@toast-new:Origin updated] Origin updated: OT: 2026-07-21 18:33:21,  Lat/Lon: 5.96439°/125.352°, Depth: 10
2026/07/22 01:36:21.145264 [Incident:Info:toast@toast-new:Magnitude updated] Magnitude updated: 5.09 (M)
2026/07/22 01:36:21.145305 [Simulation:Info:toast@toast-new:Simulation not generated] Magnitude 5.09 of event bmg2026oeqv is smaller than triggerMinMagnitude: no automatic simulation
2026/07/22 01:36:22.966403 [Incident:Info:toast@toast-new:Origin updated] Origin updated: OT: 2026-07-21 18:33:21,  Lat/Lon: 5.93305°/125.377°, Depth: 10
2026/07/22 01:36:22.966603 [Incident:Info:toast@toast-new:Magnitude updated] Magnitude updated: 5.08 (M)
2026/07/22 01:36:22.966642 [Simulation:Info:toast@toast-new:Simulation not generated] Magnitude 5.08 of event bmg2026oeqv is smaller than triggerMinMagnitude: no automatic simulation
2026/07/22 01:36:26.228183 [Incident:Info:toast@toast-new:Origin updated] Origin updated: OT: 2026-07-21 18:33:21,  Lat/Lon: 5.93305°/125.377°, Depth: 10
2026/07/22 01:36:26.228380 [Incident:Info:toast@toast-new:Magnitude updated] Magnitude updated: 5.08 (M)
2026/07/22 01:36:26.228419 [Simulation:Info:toast@toast-new:Simulation not generated] Magnitude 5.08 of event bmg2026oeqv is smaller than triggerMinMagnitude: no automatic simulation
2026/07/22 01:36:31.229400 [Incident:Info:toast@toast-new:Origin updated] Origin updated: OT: 2026-07-21 18:33:21,  Lat/Lon: 5.93305°/125.377°, Depth: 10
2026/07/22 01:36:31.229567 [Incident:Info:toast@toast-new:Magnitude updated] Magnitude updated: 5.03 (M)
2026/07/22 01:36:31.229617 [Simulation:Info:toast@toast-new:Simulation not generated] Magnitude 5.03 of event bmg2026oeqv is smaller than triggerMinMagnitude: no automatic simulation
2026/07/22 01:36:36.178190 [Incident:Info:toast@toast-new:Origin updated] Origin updated: OT: 2026-07-21 18:33:21,  Lat/Lon: 5.93305°/125.377°, Depth: 10
2026/07/22 01:36:36.178371 [Incident:Info:toast@toast-new:Magnitude updated] Magnitude updated: 5.02 (M)
2026/07/22 01:36:36.178405 [Simulation:Info:toast@toast-new:Simulation not generated] Magnitude 5.02 of event bmg2026oeqv is smaller than triggerMinMagnitude: no automatic simulation
2026/07/22 01:36:51.097059 [Incident:Info:toast@toast-new:Origin updated] Origin updated: OT: 2026-07-21 18:33:22,  Lat/Lon: 5.90674°/125.378°, Depth: 10
2026/07/22 01:36:51.097265 [Incident:Info:toast@toast-new:Magnitude updated] Magnitude updated: 5.01 (M)
2026/07/22 01:36:51.097298 [Simulation:Info:toast@toast-new:Simulation not generated] Magnitude 5.01 of event bmg2026oeqv is smaller than triggerMinMagnitude: no automatic simulation
2026/07/22 06:56:52.999521 [Incident:Info:toast@toast-new:Origin updated] Origin updated: OT: 2026-07-21 18:33:21,  Lat/Lon: 5.96061°/125.342°, Depth: 10
2026/07/22 06:56:52.999912 [Incident:Info:toast@toast-new:Magnitude updated] Magnitude updated: 5.06 (M)
2026/07/22 06:56:52.999961 [Incident:Info:toast@toast-new:FM updated] FM updated
2026/07/22 06:56:53.000174 [Simulation:Info:toast@toast-new:Simulation not generated] Magnitude 5.06 of event bmg2026oeqv is smaller than triggerMinMagnitude: no automatic simulation
2026/07/22 06:57:35.395110 [Incident:Info:toast@toast-new:Origin updated] Origin updated: OT: 2026-07-21 18:33:21,  Lat/Lon: 5.96061°/125.342°, Depth: 10
2026/07/22 06:57:35.395381 [Simulation:Info:toast@toast-new:Simulation not generated] Magnitude 5.06 of event bmg2026oeqv is smaller than triggerMinMagnitude: no automatic simulation
2026/07/22 06:58:49.851486 [Incident:Info:toast@toast-new:Origin updated] Origin updated: OT: 2026-07-21 18:33:21,  Lat/Lon: 5.96062°/125.342°, Depth: 10
2026/07/22 06:58:49.851701 [Incident:Info:toast@toast-new:Magnitude updated] Magnitude updated: 5.05 (M)
2026/07/22 06:58:49.851749 [Simulation:Info:toast@toast-new:Simulation not generated] Magnitude 5.05 of event bmg2026oeqv is smaller than triggerMinMagnitude: no automatic simulation
2026/07/22 06:59:03.364168 [Incident:Info:toast@toast-new:Origin updated] Origin updated: OT: 2026-07-21 18:33:21,  Lat/Lon: 5.96062°/125.342°, Depth: 10
2026/07/22 06:59:03.364371 [Simulation:Info:toast@toast-new:Simulation not generated] Magnitude 5.05 of event bmg2026oeqv is smaller than triggerMinMagnitude: no automatic simulation
