2026/06/08 07:21:21.783559 [Incident:Info:toast@toast-new:Displacement(s) updated] Added 0 and changed 0 displacements with 0 amplitudes
2026/06/08 07:21:21.787066 [Incident:Info:toast@toast-new:Incident created] Incident created based on event received from messaging: OT: 2026-06-08 00:18:18,  Lat/Lon: 5.50°/125.32°, Depth: 10.00, Mag: 5.67 (M)
2026/06/08 07:21:21.787770 [Simulation:Info:toast@toast-new:Simulation not generated] Magnitude 5.67 of event bmg2026lcsc is smaller than triggerMinMagnitude: no automatic simulation
2026/06/08 07:21:21.804926 [Incident:Info:toast@toast-new:Origin updated] Origin updated: OT: 2026-06-08 00:18:18,  Lat/Lon: 5.50035°/125.323°, Depth: 10
2026/06/08 07:21:21.805118 [Simulation:Info:toast@toast-new:Simulation not generated] Magnitude 5.67 of event bmg2026lcsc is smaller than triggerMinMagnitude: no automatic simulation
2026/06/08 07:21:25.557166 [Incident:Info:toast@toast-new:Origin updated] Origin updated: OT: 2026-06-08 00:18:18,  Lat/Lon: 5.50035°/125.323°, Depth: 10
2026/06/08 07:21:25.557370 [Incident:Info:toast@toast-new:Magnitude updated] Magnitude updated: 5.68 (M)
2026/06/08 07:21:25.557424 [Simulation:Info:toast@toast-new:Simulation not generated] Magnitude 5.68 of event bmg2026lcsc is smaller than triggerMinMagnitude: no automatic simulation
2026/06/08 07:21:33.442183 [Incident:Info:toast@toast-new:Origin updated] Origin updated: OT: 2026-06-08 00:18:18,  Lat/Lon: 5.50035°/125.323°, Depth: 10
2026/06/08 07:21:33.442424 [Incident:Info:toast@toast-new:Magnitude updated] Magnitude updated: 5.70 (M)
2026/06/08 07:21:33.442481 [Simulation:Info:toast@toast-new:Simulation not generated] Magnitude 5.70 of event bmg2026lcsc is smaller than triggerMinMagnitude: no automatic simulation
2026/06/08 07:21:33.465345 [Incident:Info:toast@toast-new:Origin updated] Origin updated: OT: 2026-06-08 00:18:18,  Lat/Lon: 5.50507°/125.326°, Depth: 10
2026/06/08 07:21:33.465542 [Incident:Info:toast@toast-new:Magnitude updated] Magnitude updated: 5.71 (M)
2026/06/08 07:21:33.465582 [Simulation:Info:toast@toast-new:Simulation not generated] Magnitude 5.71 of event bmg2026lcsc is smaller than triggerMinMagnitude: no automatic simulation
2026/06/08 07:21:38.900335 [Incident:Info:toast@toast-new:Origin updated] Origin updated: OT: 2026-06-08 00:18:18,  Lat/Lon: 5.50507°/125.326°, Depth: 10
2026/06/08 07:21:38.900541 [Incident:Info:toast@toast-new:Magnitude updated] Magnitude updated: 5.71 (M)
2026/06/08 07:21:38.900586 [Simulation:Info:toast@toast-new:Simulation not generated] Magnitude 5.71 of event bmg2026lcsc is smaller than triggerMinMagnitude: no automatic simulation
2026/06/08 07:21:43.190789 [Incident:Info:toast@toast-new:Origin updated] Origin updated: OT: 2026-06-08 00:18:18,  Lat/Lon: 5.47014°/125.342°, Depth: 10
2026/06/08 07:21:43.191056 [Incident:Info:toast@toast-new:Magnitude updated] Magnitude updated: 5.71 (M)
2026/06/08 07:21:43.191112 [Simulation:Info:toast@toast-new:Simulation not generated] Magnitude 5.71 of event bmg2026lcsc is smaller than triggerMinMagnitude: no automatic simulation
2026/06/08 07:21:48.987600 [Incident:Info:toast@toast-new:Origin updated] Origin updated: OT: 2026-06-08 00:18:18,  Lat/Lon: 5.47014°/125.342°, Depth: 10
2026/06/08 07:21:48.987789 [Incident:Info:toast@toast-new:Magnitude updated] Magnitude updated: 5.72 (M)
2026/06/08 07:21:48.987836 [Simulation:Info:toast@toast-new:Simulation not generated] Magnitude 5.72 of event bmg2026lcsc is smaller than triggerMinMagnitude: no automatic simulation
2026/06/08 07:21:53.951657 [Incident:Info:toast@toast-new:Origin updated] Origin updated: OT: 2026-06-08 00:18:18,  Lat/Lon: 5.47014°/125.342°, Depth: 10
2026/06/08 07:21:53.951846 [Incident:Info:toast@toast-new:Magnitude updated] Magnitude updated: 5.73 (M)
2026/06/08 07:21:53.951888 [Simulation:Info:toast@toast-new:Simulation not generated] Magnitude 5.73 of event bmg2026lcsc is smaller than triggerMinMagnitude: no automatic simulation
2026/06/08 07:22:08.891384 [Incident:Info:toast@toast-new:Origin updated] Origin updated: OT: 2026-06-08 00:18:18,  Lat/Lon: 5.47014°/125.342°, Depth: 10
2026/06/08 07:22:08.891582 [Incident:Info:toast@toast-new:Magnitude updated] Magnitude updated: 5.74 (M)
2026/06/08 07:22:08.891621 [Simulation:Info:toast@toast-new:Simulation not generated] Magnitude 5.74 of event bmg2026lcsc is smaller than triggerMinMagnitude: no automatic simulation
2026/06/08 07:22:18.855720 [Incident:Info:toast@toast-new:Origin updated] Origin updated: OT: 2026-06-08 00:18:18,  Lat/Lon: 5.43972°/125.366°, Depth: 10
2026/06/08 07:22:18.855926 [Incident:Info:toast@toast-new:Magnitude updated] Magnitude updated: 5.75 (M)
2026/06/08 07:22:18.855964 [Simulation:Info:toast@toast-new:Simulation not generated] Magnitude 5.75 of event bmg2026lcsc is smaller than triggerMinMagnitude: no automatic simulation
2026/06/08 07:22:18.936839 [Incident:Info:toast@toast-new:Origin updated] Origin updated: OT: 2026-06-08 00:18:18,  Lat/Lon: 5.43972°/125.366°, Depth: 10
2026/06/08 07:22:18.936973 [Incident:Info:toast@toast-new:Magnitude updated] Magnitude updated: 5.75 (M)
2026/06/08 07:22:18.937002 [Simulation:Info:toast@toast-new:Simulation not generated] Magnitude 5.75 of event bmg2026lcsc is smaller than triggerMinMagnitude: no automatic simulation
2026/06/08 07:22:33.451867 [Incident:Info:toast@toast-new:Origin updated] Origin updated: OT: 2026-06-08 00:18:19,  Lat/Lon: 5.4418°/125.383°, Depth: 10
2026/06/08 07:22:33.452088 [Incident:Info:toast@toast-new:Magnitude updated] Magnitude updated: 5.75 (M)
2026/06/08 07:22:33.452137 [Simulation:Info:toast@toast-new:Simulation not generated] Magnitude 5.75 of event bmg2026lcsc is smaller than triggerMinMagnitude: no automatic simulation
2026/06/08 07:22:43.890893 [Incident:Info:toast@toast-new:Origin updated] Origin updated: OT: 2026-06-08 00:18:19,  Lat/Lon: 5.4418°/125.383°, Depth: 10
2026/06/08 07:22:43.891096 [Incident:Info:toast@toast-new:Magnitude updated] Magnitude updated: 5.75 (M)
2026/06/08 07:22:43.891141 [Simulation:Info:toast@toast-new:Simulation not generated] Magnitude 5.75 of event bmg2026lcsc is smaller than triggerMinMagnitude: no automatic simulation
2026/06/08 07:22:45.906740 [Incident:Info:toast@toast-new:Origin updated] Origin updated: OT: 2026-06-08 00:18:19,  Lat/Lon: 5.42922°/125.394°, Depth: 10
2026/06/08 07:22:45.906941 [Incident:Info:toast@toast-new:Magnitude updated] Magnitude updated: 5.75 (M)
2026/06/08 07:22:45.906981 [Simulation:Info:toast@toast-new:Simulation not generated] Magnitude 5.75 of event bmg2026lcsc is smaller than triggerMinMagnitude: no automatic simulation
2026/06/08 07:22:47.104327 [Incident:Info:toast@toast-new:Origin updated] Origin updated: OT: 2026-06-08 00:18:19,  Lat/Lon: 5.3543°/125.436°, Depth: 10
2026/06/08 07:22:47.104527 [Incident:Info:toast@toast-new:Magnitude updated] Magnitude updated: 5.53 (MLv)
2026/06/08 07:22:47.104582 [Simulation:Info:toast@toast-new:Simulation not generated] Magnitude 5.53 of event bmg2026lcsc is smaller than triggerMinMagnitude: no automatic simulation
2026/06/08 07:22:47.121369 [Incident:Info:toast@toast-new:Origin updated] Origin updated: OT: 2026-06-08 00:18:19,  Lat/Lon: 5.3543°/125.436°, Depth: 10
2026/06/08 07:22:47.121501 [Incident:Info:toast@toast-new:Magnitude updated] Magnitude updated: 5.67 (M)
2026/06/08 07:22:47.121547 [Simulation:Info:toast@toast-new:Simulation not generated] Magnitude 5.67 of event bmg2026lcsc is smaller than triggerMinMagnitude: no automatic simulation
2026/06/08 07:22:58.576036 [Incident:Info:toast@toast-new:Origin updated] Origin updated: OT: 2026-06-08 00:18:19,  Lat/Lon: 5.3543°/125.436°, Depth: 10
2026/06/08 07:22:58.576256 [Incident:Info:toast@toast-new:Magnitude updated] Magnitude updated: 5.67 (M)
2026/06/08 07:22:58.576301 [Simulation:Info:toast@toast-new:Simulation not generated] Magnitude 5.67 of event bmg2026lcsc is smaller than triggerMinMagnitude: no automatic simulation
2026/06/08 07:22:59.015247 [Incident:Info:toast@toast-new:Origin updated] Origin updated: OT: 2026-06-08 00:18:19,  Lat/Lon: 5.3543°/125.436°, Depth: 10
2026/06/08 07:22:59.015434 [Incident:Info:toast@toast-new:Magnitude updated] Magnitude updated: 5.67 (M)
2026/06/08 07:22:59.015492 [Simulation:Info:toast@toast-new:Simulation not generated] Magnitude 5.67 of event bmg2026lcsc is smaller than triggerMinMagnitude: no automatic simulation
2026/06/08 07:23:09.656937 [Incident:Info:toast@toast-new:Origin updated] Origin updated: OT: 2026-06-08 00:18:19,  Lat/Lon: 5.3543°/125.436°, Depth: 10
2026/06/08 07:23:09.657084 [Incident:Info:toast@toast-new:FM updated] FM updated
2026/06/08 07:23:09.657267 [Simulation:Info:toast@toast-new:Simulation not generated] Magnitude 5.67 of event bmg2026lcsc is smaller than triggerMinMagnitude: no automatic simulation
2026/06/08 07:23:18.956198 [Incident:Info:toast@toast-new:Origin updated] Origin updated: OT: 2026-06-08 00:18:19,  Lat/Lon: 5.3543°/125.436°, Depth: 10
2026/06/08 07:23:18.956382 [Incident:Info:toast@toast-new:Magnitude updated] Magnitude updated: 5.72 (M)
2026/06/08 07:23:18.956428 [Simulation:Info:toast@toast-new:Simulation not generated] Magnitude 5.72 of event bmg2026lcsc is smaller than triggerMinMagnitude: no automatic simulation
2026/06/08 07:23:29.672761 [Incident:Info:toast@toast-new:Origin updated] Origin updated: OT: 2026-06-08 00:18:19,  Lat/Lon: 5.3543°/125.436°, Depth: 10
2026/06/08 07:23:29.672952 [Incident:Info:toast@toast-new:FM updated] FM updated
2026/06/08 07:23:29.673186 [Simulation:Info:toast@toast-new:Simulation not generated] Magnitude 5.72 of event bmg2026lcsc is smaller than triggerMinMagnitude: no automatic simulation
2026/06/08 07:23:37.933399 [Incident:Info:toast@toast-new:Origin updated] Origin updated: OT: 2026-06-08 00:18:19,  Lat/Lon: 5.3844°/125.434°, Depth: 10
2026/06/08 07:23:37.933608 [Incident:Info:toast@toast-new:Magnitude updated] Magnitude updated: 5.38 (mb)
2026/06/08 07:23:37.933669 [Simulation:Info:toast@toast-new:Simulation not generated] Magnitude 5.38 of event bmg2026lcsc is smaller than triggerMinMagnitude: no automatic simulation
2026/06/08 07:23:38.032912 [Incident:Info:toast@toast-new:Origin updated] Origin updated: OT: 2026-06-08 00:18:19,  Lat/Lon: 5.3844°/125.434°, Depth: 10
2026/06/08 07:23:38.033059 [Incident:Info:toast@toast-new:Magnitude updated] Magnitude updated: 5.73 (M)
2026/06/08 07:23:38.033109 [Simulation:Info:toast@toast-new:Simulation not generated] Magnitude 5.73 of event bmg2026lcsc is smaller than triggerMinMagnitude: no automatic simulation
2026/06/08 07:23:39.663292 [Incident:Info:toast@toast-new:Origin updated] Origin updated: OT: 2026-06-08 00:18:19,  Lat/Lon: 5.3844°/125.434°, Depth: 10
2026/06/08 07:23:39.663483 [Incident:Info:toast@toast-new:FM updated] FM updated
2026/06/08 07:23:39.663710 [Simulation:Info:toast@toast-new:Simulation not generated] Magnitude 5.73 of event bmg2026lcsc is smaller than triggerMinMagnitude: no automatic simulation
2026/06/08 07:23:43.945091 [Incident:Info:toast@toast-new:Origin updated] Origin updated: OT: 2026-06-08 00:18:19,  Lat/Lon: 5.3844°/125.434°, Depth: 10
2026/06/08 07:23:43.945239 [Incident:Info:toast@toast-new:Magnitude updated] Magnitude updated: 5.73 (M)
2026/06/08 07:23:43.945280 [Simulation:Info:toast@toast-new:Simulation not generated] Magnitude 5.73 of event bmg2026lcsc is smaller than triggerMinMagnitude: no automatic simulation
2026/06/08 07:23:49.606508 [Incident:Info:toast@toast-new:Origin updated] Origin updated: OT: 2026-06-08 00:18:19,  Lat/Lon: 5.3844°/125.434°, Depth: 10
2026/06/08 07:23:49.606695 [Simulation:Info:toast@toast-new:Simulation not generated] Magnitude 5.73 of event bmg2026lcsc is smaller than triggerMinMagnitude: no automatic simulation
2026/06/08 07:23:50.391036 [Incident:Info:toast@toast-new:Origin updated] Origin updated: OT: 2026-06-08 00:18:19,  Lat/Lon: 5.3844°/125.434°, Depth: 10
2026/06/08 07:23:50.391203 [Incident:Info:toast@toast-new:FM updated] FM updated
2026/06/08 07:23:50.391416 [Simulation:Info:toast@toast-new:Simulation not generated] Magnitude 5.73 of event bmg2026lcsc is smaller than triggerMinMagnitude: no automatic simulation
2026/06/08 07:23:59.002366 [Incident:Info:toast@toast-new:Origin updated] Origin updated: OT: 2026-06-08 00:18:19,  Lat/Lon: 5.3844°/125.434°, Depth: 10
2026/06/08 07:23:59.002551 [Incident:Info:toast@toast-new:Magnitude updated] Magnitude updated: 5.73 (M)
2026/06/08 07:23:59.002588 [Simulation:Info:toast@toast-new:Simulation not generated] Magnitude 5.73 of event bmg2026lcsc is smaller than triggerMinMagnitude: no automatic simulation
2026/06/08 07:31:29.478666 [Incident:Info:toast@toast-new:Origin updated] Origin updated: OT: 2026-06-08 00:18:19,  Lat/Lon: 5.3844°/125.434°, Depth: 10
2026/06/08 07:31:29.478863 [Incident:Info:toast@toast-new:Magnitude updated] Magnitude updated: 5.91 (Mw)
2026/06/08 07:31:29.478942 [Simulation:Info:toast@toast-new:Simulation not generated] Magnitude 5.91 of event bmg2026lcsc is smaller than triggerMinMagnitude: no automatic simulation
2026/06/08 11:24:12.136504 [Incident:Info:toast@toast-new:Origin updated] Origin updated: OT: 2026-06-08 00:18:18,  Lat/Lon: 5.41393°/125.403°, Depth: 10
2026/06/08 11:24:12.136710 [Incident:Info:toast@toast-new:FM updated] FM updated
2026/06/08 11:24:12.136882 [Simulation:Info:toast@toast-new:Simulation not generated] Magnitude 5.91 of event bmg2026lcsc is smaller than triggerMinMagnitude: no automatic simulation
2026/06/08 11:24:14.904440 [Incident:Info:toast@toast-new:Origin updated] Origin updated: OT: 2026-06-08 00:18:18,  Lat/Lon: 5.41393°/125.403°, Depth: 10
2026/06/08 11:24:14.904630 [Simulation:Info:toast@toast-new:Simulation not generated] Magnitude 5.91 of event bmg2026lcsc is smaller than triggerMinMagnitude: no automatic simulation
2026/06/08 14:56:49.374286 [Incident:Info:toast@toast-new:Origin updated] Origin updated: OT: 2026-06-08 00:18:19,  Lat/Lon: 5.39054°/125.427°, Depth: 10
2026/06/08 14:56:49.374543 [Incident:Info:toast@toast-new:FM updated] FM updated
2026/06/08 14:56:49.374765 [Simulation:Info:toast@toast-new:Simulation not generated] Magnitude 5.91 of event bmg2026lcsc is smaller than triggerMinMagnitude: no automatic simulation
2026/06/08 14:56:58.253694 [Incident:Info:toast@toast-new:Origin updated] Origin updated: OT: 2026-06-08 00:18:19,  Lat/Lon: 5.39054°/125.427°, Depth: 10
2026/06/08 14:56:58.253924 [Incident:Info:toast@toast-new:Magnitude updated] Magnitude updated: 5.36 (mb)
2026/06/08 14:56:58.254001 [Simulation:Info:toast@toast-new:Simulation not generated] Magnitude 5.36 of event bmg2026lcsc is smaller than triggerMinMagnitude: no automatic simulation
2026/06/08 15:53:14.288189 [Incident:Info:toast@toast-new:Origin updated] Origin updated: OT: 2026-06-08 00:18:19,  Lat/Lon: 5.39054°/125.427°, Depth: 10
2026/06/08 15:53:14.288359 [Incident:Info:toast@toast-new:FM updated] FM updated
2026/06/08 15:53:14.288554 [Simulation:Info:toast@toast-new:Simulation not generated] Magnitude 5.36 of event bmg2026lcsc is smaller than triggerMinMagnitude: no automatic simulation
2026/06/08 17:08:14.721946 [Incident:Info:toast@toast-new:Origin updated] Origin updated: OT: 2026-06-08 00:18:19,  Lat/Lon: 5.39054°/125.427°, Depth: 10
2026/06/08 17:08:14.732085 [Incident:Info:toast@toast-new:FM updated] FM updated
2026/06/08 17:08:14.742118 [Simulation:Info:toast@toast-new:Simulation not generated] Magnitude 5.36 of event bmg2026lcsc is smaller than triggerMinMagnitude: no automatic simulation
2026/06/08 17:31:15.524260 [Incident:Info:toast@toast-new:Origin updated] Origin updated: OT: 2026-06-08 00:18:19,  Lat/Lon: 5.39054°/125.427°, Depth: 10
2026/06/08 17:31:15.537920 [Incident:Info:toast@toast-new:FM updated] FM updated
2026/06/08 17:31:15.549268 [Simulation:Info:toast@toast-new:Simulation not generated] Magnitude 5.36 of event bmg2026lcsc is smaller than triggerMinMagnitude: no automatic simulation
2026/06/08 17:31:36.994813 [Incident:Info:toast@toast-new:Origin updated] Origin updated: OT: 2026-06-08 00:18:19,  Lat/Lon: 5.39054°/125.427°, Depth: 10
2026/06/08 17:31:37.005580 [Simulation:Info:toast@toast-new:Simulation not generated] Magnitude 5.36 of event bmg2026lcsc is smaller than triggerMinMagnitude: no automatic simulation
2026/06/08 17:32:21.521005 [Incident:Info:toast@toast-new:Origin updated] Origin updated: OT: 2026-06-08 00:18:19,  Lat/Lon: 5.39054°/125.427°, Depth: 10
2026/06/08 17:32:21.532174 [Simulation:Info:toast@toast-new:Simulation not generated] Magnitude 5.36 of event bmg2026lcsc is smaller than triggerMinMagnitude: no automatic simulation
2026/06/08 17:32:32.809149 [Incident:Info:toast@toast-new:Origin updated] Origin updated: OT: 2026-06-08 00:18:19,  Lat/Lon: 5.39054°/125.427°, Depth: 10
2026/06/08 17:32:32.822833 [Simulation:Info:toast@toast-new:Simulation not generated] Magnitude 5.36 of event bmg2026lcsc is smaller than triggerMinMagnitude: no automatic simulation
2026/06/08 17:32:37.937526 [Incident:Info:toast@toast-new:Origin updated] Origin updated: OT: 2026-06-08 00:18:19,  Lat/Lon: 5.3879°/125.436°, Depth: 15
2026/06/08 17:32:37.951152 [Incident:Info:toast@toast-new:Magnitude updated] Magnitude updated: 5.33 (mb)
2026/06/08 17:32:37.961871 [Simulation:Info:toast@toast-new:Simulation not generated] Magnitude 5.33 of event bmg2026lcsc is smaller than triggerMinMagnitude: no automatic simulation
