2026/08/15 23:26:45.605246 [Incident:Info:toast@toast-new:Displacement(s) updated] Added 0 and changed 0 displacements with 0 amplitudes
2026/08/15 23:26:45.607640 [Incident:Info:toast@toast-new:Incident created] Incident created based on event received from messaging: OT: 2026-08-15 16:25:19,  Lat/Lon: 0.21°/120.21°, Depth: 41.49, Mag: 6.10 (M)
2026/08/15 23:26:45.608278 [Simulation:Info:toast@toast-new:Simulation not generated] Magnitude 6.10 of event bmg2026pyef is smaller than triggerMinMagnitude: no automatic simulation
2026/08/15 23:26:45.629340 [Incident:Info:toast@toast-new:Origin updated] Origin updated: OT: 2026-08-15 16:25:19,  Lat/Lon: 0.214443°/120.207°, Depth: 41.4888
2026/08/15 23:26:45.629484 [Simulation:Info:toast@toast-new:Simulation not generated] Magnitude 6.10 of event bmg2026pyef is smaller than triggerMinMagnitude: no automatic simulation
2026/08/15 23:26:49.877730 [Incident:Info:toast@toast-new:Origin updated] Origin updated: OT: 2026-08-15 16:25:19,  Lat/Lon: 0.214443°/120.207°, Depth: 41.4888
2026/08/15 23:26:49.877826 [Incident:Info:toast@toast-new:Magnitude updated] Magnitude updated: 6.11 (M)
2026/08/15 23:26:49.877855 [Simulation:Info:toast@toast-new:Simulation not generated] Magnitude 6.11 of event bmg2026pyef is smaller than triggerMinMagnitude: no automatic simulation
2026/08/15 23:26:54.516421 [Incident:Info:toast@toast-new:Origin updated] Origin updated: OT: 2026-08-15 16:25:19,  Lat/Lon: 0.22178°/120.226°, Depth: 43.4294
2026/08/15 23:26:54.516639 [Incident:Info:toast@toast-new:Magnitude updated] Magnitude updated: 6.04 (M)
2026/08/15 23:26:54.516696 [Simulation:Info:toast@toast-new:Simulation not generated] Magnitude 6.04 of event bmg2026pyef is smaller than triggerMinMagnitude: no automatic simulation
2026/08/15 23:26:55.491724 [Incident:Info:toast@toast-new:Origin updated] Origin updated: OT: 2026-08-15 16:25:19,  Lat/Lon: 0.22178°/120.226°, Depth: 43.4294
2026/08/15 23:26:55.491887 [Incident:Info:toast@toast-new:Magnitude updated] Magnitude updated: 6.05 (M)
2026/08/15 23:26:55.491950 [Simulation:Info:toast@toast-new:Simulation not generated] Magnitude 6.05 of event bmg2026pyef is smaller than triggerMinMagnitude: no automatic simulation
2026/08/15 23:26:59.742417 [Incident:Info:toast@toast-new:Origin updated] Origin updated: OT: 2026-08-15 16:25:19,  Lat/Lon: 0.22178°/120.226°, Depth: 43.4294
2026/08/15 23:26:59.742575 [Incident:Info:toast@toast-new:Magnitude updated] Magnitude updated: 6.10 (M)
2026/08/15 23:26:59.742614 [Simulation:Info:toast@toast-new:Simulation not generated] Magnitude 6.10 of event bmg2026pyef is smaller than triggerMinMagnitude: no automatic simulation
2026/08/15 23:27:04.678172 [Incident:Info:toast@toast-new:Origin updated] Origin updated: OT: 2026-08-15 16:25:19,  Lat/Lon: 0.22178°/120.226°, Depth: 43.4294
2026/08/15 23:27:04.678334 [Incident:Info:toast@toast-new:Magnitude updated] Magnitude updated: 6.11 (M)
2026/08/15 23:27:04.678378 [Simulation:Info:toast@toast-new:Simulation not generated] Magnitude 6.11 of event bmg2026pyef is smaller than triggerMinMagnitude: no automatic simulation
2026/08/15 23:27:05.249795 [Incident:Info:toast@toast-new:Origin updated] Origin updated: OT: 2026-08-15 16:25:19,  Lat/Lon: 0.22178°/120.226°, Depth: 43.4294
2026/08/15 23:27:05.249925 [Incident:Info:toast@toast-new:Magnitude updated] Magnitude updated: 6.11 (M)
2026/08/15 23:27:05.249954 [Simulation:Info:toast@toast-new:Simulation not generated] Magnitude 6.11 of event bmg2026pyef is smaller than triggerMinMagnitude: no automatic simulation
2026/08/15 23:27:05.265864 [Incident:Info:toast@toast-new:Origin updated] Origin updated: OT: 2026-08-15 16:25:19,  Lat/Lon: 0.252817°/120.224°, Depth: 43.9423
2026/08/15 23:27:05.266001 [Incident:Info:toast@toast-new:Magnitude updated] Magnitude updated: 6.11 (M)
2026/08/15 23:27:05.266026 [Simulation:Info:toast@toast-new:Simulation not generated] Magnitude 6.11 of event bmg2026pyef is smaller than triggerMinMagnitude: no automatic simulation
2026/08/15 23:27:07.895362 [Incident:Info:toast@toast-new:Origin updated] Origin updated: OT: 2026-08-15 16:25:19,  Lat/Lon: 0.252817°/120.224°, Depth: 43.9423
2026/08/15 23:27:07.895540 [Incident:Info:toast@toast-new:Magnitude updated] Magnitude updated: 6.12 (M)
2026/08/15 23:27:07.895571 [Simulation:Info:toast@toast-new:Simulation not generated] Magnitude 6.12 of event bmg2026pyef is smaller than triggerMinMagnitude: no automatic simulation
2026/08/15 23:27:09.792426 [Incident:Info:toast@toast-new:Origin updated] Origin updated: OT: 2026-08-15 16:25:19,  Lat/Lon: 0.252817°/120.224°, Depth: 43.9423
2026/08/15 23:27:09.792579 [Incident:Info:toast@toast-new:Magnitude updated] Magnitude updated: 6.14 (M)
2026/08/15 23:27:09.792615 [Simulation:Info:toast@toast-new:Simulation not generated] Magnitude 6.14 of event bmg2026pyef is smaller than triggerMinMagnitude: no automatic simulation
2026/08/15 23:27:14.790677 [Incident:Info:toast@toast-new:Origin updated] Origin updated: OT: 2026-08-15 16:25:19,  Lat/Lon: 0.252817°/120.224°, Depth: 43.9423
2026/08/15 23:27:14.790826 [Incident:Info:toast@toast-new:Magnitude updated] Magnitude updated: 6.19 (M)
2026/08/15 23:27:14.790875 [Simulation:Info:toast@toast-new:Simulation not generated] Magnitude 6.19 of event bmg2026pyef is smaller than triggerMinMagnitude: no automatic simulation
2026/08/15 23:27:19.862516 [Incident:Info:toast@toast-new:Origin updated] Origin updated: OT: 2026-08-15 16:25:19,  Lat/Lon: 0.252817°/120.224°, Depth: 43.9423
2026/08/15 23:27:19.862657 [Incident:Info:toast@toast-new:Magnitude updated] Magnitude updated: 6.16 (M)
2026/08/15 23:27:19.862696 [Simulation:Info:toast@toast-new:Simulation not generated] Magnitude 6.16 of event bmg2026pyef is smaller than triggerMinMagnitude: no automatic simulation
2026/08/15 23:27:24.408156 [Incident:Info:toast@toast-new:Origin updated] Origin updated: OT: 2026-08-15 16:25:19,  Lat/Lon: 0.252817°/120.224°, Depth: 43.9423
2026/08/15 23:27:24.408360 [Incident:Info:toast@toast-new:Magnitude updated] Magnitude updated: 6.17 (M)
2026/08/15 23:27:24.408412 [Simulation:Info:toast@toast-new:Simulation not generated] Magnitude 6.17 of event bmg2026pyef is smaller than triggerMinMagnitude: no automatic simulation
2026/08/15 23:27:24.749698 [Incident:Info:toast@toast-new:Origin updated] Origin updated: OT: 2026-08-15 16:25:19,  Lat/Lon: 0.252817°/120.224°, Depth: 43.9423
2026/08/15 23:27:24.749876 [Incident:Info:toast@toast-new:Magnitude updated] Magnitude updated: 6.20 (M)
2026/08/15 23:27:24.749929 [Simulation:Info:toast@toast-new:Simulation not generated] Magnitude 6.20 of event bmg2026pyef is smaller than triggerMinMagnitude: no automatic simulation
2026/08/15 23:27:29.808434 [Incident:Info:toast@toast-new:Origin updated] Origin updated: OT: 2026-08-15 16:25:19,  Lat/Lon: 0.252817°/120.224°, Depth: 43.9423
2026/08/15 23:27:29.808596 [Incident:Info:toast@toast-new:Magnitude updated] Magnitude updated: 6.20 (M)
2026/08/15 23:27:29.808621 [Simulation:Info:toast@toast-new:Simulation not generated] Magnitude 6.20 of event bmg2026pyef is smaller than triggerMinMagnitude: no automatic simulation
2026/08/15 23:27:34.780038 [Incident:Info:toast@toast-new:Origin updated] Origin updated: OT: 2026-08-15 16:25:19,  Lat/Lon: 0.252817°/120.224°, Depth: 43.9423
2026/08/15 23:27:34.780156 [Incident:Info:toast@toast-new:Magnitude updated] Magnitude updated: 6.23 (M)
2026/08/15 23:27:34.780185 [Simulation:Info:toast@toast-new:Simulation not generated] Magnitude 6.23 of event bmg2026pyef is smaller than triggerMinMagnitude: no automatic simulation
2026/08/15 23:27:36.594319 [Incident:Info:toast@toast-new:Origin updated] Origin updated: OT: 2026-08-15 16:25:19,  Lat/Lon: 0.263581°/120.233°, Depth: 49.4509
2026/08/15 23:27:36.594517 [Incident:Info:toast@toast-new:Magnitude updated] Magnitude updated: 6.21 (M)
2026/08/15 23:27:36.594559 [Simulation:Info:toast@toast-new:Simulation not generated] Magnitude 6.21 of event bmg2026pyef is smaller than triggerMinMagnitude: no automatic simulation
2026/08/15 23:27:39.864131 [Incident:Info:toast@toast-new:Origin updated] Origin updated: OT: 2026-08-15 16:25:19,  Lat/Lon: 0.263581°/120.233°, Depth: 49.4509
2026/08/15 23:27:39.864261 [Incident:Info:toast@toast-new:Magnitude updated] Magnitude updated: 6.28 (M)
2026/08/15 23:27:39.864301 [Simulation:Info:toast@toast-new:Simulation not generated] Magnitude 6.28 of event bmg2026pyef is smaller than triggerMinMagnitude: no automatic simulation
2026/08/15 23:27:44.905246 [Incident:Info:toast@toast-new:Origin updated] Origin updated: OT: 2026-08-15 16:25:19,  Lat/Lon: 0.263581°/120.233°, Depth: 49.4509
2026/08/15 23:27:44.906926 [Incident:Info:toast@toast-new:Magnitude updated] Magnitude updated: 6.26 (M)
2026/08/15 23:27:44.906981 [Simulation:Info:toast@toast-new:Simulation not generated] Magnitude 6.26 of event bmg2026pyef is smaller than triggerMinMagnitude: no automatic simulation
2026/08/15 23:27:48.055907 [Incident:Info:toast@toast-new:Origin updated] Origin updated: OT: 2026-08-15 16:25:19,  Lat/Lon: 0.263581°/120.233°, Depth: 49.4509
2026/08/15 23:27:48.056088 [Incident:Info:toast@toast-new:Magnitude updated] Magnitude updated: 6.29 (M)
2026/08/15 23:27:48.056132 [Simulation:Info:toast@toast-new:Simulation not generated] Magnitude 6.29 of event bmg2026pyef is smaller than triggerMinMagnitude: no automatic simulation
2026/08/15 23:27:49.750939 [Incident:Info:toast@toast-new:Origin updated] Origin updated: OT: 2026-08-15 16:25:19,  Lat/Lon: 0.263581°/120.233°, Depth: 49.4509
2026/08/15 23:27:49.751109 [Incident:Info:toast@toast-new:Magnitude updated] Magnitude updated: 6.35 (Mw(mB))
2026/08/15 23:27:49.751195 [Simulation:Info:toast@toast-new:Simulation not generated] Magnitude 6.35 of event bmg2026pyef is smaller than triggerMinMagnitude: no automatic simulation
2026/08/15 23:27:49.777149 [Incident:Info:toast@toast-new:Origin updated] Origin updated: OT: 2026-08-15 16:25:19,  Lat/Lon: 0.263581°/120.233°, Depth: 49.4509
2026/08/15 23:27:49.777279 [Simulation:Info:toast@toast-new:Simulation not generated] Magnitude 6.35 of event bmg2026pyef is smaller than triggerMinMagnitude: no automatic simulation
2026/08/15 23:27:53.139985 [Simulation:Info:toast@toast-new:Simulation(s) triggered] Automatic simulation(s) triggered manually
2026/08/15 23:27:53.140917 [Simulation:Info:toast@toast-new:Simulation(s) started] No nodal plane available. Starting Simulation(s) with fault plane, Lat/Lon: 0.26°/ 120.23° (MT), Depth: 49.45km (MT), Mag: 6.35 (MT)
2026/08/15 23:27:53.144184 [Simulation:Info:toast@toast-new:Simulation running] TsunAWI: Looking for matching scenarios
2026/08/15 23:27:53.148565 [Simulation:Info:toast@toast-new:Simulation finished] TsunAWI: No matching scenarios
2026/08/15 23:27:53.155354 [Simulation:Info:toast@toast-new:No simulation returned] TsunAWI simulation backend returned no simulation.
2026/08/15 23:27:53.242441 [Simulation:Info:toast@toast-new:Simulation tracked] Tracking progress of EasyWave2 simulation 63000002N120122E4b5659eb8f5d3acd704ffdc103c4b590f86a267d
2026/08/15 23:27:53.248877 [Simulation:Info:toast@toast-new:Simulation tracked] Tracking progress of EasyWave2 simulation 63000002N120122E298560c955ed9f63f2bb1d7ebafce0c231586c1a
2026/08/15 23:27:54.881931 [Incident:Info:toast@toast-new:Origin updated] Origin updated: OT: 2026-08-15 16:25:19,  Lat/Lon: 0.263581°/120.233°, Depth: 49.4509
2026/08/15 23:27:54.882139 [Incident:Info:toast@toast-new:Magnitude updated] Magnitude updated: 6.32 (Mw(mB))
2026/08/15 23:27:54.882219 [Simulation:Info:toast@toast-new:Simulation not generated] Magnitude 6.32 of event bmg2026pyef is smaller than triggerMinMagnitude: no automatic simulation
2026/08/15 23:27:59.236912 [Bulletin:Error:toast@toast-new:Setup failed] Failed to initialize BMKG RTSP template, NotFoundError:  
2026/08/15 23:28:01.227511 [Simulation:Info:toast@toast-new:Simulation finished] Finished EasyWave2 simulation 63000002N120122E4b5659eb8f5d3acd704ffdc103c4b590f86a267d in 7 seconds
2026/08/15 23:28:11.063175 [Incident:Info:toast@toast-new:Origin updated] Origin updated: OT: 2026-08-15 16:25:19,  Lat/Lon: 0.241047°/120.222°, Depth: 45.6376
2026/08/15 23:28:11.063686 [Incident:Info:toast@toast-new:Magnitude updated] Magnitude updated: 6.21 (Mw(mB))
2026/08/15 23:28:11.063859 [Simulation:Info:toast@toast-new:Simulation not generated] Magnitude 6.21 of event bmg2026pyef is smaller than triggerMinMagnitude: no automatic simulation
2026/08/15 23:28:13.203736 [Simulation:Info:toast@toast-new:Simulation finished] Finished EasyWave2 simulation 63000002N120122E298560c955ed9f63f2bb1d7ebafce0c231586c1a in 19 seconds
2026/08/15 23:28:13.977882 [Incident:Info:toast@toast-new:Origin updated] Origin updated: OT: 2026-08-15 16:25:19,  Lat/Lon: 0.241047°/120.222°, Depth: 45.6376
2026/08/15 23:28:13.978131 [Incident:Info:toast@toast-new:Magnitude updated] Magnitude updated: 6.13 (Mw(mB))
2026/08/15 23:28:13.978200 [Simulation:Info:toast@toast-new:Simulation not generated] Magnitude 6.13 of event bmg2026pyef is smaller than triggerMinMagnitude: no automatic simulation
2026/08/15 23:28:20.006900 [Incident:Info:toast@toast-new:Origin updated] Origin updated: OT: 2026-08-15 16:25:19,  Lat/Lon: 0.241047°/120.222°, Depth: 45.6376
2026/08/15 23:28:20.007168 [Incident:Info:toast@toast-new:Magnitude updated] Magnitude updated: 6.11 (Mw(mB))
2026/08/15 23:28:20.007235 [Simulation:Info:toast@toast-new:Simulation not generated] Magnitude 6.11 of event bmg2026pyef is smaller than triggerMinMagnitude: no automatic simulation
2026/08/15 23:28:26.660150 [Incident:Info:toast@toast-new:Origin updated] Origin updated: OT: 2026-08-15 16:25:19,  Lat/Lon: 0.241047°/120.222°, Depth: 45.6376
2026/08/15 23:28:26.660365 [Incident:Info:toast@toast-new:FM updated] FM updated
2026/08/15 23:28:26.660702 [Simulation:Info:toast@toast-new:Simulation not generated] Magnitude 6.11 of event bmg2026pyef is smaller than triggerMinMagnitude: no automatic simulation
2026/08/15 23:28:49.011388 [Incident:Info:toast@toast-new:Origin updated] Origin updated: OT: 2026-08-15 16:25:19,  Lat/Lon: 0.24277°/120.211°, Depth: 38.5057
2026/08/15 23:28:49.011639 [Incident:Info:toast@toast-new:Magnitude updated] Magnitude updated: 5.91 (Mw(mB))
2026/08/15 23:28:49.011693 [Simulation:Info:toast@toast-new:Simulation not generated] Magnitude 5.91 of event bmg2026pyef is smaller than triggerMinMagnitude: no automatic simulation
2026/08/15 23:28:49.881666 [Incident:Info:toast@toast-new:Origin updated] Origin updated: OT: 2026-08-15 16:25:19,  Lat/Lon: 0.24277°/120.211°, Depth: 38.5057
2026/08/15 23:28:49.881952 [Incident:Info:toast@toast-new:Magnitude updated] Magnitude updated: 5.90 (Mw(mB))
2026/08/15 23:28:49.882028 [Simulation:Info:toast@toast-new:Simulation not generated] Magnitude 5.90 of event bmg2026pyef is smaller than triggerMinMagnitude: no automatic simulation
2026/08/15 23:28:55.189139 [Incident:Info:toast@toast-new:Origin updated] Origin updated: OT: 2026-08-15 16:25:19,  Lat/Lon: 0.24277°/120.211°, Depth: 38.5057
2026/08/15 23:28:55.189482 [Incident:Info:toast@toast-new:Magnitude updated] Magnitude updated: 5.88 (Mw(mB))
2026/08/15 23:28:55.189589 [Simulation:Info:toast@toast-new:Simulation not generated] Magnitude 5.88 of event bmg2026pyef is smaller than triggerMinMagnitude: no automatic simulation
2026/08/15 23:28:56.007144 [Incident:Info:toast@toast-new:Origin updated] Origin updated: OT: 2026-08-15 16:25:19,  Lat/Lon: 0.24277°/120.211°, Depth: 38.5057
2026/08/15 23:28:56.007404 [Incident:Info:toast@toast-new:FM updated] FM updated
2026/08/15 23:28:56.007741 [Simulation:Info:toast@toast-new:Simulation not generated] Magnitude 5.88 of event bmg2026pyef is smaller than triggerMinMagnitude: no automatic simulation
2026/08/15 23:29:00.021743 [Incident:Info:toast@toast-new:Origin updated] Origin updated: OT: 2026-08-15 16:25:19,  Lat/Lon: 0.24277°/120.211°, Depth: 38.5057
2026/08/15 23:29:00.022010 [Incident:Info:toast@toast-new:Magnitude updated] Magnitude updated: 5.90 (Mw(mB))
2026/08/15 23:29:00.022071 [Simulation:Info:toast@toast-new:Simulation not generated] Magnitude 5.90 of event bmg2026pyef is smaller than triggerMinMagnitude: no automatic simulation
2026/08/15 23:29:01.981758 [Incident:Info:toast@toast-new:Origin updated] Origin updated: OT: 2026-08-15 16:25:19,  Lat/Lon: 0.24277°/120.211°, Depth: 38.5057
2026/08/15 23:29:01.981944 [Incident:Info:toast@toast-new:Magnitude updated] Magnitude updated: 5.91 (Mw(mB))
2026/08/15 23:29:01.981987 [Simulation:Info:toast@toast-new:Simulation not generated] Magnitude 5.91 of event bmg2026pyef is smaller than triggerMinMagnitude: no automatic simulation
2026/08/15 23:29:05.988183 [Incident:Info:toast@toast-new:Origin updated] Origin updated: OT: 2026-08-15 16:25:19,  Lat/Lon: 0.24277°/120.211°, Depth: 38.5057
2026/08/15 23:29:05.988382 [Incident:Info:toast@toast-new:FM updated] FM updated
2026/08/15 23:29:05.988685 [Simulation:Info:toast@toast-new:Simulation not generated] Magnitude 5.91 of event bmg2026pyef is smaller than triggerMinMagnitude: no automatic simulation
2026/08/15 23:29:15.981369 [Incident:Info:toast@toast-new:Origin updated] Origin updated: OT: 2026-08-15 16:25:19,  Lat/Lon: 0.24277°/120.211°, Depth: 38.5057
2026/08/15 23:29:15.981620 [Incident:Info:toast@toast-new:FM updated] FM updated
2026/08/15 23:29:15.981969 [Simulation:Info:toast@toast-new:Simulation not generated] Magnitude 5.91 of event bmg2026pyef is smaller than triggerMinMagnitude: no automatic simulation
2026/08/15 23:29:35.792809 [Incident:Info:toast@toast-new:Origin updated] Origin updated: OT: 2026-08-15 16:25:19,  Lat/Lon: 0.24277°/120.211°, Depth: 38.5057
2026/08/15 23:29:35.793053 [Incident:Info:toast@toast-new:FM updated] FM updated
2026/08/15 23:29:35.793393 [Simulation:Info:toast@toast-new:Simulation not generated] Magnitude 5.91 of event bmg2026pyef is smaller than triggerMinMagnitude: no automatic simulation
2026/08/15 23:29:45.957281 [Incident:Info:toast@toast-new:Origin updated] Origin updated: OT: 2026-08-15 16:25:19,  Lat/Lon: 0.24277°/120.211°, Depth: 38.5057
2026/08/15 23:29:45.957524 [Incident:Info:toast@toast-new:FM updated] FM updated
2026/08/15 23:29:45.957856 [Simulation:Info:toast@toast-new:Simulation not generated] Magnitude 5.91 of event bmg2026pyef is smaller than triggerMinMagnitude: no automatic simulation
2026/08/15 23:29:56.237932 [Incident:Info:toast@toast-new:Origin updated] Origin updated: OT: 2026-08-15 16:25:19,  Lat/Lon: 0.24277°/120.211°, Depth: 38.5057
2026/08/15 23:29:56.238176 [Incident:Info:toast@toast-new:FM updated] FM updated
2026/08/15 23:29:56.238537 [Simulation:Info:toast@toast-new:Simulation not generated] Magnitude 5.91 of event bmg2026pyef is smaller than triggerMinMagnitude: no automatic simulation
2026/08/15 23:30:16.859467 [Incident:Info:toast@toast-new:Origin updated] Origin updated: OT: 2026-08-15 16:25:19,  Lat/Lon: 0.24277°/120.211°, Depth: 38.5057
2026/08/15 23:30:16.859725 [Incident:Info:toast@toast-new:FM updated] FM updated
2026/08/15 23:30:16.860061 [Simulation:Info:toast@toast-new:Simulation not generated] Magnitude 5.91 of event bmg2026pyef is smaller than triggerMinMagnitude: no automatic simulation
2026/08/15 23:30:37.010966 [Incident:Info:toast@toast-new:Origin updated] Origin updated: OT: 2026-08-15 16:25:19,  Lat/Lon: 0.247546°/120.206°, Depth: 39.0403
2026/08/15 23:30:37.011343 [Incident:Info:toast@toast-new:Magnitude updated] Magnitude updated: 5.91 (Mw(mB))
2026/08/15 23:30:37.011429 [Simulation:Info:toast@toast-new:Simulation not generated] Magnitude 5.91 of event bmg2026pyef is smaller than triggerMinMagnitude: no automatic simulation
2026/08/15 23:30:37.030596 [Incident:Info:toast@toast-new:Origin updated] Origin updated: OT: 2026-08-15 16:25:19,  Lat/Lon: 0.247546°/120.206°, Depth: 39.0403
2026/08/15 23:30:37.030798 [Incident:Info:toast@toast-new:FM updated] FM updated
2026/08/15 23:30:37.031139 [Simulation:Info:toast@toast-new:Simulation not generated] Magnitude 5.91 of event bmg2026pyef is smaller than triggerMinMagnitude: no automatic simulation
2026/08/15 23:31:08.870185 [Incident:Info:toast@toast-new:Origin updated] Origin updated: OT: 2026-08-15 16:25:19,  Lat/Lon: 0.247546°/120.206°, Depth: 39.0403
2026/08/15 23:31:08.870377 [Incident:Info:toast@toast-new:FM updated] FM updated
2026/08/15 23:31:08.870681 [Simulation:Info:toast@toast-new:Simulation not generated] Magnitude 5.91 of event bmg2026pyef is smaller than triggerMinMagnitude: no automatic simulation
2026/08/15 23:31:11.868398 [Simulation:Info:toast@toast-new:Simulation(s) triggered] Automatic simulation(s) triggered manually
2026/08/15 23:31:11.868581 [Simulation:Info:toast@toast-new:Simulation(s) started] Starting simulation(s) with nodal plane 1, Lat/Lon: 0.25°/ 120.21° (MT), Depth: 39.04km (MT), Mag: 5.91 (MT)
2026/08/15 23:31:11.871683 [Simulation:Info:toast@toast-new:Simulation running] TsunAWI: Looking for matching scenarios
2026/08/15 23:31:11.871835 [Simulation:Info:toast@toast-new:Simulation(s) started] Starting simulation(s) with nodal plane 2, Lat/Lon: 0.25°/ 120.21° (MT), Depth: 39.04km (MT), Mag: 5.91 (MT)
2026/08/15 23:31:11.874784 [Simulation:Info:toast@toast-new:Simulation running] TsunAWI: Looking for matching scenarios
2026/08/15 23:31:11.874875 [Simulation:Info:toast@toast-new:Simulation(s) started] Starting simulation(s) with fault plane, Lat/Lon: 0.25°/ 120.21° (MT), Depth: 39.04km (MT), Mag: 5.91 (MT)
2026/08/15 23:31:11.875950 [Simulation:Info:toast@toast-new:Simulation finished] TsunAWI: No matching scenarios
2026/08/15 23:31:11.878306 [Simulation:Info:toast@toast-new:Simulation finished] TsunAWI: No matching scenarios
2026/08/15 23:31:11.879528 [Simulation:Info:toast@toast-new:Simulation running] TsunAWI: Looking for matching scenarios
2026/08/15 23:31:11.880376 [Simulation:Info:toast@toast-new:No simulation returned] TsunAWI simulation backend returned no simulation.
2026/08/15 23:31:11.881059 [Simulation:Info:toast@toast-new:No simulation returned] TsunAWI simulation backend returned no simulation.
2026/08/15 23:31:11.882765 [Simulation:Info:toast@toast-new:Simulation finished] TsunAWI: No matching scenarios
2026/08/15 23:31:11.893699 [Simulation:Info:toast@toast-new:No simulation returned] TsunAWI simulation backend returned no simulation.
2026/08/15 23:31:11.945245 [Simulation:Info:toast@toast-new:Simulation tracked] Tracking progress of EasyWave2 simulation 59000002N120122E28ef026d4c5e27e4fd2d98bb150fb096edea3dea
2026/08/15 23:31:11.951070 [Simulation:Info:toast@toast-new:Simulation tracked] Tracking progress of EasyWave2 simulation 59000002N120122E9b574a0c7bdc950d1d30d459ac91d25b1e86524f
2026/08/15 23:31:11.960758 [Simulation:Info:toast@toast-new:Simulation tracked] Tracking progress of EasyWave2 simulation 59000002N120122E4644df37032dcd10189efdc3e50c690f4f8dbe67
2026/08/15 23:31:11.965796 [Simulation:Info:toast@toast-new:Simulation tracked] Tracking progress of EasyWave2 simulation 59000002N120122E8423575802e6412db755741ab40395406c6cae8a
2026/08/15 23:31:11.974307 [Simulation:Info:toast@toast-new:Simulation tracked] Tracking progress of EasyWave2 simulation 59000002N120122E6f275042a49e6ce2068d9de1e83d67a2092acc56
2026/08/15 23:31:11.979309 [Simulation:Info:toast@toast-new:Simulation tracked] Tracking progress of EasyWave2 simulation 59000002N120122E449ebdb1e92c1de1d1771eb9c204788a8cb0a663
2026/08/15 23:31:17.011636 [Incident:Info:toast@toast-new:Origin updated] Origin updated: OT: 2026-08-15 16:25:19,  Lat/Lon: 0.247546°/120.206°, Depth: 39.0403
2026/08/15 23:31:17.011922 [Incident:Info:toast@toast-new:FM updated] FM updated
2026/08/15 23:31:17.012435 [Simulation:Info:toast@toast-new:Simulation not generated] Magnitude 5.91 of event bmg2026pyef is smaller than triggerMinMagnitude: no automatic simulation
2026/08/15 23:31:19.703143 [Simulation:Info:toast@toast-new:Simulation finished] Finished EasyWave2 simulation 59000002N120122E28ef026d4c5e27e4fd2d98bb150fb096edea3dea in 7 seconds
2026/08/15 23:31:26.040050 [Incident:Info:toast@toast-new:Origin updated] Origin updated: OT: 2026-08-15 16:25:19,  Lat/Lon: 0.26277°/120.247°, Depth: 60.4806
2026/08/15 23:31:26.040418 [Incident:Info:toast@toast-new:Magnitude updated] Magnitude updated: 6.02 (Mw(mB))
2026/08/15 23:31:26.040505 [Simulation:Info:toast@toast-new:Simulation not generated] Magnitude 6.02 of event bmg2026pyef is smaller than triggerMinMagnitude: no automatic simulation
2026/08/15 23:31:26.740877 [Incident:Info:toast@toast-new:Origin updated] Origin updated: OT: 2026-08-15 16:25:19,  Lat/Lon: 0.26277°/120.247°, Depth: 60.4806
2026/08/15 23:31:26.741063 [Incident:Info:toast@toast-new:FM updated] FM updated
2026/08/15 23:31:26.741373 [Simulation:Info:toast@toast-new:Simulation not generated] Magnitude 6.02 of event bmg2026pyef is smaller than triggerMinMagnitude: no automatic simulation
2026/08/15 23:31:29.736503 [Simulation:Info:toast@toast-new:Simulation finished] Finished EasyWave2 simulation 59000002N120122E9b574a0c7bdc950d1d30d459ac91d25b1e86524f in 17 seconds
2026/08/15 23:31:30.076933 [Incident:Info:toast@toast-new:Origin updated] Origin updated: OT: 2026-08-15 16:25:19,  Lat/Lon: 0.26277°/120.247°, Depth: 60.4806
2026/08/15 23:31:30.077259 [Incident:Info:toast@toast-new:Magnitude updated] Magnitude updated: 6.02 (Mw(mB))
2026/08/15 23:31:30.077336 [Simulation:Info:toast@toast-new:Simulation not generated] Magnitude 6.02 of event bmg2026pyef is smaller than triggerMinMagnitude: no automatic simulation
2026/08/15 23:31:34.958641 [Incident:Info:toast@toast-new:Origin updated] Origin updated: OT: 2026-08-15 16:25:19,  Lat/Lon: 0.26277°/120.247°, Depth: 60.4806
2026/08/15 23:31:34.959339 [Incident:Info:toast@toast-new:Magnitude updated] Magnitude updated: 6.02 (Mw(mB))
2026/08/15 23:31:34.959496 [Simulation:Info:toast@toast-new:Simulation not generated] Magnitude 6.02 of event bmg2026pyef is smaller than triggerMinMagnitude: no automatic simulation
2026/08/15 23:31:35.710157 [Simulation:Info:toast@toast-new:Simulation finished] Finished EasyWave2 simulation 59000002N120122E4644df37032dcd10189efdc3e50c690f4f8dbe67 in 23 seconds
2026/08/15 23:31:37.393529 [Incident:Info:toast@toast-new:Origin updated] Origin updated: OT: 2026-08-15 16:25:19,  Lat/Lon: 0.26277°/120.247°, Depth: 60.4806
2026/08/15 23:31:37.393760 [Incident:Info:toast@toast-new:FM updated] FM updated
2026/08/15 23:31:37.394195 [Simulation:Info:toast@toast-new:Simulation not generated] Magnitude 6.02 of event bmg2026pyef is smaller than triggerMinMagnitude: no automatic simulation
2026/08/15 23:31:39.954248 [Incident:Info:toast@toast-new:Origin updated] Origin updated: OT: 2026-08-15 16:25:19,  Lat/Lon: 0.26277°/120.247°, Depth: 60.4806
2026/08/15 23:31:39.954503 [Incident:Info:toast@toast-new:Magnitude updated] Magnitude updated: 6.02 (Mw(mB))
2026/08/15 23:31:39.954578 [Simulation:Info:toast@toast-new:Simulation not generated] Magnitude 6.02 of event bmg2026pyef is smaller than triggerMinMagnitude: no automatic simulation
2026/08/15 23:31:45.730674 [Simulation:Info:toast@toast-new:Simulation finished] Finished EasyWave2 simulation 59000002N120122E8423575802e6412db755741ab40395406c6cae8a in 33 seconds
2026/08/15 23:31:51.715959 [Simulation:Info:toast@toast-new:Simulation finished] Finished EasyWave2 simulation 59000002N120122E6f275042a49e6ce2068d9de1e83d67a2092acc56 in 39 seconds
2026/08/15 23:31:57.478506 [Incident:Info:toast@toast-new:Origin updated] Origin updated: OT: 2026-08-15 16:25:19,  Lat/Lon: 0.26277°/120.247°, Depth: 60.4806
2026/08/15 23:31:57.478749 [Incident:Info:toast@toast-new:FM updated] FM updated
2026/08/15 23:31:57.479221 [Simulation:Info:toast@toast-new:Simulation not generated] Magnitude 6.02 of event bmg2026pyef is smaller than triggerMinMagnitude: no automatic simulation
2026/08/15 23:32:02.703992 [Simulation:Info:toast@toast-new:Simulation finished] Finished EasyWave2 simulation 59000002N120122E449ebdb1e92c1de1d1771eb9c204788a8cb0a663 in 50 seconds
2026/08/15 23:32:06.309686 [Incident:Info:toast@toast-new:Origin updated] Origin updated: OT: 2026-08-15 16:25:19,  Lat/Lon: 0.26277°/120.247°, Depth: 60.4806
2026/08/15 23:32:06.309977 [Incident:Info:toast@toast-new:FM updated] FM updated
2026/08/15 23:32:06.310366 [Simulation:Info:toast@toast-new:Simulation not generated] Magnitude 6.02 of event bmg2026pyef is smaller than triggerMinMagnitude: no automatic simulation
2026/08/15 23:32:20.699736 [Incident:Info:toast@toast-new:Origin updated] Origin updated: OT: 2026-08-15 16:25:19,  Lat/Lon: 0.26277°/120.247°, Depth: 60.4806
2026/08/15 23:32:20.700043 [Incident:Info:toast@toast-new:FM updated] FM updated
2026/08/15 23:32:20.700480 [Simulation:Info:toast@toast-new:Simulation not generated] Magnitude 6.02 of event bmg2026pyef is smaller than triggerMinMagnitude: no automatic simulation
2026/08/15 23:32:51.384838 [Simulation:Info:toast@toast-new:Simulation removed] Removed simulation 59000002N120122E449ebdb1e92c1de1d1771eb9c204788a8cb0a663
2026/08/15 23:32:51.397782 [Simulation:Info:toast@toast-new:Simulation removed] Removed simulation 59000002N120122E6f275042a49e6ce2068d9de1e83d67a2092acc56
2026/08/15 23:32:51.412168 [Simulation:Info:toast@toast-new:Simulation removed] Removed simulation 59000002N120122E8423575802e6412db755741ab40395406c6cae8a
2026/08/15 23:32:51.420316 [Simulation:Info:toast@toast-new:Simulation removed] Removed simulation 59000002N120122E4644df37032dcd10189efdc3e50c690f4f8dbe67
2026/08/15 23:32:51.429961 [Simulation:Info:toast@toast-new:Simulation removed] Removed simulation 59000002N120122E9b574a0c7bdc950d1d30d459ac91d25b1e86524f
2026/08/15 23:32:51.437646 [Simulation:Info:toast@toast-new:Simulation removed] Removed simulation 59000002N120122E28ef026d4c5e27e4fd2d98bb150fb096edea3dea
2026/08/15 23:32:51.463789 [Simulation:Info:toast@toast-new:Simulation removed] Removed simulation 63000002N120122E298560c955ed9f63f2bb1d7ebafce0c231586c1a
2026/08/15 23:32:51.478485 [Simulation:Info:toast@toast-new:Simulation removed] Removed simulation 63000002N120122E4b5659eb8f5d3acd704ffdc103c4b590f86a267d
2026/08/15 23:32:55.981127 [Simulation:Info:toast@toast-new:Simulation(s) triggered] Automatic simulation(s) triggered manually
2026/08/15 23:32:55.982008 [Simulation:Info:toast@toast-new:Simulation(s) started] Starting simulation(s) with nodal plane 1, Lat/Lon: 0.26°/ 120.25° (MT), Depth: 60.48km (MT), Mag: 6.02 (MT)
2026/08/15 23:32:55.985770 [Simulation:Info:toast@toast-new:Simulation running] TsunAWI: Looking for matching scenarios
2026/08/15 23:32:55.986841 [Simulation:Info:toast@toast-new:Simulation(s) started] Starting simulation(s) with nodal plane 2, Lat/Lon: 0.26°/ 120.25° (MT), Depth: 60.48km (MT), Mag: 6.02 (MT)
2026/08/15 23:32:55.989637 [Simulation:Info:toast@toast-new:Simulation finished] TsunAWI: No matching scenarios
2026/08/15 23:32:55.990985 [Simulation:Info:toast@toast-new:Simulation running] TsunAWI: Looking for matching scenarios
2026/08/15 23:32:55.991285 [Simulation:Info:toast@toast-new:Simulation(s) skipped] Simulation(s) not created with fault plane because a nodal plane is similar.
2026/08/15 23:32:55.992092 [Simulation:Info:toast@toast-new:No simulation returned] TsunAWI simulation backend returned no simulation.
2026/08/15 23:32:55.994626 [Simulation:Info:toast@toast-new:Simulation finished] TsunAWI: No matching scenarios
2026/08/15 23:32:55.998460 [Simulation:Info:toast@toast-new:No simulation returned] TsunAWI simulation backend returned no simulation.
2026/08/15 23:32:56.070466 [Simulation:Info:toast@toast-new:Simulation tracked] Tracking progress of EasyWave2 simulation 60000002N120122Ee5ba3aecde7264cc49556619c789e9806f4a46b1
2026/08/15 23:32:56.076821 [Simulation:Info:toast@toast-new:Simulation tracked] Tracking progress of EasyWave2 simulation 60000002N120122E1e9dbcd085bc34b8acd91dce6d5fe0c30581cfb1
2026/08/15 23:32:56.086835 [Simulation:Info:toast@toast-new:Simulation tracked] Tracking progress of EasyWave2 simulation 60000002N120122E99d7e5f123bcce1e2d5a3a670cda1a1c31d2b9b6
2026/08/15 23:32:56.092251 [Simulation:Info:toast@toast-new:Simulation tracked] Tracking progress of EasyWave2 simulation 60000002N120122Ea22ecef4cd12ba695c38ad24e1ef27a0e79482fd
2026/08/15 23:32:59.239428 [Bulletin:Error:toast@toast-new:Setup failed] Failed to initialize BMKG RTSP template, NotFoundError:  
2026/08/15 23:33:01.239289 [Bulletin:Error:toast@toast-new:Setup failed] Failed to initialize BMKG RTSP template, NotFoundError:  
2026/08/15 23:33:03.232148 [Simulation:Info:toast@toast-new:Simulation finished] Finished EasyWave2 simulation 60000002N120122Ee5ba3aecde7264cc49556619c789e9806f4a46b1 in 7 seconds
2026/08/15 23:33:05.296900 [Incident:Info:toast@toast-new:Origin updated] Origin updated: OT: 2026-08-15 16:25:19,  Lat/Lon: 0.26277°/120.247°, Depth: 60.4806
2026/08/15 23:33:05.297110 [Simulation:Info:toast@toast-new:Simulation not generated] Magnitude 6.02 of event bmg2026pyef is smaller than triggerMinMagnitude: no automatic simulation
2026/08/15 23:33:12.209531 [Incident:Info:toast@toast-new:Origin updated] Origin updated: OT: 2026-08-15 16:25:19,  Lat/Lon: 0.26277°/120.247°, Depth: 60.4806
2026/08/15 23:33:12.209705 [Simulation:Info:toast@toast-new:Simulation not generated] Magnitude 6.02 of event bmg2026pyef is smaller than triggerMinMagnitude: no automatic simulation
2026/08/15 23:33:12.228180 [Incident:Info:toast@toast-new:Origin updated] Origin updated: OT: 2026-08-15 16:25:19,  Lat/Lon: 0.26277°/120.247°, Depth: 60.4806
2026/08/15 23:33:12.228387 [Incident:Info:toast@toast-new:Magnitude updated] Magnitude updated: 5.86 (Mw)
2026/08/15 23:33:12.228477 [Simulation:Info:toast@toast-new:Simulation not generated] Magnitude 5.86 of event bmg2026pyef is smaller than triggerMinMagnitude: no automatic simulation
2026/08/15 23:33:15.203511 [Simulation:Info:toast@toast-new:Simulation finished] Finished EasyWave2 simulation 60000002N120122E1e9dbcd085bc34b8acd91dce6d5fe0c30581cfb1 in 19 seconds
2026/08/15 23:33:21.202606 [Simulation:Info:toast@toast-new:Simulation finished] Finished EasyWave2 simulation 60000002N120122E99d7e5f123bcce1e2d5a3a670cda1a1c31d2b9b6 in 25 seconds
2026/08/15 23:33:23.248265 [Simulation:Info:toast@toast-new:Simulation removed] Removed simulation 60000002N120122Ea22ecef4cd12ba695c38ad24e1ef27a0e79482fd
2026/08/15 23:33:23.277522 [Simulation:Info:toast@toast-new:Simulation removed] Removed simulation 60000002N120122E99d7e5f123bcce1e2d5a3a670cda1a1c31d2b9b6
2026/08/15 23:33:23.320621 [Simulation:Info:toast@toast-new:Simulation removed] Removed simulation 60000002N120122E1e9dbcd085bc34b8acd91dce6d5fe0c30581cfb1
2026/08/15 23:33:23.353427 [Simulation:Info:toast@toast-new:Simulation removed] Removed simulation 60000002N120122Ee5ba3aecde7264cc49556619c789e9806f4a46b1
2026/08/15 23:33:27.829341 [Simulation:Info:toast@toast-new:Simulation(s) triggered] Automatic simulation(s) triggered manually
2026/08/15 23:33:27.830329 [Simulation:Info:toast@toast-new:Simulation(s) started] Starting simulation(s) with nodal plane 1, Lat/Lon: 0.26°/ 120.25° (MT), Depth: 60.48km (MT), Mag: 5.86 (MT)
2026/08/15 23:33:27.833709 [Simulation:Info:toast@toast-new:Simulation running] TsunAWI: Looking for matching scenarios
2026/08/15 23:33:27.834624 [Simulation:Info:toast@toast-new:Simulation(s) started] Starting simulation(s) with nodal plane 2, Lat/Lon: 0.26°/ 120.25° (MT), Depth: 60.48km (MT), Mag: 5.86 (MT)
2026/08/15 23:33:27.837993 [Simulation:Info:toast@toast-new:Simulation finished] TsunAWI: No matching scenarios
2026/08/15 23:33:27.841030 [Simulation:Info:toast@toast-new:Simulation running] TsunAWI: Looking for matching scenarios
2026/08/15 23:33:27.841106 [Simulation:Info:toast@toast-new:Simulation(s) skipped] Simulation(s) not created with fault plane because a nodal plane is similar.
2026/08/15 23:33:27.841798 [Simulation:Info:toast@toast-new:No simulation returned] TsunAWI simulation backend returned no simulation.
2026/08/15 23:33:27.844978 [Simulation:Info:toast@toast-new:Simulation finished] TsunAWI: No matching scenarios
2026/08/15 23:33:27.849078 [Simulation:Info:toast@toast-new:No simulation returned] TsunAWI simulation backend returned no simulation.
2026/08/15 23:33:27.923887 [Simulation:Info:toast@toast-new:Simulation tracked] Tracking progress of EasyWave2 simulation 58000002N120122E2cd67b6027b82c73b2f93b75946e8e5e2038ce5b
2026/08/15 23:33:27.930247 [Simulation:Info:toast@toast-new:Simulation tracked] Tracking progress of EasyWave2 simulation 58000002N120122E2de21e09798cfeceda75f01ecba0b65a7f6c41de
2026/08/15 23:33:27.940625 [Simulation:Info:toast@toast-new:Simulation tracked] Tracking progress of EasyWave2 simulation 58000002N120122E451f22b8f8a2040a72ec1fb278eb859e11539885
2026/08/15 23:33:27.946079 [Simulation:Info:toast@toast-new:Simulation tracked] Tracking progress of EasyWave2 simulation 58000002N120122Ea17620d2e05ef00817362d6adbd949642410321d
2026/08/15 23:33:35.703686 [Simulation:Info:toast@toast-new:Simulation finished] Finished EasyWave2 simulation 58000002N120122E2cd67b6027b82c73b2f93b75946e8e5e2038ce5b in 7 seconds
2026/08/15 23:33:45.704140 [Simulation:Info:toast@toast-new:Simulation finished] Finished EasyWave2 simulation 58000002N120122E2de21e09798cfeceda75f01ecba0b65a7f6c41de in 17 seconds
2026/08/15 23:33:51.701996 [Simulation:Info:toast@toast-new:Simulation finished] Finished EasyWave2 simulation 58000002N120122E451f22b8f8a2040a72ec1fb278eb859e11539885 in 23 seconds
2026/08/15 23:34:02.703016 [Simulation:Info:toast@toast-new:Simulation finished] Finished EasyWave2 simulation 58000002N120122Ea17620d2e05ef00817362d6adbd949642410321d in 34 seconds
2026/08/15 23:34:20.965669 [Simulation:Info:toast@toast-new:Simulation(s) triggered] Automatic simulation(s) triggered manually
2026/08/15 23:34:20.965935 [Simulation:Info:toast@toast-new:Simulation(s) started] Starting simulation(s) with nodal plane 1, Lat/Lon: 0.26°/ 120.25° (MT), Depth: 60.48km (MT), Mag: 5.86 (MT)
2026/08/15 23:34:20.967076 [Simulation:Info:toast@toast-new:Simulation skipped] EasyWave2 simulation with similar parameters already exists
2026/08/15 23:34:20.968447 [Simulation:Info:toast@toast-new:Simulation running] TsunAWI: Looking for matching scenarios
2026/08/15 23:34:20.968701 [Simulation:Info:toast@toast-new:Simulation(s) started] Starting simulation(s) with nodal plane 2, Lat/Lon: 0.26°/ 120.25° (MT), Depth: 60.48km (MT), Mag: 5.86 (MT)
2026/08/15 23:34:20.969525 [Simulation:Info:toast@toast-new:Simulation skipped] EasyWave2 simulation with similar parameters already exists
2026/08/15 23:34:20.972700 [Simulation:Info:toast@toast-new:Simulation finished] TsunAWI: No matching scenarios
2026/08/15 23:34:20.973303 [Simulation:Info:toast@toast-new:Simulation running] TsunAWI: Looking for matching scenarios
2026/08/15 23:34:20.973436 [Simulation:Info:toast@toast-new:Simulation(s) skipped] Simulation(s) not created with fault plane because a nodal plane is similar.
2026/08/15 23:34:20.974049 [Simulation:Info:toast@toast-new:No simulation returned] TsunAWI simulation backend returned no simulation.
2026/08/15 23:34:20.977432 [Simulation:Info:toast@toast-new:Simulation finished] TsunAWI: No matching scenarios
2026/08/15 23:34:20.986236 [Simulation:Info:toast@toast-new:No simulation returned] TsunAWI simulation backend returned no simulation.
2026/08/16 02:34:39.429065 [Incident:Info:toast@toast-new:Origin updated] Origin updated: OT: 2026-08-15 16:25:19,  Lat/Lon: 0.267043°/120.243°, Depth: 54.4964
2026/08/16 02:34:39.429451 [Simulation:Info:toast@toast-new:Simulation not generated] Magnitude 5.86 of event bmg2026pyef is smaller than triggerMinMagnitude: no automatic simulation
