2026/07/06 15:13:27.185633 [Incident:Info:toast@toast-new:Displacement(s) updated] Added 0 and changed 0 displacements with 0 amplitudes
2026/07/06 15:13:27.188612 [Incident:Info:toast@toast-new:Incident created] Incident created based on event received from messaging: OT: 2026-07-06 08:11:08,  Lat/Lon: 5.06°/125.23°, Depth: 10.00, Mag: 5.84 (M)
2026/07/06 15:13:27.189246 [Simulation:Info:toast@toast-new:Simulation not generated] Magnitude 5.84 of event bmg2026nclu is smaller than triggerMinMagnitude: no automatic simulation
2026/07/06 15:13:27.210314 [Incident:Info:toast@toast-new:Origin updated] Origin updated: OT: 2026-07-06 08:11:08,  Lat/Lon: 5.05818°/125.235°, Depth: 10
2026/07/06 15:13:27.210471 [Simulation:Info:toast@toast-new:Simulation not generated] Magnitude 5.84 of event bmg2026nclu is smaller than triggerMinMagnitude: no automatic simulation
2026/07/06 15:13:32.282091 [Incident:Info:toast@toast-new:Origin updated] Origin updated: OT: 2026-07-06 08:11:08,  Lat/Lon: 5.05818°/125.235°, Depth: 10
2026/07/06 15:13:32.282293 [Incident:Info:toast@toast-new:Magnitude updated] Magnitude updated: 5.86 (M)
2026/07/06 15:13:32.282354 [Simulation:Info:toast@toast-new:Simulation not generated] Magnitude 5.86 of event bmg2026nclu is smaller than triggerMinMagnitude: no automatic simulation
2026/07/06 15:13:36.537569 [Incident:Info:toast@toast-new:Origin updated] Origin updated: OT: 2026-07-06 08:11:08,  Lat/Lon: 5.06588°/125.228°, Depth: 10
2026/07/06 15:13:36.537770 [Incident:Info:toast@toast-new:Magnitude updated] Magnitude updated: 5.83 (M)
2026/07/06 15:13:36.537831 [Simulation:Info:toast@toast-new:Simulation not generated] Magnitude 5.83 of event bmg2026nclu is smaller than triggerMinMagnitude: no automatic simulation
2026/07/06 15:13:40.633008 [Incident:Info:toast@toast-new:Origin updated] Origin updated: OT: 2026-07-06 08:11:08,  Lat/Lon: 5.0643°/125.239°, Depth: 10
2026/07/06 15:13:40.633205 [Incident:Info:toast@toast-new:Magnitude updated] Magnitude updated: 5.86 (M)
2026/07/06 15:13:40.633260 [Simulation:Info:toast@toast-new:Simulation not generated] Magnitude 5.86 of event bmg2026nclu is smaller than triggerMinMagnitude: no automatic simulation
2026/07/06 15:13:42.273260 [Incident:Info:toast@toast-new:Origin updated] Origin updated: OT: 2026-07-06 08:11:08,  Lat/Lon: 5.0643°/125.239°, Depth: 10
2026/07/06 15:13:42.273445 [Incident:Info:toast@toast-new:Magnitude updated] Magnitude updated: 5.87 (M)
2026/07/06 15:13:42.273489 [Simulation:Info:toast@toast-new:Simulation not generated] Magnitude 5.87 of event bmg2026nclu is smaller than triggerMinMagnitude: no automatic simulation
2026/07/06 15:13:47.311272 [Incident:Info:toast@toast-new:Origin updated] Origin updated: OT: 2026-07-06 08:11:08,  Lat/Lon: 5.0643°/125.239°, Depth: 10
2026/07/06 15:13:47.311506 [Incident:Info:toast@toast-new:Magnitude updated] Magnitude updated: 5.88 (M)
2026/07/06 15:13:47.311565 [Simulation:Info:toast@toast-new:Simulation not generated] Magnitude 5.88 of event bmg2026nclu is smaller than triggerMinMagnitude: no automatic simulation
2026/07/06 15:13:52.424683 [Incident:Info:toast@toast-new:Origin updated] Origin updated: OT: 2026-07-06 08:11:08,  Lat/Lon: 5.0643°/125.239°, Depth: 10
2026/07/06 15:13:52.424883 [Incident:Info:toast@toast-new:Magnitude updated] Magnitude updated: 5.90 (M)
2026/07/06 15:13:52.424927 [Simulation:Info:toast@toast-new:Simulation not generated] Magnitude 5.90 of event bmg2026nclu is smaller than triggerMinMagnitude: no automatic simulation
2026/07/06 15:13:57.387712 [Incident:Info:toast@toast-new:Origin updated] Origin updated: OT: 2026-07-06 08:11:08,  Lat/Lon: 5.0643°/125.239°, Depth: 10
2026/07/06 15:13:57.387863 [Incident:Info:toast@toast-new:Magnitude updated] Magnitude updated: 5.93 (M)
2026/07/06 15:13:57.387889 [Simulation:Info:toast@toast-new:Simulation not generated] Magnitude 5.93 of event bmg2026nclu is smaller than triggerMinMagnitude: no automatic simulation
2026/07/06 15:14:02.318037 [Incident:Info:toast@toast-new:Origin updated] Origin updated: OT: 2026-07-06 08:11:08,  Lat/Lon: 5.0643°/125.239°, Depth: 10
2026/07/06 15:14:02.318260 [Incident:Info:toast@toast-new:Magnitude updated] Magnitude updated: 5.95 (M)
2026/07/06 15:14:02.318322 [Simulation:Info:toast@toast-new:Simulation not generated] Magnitude 5.95 of event bmg2026nclu is smaller than triggerMinMagnitude: no automatic simulation
2026/07/06 15:14:07.357336 [Incident:Info:toast@toast-new:Origin updated] Origin updated: OT: 2026-07-06 08:11:08,  Lat/Lon: 5.0643°/125.239°, Depth: 10
2026/07/06 15:14:07.357554 [Incident:Info:toast@toast-new:Magnitude updated] Magnitude updated: 5.96 (M)
2026/07/06 15:14:07.357611 [Simulation:Info:toast@toast-new:Simulation not generated] Magnitude 5.96 of event bmg2026nclu is smaller than triggerMinMagnitude: no automatic simulation
2026/07/06 15:14:12.400007 [Incident:Info:toast@toast-new:Origin updated] Origin updated: OT: 2026-07-06 08:11:08,  Lat/Lon: 5.0643°/125.239°, Depth: 10
2026/07/06 15:14:12.400195 [Incident:Info:toast@toast-new:Magnitude updated] Magnitude updated: 5.98 (M)
2026/07/06 15:14:12.400240 [Simulation:Info:toast@toast-new:Simulation not generated] Magnitude 5.98 of event bmg2026nclu is smaller than triggerMinMagnitude: no automatic simulation
2026/07/06 15:14:17.355843 [Incident:Info:toast@toast-new:Origin updated] Origin updated: OT: 2026-07-06 08:11:08,  Lat/Lon: 5.0643°/125.239°, Depth: 10
2026/07/06 15:14:17.356042 [Incident:Info:toast@toast-new:Magnitude updated] Magnitude updated: 5.99 (M)
2026/07/06 15:14:17.356087 [Simulation:Info:toast@toast-new:Simulation not generated] Magnitude 5.99 of event bmg2026nclu is smaller than triggerMinMagnitude: no automatic simulation
2026/07/06 15:14:21.504634 [Incident:Info:toast@toast-new:Origin updated] Origin updated: OT: 2026-07-06 08:11:08,  Lat/Lon: 5.0643°/125.239°, Depth: 10
2026/07/06 15:14:21.504863 [Incident:Info:toast@toast-new:Magnitude updated] Magnitude updated: 5.99 (M)
2026/07/06 15:14:21.504922 [Simulation:Info:toast@toast-new:Simulation not generated] Magnitude 5.99 of event bmg2026nclu is smaller than triggerMinMagnitude: no automatic simulation
2026/07/06 15:14:27.409899 [Incident:Info:toast@toast-new:Origin updated] Origin updated: OT: 2026-07-06 08:11:08,  Lat/Lon: 5.0643°/125.239°, Depth: 10
2026/07/06 15:14:27.410090 [Incident:Info:toast@toast-new:Magnitude updated] Magnitude updated: 5.98 (M)
2026/07/06 15:14:27.410133 [Simulation:Info:toast@toast-new:Simulation not generated] Magnitude 5.98 of event bmg2026nclu is smaller than triggerMinMagnitude: no automatic simulation
2026/07/06 15:14:27.553314 [Incident:Info:toast@toast-new:Origin updated] Origin updated: OT: 2026-07-06 08:11:09,  Lat/Lon: 5.03585°/125.293°, Depth: 10
2026/07/06 15:14:27.553525 [Incident:Info:toast@toast-new:Magnitude updated] Magnitude updated: 5.89 (MLv)
2026/07/06 15:14:27.553580 [Simulation:Info:toast@toast-new:Simulation not generated] Magnitude 5.89 of event bmg2026nclu is smaller than triggerMinMagnitude: no automatic simulation
2026/07/06 15:14:27.576345 [Incident:Info:toast@toast-new:Origin updated] Origin updated: OT: 2026-07-06 08:11:09,  Lat/Lon: 5.03585°/125.293°, Depth: 10
2026/07/06 15:14:27.576473 [Incident:Info:toast@toast-new:Magnitude updated] Magnitude updated: 5.94 (M)
2026/07/06 15:14:27.576507 [Simulation:Info:toast@toast-new:Simulation not generated] Magnitude 5.94 of event bmg2026nclu is smaller than triggerMinMagnitude: no automatic simulation
2026/07/06 15:14:32.438161 [Incident:Info:toast@toast-new:Origin updated] Origin updated: OT: 2026-07-06 08:11:09,  Lat/Lon: 5.03585°/125.293°, Depth: 10
2026/07/06 15:14:32.438384 [Incident:Info:toast@toast-new:Magnitude updated] Magnitude updated: 5.95 (M)
2026/07/06 15:14:32.438430 [Simulation:Info:toast@toast-new:Simulation not generated] Magnitude 5.95 of event bmg2026nclu is smaller than triggerMinMagnitude: no automatic simulation
2026/07/06 15:14:37.428066 [Incident:Info:toast@toast-new:Origin updated] Origin updated: OT: 2026-07-06 08:11:09,  Lat/Lon: 5.03585°/125.293°, Depth: 10
2026/07/06 15:14:37.428273 [Incident:Info:toast@toast-new:Magnitude updated] Magnitude updated: 5.95 (M)
2026/07/06 15:14:37.428354 [Simulation:Info:toast@toast-new:Simulation not generated] Magnitude 5.95 of event bmg2026nclu is smaller than triggerMinMagnitude: no automatic simulation
2026/07/06 15:14:42.540430 [Incident:Info:toast@toast-new:Origin updated] Origin updated: OT: 2026-07-06 08:11:09,  Lat/Lon: 5.06641°/125.318°, Depth: 10
2026/07/06 15:14:42.540632 [Incident:Info:toast@toast-new:Magnitude updated] Magnitude updated: 5.83 (mb)
2026/07/06 15:14:42.540696 [Simulation:Info:toast@toast-new:Simulation not generated] Magnitude 5.83 of event bmg2026nclu is smaller than triggerMinMagnitude: no automatic simulation
2026/07/06 15:14:42.565984 [Incident:Info:toast@toast-new:Origin updated] Origin updated: OT: 2026-07-06 08:11:09,  Lat/Lon: 5.06641°/125.318°, Depth: 10
2026/07/06 15:14:42.566137 [Incident:Info:toast@toast-new:Magnitude updated] Magnitude updated: 5.92 (M)
2026/07/06 15:14:42.566189 [Simulation:Info:toast@toast-new:Simulation not generated] Magnitude 5.92 of event bmg2026nclu is smaller than triggerMinMagnitude: no automatic simulation
2026/07/06 15:14:47.488753 [Incident:Info:toast@toast-new:Origin updated] Origin updated: OT: 2026-07-06 08:11:09,  Lat/Lon: 5.06641°/125.318°, Depth: 10
2026/07/06 15:14:47.488934 [Incident:Info:toast@toast-new:Magnitude updated] Magnitude updated: 5.85 (Mw(mB))
2026/07/06 15:14:47.488974 [Simulation:Info:toast@toast-new:Simulation not generated] Magnitude 5.85 of event bmg2026nclu is smaller than triggerMinMagnitude: no automatic simulation
2026/07/06 15:14:47.518462 [Incident:Info:toast@toast-new:Origin updated] Origin updated: OT: 2026-07-06 08:11:09,  Lat/Lon: 5.06641°/125.318°, Depth: 10
2026/07/06 15:14:47.518597 [Simulation:Info:toast@toast-new:Simulation not generated] Magnitude 5.85 of event bmg2026nclu is smaller than triggerMinMagnitude: no automatic simulation
2026/07/06 15:14:50.073393 [Incident:Info:toast@toast-new:Origin updated] Origin updated: OT: 2026-07-06 08:11:09,  Lat/Lon: 5.06641°/125.318°, Depth: 10
2026/07/06 15:14:50.073574 [Incident:Info:toast@toast-new:Magnitude updated] Magnitude updated: 5.85 (Mw(mB))
2026/07/06 15:14:50.073618 [Simulation:Info:toast@toast-new:Simulation not generated] Magnitude 5.85 of event bmg2026nclu is smaller than triggerMinMagnitude: no automatic simulation
2026/07/06 15:14:52.433429 [Incident:Info:toast@toast-new:Origin updated] Origin updated: OT: 2026-07-06 08:11:09,  Lat/Lon: 5.06641°/125.318°, Depth: 10
2026/07/06 15:14:52.433636 [Incident:Info:toast@toast-new:Magnitude updated] Magnitude updated: 5.86 (Mw(mB))
2026/07/06 15:14:52.433684 [Simulation:Info:toast@toast-new:Simulation not generated] Magnitude 5.86 of event bmg2026nclu is smaller than triggerMinMagnitude: no automatic simulation
2026/07/06 15:15:22.599322 [Incident:Info:toast@toast-new:Origin updated] Origin updated: OT: 2026-07-06 08:11:09,  Lat/Lon: 5.08158°/125.345°, Depth: 10
2026/07/06 15:15:22.599506 [Incident:Info:toast@toast-new:Magnitude updated] Magnitude updated: 5.86 (Mw(mB))
2026/07/06 15:15:22.599537 [Simulation:Info:toast@toast-new:Simulation not generated] Magnitude 5.86 of event bmg2026nclu is smaller than triggerMinMagnitude: no automatic simulation
2026/07/06 15:15:22.677125 [Incident:Info:toast@toast-new:Origin updated] Origin updated: OT: 2026-07-06 08:11:09,  Lat/Lon: 5.08158°/125.345°, Depth: 10
2026/07/06 15:15:22.677272 [Incident:Info:toast@toast-new:Magnitude updated] Magnitude updated: 5.86 (Mw(mB))
2026/07/06 15:15:22.677309 [Simulation:Info:toast@toast-new:Simulation not generated] Magnitude 5.86 of event bmg2026nclu is smaller than triggerMinMagnitude: no automatic simulation
2026/07/06 15:16:07.604228 [Incident:Info:toast@toast-new:Origin updated] Origin updated: OT: 2026-07-06 08:11:09,  Lat/Lon: 5.08158°/125.345°, Depth: 10
2026/07/06 15:16:07.604412 [Incident:Info:toast@toast-new:FM updated] FM updated
2026/07/06 15:16:07.604665 [Simulation:Info:toast@toast-new:Simulation not generated] Magnitude 5.86 of event bmg2026nclu is smaller than triggerMinMagnitude: no automatic simulation
2026/07/06 15:16:17.710969 [Incident:Info:toast@toast-new:Origin updated] Origin updated: OT: 2026-07-06 08:11:09,  Lat/Lon: 5.08158°/125.345°, Depth: 10
2026/07/06 15:16:17.711149 [Incident:Info:toast@toast-new:FM updated] FM updated
2026/07/06 15:16:17.711405 [Simulation:Info:toast@toast-new:Simulation not generated] Magnitude 5.86 of event bmg2026nclu is smaller than triggerMinMagnitude: no automatic simulation
2026/07/06 15:16:37.756271 [Incident:Info:toast@toast-new:Origin updated] Origin updated: OT: 2026-07-06 08:11:09,  Lat/Lon: 5.08158°/125.345°, Depth: 10
2026/07/06 15:16:37.756449 [Incident:Info:toast@toast-new:FM updated] FM updated
2026/07/06 15:16:37.756697 [Simulation:Info:toast@toast-new:Simulation not generated] Magnitude 5.86 of event bmg2026nclu is smaller than triggerMinMagnitude: no automatic simulation
2026/07/06 15:16:38.973809 [Incident:Info:toast@toast-new:Origin updated] Origin updated: OT: 2026-07-06 08:11:10,  Lat/Lon: 5.07489°/125.343°, Depth: 10
2026/07/06 15:16:38.974650 [Incident:Info:toast@toast-new:Magnitude updated] Magnitude updated: 5.93 (Mw(mB))
2026/07/06 15:16:38.974694 [Simulation:Info:toast@toast-new:Simulation not generated] Magnitude 5.93 of event bmg2026nclu is smaller than triggerMinMagnitude: no automatic simulation
2026/07/06 15:16:48.308445 [Incident:Info:toast@toast-new:Origin updated] Origin updated: OT: 2026-07-06 08:11:10,  Lat/Lon: 5.07489°/125.343°, Depth: 10
2026/07/06 15:16:48.308613 [Incident:Info:toast@toast-new:FM updated] FM updated
2026/07/06 15:16:48.308858 [Simulation:Info:toast@toast-new:Simulation not generated] Magnitude 5.93 of event bmg2026nclu is smaller than triggerMinMagnitude: no automatic simulation
2026/07/06 15:16:55.346699 [Incident:Info:toast@toast-new:Origin updated] Origin updated: OT: 2026-07-06 08:11:10,  Lat/Lon: 5.06887°/125.4°, Depth: 10
2026/07/06 15:16:55.346902 [Incident:Info:toast@toast-new:Magnitude updated] Magnitude updated: 6.05 (Mw(mB))
2026/07/06 15:16:55.346965 [Simulation:Info:toast@toast-new:Simulation not generated] Magnitude 6.05 of event bmg2026nclu is smaller than triggerMinMagnitude: no automatic simulation
2026/07/06 15:16:55.608327 [Incident:Info:toast@toast-new:Origin updated] Origin updated: OT: 2026-07-06 08:11:10,  Lat/Lon: 5.06887°/125.4°, Depth: 10
2026/07/06 15:16:55.608524 [Incident:Info:toast@toast-new:Magnitude updated] Magnitude updated: 6.05 (Mw(mB))
2026/07/06 15:16:55.608596 [Simulation:Info:toast@toast-new:Simulation not generated] Magnitude 6.05 of event bmg2026nclu is smaller than triggerMinMagnitude: no automatic simulation
2026/07/06 15:16:57.887977 [Incident:Info:toast@toast-new:Origin updated] Origin updated: OT: 2026-07-06 08:11:10,  Lat/Lon: 5.06887°/125.4°, Depth: 10
2026/07/06 15:16:57.888123 [Incident:Info:toast@toast-new:FM updated] FM updated
2026/07/06 15:16:57.888344 [Simulation:Info:toast@toast-new:Simulation not generated] Magnitude 6.05 of event bmg2026nclu is smaller than triggerMinMagnitude: no automatic simulation
2026/07/06 15:17:02.400612 [Incident:Info:toast@toast-new:Origin updated] Origin updated: OT: 2026-07-06 08:11:10,  Lat/Lon: 5.06887°/125.4°, Depth: 10
2026/07/06 15:17:02.400759 [Incident:Info:toast@toast-new:Magnitude updated] Magnitude updated: 6.05 (Mw(mB))
2026/07/06 15:17:02.400800 [Simulation:Info:toast@toast-new:Simulation not generated] Magnitude 6.05 of event bmg2026nclu is smaller than triggerMinMagnitude: no automatic simulation
2026/07/06 15:17:07.812499 [Incident:Info:toast@toast-new:Origin updated] Origin updated: OT: 2026-07-06 08:11:10,  Lat/Lon: 5.06887°/125.4°, Depth: 10
2026/07/06 15:17:07.812661 [Incident:Info:toast@toast-new:Magnitude updated] Magnitude updated: 6.06 (Mw(mB))
2026/07/06 15:17:07.812707 [Simulation:Info:toast@toast-new:Simulation not generated] Magnitude 6.06 of event bmg2026nclu is smaller than triggerMinMagnitude: no automatic simulation
2026/07/06 15:17:12.434217 [Incident:Info:toast@toast-new:Origin updated] Origin updated: OT: 2026-07-06 08:11:10,  Lat/Lon: 5.06887°/125.4°, Depth: 10
2026/07/06 15:17:12.434423 [Incident:Info:toast@toast-new:Magnitude updated] Magnitude updated: 6.07 (Mw(mB))
2026/07/06 15:17:12.434482 [Simulation:Info:toast@toast-new:Simulation not generated] Magnitude 6.07 of event bmg2026nclu is smaller than triggerMinMagnitude: no automatic simulation
2026/07/06 15:17:14.075070 [Incident:Info:toast@toast-new:Origin updated] Origin updated: OT: 2026-07-06 08:11:10,  Lat/Lon: 5.06887°/125.4°, Depth: 10
2026/07/06 15:17:14.075278 [Incident:Info:toast@toast-new:Magnitude updated] Magnitude updated: 5.85 (Mw)
2026/07/06 15:17:14.075340 [Simulation:Info:toast@toast-new:Simulation not generated] Magnitude 5.85 of event bmg2026nclu is smaller than triggerMinMagnitude: no automatic simulation
2026/07/06 15:17:27.922934 [Incident:Info:toast@toast-new:Origin updated] Origin updated: OT: 2026-07-06 08:11:10,  Lat/Lon: 5.06887°/125.4°, Depth: 10
2026/07/06 15:17:27.923129 [Incident:Info:toast@toast-new:Magnitude updated] Magnitude updated: 5.85 (Mw)
2026/07/06 15:17:27.923160 [Incident:Info:toast@toast-new:FM updated] FM updated
2026/07/06 15:17:27.923415 [Simulation:Info:toast@toast-new:Simulation not generated] Magnitude 5.85 of event bmg2026nclu is smaller than triggerMinMagnitude: no automatic simulation
2026/07/06 15:17:38.023709 [Incident:Info:toast@toast-new:Origin updated] Origin updated: OT: 2026-07-06 08:11:10,  Lat/Lon: 5.06887°/125.4°, Depth: 10
2026/07/06 15:17:38.023945 [Incident:Info:toast@toast-new:Magnitude updated] Magnitude updated: 5.86 (Mw)
2026/07/06 15:17:38.024000 [Incident:Info:toast@toast-new:FM updated] FM updated
2026/07/06 15:17:38.024425 [Simulation:Info:toast@toast-new:Simulation not generated] Magnitude 5.86 of event bmg2026nclu is smaller than triggerMinMagnitude: no automatic simulation
2026/07/06 15:17:43.177030 [Incident:Info:toast@toast-new:Origin updated] Origin updated: OT: 2026-07-06 08:11:10,  Lat/Lon: 5.10136°/125.409°, Depth: 10
2026/07/06 15:17:43.177221 [Simulation:Info:toast@toast-new:Simulation not generated] Magnitude 5.86 of event bmg2026nclu is smaller than triggerMinMagnitude: no automatic simulation
2026/07/06 15:17:48.642598 [Incident:Info:toast@toast-new:Origin updated] Origin updated: OT: 2026-07-06 08:11:10,  Lat/Lon: 5.10136°/125.409°, Depth: 10
2026/07/06 15:17:48.642792 [Incident:Info:toast@toast-new:Magnitude updated] Magnitude updated: 6.37 (Mw)
2026/07/06 15:17:48.642851 [Incident:Info:toast@toast-new:FM updated] FM updated
2026/07/06 15:17:48.643086 [Simulation:Info:toast@toast-new:Simulation not generated] Magnitude 6.37 of event bmg2026nclu is smaller than triggerMinMagnitude: no automatic simulation
2026/07/06 15:17:59.359823 [Incident:Info:toast@toast-new:Origin updated] Origin updated: OT: 2026-07-06 08:11:10,  Lat/Lon: 5.10136°/125.409°, Depth: 10
2026/07/06 15:17:59.360010 [Incident:Info:toast@toast-new:Magnitude updated] Magnitude updated: 6.37 (Mw)
2026/07/06 15:17:59.360051 [Incident:Info:toast@toast-new:FM updated] FM updated
2026/07/06 15:17:59.360287 [Simulation:Info:toast@toast-new:Simulation not generated] Magnitude 6.37 of event bmg2026nclu is smaller than triggerMinMagnitude: no automatic simulation
2026/07/06 15:18:10.425724 [Incident:Info:toast@toast-new:Origin updated] Origin updated: OT: 2026-07-06 08:11:10,  Lat/Lon: 5.10136°/125.409°, Depth: 10
2026/07/06 15:18:10.425918 [Incident:Info:toast@toast-new:Magnitude updated] Magnitude updated: 5.96 (mb)
2026/07/06 15:18:10.425985 [Simulation:Info:toast@toast-new:Simulation not generated] Magnitude 5.96 of event bmg2026nclu is smaller than triggerMinMagnitude: no automatic simulation
2026/07/06 15:18:29.624091 [Incident:Info:toast@toast-new:Origin updated] Origin updated: OT: 2026-07-06 08:11:10,  Lat/Lon: 5.10136°/125.409°, Depth: 10
2026/07/06 15:18:29.624287 [Incident:Info:toast@toast-new:FM updated] FM updated
2026/07/06 15:18:29.624553 [Simulation:Info:toast@toast-new:Simulation not generated] Magnitude 5.96 of event bmg2026nclu is smaller than triggerMinMagnitude: no automatic simulation
2026/07/06 15:18:37.319014 [Incident:Info:toast@toast-new:Origin updated] Origin updated: OT: 2026-07-06 08:11:09,  Lat/Lon: 5.12631°/125.409°, Depth: 10
2026/07/06 15:18:37.319248 [Incident:Info:toast@toast-new:Magnitude updated] Magnitude updated: 5.97 (mb)
2026/07/06 15:18:37.319294 [Simulation:Info:toast@toast-new:Simulation not generated] Magnitude 5.97 of event bmg2026nclu is smaller than triggerMinMagnitude: no automatic simulation
2026/07/06 15:18:39.928030 [Incident:Info:toast@toast-new:Origin updated] Origin updated: OT: 2026-07-06 08:11:09,  Lat/Lon: 5.12631°/125.409°, Depth: 10
2026/07/06 15:18:39.928274 [Incident:Info:toast@toast-new:FM updated] FM updated
2026/07/06 15:18:39.928731 [Simulation:Info:toast@toast-new:Simulation not generated] Magnitude 5.97 of event bmg2026nclu is smaller than triggerMinMagnitude: no automatic simulation
2026/07/06 15:18:40.641471 [Incident:Info:toast@toast-new:Origin updated] Origin updated: OT: 2026-07-06 08:11:09,  Lat/Lon: 5.12631°/125.409°, Depth: 10
2026/07/06 15:18:40.641663 [Incident:Info:toast@toast-new:FM updated] FM updated
2026/07/06 15:18:40.641926 [Simulation:Info:toast@toast-new:Simulation not generated] Magnitude 5.97 of event bmg2026nclu is smaller than triggerMinMagnitude: no automatic simulation
2026/07/06 15:19:50.800742 [Incident:Info:toast@toast-new:Origin updated] Origin updated: OT: 2026-07-06 08:11:09,  Lat/Lon: 5.12631°/125.409°, Depth: 10
2026/07/06 15:19:50.800904 [Incident:Info:toast@toast-new:FM updated] FM updated
2026/07/06 15:19:50.801146 [Simulation:Info:toast@toast-new:Simulation not generated] Magnitude 5.97 of event bmg2026nclu is smaller than triggerMinMagnitude: no automatic simulation
2026/07/06 15:20:03.409782 [Incident:Info:toast@toast-new:Origin updated] Origin updated: OT: 2026-07-06 08:11:12,  Lat/Lon: 5.10284°/125.429°, Depth: 29.3608
2026/07/06 15:20:03.409991 [Incident:Info:toast@toast-new:Magnitude updated] Magnitude updated: 5.97 (mb)
2026/07/06 15:20:03.410030 [Simulation:Info:toast@toast-new:Simulation not generated] Magnitude 5.97 of event bmg2026nclu is smaller than triggerMinMagnitude: no automatic simulation
2026/07/06 15:21:34.223866 [Incident:Info:toast@toast-new:Origin updated] Origin updated: OT: 2026-07-06 08:11:12,  Lat/Lon: 5.10284°/125.429°, Depth: 29.3608
2026/07/06 15:21:34.224030 [Incident:Info:toast@toast-new:FM updated] FM updated
2026/07/06 15:21:34.224304 [Simulation:Info:toast@toast-new:Simulation not generated] Magnitude 5.97 of event bmg2026nclu is smaller than triggerMinMagnitude: no automatic simulation
2026/07/06 15:21:54.227487 [Incident:Info:toast@toast-new:Origin updated] Origin updated: OT: 2026-07-06 08:11:12,  Lat/Lon: 5.10284°/125.429°, Depth: 29.3608
2026/07/06 15:21:54.227695 [Incident:Info:toast@toast-new:Magnitude updated] Magnitude updated: 6.02 (Mw)
2026/07/06 15:21:54.227751 [Simulation:Info:toast@toast-new:Simulation not generated] Magnitude 6.02 of event bmg2026nclu is smaller than triggerMinMagnitude: no automatic simulation
2026/07/06 15:25:24.551435 [Incident:Info:toast@toast-new:Origin updated] Origin updated: OT: 2026-07-06 08:11:12,  Lat/Lon: 5.10284°/125.429°, Depth: 29.3608
2026/07/06 15:25:24.551611 [Incident:Info:toast@toast-new:Magnitude updated] Magnitude updated: 5.89 (Mw)
2026/07/06 15:25:24.551665 [Incident:Info:toast@toast-new:FM updated] FM updated
2026/07/06 15:25:24.551882 [Simulation:Info:toast@toast-new:Simulation not generated] Magnitude 5.89 of event bmg2026nclu is smaller than triggerMinMagnitude: no automatic simulation
