2026/06/05 22:58:59.046077 [Incident:Info:toast@toast-new:Displacement(s) updated] Added 0 and changed 0 displacements with 0 amplitudes
2026/06/05 22:58:59.047917 [Incident:Info:toast@toast-new:Incident created] Incident created based on event received from messaging: OT: 2026-06-05 15:57:05,  Lat/Lon: -7.81°/127.36°, Depth: 10.00, Mag: 5.84 (M)
2026/06/05 22:58:59.048506 [Simulation:Info:toast@toast-new:Simulation not generated] Magnitude 5.84 of event bmg2026kyko is smaller than triggerMinMagnitude: no automatic simulation
2026/06/05 22:58:59.069366 [Incident:Info:toast@toast-new:Origin updated] Origin updated: OT: 2026-06-05 15:57:05,  Lat/Lon: -7.81227°/127.36°, Depth: 10
2026/06/05 22:58:59.069504 [Simulation:Info:toast@toast-new:Simulation not generated] Magnitude 5.84 of event bmg2026kyko is smaller than triggerMinMagnitude: no automatic simulation
2026/06/05 22:59:03.985108 [Incident:Info:toast@toast-new:Origin updated] Origin updated: OT: 2026-06-05 15:57:05,  Lat/Lon: -7.81227°/127.36°, Depth: 10
2026/06/05 22:59:03.985260 [Incident:Info:toast@toast-new:Magnitude updated] Magnitude updated: 5.89 (M)
2026/06/05 22:59:03.985314 [Simulation:Info:toast@toast-new:Simulation not generated] Magnitude 5.89 of event bmg2026kyko is smaller than triggerMinMagnitude: no automatic simulation
2026/06/05 22:59:08.568424 [Incident:Info:toast@toast-new:Origin updated] Origin updated: OT: 2026-06-05 15:57:05,  Lat/Lon: -7.81227°/127.36°, Depth: 10
2026/06/05 22:59:08.568592 [Incident:Info:toast@toast-new:Magnitude updated] Magnitude updated: 5.92 (M)
2026/06/05 22:59:08.568629 [Simulation:Info:toast@toast-new:Simulation not generated] Magnitude 5.92 of event bmg2026kyko is smaller than triggerMinMagnitude: no automatic simulation
2026/06/05 22:59:08.595409 [Incident:Info:toast@toast-new:Origin updated] Origin updated: OT: 2026-06-05 15:57:05,  Lat/Lon: -7.80722°/127.334°, Depth: 10
2026/06/05 22:59:08.595520 [Incident:Info:toast@toast-new:Magnitude updated] Magnitude updated: 5.88 (M)
2026/06/05 22:59:08.595547 [Simulation:Info:toast@toast-new:Simulation not generated] Magnitude 5.88 of event bmg2026kyko is smaller than triggerMinMagnitude: no automatic simulation
2026/06/05 22:59:18.905815 [Incident:Info:toast@toast-new:Origin updated] Origin updated: OT: 2026-06-05 15:57:05,  Lat/Lon: -7.80722°/127.334°, Depth: 10
2026/06/05 22:59:18.905984 [Incident:Info:toast@toast-new:Magnitude updated] Magnitude updated: 5.88 (M)
2026/06/05 22:59:18.906022 [Simulation:Info:toast@toast-new:Simulation not generated] Magnitude 5.88 of event bmg2026kyko is smaller than triggerMinMagnitude: no automatic simulation
2026/06/05 22:59:19.137451 [Incident:Info:toast@toast-new:Origin updated] Origin updated: OT: 2026-06-05 15:57:06,  Lat/Lon: -7.84208°/127.338°, Depth: 148.09
2026/06/05 22:59:19.137614 [Incident:Info:toast@toast-new:Magnitude updated] Magnitude updated: 5.81 (M)
2026/06/05 22:59:19.137649 [Simulation:Info:toast@toast-new:Simulation not generated] Magnitude 5.81 of event bmg2026kyko is smaller than triggerMinMagnitude: no automatic simulation
2026/06/05 22:59:23.998908 [Incident:Info:toast@toast-new:Origin updated] Origin updated: OT: 2026-06-05 15:57:06,  Lat/Lon: -7.84208°/127.338°, Depth: 148.09
2026/06/05 22:59:23.999093 [Incident:Info:toast@toast-new:Magnitude updated] Magnitude updated: 5.82 (M)
2026/06/05 22:59:23.999132 [Simulation:Info:toast@toast-new:Simulation not generated] Magnitude 5.82 of event bmg2026kyko is smaller than triggerMinMagnitude: no automatic simulation
2026/06/05 22:59:29.012027 [Incident:Info:toast@toast-new:Origin updated] Origin updated: OT: 2026-06-05 15:57:06,  Lat/Lon: -7.84208°/127.338°, Depth: 148.09
2026/06/05 22:59:29.012183 [Incident:Info:toast@toast-new:Magnitude updated] Magnitude updated: 5.86 (M)
2026/06/05 22:59:29.012241 [Simulation:Info:toast@toast-new:Simulation not generated] Magnitude 5.86 of event bmg2026kyko is smaller than triggerMinMagnitude: no automatic simulation
2026/06/05 22:59:31.445974 [Incident:Info:toast@toast-new:Origin updated] Origin updated: OT: 2026-06-05 15:57:07,  Lat/Lon: -7.80503°/127.324°, Depth: 120.17
2026/06/05 22:59:31.446138 [Incident:Info:toast@toast-new:Magnitude updated] Magnitude updated: 5.92 (MLv)
2026/06/05 22:59:31.446166 [Simulation:Info:toast@toast-new:Simulation not generated] Magnitude 5.92 of event bmg2026kyko is smaller than triggerMinMagnitude: no automatic simulation
2026/06/05 22:59:31.527834 [Incident:Info:toast@toast-new:Origin updated] Origin updated: OT: 2026-06-05 15:57:07,  Lat/Lon: -7.80503°/127.324°, Depth: 120.17
2026/06/05 22:59:31.527938 [Incident:Info:toast@toast-new:Magnitude updated] Magnitude updated: 6.00 (M)
2026/06/05 22:59:31.527983 [Simulation:Info:toast@toast-new:Simulation not generated] Magnitude 6.00 of event bmg2026kyko is smaller than triggerMinMagnitude: no automatic simulation
2026/06/05 22:59:34.036691 [Incident:Info:toast@toast-new:Origin updated] Origin updated: OT: 2026-06-05 15:57:07,  Lat/Lon: -7.80503°/127.324°, Depth: 120.17
2026/06/05 22:59:34.036849 [Incident:Info:toast@toast-new:Magnitude updated] Magnitude updated: 6.00 (M)
2026/06/05 22:59:34.036889 [Simulation:Info:toast@toast-new:Simulation not generated] Magnitude 6.00 of event bmg2026kyko is smaller than triggerMinMagnitude: no automatic simulation
2026/06/05 22:59:35.985912 [Incident:Info:toast@toast-new:Origin updated] Origin updated: OT: 2026-06-05 15:57:07,  Lat/Lon: -7.80503°/127.324°, Depth: 120.17
2026/06/05 22:59:35.986064 [Incident:Info:toast@toast-new:Magnitude updated] Magnitude updated: 6.01 (M)
2026/06/05 22:59:35.986100 [Simulation:Info:toast@toast-new:Simulation not generated] Magnitude 6.01 of event bmg2026kyko is smaller than triggerMinMagnitude: no automatic simulation
2026/06/05 22:59:49.023088 [Incident:Info:toast@toast-new:Origin updated] Origin updated: OT: 2026-06-05 15:57:07,  Lat/Lon: -7.80503°/127.324°, Depth: 120.17
2026/06/05 22:59:49.023233 [Incident:Info:toast@toast-new:Magnitude updated] Magnitude updated: 6.01 (M)
2026/06/05 22:59:49.023264 [Simulation:Info:toast@toast-new:Simulation not generated] Magnitude 6.01 of event bmg2026kyko is smaller than triggerMinMagnitude: no automatic simulation
2026/06/05 23:00:04.030496 [Incident:Info:toast@toast-new:Origin updated] Origin updated: OT: 2026-06-05 15:57:07,  Lat/Lon: -7.80503°/127.324°, Depth: 120.17
2026/06/05 23:00:04.030599 [Incident:Info:toast@toast-new:Magnitude updated] Magnitude updated: 5.94 (M)
2026/06/05 23:00:04.030632 [Simulation:Info:toast@toast-new:Simulation not generated] Magnitude 5.94 of event bmg2026kyko is smaller than triggerMinMagnitude: no automatic simulation
2026/06/05 23:01:50.574787 [Incident:Info:toast@toast-new:Origin updated] Origin updated: OT: 2026-06-05 15:57:07,  Lat/Lon: -7.80503°/127.324°, Depth: 120.17
2026/06/05 23:01:50.574967 [Incident:Info:toast@toast-new:FM updated] FM updated
2026/06/05 23:01:50.575241 [Simulation:Info:toast@toast-new:Simulation not generated] Magnitude 5.94 of event bmg2026kyko is smaller than triggerMinMagnitude: no automatic simulation
2026/06/05 23:01:59.793727 [Incident:Info:toast@toast-new:Origin updated] Origin updated: OT: 2026-06-05 15:57:07,  Lat/Lon: -7.80503°/127.324°, Depth: 120.17
2026/06/05 23:01:59.793886 [Incident:Info:toast@toast-new:FM updated] FM updated
2026/06/05 23:01:59.794145 [Simulation:Info:toast@toast-new:Simulation not generated] Magnitude 5.94 of event bmg2026kyko is smaller than triggerMinMagnitude: no automatic simulation
2026/06/05 23:02:09.255739 [Incident:Info:toast@toast-new:Origin updated] Origin updated: OT: 2026-06-05 15:57:05,  Lat/Lon: -7.81543°/127.313°, Depth: 131.176
2026/06/05 23:02:09.255965 [Incident:Info:toast@toast-new:Magnitude updated] Magnitude updated: 5.83 (MLv)
2026/06/05 23:02:09.256027 [Simulation:Info:toast@toast-new:Simulation not generated] Magnitude 5.83 of event bmg2026kyko is smaller than triggerMinMagnitude: no automatic simulation
2026/06/05 23:02:09.274660 [Incident:Info:toast@toast-new:Origin updated] Origin updated: OT: 2026-06-05 15:57:05,  Lat/Lon: -7.81543°/127.313°, Depth: 131.176
2026/06/05 23:02:09.274755 [Incident:Info:toast@toast-new:Magnitude updated] Magnitude updated: 5.44 (M)
2026/06/05 23:02:09.274815 [Simulation:Info:toast@toast-new:Simulation not generated] Magnitude 5.44 of event bmg2026kyko is smaller than triggerMinMagnitude: no automatic simulation
2026/06/05 23:02:21.783090 [Incident:Info:toast@toast-new:Origin updated] Origin updated: OT: 2026-06-05 15:57:05,  Lat/Lon: -7.81543°/127.313°, Depth: 131.176
2026/06/05 23:02:21.783230 [Incident:Info:toast@toast-new:FM updated] FM updated
2026/06/05 23:02:21.783477 [Simulation:Info:toast@toast-new:Simulation not generated] Magnitude 5.44 of event bmg2026kyko is smaller than triggerMinMagnitude: no automatic simulation
2026/06/05 23:02:41.462707 [Incident:Info:toast@toast-new:Origin updated] Origin updated: OT: 2026-06-05 15:57:05,  Lat/Lon: -7.81543°/127.313°, Depth: 131.176
2026/06/05 23:02:41.462811 [Incident:Info:toast@toast-new:FM updated] FM updated
2026/06/05 23:02:41.462998 [Simulation:Info:toast@toast-new:Simulation not generated] Magnitude 5.44 of event bmg2026kyko is smaller than triggerMinMagnitude: no automatic simulation
2026/06/05 23:03:00.880427 [Incident:Info:toast@toast-new:Origin updated] Origin updated: OT: 2026-06-05 15:57:05,  Lat/Lon: -7.81543°/127.313°, Depth: 131.176
2026/06/05 23:03:00.880567 [Incident:Info:toast@toast-new:FM updated] FM updated
2026/06/05 23:03:00.880801 [Simulation:Info:toast@toast-new:Simulation not generated] Magnitude 5.44 of event bmg2026kyko is smaller than triggerMinMagnitude: no automatic simulation
2026/06/05 23:03:10.427813 [Incident:Info:toast@toast-new:Origin updated] Origin updated: OT: 2026-06-05 15:57:05,  Lat/Lon: -7.81543°/127.313°, Depth: 131.176
2026/06/05 23:03:10.427964 [Incident:Info:toast@toast-new:FM updated] FM updated
2026/06/05 23:03:10.428236 [Simulation:Info:toast@toast-new:Simulation not generated] Magnitude 5.44 of event bmg2026kyko is smaller than triggerMinMagnitude: no automatic simulation
2026/06/05 23:03:20.299716 [Incident:Info:toast@toast-new:Origin updated] Origin updated: OT: 2026-06-05 15:57:05,  Lat/Lon: -7.81543°/127.313°, Depth: 131.176
2026/06/05 23:03:20.299880 [Incident:Info:toast@toast-new:FM updated] FM updated
2026/06/05 23:03:20.300141 [Simulation:Info:toast@toast-new:Simulation not generated] Magnitude 5.44 of event bmg2026kyko is smaller than triggerMinMagnitude: no automatic simulation
2026/06/05 23:03:30.533695 [Incident:Info:toast@toast-new:Origin updated] Origin updated: OT: 2026-06-05 15:57:05,  Lat/Lon: -7.81543°/127.313°, Depth: 131.176
2026/06/05 23:03:30.533855 [Incident:Info:toast@toast-new:FM updated] FM updated
2026/06/05 23:03:30.534126 [Simulation:Info:toast@toast-new:Simulation not generated] Magnitude 5.44 of event bmg2026kyko is smaller than triggerMinMagnitude: no automatic simulation
2026/06/05 23:03:40.320248 [Incident:Info:toast@toast-new:Origin updated] Origin updated: OT: 2026-06-05 15:57:05,  Lat/Lon: -7.81543°/127.313°, Depth: 131.176
2026/06/05 23:03:40.320396 [Incident:Info:toast@toast-new:FM updated] FM updated
2026/06/05 23:03:40.320654 [Simulation:Info:toast@toast-new:Simulation not generated] Magnitude 5.44 of event bmg2026kyko is smaller than triggerMinMagnitude: no automatic simulation
2026/06/05 23:04:00.373449 [Incident:Info:toast@toast-new:Origin updated] Origin updated: OT: 2026-06-05 15:57:05,  Lat/Lon: -7.81543°/127.313°, Depth: 131.176
2026/06/05 23:04:00.373597 [Incident:Info:toast@toast-new:FM updated] FM updated
2026/06/05 23:04:00.373858 [Simulation:Info:toast@toast-new:Simulation not generated] Magnitude 5.44 of event bmg2026kyko is smaller than triggerMinMagnitude: no automatic simulation
2026/06/05 23:04:11.911660 [Incident:Info:toast@toast-new:Origin updated] Origin updated: OT: 2026-06-05 15:57:05,  Lat/Lon: -7.81543°/127.313°, Depth: 131.176
2026/06/05 23:04:11.911823 [Incident:Info:toast@toast-new:FM updated] FM updated
2026/06/05 23:04:11.912083 [Simulation:Info:toast@toast-new:Simulation not generated] Magnitude 5.44 of event bmg2026kyko is smaller than triggerMinMagnitude: no automatic simulation
2026/06/05 23:04:21.699142 [Incident:Info:toast@toast-new:Origin updated] Origin updated: OT: 2026-06-05 15:57:05,  Lat/Lon: -7.81543°/127.313°, Depth: 131.176
2026/06/05 23:04:21.699317 [Incident:Info:toast@toast-new:FM updated] FM updated
2026/06/05 23:04:21.699578 [Simulation:Info:toast@toast-new:Simulation not generated] Magnitude 5.44 of event bmg2026kyko is smaller than triggerMinMagnitude: no automatic simulation
2026/06/05 23:04:26.423981 [Incident:Info:toast@toast-new:Origin updated] Origin updated: OT: 2026-06-05 15:57:05,  Lat/Lon: -7.81543°/127.313°, Depth: 131.176
2026/06/05 23:04:26.424143 [Incident:Info:toast@toast-new:Magnitude updated] Magnitude updated: 5.79 (mb)
2026/06/05 23:04:26.424215 [Simulation:Info:toast@toast-new:Simulation not generated] Magnitude 5.79 of event bmg2026kyko is smaller than triggerMinMagnitude: no automatic simulation
2026/06/05 23:04:31.261339 [Incident:Info:toast@toast-new:Origin updated] Origin updated: OT: 2026-06-05 15:57:05,  Lat/Lon: -7.81543°/127.313°, Depth: 131.176
2026/06/05 23:04:31.261470 [Incident:Info:toast@toast-new:FM updated] FM updated
2026/06/05 23:04:31.261680 [Simulation:Info:toast@toast-new:Simulation not generated] Magnitude 5.79 of event bmg2026kyko is smaller than triggerMinMagnitude: no automatic simulation
2026/06/05 23:04:40.786138 [Incident:Info:toast@toast-new:Origin updated] Origin updated: OT: 2026-06-05 15:57:05,  Lat/Lon: -7.81543°/127.313°, Depth: 131.176
2026/06/05 23:04:40.786284 [Incident:Info:toast@toast-new:FM updated] FM updated
2026/06/05 23:04:40.786533 [Simulation:Info:toast@toast-new:Simulation not generated] Magnitude 5.79 of event bmg2026kyko is smaller than triggerMinMagnitude: no automatic simulation
2026/06/05 23:05:00.737494 [Incident:Info:toast@toast-new:Origin updated] Origin updated: OT: 2026-06-05 15:57:05,  Lat/Lon: -7.81543°/127.313°, Depth: 131.176
2026/06/05 23:05:00.737639 [Incident:Info:toast@toast-new:FM updated] FM updated
2026/06/05 23:05:00.737892 [Simulation:Info:toast@toast-new:Simulation not generated] Magnitude 5.79 of event bmg2026kyko is smaller than triggerMinMagnitude: no automatic simulation
2026/06/05 23:05:12.437497 [Incident:Info:toast@toast-new:Origin updated] Origin updated: OT: 2026-06-05 15:57:05,  Lat/Lon: -7.81543°/127.313°, Depth: 131.176
2026/06/05 23:05:12.451317 [Incident:Info:toast@toast-new:FM updated] FM updated
2026/06/05 23:05:12.451814 [Simulation:Info:toast@toast-new:Simulation not generated] Magnitude 5.79 of event bmg2026kyko is smaller than triggerMinMagnitude: no automatic simulation
2026/06/05 23:05:20.612868 [Incident:Info:toast@toast-new:Origin updated] Origin updated: OT: 2026-06-05 15:57:05,  Lat/Lon: -7.81543°/127.313°, Depth: 131.176
2026/06/05 23:05:20.612994 [Incident:Info:toast@toast-new:FM updated] FM updated
2026/06/05 23:05:20.613226 [Simulation:Info:toast@toast-new:Simulation not generated] Magnitude 5.79 of event bmg2026kyko is smaller than triggerMinMagnitude: no automatic simulation
2026/06/05 23:07:53.058675 [Incident:Info:toast@toast-new:Origin updated] Origin updated: OT: 2026-06-05 15:57:05,  Lat/Lon: -7.81543°/127.313°, Depth: 131.176
2026/06/05 23:07:53.058833 [Incident:Info:toast@toast-new:FM updated] FM updated
2026/06/05 23:07:53.059107 [Simulation:Info:toast@toast-new:Simulation not generated] Magnitude 5.79 of event bmg2026kyko is smaller than triggerMinMagnitude: no automatic simulation
2026/06/06 07:02:26.340846 [Incident:Info:toast@toast-new:Origin updated] Origin updated: OT: 2026-06-05 15:57:04,  Lat/Lon: -7.88048°/127.292°, Depth: 163.051
2026/06/06 07:02:26.341068 [Incident:Info:toast@toast-new:Magnitude updated] Magnitude updated: 5.72 (mb)
2026/06/06 07:02:26.341121 [Simulation:Info:toast@toast-new:Simulation not generated] Magnitude 5.72 of event bmg2026kyko is smaller than triggerMinMagnitude: no automatic simulation
2026/06/06 07:22:59.842758 [Incident:Info:toast@toast-new:Origin updated] Origin updated: OT: 2026-06-05 15:57:04,  Lat/Lon: -7.88048°/127.292°, Depth: 163.051
2026/06/06 07:22:59.842905 [Incident:Info:toast@toast-new:FM updated] FM updated
2026/06/06 07:22:59.843181 [Simulation:Info:toast@toast-new:Simulation not generated] Magnitude 5.72 of event bmg2026kyko is smaller than triggerMinMagnitude: no automatic simulation
