2026/08/16 20:40:17.139740 [Incident:Info:toast@toast-new:Displacement(s) updated] Added 0 and changed 0 displacements with 0 amplitudes
2026/08/16 20:40:17.140622 [Incident:Info:toast@toast-new:Incident created] Incident created based on event received from messaging: OT: 2026-08-16 13:38:41,  Lat/Lon: -7.95°/120.59°, Depth: 10.00, Mag: 5.14 (M)
2026/08/16 20:40:17.141203 [Simulation:Info:toast@toast-new:Simulation not generated] Magnitude 5.14 of event bmg2026pzuf is smaller than triggerMinMagnitude: no automatic simulation
2026/08/16 20:40:17.162361 [Incident:Info:toast@toast-new:Origin updated] Origin updated: OT: 2026-08-16 13:38:41,  Lat/Lon: -7.94544°/120.585°, Depth: 10
2026/08/16 20:40:17.162517 [Simulation:Info:toast@toast-new:Simulation not generated] Magnitude 5.14 of event bmg2026pzuf is smaller than triggerMinMagnitude: no automatic simulation
2026/08/16 20:40:19.607402 [Incident:Info:toast@toast-new:Origin updated] Origin updated: OT: 2026-08-16 13:38:41,  Lat/Lon: -7.94544°/120.585°, Depth: 10
2026/08/16 20:40:19.607548 [Incident:Info:toast@toast-new:Magnitude updated] Magnitude updated: 5.15 (M)
2026/08/16 20:40:19.607577 [Simulation:Info:toast@toast-new:Simulation not generated] Magnitude 5.15 of event bmg2026pzuf is smaller than triggerMinMagnitude: no automatic simulation
2026/08/16 20:40:24.638491 [Incident:Info:toast@toast-new:Origin updated] Origin updated: OT: 2026-08-16 13:38:41,  Lat/Lon: -7.94544°/120.585°, Depth: 10
2026/08/16 20:40:24.638656 [Incident:Info:toast@toast-new:Magnitude updated] Magnitude updated: 5.16 (M)
2026/08/16 20:40:24.638705 [Simulation:Info:toast@toast-new:Simulation not generated] Magnitude 5.16 of event bmg2026pzuf is smaller than triggerMinMagnitude: no automatic simulation
2026/08/16 20:40:25.483518 [Incident:Info:toast@toast-new:Origin updated] Origin updated: OT: 2026-08-16 13:38:41,  Lat/Lon: -7.93435°/120.562°, Depth: 10
2026/08/16 20:40:25.483703 [Incident:Info:toast@toast-new:Magnitude updated] Magnitude updated: 5.07 (M)
2026/08/16 20:40:25.483758 [Simulation:Info:toast@toast-new:Simulation not generated] Magnitude 5.07 of event bmg2026pzuf is smaller than triggerMinMagnitude: no automatic simulation
2026/08/16 20:40:29.693399 [Incident:Info:toast@toast-new:Origin updated] Origin updated: OT: 2026-08-16 13:38:41,  Lat/Lon: -7.93435°/120.562°, Depth: 10
2026/08/16 20:40:29.693551 [Incident:Info:toast@toast-new:Magnitude updated] Magnitude updated: 5.09 (M)
2026/08/16 20:40:29.693580 [Simulation:Info:toast@toast-new:Simulation not generated] Magnitude 5.09 of event bmg2026pzuf is smaller than triggerMinMagnitude: no automatic simulation
2026/08/16 20:40:34.624914 [Incident:Info:toast@toast-new:Origin updated] Origin updated: OT: 2026-08-16 13:38:41,  Lat/Lon: -7.93435°/120.562°, Depth: 10
2026/08/16 20:40:34.625078 [Incident:Info:toast@toast-new:Magnitude updated] Magnitude updated: 5.10 (M)
2026/08/16 20:40:34.625109 [Simulation:Info:toast@toast-new:Simulation not generated] Magnitude 5.10 of event bmg2026pzuf is smaller than triggerMinMagnitude: no automatic simulation
2026/08/16 20:40:39.138177 [Incident:Info:toast@toast-new:Origin updated] Origin updated: OT: 2026-08-16 13:38:41,  Lat/Lon: -7.93578°/120.559°, Depth: 10
2026/08/16 20:40:39.138339 [Incident:Info:toast@toast-new:Magnitude updated] Magnitude updated: 5.01 (M)
2026/08/16 20:40:39.138388 [Simulation:Info:toast@toast-new:Simulation not generated] Magnitude 5.01 of event bmg2026pzuf is smaller than triggerMinMagnitude: no automatic simulation
2026/08/16 20:40:39.636270 [Incident:Info:toast@toast-new:Origin updated] Origin updated: OT: 2026-08-16 13:38:41,  Lat/Lon: -7.93578°/120.559°, Depth: 10
2026/08/16 20:40:39.636447 [Incident:Info:toast@toast-new:Magnitude updated] Magnitude updated: 5.01 (M)
2026/08/16 20:40:39.636494 [Simulation:Info:toast@toast-new:Simulation not generated] Magnitude 5.01 of event bmg2026pzuf is smaller than triggerMinMagnitude: no automatic simulation
2026/08/16 20:40:44.735114 [Incident:Info:toast@toast-new:Origin updated] Origin updated: OT: 2026-08-16 13:38:41,  Lat/Lon: -7.93578°/120.559°, Depth: 10
2026/08/16 20:40:44.735365 [Incident:Info:toast@toast-new:Magnitude updated] Magnitude updated: 5.04 (M)
2026/08/16 20:40:44.735427 [Simulation:Info:toast@toast-new:Simulation not generated] Magnitude 5.04 of event bmg2026pzuf is smaller than triggerMinMagnitude: no automatic simulation
2026/08/16 20:40:49.723843 [Incident:Info:toast@toast-new:Origin updated] Origin updated: OT: 2026-08-16 13:38:41,  Lat/Lon: -7.93578°/120.559°, Depth: 10
2026/08/16 20:40:49.724004 [Incident:Info:toast@toast-new:Magnitude updated] Magnitude updated: 5.05 (M)
2026/08/16 20:40:49.724033 [Simulation:Info:toast@toast-new:Simulation not generated] Magnitude 5.05 of event bmg2026pzuf is smaller than triggerMinMagnitude: no automatic simulation
2026/08/16 20:40:50.278738 [Incident:Info:toast@toast-new:Origin updated] Origin updated: OT: 2026-08-16 13:38:41,  Lat/Lon: -7.94993°/120.582°, Depth: 10
2026/08/16 20:40:50.278905 [Incident:Info:toast@toast-new:Magnitude updated] Magnitude updated: 5.10 (MLv)
2026/08/16 20:40:50.278957 [Simulation:Info:toast@toast-new:Simulation not generated] Magnitude 5.10 of event bmg2026pzuf is smaller than triggerMinMagnitude: no automatic simulation
2026/08/16 20:40:50.294830 [Incident:Info:toast@toast-new:Origin updated] Origin updated: OT: 2026-08-16 13:38:41,  Lat/Lon: -7.94993°/120.582°, Depth: 10
2026/08/16 20:40:50.294936 [Incident:Info:toast@toast-new:Magnitude updated] Magnitude updated: 5.16 (M)
2026/08/16 20:40:50.294973 [Simulation:Info:toast@toast-new:Simulation not generated] Magnitude 5.16 of event bmg2026pzuf is smaller than triggerMinMagnitude: no automatic simulation
2026/08/16 20:40:54.734430 [Incident:Info:toast@toast-new:Origin updated] Origin updated: OT: 2026-08-16 13:38:41,  Lat/Lon: -7.94993°/120.582°, Depth: 10
2026/08/16 20:40:54.734576 [Incident:Info:toast@toast-new:Magnitude updated] Magnitude updated: 5.17 (M)
2026/08/16 20:40:54.734605 [Simulation:Info:toast@toast-new:Simulation not generated] Magnitude 5.17 of event bmg2026pzuf is smaller than triggerMinMagnitude: no automatic simulation
2026/08/16 20:40:59.305858 [Incident:Info:toast@toast-new:Origin updated] Origin updated: OT: 2026-08-16 13:38:41,  Lat/Lon: -7.94993°/120.582°, Depth: 10
2026/08/16 20:40:59.306027 [Incident:Info:toast@toast-new:Magnitude updated] Magnitude updated: 5.18 (M)
2026/08/16 20:40:59.306064 [Simulation:Info:toast@toast-new:Simulation not generated] Magnitude 5.18 of event bmg2026pzuf is smaller than triggerMinMagnitude: no automatic simulation
2026/08/16 20:41:04.746577 [Incident:Info:toast@toast-new:Origin updated] Origin updated: OT: 2026-08-16 13:38:41,  Lat/Lon: -7.94993°/120.582°, Depth: 10
2026/08/16 20:41:04.746737 [Incident:Info:toast@toast-new:Magnitude updated] Magnitude updated: 5.18 (M)
2026/08/16 20:41:04.746774 [Simulation:Info:toast@toast-new:Simulation not generated] Magnitude 5.18 of event bmg2026pzuf is smaller than triggerMinMagnitude: no automatic simulation
2026/08/16 20:41:09.796638 [Incident:Info:toast@toast-new:Origin updated] Origin updated: OT: 2026-08-16 13:38:41,  Lat/Lon: -7.94993°/120.582°, Depth: 10
2026/08/16 20:41:09.796804 [Incident:Info:toast@toast-new:Magnitude updated] Magnitude updated: 5.18 (M)
2026/08/16 20:41:09.796840 [Simulation:Info:toast@toast-new:Simulation not generated] Magnitude 5.18 of event bmg2026pzuf is smaller than triggerMinMagnitude: no automatic simulation
2026/08/16 20:41:14.797031 [Incident:Info:toast@toast-new:Origin updated] Origin updated: OT: 2026-08-16 13:38:41,  Lat/Lon: -7.94993°/120.582°, Depth: 10
2026/08/16 20:41:14.797204 [Incident:Info:toast@toast-new:Magnitude updated] Magnitude updated: 5.19 (M)
2026/08/16 20:41:14.797242 [Simulation:Info:toast@toast-new:Simulation not generated] Magnitude 5.19 of event bmg2026pzuf is smaller than triggerMinMagnitude: no automatic simulation
2026/08/16 20:41:22.360224 [Incident:Info:toast@toast-new:Origin updated] Origin updated: OT: 2026-08-16 13:38:41,  Lat/Lon: -7.94993°/120.582°, Depth: 10
2026/08/16 20:41:22.360384 [Incident:Info:toast@toast-new:Magnitude updated] Magnitude updated: 5.19 (M)
2026/08/16 20:41:22.360428 [Simulation:Info:toast@toast-new:Simulation not generated] Magnitude 5.19 of event bmg2026pzuf is smaller than triggerMinMagnitude: no automatic simulation
2026/08/16 20:41:27.681409 [Incident:Info:toast@toast-new:Origin updated] Origin updated: OT: 2026-08-16 13:38:42,  Lat/Lon: -7.92645°/120.536°, Depth: 10
2026/08/16 20:41:27.681635 [Incident:Info:toast@toast-new:Magnitude updated] Magnitude updated: 5.06 (MLv)
2026/08/16 20:41:27.681682 [Simulation:Info:toast@toast-new:Simulation not generated] Magnitude 5.06 of event bmg2026pzuf is smaller than triggerMinMagnitude: no automatic simulation
2026/08/16 20:41:27.971238 [Incident:Info:toast@toast-new:Origin updated] Origin updated: OT: 2026-08-16 13:38:42,  Lat/Lon: -7.92645°/120.536°, Depth: 10
2026/08/16 20:41:27.971391 [Incident:Info:toast@toast-new:Magnitude updated] Magnitude updated: 5.07 (M)
2026/08/16 20:41:27.971440 [Simulation:Info:toast@toast-new:Simulation not generated] Magnitude 5.07 of event bmg2026pzuf is smaller than triggerMinMagnitude: no automatic simulation
2026/08/16 20:41:29.892377 [Incident:Info:toast@toast-new:Origin updated] Origin updated: OT: 2026-08-16 13:38:42,  Lat/Lon: -7.92645°/120.536°, Depth: 10
2026/08/16 20:41:29.892529 [Incident:Info:toast@toast-new:Magnitude updated] Magnitude updated: 5.08 (M)
2026/08/16 20:41:29.892559 [Simulation:Info:toast@toast-new:Simulation not generated] Magnitude 5.08 of event bmg2026pzuf is smaller than triggerMinMagnitude: no automatic simulation
2026/08/16 20:41:34.894920 [Incident:Info:toast@toast-new:Origin updated] Origin updated: OT: 2026-08-16 13:38:42,  Lat/Lon: -7.92645°/120.536°, Depth: 10
2026/08/16 20:41:34.895088 [Incident:Info:toast@toast-new:Magnitude updated] Magnitude updated: 5.08 (M)
2026/08/16 20:41:34.895125 [Simulation:Info:toast@toast-new:Simulation not generated] Magnitude 5.08 of event bmg2026pzuf is smaller than triggerMinMagnitude: no automatic simulation
2026/08/16 20:41:39.751942 [Incident:Info:toast@toast-new:Origin updated] Origin updated: OT: 2026-08-16 13:38:42,  Lat/Lon: -7.92645°/120.536°, Depth: 10
2026/08/16 20:41:39.752106 [Incident:Info:toast@toast-new:Magnitude updated] Magnitude updated: 5.09 (M)
2026/08/16 20:41:39.752141 [Simulation:Info:toast@toast-new:Simulation not generated] Magnitude 5.09 of event bmg2026pzuf is smaller than triggerMinMagnitude: no automatic simulation
2026/08/16 20:41:44.827677 [Incident:Info:toast@toast-new:Origin updated] Origin updated: OT: 2026-08-16 13:38:42,  Lat/Lon: -7.92645°/120.536°, Depth: 10
2026/08/16 20:41:44.827849 [Incident:Info:toast@toast-new:Magnitude updated] Magnitude updated: 5.09 (M)
2026/08/16 20:41:44.827886 [Simulation:Info:toast@toast-new:Simulation not generated] Magnitude 5.09 of event bmg2026pzuf is smaller than triggerMinMagnitude: no automatic simulation
2026/08/16 20:41:49.845635 [Incident:Info:toast@toast-new:Origin updated] Origin updated: OT: 2026-08-16 13:38:42,  Lat/Lon: -7.92645°/120.536°, Depth: 10
2026/08/16 20:41:49.845769 [Incident:Info:toast@toast-new:Magnitude updated] Magnitude updated: 5.09 (M)
2026/08/16 20:41:49.845799 [Simulation:Info:toast@toast-new:Simulation not generated] Magnitude 5.09 of event bmg2026pzuf is smaller than triggerMinMagnitude: no automatic simulation
2026/08/16 20:41:52.044818 [Incident:Info:toast@toast-new:Origin updated] Origin updated: OT: 2026-08-16 13:38:42,  Lat/Lon: -7.92645°/120.536°, Depth: 10
2026/08/16 20:41:52.044975 [Incident:Info:toast@toast-new:Magnitude updated] Magnitude updated: 5.10 (M)
2026/08/16 20:41:52.045016 [Simulation:Info:toast@toast-new:Simulation not generated] Magnitude 5.10 of event bmg2026pzuf is smaller than triggerMinMagnitude: no automatic simulation
2026/08/16 20:41:54.824432 [Incident:Info:toast@toast-new:Origin updated] Origin updated: OT: 2026-08-16 13:38:42,  Lat/Lon: -7.92645°/120.536°, Depth: 10
2026/08/16 20:41:54.824602 [Incident:Info:toast@toast-new:Magnitude updated] Magnitude updated: 5.10 (M)
2026/08/16 20:41:54.824643 [Simulation:Info:toast@toast-new:Simulation not generated] Magnitude 5.10 of event bmg2026pzuf is smaller than triggerMinMagnitude: no automatic simulation
2026/08/16 20:41:59.871328 [Incident:Info:toast@toast-new:Origin updated] Origin updated: OT: 2026-08-16 13:38:42,  Lat/Lon: -7.92645°/120.536°, Depth: 10
2026/08/16 20:41:59.871501 [Incident:Info:toast@toast-new:Magnitude updated] Magnitude updated: 5.10 (M)
2026/08/16 20:41:59.871539 [Simulation:Info:toast@toast-new:Simulation not generated] Magnitude 5.10 of event bmg2026pzuf is smaller than triggerMinMagnitude: no automatic simulation
2026/08/16 20:42:04.800154 [Incident:Info:toast@toast-new:Origin updated] Origin updated: OT: 2026-08-16 13:38:42,  Lat/Lon: -7.92645°/120.536°, Depth: 10
2026/08/16 20:42:04.800324 [Incident:Info:toast@toast-new:Magnitude updated] Magnitude updated: 5.10 (M)
2026/08/16 20:42:04.800362 [Simulation:Info:toast@toast-new:Simulation not generated] Magnitude 5.10 of event bmg2026pzuf is smaller than triggerMinMagnitude: no automatic simulation
2026/08/16 20:42:09.717899 [Incident:Info:toast@toast-new:Origin updated] Origin updated: OT: 2026-08-16 13:38:42,  Lat/Lon: -7.92645°/120.536°, Depth: 10
2026/08/16 20:42:09.718092 [Incident:Info:toast@toast-new:Magnitude updated] Magnitude updated: 5.09 (M)
2026/08/16 20:42:09.718131 [Simulation:Info:toast@toast-new:Simulation not generated] Magnitude 5.09 of event bmg2026pzuf is smaller than triggerMinMagnitude: no automatic simulation
2026/08/16 20:42:14.805683 [Incident:Info:toast@toast-new:Origin updated] Origin updated: OT: 2026-08-16 13:38:42,  Lat/Lon: -7.92645°/120.536°, Depth: 10
2026/08/16 20:42:14.806586 [Incident:Info:toast@toast-new:Magnitude updated] Magnitude updated: 5.09 (M)
2026/08/16 20:42:14.806646 [Simulation:Info:toast@toast-new:Simulation not generated] Magnitude 5.09 of event bmg2026pzuf is smaller than triggerMinMagnitude: no automatic simulation
2026/08/16 20:42:19.731102 [Incident:Info:toast@toast-new:Origin updated] Origin updated: OT: 2026-08-16 13:38:42,  Lat/Lon: -7.92645°/120.536°, Depth: 10
2026/08/16 20:42:19.731275 [Incident:Info:toast@toast-new:Magnitude updated] Magnitude updated: 5.09 (M)
2026/08/16 20:42:19.731309 [Simulation:Info:toast@toast-new:Simulation not generated] Magnitude 5.09 of event bmg2026pzuf is smaller than triggerMinMagnitude: no automatic simulation
2026/08/16 20:42:24.490258 [Incident:Info:toast@toast-new:Origin updated] Origin updated: OT: 2026-08-16 13:38:42,  Lat/Lon: -7.92645°/120.536°, Depth: 10
2026/08/16 20:42:24.490401 [Incident:Info:toast@toast-new:Magnitude updated] Magnitude updated: 5.09 (M)
2026/08/16 20:42:24.490426 [Simulation:Info:toast@toast-new:Simulation not generated] Magnitude 5.09 of event bmg2026pzuf is smaller than triggerMinMagnitude: no automatic simulation
2026/08/16 20:42:29.720178 [Incident:Info:toast@toast-new:Origin updated] Origin updated: OT: 2026-08-16 13:38:42,  Lat/Lon: -7.92645°/120.536°, Depth: 10
2026/08/16 20:42:29.720349 [Incident:Info:toast@toast-new:Magnitude updated] Magnitude updated: 5.09 (M)
2026/08/16 20:42:29.720386 [Simulation:Info:toast@toast-new:Simulation not generated] Magnitude 5.09 of event bmg2026pzuf is smaller than triggerMinMagnitude: no automatic simulation
2026/08/16 20:42:34.878421 [Incident:Info:toast@toast-new:Origin updated] Origin updated: OT: 2026-08-16 13:38:42,  Lat/Lon: -7.92645°/120.536°, Depth: 10
2026/08/16 20:42:34.878591 [Incident:Info:toast@toast-new:Magnitude updated] Magnitude updated: 5.09 (M)
2026/08/16 20:42:34.878625 [Simulation:Info:toast@toast-new:Simulation not generated] Magnitude 5.09 of event bmg2026pzuf is smaller than triggerMinMagnitude: no automatic simulation
2026/08/16 20:42:39.726324 [Incident:Info:toast@toast-new:Origin updated] Origin updated: OT: 2026-08-16 13:38:42,  Lat/Lon: -7.92645°/120.536°, Depth: 10
2026/08/16 20:42:39.726499 [Incident:Info:toast@toast-new:Magnitude updated] Magnitude updated: 5.09 (M)
2026/08/16 20:42:39.726538 [Simulation:Info:toast@toast-new:Simulation not generated] Magnitude 5.09 of event bmg2026pzuf is smaller than triggerMinMagnitude: no automatic simulation
2026/08/16 20:42:44.818428 [Incident:Info:toast@toast-new:Origin updated] Origin updated: OT: 2026-08-16 13:38:42,  Lat/Lon: -7.92645°/120.536°, Depth: 10
2026/08/16 20:42:44.854563 [Incident:Info:toast@toast-new:Magnitude updated] Magnitude updated: 5.09 (M)
2026/08/16 20:42:44.854591 [Simulation:Info:toast@toast-new:Simulation not generated] Magnitude 5.09 of event bmg2026pzuf is smaller than triggerMinMagnitude: no automatic simulation
2026/08/16 20:42:55.777361 [Incident:Info:toast@toast-new:Origin updated] Origin updated: OT: 2026-08-16 13:38:41,  Lat/Lon: -7.95391°/120.63°, Depth: 10
2026/08/16 20:42:55.777554 [Incident:Info:toast@toast-new:Magnitude updated] Magnitude updated: 5.09 (M)
2026/08/16 20:42:55.777587 [Simulation:Info:toast@toast-new:Simulation not generated] Magnitude 5.09 of event bmg2026pzuf is smaller than triggerMinMagnitude: no automatic simulation
2026/08/16 20:42:59.827541 [Incident:Info:toast@toast-new:Origin updated] Origin updated: OT: 2026-08-16 13:38:41,  Lat/Lon: -7.95391°/120.63°, Depth: 10
2026/08/16 20:42:59.827707 [Incident:Info:toast@toast-new:Magnitude updated] Magnitude updated: 5.08 (M)
2026/08/16 20:42:59.827746 [Simulation:Info:toast@toast-new:Simulation not generated] Magnitude 5.08 of event bmg2026pzuf is smaller than triggerMinMagnitude: no automatic simulation
2026/08/16 20:43:02.044959 [Incident:Info:toast@toast-new:Origin updated] Origin updated: OT: 2026-08-16 13:38:41,  Lat/Lon: -7.95391°/120.63°, Depth: 10
2026/08/16 20:43:02.045132 [Incident:Info:toast@toast-new:Magnitude updated] Magnitude updated: 5.08 (M)
2026/08/16 20:43:02.045162 [Simulation:Info:toast@toast-new:Simulation not generated] Magnitude 5.08 of event bmg2026pzuf is smaller than triggerMinMagnitude: no automatic simulation
2026/08/16 20:43:04.824574 [Incident:Info:toast@toast-new:Origin updated] Origin updated: OT: 2026-08-16 13:38:41,  Lat/Lon: -7.95391°/120.63°, Depth: 10
2026/08/16 20:43:04.824729 [Incident:Info:toast@toast-new:Magnitude updated] Magnitude updated: 5.08 (M)
2026/08/16 20:43:04.824764 [Simulation:Info:toast@toast-new:Simulation not generated] Magnitude 5.08 of event bmg2026pzuf is smaller than triggerMinMagnitude: no automatic simulation
2026/08/16 20:43:19.935985 [Incident:Info:toast@toast-new:Origin updated] Origin updated: OT: 2026-08-16 13:38:41,  Lat/Lon: -7.95391°/120.63°, Depth: 10
2026/08/16 20:43:19.936142 [Incident:Info:toast@toast-new:Magnitude updated] Magnitude updated: 5.08 (M)
2026/08/16 20:43:19.936172 [Simulation:Info:toast@toast-new:Simulation not generated] Magnitude 5.08 of event bmg2026pzuf is smaller than triggerMinMagnitude: no automatic simulation
2026/08/16 20:43:39.722278 [Incident:Info:toast@toast-new:Origin updated] Origin updated: OT: 2026-08-16 13:38:41,  Lat/Lon: -7.95391°/120.63°, Depth: 10
2026/08/16 20:43:39.722406 [Incident:Info:toast@toast-new:Magnitude updated] Magnitude updated: 5.08 (M)
2026/08/16 20:43:39.722434 [Simulation:Info:toast@toast-new:Simulation not generated] Magnitude 5.08 of event bmg2026pzuf is smaller than triggerMinMagnitude: no automatic simulation
2026/08/16 20:44:42.398351 [Incident:Info:toast@toast-new:Origin updated] Origin updated: OT: 2026-08-16 13:38:41,  Lat/Lon: -7.9846°/120.68°, Depth: 10
2026/08/16 20:44:42.398527 [Incident:Info:toast@toast-new:Magnitude updated] Magnitude updated: 5.11 (mb)
2026/08/16 20:44:42.398567 [Simulation:Info:toast@toast-new:Simulation not generated] Magnitude 5.11 of event bmg2026pzuf is smaller than triggerMinMagnitude: no automatic simulation
2026/08/16 20:45:24.003946 [Incident:Info:toast@toast-new:Origin updated] Origin updated: OT: 2026-08-16 13:38:41,  Lat/Lon: -7.9846°/120.68°, Depth: 10
2026/08/16 20:45:24.004104 [Incident:Info:toast@toast-new:FM updated] FM updated
2026/08/16 20:45:24.004359 [Simulation:Info:toast@toast-new:Simulation not generated] Magnitude 5.11 of event bmg2026pzuf is smaller than triggerMinMagnitude: no automatic simulation
2026/08/16 20:49:23.924272 [Incident:Info:toast@toast-new:Origin updated] Origin updated: OT: 2026-08-16 13:38:41,  Lat/Lon: -7.9846°/120.68°, Depth: 10
2026/08/16 20:49:23.924443 [Incident:Info:toast@toast-new:FM updated] FM updated
2026/08/16 20:49:23.924714 [Simulation:Info:toast@toast-new:Simulation not generated] Magnitude 5.11 of event bmg2026pzuf is smaller than triggerMinMagnitude: no automatic simulation
2026/08/17 07:29:15.255547 [Incident:Info:toast@toast-new:Origin updated] Origin updated: OT: 2026-08-16 13:38:41,  Lat/Lon: -7.96632°/120.649°, Depth: 10.9531
2026/08/17 07:29:15.255755 [Incident:Info:toast@toast-new:Magnitude updated] Magnitude updated: 5.14 (mb)
2026/08/17 07:29:15.255793 [Incident:Info:toast@toast-new:FM updated] FM updated
2026/08/17 07:29:15.256051 [Simulation:Info:toast@toast-new:Simulation not generated] Magnitude 5.14 of event bmg2026pzuf is smaller than triggerMinMagnitude: no automatic simulation
2026/08/17 07:29:20.100599 [Incident:Info:toast@toast-new:Origin updated] Origin updated: OT: 2026-08-16 13:38:41,  Lat/Lon: -7.96632°/120.649°, Depth: 10.9531
2026/08/17 07:29:20.100733 [Incident:Info:toast@toast-new:Magnitude updated] Magnitude updated: 5.14 (mb)
2026/08/17 07:29:20.100762 [Simulation:Info:toast@toast-new:Simulation not generated] Magnitude 5.14 of event bmg2026pzuf is smaller than triggerMinMagnitude: no automatic simulation
