2026/06/07 09:55:01.931434 [Incident:Info:toast@toast-new:Displacement(s) updated] Added 0 and changed 0 displacements with 0 amplitudes
2026/06/07 09:55:01.933529 [Incident:Info:toast@toast-new:Incident created] Incident created based on event received from messaging: OT: 2026-06-07 02:53:06,  Lat/Lon: -7.68°/128.51°, Depth: 150.19, Mag: 5.24 (M)
2026/06/07 09:55:01.934143 [Simulation:Info:toast@toast-new:Simulation not generated] Magnitude 5.24 of event bmg2026lbbr is smaller than triggerMinMagnitude: no automatic simulation
2026/06/07 09:55:01.969989 [Incident:Info:toast@toast-new:Origin updated] Origin updated: OT: 2026-06-07 02:53:06,  Lat/Lon: -7.68088°/128.508°, Depth: 150.188
2026/06/07 09:55:01.981174 [Simulation:Info:toast@toast-new:Simulation not generated] Magnitude 5.24 of event bmg2026lbbr is smaller than triggerMinMagnitude: no automatic simulation
2026/06/07 09:55:08.910346 [Incident:Info:toast@toast-new:Origin updated] Origin updated: OT: 2026-06-07 02:53:06,  Lat/Lon: -7.68088°/128.508°, Depth: 150.188
2026/06/07 09:55:08.925576 [Incident:Info:toast@toast-new:Magnitude updated] Magnitude updated: 5.25 (M)
2026/06/07 09:55:08.936881 [Simulation:Info:toast@toast-new:Simulation not generated] Magnitude 5.25 of event bmg2026lbbr is smaller than triggerMinMagnitude: no automatic simulation
2026/06/07 09:55:13.475742 [Incident:Info:toast@toast-new:Origin updated] Origin updated: OT: 2026-06-07 02:53:06,  Lat/Lon: -7.64791°/128.487°, Depth: 153.322
2026/06/07 09:55:13.490730 [Incident:Info:toast@toast-new:Magnitude updated] Magnitude updated: 5.32 (M)
2026/06/07 09:55:13.501207 [Simulation:Info:toast@toast-new:Simulation not generated] Magnitude 5.32 of event bmg2026lbbr is smaller than triggerMinMagnitude: no automatic simulation
2026/06/07 09:55:18.929755 [Incident:Info:toast@toast-new:Origin updated] Origin updated: OT: 2026-06-07 02:53:06,  Lat/Lon: -7.64791°/128.487°, Depth: 153.322
2026/06/07 09:55:18.946718 [Incident:Info:toast@toast-new:Magnitude updated] Magnitude updated: 5.34 (M)
2026/06/07 09:55:18.957401 [Simulation:Info:toast@toast-new:Simulation not generated] Magnitude 5.34 of event bmg2026lbbr is smaller than triggerMinMagnitude: no automatic simulation
2026/06/07 09:55:23.927447 [Incident:Info:toast@toast-new:Origin updated] Origin updated: OT: 2026-06-07 02:53:06,  Lat/Lon: -7.64791°/128.487°, Depth: 153.322
2026/06/07 09:55:23.989313 [Incident:Info:toast@toast-new:Magnitude updated] Magnitude updated: 5.36 (M)
2026/06/07 09:55:24.003088 [Simulation:Info:toast@toast-new:Simulation not generated] Magnitude 5.36 of event bmg2026lbbr is smaller than triggerMinMagnitude: no automatic simulation
2026/06/07 09:55:25.388587 [Incident:Info:toast@toast-new:Origin updated] Origin updated: OT: 2026-06-07 02:53:06,  Lat/Lon: -7.6224°/128.527°, Depth: 168.288
2026/06/07 09:55:25.403104 [Incident:Info:toast@toast-new:Magnitude updated] Magnitude updated: 5.25 (M)
2026/06/07 09:55:25.414008 [Simulation:Info:toast@toast-new:Simulation not generated] Magnitude 5.25 of event bmg2026lbbr is smaller than triggerMinMagnitude: no automatic simulation
2026/06/07 09:55:28.952447 [Incident:Info:toast@toast-new:Origin updated] Origin updated: OT: 2026-06-07 02:53:06,  Lat/Lon: -7.6224°/128.527°, Depth: 168.288
2026/06/07 09:55:28.969742 [Incident:Info:toast@toast-new:Magnitude updated] Magnitude updated: 5.26 (M)
2026/06/07 09:55:28.980933 [Simulation:Info:toast@toast-new:Simulation not generated] Magnitude 5.26 of event bmg2026lbbr is smaller than triggerMinMagnitude: no automatic simulation
2026/06/07 09:55:32.290448 [Incident:Info:toast@toast-new:Origin updated] Origin updated: OT: 2026-06-07 02:53:06,  Lat/Lon: -7.66291°/128.472°, Depth: 145.751
2026/06/07 09:55:32.304662 [Incident:Info:toast@toast-new:Magnitude updated] Magnitude updated: 5.28 (MLv)
2026/06/07 09:55:32.315639 [Simulation:Info:toast@toast-new:Simulation not generated] Magnitude 5.28 of event bmg2026lbbr is smaller than triggerMinMagnitude: no automatic simulation
2026/06/07 09:55:32.404509 [Incident:Info:toast@toast-new:Origin updated] Origin updated: OT: 2026-06-07 02:53:06,  Lat/Lon: -7.66291°/128.472°, Depth: 145.751
2026/06/07 09:55:32.415851 [Incident:Info:toast@toast-new:Magnitude updated] Magnitude updated: 5.34 (M)
2026/06/07 09:55:32.425850 [Simulation:Info:toast@toast-new:Simulation not generated] Magnitude 5.34 of event bmg2026lbbr is smaller than triggerMinMagnitude: no automatic simulation
2026/06/07 09:55:33.939062 [Incident:Info:toast@toast-new:Origin updated] Origin updated: OT: 2026-06-07 02:53:06,  Lat/Lon: -7.66291°/128.472°, Depth: 145.751
2026/06/07 09:55:33.958535 [Incident:Info:toast@toast-new:Magnitude updated] Magnitude updated: 5.34 (M)
2026/06/07 09:55:33.970653 [Simulation:Info:toast@toast-new:Simulation not generated] Magnitude 5.34 of event bmg2026lbbr is smaller than triggerMinMagnitude: no automatic simulation
2026/06/07 09:55:38.973051 [Incident:Info:toast@toast-new:Origin updated] Origin updated: OT: 2026-06-07 02:53:06,  Lat/Lon: -7.66291°/128.472°, Depth: 145.751
2026/06/07 09:55:38.990219 [Incident:Info:toast@toast-new:Magnitude updated] Magnitude updated: 5.34 (M)
2026/06/07 09:55:39.001152 [Simulation:Info:toast@toast-new:Simulation not generated] Magnitude 5.34 of event bmg2026lbbr is smaller than triggerMinMagnitude: no automatic simulation
2026/06/07 09:55:42.223689 [Incident:Info:toast@toast-new:Origin updated] Origin updated: OT: 2026-06-07 02:53:06,  Lat/Lon: -7.66291°/128.472°, Depth: 145.751
2026/06/07 09:55:42.243085 [Incident:Info:toast@toast-new:Magnitude updated] Magnitude updated: 5.34 (M)
2026/06/07 09:55:42.255006 [Simulation:Info:toast@toast-new:Simulation not generated] Magnitude 5.34 of event bmg2026lbbr is smaller than triggerMinMagnitude: no automatic simulation
2026/06/07 09:55:48.980138 [Incident:Info:toast@toast-new:Origin updated] Origin updated: OT: 2026-06-07 02:53:06,  Lat/Lon: -7.66291°/128.472°, Depth: 145.751
2026/06/07 09:55:48.994700 [Incident:Info:toast@toast-new:Magnitude updated] Magnitude updated: 5.35 (M)
2026/06/07 09:55:49.005686 [Simulation:Info:toast@toast-new:Simulation not generated] Magnitude 5.35 of event bmg2026lbbr is smaller than triggerMinMagnitude: no automatic simulation
2026/06/07 09:55:54.051631 [Incident:Info:toast@toast-new:Origin updated] Origin updated: OT: 2026-06-07 02:53:06,  Lat/Lon: -7.66291°/128.472°, Depth: 145.751
2026/06/07 09:55:54.066498 [Incident:Info:toast@toast-new:Magnitude updated] Magnitude updated: 5.35 (M)
2026/06/07 09:55:54.077891 [Simulation:Info:toast@toast-new:Simulation not generated] Magnitude 5.35 of event bmg2026lbbr is smaller than triggerMinMagnitude: no automatic simulation
2026/06/07 09:57:30.635772 [Incident:Info:toast@toast-new:Origin updated] Origin updated: OT: 2026-06-07 02:53:04,  Lat/Lon: -7.63174°/128.486°, Depth: 144.091
2026/06/07 09:57:30.650954 [Incident:Info:toast@toast-new:Magnitude updated] Magnitude updated: 5.32 (MLv)
2026/06/07 09:57:30.662552 [Simulation:Info:toast@toast-new:Simulation not generated] Magnitude 5.32 of event bmg2026lbbr is smaller than triggerMinMagnitude: no automatic simulation
2026/06/07 09:57:30.686563 [Incident:Info:toast@toast-new:Origin updated] Origin updated: OT: 2026-06-07 02:53:04,  Lat/Lon: -7.63174°/128.486°, Depth: 144.091
2026/06/07 09:57:30.706698 [Incident:Info:toast@toast-new:Magnitude updated] Magnitude updated: 5.35 (M)
2026/06/07 09:57:30.718577 [Simulation:Info:toast@toast-new:Simulation not generated] Magnitude 5.35 of event bmg2026lbbr is smaller than triggerMinMagnitude: no automatic simulation
2026/06/07 09:57:39.715858 [Incident:Info:toast@toast-new:Origin updated] Origin updated: OT: 2026-06-07 02:53:04,  Lat/Lon: -7.63174°/128.486°, Depth: 144.091
2026/06/07 09:57:39.730270 [Incident:Info:toast@toast-new:FM updated] FM updated
2026/06/07 09:57:39.741063 [Simulation:Info:toast@toast-new:Simulation not generated] Magnitude 5.35 of event bmg2026lbbr is smaller than triggerMinMagnitude: no automatic simulation
2026/06/07 09:58:30.566932 [Incident:Info:toast@toast-new:Origin updated] Origin updated: OT: 2026-06-07 02:53:04,  Lat/Lon: -7.63174°/128.486°, Depth: 144.091
2026/06/07 09:58:30.581263 [Incident:Info:toast@toast-new:FM updated] FM updated
2026/06/07 09:58:30.592204 [Simulation:Info:toast@toast-new:Simulation not generated] Magnitude 5.35 of event bmg2026lbbr is smaller than triggerMinMagnitude: no automatic simulation
2026/06/07 09:58:42.582109 [Incident:Info:toast@toast-new:Origin updated] Origin updated: OT: 2026-06-07 02:53:05,  Lat/Lon: -7.60123°/128.458°, Depth: 137.536
2026/06/07 09:58:42.596726 [Incident:Info:toast@toast-new:Magnitude updated] Magnitude updated: 5.35 (MLv)
2026/06/07 09:58:42.607422 [Simulation:Info:toast@toast-new:Simulation not generated] Magnitude 5.35 of event bmg2026lbbr is smaller than triggerMinMagnitude: no automatic simulation
2026/06/07 09:58:42.630126 [Incident:Info:toast@toast-new:Origin updated] Origin updated: OT: 2026-06-07 02:53:05,  Lat/Lon: -7.60123°/128.458°, Depth: 137.536
2026/06/07 09:58:42.639544 [Incident:Info:toast@toast-new:Magnitude updated] Magnitude updated: 5.37 (M)
2026/06/07 09:58:42.648497 [Simulation:Info:toast@toast-new:Simulation not generated] Magnitude 5.37 of event bmg2026lbbr is smaller than triggerMinMagnitude: no automatic simulation
2026/06/07 09:59:46.411105 [Incident:Info:toast@toast-new:Origin updated] Origin updated: OT: 2026-06-07 02:53:05,  Lat/Lon: -7.60123°/128.458°, Depth: 137.536
2026/06/07 09:59:46.425556 [Incident:Info:toast@toast-new:Magnitude updated] Magnitude updated: 5.14 (Mw)
2026/06/07 09:59:46.436395 [Simulation:Info:toast@toast-new:Simulation not generated] Magnitude 5.14 of event bmg2026lbbr is smaller than triggerMinMagnitude: no automatic simulation
2026/06/07 17:39:38.399222 [Incident:Info:toast@toast-new:Origin updated] Origin updated: OT: 2026-06-07 02:53:05,  Lat/Lon: -7.5904°/128.541°, Depth: 147.726
2026/06/07 17:39:38.410818 [Incident:Info:toast@toast-new:Magnitude updated] Magnitude updated: 5.14 (Mw)
2026/06/07 17:39:38.420989 [Simulation:Info:toast@toast-new:Simulation not generated] Magnitude 5.14 of event bmg2026lbbr is smaller than triggerMinMagnitude: no automatic simulation
2026/06/07 17:51:59.999349 [Incident:Info:toast@toast-new:Origin updated] Origin updated: OT: 2026-06-07 02:53:05,  Lat/Lon: -7.5904°/128.541°, Depth: 147.726
2026/06/07 17:52:00.014933 [Incident:Info:toast@toast-new:Magnitude updated] Magnitude updated: 5.12 (Mw)
2026/06/07 17:52:00.026315 [Incident:Info:toast@toast-new:FM updated] FM updated
2026/06/07 17:52:00.036308 [Simulation:Info:toast@toast-new:Simulation not generated] Magnitude 5.12 of event bmg2026lbbr is smaller than triggerMinMagnitude: no automatic simulation
2026/06/07 17:54:50.337785 [Incident:Info:toast@toast-new:Origin updated] Origin updated: OT: 2026-06-07 02:53:05,  Lat/Lon: -7.5904°/128.541°, Depth: 147.726
2026/06/07 17:54:50.348772 [Simulation:Info:toast@toast-new:Simulation not generated] Magnitude 5.12 of event bmg2026lbbr is smaller than triggerMinMagnitude: no automatic simulation
