2026/06/13 09:07:53.449951 [Incident:Info:toast@toast-new:Displacement(s) updated] Added 0 and changed 0 displacements with 0 amplitudes
2026/06/13 09:07:53.467112 [Incident:Info:toast@toast-new:Incident created] Incident created based on event received from messaging: OT: 2026-06-13 02:05:50,  Lat/Lon: 5.72°/125.50°, Depth: 10.00, Mag: 5.23 (M)
2026/06/13 09:07:53.467686 [Simulation:Info:toast@toast-new:Simulation not generated] Magnitude 5.23 of event bmg2026llzd is smaller than triggerMinMagnitude: no automatic simulation
2026/06/13 09:07:53.482790 [Incident:Info:toast@toast-new:Origin updated] Origin updated: OT: 2026-06-13 02:05:50,  Lat/Lon: 5.71695°/125.495°, Depth: 10
2026/06/13 09:07:53.482945 [Simulation:Info:toast@toast-new:Simulation not generated] Magnitude 5.23 of event bmg2026llzd is smaller than triggerMinMagnitude: no automatic simulation
2026/06/13 09:08:18.598758 [Incident:Info:toast@toast-new:Origin updated] Origin updated: OT: 2026-06-13 02:05:50,  Lat/Lon: 5.71695°/125.495°, Depth: 10
2026/06/13 09:08:18.598944 [Incident:Info:toast@toast-new:Magnitude updated] Magnitude updated: 5.24 (M)
2026/06/13 09:08:18.598984 [Simulation:Info:toast@toast-new:Simulation not generated] Magnitude 5.24 of event bmg2026llzd is smaller than triggerMinMagnitude: no automatic simulation
2026/06/13 09:10:08.216057 [Incident:Info:toast@toast-new:Origin updated] Origin updated: OT: 2026-06-13 02:05:48,  Lat/Lon: 5.75672°/125.146°, Depth: 10
2026/06/13 09:10:08.216311 [Incident:Info:toast@toast-new:Magnitude updated] Magnitude updated: 5.21 (Mw(mB))
2026/06/13 09:10:08.216390 [Simulation:Info:toast@toast-new:Simulation not generated] Magnitude 5.21 of event bmg2026llzd is smaller than triggerMinMagnitude: no automatic simulation
2026/06/13 09:10:08.343868 [Incident:Info:toast@toast-new:Origin updated] Origin updated: OT: 2026-06-13 02:05:48,  Lat/Lon: 5.75672°/125.146°, Depth: 10
2026/06/13 09:10:08.344061 [Incident:Info:toast@toast-new:Magnitude updated] Magnitude updated: 5.26 (M)
2026/06/13 09:10:08.344132 [Simulation:Info:toast@toast-new:Simulation not generated] Magnitude 5.26 of event bmg2026llzd is smaller than triggerMinMagnitude: no automatic simulation
2026/06/13 09:10:08.721101 [Incident:Info:toast@toast-new:Origin updated] Origin updated: OT: 2026-06-13 02:05:48,  Lat/Lon: 5.75672°/125.146°, Depth: 10
2026/06/13 09:10:08.721317 [Incident:Info:toast@toast-new:Magnitude updated] Magnitude updated: 5.26 (M)
2026/06/13 09:10:08.721374 [Simulation:Info:toast@toast-new:Simulation not generated] Magnitude 5.26 of event bmg2026llzd is smaller than triggerMinMagnitude: no automatic simulation
2026/06/13 09:10:32.102831 [Incident:Info:toast@toast-new:Origin updated] Origin updated: OT: 2026-06-13 02:05:49,  Lat/Lon: 5.72734°/125.21°, Depth: 10
2026/06/13 09:10:32.103075 [Incident:Info:toast@toast-new:Magnitude updated] Magnitude updated: 5.19 (Mw(mB))
2026/06/13 09:10:32.103134 [Simulation:Info:toast@toast-new:Simulation not generated] Magnitude 5.19 of event bmg2026llzd is smaller than triggerMinMagnitude: no automatic simulation
2026/06/13 09:10:32.234901 [Incident:Info:toast@toast-new:Origin updated] Origin updated: OT: 2026-06-13 02:05:49,  Lat/Lon: 5.72734°/125.21°, Depth: 10
2026/06/13 09:10:32.235064 [Incident:Info:toast@toast-new:Magnitude updated] Magnitude updated: 5.24 (M)
2026/06/13 09:10:32.235103 [Simulation:Info:toast@toast-new:Simulation not generated] Magnitude 5.24 of event bmg2026llzd is smaller than triggerMinMagnitude: no automatic simulation
2026/06/13 09:10:33.714166 [Incident:Info:toast@toast-new:Origin updated] Origin updated: OT: 2026-06-13 02:05:49,  Lat/Lon: 5.72734°/125.21°, Depth: 10
2026/06/13 09:10:33.714352 [Incident:Info:toast@toast-new:Magnitude updated] Magnitude updated: 5.23 (M)
2026/06/13 09:10:33.714384 [Simulation:Info:toast@toast-new:Simulation not generated] Magnitude 5.23 of event bmg2026llzd is smaller than triggerMinMagnitude: no automatic simulation
2026/06/13 09:10:36.181926 [Incident:Info:toast@toast-new:Origin updated] Origin updated: OT: 2026-06-13 02:05:49,  Lat/Lon: 5.72734°/125.21°, Depth: 10
2026/06/13 09:10:36.182096 [Incident:Info:toast@toast-new:FM updated] FM updated
2026/06/13 09:10:36.182319 [Simulation:Info:toast@toast-new:Simulation not generated] Magnitude 5.23 of event bmg2026llzd is smaller than triggerMinMagnitude: no automatic simulation
2026/06/13 09:10:38.697918 [Incident:Info:toast@toast-new:Origin updated] Origin updated: OT: 2026-06-13 02:05:49,  Lat/Lon: 5.72734°/125.21°, Depth: 10
2026/06/13 09:10:38.698073 [Incident:Info:toast@toast-new:Magnitude updated] Magnitude updated: 5.23 (M)
2026/06/13 09:10:38.698104 [Simulation:Info:toast@toast-new:Simulation not generated] Magnitude 5.23 of event bmg2026llzd is smaller than triggerMinMagnitude: no automatic simulation
2026/06/13 09:10:43.798906 [Incident:Info:toast@toast-new:Origin updated] Origin updated: OT: 2026-06-13 02:05:49,  Lat/Lon: 5.72734°/125.21°, Depth: 10
2026/06/13 09:10:43.799095 [Incident:Info:toast@toast-new:Magnitude updated] Magnitude updated: 5.23 (M)
2026/06/13 09:10:43.799140 [Simulation:Info:toast@toast-new:Simulation not generated] Magnitude 5.23 of event bmg2026llzd is smaller than triggerMinMagnitude: no automatic simulation
2026/06/13 09:11:49.715521 [Incident:Info:toast@toast-new:Origin updated] Origin updated: OT: 2026-06-13 02:05:49,  Lat/Lon: 5.72938°/125.202°, Depth: 10
2026/06/13 09:11:49.715734 [Incident:Info:toast@toast-new:Magnitude updated] Magnitude updated: 5.18 (Mw(mB))
2026/06/13 09:11:49.715784 [Simulation:Info:toast@toast-new:Simulation not generated] Magnitude 5.18 of event bmg2026llzd is smaller than triggerMinMagnitude: no automatic simulation
2026/06/13 09:11:49.787235 [Incident:Info:toast@toast-new:Origin updated] Origin updated: OT: 2026-06-13 02:05:49,  Lat/Lon: 5.72938°/125.202°, Depth: 10
2026/06/13 09:11:49.787336 [Incident:Info:toast@toast-new:Magnitude updated] Magnitude updated: 5.23 (M)
2026/06/13 09:11:49.787358 [Simulation:Info:toast@toast-new:Simulation not generated] Magnitude 5.23 of event bmg2026llzd is smaller than triggerMinMagnitude: no automatic simulation
2026/06/13 09:11:56.066735 [Incident:Info:toast@toast-new:Origin updated] Origin updated: OT: 2026-06-13 02:05:49,  Lat/Lon: 5.72938°/125.202°, Depth: 10
2026/06/13 09:11:56.066945 [Incident:Info:toast@toast-new:FM updated] FM updated
2026/06/13 09:11:56.067255 [Simulation:Info:toast@toast-new:Simulation not generated] Magnitude 5.23 of event bmg2026llzd is smaller than triggerMinMagnitude: no automatic simulation
2026/06/13 09:12:07.374963 [Incident:Info:toast@toast-new:Origin updated] Origin updated: OT: 2026-06-13 02:05:49,  Lat/Lon: 5.76112°/125.23°, Depth: 10
2026/06/13 09:12:07.375159 [Incident:Info:toast@toast-new:Magnitude updated] Magnitude updated: 5.21 (Mw(mB))
2026/06/13 09:12:07.375200 [Simulation:Info:toast@toast-new:Simulation not generated] Magnitude 5.21 of event bmg2026llzd is smaller than triggerMinMagnitude: no automatic simulation
2026/06/13 09:12:07.441703 [Incident:Info:toast@toast-new:Origin updated] Origin updated: OT: 2026-06-13 02:05:49,  Lat/Lon: 5.76112°/125.23°, Depth: 10
2026/06/13 09:12:07.441814 [Incident:Info:toast@toast-new:Magnitude updated] Magnitude updated: 5.24 (M)
2026/06/13 09:12:07.441836 [Simulation:Info:toast@toast-new:Simulation not generated] Magnitude 5.24 of event bmg2026llzd is smaller than triggerMinMagnitude: no automatic simulation
2026/06/13 09:12:08.662932 [Incident:Info:toast@toast-new:Origin updated] Origin updated: OT: 2026-06-13 02:05:49,  Lat/Lon: 5.76112°/125.23°, Depth: 10
2026/06/13 09:12:08.663117 [Incident:Info:toast@toast-new:Magnitude updated] Magnitude updated: 5.24 (M)
2026/06/13 09:12:08.663159 [Simulation:Info:toast@toast-new:Simulation not generated] Magnitude 5.24 of event bmg2026llzd is smaller than triggerMinMagnitude: no automatic simulation
2026/06/13 09:12:13.733773 [Incident:Info:toast@toast-new:Origin updated] Origin updated: OT: 2026-06-13 02:05:49,  Lat/Lon: 5.76112°/125.23°, Depth: 10
2026/06/13 09:12:13.733980 [Incident:Info:toast@toast-new:Magnitude updated] Magnitude updated: 5.24 (M)
2026/06/13 09:12:13.734055 [Simulation:Info:toast@toast-new:Simulation not generated] Magnitude 5.24 of event bmg2026llzd is smaller than triggerMinMagnitude: no automatic simulation
2026/06/13 09:12:34.750722 [Incident:Info:toast@toast-new:Origin updated] Origin updated: OT: 2026-06-13 02:05:49,  Lat/Lon: 5.76112°/125.23°, Depth: 10
2026/06/13 09:12:34.750920 [Incident:Info:toast@toast-new:FM updated] FM updated
2026/06/13 09:12:34.751184 [Simulation:Info:toast@toast-new:Simulation not generated] Magnitude 5.24 of event bmg2026llzd is smaller than triggerMinMagnitude: no automatic simulation
2026/06/13 09:13:25.302382 [Incident:Info:toast@toast-new:Origin updated] Origin updated: OT: 2026-06-13 02:05:51,  Lat/Lon: 5.73355°/125.243°, Depth: 36
2026/06/13 09:13:25.302616 [Incident:Info:toast@toast-new:Magnitude updated] Magnitude updated: 5.24 (M)
2026/06/13 09:13:25.302665 [Simulation:Info:toast@toast-new:Simulation not generated] Magnitude 5.24 of event bmg2026llzd is smaller than triggerMinMagnitude: no automatic simulation
2026/06/13 09:13:36.217624 [Incident:Info:toast@toast-new:Origin updated] Origin updated: OT: 2026-06-13 02:05:51,  Lat/Lon: 5.73355°/125.243°, Depth: 36
2026/06/13 09:13:36.217784 [Simulation:Info:toast@toast-new:Simulation not generated] Magnitude 5.24 of event bmg2026llzd is smaller than triggerMinMagnitude: no automatic simulation
2026/06/13 09:13:37.675199 [Incident:Info:toast@toast-new:Origin updated] Origin updated: OT: 2026-06-13 02:05:51,  Lat/Lon: 5.73355°/125.243°, Depth: 36
2026/06/13 09:13:37.675385 [Incident:Info:toast@toast-new:Magnitude updated] Magnitude updated: 5.24 (Mw)
2026/06/13 09:13:37.675431 [Simulation:Info:toast@toast-new:Simulation not generated] Magnitude 5.24 of event bmg2026llzd is smaller than triggerMinMagnitude: no automatic simulation
2026/06/13 19:34:40.542946 [Incident:Info:toast@toast-new:Origin updated] Origin updated: OT: 2026-06-13 02:05:50,  Lat/Lon: 5.72572°/125.235°, Depth: 17.1701
2026/06/13 19:34:40.543208 [Simulation:Info:toast@toast-new:Simulation not generated] Magnitude 5.24 of event bmg2026llzd is smaller than triggerMinMagnitude: no automatic simulation
2026/06/14 10:38:51.902423 [Incident:Info:toast@toast-new:Incident removed] Removed incident - Bye
