2026/08/15 05:28:45.666056 [Incident:Info:toast@toast-new:Displacement(s) updated] Added 0 and changed 0 displacements with 0 amplitudes
2026/08/15 05:28:45.668356 [Incident:Info:toast@toast-new:Incident created] Incident created based on event received from messaging: OT: 2026-08-14 22:27:03,  Lat/Lon: -8.08°/120.48°, Depth: 10.00, Mag: 5.39 (M)
2026/08/15 05:28:45.669026 [Simulation:Info:toast@toast-new:Simulation not generated] Magnitude 5.39 of event bmg2026pwuq is smaller than triggerMinMagnitude: no automatic simulation
2026/08/15 05:28:45.690442 [Incident:Info:toast@toast-new:Origin updated] Origin updated: OT: 2026-08-14 22:27:03,  Lat/Lon: -8.0752°/120.476°, Depth: 10
2026/08/15 05:28:45.690597 [Simulation:Info:toast@toast-new:Simulation not generated] Magnitude 5.39 of event bmg2026pwuq is smaller than triggerMinMagnitude: no automatic simulation
2026/08/15 05:28:49.619546 [Incident:Info:toast@toast-new:Origin updated] Origin updated: OT: 2026-08-14 22:27:03,  Lat/Lon: -8.0752°/120.476°, Depth: 10
2026/08/15 05:28:49.619733 [Incident:Info:toast@toast-new:Magnitude updated] Magnitude updated: 5.41 (M)
2026/08/15 05:28:49.619782 [Simulation:Info:toast@toast-new:Simulation not generated] Magnitude 5.41 of event bmg2026pwuq is smaller than triggerMinMagnitude: no automatic simulation
2026/08/15 05:28:54.698544 [Incident:Info:toast@toast-new:Origin updated] Origin updated: OT: 2026-08-14 22:27:03,  Lat/Lon: -8.0752°/120.476°, Depth: 10
2026/08/15 05:28:54.698733 [Incident:Info:toast@toast-new:Magnitude updated] Magnitude updated: 5.46 (M)
2026/08/15 05:28:54.698792 [Simulation:Info:toast@toast-new:Simulation not generated] Magnitude 5.46 of event bmg2026pwuq is smaller than triggerMinMagnitude: no automatic simulation
2026/08/15 05:28:59.240991 [Incident:Info:toast@toast-new:Origin updated] Origin updated: OT: 2026-08-14 22:27:04,  Lat/Lon: -8.0694°/120.46°, Depth: 10
2026/08/15 05:28:59.241200 [Incident:Info:toast@toast-new:Magnitude updated] Magnitude updated: 5.49 (M)
2026/08/15 05:28:59.241231 [Simulation:Info:toast@toast-new:Simulation not generated] Magnitude 5.49 of event bmg2026pwuq is smaller than triggerMinMagnitude: no automatic simulation
2026/08/15 05:29:04.700176 [Incident:Info:toast@toast-new:Origin updated] Origin updated: OT: 2026-08-14 22:27:04,  Lat/Lon: -8.0694°/120.46°, Depth: 10
2026/08/15 05:29:04.700380 [Incident:Info:toast@toast-new:Magnitude updated] Magnitude updated: 5.49 (M)
2026/08/15 05:29:04.700426 [Simulation:Info:toast@toast-new:Simulation not generated] Magnitude 5.49 of event bmg2026pwuq is smaller than triggerMinMagnitude: no automatic simulation
2026/08/15 05:29:09.651319 [Incident:Info:toast@toast-new:Origin updated] Origin updated: OT: 2026-08-14 22:27:04,  Lat/Lon: -8.0694°/120.46°, Depth: 10
2026/08/15 05:29:09.651506 [Incident:Info:toast@toast-new:Magnitude updated] Magnitude updated: 5.50 (M)
2026/08/15 05:29:09.651549 [Simulation:Info:toast@toast-new:Simulation not generated] Magnitude 5.50 of event bmg2026pwuq is smaller than triggerMinMagnitude: no automatic simulation
2026/08/15 05:29:14.257179 [Incident:Info:toast@toast-new:Origin updated] Origin updated: OT: 2026-08-14 22:27:04,  Lat/Lon: -8.06627°/120.473°, Depth: 10
2026/08/15 05:29:14.257403 [Incident:Info:toast@toast-new:Magnitude updated] Magnitude updated: 5.60 (M)
2026/08/15 05:29:14.257476 [Simulation:Info:toast@toast-new:Simulation not generated] Magnitude 5.60 of event bmg2026pwuq is smaller than triggerMinMagnitude: no automatic simulation
2026/08/15 05:29:14.651701 [Incident:Info:toast@toast-new:Origin updated] Origin updated: OT: 2026-08-14 22:27:04,  Lat/Lon: -8.06627°/120.473°, Depth: 10
2026/08/15 05:29:14.651921 [Incident:Info:toast@toast-new:Magnitude updated] Magnitude updated: 5.61 (M)
2026/08/15 05:29:14.651975 [Simulation:Info:toast@toast-new:Simulation not generated] Magnitude 5.61 of event bmg2026pwuq is smaller than triggerMinMagnitude: no automatic simulation
2026/08/15 05:29:19.474522 [Incident:Info:toast@toast-new:Origin updated] Origin updated: OT: 2026-08-14 22:27:04,  Lat/Lon: -8.06627°/120.473°, Depth: 10
2026/08/15 05:29:19.474740 [Incident:Info:toast@toast-new:Magnitude updated] Magnitude updated: 5.62 (M)
2026/08/15 05:29:19.474784 [Simulation:Info:toast@toast-new:Simulation not generated] Magnitude 5.62 of event bmg2026pwuq is smaller than triggerMinMagnitude: no automatic simulation
2026/08/15 05:29:19.656771 [Incident:Info:toast@toast-new:Origin updated] Origin updated: OT: 2026-08-14 22:27:04,  Lat/Lon: -8.06627°/120.473°, Depth: 10
2026/08/15 05:29:19.656965 [Incident:Info:toast@toast-new:Magnitude updated] Magnitude updated: 5.62 (M)
2026/08/15 05:29:19.657011 [Simulation:Info:toast@toast-new:Simulation not generated] Magnitude 5.62 of event bmg2026pwuq is smaller than triggerMinMagnitude: no automatic simulation
2026/08/15 05:29:23.025462 [Incident:Info:toast@toast-new:Origin updated] Origin updated: OT: 2026-08-14 22:27:04,  Lat/Lon: -8.06627°/120.473°, Depth: 10
2026/08/15 05:29:23.027037 [Incident:Info:toast@toast-new:Magnitude updated] Magnitude updated: 5.65 (M)
2026/08/15 05:29:23.027179 [Simulation:Info:toast@toast-new:Simulation not generated] Magnitude 5.65 of event bmg2026pwuq is smaller than triggerMinMagnitude: no automatic simulation
2026/08/15 05:29:23.060986 [Incident:Info:toast@toast-new:Origin updated] Origin updated: OT: 2026-08-14 22:27:03,  Lat/Lon: -8.09591°/120.493°, Depth: 10
2026/08/15 05:29:23.061115 [Incident:Info:toast@toast-new:Magnitude updated] Magnitude updated: 5.54 (M)
2026/08/15 05:29:23.061148 [Simulation:Info:toast@toast-new:Simulation not generated] Magnitude 5.54 of event bmg2026pwuq is smaller than triggerMinMagnitude: no automatic simulation
2026/08/15 05:29:24.675250 [Incident:Info:toast@toast-new:Origin updated] Origin updated: OT: 2026-08-14 22:27:03,  Lat/Lon: -8.09591°/120.493°, Depth: 10
2026/08/15 05:29:24.675436 [Incident:Info:toast@toast-new:Magnitude updated] Magnitude updated: 5.54 (M)
2026/08/15 05:29:24.675480 [Simulation:Info:toast@toast-new:Simulation not generated] Magnitude 5.54 of event bmg2026pwuq is smaller than triggerMinMagnitude: no automatic simulation
2026/08/15 05:29:29.816454 [Incident:Info:toast@toast-new:Origin updated] Origin updated: OT: 2026-08-14 22:27:03,  Lat/Lon: -8.09591°/120.493°, Depth: 10
2026/08/15 05:29:29.816613 [Incident:Info:toast@toast-new:Magnitude updated] Magnitude updated: 5.55 (M)
2026/08/15 05:29:29.816652 [Simulation:Info:toast@toast-new:Simulation not generated] Magnitude 5.55 of event bmg2026pwuq is smaller than triggerMinMagnitude: no automatic simulation
2026/08/15 05:29:33.511913 [Incident:Info:toast@toast-new:Origin updated] Origin updated: OT: 2026-08-14 22:27:03,  Lat/Lon: -8.09591°/120.493°, Depth: 10
2026/08/15 05:29:33.512105 [Incident:Info:toast@toast-new:Magnitude updated] Magnitude updated: 5.58 (M)
2026/08/15 05:29:33.512150 [Simulation:Info:toast@toast-new:Simulation not generated] Magnitude 5.58 of event bmg2026pwuq is smaller than triggerMinMagnitude: no automatic simulation
2026/08/15 05:29:34.834489 [Incident:Info:toast@toast-new:Origin updated] Origin updated: OT: 2026-08-14 22:27:03,  Lat/Lon: -8.09591°/120.493°, Depth: 10
2026/08/15 05:29:34.834708 [Incident:Info:toast@toast-new:Magnitude updated] Magnitude updated: 5.58 (M)
2026/08/15 05:29:34.834763 [Simulation:Info:toast@toast-new:Simulation not generated] Magnitude 5.58 of event bmg2026pwuq is smaller than triggerMinMagnitude: no automatic simulation
2026/08/15 05:29:39.886940 [Incident:Info:toast@toast-new:Origin updated] Origin updated: OT: 2026-08-14 22:27:03,  Lat/Lon: -8.09591°/120.493°, Depth: 10
2026/08/15 05:29:39.887144 [Incident:Info:toast@toast-new:Magnitude updated] Magnitude updated: 5.60 (M)
2026/08/15 05:29:39.887207 [Simulation:Info:toast@toast-new:Simulation not generated] Magnitude 5.60 of event bmg2026pwuq is smaller than triggerMinMagnitude: no automatic simulation
2026/08/15 05:29:44.876674 [Incident:Info:toast@toast-new:Origin updated] Origin updated: OT: 2026-08-14 22:27:03,  Lat/Lon: -8.09591°/120.493°, Depth: 10
2026/08/15 05:29:44.876872 [Incident:Info:toast@toast-new:Magnitude updated] Magnitude updated: 5.61 (M)
2026/08/15 05:29:44.876936 [Simulation:Info:toast@toast-new:Simulation not generated] Magnitude 5.61 of event bmg2026pwuq is smaller than triggerMinMagnitude: no automatic simulation
2026/08/15 05:29:49.875481 [Incident:Info:toast@toast-new:Origin updated] Origin updated: OT: 2026-08-14 22:27:03,  Lat/Lon: -8.09591°/120.493°, Depth: 10
2026/08/15 05:29:49.875663 [Incident:Info:toast@toast-new:Magnitude updated] Magnitude updated: 5.64 (M)
2026/08/15 05:29:49.875698 [Simulation:Info:toast@toast-new:Simulation not generated] Magnitude 5.64 of event bmg2026pwuq is smaller than triggerMinMagnitude: no automatic simulation
2026/08/15 05:29:54.532019 [Incident:Info:toast@toast-new:Origin updated] Origin updated: OT: 2026-08-14 22:27:03,  Lat/Lon: -8.09591°/120.493°, Depth: 10
2026/08/15 05:29:54.532202 [Incident:Info:toast@toast-new:Magnitude updated] Magnitude updated: 5.66 (M)
2026/08/15 05:29:54.532260 [Simulation:Info:toast@toast-new:Simulation not generated] Magnitude 5.66 of event bmg2026pwuq is smaller than triggerMinMagnitude: no automatic simulation
2026/08/15 05:29:59.909512 [Incident:Info:toast@toast-new:Origin updated] Origin updated: OT: 2026-08-14 22:27:03,  Lat/Lon: -8.09591°/120.493°, Depth: 10
2026/08/15 05:29:59.909721 [Incident:Info:toast@toast-new:Magnitude updated] Magnitude updated: 5.68 (M)
2026/08/15 05:29:59.909766 [Simulation:Info:toast@toast-new:Simulation not generated] Magnitude 5.68 of event bmg2026pwuq is smaller than triggerMinMagnitude: no automatic simulation
2026/08/15 05:30:04.708600 [Incident:Info:toast@toast-new:Origin updated] Origin updated: OT: 2026-08-14 22:27:03,  Lat/Lon: -8.09591°/120.493°, Depth: 10
2026/08/15 05:30:04.708839 [Incident:Info:toast@toast-new:Magnitude updated] Magnitude updated: 5.68 (M)
2026/08/15 05:30:04.708919 [Simulation:Info:toast@toast-new:Simulation not generated] Magnitude 5.68 of event bmg2026pwuq is smaller than triggerMinMagnitude: no automatic simulation
2026/08/15 05:30:09.867945 [Incident:Info:toast@toast-new:Origin updated] Origin updated: OT: 2026-08-14 22:27:03,  Lat/Lon: -8.09591°/120.493°, Depth: 10
2026/08/15 05:30:09.868170 [Incident:Info:toast@toast-new:Magnitude updated] Magnitude updated: 5.69 (M)
2026/08/15 05:30:09.868222 [Simulation:Info:toast@toast-new:Simulation not generated] Magnitude 5.69 of event bmg2026pwuq is smaller than triggerMinMagnitude: no automatic simulation
2026/08/15 05:30:14.861595 [Incident:Info:toast@toast-new:Origin updated] Origin updated: OT: 2026-08-14 22:27:03,  Lat/Lon: -8.09591°/120.493°, Depth: 10
2026/08/15 05:30:14.861812 [Incident:Info:toast@toast-new:Magnitude updated] Magnitude updated: 5.69 (M)
2026/08/15 05:30:14.861860 [Simulation:Info:toast@toast-new:Simulation not generated] Magnitude 5.69 of event bmg2026pwuq is smaller than triggerMinMagnitude: no automatic simulation
2026/08/15 05:30:19.272631 [Incident:Info:toast@toast-new:Origin updated] Origin updated: OT: 2026-08-14 22:27:03,  Lat/Lon: -8.09591°/120.493°, Depth: 10
2026/08/15 05:30:19.272826 [Incident:Info:toast@toast-new:Magnitude updated] Magnitude updated: 5.70 (M)
2026/08/15 05:30:19.272869 [Simulation:Info:toast@toast-new:Simulation not generated] Magnitude 5.70 of event bmg2026pwuq is smaller than triggerMinMagnitude: no automatic simulation
2026/08/15 05:30:24.818539 [Incident:Info:toast@toast-new:Origin updated] Origin updated: OT: 2026-08-14 22:27:03,  Lat/Lon: -8.09591°/120.493°, Depth: 10
2026/08/15 05:30:24.818739 [Incident:Info:toast@toast-new:Magnitude updated] Magnitude updated: 5.71 (M)
2026/08/15 05:30:24.818783 [Simulation:Info:toast@toast-new:Simulation not generated] Magnitude 5.71 of event bmg2026pwuq is smaller than triggerMinMagnitude: no automatic simulation
2026/08/15 05:30:29.818136 [Incident:Info:toast@toast-new:Origin updated] Origin updated: OT: 2026-08-14 22:27:03,  Lat/Lon: -8.09591°/120.493°, Depth: 10
2026/08/15 05:30:29.818347 [Incident:Info:toast@toast-new:Magnitude updated] Magnitude updated: 5.72 (M)
2026/08/15 05:30:29.818393 [Simulation:Info:toast@toast-new:Simulation not generated] Magnitude 5.72 of event bmg2026pwuq is smaller than triggerMinMagnitude: no automatic simulation
2026/08/15 05:30:34.784345 [Incident:Info:toast@toast-new:Origin updated] Origin updated: OT: 2026-08-14 22:27:03,  Lat/Lon: -8.09591°/120.493°, Depth: 10
2026/08/15 05:30:34.784548 [Incident:Info:toast@toast-new:Magnitude updated] Magnitude updated: 5.73 (M)
2026/08/15 05:30:34.784592 [Simulation:Info:toast@toast-new:Simulation not generated] Magnitude 5.73 of event bmg2026pwuq is smaller than triggerMinMagnitude: no automatic simulation
2026/08/15 05:30:39.826521 [Incident:Info:toast@toast-new:Origin updated] Origin updated: OT: 2026-08-14 22:27:03,  Lat/Lon: -8.09591°/120.493°, Depth: 10
2026/08/15 05:30:39.826726 [Incident:Info:toast@toast-new:Magnitude updated] Magnitude updated: 5.73 (M)
2026/08/15 05:30:39.826775 [Simulation:Info:toast@toast-new:Simulation not generated] Magnitude 5.73 of event bmg2026pwuq is smaller than triggerMinMagnitude: no automatic simulation
2026/08/15 05:30:41.285136 [Incident:Info:toast@toast-new:Origin updated] Origin updated: OT: 2026-08-14 22:27:03,  Lat/Lon: -8.09591°/120.493°, Depth: 10
2026/08/15 05:30:41.285321 [Incident:Info:toast@toast-new:Magnitude updated] Magnitude updated: 5.73 (M)
2026/08/15 05:30:41.285362 [Simulation:Info:toast@toast-new:Simulation not generated] Magnitude 5.73 of event bmg2026pwuq is smaller than triggerMinMagnitude: no automatic simulation
2026/08/15 05:30:44.764722 [Incident:Info:toast@toast-new:Origin updated] Origin updated: OT: 2026-08-14 22:27:03,  Lat/Lon: -8.09591°/120.493°, Depth: 10
2026/08/15 05:30:44.764904 [Incident:Info:toast@toast-new:Magnitude updated] Magnitude updated: 5.74 (M)
2026/08/15 05:30:44.764937 [Simulation:Info:toast@toast-new:Simulation not generated] Magnitude 5.74 of event bmg2026pwuq is smaller than triggerMinMagnitude: no automatic simulation
2026/08/15 05:30:49.664933 [Incident:Info:toast@toast-new:Origin updated] Origin updated: OT: 2026-08-14 22:27:03,  Lat/Lon: -8.09591°/120.493°, Depth: 10
2026/08/15 05:30:49.665119 [Incident:Info:toast@toast-new:Magnitude updated] Magnitude updated: 5.74 (M)
2026/08/15 05:30:49.665152 [Simulation:Info:toast@toast-new:Simulation not generated] Magnitude 5.74 of event bmg2026pwuq is smaller than triggerMinMagnitude: no automatic simulation
2026/08/15 05:30:54.814868 [Incident:Info:toast@toast-new:Origin updated] Origin updated: OT: 2026-08-14 22:27:03,  Lat/Lon: -8.09591°/120.493°, Depth: 10
2026/08/15 05:30:54.815004 [Incident:Info:toast@toast-new:Magnitude updated] Magnitude updated: 5.74 (M)
2026/08/15 05:30:54.815040 [Simulation:Info:toast@toast-new:Simulation not generated] Magnitude 5.74 of event bmg2026pwuq is smaller than triggerMinMagnitude: no automatic simulation
2026/08/15 05:30:56.041850 [Incident:Info:toast@toast-new:Origin updated] Origin updated: OT: 2026-08-14 22:27:03,  Lat/Lon: -8.09591°/120.493°, Depth: 10
2026/08/15 05:30:56.042056 [Incident:Info:toast@toast-new:FM updated] FM updated
2026/08/15 05:30:56.042341 [Simulation:Info:toast@toast-new:Simulation not generated] Magnitude 5.74 of event bmg2026pwuq is smaller than triggerMinMagnitude: no automatic simulation
2026/08/15 05:31:35.758951 [Incident:Info:toast@toast-new:Origin updated] Origin updated: OT: 2026-08-14 22:27:03,  Lat/Lon: -8.09591°/120.493°, Depth: 10
2026/08/15 05:31:35.759128 [Incident:Info:toast@toast-new:FM updated] FM updated
2026/08/15 05:31:35.759456 [Simulation:Info:toast@toast-new:Simulation not generated] Magnitude 5.74 of event bmg2026pwuq is smaller than triggerMinMagnitude: no automatic simulation
2026/08/15 05:32:35.460476 [Incident:Info:toast@toast-new:Origin updated] Origin updated: OT: 2026-08-14 22:27:03,  Lat/Lon: -8.09591°/120.493°, Depth: 10
2026/08/15 05:32:35.460651 [Incident:Info:toast@toast-new:FM updated] FM updated
2026/08/15 05:32:35.460939 [Simulation:Info:toast@toast-new:Simulation not generated] Magnitude 5.74 of event bmg2026pwuq is smaller than triggerMinMagnitude: no automatic simulation
2026/08/15 05:32:45.537212 [Incident:Info:toast@toast-new:Origin updated] Origin updated: OT: 2026-08-14 22:27:03,  Lat/Lon: -8.09591°/120.493°, Depth: 10
2026/08/15 05:32:45.537426 [Simulation:Info:toast@toast-new:Simulation not generated] Magnitude 5.74 of event bmg2026pwuq is smaller than triggerMinMagnitude: no automatic simulation
2026/08/15 05:32:55.648374 [Incident:Info:toast@toast-new:Origin updated] Origin updated: OT: 2026-08-14 22:27:03,  Lat/Lon: -8.09591°/120.493°, Depth: 10
2026/08/15 05:32:55.648656 [Simulation:Info:toast@toast-new:Simulation not generated] Magnitude 5.74 of event bmg2026pwuq is smaller than triggerMinMagnitude: no automatic simulation
2026/08/15 06:22:00.836244 [Incident:Info:toast@toast-new:Origin updated] Origin updated: OT: 2026-08-14 22:27:03,  Lat/Lon: -8.09591°/120.493°, Depth: 10
2026/08/15 06:22:00.836465 [Incident:Info:toast@toast-new:FM updated] FM updated
2026/08/15 06:22:00.836686 [Simulation:Info:toast@toast-new:Simulation not generated] Magnitude 5.74 of event bmg2026pwuq is smaller than triggerMinMagnitude: no automatic simulation
2026/08/15 06:29:06.106877 [Incident:Info:toast@toast-new:Origin updated] Origin updated: OT: 2026-08-14 22:27:03,  Lat/Lon: -8.09591°/120.493°, Depth: 10
2026/08/15 06:29:06.107104 [Simulation:Info:toast@toast-new:Simulation not generated] Magnitude 5.74 of event bmg2026pwuq is smaller than triggerMinMagnitude: no automatic simulation
2026/08/15 06:29:06.121399 [Incident:Info:toast@toast-new:Origin updated] Origin updated: OT: 2026-08-14 22:27:03,  Lat/Lon: -8.09591°/120.493°, Depth: 10
2026/08/15 06:29:06.121535 [Incident:Info:toast@toast-new:Magnitude updated] Magnitude updated: 5.75 (Mw)
2026/08/15 06:29:06.121576 [Simulation:Info:toast@toast-new:Simulation not generated] Magnitude 5.75 of event bmg2026pwuq is smaller than triggerMinMagnitude: no automatic simulation
