2026/07/24 05:52:20.078183 [Incident:Info:toast@toast-new:Displacement(s) updated] Added 0 and changed 0 displacements with 0 amplitudes
2026/07/24 05:52:20.080809 [Incident:Info:toast@toast-new:Incident created] Incident created based on event received from messaging: OT: 2026-07-23 22:50:26,  Lat/Lon: -5.88°/100.64°, Depth: 10.00, Mag: 5.13 (M)
2026/07/24 05:52:20.081490 [Simulation:Info:toast@toast-new:Simulation not generated] Magnitude 5.13 of event bmg2026oiqi is smaller than triggerMinMagnitude: no automatic simulation
2026/07/24 05:52:20.099306 [Incident:Info:toast@toast-new:Origin updated] Origin updated: OT: 2026-07-23 22:50:26,  Lat/Lon: -5.88471°/100.636°, Depth: 10
2026/07/24 05:52:20.099463 [Simulation:Info:toast@toast-new:Simulation not generated] Magnitude 5.13 of event bmg2026oiqi is smaller than triggerMinMagnitude: no automatic simulation
2026/07/24 05:52:26.046040 [Incident:Info:toast@toast-new:Origin updated] Origin updated: OT: 2026-07-23 22:50:26,  Lat/Lon: -5.88471°/100.636°, Depth: 10
2026/07/24 05:52:26.046200 [Incident:Info:toast@toast-new:Magnitude updated] Magnitude updated: 5.18 (M)
2026/07/24 05:52:26.046242 [Simulation:Info:toast@toast-new:Simulation not generated] Magnitude 5.18 of event bmg2026oiqi is smaller than triggerMinMagnitude: no automatic simulation
2026/07/24 05:52:29.564253 [Incident:Info:toast@toast-new:Origin updated] Origin updated: OT: 2026-07-23 22:50:26,  Lat/Lon: -5.88471°/100.636°, Depth: 10
2026/07/24 05:52:29.564445 [Incident:Info:toast@toast-new:Magnitude updated] Magnitude updated: 5.18 (M)
2026/07/24 05:52:29.564484 [Simulation:Info:toast@toast-new:Simulation not generated] Magnitude 5.18 of event bmg2026oiqi is smaller than triggerMinMagnitude: no automatic simulation
2026/07/24 05:52:29.580822 [Incident:Info:toast@toast-new:Origin updated] Origin updated: OT: 2026-07-23 22:50:25,  Lat/Lon: -6.1343°/100.537°, Depth: 74.5749
2026/07/24 05:52:29.580974 [Incident:Info:toast@toast-new:Magnitude updated] Magnitude updated: 5.28 (M)
2026/07/24 05:52:29.581003 [Simulation:Info:toast@toast-new:Simulation not generated] Magnitude 5.28 of event bmg2026oiqi is smaller than triggerMinMagnitude: no automatic simulation
2026/07/24 05:52:36.056019 [Incident:Info:toast@toast-new:Origin updated] Origin updated: OT: 2026-07-23 22:50:25,  Lat/Lon: -6.1343°/100.537°, Depth: 74.5749
2026/07/24 05:52:36.056230 [Incident:Info:toast@toast-new:Magnitude updated] Magnitude updated: 5.28 (M)
2026/07/24 05:52:36.056271 [Simulation:Info:toast@toast-new:Simulation not generated] Magnitude 5.28 of event bmg2026oiqi is smaller than triggerMinMagnitude: no automatic simulation
2026/07/24 05:52:41.086364 [Incident:Info:toast@toast-new:Origin updated] Origin updated: OT: 2026-07-23 22:50:25,  Lat/Lon: -6.1343°/100.537°, Depth: 74.5749
2026/07/24 05:52:41.086574 [Incident:Info:toast@toast-new:Magnitude updated] Magnitude updated: 5.29 (M)
2026/07/24 05:52:41.086616 [Simulation:Info:toast@toast-new:Simulation not generated] Magnitude 5.29 of event bmg2026oiqi is smaller than triggerMinMagnitude: no automatic simulation
2026/07/24 05:52:43.105563 [Incident:Info:toast@toast-new:Origin updated] Origin updated: OT: 2026-07-23 22:50:22,  Lat/Lon: -6.17864°/100.5°, Depth: 10
2026/07/24 05:52:43.105786 [Incident:Info:toast@toast-new:Magnitude updated] Magnitude updated: 5.32 (M)
2026/07/24 05:52:43.105829 [Simulation:Info:toast@toast-new:Simulation not generated] Magnitude 5.32 of event bmg2026oiqi is smaller than triggerMinMagnitude: no automatic simulation
2026/07/24 05:52:44.003236 [Incident:Info:toast@toast-new:Origin updated] Origin updated: OT: 2026-07-23 22:50:27,  Lat/Lon: -5.98045°/100.735°, Depth: 121.094
2026/07/24 05:52:44.003455 [Incident:Info:toast@toast-new:Magnitude updated] Magnitude updated: 5.27 (MLv)
2026/07/24 05:52:44.003490 [Simulation:Info:toast@toast-new:Simulation not generated] Magnitude 5.27 of event bmg2026oiqi is smaller than triggerMinMagnitude: no automatic simulation
2026/07/24 05:52:44.016305 [Incident:Info:toast@toast-new:Origin updated] Origin updated: OT: 2026-07-23 22:50:27,  Lat/Lon: -5.98045°/100.735°, Depth: 121.094
2026/07/24 05:52:44.016437 [Incident:Info:toast@toast-new:Magnitude updated] Magnitude updated: 5.39 (M)
2026/07/24 05:52:44.016463 [Simulation:Info:toast@toast-new:Simulation not generated] Magnitude 5.39 of event bmg2026oiqi is smaller than triggerMinMagnitude: no automatic simulation
2026/07/24 05:52:51.160493 [Incident:Info:toast@toast-new:Origin updated] Origin updated: OT: 2026-07-23 22:50:27,  Lat/Lon: -5.98045°/100.735°, Depth: 121.094
2026/07/24 05:52:51.160707 [Incident:Info:toast@toast-new:Magnitude updated] Magnitude updated: 5.40 (M)
2026/07/24 05:52:51.160771 [Simulation:Info:toast@toast-new:Simulation not generated] Magnitude 5.40 of event bmg2026oiqi is smaller than triggerMinMagnitude: no automatic simulation
2026/07/24 05:52:56.170387 [Incident:Info:toast@toast-new:Origin updated] Origin updated: OT: 2026-07-23 22:50:27,  Lat/Lon: -5.98045°/100.735°, Depth: 121.094
2026/07/24 05:52:56.170603 [Incident:Info:toast@toast-new:Magnitude updated] Magnitude updated: 5.41 (M)
2026/07/24 05:52:56.170651 [Simulation:Info:toast@toast-new:Simulation not generated] Magnitude 5.41 of event bmg2026oiqi is smaller than triggerMinMagnitude: no automatic simulation
2026/07/24 05:53:00.791039 [Incident:Info:toast@toast-new:Origin updated] Origin updated: OT: 2026-07-23 22:50:27,  Lat/Lon: -5.98045°/100.735°, Depth: 121.094
2026/07/24 05:53:00.791269 [Incident:Info:toast@toast-new:Magnitude updated] Magnitude updated: 5.41 (M)
2026/07/24 05:53:00.791321 [Simulation:Info:toast@toast-new:Simulation not generated] Magnitude 5.41 of event bmg2026oiqi is smaller than triggerMinMagnitude: no automatic simulation
2026/07/24 05:53:06.189978 [Incident:Info:toast@toast-new:Origin updated] Origin updated: OT: 2026-07-23 22:50:27,  Lat/Lon: -5.98045°/100.735°, Depth: 121.094
2026/07/24 05:53:06.190214 [Incident:Info:toast@toast-new:Magnitude updated] Magnitude updated: 5.41 (M)
2026/07/24 05:53:06.190262 [Simulation:Info:toast@toast-new:Simulation not generated] Magnitude 5.41 of event bmg2026oiqi is smaller than triggerMinMagnitude: no automatic simulation
2026/07/24 05:53:09.364796 [Incident:Info:toast@toast-new:Origin updated] Origin updated: OT: 2026-07-23 22:50:25,  Lat/Lon: -5.98139°/100.724°, Depth: 10
2026/07/24 05:53:09.365026 [Incident:Info:toast@toast-new:Magnitude updated] Magnitude updated: 5.40 (M)
2026/07/24 05:53:09.365078 [Simulation:Info:toast@toast-new:Simulation not generated] Magnitude 5.40 of event bmg2026oiqi is smaller than triggerMinMagnitude: no automatic simulation
2026/07/24 05:53:41.199219 [Incident:Info:toast@toast-new:Origin updated] Origin updated: OT: 2026-07-23 22:50:25,  Lat/Lon: -5.98139°/100.724°, Depth: 10
2026/07/24 05:53:41.199419 [Incident:Info:toast@toast-new:Magnitude updated] Magnitude updated: 5.40 (M)
2026/07/24 05:53:41.199461 [Simulation:Info:toast@toast-new:Simulation not generated] Magnitude 5.40 of event bmg2026oiqi is smaller than triggerMinMagnitude: no automatic simulation
2026/07/24 05:53:46.122118 [Incident:Info:toast@toast-new:Origin updated] Origin updated: OT: 2026-07-23 22:50:25,  Lat/Lon: -5.98139°/100.724°, Depth: 10
2026/07/24 05:53:46.122320 [Incident:Info:toast@toast-new:Magnitude updated] Magnitude updated: 5.40 (M)
2026/07/24 05:53:46.122360 [Simulation:Info:toast@toast-new:Simulation not generated] Magnitude 5.40 of event bmg2026oiqi is smaller than triggerMinMagnitude: no automatic simulation
2026/07/24 05:55:23.752497 [Incident:Info:toast@toast-new:Origin updated] Origin updated: OT: 2026-07-23 22:50:22,  Lat/Lon: -6.14705°/100.498°, Depth: 10
2026/07/24 05:55:23.752736 [Incident:Info:toast@toast-new:Magnitude updated] Magnitude updated: 5.43 (MLv)
2026/07/24 05:55:23.752788 [Simulation:Info:toast@toast-new:Simulation not generated] Magnitude 5.43 of event bmg2026oiqi is smaller than triggerMinMagnitude: no automatic simulation
2026/07/24 05:55:23.794013 [Incident:Info:toast@toast-new:Origin updated] Origin updated: OT: 2026-07-23 22:50:22,  Lat/Lon: -6.14705°/100.498°, Depth: 10
2026/07/24 05:55:23.794203 [Incident:Info:toast@toast-new:Magnitude updated] Magnitude updated: 5.30 (M)
2026/07/24 05:55:23.794242 [Simulation:Info:toast@toast-new:Simulation not generated] Magnitude 5.30 of event bmg2026oiqi is smaller than triggerMinMagnitude: no automatic simulation
2026/07/24 05:58:01.221769 [Incident:Info:toast@toast-new:Origin updated] Origin updated: OT: 2026-07-23 22:50:25,  Lat/Lon: -6.13336°/100.507°, Depth: 58.1991
2026/07/24 05:58:01.221955 [Incident:Info:toast@toast-new:Magnitude updated] Magnitude updated: 5.44 (MLv)
2026/07/24 05:58:01.221999 [Simulation:Info:toast@toast-new:Simulation not generated] Magnitude 5.44 of event bmg2026oiqi is smaller than triggerMinMagnitude: no automatic simulation
2026/07/24 05:58:01.237995 [Incident:Info:toast@toast-new:Origin updated] Origin updated: OT: 2026-07-23 22:50:25,  Lat/Lon: -6.13336°/100.507°, Depth: 58.1991
2026/07/24 05:58:01.238121 [Incident:Info:toast@toast-new:Magnitude updated] Magnitude updated: 5.24 (M)
2026/07/24 05:58:01.238157 [Simulation:Info:toast@toast-new:Simulation not generated] Magnitude 5.24 of event bmg2026oiqi is smaller than triggerMinMagnitude: no automatic simulation
2026/07/24 05:59:45.892356 [Incident:Info:toast@toast-new:Origin updated] Origin updated: OT: 2026-07-23 22:50:25,  Lat/Lon: -6.13336°/100.507°, Depth: 58.1991
2026/07/24 05:59:45.892576 [Incident:Info:toast@toast-new:FM updated] FM updated
2026/07/24 05:59:45.892799 [Simulation:Info:toast@toast-new:Simulation not generated] Magnitude 5.24 of event bmg2026oiqi is smaller than triggerMinMagnitude: no automatic simulation
2026/07/24 06:06:21.940969 [Incident:Info:toast@toast-new:Origin updated] Origin updated: OT: 2026-07-23 22:50:23,  Lat/Lon: -6.11555°/100.511°, Depth: 10
2026/07/24 06:06:21.941185 [Incident:Info:toast@toast-new:Magnitude updated] Magnitude updated: 5.44 (MLv)
2026/07/24 06:06:21.941232 [Simulation:Info:toast@toast-new:Simulation not generated] Magnitude 5.44 of event bmg2026oiqi is smaller than triggerMinMagnitude: no automatic simulation
2026/07/24 06:06:22.010499 [Incident:Info:toast@toast-new:Origin updated] Origin updated: OT: 2026-07-23 22:50:23,  Lat/Lon: -6.11555°/100.511°, Depth: 10
2026/07/24 06:06:22.010689 [Incident:Info:toast@toast-new:Magnitude updated] Magnitude updated: 5.28 (M)
2026/07/24 06:06:22.010733 [Simulation:Info:toast@toast-new:Simulation not generated] Magnitude 5.28 of event bmg2026oiqi is smaller than triggerMinMagnitude: no automatic simulation
2026/07/24 13:54:29.064657 [Incident:Info:toast@toast-new:Origin updated] Origin updated: OT: 2026-07-23 22:50:27,  Lat/Lon: -5.99523°/100.665°, Depth: 72.0127
2026/07/24 13:54:29.106601 [Incident:Info:toast@toast-new:Magnitude updated] Magnitude updated: 5.39 (MLv)
2026/07/24 13:54:29.106809 [Simulation:Info:toast@toast-new:Simulation not generated] Magnitude 5.39 of event bmg2026oiqi is smaller than triggerMinMagnitude: no automatic simulation
2026/07/24 13:54:29.129398 [Incident:Info:toast@toast-new:Origin updated] Origin updated: OT: 2026-07-23 22:50:27,  Lat/Lon: -5.99523°/100.665°, Depth: 72.0127
2026/07/24 13:54:29.129550 [Incident:Info:toast@toast-new:Magnitude updated] Magnitude updated: 5.20 (M)
2026/07/24 13:54:29.129640 [Simulation:Info:toast@toast-new:Simulation not generated] Magnitude 5.20 of event bmg2026oiqi is smaller than triggerMinMagnitude: no automatic simulation
