2026/06/08 09:15:07.812494 [Incident:Info:toast@toast-new:Displacement(s) updated] Added 0 and changed 0 displacements with 0 amplitudes
2026/06/08 09:15:07.814943 [Incident:Info:toast@toast-new:Incident created] Incident created based on event received from messaging: OT: 2026-06-08 02:12:18,  Lat/Lon: 6.44°/125.25°, Depth: 10.00, Mag: 5.43 (M)
2026/06/08 09:15:07.815446 [Simulation:Info:toast@toast-new:Simulation not generated] Magnitude 5.43 of event bmg2026lcvw is smaller than triggerMinMagnitude: no automatic simulation
2026/06/08 09:15:07.832665 [Incident:Info:toast@toast-new:Origin updated] Origin updated: OT: 2026-06-08 02:12:18,  Lat/Lon: 6.43644°/125.247°, Depth: 10
2026/06/08 09:15:07.832794 [Simulation:Info:toast@toast-new:Simulation not generated] Magnitude 5.43 of event bmg2026lcvw is smaller than triggerMinMagnitude: no automatic simulation
2026/06/08 09:15:13.893934 [Incident:Info:toast@toast-new:Origin updated] Origin updated: OT: 2026-06-08 02:12:18,  Lat/Lon: 6.43644°/125.247°, Depth: 10
2026/06/08 09:15:13.894131 [Incident:Info:toast@toast-new:Magnitude updated] Magnitude updated: 5.43 (M)
2026/06/08 09:15:13.894180 [Simulation:Info:toast@toast-new:Simulation not generated] Magnitude 5.43 of event bmg2026lcvw is smaller than triggerMinMagnitude: no automatic simulation
2026/06/08 09:15:18.520702 [Incident:Info:toast@toast-new:Origin updated] Origin updated: OT: 2026-06-08 02:12:17,  Lat/Lon: 6.56133°/125.235°, Depth: 10
2026/06/08 09:15:18.520916 [Incident:Info:toast@toast-new:Magnitude updated] Magnitude updated: 5.45 (M)
2026/06/08 09:15:18.520965 [Simulation:Info:toast@toast-new:Simulation not generated] Magnitude 5.45 of event bmg2026lcvw is smaller than triggerMinMagnitude: no automatic simulation
2026/06/08 09:15:23.993955 [Incident:Info:toast@toast-new:Origin updated] Origin updated: OT: 2026-06-08 02:12:17,  Lat/Lon: 6.56133°/125.235°, Depth: 10
2026/06/08 09:15:23.994155 [Incident:Info:toast@toast-new:Magnitude updated] Magnitude updated: 5.55 (M)
2026/06/08 09:15:23.994207 [Simulation:Info:toast@toast-new:Simulation not generated] Magnitude 5.55 of event bmg2026lcvw is smaller than triggerMinMagnitude: no automatic simulation
2026/06/08 09:15:28.971745 [Incident:Info:toast@toast-new:Origin updated] Origin updated: OT: 2026-06-08 02:12:17,  Lat/Lon: 6.56133°/125.235°, Depth: 10
2026/06/08 09:15:28.971919 [Incident:Info:toast@toast-new:Magnitude updated] Magnitude updated: 5.56 (M)
2026/06/08 09:15:28.971959 [Simulation:Info:toast@toast-new:Simulation not generated] Magnitude 5.56 of event bmg2026lcvw is smaller than triggerMinMagnitude: no automatic simulation
2026/06/08 09:15:31.701465 [Incident:Info:toast@toast-new:Origin updated] Origin updated: OT: 2026-06-08 02:12:17,  Lat/Lon: 6.50842°/125.246°, Depth: 10
2026/06/08 09:15:31.701688 [Incident:Info:toast@toast-new:Magnitude updated] Magnitude updated: 5.59 (M)
2026/06/08 09:15:31.701734 [Simulation:Info:toast@toast-new:Simulation not generated] Magnitude 5.59 of event bmg2026lcvw is smaller than triggerMinMagnitude: no automatic simulation
2026/06/08 09:15:33.961525 [Incident:Info:toast@toast-new:Origin updated] Origin updated: OT: 2026-06-08 02:12:17,  Lat/Lon: 6.50842°/125.246°, Depth: 10
2026/06/08 09:15:33.961714 [Incident:Info:toast@toast-new:Magnitude updated] Magnitude updated: 5.57 (M)
2026/06/08 09:15:33.961764 [Simulation:Info:toast@toast-new:Simulation not generated] Magnitude 5.57 of event bmg2026lcvw is smaller than triggerMinMagnitude: no automatic simulation
2026/06/08 09:15:38.971809 [Incident:Info:toast@toast-new:Origin updated] Origin updated: OT: 2026-06-08 02:12:17,  Lat/Lon: 6.50842°/125.246°, Depth: 10
2026/06/08 09:15:38.971994 [Incident:Info:toast@toast-new:Magnitude updated] Magnitude updated: 5.57 (M)
2026/06/08 09:15:38.972042 [Simulation:Info:toast@toast-new:Simulation not generated] Magnitude 5.57 of event bmg2026lcvw is smaller than triggerMinMagnitude: no automatic simulation
2026/06/08 09:15:43.977760 [Incident:Info:toast@toast-new:Origin updated] Origin updated: OT: 2026-06-08 02:12:17,  Lat/Lon: 6.50842°/125.246°, Depth: 10
2026/06/08 09:15:43.977962 [Incident:Info:toast@toast-new:Magnitude updated] Magnitude updated: 5.59 (M)
2026/06/08 09:15:43.978009 [Simulation:Info:toast@toast-new:Simulation not generated] Magnitude 5.59 of event bmg2026lcvw is smaller than triggerMinMagnitude: no automatic simulation
2026/06/08 09:15:48.071684 [Incident:Info:toast@toast-new:Origin updated] Origin updated: OT: 2026-06-08 02:12:19,  Lat/Lon: 6.38623°/125.196°, Depth: 10
2026/06/08 09:15:48.071906 [Incident:Info:toast@toast-new:Magnitude updated] Magnitude updated: 5.57 (M)
2026/06/08 09:15:48.071951 [Simulation:Info:toast@toast-new:Simulation not generated] Magnitude 5.57 of event bmg2026lcvw is smaller than triggerMinMagnitude: no automatic simulation
2026/06/08 09:15:48.942592 [Incident:Info:toast@toast-new:Origin updated] Origin updated: OT: 2026-06-08 02:12:19,  Lat/Lon: 6.38623°/125.196°, Depth: 10
2026/06/08 09:15:48.942803 [Incident:Info:toast@toast-new:Magnitude updated] Magnitude updated: 5.57 (M)
2026/06/08 09:15:48.942847 [Simulation:Info:toast@toast-new:Simulation not generated] Magnitude 5.57 of event bmg2026lcvw is smaller than triggerMinMagnitude: no automatic simulation
2026/06/08 09:15:54.005716 [Incident:Info:toast@toast-new:Origin updated] Origin updated: OT: 2026-06-08 02:12:19,  Lat/Lon: 6.38623°/125.196°, Depth: 10
2026/06/08 09:15:54.005911 [Incident:Info:toast@toast-new:Magnitude updated] Magnitude updated: 5.58 (M)
2026/06/08 09:15:54.005956 [Simulation:Info:toast@toast-new:Simulation not generated] Magnitude 5.58 of event bmg2026lcvw is smaller than triggerMinMagnitude: no automatic simulation
2026/06/08 09:15:59.012859 [Incident:Info:toast@toast-new:Origin updated] Origin updated: OT: 2026-06-08 02:12:19,  Lat/Lon: 6.38623°/125.196°, Depth: 10
2026/06/08 09:15:59.013048 [Incident:Info:toast@toast-new:Magnitude updated] Magnitude updated: 5.59 (M)
2026/06/08 09:15:59.013098 [Simulation:Info:toast@toast-new:Simulation not generated] Magnitude 5.59 of event bmg2026lcvw is smaller than triggerMinMagnitude: no automatic simulation
2026/06/08 09:16:04.015476 [Incident:Info:toast@toast-new:Origin updated] Origin updated: OT: 2026-06-08 02:12:19,  Lat/Lon: 6.38623°/125.196°, Depth: 10
2026/06/08 09:16:04.015664 [Incident:Info:toast@toast-new:Magnitude updated] Magnitude updated: 5.61 (M)
2026/06/08 09:16:04.015709 [Simulation:Info:toast@toast-new:Simulation not generated] Magnitude 5.61 of event bmg2026lcvw is smaller than triggerMinMagnitude: no automatic simulation
2026/06/08 09:16:09.004653 [Incident:Info:toast@toast-new:Origin updated] Origin updated: OT: 2026-06-08 02:12:19,  Lat/Lon: 6.38623°/125.196°, Depth: 10
2026/06/08 09:16:09.004827 [Incident:Info:toast@toast-new:Magnitude updated] Magnitude updated: 5.61 (M)
2026/06/08 09:16:09.004876 [Simulation:Info:toast@toast-new:Simulation not generated] Magnitude 5.61 of event bmg2026lcvw is smaller than triggerMinMagnitude: no automatic simulation
2026/06/08 09:16:13.996163 [Incident:Info:toast@toast-new:Origin updated] Origin updated: OT: 2026-06-08 02:12:19,  Lat/Lon: 6.38623°/125.196°, Depth: 10
2026/06/08 09:16:13.996357 [Incident:Info:toast@toast-new:Magnitude updated] Magnitude updated: 5.62 (M)
2026/06/08 09:16:13.996405 [Simulation:Info:toast@toast-new:Simulation not generated] Magnitude 5.62 of event bmg2026lcvw is smaller than triggerMinMagnitude: no automatic simulation
2026/06/08 09:16:18.957097 [Incident:Info:toast@toast-new:Origin updated] Origin updated: OT: 2026-06-08 02:12:19,  Lat/Lon: 6.38623°/125.196°, Depth: 10
2026/06/08 09:16:18.957283 [Incident:Info:toast@toast-new:Magnitude updated] Magnitude updated: 5.62 (M)
2026/06/08 09:16:18.957323 [Simulation:Info:toast@toast-new:Simulation not generated] Magnitude 5.62 of event bmg2026lcvw is smaller than triggerMinMagnitude: no automatic simulation
2026/06/08 09:16:23.909084 [Incident:Info:toast@toast-new:Origin updated] Origin updated: OT: 2026-06-08 02:12:19,  Lat/Lon: 6.38623°/125.196°, Depth: 10
2026/06/08 09:16:23.909262 [Incident:Info:toast@toast-new:Magnitude updated] Magnitude updated: 5.62 (M)
2026/06/08 09:16:23.909318 [Simulation:Info:toast@toast-new:Simulation not generated] Magnitude 5.62 of event bmg2026lcvw is smaller than triggerMinMagnitude: no automatic simulation
2026/06/08 09:16:28.972418 [Incident:Info:toast@toast-new:Origin updated] Origin updated: OT: 2026-06-08 02:12:19,  Lat/Lon: 6.38623°/125.196°, Depth: 10
2026/06/08 09:16:28.972612 [Incident:Info:toast@toast-new:Magnitude updated] Magnitude updated: 5.62 (M)
2026/06/08 09:16:28.972660 [Simulation:Info:toast@toast-new:Simulation not generated] Magnitude 5.62 of event bmg2026lcvw is smaller than triggerMinMagnitude: no automatic simulation
2026/06/08 09:16:33.992189 [Incident:Info:toast@toast-new:Origin updated] Origin updated: OT: 2026-06-08 02:12:19,  Lat/Lon: 6.38623°/125.196°, Depth: 10
2026/06/08 09:16:33.992386 [Incident:Info:toast@toast-new:Magnitude updated] Magnitude updated: 5.62 (M)
2026/06/08 09:16:33.992434 [Simulation:Info:toast@toast-new:Simulation not generated] Magnitude 5.62 of event bmg2026lcvw is smaller than triggerMinMagnitude: no automatic simulation
2026/06/08 09:16:38.991739 [Incident:Info:toast@toast-new:Origin updated] Origin updated: OT: 2026-06-08 02:12:19,  Lat/Lon: 6.38623°/125.196°, Depth: 10
2026/06/08 09:16:38.991913 [Incident:Info:toast@toast-new:Magnitude updated] Magnitude updated: 5.62 (M)
2026/06/08 09:16:38.991959 [Simulation:Info:toast@toast-new:Simulation not generated] Magnitude 5.62 of event bmg2026lcvw is smaller than triggerMinMagnitude: no automatic simulation
2026/06/08 09:16:42.982670 [Incident:Info:toast@toast-new:Origin updated] Origin updated: OT: 2026-06-08 02:12:18,  Lat/Lon: 6.39688°/125.195°, Depth: 10
2026/06/08 09:16:42.982896 [Incident:Info:toast@toast-new:Magnitude updated] Magnitude updated: 5.62 (M)
2026/06/08 09:16:42.982961 [Simulation:Info:toast@toast-new:Simulation not generated] Magnitude 5.62 of event bmg2026lcvw is smaller than triggerMinMagnitude: no automatic simulation
2026/06/08 09:16:58.960225 [Incident:Info:toast@toast-new:Origin updated] Origin updated: OT: 2026-06-08 02:12:18,  Lat/Lon: 6.39688°/125.195°, Depth: 10
2026/06/08 09:16:58.960412 [Incident:Info:toast@toast-new:Magnitude updated] Magnitude updated: 5.62 (M)
2026/06/08 09:16:58.960452 [Simulation:Info:toast@toast-new:Simulation not generated] Magnitude 5.62 of event bmg2026lcvw is smaller than triggerMinMagnitude: no automatic simulation
2026/06/08 09:17:00.180975 [Incident:Info:toast@toast-new:Origin updated] Origin updated: OT: 2026-06-08 02:12:18,  Lat/Lon: 6.40389°/125.204°, Depth: 10
2026/06/08 09:17:00.181191 [Incident:Info:toast@toast-new:Magnitude updated] Magnitude updated: 5.61 (M)
2026/06/08 09:17:00.181242 [Simulation:Info:toast@toast-new:Simulation not generated] Magnitude 5.61 of event bmg2026lcvw is smaller than triggerMinMagnitude: no automatic simulation
2026/06/08 09:17:03.980917 [Incident:Info:toast@toast-new:Origin updated] Origin updated: OT: 2026-06-08 02:12:18,  Lat/Lon: 6.40389°/125.204°, Depth: 10
2026/06/08 09:17:03.981092 [Incident:Info:toast@toast-new:Magnitude updated] Magnitude updated: 5.61 (M)
2026/06/08 09:17:03.981131 [Simulation:Info:toast@toast-new:Simulation not generated] Magnitude 5.61 of event bmg2026lcvw is smaller than triggerMinMagnitude: no automatic simulation
2026/06/08 09:17:21.072812 [Incident:Info:toast@toast-new:Origin updated] Origin updated: OT: 2026-06-08 02:12:18,  Lat/Lon: 6.41517°/125.256°, Depth: 10
2026/06/08 09:17:21.072987 [Incident:Info:toast@toast-new:Magnitude updated] Magnitude updated: 5.62 (M)
2026/06/08 09:17:21.073023 [Simulation:Info:toast@toast-new:Simulation not generated] Magnitude 5.62 of event bmg2026lcvw is smaller than triggerMinMagnitude: no automatic simulation
2026/06/08 09:17:28.957101 [Incident:Info:toast@toast-new:Origin updated] Origin updated: OT: 2026-06-08 02:12:18,  Lat/Lon: 6.41517°/125.256°, Depth: 10
2026/06/08 09:17:28.957275 [Incident:Info:toast@toast-new:Magnitude updated] Magnitude updated: 5.62 (M)
2026/06/08 09:17:28.957314 [Simulation:Info:toast@toast-new:Simulation not generated] Magnitude 5.62 of event bmg2026lcvw is smaller than triggerMinMagnitude: no automatic simulation
2026/06/08 09:17:41.431287 [Incident:Info:toast@toast-new:Origin updated] Origin updated: OT: 2026-06-08 02:12:19,  Lat/Lon: 6.36966°/125.264°, Depth: 10
2026/06/08 09:17:41.431471 [Incident:Info:toast@toast-new:Magnitude updated] Magnitude updated: 5.61 (M)
2026/06/08 09:17:41.431508 [Simulation:Info:toast@toast-new:Simulation not generated] Magnitude 5.61 of event bmg2026lcvw is smaller than triggerMinMagnitude: no automatic simulation
2026/06/08 09:18:03.561057 [Incident:Info:toast@toast-new:Origin updated] Origin updated: OT: 2026-06-08 02:12:23,  Lat/Lon: 5.9394°/125.365°, Depth: 10
2026/06/08 09:18:03.561257 [Incident:Info:toast@toast-new:Magnitude updated] Magnitude updated: 5.52 (M)
2026/06/08 09:18:03.561289 [Simulation:Info:toast@toast-new:Simulation not generated] Magnitude 5.52 of event bmg2026lcvw is smaller than triggerMinMagnitude: no automatic simulation
2026/06/08 09:18:04.967197 [Incident:Info:toast@toast-new:Origin updated] Origin updated: OT: 2026-06-08 02:12:17,  Lat/Lon: 6.43429°/125.252°, Depth: 10
2026/06/08 09:18:04.967389 [Incident:Info:toast@toast-new:Magnitude updated] Magnitude updated: 5.31 (mb)
2026/06/08 09:18:04.967439 [Simulation:Info:toast@toast-new:Simulation not generated] Magnitude 5.31 of event bmg2026lcvw is smaller than triggerMinMagnitude: no automatic simulation
2026/06/08 09:18:04.988607 [Incident:Info:toast@toast-new:Origin updated] Origin updated: OT: 2026-06-08 02:12:17,  Lat/Lon: 6.43429°/125.252°, Depth: 10
2026/06/08 09:18:04.988716 [Incident:Info:toast@toast-new:Magnitude updated] Magnitude updated: 5.62 (M)
2026/06/08 09:18:04.988745 [Simulation:Info:toast@toast-new:Simulation not generated] Magnitude 5.62 of event bmg2026lcvw is smaller than triggerMinMagnitude: no automatic simulation
2026/06/08 09:20:00.134630 [Incident:Info:toast@toast-new:Origin updated] Origin updated: OT: 2026-06-08 02:12:17,  Lat/Lon: 6.43429°/125.252°, Depth: 10
2026/06/08 09:20:00.134831 [Incident:Info:toast@toast-new:FM updated] FM updated
2026/06/08 09:20:00.135064 [Simulation:Info:toast@toast-new:Simulation not generated] Magnitude 5.62 of event bmg2026lcvw is smaller than triggerMinMagnitude: no automatic simulation
2026/06/08 09:20:20.271744 [Incident:Info:toast@toast-new:Origin updated] Origin updated: OT: 2026-06-08 02:12:17,  Lat/Lon: 6.43429°/125.252°, Depth: 10
2026/06/08 09:20:20.271913 [Incident:Info:toast@toast-new:FM updated] FM updated
2026/06/08 09:20:20.272118 [Simulation:Info:toast@toast-new:Simulation not generated] Magnitude 5.62 of event bmg2026lcvw is smaller than triggerMinMagnitude: no automatic simulation
2026/06/08 09:20:31.141881 [Incident:Info:toast@toast-new:Origin updated] Origin updated: OT: 2026-06-08 02:12:17,  Lat/Lon: 6.43429°/125.252°, Depth: 10
2026/06/08 09:20:31.142074 [Incident:Info:toast@toast-new:FM updated] FM updated
2026/06/08 09:20:31.142301 [Simulation:Info:toast@toast-new:Simulation not generated] Magnitude 5.62 of event bmg2026lcvw is smaller than triggerMinMagnitude: no automatic simulation
2026/06/08 09:20:51.972006 [Incident:Info:toast@toast-new:Origin updated] Origin updated: OT: 2026-06-08 02:12:17,  Lat/Lon: 6.43429°/125.252°, Depth: 10
2026/06/08 09:20:51.972200 [Incident:Info:toast@toast-new:FM updated] FM updated
2026/06/08 09:20:51.972431 [Simulation:Info:toast@toast-new:Simulation not generated] Magnitude 5.62 of event bmg2026lcvw is smaller than triggerMinMagnitude: no automatic simulation
2026/06/08 09:21:01.575711 [Incident:Info:toast@toast-new:Origin updated] Origin updated: OT: 2026-06-08 02:12:17,  Lat/Lon: 6.43429°/125.252°, Depth: 10
2026/06/08 09:21:01.575873 [Incident:Info:toast@toast-new:FM updated] FM updated
2026/06/08 09:21:01.576065 [Simulation:Info:toast@toast-new:Simulation not generated] Magnitude 5.62 of event bmg2026lcvw is smaller than triggerMinMagnitude: no automatic simulation
2026/06/08 09:21:11.912993 [Incident:Info:toast@toast-new:Origin updated] Origin updated: OT: 2026-06-08 02:12:17,  Lat/Lon: 6.43429°/125.252°, Depth: 10
2026/06/08 09:21:11.913205 [Incident:Info:toast@toast-new:FM updated] FM updated
2026/06/08 09:21:11.913415 [Simulation:Info:toast@toast-new:Simulation not generated] Magnitude 5.62 of event bmg2026lcvw is smaller than triggerMinMagnitude: no automatic simulation
2026/06/08 09:21:21.033921 [Incident:Info:toast@toast-new:Origin updated] Origin updated: OT: 2026-06-08 02:12:17,  Lat/Lon: 6.43429°/125.252°, Depth: 10
2026/06/08 09:21:21.034059 [Incident:Info:toast@toast-new:FM updated] FM updated
2026/06/08 09:21:21.034248 [Simulation:Info:toast@toast-new:Simulation not generated] Magnitude 5.62 of event bmg2026lcvw is smaller than triggerMinMagnitude: no automatic simulation
2026/06/08 09:21:31.296214 [Incident:Info:toast@toast-new:Origin updated] Origin updated: OT: 2026-06-08 02:12:17,  Lat/Lon: 6.43429°/125.252°, Depth: 10
2026/06/08 09:21:31.296410 [Incident:Info:toast@toast-new:FM updated] FM updated
2026/06/08 09:21:31.296640 [Simulation:Info:toast@toast-new:Simulation not generated] Magnitude 5.62 of event bmg2026lcvw is smaller than triggerMinMagnitude: no automatic simulation
2026/06/08 09:21:41.136546 [Incident:Info:toast@toast-new:Origin updated] Origin updated: OT: 2026-06-08 02:12:17,  Lat/Lon: 6.43429°/125.252°, Depth: 10
2026/06/08 09:21:41.136733 [Simulation:Info:toast@toast-new:Simulation not generated] Magnitude 5.62 of event bmg2026lcvw is smaller than triggerMinMagnitude: no automatic simulation
2026/06/08 09:21:52.517695 [Incident:Info:toast@toast-new:Origin updated] Origin updated: OT: 2026-06-08 02:12:17,  Lat/Lon: 6.43429°/125.252°, Depth: 10
2026/06/08 09:21:52.517869 [Incident:Info:toast@toast-new:FM updated] FM updated
2026/06/08 09:21:52.518078 [Simulation:Info:toast@toast-new:Simulation not generated] Magnitude 5.62 of event bmg2026lcvw is smaller than triggerMinMagnitude: no automatic simulation
2026/06/08 09:22:02.903156 [Incident:Info:toast@toast-new:Origin updated] Origin updated: OT: 2026-06-08 02:12:17,  Lat/Lon: 6.43429°/125.252°, Depth: 10
2026/06/08 09:22:02.903321 [Incident:Info:toast@toast-new:FM updated] FM updated
2026/06/08 09:22:02.903515 [Simulation:Info:toast@toast-new:Simulation not generated] Magnitude 5.62 of event bmg2026lcvw is smaller than triggerMinMagnitude: no automatic simulation
2026/06/08 09:22:23.018535 [Incident:Info:toast@toast-new:Origin updated] Origin updated: OT: 2026-06-08 02:12:17,  Lat/Lon: 6.43429°/125.252°, Depth: 10
2026/06/08 09:22:23.018734 [Incident:Info:toast@toast-new:FM updated] FM updated
2026/06/08 09:22:23.018974 [Simulation:Info:toast@toast-new:Simulation not generated] Magnitude 5.62 of event bmg2026lcvw is smaller than triggerMinMagnitude: no automatic simulation
2026/06/08 09:24:12.371691 [Incident:Info:toast@toast-new:Origin updated] Origin updated: OT: 2026-06-08 02:12:17,  Lat/Lon: 6.43429°/125.252°, Depth: 10
2026/06/08 09:24:12.371863 [Incident:Info:toast@toast-new:FM updated] FM updated
2026/06/08 09:24:12.372068 [Simulation:Info:toast@toast-new:Simulation not generated] Magnitude 5.62 of event bmg2026lcvw is smaller than triggerMinMagnitude: no automatic simulation
2026/06/08 09:25:12.211683 [Incident:Info:toast@toast-new:Origin updated] Origin updated: OT: 2026-06-08 02:12:17,  Lat/Lon: 6.43429°/125.252°, Depth: 10
2026/06/08 09:25:12.211860 [Incident:Info:toast@toast-new:FM updated] FM updated
2026/06/08 09:25:12.212066 [Simulation:Info:toast@toast-new:Simulation not generated] Magnitude 5.62 of event bmg2026lcvw is smaller than triggerMinMagnitude: no automatic simulation
2026/06/08 09:26:13.377080 [Incident:Info:toast@toast-new:Origin updated] Origin updated: OT: 2026-06-08 02:12:17,  Lat/Lon: 6.43429°/125.252°, Depth: 10
2026/06/08 09:26:13.377266 [Incident:Info:toast@toast-new:FM updated] FM updated
2026/06/08 09:26:13.377493 [Simulation:Info:toast@toast-new:Simulation not generated] Magnitude 5.62 of event bmg2026lcvw is smaller than triggerMinMagnitude: no automatic simulation
2026/06/08 17:50:40.402696 [Incident:Info:toast@toast-new:Origin updated] Origin updated: OT: 2026-06-08 02:12:26,  Lat/Lon: 5.63604°/125.271°, Depth: 10
2026/06/08 17:50:40.414227 [Incident:Info:toast@toast-new:Magnitude updated] Magnitude updated: 5.28 (mb)
2026/06/08 17:50:40.424720 [Incident:Info:toast@toast-new:FM updated] FM updated
2026/06/08 17:50:40.434738 [Simulation:Info:toast@toast-new:Simulation not generated] Magnitude 5.28 of event bmg2026lcvw is smaller than triggerMinMagnitude: no automatic simulation
2026/06/08 17:50:40.455298 [Incident:Info:toast@toast-new:Origin updated] Origin updated: OT: 2026-06-08 02:12:26,  Lat/Lon: 5.63604°/125.271°, Depth: 10
2026/06/08 17:50:40.464963 [Incident:Info:toast@toast-new:Magnitude updated] Magnitude updated: 5.44 (M)
2026/06/08 17:50:40.474292 [Simulation:Info:toast@toast-new:Simulation not generated] Magnitude 5.44 of event bmg2026lcvw is smaller than triggerMinMagnitude: no automatic simulation
2026/06/08 17:50:45.857556 [Incident:Info:toast@toast-new:Origin updated] Origin updated: OT: 2026-06-08 02:12:26,  Lat/Lon: 5.63604°/125.271°, Depth: 10
2026/06/08 17:50:45.873538 [Incident:Info:toast@toast-new:Magnitude updated] Magnitude updated: 5.28 (mb)
2026/06/08 17:50:45.884244 [Simulation:Info:toast@toast-new:Simulation not generated] Magnitude 5.28 of event bmg2026lcvw is smaller than triggerMinMagnitude: no automatic simulation
