2026/06/03 23:57:09.527796 [Incident:Info:toast@toast-new:Displacement(s) updated] Added 0 and changed 0 displacements with 0 amplitudes
2026/06/03 23:57:09.536444 [Incident:Info:toast@toast-new:Incident created] Incident created based on event received from messaging: OT: 2026-06-03 16:55:38,  Lat/Lon: -8.25°/120.14°, Depth: 165.29, Mag: 5.27 (M)
2026/06/03 23:57:09.537069 [Simulation:Info:toast@toast-new:Simulation not generated] Magnitude 5.27 of event bmg2026kuvm is smaller than triggerMinMagnitude: no automatic simulation
2026/06/03 23:57:09.569914 [Incident:Info:toast@toast-new:Origin updated] Origin updated: OT: 2026-06-03 16:55:38,  Lat/Lon: -8.24718°/120.143°, Depth: 165.291
2026/06/03 23:57:09.581406 [Simulation:Info:toast@toast-new:Simulation not generated] Magnitude 5.27 of event bmg2026kuvm is smaller than triggerMinMagnitude: no automatic simulation
2026/06/03 23:57:17.468785 [Incident:Info:toast@toast-new:Origin updated] Origin updated: OT: 2026-06-03 16:55:37,  Lat/Lon: -8.24356°/120.135°, Depth: 169.821
2026/06/03 23:57:17.489295 [Incident:Info:toast@toast-new:Magnitude updated] Magnitude updated: 5.41 (M)
2026/06/03 23:57:17.502040 [Simulation:Info:toast@toast-new:Simulation not generated] Magnitude 5.41 of event bmg2026kuvm is smaller than triggerMinMagnitude: no automatic simulation
2026/06/03 23:57:23.908214 [Incident:Info:toast@toast-new:Origin updated] Origin updated: OT: 2026-06-03 16:55:37,  Lat/Lon: -8.24356°/120.135°, Depth: 169.821
2026/06/03 23:57:23.923144 [Incident:Info:toast@toast-new:Magnitude updated] Magnitude updated: 5.42 (M)
2026/06/03 23:57:23.935032 [Simulation:Info:toast@toast-new:Simulation not generated] Magnitude 5.42 of event bmg2026kuvm is smaller than triggerMinMagnitude: no automatic simulation
2026/06/03 23:57:28.903165 [Incident:Info:toast@toast-new:Origin updated] Origin updated: OT: 2026-06-03 16:55:37,  Lat/Lon: -8.24356°/120.135°, Depth: 169.821
2026/06/03 23:57:28.918178 [Incident:Info:toast@toast-new:Magnitude updated] Magnitude updated: 5.44 (M)
2026/06/03 23:57:28.929379 [Simulation:Info:toast@toast-new:Simulation not generated] Magnitude 5.44 of event bmg2026kuvm is smaller than triggerMinMagnitude: no automatic simulation
2026/06/03 23:57:33.368647 [Incident:Info:toast@toast-new:Origin updated] Origin updated: OT: 2026-06-03 16:55:37,  Lat/Lon: -8.26474°/120.121°, Depth: 175.901
2026/06/03 23:57:33.383079 [Incident:Info:toast@toast-new:Magnitude updated] Magnitude updated: 5.41 (M)
2026/06/03 23:57:33.394490 [Simulation:Info:toast@toast-new:Simulation not generated] Magnitude 5.41 of event bmg2026kuvm is smaller than triggerMinMagnitude: no automatic simulation
2026/06/03 23:57:33.934009 [Incident:Info:toast@toast-new:Origin updated] Origin updated: OT: 2026-06-03 16:55:37,  Lat/Lon: -8.26474°/120.121°, Depth: 175.901
2026/06/03 23:57:33.948883 [Incident:Info:toast@toast-new:Magnitude updated] Magnitude updated: 5.42 (M)
2026/06/03 23:57:33.960171 [Simulation:Info:toast@toast-new:Simulation not generated] Magnitude 5.42 of event bmg2026kuvm is smaller than triggerMinMagnitude: no automatic simulation
2026/06/03 23:57:38.942826 [Incident:Info:toast@toast-new:Origin updated] Origin updated: OT: 2026-06-03 16:55:37,  Lat/Lon: -8.26474°/120.121°, Depth: 175.901
2026/06/03 23:57:38.958433 [Incident:Info:toast@toast-new:Magnitude updated] Magnitude updated: 5.43 (M)
2026/06/03 23:57:38.969924 [Simulation:Info:toast@toast-new:Simulation not generated] Magnitude 5.43 of event bmg2026kuvm is smaller than triggerMinMagnitude: no automatic simulation
2026/06/03 23:57:43.948709 [Incident:Info:toast@toast-new:Origin updated] Origin updated: OT: 2026-06-03 16:55:37,  Lat/Lon: -8.26474°/120.121°, Depth: 175.901
2026/06/03 23:57:43.964308 [Incident:Info:toast@toast-new:Magnitude updated] Magnitude updated: 5.44 (M)
2026/06/03 23:57:43.975697 [Simulation:Info:toast@toast-new:Simulation not generated] Magnitude 5.44 of event bmg2026kuvm is smaller than triggerMinMagnitude: no automatic simulation
2026/06/03 23:57:48.941554 [Incident:Info:toast@toast-new:Origin updated] Origin updated: OT: 2026-06-03 16:55:37,  Lat/Lon: -8.26474°/120.121°, Depth: 175.901
2026/06/03 23:57:48.957694 [Incident:Info:toast@toast-new:Magnitude updated] Magnitude updated: 5.46 (M)
2026/06/03 23:57:48.969379 [Simulation:Info:toast@toast-new:Simulation not generated] Magnitude 5.46 of event bmg2026kuvm is smaller than triggerMinMagnitude: no automatic simulation
2026/06/03 23:57:53.924448 [Incident:Info:toast@toast-new:Origin updated] Origin updated: OT: 2026-06-03 16:55:37,  Lat/Lon: -8.26474°/120.121°, Depth: 175.901
2026/06/03 23:57:53.940071 [Incident:Info:toast@toast-new:Magnitude updated] Magnitude updated: 5.47 (M)
2026/06/03 23:57:53.951485 [Simulation:Info:toast@toast-new:Simulation not generated] Magnitude 5.47 of event bmg2026kuvm is smaller than triggerMinMagnitude: no automatic simulation
2026/06/03 23:57:55.340876 [Incident:Info:toast@toast-new:Origin updated] Origin updated: OT: 2026-06-03 16:55:37,  Lat/Lon: -8.26773°/120.133°, Depth: 174.815
2026/06/03 23:57:55.355950 [Incident:Info:toast@toast-new:Magnitude updated] Magnitude updated: 5.47 (M)
2026/06/03 23:57:55.367725 [Simulation:Info:toast@toast-new:Simulation not generated] Magnitude 5.47 of event bmg2026kuvm is smaller than triggerMinMagnitude: no automatic simulation
2026/06/03 23:57:58.905174 [Incident:Info:toast@toast-new:Origin updated] Origin updated: OT: 2026-06-03 16:55:37,  Lat/Lon: -8.26773°/120.133°, Depth: 174.815
2026/06/03 23:57:58.920774 [Incident:Info:toast@toast-new:Magnitude updated] Magnitude updated: 5.44 (M)
2026/06/03 23:57:58.932146 [Simulation:Info:toast@toast-new:Simulation not generated] Magnitude 5.44 of event bmg2026kuvm is smaller than triggerMinMagnitude: no automatic simulation
2026/06/03 23:57:59.818961 [Incident:Info:toast@toast-new:Origin updated] Origin updated: OT: 2026-06-03 16:55:38,  Lat/Lon: -8.2431°/120.14°, Depth: 163.914
2026/06/03 23:57:59.834206 [Incident:Info:toast@toast-new:Magnitude updated] Magnitude updated: 5.27 (MLv)
2026/06/03 23:57:59.845559 [Simulation:Info:toast@toast-new:Simulation not generated] Magnitude 5.27 of event bmg2026kuvm is smaller than triggerMinMagnitude: no automatic simulation
2026/06/03 23:57:59.869741 [Incident:Info:toast@toast-new:Origin updated] Origin updated: OT: 2026-06-03 16:55:38,  Lat/Lon: -8.2431°/120.14°, Depth: 163.914
2026/06/03 23:57:59.879826 [Incident:Info:toast@toast-new:Magnitude updated] Magnitude updated: 5.27 (M)
2026/06/03 23:57:59.889532 [Simulation:Info:toast@toast-new:Simulation not generated] Magnitude 5.27 of event bmg2026kuvm is smaller than triggerMinMagnitude: no automatic simulation
2026/06/03 23:58:33.098766 [Incident:Info:toast@toast-new:Origin updated] Origin updated: OT: 2026-06-03 16:55:37,  Lat/Lon: -8.27093°/120.14°, Depth: 171.409
2026/06/03 23:58:33.114444 [Incident:Info:toast@toast-new:Magnitude updated] Magnitude updated: 5.54 (MLv)
2026/06/03 23:58:33.126040 [Simulation:Info:toast@toast-new:Simulation not generated] Magnitude 5.54 of event bmg2026kuvm is smaller than triggerMinMagnitude: no automatic simulation
2026/06/03 23:58:33.204551 [Incident:Info:toast@toast-new:Origin updated] Origin updated: OT: 2026-06-03 16:55:37,  Lat/Lon: -8.27093°/120.14°, Depth: 171.409
2026/06/03 23:58:33.217126 [Incident:Info:toast@toast-new:Magnitude updated] Magnitude updated: 5.17 (M)
2026/06/03 23:58:33.227681 [Simulation:Info:toast@toast-new:Simulation not generated] Magnitude 5.17 of event bmg2026kuvm is smaller than triggerMinMagnitude: no automatic simulation
2026/06/03 23:58:34.013309 [Incident:Info:toast@toast-new:Origin updated] Origin updated: OT: 2026-06-03 16:55:37,  Lat/Lon: -8.27093°/120.14°, Depth: 171.409
2026/06/03 23:58:34.034353 [Incident:Info:toast@toast-new:Magnitude updated] Magnitude updated: 5.15 (M)
2026/06/03 23:58:34.047147 [Simulation:Info:toast@toast-new:Simulation not generated] Magnitude 5.15 of event bmg2026kuvm is smaller than triggerMinMagnitude: no automatic simulation
2026/06/03 23:58:39.116997 [Incident:Info:toast@toast-new:Origin updated] Origin updated: OT: 2026-06-03 16:55:37,  Lat/Lon: -8.27093°/120.14°, Depth: 171.409
2026/06/03 23:58:39.132234 [Incident:Info:toast@toast-new:Magnitude updated] Magnitude updated: 5.12 (M)
2026/06/03 23:58:39.143717 [Simulation:Info:toast@toast-new:Simulation not generated] Magnitude 5.12 of event bmg2026kuvm is smaller than triggerMinMagnitude: no automatic simulation
2026/06/03 23:58:44.044539 [Incident:Info:toast@toast-new:Origin updated] Origin updated: OT: 2026-06-03 16:55:37,  Lat/Lon: -8.27093°/120.14°, Depth: 171.409
2026/06/03 23:58:44.060227 [Incident:Info:toast@toast-new:Magnitude updated] Magnitude updated: 5.00 (Mw(mB))
2026/06/03 23:58:44.071913 [Simulation:Info:toast@toast-new:Simulation not generated] Magnitude 5.00 of event bmg2026kuvm is smaller than triggerMinMagnitude: no automatic simulation
2026/06/03 23:58:44.108688 [Incident:Info:toast@toast-new:Origin updated] Origin updated: OT: 2026-06-03 16:55:37,  Lat/Lon: -8.27093°/120.14°, Depth: 171.409
2026/06/03 23:58:44.121810 [Simulation:Info:toast@toast-new:Simulation not generated] Magnitude 5.00 of event bmg2026kuvm is smaller than triggerMinMagnitude: no automatic simulation
2026/06/04 00:00:50.996265 [Incident:Info:toast@toast-new:Origin updated] Origin updated: OT: 2026-06-03 16:55:37,  Lat/Lon: -8.25778°/120.148°, Depth: 169.292
2026/06/04 00:00:51.011787 [Incident:Info:toast@toast-new:Magnitude updated] Magnitude updated: 5.00 (Mw(mB))
2026/06/04 00:00:51.023276 [Simulation:Info:toast@toast-new:Simulation not generated] Magnitude 5.00 of event bmg2026kuvm is smaller than triggerMinMagnitude: no automatic simulation
2026/06/04 00:01:02.149044 [Incident:Info:toast@toast-new:Origin updated] Origin updated: OT: 2026-06-03 16:55:37,  Lat/Lon: -8.25778°/120.148°, Depth: 169.292
2026/06/04 00:01:02.165218 [Incident:Info:toast@toast-new:Magnitude updated] Magnitude updated: 5.12 (M)
2026/06/04 00:01:02.176882 [Simulation:Info:toast@toast-new:Simulation not generated] Magnitude 5.12 of event bmg2026kuvm is smaller than triggerMinMagnitude: no automatic simulation
2026/06/04 00:03:05.195478 [Incident:Info:toast@toast-new:Origin updated] Origin updated: OT: 2026-06-03 16:55:37,  Lat/Lon: -8.25778°/120.148°, Depth: 169.292
2026/06/04 00:03:05.210675 [Incident:Info:toast@toast-new:FM updated] FM updated
2026/06/04 00:03:05.222404 [Simulation:Info:toast@toast-new:Simulation not generated] Magnitude 5.12 of event bmg2026kuvm is smaller than triggerMinMagnitude: no automatic simulation
2026/06/04 06:36:16.057809 [Incident:Info:toast@toast-new:Origin updated] Origin updated: OT: 2026-06-03 16:55:37,  Lat/Lon: -8.25913°/120.146°, Depth: 169.379
2026/06/04 06:36:16.069820 [Incident:Info:toast@toast-new:Magnitude updated] Magnitude updated: 5.00 (Mw(mB))
2026/06/04 06:36:16.080868 [Incident:Info:toast@toast-new:FM updated] FM updated
2026/06/04 06:36:16.091172 [Simulation:Info:toast@toast-new:Simulation not generated] Magnitude 5.00 of event bmg2026kuvm is smaller than triggerMinMagnitude: no automatic simulation
2026/06/04 06:36:16.107624 [Incident:Info:toast@toast-new:Origin updated] Origin updated: OT: 2026-06-03 16:55:37,  Lat/Lon: -8.25913°/120.146°, Depth: 169.379
2026/06/04 06:36:16.117102 [Incident:Info:toast@toast-new:Magnitude updated] Magnitude updated: 5.10 (M)
2026/06/04 06:36:16.126372 [Simulation:Info:toast@toast-new:Simulation not generated] Magnitude 5.10 of event bmg2026kuvm is smaller than triggerMinMagnitude: no automatic simulation
2026/06/04 06:40:24.677469 [Incident:Info:toast@toast-new:Origin updated] Origin updated: OT: 2026-06-03 16:55:37,  Lat/Lon: -8.25913°/120.146°, Depth: 169.379
2026/06/04 06:40:24.692068 [Incident:Info:toast@toast-new:Magnitude updated] Magnitude updated: 5.39 (mb)
2026/06/04 06:40:24.703459 [Simulation:Info:toast@toast-new:Simulation not generated] Magnitude 5.39 of event bmg2026kuvm is smaller than triggerMinMagnitude: no automatic simulation
2026/06/04 06:51:57.964628 [Incident:Info:toast@toast-new:Origin updated] Origin updated: OT: 2026-06-03 16:55:37,  Lat/Lon: -8.25913°/120.146°, Depth: 169.379
2026/06/04 06:51:57.983883 [Incident:Info:toast@toast-new:FM updated] FM updated
2026/06/04 06:51:57.996013 [Simulation:Info:toast@toast-new:Simulation not generated] Magnitude 5.39 of event bmg2026kuvm is smaller than triggerMinMagnitude: no automatic simulation
