2026/08/15 14:41:22.470966 [Incident:Info:toast@toast-new:Displacement(s) updated] Added 0 and changed 0 displacements with 0 amplitudes
2026/08/15 14:41:22.473348 [Incident:Info:toast@toast-new:Incident created] Incident created based on event received from messaging: OT: 2026-08-15 07:39:40,  Lat/Lon: -7.99°/120.73°, Depth: 10.00, Mag: 5.02 (M)
2026/08/15 14:41:22.473982 [Simulation:Info:toast@toast-new:Simulation not generated] Magnitude 5.02 of event bmg2026pxmw is smaller than triggerMinMagnitude: no automatic simulation
2026/08/15 14:41:22.491701 [Incident:Info:toast@toast-new:Origin updated] Origin updated: OT: 2026-08-15 07:39:40,  Lat/Lon: -7.99197°/120.729°, Depth: 10
2026/08/15 14:41:22.491865 [Simulation:Info:toast@toast-new:Simulation not generated] Magnitude 5.02 of event bmg2026pxmw is smaller than triggerMinMagnitude: no automatic simulation
2026/08/15 14:41:24.652519 [Incident:Info:toast@toast-new:Origin updated] Origin updated: OT: 2026-08-15 07:39:40,  Lat/Lon: -7.99197°/120.729°, Depth: 10
2026/08/15 14:41:24.652726 [Incident:Info:toast@toast-new:Magnitude updated] Magnitude updated: 5.05 (M)
2026/08/15 14:41:24.652773 [Simulation:Info:toast@toast-new:Simulation not generated] Magnitude 5.05 of event bmg2026pxmw is smaller than triggerMinMagnitude: no automatic simulation
2026/08/15 14:41:29.680464 [Incident:Info:toast@toast-new:Origin updated] Origin updated: OT: 2026-08-15 07:39:40,  Lat/Lon: -7.99197°/120.729°, Depth: 10
2026/08/15 14:41:29.680688 [Incident:Info:toast@toast-new:Magnitude updated] Magnitude updated: 5.08 (M)
2026/08/15 14:41:29.680744 [Simulation:Info:toast@toast-new:Simulation not generated] Magnitude 5.08 of event bmg2026pxmw is smaller than triggerMinMagnitude: no automatic simulation
2026/08/15 14:41:34.469366 [Incident:Info:toast@toast-new:Origin updated] Origin updated: OT: 2026-08-15 07:39:40,  Lat/Lon: -7.98527°/120.792°, Depth: 10
2026/08/15 14:41:34.469568 [Incident:Info:toast@toast-new:Magnitude updated] Magnitude updated: 5.08 (M)
2026/08/15 14:41:34.469610 [Simulation:Info:toast@toast-new:Simulation not generated] Magnitude 5.08 of event bmg2026pxmw is smaller than triggerMinMagnitude: no automatic simulation
2026/08/15 14:41:39.706066 [Incident:Info:toast@toast-new:Origin updated] Origin updated: OT: 2026-08-15 07:39:40,  Lat/Lon: -7.98527°/120.792°, Depth: 10
2026/08/15 14:41:39.706274 [Incident:Info:toast@toast-new:Magnitude updated] Magnitude updated: 5.08 (M)
2026/08/15 14:41:39.706319 [Simulation:Info:toast@toast-new:Simulation not generated] Magnitude 5.08 of event bmg2026pxmw is smaller than triggerMinMagnitude: no automatic simulation
2026/08/15 14:41:44.709104 [Incident:Info:toast@toast-new:Origin updated] Origin updated: OT: 2026-08-15 07:39:40,  Lat/Lon: -7.98527°/120.792°, Depth: 10
2026/08/15 14:41:44.709310 [Incident:Info:toast@toast-new:Magnitude updated] Magnitude updated: 5.10 (M)
2026/08/15 14:41:44.709368 [Simulation:Info:toast@toast-new:Simulation not generated] Magnitude 5.10 of event bmg2026pxmw is smaller than triggerMinMagnitude: no automatic simulation
2026/08/15 14:41:49.730592 [Incident:Info:toast@toast-new:Origin updated] Origin updated: OT: 2026-08-15 07:39:40,  Lat/Lon: -7.98527°/120.792°, Depth: 10
2026/08/15 14:41:49.730792 [Incident:Info:toast@toast-new:Magnitude updated] Magnitude updated: 5.11 (M)
2026/08/15 14:41:49.730844 [Simulation:Info:toast@toast-new:Simulation not generated] Magnitude 5.11 of event bmg2026pxmw is smaller than triggerMinMagnitude: no automatic simulation
2026/08/15 14:41:51.158054 [Incident:Info:toast@toast-new:Origin updated] Origin updated: OT: 2026-08-15 07:39:40,  Lat/Lon: -8.00089°/120.848°, Depth: 10
2026/08/15 14:41:51.158225 [Incident:Info:toast@toast-new:Magnitude updated] Magnitude updated: 5.09 (M)
2026/08/15 14:41:51.158266 [Simulation:Info:toast@toast-new:Simulation not generated] Magnitude 5.09 of event bmg2026pxmw is smaller than triggerMinMagnitude: no automatic simulation
2026/08/15 14:41:54.753975 [Incident:Info:toast@toast-new:Origin updated] Origin updated: OT: 2026-08-15 07:39:40,  Lat/Lon: -8.00089°/120.848°, Depth: 10
2026/08/15 14:41:54.754230 [Incident:Info:toast@toast-new:Magnitude updated] Magnitude updated: 5.10 (M)
2026/08/15 14:41:54.754298 [Simulation:Info:toast@toast-new:Simulation not generated] Magnitude 5.10 of event bmg2026pxmw is smaller than triggerMinMagnitude: no automatic simulation
2026/08/15 14:41:59.720964 [Incident:Info:toast@toast-new:Origin updated] Origin updated: OT: 2026-08-15 07:39:40,  Lat/Lon: -8.00089°/120.848°, Depth: 10
2026/08/15 14:41:59.722659 [Incident:Info:toast@toast-new:Magnitude updated] Magnitude updated: 5.10 (M)
2026/08/15 14:41:59.722723 [Simulation:Info:toast@toast-new:Simulation not generated] Magnitude 5.10 of event bmg2026pxmw is smaller than triggerMinMagnitude: no automatic simulation
2026/08/15 14:42:04.661144 [Incident:Info:toast@toast-new:Origin updated] Origin updated: OT: 2026-08-15 07:39:40,  Lat/Lon: -8.00089°/120.848°, Depth: 10
2026/08/15 14:42:04.661335 [Incident:Info:toast@toast-new:Magnitude updated] Magnitude updated: 5.10 (M)
2026/08/15 14:42:04.661381 [Simulation:Info:toast@toast-new:Simulation not generated] Magnitude 5.10 of event bmg2026pxmw is smaller than triggerMinMagnitude: no automatic simulation
2026/08/15 14:42:09.737050 [Incident:Info:toast@toast-new:Origin updated] Origin updated: OT: 2026-08-15 07:39:40,  Lat/Lon: -8.00089°/120.848°, Depth: 10
2026/08/15 14:42:09.737256 [Incident:Info:toast@toast-new:Magnitude updated] Magnitude updated: 5.06 (M)
2026/08/15 14:42:09.737304 [Simulation:Info:toast@toast-new:Simulation not generated] Magnitude 5.06 of event bmg2026pxmw is smaller than triggerMinMagnitude: no automatic simulation
2026/08/15 14:42:13.579169 [Incident:Info:toast@toast-new:Origin updated] Origin updated: OT: 2026-08-15 07:39:40,  Lat/Lon: -8.00787°/120.893°, Depth: 10
2026/08/15 14:42:13.579366 [Incident:Info:toast@toast-new:Magnitude updated] Magnitude updated: 5.04 (M)
2026/08/15 14:42:13.579417 [Simulation:Info:toast@toast-new:Simulation not generated] Magnitude 5.04 of event bmg2026pxmw is smaller than triggerMinMagnitude: no automatic simulation
2026/08/15 14:42:14.616163 [Incident:Info:toast@toast-new:Origin updated] Origin updated: OT: 2026-08-15 07:39:40,  Lat/Lon: -8.00787°/120.893°, Depth: 10
2026/08/15 14:42:14.616361 [Incident:Info:toast@toast-new:Magnitude updated] Magnitude updated: 5.04 (M)
2026/08/15 14:42:14.616414 [Simulation:Info:toast@toast-new:Simulation not generated] Magnitude 5.04 of event bmg2026pxmw is smaller than triggerMinMagnitude: no automatic simulation
2026/08/15 14:42:17.668881 [Incident:Info:toast@toast-new:Origin updated] Origin updated: OT: 2026-08-15 07:39:41,  Lat/Lon: -7.94412°/120.793°, Depth: 10
2026/08/15 14:42:17.669106 [Incident:Info:toast@toast-new:Magnitude updated] Magnitude updated: 5.13 (MLv)
2026/08/15 14:42:17.669161 [Simulation:Info:toast@toast-new:Simulation not generated] Magnitude 5.13 of event bmg2026pxmw is smaller than triggerMinMagnitude: no automatic simulation
2026/08/15 14:42:17.755733 [Incident:Info:toast@toast-new:Origin updated] Origin updated: OT: 2026-08-15 07:39:41,  Lat/Lon: -7.94412°/120.793°, Depth: 10
2026/08/15 14:42:17.755900 [Incident:Info:toast@toast-new:Magnitude updated] Magnitude updated: 5.03 (M)
2026/08/15 14:42:17.755948 [Simulation:Info:toast@toast-new:Simulation not generated] Magnitude 5.03 of event bmg2026pxmw is smaller than triggerMinMagnitude: no automatic simulation
2026/08/15 14:42:19.754800 [Incident:Info:toast@toast-new:Origin updated] Origin updated: OT: 2026-08-15 07:39:41,  Lat/Lon: -7.94412°/120.793°, Depth: 10
2026/08/15 14:42:19.754996 [Incident:Info:toast@toast-new:Magnitude updated] Magnitude updated: 5.06 (M)
2026/08/15 14:42:19.755052 [Simulation:Info:toast@toast-new:Simulation not generated] Magnitude 5.06 of event bmg2026pxmw is smaller than triggerMinMagnitude: no automatic simulation
2026/08/15 14:42:24.816005 [Incident:Info:toast@toast-new:Origin updated] Origin updated: OT: 2026-08-15 07:39:41,  Lat/Lon: -7.94412°/120.793°, Depth: 10
2026/08/15 14:42:24.816205 [Incident:Info:toast@toast-new:Magnitude updated] Magnitude updated: 5.06 (M)
2026/08/15 14:42:24.816275 [Simulation:Info:toast@toast-new:Simulation not generated] Magnitude 5.06 of event bmg2026pxmw is smaller than triggerMinMagnitude: no automatic simulation
2026/08/15 14:42:29.738656 [Incident:Info:toast@toast-new:Origin updated] Origin updated: OT: 2026-08-15 07:39:41,  Lat/Lon: -7.94412°/120.793°, Depth: 10
2026/08/15 14:42:29.738864 [Incident:Info:toast@toast-new:Magnitude updated] Magnitude updated: 5.07 (M)
2026/08/15 14:42:29.738920 [Simulation:Info:toast@toast-new:Simulation not generated] Magnitude 5.07 of event bmg2026pxmw is smaller than triggerMinMagnitude: no automatic simulation
2026/08/15 14:42:34.810874 [Incident:Info:toast@toast-new:Origin updated] Origin updated: OT: 2026-08-15 07:39:41,  Lat/Lon: -7.94412°/120.793°, Depth: 10
2026/08/15 14:42:34.812547 [Incident:Info:toast@toast-new:Magnitude updated] Magnitude updated: 5.08 (M)
2026/08/15 14:42:34.812614 [Simulation:Info:toast@toast-new:Simulation not generated] Magnitude 5.08 of event bmg2026pxmw is smaller than triggerMinMagnitude: no automatic simulation
2026/08/15 14:42:39.704451 [Incident:Info:toast@toast-new:Origin updated] Origin updated: OT: 2026-08-15 07:39:41,  Lat/Lon: -7.94412°/120.793°, Depth: 10
2026/08/15 14:42:39.704659 [Incident:Info:toast@toast-new:Magnitude updated] Magnitude updated: 5.08 (M)
2026/08/15 14:42:39.704719 [Simulation:Info:toast@toast-new:Simulation not generated] Magnitude 5.08 of event bmg2026pxmw is smaller than triggerMinMagnitude: no automatic simulation
2026/08/15 14:42:42.764946 [Incident:Info:toast@toast-new:Origin updated] Origin updated: OT: 2026-08-15 07:39:41,  Lat/Lon: -7.94412°/120.793°, Depth: 10
2026/08/15 14:42:42.765126 [Incident:Info:toast@toast-new:Magnitude updated] Magnitude updated: 5.09 (M)
2026/08/15 14:42:42.765167 [Simulation:Info:toast@toast-new:Simulation not generated] Magnitude 5.09 of event bmg2026pxmw is smaller than triggerMinMagnitude: no automatic simulation
2026/08/15 14:42:44.746057 [Incident:Info:toast@toast-new:Origin updated] Origin updated: OT: 2026-08-15 07:39:41,  Lat/Lon: -7.94412°/120.793°, Depth: 10
2026/08/15 14:42:44.746250 [Incident:Info:toast@toast-new:Magnitude updated] Magnitude updated: 5.09 (M)
2026/08/15 14:42:44.746303 [Simulation:Info:toast@toast-new:Simulation not generated] Magnitude 5.09 of event bmg2026pxmw is smaller than triggerMinMagnitude: no automatic simulation
2026/08/15 14:42:49.868878 [Incident:Info:toast@toast-new:Origin updated] Origin updated: OT: 2026-08-15 07:39:41,  Lat/Lon: -7.94412°/120.793°, Depth: 10
2026/08/15 14:42:49.869074 [Incident:Info:toast@toast-new:Magnitude updated] Magnitude updated: 5.09 (M)
2026/08/15 14:42:49.869119 [Simulation:Info:toast@toast-new:Simulation not generated] Magnitude 5.09 of event bmg2026pxmw is smaller than triggerMinMagnitude: no automatic simulation
2026/08/15 14:42:54.844609 [Incident:Info:toast@toast-new:Origin updated] Origin updated: OT: 2026-08-15 07:39:41,  Lat/Lon: -7.94412°/120.793°, Depth: 10
2026/08/15 14:42:54.844728 [Incident:Info:toast@toast-new:Magnitude updated] Magnitude updated: 5.09 (M)
2026/08/15 14:42:54.844749 [Simulation:Info:toast@toast-new:Simulation not generated] Magnitude 5.09 of event bmg2026pxmw is smaller than triggerMinMagnitude: no automatic simulation
2026/08/15 14:42:59.792478 [Incident:Info:toast@toast-new:Origin updated] Origin updated: OT: 2026-08-15 07:39:41,  Lat/Lon: -7.94412°/120.793°, Depth: 10
2026/08/15 14:42:59.792691 [Incident:Info:toast@toast-new:Magnitude updated] Magnitude updated: 5.09 (M)
2026/08/15 14:42:59.792746 [Simulation:Info:toast@toast-new:Simulation not generated] Magnitude 5.09 of event bmg2026pxmw is smaller than triggerMinMagnitude: no automatic simulation
2026/08/15 14:43:04.705037 [Incident:Info:toast@toast-new:Origin updated] Origin updated: OT: 2026-08-15 07:39:41,  Lat/Lon: -7.94412°/120.793°, Depth: 10
2026/08/15 14:43:04.705235 [Incident:Info:toast@toast-new:Magnitude updated] Magnitude updated: 5.09 (M)
2026/08/15 14:43:04.705283 [Simulation:Info:toast@toast-new:Simulation not generated] Magnitude 5.09 of event bmg2026pxmw is smaller than triggerMinMagnitude: no automatic simulation
2026/08/15 14:43:12.342001 [Incident:Info:toast@toast-new:Origin updated] Origin updated: OT: 2026-08-15 07:39:41,  Lat/Lon: -7.94412°/120.793°, Depth: 10
2026/08/15 14:43:12.342186 [Incident:Info:toast@toast-new:Magnitude updated] Magnitude updated: 5.09 (M)
2026/08/15 14:43:12.342227 [Simulation:Info:toast@toast-new:Simulation not generated] Magnitude 5.09 of event bmg2026pxmw is smaller than triggerMinMagnitude: no automatic simulation
2026/08/15 14:43:14.774586 [Incident:Info:toast@toast-new:Origin updated] Origin updated: OT: 2026-08-15 07:39:41,  Lat/Lon: -7.94412°/120.793°, Depth: 10
2026/08/15 14:43:14.774777 [Incident:Info:toast@toast-new:Magnitude updated] Magnitude updated: 5.09 (M)
2026/08/15 14:43:14.774829 [Simulation:Info:toast@toast-new:Simulation not generated] Magnitude 5.09 of event bmg2026pxmw is smaller than triggerMinMagnitude: no automatic simulation
2026/08/15 14:43:19.855968 [Incident:Info:toast@toast-new:Origin updated] Origin updated: OT: 2026-08-15 07:39:41,  Lat/Lon: -7.94412°/120.793°, Depth: 10
2026/08/15 14:43:19.856171 [Incident:Info:toast@toast-new:Magnitude updated] Magnitude updated: 5.09 (M)
2026/08/15 14:43:19.856226 [Simulation:Info:toast@toast-new:Simulation not generated] Magnitude 5.09 of event bmg2026pxmw is smaller than triggerMinMagnitude: no automatic simulation
2026/08/15 14:43:34.837968 [Incident:Info:toast@toast-new:Origin updated] Origin updated: OT: 2026-08-15 07:39:41,  Lat/Lon: -7.94412°/120.793°, Depth: 10
2026/08/15 14:43:34.838155 [Incident:Info:toast@toast-new:Magnitude updated] Magnitude updated: 5.10 (M)
2026/08/15 14:43:34.838199 [Simulation:Info:toast@toast-new:Simulation not generated] Magnitude 5.10 of event bmg2026pxmw is smaller than triggerMinMagnitude: no automatic simulation
2026/08/15 14:49:46.874778 [Incident:Info:toast@toast-new:Origin updated] Origin updated: OT: 2026-08-15 07:39:41,  Lat/Lon: -7.94389°/120.791°, Depth: 10
2026/08/15 14:49:46.874998 [Incident:Info:toast@toast-new:Magnitude updated] Magnitude updated: 5.15 (MLv)
2026/08/15 14:49:46.875058 [Simulation:Info:toast@toast-new:Simulation not generated] Magnitude 5.15 of event bmg2026pxmw is smaller than triggerMinMagnitude: no automatic simulation
2026/08/15 14:49:46.893135 [Incident:Info:toast@toast-new:Origin updated] Origin updated: OT: 2026-08-15 07:39:41,  Lat/Lon: -7.94389°/120.791°, Depth: 10
2026/08/15 14:49:46.893258 [Incident:Info:toast@toast-new:Magnitude updated] Magnitude updated: 5.10 (M)
2026/08/15 14:49:46.893282 [Simulation:Info:toast@toast-new:Simulation not generated] Magnitude 5.10 of event bmg2026pxmw is smaller than triggerMinMagnitude: no automatic simulation
2026/08/15 14:53:50.869028 [Incident:Info:toast@toast-new:Origin updated] Origin updated: OT: 2026-08-15 07:39:41,  Lat/Lon: -7.9418°/120.776°, Depth: 10
2026/08/15 14:53:50.869215 [Incident:Info:toast@toast-new:Magnitude updated] Magnitude updated: 5.16 (MLv)
2026/08/15 14:53:50.869270 [Simulation:Info:toast@toast-new:Simulation not generated] Magnitude 5.16 of event bmg2026pxmw is smaller than triggerMinMagnitude: no automatic simulation
2026/08/15 14:53:50.886472 [Incident:Info:toast@toast-new:Origin updated] Origin updated: OT: 2026-08-15 07:39:41,  Lat/Lon: -7.9418°/120.776°, Depth: 10
2026/08/15 14:53:50.886617 [Incident:Info:toast@toast-new:Magnitude updated] Magnitude updated: 5.10 (M)
2026/08/15 14:53:50.886654 [Simulation:Info:toast@toast-new:Simulation not generated] Magnitude 5.10 of event bmg2026pxmw is smaller than triggerMinMagnitude: no automatic simulation
2026/08/15 20:36:15.303907 [Incident:Info:toast@toast-new:Origin updated] Origin updated: OT: 2026-08-15 07:39:40,  Lat/Lon: -7.99789°/120.821°, Depth: 10
2026/08/15 20:36:15.304028 [Incident:Info:toast@toast-new:Magnitude updated] Magnitude updated: 5.14 (MLv)
2026/08/15 20:36:15.304051 [Simulation:Info:toast@toast-new:Simulation not generated] Magnitude 5.14 of event bmg2026pxmw is smaller than triggerMinMagnitude: no automatic simulation
2026/08/15 20:36:15.312191 [Incident:Info:toast@toast-new:Origin updated] Origin updated: OT: 2026-08-15 07:39:40,  Lat/Lon: -7.99789°/120.821°, Depth: 10
2026/08/15 20:36:15.348908 [Incident:Info:toast@toast-new:Magnitude updated] Magnitude updated: 5.08 (M)
2026/08/15 20:36:15.349005 [Simulation:Info:toast@toast-new:Simulation not generated] Magnitude 5.08 of event bmg2026pxmw is smaller than triggerMinMagnitude: no automatic simulation
2026/08/15 20:36:25.913087 [Incident:Info:toast@toast-new:Origin updated] Origin updated: OT: 2026-08-15 07:39:40,  Lat/Lon: -7.99789°/120.821°, Depth: 10
2026/08/15 20:36:25.913256 [Incident:Info:toast@toast-new:Magnitude updated] Magnitude updated: 5.14 (MLv)
2026/08/15 20:36:25.913309 [Simulation:Info:toast@toast-new:Simulation not generated] Magnitude 5.14 of event bmg2026pxmw is smaller than triggerMinMagnitude: no automatic simulation
