2026/06/08 20:40:17.443390 [Incident:Info:toast@toast-new:Displacement(s) updated] Added 0 and changed 0 displacements with 0 amplitudes
2026/06/08 20:40:17.446797 [Incident:Info:toast@toast-new:Incident created] Incident created based on event received from messaging: OT: 2026-06-08 13:37:50,  Lat/Lon: 5.33°/125.08°, Depth: 10.00, Mag: 5.15 (M)
2026/06/08 20:40:17.447401 [Simulation:Info:toast@toast-new:Simulation not generated] Magnitude 5.15 of event bmg2026ldsm is smaller than triggerMinMagnitude: no automatic simulation
2026/06/08 20:40:17.483285 [Incident:Info:toast@toast-new:Origin updated] Origin updated: OT: 2026-06-08 13:37:50,  Lat/Lon: 5.32815°/125.083°, Depth: 10
2026/06/08 20:40:17.494318 [Simulation:Info:toast@toast-new:Simulation not generated] Magnitude 5.15 of event bmg2026ldsm is smaller than triggerMinMagnitude: no automatic simulation
2026/06/08 20:40:18.955774 [Incident:Info:toast@toast-new:Origin updated] Origin updated: OT: 2026-06-08 13:37:50,  Lat/Lon: 5.32815°/125.083°, Depth: 10
2026/06/08 20:40:18.970711 [Incident:Info:toast@toast-new:Magnitude updated] Magnitude updated: 5.16 (M)
2026/06/08 20:40:18.981600 [Simulation:Info:toast@toast-new:Simulation not generated] Magnitude 5.16 of event bmg2026ldsm is smaller than triggerMinMagnitude: no automatic simulation
2026/06/08 20:40:23.927341 [Incident:Info:toast@toast-new:Origin updated] Origin updated: OT: 2026-06-08 13:37:50,  Lat/Lon: 5.32815°/125.083°, Depth: 10
2026/06/08 20:40:23.941590 [Incident:Info:toast@toast-new:Magnitude updated] Magnitude updated: 5.16 (M)
2026/06/08 20:40:23.952730 [Simulation:Info:toast@toast-new:Simulation not generated] Magnitude 5.16 of event bmg2026ldsm is smaller than triggerMinMagnitude: no automatic simulation
2026/06/08 20:40:27.198927 [Incident:Info:toast@toast-new:Origin updated] Origin updated: OT: 2026-06-08 13:37:52,  Lat/Lon: 5.25306°/125.153°, Depth: 10
2026/06/08 20:40:27.213084 [Incident:Info:toast@toast-new:Magnitude updated] Magnitude updated: 5.14 (M)
2026/06/08 20:40:27.223930 [Simulation:Info:toast@toast-new:Simulation not generated] Magnitude 5.14 of event bmg2026ldsm is smaller than triggerMinMagnitude: no automatic simulation
2026/06/08 20:40:28.937103 [Incident:Info:toast@toast-new:Origin updated] Origin updated: OT: 2026-06-08 13:37:52,  Lat/Lon: 5.25306°/125.153°, Depth: 10
2026/06/08 20:40:28.952214 [Incident:Info:toast@toast-new:Magnitude updated] Magnitude updated: 5.14 (M)
2026/06/08 20:40:28.963441 [Simulation:Info:toast@toast-new:Simulation not generated] Magnitude 5.14 of event bmg2026ldsm is smaller than triggerMinMagnitude: no automatic simulation
2026/06/08 20:40:33.982804 [Incident:Info:toast@toast-new:Origin updated] Origin updated: OT: 2026-06-08 13:37:52,  Lat/Lon: 5.25306°/125.153°, Depth: 10
2026/06/08 20:40:33.998259 [Incident:Info:toast@toast-new:Magnitude updated] Magnitude updated: 5.14 (M)
2026/06/08 20:40:34.009639 [Simulation:Info:toast@toast-new:Simulation not generated] Magnitude 5.14 of event bmg2026ldsm is smaller than triggerMinMagnitude: no automatic simulation
2026/06/08 20:40:38.947222 [Incident:Info:toast@toast-new:Origin updated] Origin updated: OT: 2026-06-08 13:37:52,  Lat/Lon: 5.25306°/125.153°, Depth: 10
2026/06/08 20:40:38.962067 [Incident:Info:toast@toast-new:Magnitude updated] Magnitude updated: 5.11 (M)
2026/06/08 20:40:38.973303 [Simulation:Info:toast@toast-new:Simulation not generated] Magnitude 5.11 of event bmg2026ldsm is smaller than triggerMinMagnitude: no automatic simulation
2026/06/08 20:40:42.806461 [Incident:Info:toast@toast-new:Origin updated] Origin updated: OT: 2026-06-08 13:37:52,  Lat/Lon: 5.25306°/125.153°, Depth: 10
2026/06/08 20:40:42.822334 [Incident:Info:toast@toast-new:Magnitude updated] Magnitude updated: 5.10 (M)
2026/06/08 20:40:42.834374 [Simulation:Info:toast@toast-new:Simulation not generated] Magnitude 5.10 of event bmg2026ldsm is smaller than triggerMinMagnitude: no automatic simulation
2026/06/08 20:40:42.861284 [Incident:Info:toast@toast-new:Origin updated] Origin updated: OT: 2026-06-08 13:37:52,  Lat/Lon: 5.23349°/125.167°, Depth: 10
2026/06/08 20:40:42.872347 [Incident:Info:toast@toast-new:Magnitude updated] Magnitude updated: 5.09 (M)
2026/06/08 20:40:42.882758 [Simulation:Info:toast@toast-new:Simulation not generated] Magnitude 5.09 of event bmg2026ldsm is smaller than triggerMinMagnitude: no automatic simulation
2026/06/08 20:40:43.935872 [Incident:Info:toast@toast-new:Origin updated] Origin updated: OT: 2026-06-08 13:37:52,  Lat/Lon: 5.23349°/125.167°, Depth: 10
2026/06/08 20:40:43.950500 [Incident:Info:toast@toast-new:Magnitude updated] Magnitude updated: 5.10 (M)
2026/06/08 20:40:43.961842 [Simulation:Info:toast@toast-new:Simulation not generated] Magnitude 5.10 of event bmg2026ldsm is smaller than triggerMinMagnitude: no automatic simulation
2026/06/08 20:40:48.927787 [Incident:Info:toast@toast-new:Origin updated] Origin updated: OT: 2026-06-08 13:37:52,  Lat/Lon: 5.23349°/125.167°, Depth: 10
2026/06/08 20:40:48.942111 [Incident:Info:toast@toast-new:Magnitude updated] Magnitude updated: 5.06 (M)
2026/06/08 20:40:48.952989 [Simulation:Info:toast@toast-new:Simulation not generated] Magnitude 5.06 of event bmg2026ldsm is smaller than triggerMinMagnitude: no automatic simulation
2026/06/08 20:40:54.066756 [Incident:Info:toast@toast-new:Origin updated] Origin updated: OT: 2026-06-08 13:37:52,  Lat/Lon: 5.23349°/125.167°, Depth: 10
2026/06/08 20:40:54.081102 [Incident:Info:toast@toast-new:Magnitude updated] Magnitude updated: 5.05 (M)
2026/06/08 20:40:54.092280 [Simulation:Info:toast@toast-new:Simulation not generated] Magnitude 5.05 of event bmg2026ldsm is smaller than triggerMinMagnitude: no automatic simulation
2026/06/08 20:40:59.047309 [Incident:Info:toast@toast-new:Origin updated] Origin updated: OT: 2026-06-08 13:37:52,  Lat/Lon: 5.23349°/125.167°, Depth: 10
2026/06/08 20:40:59.063105 [Incident:Info:toast@toast-new:Magnitude updated] Magnitude updated: 5.02 (M)
2026/06/08 20:40:59.074105 [Simulation:Info:toast@toast-new:Simulation not generated] Magnitude 5.02 of event bmg2026ldsm is smaller than triggerMinMagnitude: no automatic simulation
2026/06/08 20:40:59.924110 [Incident:Info:toast@toast-new:Origin updated] Origin updated: OT: 2026-06-08 13:37:54,  Lat/Lon: 5.09784°/125.214°, Depth: 10
2026/06/08 20:40:59.940589 [Incident:Info:toast@toast-new:Magnitude updated] Magnitude updated: 5.00 (M)
2026/06/08 20:40:59.953904 [Simulation:Info:toast@toast-new:Simulation not generated] Magnitude 5.00 of event bmg2026ldsm is smaller than triggerMinMagnitude: no automatic simulation
2026/06/08 20:41:55.223103 [Incident:Info:toast@toast-new:Origin updated] Origin updated: OT: 2026-06-08 13:37:54,  Lat/Lon: 4.98991°/125.158°, Depth: 10
2026/06/08 20:41:55.238152 [Incident:Info:toast@toast-new:Magnitude updated] Magnitude updated: 5.17 (MLv)
2026/06/08 20:41:55.249785 [Simulation:Info:toast@toast-new:Simulation not generated] Magnitude 5.17 of event bmg2026ldsm is smaller than triggerMinMagnitude: no automatic simulation
2026/06/08 20:41:55.284003 [Incident:Info:toast@toast-new:Origin updated] Origin updated: OT: 2026-06-08 13:37:54,  Lat/Lon: 4.98991°/125.158°, Depth: 10
2026/06/08 20:41:55.294808 [Incident:Info:toast@toast-new:Magnitude updated] Magnitude updated: 5.21 (M)
2026/06/08 20:41:55.305190 [Simulation:Info:toast@toast-new:Simulation not generated] Magnitude 5.21 of event bmg2026ldsm is smaller than triggerMinMagnitude: no automatic simulation
2026/06/08 20:42:29.017822 [Incident:Info:toast@toast-new:Origin updated] Origin updated: OT: 2026-06-08 13:37:54,  Lat/Lon: 4.98991°/125.158°, Depth: 10
2026/06/08 20:42:29.036939 [Incident:Info:toast@toast-new:Magnitude updated] Magnitude updated: 5.23 (M)
2026/06/08 20:42:29.050237 [Simulation:Info:toast@toast-new:Simulation not generated] Magnitude 5.23 of event bmg2026ldsm is smaller than triggerMinMagnitude: no automatic simulation
2026/06/08 20:45:12.060949 [Incident:Info:toast@toast-new:Origin updated] Origin updated: OT: 2026-06-08 13:37:54,  Lat/Lon: 4.98991°/125.158°, Depth: 10
2026/06/08 20:45:12.075313 [Incident:Info:toast@toast-new:FM updated] FM updated
2026/06/08 20:45:12.086320 [Simulation:Info:toast@toast-new:Simulation not generated] Magnitude 5.23 of event bmg2026ldsm is smaller than triggerMinMagnitude: no automatic simulation
2026/06/08 20:45:38.665961 [Incident:Info:toast@toast-new:Origin updated] Origin updated: OT: 2026-06-08 13:37:54,  Lat/Lon: 4.98991°/125.158°, Depth: 10
2026/06/08 20:45:38.680489 [Simulation:Info:toast@toast-new:Simulation not generated] Magnitude 5.23 of event bmg2026ldsm is smaller than triggerMinMagnitude: no automatic simulation
2026/06/08 20:45:38.705563 [Incident:Info:toast@toast-new:Origin updated] Origin updated: OT: 2026-06-08 13:37:54,  Lat/Lon: 4.98991°/125.158°, Depth: 10
2026/06/08 20:45:38.716238 [Incident:Info:toast@toast-new:Magnitude updated] Magnitude updated: 5.02 (Mw)
2026/06/08 20:45:38.726279 [Simulation:Info:toast@toast-new:Simulation not generated] Magnitude 5.02 of event bmg2026ldsm is smaller than triggerMinMagnitude: no automatic simulation
2026/06/08 20:45:59.458605 [Incident:Info:toast@toast-new:Origin updated] Origin updated: OT: 2026-06-08 13:37:56,  Lat/Lon: 5.02246°/125.183°, Depth: 23
2026/06/08 20:45:59.472075 [Simulation:Info:toast@toast-new:Simulation not generated] Magnitude 5.02 of event bmg2026ldsm is smaller than triggerMinMagnitude: no automatic simulation
2026/06/08 20:47:17.009521 [Incident:Info:toast@toast-new:Origin updated] Origin updated: OT: 2026-06-08 13:37:56,  Lat/Lon: 5.02246°/125.183°, Depth: 23
2026/06/08 20:47:17.023365 [Simulation:Info:toast@toast-new:Simulation not generated] Magnitude 5.02 of event bmg2026ldsm is smaller than triggerMinMagnitude: no automatic simulation
2026/06/08 20:47:19.695425 [Incident:Info:toast@toast-new:Origin updated] Origin updated: OT: 2026-06-08 13:37:56,  Lat/Lon: 5.02246°/125.183°, Depth: 23
2026/06/08 20:47:19.709987 [Simulation:Info:toast@toast-new:Simulation not generated] Magnitude 5.02 of event bmg2026ldsm is smaller than triggerMinMagnitude: no automatic simulation
2026/06/08 20:47:25.107879 [Incident:Info:toast@toast-new:Origin updated] Origin updated: OT: 2026-06-08 13:37:56,  Lat/Lon: 5.02246°/125.183°, Depth: 23
2026/06/08 20:47:25.121672 [Simulation:Info:toast@toast-new:Simulation not generated] Magnitude 5.02 of event bmg2026ldsm is smaller than triggerMinMagnitude: no automatic simulation
2026/06/08 20:48:25.643160 [Incident:Info:toast@toast-new:Origin updated] Origin updated: OT: 2026-06-08 13:37:57,  Lat/Lon: 5.06057°/125.24°, Depth: 23
2026/06/08 20:48:25.655680 [Simulation:Info:toast@toast-new:Simulation not generated] Magnitude 5.02 of event bmg2026ldsm is smaller than triggerMinMagnitude: no automatic simulation
2026/06/08 20:51:37.391643 [Incident:Info:toast@toast-new:Origin updated] Origin updated: OT: 2026-06-08 13:37:56,  Lat/Lon: 5.04671°/125.255°, Depth: 23
2026/06/08 20:51:37.402750 [Simulation:Info:toast@toast-new:Simulation not generated] Magnitude 5.02 of event bmg2026ldsm is smaller than triggerMinMagnitude: no automatic simulation
2026/06/08 20:53:18.477865 [Incident:Info:toast@toast-new:Origin updated] Origin updated: OT: 2026-06-08 13:37:56,  Lat/Lon: 5.05856°/125.264°, Depth: 23
2026/06/08 20:53:18.495462 [Simulation:Info:toast@toast-new:Simulation not generated] Magnitude 5.02 of event bmg2026ldsm is smaller than triggerMinMagnitude: no automatic simulation
2026/06/08 20:54:17.201082 [Incident:Info:toast@toast-new:Origin updated] Origin updated: OT: 2026-06-08 13:37:54,  Lat/Lon: 5.16718°/125.276°, Depth: 10
2026/06/08 20:54:17.221421 [Simulation:Info:toast@toast-new:Simulation not generated] Magnitude 5.02 of event bmg2026ldsm is smaller than triggerMinMagnitude: no automatic simulation
2026/06/09 04:13:22.504862 [Incident:Info:toast@toast-new:Origin updated] Origin updated: OT: 2026-06-08 13:37:54,  Lat/Lon: 5.16718°/125.276°, Depth: 10
2026/06/09 04:13:22.516012 [Incident:Info:toast@toast-new:Magnitude updated] Magnitude updated: 5.14 (Mw(mB))
2026/06/09 04:13:22.526574 [Incident:Info:toast@toast-new:FM updated] FM updated
2026/06/09 04:13:22.537293 [Simulation:Info:toast@toast-new:Simulation not generated] Magnitude 5.14 of event bmg2026ldsm is smaller than triggerMinMagnitude: no automatic simulation
2026/06/09 04:35:41.004653 [Incident:Info:toast@toast-new:Origin updated] Origin updated: OT: 2026-06-08 13:37:54,  Lat/Lon: 5.16718°/125.276°, Depth: 10
2026/06/09 04:35:41.016283 [Incident:Info:toast@toast-new:Magnitude updated] Magnitude updated: 5.31 (Mwp)
2026/06/09 04:35:41.027019 [Simulation:Info:toast@toast-new:Simulation not generated] Magnitude 5.31 of event bmg2026ldsm is smaller than triggerMinMagnitude: no automatic simulation
