2026/06/11 08:57:58.431138 [Incident:Info:toast@toast-new:Displacement(s) updated] Added 0 and changed 0 displacements with 0 amplitudes
2026/06/11 08:57:58.432732 [Incident:Info:toast@toast-new:Incident created] Incident created based on event received from messaging: OT: 2026-06-11 01:56:12,  Lat/Lon: 4.89°/125.50°, Depth: 10.00, Mag: 5.33 (M)
2026/06/11 08:57:58.433307 [Simulation:Info:toast@toast-new:Simulation not generated] Magnitude 5.33 of event bmg2026lihv is smaller than triggerMinMagnitude: no automatic simulation
2026/06/11 08:57:58.469001 [Incident:Info:toast@toast-new:Origin updated] Origin updated: OT: 2026-06-11 01:56:12,  Lat/Lon: 4.89178°/125.505°, Depth: 10
2026/06/11 08:57:58.479880 [Simulation:Info:toast@toast-new:Simulation not generated] Magnitude 5.33 of event bmg2026lihv is smaller than triggerMinMagnitude: no automatic simulation
2026/06/11 08:58:06.236427 [Incident:Info:toast@toast-new:Origin updated] Origin updated: OT: 2026-06-11 01:56:12,  Lat/Lon: 4.89178°/125.505°, Depth: 10
2026/06/11 08:58:06.249031 [Incident:Info:toast@toast-new:Magnitude updated] Magnitude updated: 5.39 (M)
2026/06/11 08:58:06.259529 [Simulation:Info:toast@toast-new:Simulation not generated] Magnitude 5.39 of event bmg2026lihv is smaller than triggerMinMagnitude: no automatic simulation
2026/06/11 08:58:57.712403 [Incident:Info:toast@toast-new:Origin updated] Origin updated: OT: 2026-06-11 01:56:12,  Lat/Lon: 4.89178°/125.505°, Depth: 10
2026/06/11 08:58:57.730697 [Incident:Info:toast@toast-new:Magnitude updated] Magnitude updated: 5.46 (M)
2026/06/11 08:58:57.745405 [Simulation:Info:toast@toast-new:Simulation not generated] Magnitude 5.46 of event bmg2026lihv is smaller than triggerMinMagnitude: no automatic simulation
2026/06/11 08:59:26.988647 [Incident:Info:toast@toast-new:Origin updated] Origin updated: OT: 2026-06-11 01:56:11,  Lat/Lon: 4.96564°/125.345°, Depth: 10
2026/06/11 08:59:27.005871 [Incident:Info:toast@toast-new:Magnitude updated] Magnitude updated: 5.40 (mb)
2026/06/11 08:59:27.019225 [Simulation:Info:toast@toast-new:Simulation not generated] Magnitude 5.40 of event bmg2026lihv is smaller than triggerMinMagnitude: no automatic simulation
2026/06/11 08:59:27.206674 [Incident:Info:toast@toast-new:Origin updated] Origin updated: OT: 2026-06-11 01:56:11,  Lat/Lon: 4.96564°/125.345°, Depth: 10
2026/06/11 08:59:27.223059 [Incident:Info:toast@toast-new:Magnitude updated] Magnitude updated: 5.41 (M)
2026/06/11 08:59:27.236898 [Simulation:Info:toast@toast-new:Simulation not generated] Magnitude 5.41 of event bmg2026lihv is smaller than triggerMinMagnitude: no automatic simulation
2026/06/11 08:59:28.708447 [Incident:Info:toast@toast-new:Origin updated] Origin updated: OT: 2026-06-11 01:56:11,  Lat/Lon: 4.96564°/125.345°, Depth: 10
2026/06/11 08:59:28.721467 [Incident:Info:toast@toast-new:Magnitude updated] Magnitude updated: 5.42 (M)
2026/06/11 08:59:28.732188 [Simulation:Info:toast@toast-new:Simulation not generated] Magnitude 5.42 of event bmg2026lihv is smaller than triggerMinMagnitude: no automatic simulation
2026/06/11 08:59:29.098667 [Incident:Info:toast@toast-new:Origin updated] Origin updated: OT: 2026-06-11 01:56:11,  Lat/Lon: 4.96564°/125.345°, Depth: 10
2026/06/11 08:59:29.112769 [Simulation:Info:toast@toast-new:Simulation not generated] Magnitude 5.42 of event bmg2026lihv is smaller than triggerMinMagnitude: no automatic simulation
2026/06/11 08:59:29.279565 [Incident:Info:toast@toast-new:Origin updated] Origin updated: OT: 2026-06-11 01:56:11,  Lat/Lon: 4.96564°/125.345°, Depth: 10
2026/06/11 08:59:29.293466 [Incident:Info:toast@toast-new:Magnitude updated] Magnitude updated: 5.42 (M)
2026/06/11 08:59:29.304231 [Simulation:Info:toast@toast-new:Simulation not generated] Magnitude 5.42 of event bmg2026lihv is smaller than triggerMinMagnitude: no automatic simulation
2026/06/11 08:59:33.881233 [Incident:Info:toast@toast-new:Origin updated] Origin updated: OT: 2026-06-11 01:56:11,  Lat/Lon: 4.96564°/125.345°, Depth: 10
2026/06/11 08:59:33.894673 [Incident:Info:toast@toast-new:Magnitude updated] Magnitude updated: 5.41 (M)
2026/06/11 08:59:33.905661 [Simulation:Info:toast@toast-new:Simulation not generated] Magnitude 5.41 of event bmg2026lihv is smaller than triggerMinMagnitude: no automatic simulation
2026/06/11 08:59:38.146969 [Incident:Info:toast@toast-new:Origin updated] Origin updated: OT: 2026-06-11 01:56:11,  Lat/Lon: 4.96564°/125.345°, Depth: 10
2026/06/11 08:59:38.160527 [Incident:Info:toast@toast-new:Magnitude updated] Magnitude updated: 5.41 (M)
2026/06/11 08:59:38.171496 [Simulation:Info:toast@toast-new:Simulation not generated] Magnitude 5.41 of event bmg2026lihv is smaller than triggerMinMagnitude: no automatic simulation
2026/06/11 08:59:38.818636 [Incident:Info:toast@toast-new:Origin updated] Origin updated: OT: 2026-06-11 01:56:11,  Lat/Lon: 4.96564°/125.345°, Depth: 10
2026/06/11 08:59:38.833255 [Incident:Info:toast@toast-new:Magnitude updated] Magnitude updated: 5.40 (M)
2026/06/11 08:59:38.844697 [Simulation:Info:toast@toast-new:Simulation not generated] Magnitude 5.40 of event bmg2026lihv is smaller than triggerMinMagnitude: no automatic simulation
2026/06/11 08:59:44.006522 [Incident:Info:toast@toast-new:Origin updated] Origin updated: OT: 2026-06-11 01:56:11,  Lat/Lon: 4.96564°/125.345°, Depth: 10
2026/06/11 08:59:44.021079 [Incident:Info:toast@toast-new:Magnitude updated] Magnitude updated: 5.40 (M)
2026/06/11 08:59:44.032023 [Simulation:Info:toast@toast-new:Simulation not generated] Magnitude 5.40 of event bmg2026lihv is smaller than triggerMinMagnitude: no automatic simulation
2026/06/11 08:59:48.998674 [Incident:Info:toast@toast-new:Origin updated] Origin updated: OT: 2026-06-11 01:56:11,  Lat/Lon: 4.96564°/125.345°, Depth: 10
2026/06/11 08:59:49.012631 [Incident:Info:toast@toast-new:Magnitude updated] Magnitude updated: 5.40 (M)
2026/06/11 08:59:49.023635 [Simulation:Info:toast@toast-new:Simulation not generated] Magnitude 5.40 of event bmg2026lihv is smaller than triggerMinMagnitude: no automatic simulation
2026/06/11 08:59:53.818307 [Incident:Info:toast@toast-new:Origin updated] Origin updated: OT: 2026-06-11 01:56:11,  Lat/Lon: 4.96564°/125.345°, Depth: 10
2026/06/11 08:59:53.832280 [Incident:Info:toast@toast-new:Magnitude updated] Magnitude updated: 5.41 (M)
2026/06/11 08:59:53.842994 [Simulation:Info:toast@toast-new:Simulation not generated] Magnitude 5.41 of event bmg2026lihv is smaller than triggerMinMagnitude: no automatic simulation
2026/06/11 08:59:58.879908 [Incident:Info:toast@toast-new:Origin updated] Origin updated: OT: 2026-06-11 01:56:11,  Lat/Lon: 4.96564°/125.345°, Depth: 10
2026/06/11 08:59:58.893767 [Incident:Info:toast@toast-new:Magnitude updated] Magnitude updated: 5.42 (M)
2026/06/11 08:59:58.904547 [Simulation:Info:toast@toast-new:Simulation not generated] Magnitude 5.42 of event bmg2026lihv is smaller than triggerMinMagnitude: no automatic simulation
2026/06/11 09:00:03.892997 [Incident:Info:toast@toast-new:Origin updated] Origin updated: OT: 2026-06-11 01:56:11,  Lat/Lon: 4.96564°/125.345°, Depth: 10
2026/06/11 09:00:03.906644 [Incident:Info:toast@toast-new:Magnitude updated] Magnitude updated: 5.42 (M)
2026/06/11 09:00:03.919677 [Simulation:Info:toast@toast-new:Simulation not generated] Magnitude 5.42 of event bmg2026lihv is smaller than triggerMinMagnitude: no automatic simulation
2026/06/11 09:00:08.830238 [Incident:Info:toast@toast-new:Origin updated] Origin updated: OT: 2026-06-11 01:56:11,  Lat/Lon: 4.96564°/125.345°, Depth: 10
2026/06/11 09:00:08.845350 [Incident:Info:toast@toast-new:Magnitude updated] Magnitude updated: 5.42 (M)
2026/06/11 09:00:08.856383 [Simulation:Info:toast@toast-new:Simulation not generated] Magnitude 5.42 of event bmg2026lihv is smaller than triggerMinMagnitude: no automatic simulation
2026/06/11 09:00:13.748727 [Incident:Info:toast@toast-new:Origin updated] Origin updated: OT: 2026-06-11 01:56:11,  Lat/Lon: 4.96564°/125.345°, Depth: 10
2026/06/11 09:00:13.762942 [Incident:Info:toast@toast-new:Magnitude updated] Magnitude updated: 5.43 (M)
2026/06/11 09:00:13.774056 [Simulation:Info:toast@toast-new:Simulation not generated] Magnitude 5.43 of event bmg2026lihv is smaller than triggerMinMagnitude: no automatic simulation
2026/06/11 09:00:19.131717 [Incident:Info:toast@toast-new:Origin updated] Origin updated: OT: 2026-06-11 01:56:11,  Lat/Lon: 4.96564°/125.345°, Depth: 10
2026/06/11 09:00:19.149544 [Incident:Info:toast@toast-new:Magnitude updated] Magnitude updated: 5.43 (M)
2026/06/11 09:00:19.161001 [Simulation:Info:toast@toast-new:Simulation not generated] Magnitude 5.43 of event bmg2026lihv is smaller than triggerMinMagnitude: no automatic simulation
2026/06/11 09:00:23.977719 [Incident:Info:toast@toast-new:Origin updated] Origin updated: OT: 2026-06-11 01:56:11,  Lat/Lon: 4.96564°/125.345°, Depth: 10
2026/06/11 09:00:23.992243 [Incident:Info:toast@toast-new:Magnitude updated] Magnitude updated: 5.43 (M)
2026/06/11 09:00:24.003472 [Simulation:Info:toast@toast-new:Simulation not generated] Magnitude 5.43 of event bmg2026lihv is smaller than triggerMinMagnitude: no automatic simulation
2026/06/11 09:00:28.695424 [Incident:Info:toast@toast-new:Origin updated] Origin updated: OT: 2026-06-11 01:56:11,  Lat/Lon: 4.96564°/125.345°, Depth: 10
2026/06/11 09:00:28.710151 [Incident:Info:toast@toast-new:Magnitude updated] Magnitude updated: 5.43 (M)
2026/06/11 09:00:28.722115 [Simulation:Info:toast@toast-new:Simulation not generated] Magnitude 5.43 of event bmg2026lihv is smaller than triggerMinMagnitude: no automatic simulation
2026/06/11 09:00:32.548860 [Incident:Info:toast@toast-new:Origin updated] Origin updated: OT: 2026-06-11 01:56:11,  Lat/Lon: 4.96564°/125.345°, Depth: 10
2026/06/11 09:00:32.563244 [Incident:Info:toast@toast-new:Magnitude updated] Magnitude updated: 5.43 (M)
2026/06/11 09:00:32.574617 [Simulation:Info:toast@toast-new:Simulation not generated] Magnitude 5.43 of event bmg2026lihv is smaller than triggerMinMagnitude: no automatic simulation
2026/06/11 09:00:33.714891 [Incident:Info:toast@toast-new:Origin updated] Origin updated: OT: 2026-06-11 01:56:11,  Lat/Lon: 4.96564°/125.345°, Depth: 10
2026/06/11 09:00:33.729791 [Incident:Info:toast@toast-new:Magnitude updated] Magnitude updated: 5.43 (M)
2026/06/11 09:00:33.741287 [Simulation:Info:toast@toast-new:Simulation not generated] Magnitude 5.43 of event bmg2026lihv is smaller than triggerMinMagnitude: no automatic simulation
2026/06/11 09:00:37.601740 [Incident:Info:toast@toast-new:Origin updated] Origin updated: OT: 2026-06-11 01:56:11,  Lat/Lon: 4.96564°/125.345°, Depth: 10
2026/06/11 09:00:37.617551 [Incident:Info:toast@toast-new:Magnitude updated] Magnitude updated: 5.43 (M)
2026/06/11 09:00:37.628476 [Simulation:Info:toast@toast-new:Simulation not generated] Magnitude 5.43 of event bmg2026lihv is smaller than triggerMinMagnitude: no automatic simulation
2026/06/11 09:00:42.958936 [Incident:Info:toast@toast-new:Origin updated] Origin updated: OT: 2026-06-11 01:56:11,  Lat/Lon: 4.96564°/125.345°, Depth: 10
2026/06/11 09:00:42.973172 [Incident:Info:toast@toast-new:FM updated] FM updated
2026/06/11 09:00:42.984594 [Simulation:Info:toast@toast-new:Simulation not generated] Magnitude 5.43 of event bmg2026lihv is smaller than triggerMinMagnitude: no automatic simulation
2026/06/11 09:00:47.992940 [Incident:Info:toast@toast-new:Origin updated] Origin updated: OT: 2026-06-11 01:56:12,  Lat/Lon: 4.90958°/125.34°, Depth: 10
2026/06/11 09:00:48.007714 [Incident:Info:toast@toast-new:Magnitude updated] Magnitude updated: 5.29 (Mw(mB))
2026/06/11 09:00:48.018612 [Simulation:Info:toast@toast-new:Simulation not generated] Magnitude 5.29 of event bmg2026lihv is smaller than triggerMinMagnitude: no automatic simulation
2026/06/11 09:00:48.111423 [Incident:Info:toast@toast-new:Origin updated] Origin updated: OT: 2026-06-11 01:56:12,  Lat/Lon: 4.90958°/125.34°, Depth: 10
2026/06/11 09:00:48.126398 [Incident:Info:toast@toast-new:Magnitude updated] Magnitude updated: 5.44 (M)
2026/06/11 09:00:48.137294 [Simulation:Info:toast@toast-new:Simulation not generated] Magnitude 5.44 of event bmg2026lihv is smaller than triggerMinMagnitude: no automatic simulation
2026/06/11 09:00:53.816834 [Incident:Info:toast@toast-new:Origin updated] Origin updated: OT: 2026-06-11 01:56:12,  Lat/Lon: 4.90958°/125.34°, Depth: 10
2026/06/11 09:00:53.831881 [Incident:Info:toast@toast-new:Magnitude updated] Magnitude updated: 5.44 (M)
2026/06/11 09:00:53.842684 [Simulation:Info:toast@toast-new:Simulation not generated] Magnitude 5.44 of event bmg2026lihv is smaller than triggerMinMagnitude: no automatic simulation
2026/06/11 09:00:58.869533 [Incident:Info:toast@toast-new:Origin updated] Origin updated: OT: 2026-06-11 01:56:12,  Lat/Lon: 4.90958°/125.34°, Depth: 10
2026/06/11 09:00:58.882626 [Incident:Info:toast@toast-new:Magnitude updated] Magnitude updated: 5.44 (M)
2026/06/11 09:00:58.893433 [Simulation:Info:toast@toast-new:Simulation not generated] Magnitude 5.44 of event bmg2026lihv is smaller than triggerMinMagnitude: no automatic simulation
2026/06/11 09:01:03.810060 [Incident:Info:toast@toast-new:Origin updated] Origin updated: OT: 2026-06-11 01:56:12,  Lat/Lon: 4.90958°/125.34°, Depth: 10
2026/06/11 09:01:03.825584 [Incident:Info:toast@toast-new:Magnitude updated] Magnitude updated: 5.45 (M)
2026/06/11 09:01:03.836663 [Simulation:Info:toast@toast-new:Simulation not generated] Magnitude 5.45 of event bmg2026lihv is smaller than triggerMinMagnitude: no automatic simulation
2026/06/11 09:01:08.844781 [Incident:Info:toast@toast-new:Origin updated] Origin updated: OT: 2026-06-11 01:56:12,  Lat/Lon: 4.90958°/125.34°, Depth: 10
2026/06/11 09:01:08.859251 [Incident:Info:toast@toast-new:Magnitude updated] Magnitude updated: 5.45 (M)
2026/06/11 09:01:08.870636 [Simulation:Info:toast@toast-new:Simulation not generated] Magnitude 5.45 of event bmg2026lihv is smaller than triggerMinMagnitude: no automatic simulation
2026/06/11 09:01:23.712258 [Incident:Info:toast@toast-new:Origin updated] Origin updated: OT: 2026-06-11 01:56:12,  Lat/Lon: 4.90958°/125.34°, Depth: 10
2026/06/11 09:01:23.726108 [Incident:Info:toast@toast-new:Magnitude updated] Magnitude updated: 5.44 (M)
2026/06/11 09:01:23.736887 [Simulation:Info:toast@toast-new:Simulation not generated] Magnitude 5.44 of event bmg2026lihv is smaller than triggerMinMagnitude: no automatic simulation
2026/06/11 09:01:33.695127 [Incident:Info:toast@toast-new:Origin updated] Origin updated: OT: 2026-06-11 01:56:12,  Lat/Lon: 4.90958°/125.34°, Depth: 10
2026/06/11 09:01:33.710092 [Incident:Info:toast@toast-new:Magnitude updated] Magnitude updated: 5.45 (M)
2026/06/11 09:01:33.721101 [Simulation:Info:toast@toast-new:Simulation not generated] Magnitude 5.45 of event bmg2026lihv is smaller than triggerMinMagnitude: no automatic simulation
2026/06/11 09:01:38.701609 [Incident:Info:toast@toast-new:Origin updated] Origin updated: OT: 2026-06-11 01:56:12,  Lat/Lon: 4.90958°/125.34°, Depth: 10
2026/06/11 09:01:38.716096 [Incident:Info:toast@toast-new:Magnitude updated] Magnitude updated: 5.45 (M)
2026/06/11 09:01:38.727362 [Simulation:Info:toast@toast-new:Simulation not generated] Magnitude 5.45 of event bmg2026lihv is smaller than triggerMinMagnitude: no automatic simulation
2026/06/11 09:01:39.647627 [Incident:Info:toast@toast-new:Origin updated] Origin updated: OT: 2026-06-11 01:56:12,  Lat/Lon: 4.8829°/125.379°, Depth: 10
2026/06/11 09:01:39.662468 [Incident:Info:toast@toast-new:Magnitude updated] Magnitude updated: 5.37 (Mw(mB))
2026/06/11 09:01:39.673711 [Simulation:Info:toast@toast-new:Simulation not generated] Magnitude 5.37 of event bmg2026lihv is smaller than triggerMinMagnitude: no automatic simulation
2026/06/11 09:01:39.744679 [Incident:Info:toast@toast-new:Origin updated] Origin updated: OT: 2026-06-11 01:56:12,  Lat/Lon: 4.8829°/125.379°, Depth: 10
2026/06/11 09:01:39.754933 [Incident:Info:toast@toast-new:Magnitude updated] Magnitude updated: 5.46 (M)
2026/06/11 09:01:39.764906 [Simulation:Info:toast@toast-new:Simulation not generated] Magnitude 5.46 of event bmg2026lihv is smaller than triggerMinMagnitude: no automatic simulation
2026/06/11 09:01:42.865521 [Incident:Info:toast@toast-new:Origin updated] Origin updated: OT: 2026-06-11 01:56:12,  Lat/Lon: 4.8829°/125.379°, Depth: 10
2026/06/11 09:01:42.879596 [Incident:Info:toast@toast-new:Magnitude updated] Magnitude updated: 5.46 (M)
2026/06/11 09:01:42.890469 [Simulation:Info:toast@toast-new:Simulation not generated] Magnitude 5.46 of event bmg2026lihv is smaller than triggerMinMagnitude: no automatic simulation
2026/06/11 09:01:48.739066 [Incident:Info:toast@toast-new:Origin updated] Origin updated: OT: 2026-06-11 01:56:12,  Lat/Lon: 4.8829°/125.379°, Depth: 10
2026/06/11 09:01:48.754178 [Incident:Info:toast@toast-new:Magnitude updated] Magnitude updated: 5.47 (M)
2026/06/11 09:01:48.764772 [Simulation:Info:toast@toast-new:Simulation not generated] Magnitude 5.47 of event bmg2026lihv is smaller than triggerMinMagnitude: no automatic simulation
2026/06/11 09:02:05.806556 [Incident:Info:toast@toast-new:Origin updated] Origin updated: OT: 2026-06-11 01:56:13,  Lat/Lon: 4.8439°/125.384°, Depth: 10
2026/06/11 09:02:05.821037 [Incident:Info:toast@toast-new:Magnitude updated] Magnitude updated: 5.40 (Mw(mB))
2026/06/11 09:02:05.832448 [Simulation:Info:toast@toast-new:Simulation not generated] Magnitude 5.40 of event bmg2026lihv is smaller than triggerMinMagnitude: no automatic simulation
2026/06/11 09:02:05.931468 [Incident:Info:toast@toast-new:Origin updated] Origin updated: OT: 2026-06-11 01:56:13,  Lat/Lon: 4.8439°/125.384°, Depth: 10
2026/06/11 09:02:05.948538 [Incident:Info:toast@toast-new:Magnitude updated] Magnitude updated: 5.48 (M)
2026/06/11 09:02:05.960231 [Simulation:Info:toast@toast-new:Simulation not generated] Magnitude 5.48 of event bmg2026lihv is smaller than triggerMinMagnitude: no automatic simulation
2026/06/11 09:02:08.593468 [Incident:Info:toast@toast-new:Origin updated] Origin updated: OT: 2026-06-11 01:56:13,  Lat/Lon: 4.8439°/125.384°, Depth: 10
2026/06/11 09:02:08.607633 [Incident:Info:toast@toast-new:Magnitude updated] Magnitude updated: 5.49 (M)
2026/06/11 09:02:08.618963 [Simulation:Info:toast@toast-new:Simulation not generated] Magnitude 5.49 of event bmg2026lihv is smaller than triggerMinMagnitude: no automatic simulation
2026/06/11 09:02:13.792055 [Incident:Info:toast@toast-new:Origin updated] Origin updated: OT: 2026-06-11 01:56:13,  Lat/Lon: 4.8439°/125.384°, Depth: 10
2026/06/11 09:02:13.805172 [Incident:Info:toast@toast-new:Magnitude updated] Magnitude updated: 5.50 (M)
2026/06/11 09:02:13.816358 [Simulation:Info:toast@toast-new:Simulation not generated] Magnitude 5.50 of event bmg2026lihv is smaller than triggerMinMagnitude: no automatic simulation
2026/06/11 09:02:18.894053 [Incident:Info:toast@toast-new:Origin updated] Origin updated: OT: 2026-06-11 01:56:13,  Lat/Lon: 4.8439°/125.384°, Depth: 10
2026/06/11 09:02:18.907125 [Incident:Info:toast@toast-new:Magnitude updated] Magnitude updated: 5.50 (M)
2026/06/11 09:02:18.917995 [Simulation:Info:toast@toast-new:Simulation not generated] Magnitude 5.50 of event bmg2026lihv is smaller than triggerMinMagnitude: no automatic simulation
2026/06/11 09:02:28.728140 [Incident:Info:toast@toast-new:Origin updated] Origin updated: OT: 2026-06-11 01:56:13,  Lat/Lon: 4.8439°/125.384°, Depth: 10
2026/06/11 09:02:28.741691 [Incident:Info:toast@toast-new:Magnitude updated] Magnitude updated: 5.50 (M)
2026/06/11 09:02:28.753088 [Simulation:Info:toast@toast-new:Simulation not generated] Magnitude 5.50 of event bmg2026lihv is smaller than triggerMinMagnitude: no automatic simulation
2026/06/11 09:02:33.863961 [Incident:Info:toast@toast-new:Origin updated] Origin updated: OT: 2026-06-11 01:56:13,  Lat/Lon: 4.8439°/125.384°, Depth: 10
2026/06/11 09:02:33.878722 [Incident:Info:toast@toast-new:Magnitude updated] Magnitude updated: 5.51 (M)
2026/06/11 09:02:33.889395 [Simulation:Info:toast@toast-new:Simulation not generated] Magnitude 5.51 of event bmg2026lihv is smaller than triggerMinMagnitude: no automatic simulation
2026/06/11 09:02:38.671110 [Incident:Info:toast@toast-new:Origin updated] Origin updated: OT: 2026-06-11 01:56:13,  Lat/Lon: 4.8439°/125.384°, Depth: 10
2026/06/11 09:02:38.685765 [Incident:Info:toast@toast-new:Magnitude updated] Magnitude updated: 5.51 (M)
2026/06/11 09:02:38.696877 [Simulation:Info:toast@toast-new:Simulation not generated] Magnitude 5.51 of event bmg2026lihv is smaller than triggerMinMagnitude: no automatic simulation
2026/06/11 09:02:48.703468 [Incident:Info:toast@toast-new:Origin updated] Origin updated: OT: 2026-06-11 01:56:13,  Lat/Lon: 4.8439°/125.384°, Depth: 10
2026/06/11 09:02:48.718162 [Incident:Info:toast@toast-new:Magnitude updated] Magnitude updated: 5.51 (M)
2026/06/11 09:02:48.729606 [Simulation:Info:toast@toast-new:Simulation not generated] Magnitude 5.51 of event bmg2026lihv is smaller than triggerMinMagnitude: no automatic simulation
2026/06/11 09:04:01.857714 [Incident:Info:toast@toast-new:Origin updated] Origin updated: OT: 2026-06-11 01:56:13,  Lat/Lon: 4.8439°/125.384°, Depth: 10
2026/06/11 09:04:01.873005 [Incident:Info:toast@toast-new:FM updated] FM updated
2026/06/11 09:04:01.884544 [Simulation:Info:toast@toast-new:Simulation not generated] Magnitude 5.51 of event bmg2026lihv is smaller than triggerMinMagnitude: no automatic simulation
2026/06/11 09:04:42.834606 [Incident:Info:toast@toast-new:Origin updated] Origin updated: OT: 2026-06-11 01:56:13,  Lat/Lon: 4.8439°/125.384°, Depth: 10
2026/06/11 09:04:42.851771 [Incident:Info:toast@toast-new:Magnitude updated] Magnitude updated: 5.45 (Mw)
2026/06/11 09:04:42.865235 [Simulation:Info:toast@toast-new:Simulation not generated] Magnitude 5.45 of event bmg2026lihv is smaller than triggerMinMagnitude: no automatic simulation
2026/06/11 09:05:20.346177 [Incident:Info:toast@toast-new:Origin updated] Origin updated: OT: 2026-06-11 01:56:13,  Lat/Lon: 4.8439°/125.384°, Depth: 10
2026/06/11 09:05:20.360643 [Incident:Info:toast@toast-new:Magnitude updated] Magnitude updated: 5.55 (Mw)
2026/06/11 09:05:20.371997 [Incident:Info:toast@toast-new:FM updated] FM updated
2026/06/11 09:05:20.382995 [Simulation:Info:toast@toast-new:Simulation not generated] Magnitude 5.55 of event bmg2026lihv is smaller than triggerMinMagnitude: no automatic simulation
2026/06/11 09:06:20.224453 [Incident:Info:toast@toast-new:Origin updated] Origin updated: OT: 2026-06-11 01:56:13,  Lat/Lon: 4.9062°/125.412°, Depth: 21.8336
2026/06/11 09:06:20.241076 [Simulation:Info:toast@toast-new:Simulation not generated] Magnitude 5.55 of event bmg2026lihv is smaller than triggerMinMagnitude: no automatic simulation
2026/06/11 09:06:34.803095 [Incident:Info:toast@toast-new:Origin updated] Origin updated: OT: 2026-06-11 01:56:13,  Lat/Lon: 4.9062°/125.412°, Depth: 21.8336
2026/06/11 09:06:34.817668 [Simulation:Info:toast@toast-new:Simulation not generated] Magnitude 5.55 of event bmg2026lihv is smaller than triggerMinMagnitude: no automatic simulation
2026/06/11 09:06:48.779977 [Incident:Info:toast@toast-new:Origin updated] Origin updated: OT: 2026-06-11 01:56:15,  Lat/Lon: 4.87923°/125.429°, Depth: 35
2026/06/11 09:06:48.793715 [Simulation:Info:toast@toast-new:Simulation not generated] Magnitude 5.55 of event bmg2026lihv is smaller than triggerMinMagnitude: no automatic simulation
2026/06/11 19:04:49.470300 [Incident:Info:toast@toast-new:Origin updated] Origin updated: OT: 2026-06-11 01:56:11,  Lat/Lon: 4.93171°/125.436°, Depth: 10
2026/06/11 19:04:49.481606 [Incident:Info:toast@toast-new:FM updated] FM updated
2026/06/11 19:04:49.492506 [Simulation:Info:toast@toast-new:Simulation not generated] Magnitude 5.55 of event bmg2026lihv is smaller than triggerMinMagnitude: no automatic simulation
