2026/06/08 18:24:51.088271 [Incident:Info:toast@toast-new:Displacement(s) updated] Added 0 and changed 0 displacements with 0 amplitudes
2026/06/08 18:24:51.091768 [Incident:Info:toast@toast-new:Incident created] Incident created based on event received from messaging: OT: 2026-06-08 11:22:28,  Lat/Lon: 5.50°/125.21°, Depth: 10.00, Mag: 5.53 (M)
2026/06/08 18:24:51.092378 [Simulation:Info:toast@toast-new:Simulation not generated] Magnitude 5.53 of event bmg2026ldnz is smaller than triggerMinMagnitude: no automatic simulation
2026/06/08 18:24:51.128624 [Incident:Info:toast@toast-new:Origin updated] Origin updated: OT: 2026-06-08 11:22:28,  Lat/Lon: 5.50159°/125.208°, Depth: 10
2026/06/08 18:24:51.139347 [Simulation:Info:toast@toast-new:Simulation not generated] Magnitude 5.53 of event bmg2026ldnz is smaller than triggerMinMagnitude: no automatic simulation
2026/06/08 18:24:53.912317 [Incident:Info:toast@toast-new:Origin updated] Origin updated: OT: 2026-06-08 11:22:28,  Lat/Lon: 5.50159°/125.208°, Depth: 10
2026/06/08 18:24:53.925141 [Incident:Info:toast@toast-new:Magnitude updated] Magnitude updated: 5.53 (M)
2026/06/08 18:24:53.936469 [Simulation:Info:toast@toast-new:Simulation not generated] Magnitude 5.53 of event bmg2026ldnz is smaller than triggerMinMagnitude: no automatic simulation
2026/06/08 18:24:59.015104 [Incident:Info:toast@toast-new:Origin updated] Origin updated: OT: 2026-06-08 11:22:28,  Lat/Lon: 5.50159°/125.208°, Depth: 10
2026/06/08 18:24:59.030080 [Incident:Info:toast@toast-new:Magnitude updated] Magnitude updated: 5.55 (M)
2026/06/08 18:24:59.042435 [Simulation:Info:toast@toast-new:Simulation not generated] Magnitude 5.55 of event bmg2026ldnz is smaller than triggerMinMagnitude: no automatic simulation
2026/06/08 18:25:03.670457 [Incident:Info:toast@toast-new:Origin updated] Origin updated: OT: 2026-06-08 11:22:28,  Lat/Lon: 5.52069°/125.216°, Depth: 10
2026/06/08 18:25:03.685440 [Incident:Info:toast@toast-new:Magnitude updated] Magnitude updated: 5.49 (M)
2026/06/08 18:25:03.696643 [Simulation:Info:toast@toast-new:Simulation not generated] Magnitude 5.49 of event bmg2026ldnz is smaller than triggerMinMagnitude: no automatic simulation
2026/06/08 18:25:03.933067 [Incident:Info:toast@toast-new:Origin updated] Origin updated: OT: 2026-06-08 11:22:28,  Lat/Lon: 5.52069°/125.216°, Depth: 10
2026/06/08 18:25:03.946378 [Incident:Info:toast@toast-new:Magnitude updated] Magnitude updated: 5.44 (M)
2026/06/08 18:25:03.957044 [Simulation:Info:toast@toast-new:Simulation not generated] Magnitude 5.44 of event bmg2026ldnz is smaller than triggerMinMagnitude: no automatic simulation
2026/06/08 18:25:09.031492 [Incident:Info:toast@toast-new:Origin updated] Origin updated: OT: 2026-06-08 11:22:28,  Lat/Lon: 5.52069°/125.216°, Depth: 10
2026/06/08 18:25:09.045888 [Incident:Info:toast@toast-new:Magnitude updated] Magnitude updated: 5.48 (M)
2026/06/08 18:25:09.057213 [Simulation:Info:toast@toast-new:Simulation not generated] Magnitude 5.48 of event bmg2026ldnz is smaller than triggerMinMagnitude: no automatic simulation
2026/06/08 18:25:14.012223 [Incident:Info:toast@toast-new:Origin updated] Origin updated: OT: 2026-06-08 11:22:28,  Lat/Lon: 5.52069°/125.216°, Depth: 10
2026/06/08 18:25:14.026135 [Incident:Info:toast@toast-new:Magnitude updated] Magnitude updated: 5.54 (M)
2026/06/08 18:25:14.037236 [Simulation:Info:toast@toast-new:Simulation not generated] Magnitude 5.54 of event bmg2026ldnz is smaller than triggerMinMagnitude: no automatic simulation
2026/06/08 18:25:18.942469 [Incident:Info:toast@toast-new:Origin updated] Origin updated: OT: 2026-06-08 11:22:28,  Lat/Lon: 5.52069°/125.216°, Depth: 10
2026/06/08 18:25:18.956488 [Incident:Info:toast@toast-new:Magnitude updated] Magnitude updated: 5.54 (M)
2026/06/08 18:25:18.967511 [Simulation:Info:toast@toast-new:Simulation not generated] Magnitude 5.54 of event bmg2026ldnz is smaller than triggerMinMagnitude: no automatic simulation
2026/06/08 18:25:20.904035 [Incident:Info:toast@toast-new:Origin updated] Origin updated: OT: 2026-06-08 11:22:28,  Lat/Lon: 5.53467°/125.211°, Depth: 10
2026/06/08 18:25:20.923226 [Incident:Info:toast@toast-new:Magnitude updated] Magnitude updated: 5.51 (M)
2026/06/08 18:25:20.933840 [Simulation:Info:toast@toast-new:Simulation not generated] Magnitude 5.51 of event bmg2026ldnz is smaller than triggerMinMagnitude: no automatic simulation
2026/06/08 18:25:24.049805 [Incident:Info:toast@toast-new:Origin updated] Origin updated: OT: 2026-06-08 11:22:28,  Lat/Lon: 5.53467°/125.211°, Depth: 10
2026/06/08 18:25:24.064739 [Incident:Info:toast@toast-new:Magnitude updated] Magnitude updated: 5.49 (M)
2026/06/08 18:25:24.076119 [Simulation:Info:toast@toast-new:Simulation not generated] Magnitude 5.49 of event bmg2026ldnz is smaller than triggerMinMagnitude: no automatic simulation
2026/06/08 18:25:30.540723 [Incident:Info:toast@toast-new:Origin updated] Origin updated: OT: 2026-06-08 11:22:28,  Lat/Lon: 5.53467°/125.211°, Depth: 10
2026/06/08 18:25:30.554346 [Incident:Info:toast@toast-new:Magnitude updated] Magnitude updated: 5.44 (M)
2026/06/08 18:25:30.565323 [Simulation:Info:toast@toast-new:Simulation not generated] Magnitude 5.44 of event bmg2026ldnz is smaller than triggerMinMagnitude: no automatic simulation
2026/06/08 18:25:34.032153 [Incident:Info:toast@toast-new:Origin updated] Origin updated: OT: 2026-06-08 11:22:28,  Lat/Lon: 5.53467°/125.211°, Depth: 10
2026/06/08 18:25:34.046036 [Incident:Info:toast@toast-new:Magnitude updated] Magnitude updated: 5.45 (M)
2026/06/08 18:25:34.057189 [Simulation:Info:toast@toast-new:Simulation not generated] Magnitude 5.45 of event bmg2026ldnz is smaller than triggerMinMagnitude: no automatic simulation
2026/06/08 18:25:39.366442 [Incident:Info:toast@toast-new:Origin updated] Origin updated: OT: 2026-06-08 11:22:28,  Lat/Lon: 5.53467°/125.211°, Depth: 10
2026/06/08 18:25:39.381290 [Incident:Info:toast@toast-new:Magnitude updated] Magnitude updated: 5.44 (M)
2026/06/08 18:25:39.392336 [Simulation:Info:toast@toast-new:Simulation not generated] Magnitude 5.44 of event bmg2026ldnz is smaller than triggerMinMagnitude: no automatic simulation
2026/06/08 18:25:39.426998 [Incident:Info:toast@toast-new:Origin updated] Origin updated: OT: 2026-06-08 11:22:28,  Lat/Lon: 5.53316°/125.221°, Depth: 10
2026/06/08 18:25:39.438384 [Incident:Info:toast@toast-new:Magnitude updated] Magnitude updated: 5.44 (M)
2026/06/08 18:25:39.448551 [Simulation:Info:toast@toast-new:Simulation not generated] Magnitude 5.44 of event bmg2026ldnz is smaller than triggerMinMagnitude: no automatic simulation
2026/06/08 18:25:39.473285 [Incident:Info:toast@toast-new:Origin updated] Origin updated: OT: 2026-06-08 11:22:28,  Lat/Lon: 5.53316°/125.221°, Depth: 10
2026/06/08 18:25:39.484260 [Simulation:Info:toast@toast-new:Simulation not generated] Magnitude 5.44 of event bmg2026ldnz is smaller than triggerMinMagnitude: no automatic simulation
2026/06/08 18:25:44.103144 [Incident:Info:toast@toast-new:Origin updated] Origin updated: OT: 2026-06-08 11:22:28,  Lat/Lon: 5.53316°/125.221°, Depth: 10
2026/06/08 18:25:44.116470 [Incident:Info:toast@toast-new:Magnitude updated] Magnitude updated: 5.38 (M)
2026/06/08 18:25:44.127274 [Simulation:Info:toast@toast-new:Simulation not generated] Magnitude 5.38 of event bmg2026ldnz is smaller than triggerMinMagnitude: no automatic simulation
2026/06/08 18:25:49.059413 [Incident:Info:toast@toast-new:Origin updated] Origin updated: OT: 2026-06-08 11:22:28,  Lat/Lon: 5.53316°/125.221°, Depth: 10
2026/06/08 18:25:49.073183 [Incident:Info:toast@toast-new:Magnitude updated] Magnitude updated: 5.39 (M)
2026/06/08 18:25:49.083918 [Simulation:Info:toast@toast-new:Simulation not generated] Magnitude 5.39 of event bmg2026ldnz is smaller than triggerMinMagnitude: no automatic simulation
2026/06/08 18:25:54.081844 [Incident:Info:toast@toast-new:Origin updated] Origin updated: OT: 2026-06-08 11:22:28,  Lat/Lon: 5.53316°/125.221°, Depth: 10
2026/06/08 18:25:54.094212 [Incident:Info:toast@toast-new:Magnitude updated] Magnitude updated: 5.40 (M)
2026/06/08 18:25:54.104906 [Simulation:Info:toast@toast-new:Simulation not generated] Magnitude 5.40 of event bmg2026ldnz is smaller than triggerMinMagnitude: no automatic simulation
2026/06/08 18:25:59.092092 [Incident:Info:toast@toast-new:Origin updated] Origin updated: OT: 2026-06-08 11:22:28,  Lat/Lon: 5.53316°/125.221°, Depth: 10
2026/06/08 18:25:59.107245 [Incident:Info:toast@toast-new:Magnitude updated] Magnitude updated: 5.37 (M)
2026/06/08 18:25:59.118246 [Simulation:Info:toast@toast-new:Simulation not generated] Magnitude 5.37 of event bmg2026ldnz is smaller than triggerMinMagnitude: no automatic simulation
2026/06/08 18:25:59.146339 [Incident:Info:toast@toast-new:Origin updated] Origin updated: OT: 2026-06-08 11:22:28,  Lat/Lon: 5.53316°/125.221°, Depth: 10
2026/06/08 18:25:59.165694 [Incident:Info:toast@toast-new:Magnitude updated] Magnitude updated: 5.29 (Mw(mB))
2026/06/08 18:25:59.177464 [Simulation:Info:toast@toast-new:Simulation not generated] Magnitude 5.29 of event bmg2026ldnz is smaller than triggerMinMagnitude: no automatic simulation
2026/06/08 18:25:59.203020 [Incident:Info:toast@toast-new:Origin updated] Origin updated: OT: 2026-06-08 11:22:28,  Lat/Lon: 5.53316°/125.221°, Depth: 10
2026/06/08 18:25:59.212622 [Simulation:Info:toast@toast-new:Simulation not generated] Magnitude 5.29 of event bmg2026ldnz is smaller than triggerMinMagnitude: no automatic simulation
2026/06/08 18:26:04.056579 [Incident:Info:toast@toast-new:Origin updated] Origin updated: OT: 2026-06-08 11:22:28,  Lat/Lon: 5.53316°/125.221°, Depth: 10
2026/06/08 18:26:04.071040 [Incident:Info:toast@toast-new:Magnitude updated] Magnitude updated: 5.27 (Mw(mB))
2026/06/08 18:26:04.082079 [Simulation:Info:toast@toast-new:Simulation not generated] Magnitude 5.27 of event bmg2026ldnz is smaller than triggerMinMagnitude: no automatic simulation
2026/06/08 18:26:09.038749 [Incident:Info:toast@toast-new:Origin updated] Origin updated: OT: 2026-06-08 11:22:28,  Lat/Lon: 5.53316°/125.221°, Depth: 10
2026/06/08 18:26:09.053869 [Incident:Info:toast@toast-new:Magnitude updated] Magnitude updated: 5.27 (Mw(mB))
2026/06/08 18:26:09.064508 [Simulation:Info:toast@toast-new:Simulation not generated] Magnitude 5.27 of event bmg2026ldnz is smaller than triggerMinMagnitude: no automatic simulation
2026/06/08 18:26:13.875565 [Incident:Info:toast@toast-new:Origin updated] Origin updated: OT: 2026-06-08 11:22:29,  Lat/Lon: 5.5433°/125.242°, Depth: 10
2026/06/08 18:26:13.889526 [Incident:Info:toast@toast-new:Magnitude updated] Magnitude updated: 5.27 (Mw(mB))
2026/06/08 18:26:13.900196 [Simulation:Info:toast@toast-new:Simulation not generated] Magnitude 5.27 of event bmg2026ldnz is smaller than triggerMinMagnitude: no automatic simulation
2026/06/08 18:26:19.137695 [Incident:Info:toast@toast-new:Origin updated] Origin updated: OT: 2026-06-08 11:22:29,  Lat/Lon: 5.5433°/125.242°, Depth: 10
2026/06/08 18:26:19.153442 [Incident:Info:toast@toast-new:Magnitude updated] Magnitude updated: 5.27 (Mw(mB))
2026/06/08 18:26:19.164757 [Simulation:Info:toast@toast-new:Simulation not generated] Magnitude 5.27 of event bmg2026ldnz is smaller than triggerMinMagnitude: no automatic simulation
2026/06/08 18:26:24.073122 [Incident:Info:toast@toast-new:Origin updated] Origin updated: OT: 2026-06-08 11:22:29,  Lat/Lon: 5.5433°/125.242°, Depth: 10
2026/06/08 18:26:24.087706 [Incident:Info:toast@toast-new:Magnitude updated] Magnitude updated: 5.26 (Mw(mB))
2026/06/08 18:26:24.098463 [Simulation:Info:toast@toast-new:Simulation not generated] Magnitude 5.26 of event bmg2026ldnz is smaller than triggerMinMagnitude: no automatic simulation
2026/06/08 18:26:28.937277 [Incident:Info:toast@toast-new:Origin updated] Origin updated: OT: 2026-06-08 11:22:29,  Lat/Lon: 5.5433°/125.242°, Depth: 10
2026/06/08 18:26:28.961773 [Incident:Info:toast@toast-new:Magnitude updated] Magnitude updated: 5.25 (Mw(mB))
2026/06/08 18:26:28.975137 [Simulation:Info:toast@toast-new:Simulation not generated] Magnitude 5.25 of event bmg2026ldnz is smaller than triggerMinMagnitude: no automatic simulation
2026/06/08 18:26:33.962458 [Incident:Info:toast@toast-new:Origin updated] Origin updated: OT: 2026-06-08 11:22:29,  Lat/Lon: 5.5433°/125.242°, Depth: 10
2026/06/08 18:26:33.977436 [Incident:Info:toast@toast-new:Magnitude updated] Magnitude updated: 5.25 (Mw(mB))
2026/06/08 18:26:33.988092 [Simulation:Info:toast@toast-new:Simulation not generated] Magnitude 5.25 of event bmg2026ldnz is smaller than triggerMinMagnitude: no automatic simulation
2026/06/08 18:26:44.046758 [Incident:Info:toast@toast-new:Origin updated] Origin updated: OT: 2026-06-08 11:22:29,  Lat/Lon: 5.5433°/125.242°, Depth: 10
2026/06/08 18:26:44.060864 [Incident:Info:toast@toast-new:Magnitude updated] Magnitude updated: 5.25 (Mw(mB))
2026/06/08 18:26:44.071933 [Simulation:Info:toast@toast-new:Simulation not generated] Magnitude 5.25 of event bmg2026ldnz is smaller than triggerMinMagnitude: no automatic simulation
2026/06/08 18:26:44.791459 [Incident:Info:toast@toast-new:Origin updated] Origin updated: OT: 2026-06-08 11:22:29,  Lat/Lon: 5.52195°/125.242°, Depth: 10
2026/06/08 18:26:44.804903 [Incident:Info:toast@toast-new:Magnitude updated] Magnitude updated: 5.25 (Mw(mB))
2026/06/08 18:26:44.815901 [Simulation:Info:toast@toast-new:Simulation not generated] Magnitude 5.25 of event bmg2026ldnz is smaller than triggerMinMagnitude: no automatic simulation
2026/06/08 18:26:53.940874 [Incident:Info:toast@toast-new:Origin updated] Origin updated: OT: 2026-06-08 11:22:29,  Lat/Lon: 5.52195°/125.242°, Depth: 10
2026/06/08 18:26:53.954882 [Incident:Info:toast@toast-new:Magnitude updated] Magnitude updated: 5.24 (Mw(mB))
2026/06/08 18:26:53.967665 [Simulation:Info:toast@toast-new:Simulation not generated] Magnitude 5.24 of event bmg2026ldnz is smaller than triggerMinMagnitude: no automatic simulation
2026/06/08 18:26:56.158730 [Incident:Info:toast@toast-new:Origin updated] Origin updated: OT: 2026-06-08 11:22:29,  Lat/Lon: 5.45772°/125.258°, Depth: 10
2026/06/08 18:26:56.174116 [Incident:Info:toast@toast-new:Magnitude updated] Magnitude updated: 5.25 (Mw(mB))
2026/06/08 18:26:56.185368 [Simulation:Info:toast@toast-new:Simulation not generated] Magnitude 5.25 of event bmg2026ldnz is smaller than triggerMinMagnitude: no automatic simulation
2026/06/08 18:30:08.568470 [Incident:Info:toast@toast-new:Origin updated] Origin updated: OT: 2026-06-08 11:22:29,  Lat/Lon: 5.45772°/125.258°, Depth: 10
2026/06/08 18:30:08.582999 [Incident:Info:toast@toast-new:FM updated] FM updated
2026/06/08 18:30:08.594607 [Simulation:Info:toast@toast-new:Simulation not generated] Magnitude 5.25 of event bmg2026ldnz is smaller than triggerMinMagnitude: no automatic simulation
