2026/07/17 23:15:24.630653 [Incident:Info:toast@toast-new:Displacement(s) updated] Added 0 and changed 0 displacements with 0 amplitudes
2026/07/17 23:15:24.631800 [Incident:Info:toast@toast-new:Incident created] Incident created based on event received from messaging: OT: 2026-07-17 16:12:48,  Lat/Lon: 5.91°/125.24°, Depth: 10.00, Mag: 5.39 (M)
2026/07/17 23:15:24.632501 [Simulation:Info:toast@toast-new:Simulation not generated] Magnitude 5.39 of event bmg2026nxef is smaller than triggerMinMagnitude: no automatic simulation
2026/07/17 23:15:24.654711 [Incident:Info:toast@toast-new:Origin updated] Origin updated: OT: 2026-07-17 16:12:48,  Lat/Lon: 5.914°/125.242°, Depth: 10
2026/07/17 23:15:24.654886 [Simulation:Info:toast@toast-new:Simulation not generated] Magnitude 5.39 of event bmg2026nxef is smaller than triggerMinMagnitude: no automatic simulation
2026/07/17 23:15:29.851144 [Incident:Info:toast@toast-new:Origin updated] Origin updated: OT: 2026-07-17 16:12:48,  Lat/Lon: 5.914°/125.242°, Depth: 10
2026/07/17 23:15:29.851305 [Incident:Info:toast@toast-new:Magnitude updated] Magnitude updated: 5.39 (M)
2026/07/17 23:15:29.851335 [Simulation:Info:toast@toast-new:Simulation not generated] Magnitude 5.39 of event bmg2026nxef is smaller than triggerMinMagnitude: no automatic simulation
2026/07/17 23:15:33.957628 [Incident:Info:toast@toast-new:Origin updated] Origin updated: OT: 2026-07-17 16:12:48,  Lat/Lon: 5.914°/125.242°, Depth: 10
2026/07/17 23:15:33.957825 [Incident:Info:toast@toast-new:Magnitude updated] Magnitude updated: 5.39 (M)
2026/07/17 23:15:33.957865 [Simulation:Info:toast@toast-new:Simulation not generated] Magnitude 5.39 of event bmg2026nxef is smaller than triggerMinMagnitude: no automatic simulation
2026/07/17 23:15:39.885131 [Incident:Info:toast@toast-new:Origin updated] Origin updated: OT: 2026-07-17 16:12:48,  Lat/Lon: 5.914°/125.242°, Depth: 10
2026/07/17 23:15:39.885307 [Incident:Info:toast@toast-new:Magnitude updated] Magnitude updated: 5.39 (M)
2026/07/17 23:15:39.885347 [Simulation:Info:toast@toast-new:Simulation not generated] Magnitude 5.39 of event bmg2026nxef is smaller than triggerMinMagnitude: no automatic simulation
2026/07/17 23:15:44.898037 [Incident:Info:toast@toast-new:Origin updated] Origin updated: OT: 2026-07-17 16:12:48,  Lat/Lon: 5.914°/125.242°, Depth: 10
2026/07/17 23:15:44.898222 [Incident:Info:toast@toast-new:Magnitude updated] Magnitude updated: 5.40 (M)
2026/07/17 23:15:44.898260 [Simulation:Info:toast@toast-new:Simulation not generated] Magnitude 5.40 of event bmg2026nxef is smaller than triggerMinMagnitude: no automatic simulation
2026/07/17 23:15:48.665736 [Incident:Info:toast@toast-new:Origin updated] Origin updated: OT: 2026-07-17 16:12:48,  Lat/Lon: 5.914°/125.242°, Depth: 10
2026/07/17 23:15:48.665888 [Incident:Info:toast@toast-new:Magnitude updated] Magnitude updated: 5.40 (M)
2026/07/17 23:15:48.665914 [Simulation:Info:toast@toast-new:Simulation not generated] Magnitude 5.40 of event bmg2026nxef is smaller than triggerMinMagnitude: no automatic simulation
2026/07/17 23:15:54.955837 [Incident:Info:toast@toast-new:Origin updated] Origin updated: OT: 2026-07-17 16:12:48,  Lat/Lon: 5.914°/125.242°, Depth: 10
2026/07/17 23:15:54.956061 [Incident:Info:toast@toast-new:Magnitude updated] Magnitude updated: 5.43 (M)
2026/07/17 23:15:54.956118 [Simulation:Info:toast@toast-new:Simulation not generated] Magnitude 5.43 of event bmg2026nxef is smaller than triggerMinMagnitude: no automatic simulation
2026/07/17 23:15:59.927360 [Incident:Info:toast@toast-new:Origin updated] Origin updated: OT: 2026-07-17 16:12:48,  Lat/Lon: 5.914°/125.242°, Depth: 10
2026/07/17 23:15:59.927568 [Incident:Info:toast@toast-new:Magnitude updated] Magnitude updated: 5.43 (M)
2026/07/17 23:15:59.927624 [Simulation:Info:toast@toast-new:Simulation not generated] Magnitude 5.43 of event bmg2026nxef is smaller than triggerMinMagnitude: no automatic simulation
2026/07/17 23:16:04.920108 [Incident:Info:toast@toast-new:Origin updated] Origin updated: OT: 2026-07-17 16:12:48,  Lat/Lon: 5.914°/125.242°, Depth: 10
2026/07/17 23:16:04.920315 [Incident:Info:toast@toast-new:Magnitude updated] Magnitude updated: 5.46 (M)
2026/07/17 23:16:04.920370 [Simulation:Info:toast@toast-new:Simulation not generated] Magnitude 5.46 of event bmg2026nxef is smaller than triggerMinMagnitude: no automatic simulation
2026/07/17 23:16:07.584592 [Incident:Info:toast@toast-new:Origin updated] Origin updated: OT: 2026-07-17 16:12:48,  Lat/Lon: 5.914°/125.242°, Depth: 10
2026/07/17 23:16:07.584766 [Incident:Info:toast@toast-new:Magnitude updated] Magnitude updated: 5.46 (M)
2026/07/17 23:16:07.584799 [Simulation:Info:toast@toast-new:Simulation not generated] Magnitude 5.46 of event bmg2026nxef is smaller than triggerMinMagnitude: no automatic simulation
2026/07/17 23:16:09.899071 [Incident:Info:toast@toast-new:Origin updated] Origin updated: OT: 2026-07-17 16:12:48,  Lat/Lon: 5.914°/125.242°, Depth: 10
2026/07/17 23:16:09.899255 [Incident:Info:toast@toast-new:Magnitude updated] Magnitude updated: 5.46 (M)
2026/07/17 23:16:09.899298 [Simulation:Info:toast@toast-new:Simulation not generated] Magnitude 5.46 of event bmg2026nxef is smaller than triggerMinMagnitude: no automatic simulation
2026/07/17 23:16:14.899457 [Incident:Info:toast@toast-new:Origin updated] Origin updated: OT: 2026-07-17 16:12:48,  Lat/Lon: 5.914°/125.242°, Depth: 10
2026/07/17 23:16:14.899647 [Incident:Info:toast@toast-new:Magnitude updated] Magnitude updated: 5.46 (M)
2026/07/17 23:16:14.899680 [Simulation:Info:toast@toast-new:Simulation not generated] Magnitude 5.46 of event bmg2026nxef is smaller than triggerMinMagnitude: no automatic simulation
2026/07/17 23:16:19.944001 [Incident:Info:toast@toast-new:Origin updated] Origin updated: OT: 2026-07-17 16:12:48,  Lat/Lon: 5.914°/125.242°, Depth: 10
2026/07/17 23:16:19.944140 [Incident:Info:toast@toast-new:Magnitude updated] Magnitude updated: 5.47 (M)
2026/07/17 23:16:19.944167 [Simulation:Info:toast@toast-new:Simulation not generated] Magnitude 5.47 of event bmg2026nxef is smaller than triggerMinMagnitude: no automatic simulation
2026/07/17 23:16:24.970846 [Incident:Info:toast@toast-new:Origin updated] Origin updated: OT: 2026-07-17 16:12:48,  Lat/Lon: 5.914°/125.242°, Depth: 10
2026/07/17 23:16:24.971070 [Incident:Info:toast@toast-new:Magnitude updated] Magnitude updated: 5.47 (M)
2026/07/17 23:16:24.971129 [Simulation:Info:toast@toast-new:Simulation not generated] Magnitude 5.47 of event bmg2026nxef is smaller than triggerMinMagnitude: no automatic simulation
2026/07/17 23:16:29.835687 [Incident:Info:toast@toast-new:Origin updated] Origin updated: OT: 2026-07-17 16:12:48,  Lat/Lon: 5.914°/125.242°, Depth: 10
2026/07/17 23:16:29.835862 [Incident:Info:toast@toast-new:Magnitude updated] Magnitude updated: 5.47 (M)
2026/07/17 23:16:29.835903 [Simulation:Info:toast@toast-new:Simulation not generated] Magnitude 5.47 of event bmg2026nxef is smaller than triggerMinMagnitude: no automatic simulation
2026/07/17 23:16:30.608086 [Incident:Info:toast@toast-new:Origin updated] Origin updated: OT: 2026-07-17 16:12:51,  Lat/Lon: 5.76156°/125.291°, Depth: 10
2026/07/17 23:16:30.608261 [Incident:Info:toast@toast-new:Magnitude updated] Magnitude updated: 5.49 (mb)
2026/07/17 23:16:30.608293 [Simulation:Info:toast@toast-new:Simulation not generated] Magnitude 5.49 of event bmg2026nxef is smaller than triggerMinMagnitude: no automatic simulation
2026/07/17 23:16:30.690977 [Incident:Info:toast@toast-new:Origin updated] Origin updated: OT: 2026-07-17 16:12:51,  Lat/Lon: 5.76156°/125.291°, Depth: 10
2026/07/17 23:16:30.691100 [Incident:Info:toast@toast-new:Magnitude updated] Magnitude updated: 5.50 (M)
2026/07/17 23:16:30.691122 [Simulation:Info:toast@toast-new:Simulation not generated] Magnitude 5.50 of event bmg2026nxef is smaller than triggerMinMagnitude: no automatic simulation
2026/07/17 23:16:34.991403 [Incident:Info:toast@toast-new:Origin updated] Origin updated: OT: 2026-07-17 16:12:51,  Lat/Lon: 5.76156°/125.291°, Depth: 10
2026/07/17 23:16:34.991570 [Incident:Info:toast@toast-new:Magnitude updated] Magnitude updated: 5.51 (M)
2026/07/17 23:16:34.991623 [Simulation:Info:toast@toast-new:Simulation not generated] Magnitude 5.51 of event bmg2026nxef is smaller than triggerMinMagnitude: no automatic simulation
2026/07/17 23:16:37.943595 [Incident:Info:toast@toast-new:Origin updated] Origin updated: OT: 2026-07-17 16:12:51,  Lat/Lon: 5.76156°/125.291°, Depth: 10
2026/07/17 23:16:37.943779 [Incident:Info:toast@toast-new:Magnitude updated] Magnitude updated: 5.51 (M)
2026/07/17 23:16:37.943820 [Simulation:Info:toast@toast-new:Simulation not generated] Magnitude 5.51 of event bmg2026nxef is smaller than triggerMinMagnitude: no automatic simulation
2026/07/17 23:16:39.937167 [Incident:Info:toast@toast-new:Origin updated] Origin updated: OT: 2026-07-17 16:12:51,  Lat/Lon: 5.76156°/125.291°, Depth: 10
2026/07/17 23:16:39.937326 [Incident:Info:toast@toast-new:Magnitude updated] Magnitude updated: 5.51 (M)
2026/07/17 23:16:39.937358 [Simulation:Info:toast@toast-new:Simulation not generated] Magnitude 5.51 of event bmg2026nxef is smaller than triggerMinMagnitude: no automatic simulation
2026/07/17 23:16:44.929091 [Incident:Info:toast@toast-new:Origin updated] Origin updated: OT: 2026-07-17 16:12:51,  Lat/Lon: 5.76156°/125.291°, Depth: 10
2026/07/17 23:16:44.929275 [Incident:Info:toast@toast-new:Magnitude updated] Magnitude updated: 5.52 (M)
2026/07/17 23:16:44.929315 [Simulation:Info:toast@toast-new:Simulation not generated] Magnitude 5.52 of event bmg2026nxef is smaller than triggerMinMagnitude: no automatic simulation
2026/07/17 23:16:50.011599 [Incident:Info:toast@toast-new:Origin updated] Origin updated: OT: 2026-07-17 16:12:51,  Lat/Lon: 5.76156°/125.291°, Depth: 10
2026/07/17 23:16:50.011768 [Incident:Info:toast@toast-new:Magnitude updated] Magnitude updated: 5.52 (M)
2026/07/17 23:16:50.011810 [Simulation:Info:toast@toast-new:Simulation not generated] Magnitude 5.52 of event bmg2026nxef is smaller than triggerMinMagnitude: no automatic simulation
2026/07/17 23:16:55.007266 [Incident:Info:toast@toast-new:Origin updated] Origin updated: OT: 2026-07-17 16:12:51,  Lat/Lon: 5.76156°/125.291°, Depth: 10
2026/07/17 23:16:55.007454 [Incident:Info:toast@toast-new:Magnitude updated] Magnitude updated: 5.52 (M)
2026/07/17 23:16:55.007499 [Simulation:Info:toast@toast-new:Simulation not generated] Magnitude 5.52 of event bmg2026nxef is smaller than triggerMinMagnitude: no automatic simulation
2026/07/17 23:16:59.974135 [Incident:Info:toast@toast-new:Origin updated] Origin updated: OT: 2026-07-17 16:12:51,  Lat/Lon: 5.76156°/125.291°, Depth: 10
2026/07/17 23:16:59.974315 [Incident:Info:toast@toast-new:Magnitude updated] Magnitude updated: 5.52 (M)
2026/07/17 23:16:59.974358 [Simulation:Info:toast@toast-new:Simulation not generated] Magnitude 5.52 of event bmg2026nxef is smaller than triggerMinMagnitude: no automatic simulation
2026/07/17 23:17:04.985025 [Incident:Info:toast@toast-new:Origin updated] Origin updated: OT: 2026-07-17 16:12:51,  Lat/Lon: 5.76156°/125.291°, Depth: 10
2026/07/17 23:17:04.985207 [Incident:Info:toast@toast-new:Magnitude updated] Magnitude updated: 5.52 (M)
2026/07/17 23:17:04.985247 [Simulation:Info:toast@toast-new:Simulation not generated] Magnitude 5.52 of event bmg2026nxef is smaller than triggerMinMagnitude: no automatic simulation
2026/07/17 23:17:14.943336 [Incident:Info:toast@toast-new:Origin updated] Origin updated: OT: 2026-07-17 16:12:51,  Lat/Lon: 5.76156°/125.291°, Depth: 10
2026/07/17 23:17:14.943520 [Incident:Info:toast@toast-new:Magnitude updated] Magnitude updated: 5.53 (M)
2026/07/17 23:17:14.943564 [Simulation:Info:toast@toast-new:Simulation not generated] Magnitude 5.53 of event bmg2026nxef is smaller than triggerMinMagnitude: no automatic simulation
2026/07/17 23:17:19.920832 [Incident:Info:toast@toast-new:Origin updated] Origin updated: OT: 2026-07-17 16:12:51,  Lat/Lon: 5.76156°/125.291°, Depth: 10
2026/07/17 23:17:19.921019 [Incident:Info:toast@toast-new:Magnitude updated] Magnitude updated: 5.53 (M)
2026/07/17 23:17:19.921062 [Simulation:Info:toast@toast-new:Simulation not generated] Magnitude 5.53 of event bmg2026nxef is smaller than triggerMinMagnitude: no automatic simulation
2026/07/17 23:17:25.031323 [Incident:Info:toast@toast-new:Origin updated] Origin updated: OT: 2026-07-17 16:12:51,  Lat/Lon: 5.76156°/125.291°, Depth: 10
2026/07/17 23:17:25.031534 [Incident:Info:toast@toast-new:Magnitude updated] Magnitude updated: 5.53 (M)
2026/07/17 23:17:25.031584 [Simulation:Info:toast@toast-new:Simulation not generated] Magnitude 5.53 of event bmg2026nxef is smaller than triggerMinMagnitude: no automatic simulation
2026/07/17 23:17:30.021764 [Incident:Info:toast@toast-new:Origin updated] Origin updated: OT: 2026-07-17 16:12:51,  Lat/Lon: 5.76156°/125.291°, Depth: 10
2026/07/17 23:17:30.021962 [Incident:Info:toast@toast-new:Magnitude updated] Magnitude updated: 5.53 (M)
2026/07/17 23:17:30.022003 [Simulation:Info:toast@toast-new:Simulation not generated] Magnitude 5.53 of event bmg2026nxef is smaller than triggerMinMagnitude: no automatic simulation
2026/07/17 23:17:34.511673 [Incident:Info:toast@toast-new:Origin updated] Origin updated: OT: 2026-07-17 16:12:51,  Lat/Lon: 5.76156°/125.291°, Depth: 10
2026/07/17 23:17:34.511884 [Incident:Info:toast@toast-new:Magnitude updated] Magnitude updated: 5.49 (mb)
2026/07/17 23:17:34.511930 [Simulation:Info:toast@toast-new:Simulation not generated] Magnitude 5.49 of event bmg2026nxef is smaller than triggerMinMagnitude: no automatic simulation
2026/07/17 23:17:34.687255 [Incident:Info:toast@toast-new:Origin updated] Origin updated: OT: 2026-07-17 16:12:51,  Lat/Lon: 5.76156°/125.291°, Depth: 10
2026/07/17 23:17:34.687454 [Incident:Info:toast@toast-new:Magnitude updated] Magnitude updated: 5.53 (M)
2026/07/17 23:17:34.687502 [Simulation:Info:toast@toast-new:Simulation not generated] Magnitude 5.53 of event bmg2026nxef is smaller than triggerMinMagnitude: no automatic simulation
2026/07/17 23:17:39.999735 [Incident:Info:toast@toast-new:Origin updated] Origin updated: OT: 2026-07-17 16:12:51,  Lat/Lon: 5.76156°/125.291°, Depth: 10
2026/07/17 23:17:39.999934 [Incident:Info:toast@toast-new:Magnitude updated] Magnitude updated: 5.53 (M)
2026/07/17 23:17:39.999980 [Simulation:Info:toast@toast-new:Simulation not generated] Magnitude 5.53 of event bmg2026nxef is smaller than triggerMinMagnitude: no automatic simulation
2026/07/17 23:17:44.991419 [Incident:Info:toast@toast-new:Origin updated] Origin updated: OT: 2026-07-17 16:12:51,  Lat/Lon: 5.76156°/125.291°, Depth: 10
2026/07/17 23:17:44.991596 [Incident:Info:toast@toast-new:Magnitude updated] Magnitude updated: 5.53 (M)
2026/07/17 23:17:44.991628 [Simulation:Info:toast@toast-new:Simulation not generated] Magnitude 5.53 of event bmg2026nxef is smaller than triggerMinMagnitude: no automatic simulation
2026/07/17 23:17:49.996735 [Incident:Info:toast@toast-new:Origin updated] Origin updated: OT: 2026-07-17 16:12:51,  Lat/Lon: 5.76156°/125.291°, Depth: 10
2026/07/17 23:17:49.996928 [Incident:Info:toast@toast-new:Magnitude updated] Magnitude updated: 5.53 (M)
2026/07/17 23:17:49.996973 [Simulation:Info:toast@toast-new:Simulation not generated] Magnitude 5.53 of event bmg2026nxef is smaller than triggerMinMagnitude: no automatic simulation
2026/07/17 23:17:54.992993 [Incident:Info:toast@toast-new:Origin updated] Origin updated: OT: 2026-07-17 16:12:51,  Lat/Lon: 5.76156°/125.291°, Depth: 10
2026/07/17 23:17:54.993194 [Incident:Info:toast@toast-new:Magnitude updated] Magnitude updated: 5.53 (M)
2026/07/17 23:17:54.993240 [Simulation:Info:toast@toast-new:Simulation not generated] Magnitude 5.53 of event bmg2026nxef is smaller than triggerMinMagnitude: no automatic simulation
2026/07/17 23:18:52.558921 [Incident:Info:toast@toast-new:Origin updated] Origin updated: OT: 2026-07-17 16:12:52,  Lat/Lon: 5.70943°/125.287°, Depth: 10
2026/07/17 23:18:52.559115 [Incident:Info:toast@toast-new:Magnitude updated] Magnitude updated: 5.47 (mb)
2026/07/17 23:18:52.559146 [Simulation:Info:toast@toast-new:Simulation not generated] Magnitude 5.47 of event bmg2026nxef is smaller than triggerMinMagnitude: no automatic simulation
2026/07/17 23:18:52.701026 [Incident:Info:toast@toast-new:Origin updated] Origin updated: OT: 2026-07-17 16:12:52,  Lat/Lon: 5.70943°/125.287°, Depth: 10
2026/07/17 23:18:52.701196 [Incident:Info:toast@toast-new:Magnitude updated] Magnitude updated: 5.52 (M)
2026/07/17 23:18:52.701238 [Simulation:Info:toast@toast-new:Simulation not generated] Magnitude 5.52 of event bmg2026nxef is smaller than triggerMinMagnitude: no automatic simulation
2026/07/17 23:19:18.953471 [Incident:Info:toast@toast-new:Origin updated] Origin updated: OT: 2026-07-17 16:12:52,  Lat/Lon: 5.70943°/125.287°, Depth: 10
2026/07/17 23:19:18.953658 [Incident:Info:toast@toast-new:FM updated] FM updated
2026/07/17 23:19:18.953939 [Simulation:Info:toast@toast-new:Simulation not generated] Magnitude 5.52 of event bmg2026nxef is smaller than triggerMinMagnitude: no automatic simulation
2026/07/17 23:19:48.660941 [Incident:Info:toast@toast-new:Origin updated] Origin updated: OT: 2026-07-17 16:12:52,  Lat/Lon: 5.70943°/125.287°, Depth: 10
2026/07/17 23:19:48.661081 [Incident:Info:toast@toast-new:FM updated] FM updated
2026/07/17 23:19:48.661256 [Simulation:Info:toast@toast-new:Simulation not generated] Magnitude 5.52 of event bmg2026nxef is smaller than triggerMinMagnitude: no automatic simulation
2026/07/17 23:19:51.117284 [Incident:Info:toast@toast-new:Origin updated] Origin updated: OT: 2026-07-17 16:12:52,  Lat/Lon: 5.70943°/125.287°, Depth: 10
2026/07/17 23:19:51.117480 [Incident:Info:toast@toast-new:Magnitude updated] Magnitude updated: 5.47 (mb)
2026/07/17 23:19:51.117532 [Simulation:Info:toast@toast-new:Simulation not generated] Magnitude 5.47 of event bmg2026nxef is smaller than triggerMinMagnitude: no automatic simulation
2026/07/17 23:19:51.173247 [Incident:Info:toast@toast-new:Origin updated] Origin updated: OT: 2026-07-17 16:12:52,  Lat/Lon: 5.70943°/125.287°, Depth: 10
2026/07/17 23:19:51.173369 [Incident:Info:toast@toast-new:Magnitude updated] Magnitude updated: 5.52 (M)
2026/07/17 23:19:51.173392 [Simulation:Info:toast@toast-new:Simulation not generated] Magnitude 5.52 of event bmg2026nxef is smaller than triggerMinMagnitude: no automatic simulation
2026/07/17 23:19:51.353753 [Incident:Info:toast@toast-new:Origin updated] Origin updated: OT: 2026-07-17 16:12:52,  Lat/Lon: 5.70943°/125.287°, Depth: 10
2026/07/17 23:19:51.353919 [Incident:Info:toast@toast-new:FM updated] FM updated
2026/07/17 23:19:51.354151 [Simulation:Info:toast@toast-new:Simulation not generated] Magnitude 5.52 of event bmg2026nxef is smaller than triggerMinMagnitude: no automatic simulation
2026/07/17 23:20:01.240628 [Incident:Info:toast@toast-new:Origin updated] Origin updated: OT: 2026-07-17 16:12:52,  Lat/Lon: 5.70943°/125.287°, Depth: 10
2026/07/17 23:20:01.240840 [Incident:Info:toast@toast-new:FM updated] FM updated
2026/07/17 23:20:01.241133 [Simulation:Info:toast@toast-new:Simulation not generated] Magnitude 5.52 of event bmg2026nxef is smaller than triggerMinMagnitude: no automatic simulation
2026/07/17 23:20:01.795939 [Incident:Info:toast@toast-new:Origin updated] Origin updated: OT: 2026-07-17 16:12:52,  Lat/Lon: 5.70943°/125.287°, Depth: 10
2026/07/17 23:20:01.796116 [Incident:Info:toast@toast-new:FM updated] FM updated
2026/07/17 23:20:01.796376 [Simulation:Info:toast@toast-new:Simulation not generated] Magnitude 5.52 of event bmg2026nxef is smaller than triggerMinMagnitude: no automatic simulation
2026/07/17 23:20:42.001285 [Incident:Info:toast@toast-new:Origin updated] Origin updated: OT: 2026-07-17 16:12:52,  Lat/Lon: 5.70312°/125.256°, Depth: 10
2026/07/17 23:20:42.001487 [Incident:Info:toast@toast-new:Magnitude updated] Magnitude updated: 5.52 (M)
2026/07/17 23:20:42.001527 [Simulation:Info:toast@toast-new:Simulation not generated] Magnitude 5.52 of event bmg2026nxef is smaller than triggerMinMagnitude: no automatic simulation
2026/07/17 23:23:36.013446 [Incident:Info:toast@toast-new:Origin updated] Origin updated: OT: 2026-07-17 16:12:53,  Lat/Lon: 5.81014°/125.373°, Depth: 27.2922
2026/07/17 23:23:36.013691 [Incident:Info:toast@toast-new:Magnitude updated] Magnitude updated: 5.54 (mb)
2026/07/17 23:23:36.013762 [Simulation:Info:toast@toast-new:Simulation not generated] Magnitude 5.54 of event bmg2026nxef is smaller than triggerMinMagnitude: no automatic simulation
2026/07/17 23:23:36.080589 [Incident:Info:toast@toast-new:Origin updated] Origin updated: OT: 2026-07-17 16:12:53,  Lat/Lon: 5.81014°/125.373°, Depth: 27.2922
2026/07/17 23:23:36.080727 [Incident:Info:toast@toast-new:Magnitude updated] Magnitude updated: 5.62 (M)
2026/07/17 23:23:36.080772 [Simulation:Info:toast@toast-new:Simulation not generated] Magnitude 5.62 of event bmg2026nxef is smaller than triggerMinMagnitude: no automatic simulation
2026/07/17 23:29:28.250484 [Incident:Info:toast@toast-new:Origin updated] Origin updated: OT: 2026-07-17 16:12:53,  Lat/Lon: 5.79969°/125.38°, Depth: 31.705
2026/07/17 23:29:28.250729 [Incident:Info:toast@toast-new:Magnitude updated] Magnitude updated: 5.52 (mb)
2026/07/17 23:29:28.250788 [Simulation:Info:toast@toast-new:Simulation not generated] Magnitude 5.52 of event bmg2026nxef is smaller than triggerMinMagnitude: no automatic simulation
2026/07/17 23:29:28.318030 [Incident:Info:toast@toast-new:Origin updated] Origin updated: OT: 2026-07-17 16:12:53,  Lat/Lon: 5.79969°/125.38°, Depth: 31.705
2026/07/17 23:29:28.318159 [Incident:Info:toast@toast-new:Magnitude updated] Magnitude updated: 5.61 (M)
2026/07/17 23:29:28.318193 [Simulation:Info:toast@toast-new:Simulation not generated] Magnitude 5.61 of event bmg2026nxef is smaller than triggerMinMagnitude: no automatic simulation
2026/07/17 23:30:51.219714 [Incident:Info:toast@toast-new:Origin updated] Origin updated: OT: 2026-07-17 16:12:53,  Lat/Lon: 5.79969°/125.38°, Depth: 31.705
2026/07/17 23:30:51.219935 [Incident:Info:toast@toast-new:Magnitude updated] Magnitude updated: 5.53 (Mw)
2026/07/17 23:30:51.220011 [Simulation:Info:toast@toast-new:Simulation not generated] Magnitude 5.53 of event bmg2026nxef is smaller than triggerMinMagnitude: no automatic simulation
2026/07/17 23:44:40.827478 [Incident:Info:toast@toast-new:Origin updated] Origin updated: OT: 2026-07-17 16:12:53,  Lat/Lon: 5.79969°/125.38°, Depth: 31.705
2026/07/17 23:44:40.827629 [Incident:Info:toast@toast-new:Magnitude updated] Magnitude updated: 5.90 (Mw)
2026/07/17 23:44:40.827674 [Incident:Info:toast@toast-new:FM updated] FM updated
2026/07/17 23:44:40.827878 [Simulation:Info:toast@toast-new:Simulation not generated] Magnitude 5.90 of event bmg2026nxef is smaller than triggerMinMagnitude: no automatic simulation
2026/07/17 23:50:16.526363 [Incident:Info:toast@toast-new:Origin updated] Origin updated: OT: 2026-07-17 16:12:53,  Lat/Lon: 5.79969°/125.38°, Depth: 31.705
2026/07/17 23:50:16.526557 [Incident:Info:toast@toast-new:Magnitude updated] Magnitude updated: 5.61 (M)
2026/07/17 23:50:16.526620 [Simulation:Info:toast@toast-new:Simulation not generated] Magnitude 5.61 of event bmg2026nxef is smaller than triggerMinMagnitude: no automatic simulation
2026/07/18 07:39:14.389259 [Incident:Info:toast@toast-new:Origin updated] Origin updated: OT: 2026-07-17 16:12:53,  Lat/Lon: 5.80638°/125.36°, Depth: 27.8764
2026/07/18 07:39:14.389491 [Incident:Info:toast@toast-new:Magnitude updated] Magnitude updated: 5.52 (mb)
2026/07/18 07:39:14.389543 [Simulation:Info:toast@toast-new:Simulation not generated] Magnitude 5.52 of event bmg2026nxef is smaller than triggerMinMagnitude: no automatic simulation
2026/07/18 07:39:14.546587 [Incident:Info:toast@toast-new:Origin updated] Origin updated: OT: 2026-07-17 16:12:53,  Lat/Lon: 5.80638°/125.36°, Depth: 27.8764
2026/07/18 07:39:14.546776 [Incident:Info:toast@toast-new:Magnitude updated] Magnitude updated: 5.62 (M)
2026/07/18 07:39:14.546853 [Simulation:Info:toast@toast-new:Simulation not generated] Magnitude 5.62 of event bmg2026nxef is smaller than triggerMinMagnitude: no automatic simulation
2026/07/18 07:39:18.889021 [Incident:Info:toast@toast-new:Origin updated] Origin updated: OT: 2026-07-17 16:12:53,  Lat/Lon: 5.80638°/125.36°, Depth: 27.8764
2026/07/18 07:39:18.889189 [Incident:Info:toast@toast-new:Magnitude updated] Magnitude updated: 5.52 (mb)
2026/07/18 07:39:18.889250 [Simulation:Info:toast@toast-new:Simulation not generated] Magnitude 5.52 of event bmg2026nxef is smaller than triggerMinMagnitude: no automatic simulation
2026/07/18 07:49:23.415757 [Incident:Info:toast@toast-new:Origin updated] Origin updated: OT: 2026-07-17 16:12:53,  Lat/Lon: 5.80638°/125.36°, Depth: 27.8764
2026/07/18 07:49:23.415950 [Incident:Info:toast@toast-new:FM updated] FM updated
2026/07/18 07:49:23.416238 [Simulation:Info:toast@toast-new:Simulation not generated] Magnitude 5.52 of event bmg2026nxef is smaller than triggerMinMagnitude: no automatic simulation
