2026/07/14 22:51:57.841507 [Incident:Info:toast@toast-new:Displacement(s) updated] Added 0 and changed 0 displacements with 0 amplitudes
2026/07/14 22:51:57.845458 [Incident:Info:toast@toast-new:Incident created] Incident created based on event received from messaging: OT: 2026-07-14 15:49:37,  Lat/Lon: 5.32°/125.07°, Depth: 10.00, Mag: 6.25 (M)
2026/07/14 22:51:57.846174 [Simulation:Info:toast@toast-new:Simulation not generated] Magnitude 6.25 of event bmg2026nrqx is smaller than triggerMinMagnitude: no automatic simulation
2026/07/14 22:51:57.864690 [Incident:Info:toast@toast-new:Origin updated] Origin updated: OT: 2026-07-14 15:49:37,  Lat/Lon: 5.32208°/125.065°, Depth: 10
2026/07/14 22:51:57.864864 [Simulation:Info:toast@toast-new:Simulation not generated] Magnitude 6.25 of event bmg2026nrqx is smaller than triggerMinMagnitude: no automatic simulation
2026/07/14 22:52:01.887573 [Incident:Info:toast@toast-new:Origin updated] Origin updated: OT: 2026-07-14 15:49:37,  Lat/Lon: 5.32208°/125.065°, Depth: 10
2026/07/14 22:52:01.887771 [Incident:Info:toast@toast-new:Magnitude updated] Magnitude updated: 6.26 (M)
2026/07/14 22:52:01.887824 [Simulation:Info:toast@toast-new:Simulation not generated] Magnitude 6.26 of event bmg2026nrqx is smaller than triggerMinMagnitude: no automatic simulation
2026/07/14 22:52:06.866240 [Incident:Info:toast@toast-new:Origin updated] Origin updated: OT: 2026-07-14 15:49:37,  Lat/Lon: 5.32208°/125.065°, Depth: 10
2026/07/14 22:52:06.866467 [Incident:Info:toast@toast-new:Magnitude updated] Magnitude updated: 6.24 (M)
2026/07/14 22:52:06.866532 [Simulation:Info:toast@toast-new:Simulation not generated] Magnitude 6.24 of event bmg2026nrqx is smaller than triggerMinMagnitude: no automatic simulation
2026/07/14 22:52:09.025982 [Incident:Info:toast@toast-new:Origin updated] Origin updated: OT: 2026-07-14 15:49:37,  Lat/Lon: 5.34176°/125.062°, Depth: 10
2026/07/14 22:52:09.026166 [Incident:Info:toast@toast-new:Magnitude updated] Magnitude updated: 6.21 (M)
2026/07/14 22:52:09.026205 [Simulation:Info:toast@toast-new:Simulation not generated] Magnitude 6.21 of event bmg2026nrqx is smaller than triggerMinMagnitude: no automatic simulation
2026/07/14 22:52:11.862954 [Incident:Info:toast@toast-new:Origin updated] Origin updated: OT: 2026-07-14 15:49:37,  Lat/Lon: 5.34176°/125.062°, Depth: 10
2026/07/14 22:52:11.863100 [Incident:Info:toast@toast-new:Magnitude updated] Magnitude updated: 6.21 (M)
2026/07/14 22:52:11.863129 [Simulation:Info:toast@toast-new:Simulation not generated] Magnitude 6.21 of event bmg2026nrqx is smaller than triggerMinMagnitude: no automatic simulation
2026/07/14 22:52:16.858921 [Incident:Info:toast@toast-new:Origin updated] Origin updated: OT: 2026-07-14 15:49:37,  Lat/Lon: 5.34176°/125.062°, Depth: 10
2026/07/14 22:52:16.859100 [Incident:Info:toast@toast-new:Magnitude updated] Magnitude updated: 6.25 (M)
2026/07/14 22:52:16.859135 [Simulation:Info:toast@toast-new:Simulation not generated] Magnitude 6.25 of event bmg2026nrqx is smaller than triggerMinMagnitude: no automatic simulation
2026/07/14 22:52:21.893851 [Incident:Info:toast@toast-new:Origin updated] Origin updated: OT: 2026-07-14 15:49:37,  Lat/Lon: 5.34176°/125.062°, Depth: 10
2026/07/14 22:52:21.894049 [Incident:Info:toast@toast-new:Magnitude updated] Magnitude updated: 6.28 (M)
2026/07/14 22:52:21.894092 [Simulation:Info:toast@toast-new:Simulation not generated] Magnitude 6.28 of event bmg2026nrqx is smaller than triggerMinMagnitude: no automatic simulation
2026/07/14 22:52:25.213859 [Incident:Info:toast@toast-new:Origin updated] Origin updated: OT: 2026-07-14 15:49:38,  Lat/Lon: 5.34613°/125.084°, Depth: 10
2026/07/14 22:52:25.214074 [Incident:Info:toast@toast-new:Magnitude updated] Magnitude updated: 6.26 (M)
2026/07/14 22:52:25.214122 [Simulation:Info:toast@toast-new:Simulation not generated] Magnitude 6.26 of event bmg2026nrqx is smaller than triggerMinMagnitude: no automatic simulation
2026/07/14 22:52:26.928837 [Incident:Info:toast@toast-new:Origin updated] Origin updated: OT: 2026-07-14 15:49:38,  Lat/Lon: 5.34613°/125.084°, Depth: 10
2026/07/14 22:52:26.929003 [Incident:Info:toast@toast-new:Magnitude updated] Magnitude updated: 6.28 (M)
2026/07/14 22:52:26.929033 [Simulation:Info:toast@toast-new:Simulation not generated] Magnitude 6.28 of event bmg2026nrqx is smaller than triggerMinMagnitude: no automatic simulation
2026/07/14 22:52:31.886325 [Incident:Info:toast@toast-new:Origin updated] Origin updated: OT: 2026-07-14 15:49:38,  Lat/Lon: 5.34613°/125.084°, Depth: 10
2026/07/14 22:52:31.886509 [Incident:Info:toast@toast-new:Magnitude updated] Magnitude updated: 6.43 (Mw(mB))
2026/07/14 22:52:31.886554 [Simulation:Info:toast@toast-new:Simulation not generated] Magnitude 6.43 of event bmg2026nrqx is smaller than triggerMinMagnitude: no automatic simulation
2026/07/14 22:52:31.909851 [Incident:Info:toast@toast-new:Origin updated] Origin updated: OT: 2026-07-14 15:49:38,  Lat/Lon: 5.34613°/125.084°, Depth: 10
2026/07/14 22:52:31.909977 [Simulation:Info:toast@toast-new:Simulation not generated] Magnitude 6.43 of event bmg2026nrqx is smaller than triggerMinMagnitude: no automatic simulation
2026/07/14 22:52:36.945062 [Incident:Info:toast@toast-new:Origin updated] Origin updated: OT: 2026-07-14 15:49:38,  Lat/Lon: 5.34613°/125.084°, Depth: 10
2026/07/14 22:52:36.945239 [Incident:Info:toast@toast-new:Magnitude updated] Magnitude updated: 6.33 (Mw(mB))
2026/07/14 22:52:36.945284 [Simulation:Info:toast@toast-new:Simulation not generated] Magnitude 6.33 of event bmg2026nrqx is smaller than triggerMinMagnitude: no automatic simulation
2026/07/14 22:52:41.909134 [Incident:Info:toast@toast-new:Origin updated] Origin updated: OT: 2026-07-14 15:49:38,  Lat/Lon: 5.34613°/125.084°, Depth: 10
2026/07/14 22:52:41.909340 [Incident:Info:toast@toast-new:Magnitude updated] Magnitude updated: 6.31 (Mw(mB))
2026/07/14 22:52:41.909392 [Simulation:Info:toast@toast-new:Simulation not generated] Magnitude 6.31 of event bmg2026nrqx is smaller than triggerMinMagnitude: no automatic simulation
2026/07/14 22:52:46.025759 [Incident:Info:toast@toast-new:Origin updated] Origin updated: OT: 2026-07-14 15:49:38,  Lat/Lon: 5.34254°/125.092°, Depth: 10
2026/07/14 22:52:46.025918 [Incident:Info:toast@toast-new:Magnitude updated] Magnitude updated: 6.30 (Mw(mB))
2026/07/14 22:52:46.025948 [Simulation:Info:toast@toast-new:Simulation not generated] Magnitude 6.30 of event bmg2026nrqx is smaller than triggerMinMagnitude: no automatic simulation
2026/07/14 22:52:51.908394 [Incident:Info:toast@toast-new:Origin updated] Origin updated: OT: 2026-07-14 15:49:38,  Lat/Lon: 5.34254°/125.092°, Depth: 10
2026/07/14 22:52:51.908601 [Incident:Info:toast@toast-new:Magnitude updated] Magnitude updated: 6.25 (Mw(mB))
2026/07/14 22:52:51.908648 [Simulation:Info:toast@toast-new:Simulation not generated] Magnitude 6.25 of event bmg2026nrqx is smaller than triggerMinMagnitude: no automatic simulation
2026/07/14 22:52:56.906066 [Incident:Info:toast@toast-new:Origin updated] Origin updated: OT: 2026-07-14 15:49:38,  Lat/Lon: 5.34254°/125.092°, Depth: 10
2026/07/14 22:52:56.906317 [Incident:Info:toast@toast-new:Magnitude updated] Magnitude updated: 6.23 (Mw(mB))
2026/07/14 22:52:56.906395 [Simulation:Info:toast@toast-new:Simulation not generated] Magnitude 6.23 of event bmg2026nrqx is smaller than triggerMinMagnitude: no automatic simulation
2026/07/14 22:53:02.060839 [Incident:Info:toast@toast-new:Origin updated] Origin updated: OT: 2026-07-14 15:49:38,  Lat/Lon: 5.34254°/125.092°, Depth: 10
2026/07/14 22:53:02.060988 [Incident:Info:toast@toast-new:Magnitude updated] Magnitude updated: 6.27 (Mw(mB))
2026/07/14 22:53:02.061014 [Simulation:Info:toast@toast-new:Simulation not generated] Magnitude 6.27 of event bmg2026nrqx is smaller than triggerMinMagnitude: no automatic simulation
2026/07/14 22:53:07.043396 [Incident:Info:toast@toast-new:Origin updated] Origin updated: OT: 2026-07-14 15:49:38,  Lat/Lon: 5.34254°/125.092°, Depth: 10
2026/07/14 22:53:07.043573 [Incident:Info:toast@toast-new:Magnitude updated] Magnitude updated: 6.25 (Mw(mB))
2026/07/14 22:53:07.043605 [Simulation:Info:toast@toast-new:Simulation not generated] Magnitude 6.25 of event bmg2026nrqx is smaller than triggerMinMagnitude: no automatic simulation
2026/07/14 22:53:11.930408 [Incident:Info:toast@toast-new:Origin updated] Origin updated: OT: 2026-07-14 15:49:38,  Lat/Lon: 5.34254°/125.092°, Depth: 10
2026/07/14 22:53:11.930602 [Incident:Info:toast@toast-new:Magnitude updated] Magnitude updated: 6.21 (Mw(mB))
2026/07/14 22:53:11.930646 [Simulation:Info:toast@toast-new:Simulation not generated] Magnitude 6.21 of event bmg2026nrqx is smaller than triggerMinMagnitude: no automatic simulation
2026/07/14 22:53:16.783276 [Incident:Info:toast@toast-new:Origin updated] Origin updated: OT: 2026-07-14 15:49:38,  Lat/Lon: 5.36933°/125.098°, Depth: 10
2026/07/14 22:53:16.783446 [Incident:Info:toast@toast-new:Magnitude updated] Magnitude updated: 6.19 (Mw(mB))
2026/07/14 22:53:16.783472 [Simulation:Info:toast@toast-new:Simulation not generated] Magnitude 6.19 of event bmg2026nrqx is smaller than triggerMinMagnitude: no automatic simulation
2026/07/14 22:53:16.813127 [Incident:Info:toast@toast-new:Origin updated] Origin updated: OT: 2026-07-14 15:49:38,  Lat/Lon: 5.36933°/125.098°, Depth: 10
2026/07/14 22:53:16.813274 [Incident:Info:toast@toast-new:Magnitude updated] Magnitude updated: 6.18 (Mw(mB))
2026/07/14 22:53:16.813297 [Simulation:Info:toast@toast-new:Simulation not generated] Magnitude 6.18 of event bmg2026nrqx is smaller than triggerMinMagnitude: no automatic simulation
2026/07/14 22:53:22.080807 [Incident:Info:toast@toast-new:Origin updated] Origin updated: OT: 2026-07-14 15:49:38,  Lat/Lon: 5.36933°/125.098°, Depth: 10
2026/07/14 22:53:22.080998 [Incident:Info:toast@toast-new:Magnitude updated] Magnitude updated: 6.15 (Mw(mB))
2026/07/14 22:53:22.081041 [Simulation:Info:toast@toast-new:Simulation not generated] Magnitude 6.15 of event bmg2026nrqx is smaller than triggerMinMagnitude: no automatic simulation
2026/07/14 22:53:27.081634 [Incident:Info:toast@toast-new:Origin updated] Origin updated: OT: 2026-07-14 15:49:38,  Lat/Lon: 5.36933°/125.098°, Depth: 10
2026/07/14 22:53:27.081850 [Incident:Info:toast@toast-new:Magnitude updated] Magnitude updated: 6.15 (Mw(mB))
2026/07/14 22:53:27.081916 [Simulation:Info:toast@toast-new:Simulation not generated] Magnitude 6.15 of event bmg2026nrqx is smaller than triggerMinMagnitude: no automatic simulation
2026/07/14 22:53:31.917610 [Incident:Info:toast@toast-new:Origin updated] Origin updated: OT: 2026-07-14 15:49:38,  Lat/Lon: 5.36933°/125.098°, Depth: 10
2026/07/14 22:53:31.917759 [Incident:Info:toast@toast-new:Magnitude updated] Magnitude updated: 6.14 (Mw(mB))
2026/07/14 22:53:31.917784 [Simulation:Info:toast@toast-new:Simulation not generated] Magnitude 6.14 of event bmg2026nrqx is smaller than triggerMinMagnitude: no automatic simulation
2026/07/14 22:53:37.002913 [Incident:Info:toast@toast-new:Origin updated] Origin updated: OT: 2026-07-14 15:49:38,  Lat/Lon: 5.36933°/125.098°, Depth: 10
2026/07/14 22:53:37.003094 [Incident:Info:toast@toast-new:Magnitude updated] Magnitude updated: 6.14 (Mw(mB))
2026/07/14 22:53:37.003134 [Simulation:Info:toast@toast-new:Simulation not generated] Magnitude 6.14 of event bmg2026nrqx is smaller than triggerMinMagnitude: no automatic simulation
2026/07/14 22:53:46.933778 [Incident:Info:toast@toast-new:Origin updated] Origin updated: OT: 2026-07-14 15:49:38,  Lat/Lon: 5.36933°/125.098°, Depth: 10
2026/07/14 22:53:46.933962 [Incident:Info:toast@toast-new:Magnitude updated] Magnitude updated: 6.13 (Mw(mB))
2026/07/14 22:53:46.934001 [Simulation:Info:toast@toast-new:Simulation not generated] Magnitude 6.13 of event bmg2026nrqx is smaller than triggerMinMagnitude: no automatic simulation
2026/07/14 22:53:53.632354 [Incident:Info:toast@toast-new:Origin updated] Origin updated: OT: 2026-07-14 15:49:38,  Lat/Lon: 5.36108°/125.101°, Depth: 10
2026/07/14 22:53:53.632514 [Incident:Info:toast@toast-new:Magnitude updated] Magnitude updated: 6.14 (Mw(mB))
2026/07/14 22:53:53.632541 [Simulation:Info:toast@toast-new:Simulation not generated] Magnitude 6.14 of event bmg2026nrqx is smaller than triggerMinMagnitude: no automatic simulation
2026/07/14 22:54:02.111150 [Incident:Info:toast@toast-new:Origin updated] Origin updated: OT: 2026-07-14 15:49:38,  Lat/Lon: 5.36108°/125.101°, Depth: 10
2026/07/14 22:54:02.111325 [Incident:Info:toast@toast-new:Magnitude updated] Magnitude updated: 6.16 (Mw(mB))
2026/07/14 22:54:02.111359 [Simulation:Info:toast@toast-new:Simulation not generated] Magnitude 6.16 of event bmg2026nrqx is smaller than triggerMinMagnitude: no automatic simulation
2026/07/14 22:54:07.088074 [Incident:Info:toast@toast-new:Origin updated] Origin updated: OT: 2026-07-14 15:49:38,  Lat/Lon: 5.36108°/125.101°, Depth: 10
2026/07/14 22:54:07.088258 [Incident:Info:toast@toast-new:Magnitude updated] Magnitude updated: 6.16 (Mw(mB))
2026/07/14 22:54:07.088300 [Simulation:Info:toast@toast-new:Simulation not generated] Magnitude 6.16 of event bmg2026nrqx is smaller than triggerMinMagnitude: no automatic simulation
2026/07/14 22:54:11.980850 [Incident:Info:toast@toast-new:Origin updated] Origin updated: OT: 2026-07-14 15:49:38,  Lat/Lon: 5.36108°/125.101°, Depth: 10
2026/07/14 22:54:11.981038 [Incident:Info:toast@toast-new:Magnitude updated] Magnitude updated: 6.16 (Mw(mB))
2026/07/14 22:54:11.981076 [Simulation:Info:toast@toast-new:Simulation not generated] Magnitude 6.16 of event bmg2026nrqx is smaller than triggerMinMagnitude: no automatic simulation
2026/07/14 22:54:16.887838 [Incident:Info:toast@toast-new:Origin updated] Origin updated: OT: 2026-07-14 15:49:38,  Lat/Lon: 5.36108°/125.101°, Depth: 10
2026/07/14 22:54:16.887997 [Incident:Info:toast@toast-new:Magnitude updated] Magnitude updated: 6.15 (Mw(mB))
2026/07/14 22:54:16.888039 [Simulation:Info:toast@toast-new:Simulation not generated] Magnitude 6.15 of event bmg2026nrqx is smaller than triggerMinMagnitude: no automatic simulation
2026/07/14 22:54:18.619347 [Incident:Info:toast@toast-new:Origin updated] Origin updated: OT: 2026-07-14 15:49:38,  Lat/Lon: 5.37282°/125.135°, Depth: 10
2026/07/14 22:54:18.619535 [Incident:Info:toast@toast-new:Magnitude updated] Magnitude updated: 6.14 (Mw(mB))
2026/07/14 22:54:18.619575 [Simulation:Info:toast@toast-new:Simulation not generated] Magnitude 6.14 of event bmg2026nrqx is smaller than triggerMinMagnitude: no automatic simulation
2026/07/14 22:54:22.020888 [Incident:Info:toast@toast-new:Origin updated] Origin updated: OT: 2026-07-14 15:49:38,  Lat/Lon: 5.37282°/125.135°, Depth: 10
2026/07/14 22:54:22.021073 [Incident:Info:toast@toast-new:Magnitude updated] Magnitude updated: 6.14 (Mw(mB))
2026/07/14 22:54:22.021110 [Simulation:Info:toast@toast-new:Simulation not generated] Magnitude 6.14 of event bmg2026nrqx is smaller than triggerMinMagnitude: no automatic simulation
2026/07/14 22:54:26.943113 [Incident:Info:toast@toast-new:Origin updated] Origin updated: OT: 2026-07-14 15:49:38,  Lat/Lon: 5.37282°/125.135°, Depth: 10
2026/07/14 22:54:26.943301 [Incident:Info:toast@toast-new:Magnitude updated] Magnitude updated: 6.14 (Mw(mB))
2026/07/14 22:54:26.943341 [Simulation:Info:toast@toast-new:Simulation not generated] Magnitude 6.14 of event bmg2026nrqx is smaller than triggerMinMagnitude: no automatic simulation
2026/07/14 22:54:32.314048 [Incident:Info:toast@toast-new:Origin updated] Origin updated: OT: 2026-07-14 15:49:38,  Lat/Lon: 5.37282°/125.135°, Depth: 10
2026/07/14 22:54:32.314223 [Incident:Info:toast@toast-new:Magnitude updated] Magnitude updated: 6.14 (Mw(mB))
2026/07/14 22:54:32.314262 [Simulation:Info:toast@toast-new:Simulation not generated] Magnitude 6.14 of event bmg2026nrqx is smaller than triggerMinMagnitude: no automatic simulation
2026/07/14 22:54:32.380108 [Incident:Info:toast@toast-new:Origin updated] Origin updated: OT: 2026-07-14 15:49:39,  Lat/Lon: 5.35805°/125.143°, Depth: 10
2026/07/14 22:54:32.380283 [Incident:Info:toast@toast-new:Magnitude updated] Magnitude updated: 6.15 (Mw(mB))
2026/07/14 22:54:32.380325 [Simulation:Info:toast@toast-new:Simulation not generated] Magnitude 6.15 of event bmg2026nrqx is smaller than triggerMinMagnitude: no automatic simulation
2026/07/14 22:54:32.399770 [Incident:Info:toast@toast-new:Origin updated] Origin updated: OT: 2026-07-14 15:49:39,  Lat/Lon: 5.35805°/125.143°, Depth: 10
2026/07/14 22:54:32.399878 [Simulation:Info:toast@toast-new:Simulation not generated] Magnitude 6.15 of event bmg2026nrqx is smaller than triggerMinMagnitude: no automatic simulation
2026/07/14 22:54:36.978734 [Incident:Info:toast@toast-new:Origin updated] Origin updated: OT: 2026-07-14 15:49:39,  Lat/Lon: 5.35805°/125.143°, Depth: 10
2026/07/14 22:54:36.978969 [Incident:Info:toast@toast-new:Magnitude updated] Magnitude updated: 6.16 (Mw(mB))
2026/07/14 22:54:36.979026 [Simulation:Info:toast@toast-new:Simulation not generated] Magnitude 6.16 of event bmg2026nrqx is smaller than triggerMinMagnitude: no automatic simulation
2026/07/14 22:54:42.146392 [Incident:Info:toast@toast-new:Origin updated] Origin updated: OT: 2026-07-14 15:49:39,  Lat/Lon: 5.35805°/125.143°, Depth: 10
2026/07/14 22:54:42.182754 [Incident:Info:toast@toast-new:Magnitude updated] Magnitude updated: 6.14 (Mw(mB))
2026/07/14 22:54:42.182881 [Simulation:Info:toast@toast-new:Simulation not generated] Magnitude 6.14 of event bmg2026nrqx is smaller than triggerMinMagnitude: no automatic simulation
2026/07/14 22:54:43.023146 [Incident:Info:toast@toast-new:Origin updated] Origin updated: OT: 2026-07-14 15:49:39,  Lat/Lon: 5.35805°/125.143°, Depth: 10
2026/07/14 22:54:43.023326 [Incident:Info:toast@toast-new:FM updated] FM updated
2026/07/14 22:54:43.023499 [Simulation:Info:toast@toast-new:Simulation not generated] Magnitude 6.14 of event bmg2026nrqx is smaller than triggerMinMagnitude: no automatic simulation
2026/07/14 22:54:46.979792 [Incident:Info:toast@toast-new:Origin updated] Origin updated: OT: 2026-07-14 15:49:39,  Lat/Lon: 5.35805°/125.143°, Depth: 10
2026/07/14 22:54:46.979942 [Incident:Info:toast@toast-new:Magnitude updated] Magnitude updated: 6.13 (Mw(mB))
2026/07/14 22:54:46.979974 [Simulation:Info:toast@toast-new:Simulation not generated] Magnitude 6.13 of event bmg2026nrqx is smaller than triggerMinMagnitude: no automatic simulation
2026/07/14 22:54:52.072464 [Incident:Info:toast@toast-new:Origin updated] Origin updated: OT: 2026-07-14 15:49:39,  Lat/Lon: 5.35805°/125.143°, Depth: 10
2026/07/14 22:54:52.072650 [Incident:Info:toast@toast-new:Magnitude updated] Magnitude updated: 6.13 (Mw(mB))
2026/07/14 22:54:52.072694 [Simulation:Info:toast@toast-new:Simulation not generated] Magnitude 6.13 of event bmg2026nrqx is smaller than triggerMinMagnitude: no automatic simulation
2026/07/14 22:54:56.294166 [Incident:Info:toast@toast-new:Origin updated] Origin updated: OT: 2026-07-14 15:49:39,  Lat/Lon: 5.35237°/125.172°, Depth: 10
2026/07/14 22:54:56.294327 [Incident:Info:toast@toast-new:Magnitude updated] Magnitude updated: 6.12 (Mw(mB))
2026/07/14 22:54:56.294361 [Simulation:Info:toast@toast-new:Simulation not generated] Magnitude 6.12 of event bmg2026nrqx is smaller than triggerMinMagnitude: no automatic simulation
2026/07/14 22:54:57.011989 [Incident:Info:toast@toast-new:Origin updated] Origin updated: OT: 2026-07-14 15:49:39,  Lat/Lon: 5.35237°/125.172°, Depth: 10
2026/07/14 22:54:57.012169 [Incident:Info:toast@toast-new:Magnitude updated] Magnitude updated: 6.12 (Mw(mB))
2026/07/14 22:54:57.012213 [Simulation:Info:toast@toast-new:Simulation not generated] Magnitude 6.12 of event bmg2026nrqx is smaller than triggerMinMagnitude: no automatic simulation
2026/07/14 22:55:02.162765 [Incident:Info:toast@toast-new:Origin updated] Origin updated: OT: 2026-07-14 15:49:39,  Lat/Lon: 5.35237°/125.172°, Depth: 10
2026/07/14 22:55:02.162949 [Incident:Info:toast@toast-new:Magnitude updated] Magnitude updated: 6.12 (Mw(mB))
2026/07/14 22:55:02.162989 [Simulation:Info:toast@toast-new:Simulation not generated] Magnitude 6.12 of event bmg2026nrqx is smaller than triggerMinMagnitude: no automatic simulation
2026/07/14 22:55:02.341672 [Incident:Info:toast@toast-new:Origin updated] Origin updated: OT: 2026-07-14 15:49:39,  Lat/Lon: 5.35237°/125.172°, Depth: 10
2026/07/14 22:55:02.341859 [Incident:Info:toast@toast-new:FM updated] FM updated
2026/07/14 22:55:02.342038 [Simulation:Info:toast@toast-new:Simulation not generated] Magnitude 6.12 of event bmg2026nrqx is smaller than triggerMinMagnitude: no automatic simulation
2026/07/14 22:55:07.102646 [Incident:Info:toast@toast-new:Origin updated] Origin updated: OT: 2026-07-14 15:49:39,  Lat/Lon: 5.35237°/125.172°, Depth: 10
2026/07/14 22:55:07.102843 [Incident:Info:toast@toast-new:Magnitude updated] Magnitude updated: 6.13 (Mw(mB))
2026/07/14 22:55:07.102877 [Simulation:Info:toast@toast-new:Simulation not generated] Magnitude 6.13 of event bmg2026nrqx is smaller than triggerMinMagnitude: no automatic simulation
2026/07/14 22:55:12.144762 [Incident:Info:toast@toast-new:Origin updated] Origin updated: OT: 2026-07-14 15:49:39,  Lat/Lon: 5.35237°/125.172°, Depth: 10
2026/07/14 22:55:12.144981 [Incident:Info:toast@toast-new:Magnitude updated] Magnitude updated: 6.11 (Mw(mB))
2026/07/14 22:55:12.145036 [Simulation:Info:toast@toast-new:Simulation not generated] Magnitude 6.11 of event bmg2026nrqx is smaller than triggerMinMagnitude: no automatic simulation
2026/07/14 22:55:12.389660 [Incident:Info:toast@toast-new:Origin updated] Origin updated: OT: 2026-07-14 15:49:39,  Lat/Lon: 5.35237°/125.172°, Depth: 10
2026/07/14 22:55:12.389819 [Incident:Info:toast@toast-new:FM updated] FM updated
2026/07/14 22:55:12.389988 [Simulation:Info:toast@toast-new:Simulation not generated] Magnitude 6.11 of event bmg2026nrqx is smaller than triggerMinMagnitude: no automatic simulation
2026/07/14 22:55:13.801214 [Incident:Info:toast@toast-new:Origin updated] Origin updated: OT: 2026-07-14 15:49:37,  Lat/Lon: 5.28233°/125.096°, Depth: 10
2026/07/14 22:55:13.801385 [Incident:Info:toast@toast-new:Magnitude updated] Magnitude updated: 6.29 (Mw(mB))
2026/07/14 22:55:13.801426 [Simulation:Info:toast@toast-new:Simulation not generated] Magnitude 6.29 of event bmg2026nrqx is smaller than triggerMinMagnitude: no automatic simulation
2026/07/14 22:55:23.776855 [Incident:Info:toast@toast-new:Origin updated] Origin updated: OT: 2026-07-14 15:49:37,  Lat/Lon: 5.28233°/125.096°, Depth: 10
2026/07/14 22:55:23.777037 [Incident:Info:toast@toast-new:FM updated] FM updated
2026/07/14 22:55:23.777215 [Simulation:Info:toast@toast-new:Simulation not generated] Magnitude 6.29 of event bmg2026nrqx is smaller than triggerMinMagnitude: no automatic simulation
2026/07/14 22:55:42.688199 [Incident:Info:toast@toast-new:Origin updated] Origin updated: OT: 2026-07-14 15:49:37,  Lat/Lon: 5.28233°/125.096°, Depth: 10
2026/07/14 22:55:42.688385 [Incident:Info:toast@toast-new:FM updated] FM updated
2026/07/14 22:55:42.688559 [Simulation:Info:toast@toast-new:Simulation not generated] Magnitude 6.29 of event bmg2026nrqx is smaller than triggerMinMagnitude: no automatic simulation
2026/07/14 22:55:51.469399 [Incident:Info:toast@toast-new:Origin updated] Origin updated: OT: 2026-07-14 15:49:39,  Lat/Lon: 5.27205°/125.183°, Depth: 10
2026/07/14 22:55:51.469567 [Incident:Info:toast@toast-new:Magnitude updated] Magnitude updated: 6.11 (Mw(mB))
2026/07/14 22:55:51.469601 [Simulation:Info:toast@toast-new:Simulation not generated] Magnitude 6.11 of event bmg2026nrqx is smaller than triggerMinMagnitude: no automatic simulation
2026/07/14 22:55:52.759080 [Incident:Info:toast@toast-new:Origin updated] Origin updated: OT: 2026-07-14 15:49:39,  Lat/Lon: 5.27205°/125.183°, Depth: 10
2026/07/14 22:55:52.759261 [Incident:Info:toast@toast-new:FM updated] FM updated
2026/07/14 22:55:52.759469 [Simulation:Info:toast@toast-new:Simulation not generated] Magnitude 6.11 of event bmg2026nrqx is smaller than triggerMinMagnitude: no automatic simulation
2026/07/14 22:56:02.832516 [Incident:Info:toast@toast-new:Origin updated] Origin updated: OT: 2026-07-14 15:49:39,  Lat/Lon: 5.27205°/125.183°, Depth: 10
2026/07/14 22:56:02.832698 [Incident:Info:toast@toast-new:FM updated] FM updated
2026/07/14 22:56:02.832878 [Simulation:Info:toast@toast-new:Simulation not generated] Magnitude 6.11 of event bmg2026nrqx is smaller than triggerMinMagnitude: no automatic simulation
2026/07/14 22:56:22.796170 [Incident:Info:toast@toast-new:Origin updated] Origin updated: OT: 2026-07-14 15:49:39,  Lat/Lon: 5.27205°/125.183°, Depth: 10
2026/07/14 22:56:22.796335 [Incident:Info:toast@toast-new:FM updated] FM updated
2026/07/14 22:56:22.796504 [Simulation:Info:toast@toast-new:Simulation not generated] Magnitude 6.11 of event bmg2026nrqx is smaller than triggerMinMagnitude: no automatic simulation
2026/07/14 22:56:32.869445 [Incident:Info:toast@toast-new:Origin updated] Origin updated: OT: 2026-07-14 15:49:39,  Lat/Lon: 5.27205°/125.183°, Depth: 10
2026/07/14 22:56:32.869625 [Incident:Info:toast@toast-new:FM updated] FM updated
2026/07/14 22:56:32.869794 [Simulation:Info:toast@toast-new:Simulation not generated] Magnitude 6.11 of event bmg2026nrqx is smaller than triggerMinMagnitude: no automatic simulation
2026/07/14 22:56:42.878555 [Incident:Info:toast@toast-new:Origin updated] Origin updated: OT: 2026-07-14 15:49:39,  Lat/Lon: 5.27205°/125.183°, Depth: 10
2026/07/14 22:56:42.878752 [Incident:Info:toast@toast-new:FM updated] FM updated
2026/07/14 22:56:42.878972 [Simulation:Info:toast@toast-new:Simulation not generated] Magnitude 6.11 of event bmg2026nrqx is smaller than triggerMinMagnitude: no automatic simulation
2026/07/14 22:56:52.952646 [Incident:Info:toast@toast-new:Origin updated] Origin updated: OT: 2026-07-14 15:49:39,  Lat/Lon: 5.27205°/125.183°, Depth: 10
2026/07/14 22:56:52.952858 [Incident:Info:toast@toast-new:FM updated] FM updated
2026/07/14 22:56:52.953052 [Simulation:Info:toast@toast-new:Simulation not generated] Magnitude 6.11 of event bmg2026nrqx is smaller than triggerMinMagnitude: no automatic simulation
2026/07/14 22:57:13.705367 [Incident:Info:toast@toast-new:Origin updated] Origin updated: OT: 2026-07-14 15:49:39,  Lat/Lon: 5.27205°/125.183°, Depth: 10
2026/07/14 22:57:13.705535 [Incident:Info:toast@toast-new:FM updated] FM updated
2026/07/14 22:57:13.705704 [Simulation:Info:toast@toast-new:Simulation not generated] Magnitude 6.11 of event bmg2026nrqx is smaller than triggerMinMagnitude: no automatic simulation
2026/07/14 22:57:23.484549 [Incident:Info:toast@toast-new:Origin updated] Origin updated: OT: 2026-07-14 15:49:39,  Lat/Lon: 5.27205°/125.183°, Depth: 10
2026/07/14 22:57:23.484719 [Incident:Info:toast@toast-new:FM updated] FM updated
2026/07/14 22:57:23.484894 [Simulation:Info:toast@toast-new:Simulation not generated] Magnitude 6.11 of event bmg2026nrqx is smaller than triggerMinMagnitude: no automatic simulation
2026/07/14 22:57:33.288618 [Incident:Info:toast@toast-new:Origin updated] Origin updated: OT: 2026-07-14 15:49:39,  Lat/Lon: 5.27205°/125.183°, Depth: 10
2026/07/14 22:57:33.288804 [Incident:Info:toast@toast-new:FM updated] FM updated
2026/07/14 22:57:33.288997 [Simulation:Info:toast@toast-new:Simulation not generated] Magnitude 6.11 of event bmg2026nrqx is smaller than triggerMinMagnitude: no automatic simulation
2026/07/14 22:57:43.323490 [Incident:Info:toast@toast-new:Origin updated] Origin updated: OT: 2026-07-14 15:49:39,  Lat/Lon: 5.27205°/125.183°, Depth: 10
2026/07/14 22:57:43.323665 [Incident:Info:toast@toast-new:FM updated] FM updated
2026/07/14 22:57:43.323842 [Simulation:Info:toast@toast-new:Simulation not generated] Magnitude 6.11 of event bmg2026nrqx is smaller than triggerMinMagnitude: no automatic simulation
2026/07/14 22:57:53.764022 [Incident:Info:toast@toast-new:Origin updated] Origin updated: OT: 2026-07-14 15:49:39,  Lat/Lon: 5.27205°/125.183°, Depth: 10
2026/07/14 22:57:53.764185 [Incident:Info:toast@toast-new:FM updated] FM updated
2026/07/14 22:57:53.764354 [Simulation:Info:toast@toast-new:Simulation not generated] Magnitude 6.11 of event bmg2026nrqx is smaller than triggerMinMagnitude: no automatic simulation
2026/07/14 22:58:03.896160 [Incident:Info:toast@toast-new:Origin updated] Origin updated: OT: 2026-07-14 15:49:39,  Lat/Lon: 5.27205°/125.183°, Depth: 10
2026/07/14 22:58:03.896341 [Incident:Info:toast@toast-new:FM updated] FM updated
2026/07/14 22:58:03.896513 [Simulation:Info:toast@toast-new:Simulation not generated] Magnitude 6.11 of event bmg2026nrqx is smaller than triggerMinMagnitude: no automatic simulation
2026/07/14 22:58:11.974545 [Incident:Info:toast@toast-new:Origin updated] Origin updated: OT: 2026-07-14 15:49:39,  Lat/Lon: 5.27205°/125.183°, Depth: 10
2026/07/14 22:58:11.974732 [Incident:Info:toast@toast-new:FM updated] FM updated
2026/07/14 22:58:11.974923 [Simulation:Info:toast@toast-new:Simulation not generated] Magnitude 6.11 of event bmg2026nrqx is smaller than triggerMinMagnitude: no automatic simulation
2026/07/14 23:00:24.190800 [Incident:Info:toast@toast-new:Origin updated] Origin updated: OT: 2026-07-14 15:49:39,  Lat/Lon: 5.27205°/125.183°, Depth: 10
2026/07/14 23:00:24.190966 [Incident:Info:toast@toast-new:FM updated] FM updated
2026/07/14 23:00:24.191158 [Simulation:Info:toast@toast-new:Simulation not generated] Magnitude 6.11 of event bmg2026nrqx is smaller than triggerMinMagnitude: no automatic simulation
2026/07/14 23:00:33.556991 [Incident:Info:toast@toast-new:Origin updated] Origin updated: OT: 2026-07-14 15:49:39,  Lat/Lon: 5.27205°/125.183°, Depth: 10
2026/07/14 23:00:33.557172 [Simulation:Info:toast@toast-new:Simulation not generated] Magnitude 6.11 of event bmg2026nrqx is smaller than triggerMinMagnitude: no automatic simulation
2026/07/14 23:00:33.572909 [Incident:Info:toast@toast-new:Origin updated] Origin updated: OT: 2026-07-14 15:49:39,  Lat/Lon: 5.27205°/125.183°, Depth: 10
2026/07/14 23:00:33.573037 [Incident:Info:toast@toast-new:Magnitude updated] Magnitude updated: 6.19 (Mw)
2026/07/14 23:00:33.573068 [Simulation:Info:toast@toast-new:Simulation not generated] Magnitude 6.19 of event bmg2026nrqx is smaller than triggerMinMagnitude: no automatic simulation
2026/07/14 23:00:43.861736 [Incident:Info:toast@toast-new:Origin updated] Origin updated: OT: 2026-07-14 15:49:42,  Lat/Lon: 5.26241°/125.184°, Depth: 35
2026/07/14 23:00:43.861922 [Simulation:Info:toast@toast-new:Simulation not generated] Magnitude 6.19 of event bmg2026nrqx is smaller than triggerMinMagnitude: no automatic simulation
2026/07/15 05:55:03.492802 [Incident:Info:toast@toast-new:Origin updated] Origin updated: OT: 2026-07-14 15:49:42,  Lat/Lon: 5.26241°/125.184°, Depth: 35
2026/07/15 05:55:03.493012 [Incident:Info:toast@toast-new:Magnitude updated] Magnitude updated: 6.12 (Mw(mB))
2026/07/15 05:55:03.493049 [Simulation:Info:toast@toast-new:Simulation not generated] Magnitude 6.12 of event bmg2026nrqx is smaller than triggerMinMagnitude: no automatic simulation
2026/07/15 05:55:09.827325 [Incident:Info:toast@toast-new:Origin updated] Origin updated: OT: 2026-07-14 15:49:42,  Lat/Lon: 5.26241°/125.184°, Depth: 35
2026/07/15 05:55:09.827509 [Simulation:Info:toast@toast-new:Simulation not generated] Magnitude 6.12 of event bmg2026nrqx is smaller than triggerMinMagnitude: no automatic simulation
2026/07/15 06:37:18.264791 [Incident:Info:toast@toast-new:Origin updated] Origin updated: OT: 2026-07-14 15:49:40,  Lat/Lon: 5.39556°/125.197°, Depth: 36.1968
2026/07/15 06:37:18.264981 [Incident:Info:toast@toast-new:Magnitude updated] Magnitude updated: 6.08 (Mw(mB))
2026/07/15 06:37:18.265033 [Simulation:Info:toast@toast-new:Simulation not generated] Magnitude 6.08 of event bmg2026nrqx is smaller than triggerMinMagnitude: no automatic simulation
2026/07/15 06:37:19.216907 [Incident:Info:toast@toast-new:Origin updated] Origin updated: OT: 2026-07-14 15:49:40,  Lat/Lon: 5.39556°/125.197°, Depth: 36.1968
2026/07/15 06:37:19.217090 [Simulation:Info:toast@toast-new:Simulation not generated] Magnitude 6.08 of event bmg2026nrqx is smaller than triggerMinMagnitude: no automatic simulation
2026/07/15 06:48:01.732895 [Incident:Info:toast@toast-new:Origin updated] Origin updated: OT: 2026-07-14 15:49:40,  Lat/Lon: 5.41915°/125.205°, Depth: 34.0706
2026/07/15 06:48:01.733069 [Incident:Info:toast@toast-new:Magnitude updated] Magnitude updated: 6.08 (Mw(mB))
2026/07/15 06:48:01.733108 [Simulation:Info:toast@toast-new:Simulation not generated] Magnitude 6.08 of event bmg2026nrqx is smaller than triggerMinMagnitude: no automatic simulation
