2026/07/24 19:16:55.724858 [Incident:Info:toast@toast-new:Displacement(s) updated] Added 0 and changed 0 displacements with 0 amplitudes
2026/07/24 19:16:55.726544 [Incident:Info:toast@toast-new:Incident created] Incident created based on event received from messaging: OT: 2026-07-24 12:14:29,  Lat/Lon: -2.37°/139.01°, Depth: 10.00, Mag: 5.46 (M)
2026/07/24 19:16:55.727186 [Simulation:Info:toast@toast-new:Simulation not generated] Magnitude 5.46 of event bmg2026ojqw is smaller than triggerMinMagnitude: no automatic simulation
2026/07/24 19:16:55.748261 [Incident:Info:toast@toast-new:Origin updated] Origin updated: OT: 2026-07-24 12:14:29,  Lat/Lon: -2.3723°/139.011°, Depth: 10
2026/07/24 19:16:55.748410 [Simulation:Info:toast@toast-new:Simulation not generated] Magnitude 5.46 of event bmg2026ojqw is smaller than triggerMinMagnitude: no automatic simulation
2026/07/24 19:17:01.038646 [Incident:Info:toast@toast-new:Origin updated] Origin updated: OT: 2026-07-24 12:14:29,  Lat/Lon: -2.3723°/139.011°, Depth: 10
2026/07/24 19:17:01.038814 [Incident:Info:toast@toast-new:Magnitude updated] Magnitude updated: 5.46 (M)
2026/07/24 19:17:01.038856 [Simulation:Info:toast@toast-new:Simulation not generated] Magnitude 5.46 of event bmg2026ojqw is smaller than triggerMinMagnitude: no automatic simulation
2026/07/24 19:17:05.620161 [Incident:Info:toast@toast-new:Origin updated] Origin updated: OT: 2026-07-24 12:14:29,  Lat/Lon: -2.37908°/139.017°, Depth: 10
2026/07/24 19:17:05.620355 [Incident:Info:toast@toast-new:Magnitude updated] Magnitude updated: 5.44 (M)
2026/07/24 19:17:05.620416 [Simulation:Info:toast@toast-new:Simulation not generated] Magnitude 5.44 of event bmg2026ojqw is smaller than triggerMinMagnitude: no automatic simulation
2026/07/24 19:17:06.046190 [Incident:Info:toast@toast-new:Origin updated] Origin updated: OT: 2026-07-24 12:14:29,  Lat/Lon: -2.37908°/139.017°, Depth: 10
2026/07/24 19:17:06.046376 [Incident:Info:toast@toast-new:Magnitude updated] Magnitude updated: 5.43 (M)
2026/07/24 19:17:06.046419 [Simulation:Info:toast@toast-new:Simulation not generated] Magnitude 5.43 of event bmg2026ojqw is smaller than triggerMinMagnitude: no automatic simulation
2026/07/24 19:17:11.174099 [Incident:Info:toast@toast-new:Origin updated] Origin updated: OT: 2026-07-24 12:14:29,  Lat/Lon: -2.37908°/139.017°, Depth: 10
2026/07/24 19:17:11.174328 [Incident:Info:toast@toast-new:Magnitude updated] Magnitude updated: 5.44 (M)
2026/07/24 19:17:11.174380 [Simulation:Info:toast@toast-new:Simulation not generated] Magnitude 5.44 of event bmg2026ojqw is smaller than triggerMinMagnitude: no automatic simulation
2026/07/24 19:17:15.678702 [Incident:Info:toast@toast-new:Origin updated] Origin updated: OT: 2026-07-24 12:14:29,  Lat/Lon: -2.37908°/139.017°, Depth: 10
2026/07/24 19:17:15.678895 [Incident:Info:toast@toast-new:Magnitude updated] Magnitude updated: 5.42 (M)
2026/07/24 19:17:15.678945 [Simulation:Info:toast@toast-new:Simulation not generated] Magnitude 5.42 of event bmg2026ojqw is smaller than triggerMinMagnitude: no automatic simulation
2026/07/24 19:17:15.720824 [Incident:Info:toast@toast-new:Origin updated] Origin updated: OT: 2026-07-24 12:14:29,  Lat/Lon: -2.39274°/139.025°, Depth: 10
2026/07/24 19:17:15.720968 [Incident:Info:toast@toast-new:Magnitude updated] Magnitude updated: 5.39 (M)
2026/07/24 19:17:15.721003 [Simulation:Info:toast@toast-new:Simulation not generated] Magnitude 5.39 of event bmg2026ojqw is smaller than triggerMinMagnitude: no automatic simulation
2026/07/24 19:17:21.178154 [Incident:Info:toast@toast-new:Origin updated] Origin updated: OT: 2026-07-24 12:14:29,  Lat/Lon: -2.39274°/139.025°, Depth: 10
2026/07/24 19:17:21.178385 [Incident:Info:toast@toast-new:Magnitude updated] Magnitude updated: 5.43 (M)
2026/07/24 19:17:21.178429 [Simulation:Info:toast@toast-new:Simulation not generated] Magnitude 5.43 of event bmg2026ojqw is smaller than triggerMinMagnitude: no automatic simulation
2026/07/24 19:17:25.713245 [Incident:Info:toast@toast-new:Origin updated] Origin updated: OT: 2026-07-24 12:14:29,  Lat/Lon: -2.39442°/139.027°, Depth: 10
2026/07/24 19:17:25.713461 [Incident:Info:toast@toast-new:Magnitude updated] Magnitude updated: 5.39 (M)
2026/07/24 19:17:25.713503 [Simulation:Info:toast@toast-new:Simulation not generated] Magnitude 5.39 of event bmg2026ojqw is smaller than triggerMinMagnitude: no automatic simulation
2026/07/24 19:17:26.092811 [Incident:Info:toast@toast-new:Origin updated] Origin updated: OT: 2026-07-24 12:14:29,  Lat/Lon: -2.39442°/139.027°, Depth: 10
2026/07/24 19:17:26.093019 [Incident:Info:toast@toast-new:Magnitude updated] Magnitude updated: 5.39 (M)
2026/07/24 19:17:26.093071 [Simulation:Info:toast@toast-new:Simulation not generated] Magnitude 5.39 of event bmg2026ojqw is smaller than triggerMinMagnitude: no automatic simulation
2026/07/24 19:17:31.243929 [Incident:Info:toast@toast-new:Origin updated] Origin updated: OT: 2026-07-24 12:14:29,  Lat/Lon: -2.39442°/139.027°, Depth: 10
2026/07/24 19:17:31.244117 [Incident:Info:toast@toast-new:Magnitude updated] Magnitude updated: 5.37 (M)
2026/07/24 19:17:31.244159 [Simulation:Info:toast@toast-new:Simulation not generated] Magnitude 5.37 of event bmg2026ojqw is smaller than triggerMinMagnitude: no automatic simulation
2026/07/24 19:17:36.169304 [Incident:Info:toast@toast-new:Origin updated] Origin updated: OT: 2026-07-24 12:14:29,  Lat/Lon: -2.39442°/139.027°, Depth: 10
2026/07/24 19:17:36.169484 [Incident:Info:toast@toast-new:Magnitude updated] Magnitude updated: 5.38 (M)
2026/07/24 19:17:36.169527 [Simulation:Info:toast@toast-new:Simulation not generated] Magnitude 5.38 of event bmg2026ojqw is smaller than triggerMinMagnitude: no automatic simulation
2026/07/24 19:17:40.636284 [Incident:Info:toast@toast-new:Origin updated] Origin updated: OT: 2026-07-24 12:14:29,  Lat/Lon: -2.39404°/139.031°, Depth: 10
2026/07/24 19:17:40.636459 [Incident:Info:toast@toast-new:Magnitude updated] Magnitude updated: 5.42 (M)
2026/07/24 19:17:40.636492 [Simulation:Info:toast@toast-new:Simulation not generated] Magnitude 5.42 of event bmg2026ojqw is smaller than triggerMinMagnitude: no automatic simulation
2026/07/24 19:17:46.029460 [Incident:Info:toast@toast-new:Origin updated] Origin updated: OT: 2026-07-24 12:14:29,  Lat/Lon: -2.39404°/139.031°, Depth: 10
2026/07/24 19:17:46.029670 [Incident:Info:toast@toast-new:Magnitude updated] Magnitude updated: 5.41 (M)
2026/07/24 19:17:46.029723 [Simulation:Info:toast@toast-new:Simulation not generated] Magnitude 5.41 of event bmg2026ojqw is smaller than triggerMinMagnitude: no automatic simulation
2026/07/24 19:17:51.093800 [Incident:Info:toast@toast-new:Origin updated] Origin updated: OT: 2026-07-24 12:14:29,  Lat/Lon: -2.39404°/139.031°, Depth: 10
2026/07/24 19:17:51.093993 [Incident:Info:toast@toast-new:Magnitude updated] Magnitude updated: 5.39 (M)
2026/07/24 19:17:51.094042 [Simulation:Info:toast@toast-new:Simulation not generated] Magnitude 5.39 of event bmg2026ojqw is smaller than triggerMinMagnitude: no automatic simulation
2026/07/24 19:17:55.661788 [Incident:Info:toast@toast-new:Origin updated] Origin updated: OT: 2026-07-24 12:14:29,  Lat/Lon: -2.40918°/139.036°, Depth: 10
2026/07/24 19:17:55.661950 [Incident:Info:toast@toast-new:Magnitude updated] Magnitude updated: 5.39 (M)
2026/07/24 19:17:55.661979 [Simulation:Info:toast@toast-new:Simulation not generated] Magnitude 5.39 of event bmg2026ojqw is smaller than triggerMinMagnitude: no automatic simulation
2026/07/24 19:18:01.235038 [Incident:Info:toast@toast-new:Origin updated] Origin updated: OT: 2026-07-24 12:14:29,  Lat/Lon: -2.40918°/139.036°, Depth: 10
2026/07/24 19:18:01.235221 [Incident:Info:toast@toast-new:Magnitude updated] Magnitude updated: 5.39 (M)
2026/07/24 19:18:01.235262 [Simulation:Info:toast@toast-new:Simulation not generated] Magnitude 5.39 of event bmg2026ojqw is smaller than triggerMinMagnitude: no automatic simulation
2026/07/24 19:18:06.113865 [Incident:Info:toast@toast-new:Origin updated] Origin updated: OT: 2026-07-24 12:14:29,  Lat/Lon: -2.40918°/139.036°, Depth: 10
2026/07/24 19:18:06.114044 [Incident:Info:toast@toast-new:Magnitude updated] Magnitude updated: 5.41 (M)
2026/07/24 19:18:06.114103 [Simulation:Info:toast@toast-new:Simulation not generated] Magnitude 5.41 of event bmg2026ojqw is smaller than triggerMinMagnitude: no automatic simulation
2026/07/24 19:18:09.016215 [Incident:Info:toast@toast-new:Origin updated] Origin updated: OT: 2026-07-24 12:14:30,  Lat/Lon: -2.44469°/139.039°, Depth: 10
2026/07/24 19:18:09.016448 [Incident:Info:toast@toast-new:Magnitude updated] Magnitude updated: 5.41 (M)
2026/07/24 19:18:09.016490 [Simulation:Info:toast@toast-new:Simulation not generated] Magnitude 5.41 of event bmg2026ojqw is smaller than triggerMinMagnitude: no automatic simulation
2026/07/24 19:18:11.195479 [Incident:Info:toast@toast-new:Origin updated] Origin updated: OT: 2026-07-24 12:14:30,  Lat/Lon: -2.44469°/139.039°, Depth: 10
2026/07/24 19:18:11.195647 [Incident:Info:toast@toast-new:Magnitude updated] Magnitude updated: 5.40 (M)
2026/07/24 19:18:11.195678 [Simulation:Info:toast@toast-new:Simulation not generated] Magnitude 5.40 of event bmg2026ojqw is smaller than triggerMinMagnitude: no automatic simulation
2026/07/24 19:18:16.230515 [Incident:Info:toast@toast-new:Origin updated] Origin updated: OT: 2026-07-24 12:14:30,  Lat/Lon: -2.44469°/139.039°, Depth: 10
2026/07/24 19:18:16.230698 [Incident:Info:toast@toast-new:Magnitude updated] Magnitude updated: 5.40 (M)
2026/07/24 19:18:16.230739 [Simulation:Info:toast@toast-new:Simulation not generated] Magnitude 5.40 of event bmg2026ojqw is smaller than triggerMinMagnitude: no automatic simulation
2026/07/24 19:18:21.240726 [Incident:Info:toast@toast-new:Origin updated] Origin updated: OT: 2026-07-24 12:14:30,  Lat/Lon: -2.44469°/139.039°, Depth: 10
2026/07/24 19:18:21.240937 [Incident:Info:toast@toast-new:Magnitude updated] Magnitude updated: 5.38 (M)
2026/07/24 19:18:21.240991 [Simulation:Info:toast@toast-new:Simulation not generated] Magnitude 5.38 of event bmg2026ojqw is smaller than triggerMinMagnitude: no automatic simulation
2026/07/24 19:18:26.246402 [Incident:Info:toast@toast-new:Origin updated] Origin updated: OT: 2026-07-24 12:14:30,  Lat/Lon: -2.44469°/139.039°, Depth: 10
2026/07/24 19:18:26.282705 [Incident:Info:toast@toast-new:Magnitude updated] Magnitude updated: 5.38 (M)
2026/07/24 19:18:26.282792 [Simulation:Info:toast@toast-new:Simulation not generated] Magnitude 5.38 of event bmg2026ojqw is smaller than triggerMinMagnitude: no automatic simulation
2026/07/24 19:18:31.033338 [Incident:Info:toast@toast-new:Origin updated] Origin updated: OT: 2026-07-24 12:14:30,  Lat/Lon: -2.44469°/139.039°, Depth: 10
2026/07/24 19:18:31.033531 [Incident:Info:toast@toast-new:Magnitude updated] Magnitude updated: 5.37 (M)
2026/07/24 19:18:31.033583 [Simulation:Info:toast@toast-new:Simulation not generated] Magnitude 5.37 of event bmg2026ojqw is smaller than triggerMinMagnitude: no automatic simulation
2026/07/24 19:18:32.827859 [Incident:Info:toast@toast-new:Origin updated] Origin updated: OT: 2026-07-24 12:14:30,  Lat/Lon: -2.44469°/139.039°, Depth: 10
2026/07/24 19:18:32.828018 [Incident:Info:toast@toast-new:Magnitude updated] Magnitude updated: 5.36 (M)
2026/07/24 19:18:32.828049 [Simulation:Info:toast@toast-new:Simulation not generated] Magnitude 5.36 of event bmg2026ojqw is smaller than triggerMinMagnitude: no automatic simulation
2026/07/24 19:18:32.847943 [Incident:Info:toast@toast-new:Origin updated] Origin updated: OT: 2026-07-24 12:14:30,  Lat/Lon: -2.44472°/139.04°, Depth: 10
2026/07/24 19:18:32.848038 [Incident:Info:toast@toast-new:Magnitude updated] Magnitude updated: 5.36 (M)
2026/07/24 19:18:32.848060 [Simulation:Info:toast@toast-new:Simulation not generated] Magnitude 5.36 of event bmg2026ojqw is smaller than triggerMinMagnitude: no automatic simulation
2026/07/24 19:18:36.084001 [Incident:Info:toast@toast-new:Origin updated] Origin updated: OT: 2026-07-24 12:14:30,  Lat/Lon: -2.44472°/139.04°, Depth: 10
2026/07/24 19:18:36.084167 [Incident:Info:toast@toast-new:Magnitude updated] Magnitude updated: 5.36 (M)
2026/07/24 19:18:36.084208 [Simulation:Info:toast@toast-new:Simulation not generated] Magnitude 5.36 of event bmg2026ojqw is smaller than triggerMinMagnitude: no automatic simulation
2026/07/24 19:18:41.046948 [Incident:Info:toast@toast-new:Origin updated] Origin updated: OT: 2026-07-24 12:14:30,  Lat/Lon: -2.44472°/139.04°, Depth: 10
2026/07/24 19:18:41.047137 [Incident:Info:toast@toast-new:Magnitude updated] Magnitude updated: 5.37 (M)
2026/07/24 19:18:41.047183 [Simulation:Info:toast@toast-new:Simulation not generated] Magnitude 5.37 of event bmg2026ojqw is smaller than triggerMinMagnitude: no automatic simulation
2026/07/24 19:18:50.677112 [Incident:Info:toast@toast-new:Origin updated] Origin updated: OT: 2026-07-24 12:14:30,  Lat/Lon: -2.4438°/139.036°, Depth: 10
2026/07/24 19:18:50.677310 [Incident:Info:toast@toast-new:Magnitude updated] Magnitude updated: 5.36 (M)
2026/07/24 19:18:50.677353 [Simulation:Info:toast@toast-new:Simulation not generated] Magnitude 5.36 of event bmg2026ojqw is smaller than triggerMinMagnitude: no automatic simulation
2026/07/24 19:19:01.064792 [Incident:Info:toast@toast-new:Origin updated] Origin updated: OT: 2026-07-24 12:14:30,  Lat/Lon: -2.4438°/139.036°, Depth: 10
2026/07/24 19:19:01.064988 [Incident:Info:toast@toast-new:Magnitude updated] Magnitude updated: 5.35 (M)
2026/07/24 19:19:01.065047 [Simulation:Info:toast@toast-new:Simulation not generated] Magnitude 5.35 of event bmg2026ojqw is smaller than triggerMinMagnitude: no automatic simulation
2026/07/24 19:19:06.046369 [Incident:Info:toast@toast-new:Origin updated] Origin updated: OT: 2026-07-24 12:14:30,  Lat/Lon: -2.4438°/139.036°, Depth: 10
2026/07/24 19:19:06.046533 [Incident:Info:toast@toast-new:Magnitude updated] Magnitude updated: 5.34 (M)
2026/07/24 19:19:06.046570 [Simulation:Info:toast@toast-new:Simulation not generated] Magnitude 5.34 of event bmg2026ojqw is smaller than triggerMinMagnitude: no automatic simulation
2026/07/24 19:19:09.239242 [Incident:Info:toast@toast-new:Origin updated] Origin updated: OT: 2026-07-24 12:14:30,  Lat/Lon: -2.45307°/139.031°, Depth: 10
2026/07/24 19:19:09.239427 [Incident:Info:toast@toast-new:Magnitude updated] Magnitude updated: 5.35 (M)
2026/07/24 19:19:09.239466 [Simulation:Info:toast@toast-new:Simulation not generated] Magnitude 5.35 of event bmg2026ojqw is smaller than triggerMinMagnitude: no automatic simulation
2026/07/24 19:19:11.063669 [Incident:Info:toast@toast-new:Origin updated] Origin updated: OT: 2026-07-24 12:14:30,  Lat/Lon: -2.45307°/139.031°, Depth: 10
2026/07/24 19:19:11.063852 [Incident:Info:toast@toast-new:Magnitude updated] Magnitude updated: 5.34 (M)
2026/07/24 19:19:11.063896 [Simulation:Info:toast@toast-new:Simulation not generated] Magnitude 5.34 of event bmg2026ojqw is smaller than triggerMinMagnitude: no automatic simulation
2026/07/24 19:19:16.071749 [Incident:Info:toast@toast-new:Origin updated] Origin updated: OT: 2026-07-24 12:14:30,  Lat/Lon: -2.45307°/139.031°, Depth: 10
2026/07/24 19:19:16.071921 [Incident:Info:toast@toast-new:Magnitude updated] Magnitude updated: 5.34 (M)
2026/07/24 19:19:16.071956 [Simulation:Info:toast@toast-new:Simulation not generated] Magnitude 5.34 of event bmg2026ojqw is smaller than triggerMinMagnitude: no automatic simulation
2026/07/24 19:19:26.031316 [Incident:Info:toast@toast-new:Origin updated] Origin updated: OT: 2026-07-24 12:14:30,  Lat/Lon: -2.45307°/139.031°, Depth: 10
2026/07/24 19:19:26.031488 [Incident:Info:toast@toast-new:Magnitude updated] Magnitude updated: 5.33 (M)
2026/07/24 19:19:26.031533 [Simulation:Info:toast@toast-new:Simulation not generated] Magnitude 5.33 of event bmg2026ojqw is smaller than triggerMinMagnitude: no automatic simulation
2026/07/24 19:19:29.078642 [Incident:Info:toast@toast-new:Origin updated] Origin updated: OT: 2026-07-24 12:14:30,  Lat/Lon: -2.45307°/139.031°, Depth: 10
2026/07/24 19:19:29.078843 [Incident:Info:toast@toast-new:Magnitude updated] Magnitude updated: 5.33 (M)
2026/07/24 19:19:29.078895 [Simulation:Info:toast@toast-new:Simulation not generated] Magnitude 5.33 of event bmg2026ojqw is smaller than triggerMinMagnitude: no automatic simulation
2026/07/24 19:19:29.104547 [Incident:Info:toast@toast-new:Origin updated] Origin updated: OT: 2026-07-24 12:14:30,  Lat/Lon: -2.50677°/138.989°, Depth: 10
2026/07/24 19:19:29.104694 [Incident:Info:toast@toast-new:Magnitude updated] Magnitude updated: 5.33 (M)
2026/07/24 19:19:29.104730 [Simulation:Info:toast@toast-new:Simulation not generated] Magnitude 5.33 of event bmg2026ojqw is smaller than triggerMinMagnitude: no automatic simulation
2026/07/24 19:19:31.056054 [Incident:Info:toast@toast-new:Origin updated] Origin updated: OT: 2026-07-24 12:14:30,  Lat/Lon: -2.50677°/138.989°, Depth: 10
2026/07/24 19:19:31.056223 [Incident:Info:toast@toast-new:Magnitude updated] Magnitude updated: 5.34 (M)
2026/07/24 19:19:31.056264 [Simulation:Info:toast@toast-new:Simulation not generated] Magnitude 5.34 of event bmg2026ojqw is smaller than triggerMinMagnitude: no automatic simulation
2026/07/24 19:19:33.896714 [Incident:Info:toast@toast-new:Origin updated] Origin updated: OT: 2026-07-24 12:14:29,  Lat/Lon: -2.40036°/138.958°, Depth: 16.2747
2026/07/24 19:19:33.896915 [Incident:Info:toast@toast-new:Magnitude updated] Magnitude updated: 5.51 (MLv)
2026/07/24 19:19:33.896965 [Simulation:Info:toast@toast-new:Simulation not generated] Magnitude 5.51 of event bmg2026ojqw is smaller than triggerMinMagnitude: no automatic simulation
2026/07/24 19:19:33.964410 [Incident:Info:toast@toast-new:Origin updated] Origin updated: OT: 2026-07-24 12:14:29,  Lat/Lon: -2.40036°/138.958°, Depth: 16.2747
2026/07/24 19:19:33.964576 [Incident:Info:toast@toast-new:Magnitude updated] Magnitude updated: 5.37 (M)
2026/07/24 19:19:33.964642 [Simulation:Info:toast@toast-new:Simulation not generated] Magnitude 5.37 of event bmg2026ojqw is smaller than triggerMinMagnitude: no automatic simulation
2026/07/24 19:19:38.254324 [Incident:Info:toast@toast-new:Origin updated] Origin updated: OT: 2026-07-24 12:14:29,  Lat/Lon: -2.40036°/138.958°, Depth: 16.2747
2026/07/24 19:19:38.254506 [Incident:Info:toast@toast-new:FM updated] FM updated
2026/07/24 19:19:38.254764 [Simulation:Info:toast@toast-new:Simulation not generated] Magnitude 5.37 of event bmg2026ojqw is smaller than triggerMinMagnitude: no automatic simulation
2026/07/24 19:19:46.788795 [Incident:Info:toast@toast-new:Origin updated] Origin updated: OT: 2026-07-24 12:14:29,  Lat/Lon: -2.40036°/138.958°, Depth: 16.2747
2026/07/24 19:19:46.788953 [Incident:Info:toast@toast-new:FM updated] FM updated
2026/07/24 19:19:46.789201 [Simulation:Info:toast@toast-new:Simulation not generated] Magnitude 5.37 of event bmg2026ojqw is smaller than triggerMinMagnitude: no automatic simulation
2026/07/24 19:20:06.813527 [Incident:Info:toast@toast-new:Origin updated] Origin updated: OT: 2026-07-24 12:14:29,  Lat/Lon: -2.40036°/138.958°, Depth: 16.2747
2026/07/24 19:20:06.813685 [Incident:Info:toast@toast-new:FM updated] FM updated
2026/07/24 19:20:06.813912 [Simulation:Info:toast@toast-new:Simulation not generated] Magnitude 5.37 of event bmg2026ojqw is smaller than triggerMinMagnitude: no automatic simulation
2026/07/24 19:20:17.063938 [Incident:Info:toast@toast-new:Origin updated] Origin updated: OT: 2026-07-24 12:14:29,  Lat/Lon: -2.40036°/138.958°, Depth: 16.2747
2026/07/24 19:20:17.064122 [Incident:Info:toast@toast-new:FM updated] FM updated
2026/07/24 19:20:17.064385 [Simulation:Info:toast@toast-new:Simulation not generated] Magnitude 5.37 of event bmg2026ojqw is smaller than triggerMinMagnitude: no automatic simulation
2026/07/24 19:20:56.906726 [Incident:Info:toast@toast-new:Origin updated] Origin updated: OT: 2026-07-24 12:14:29,  Lat/Lon: -2.40036°/138.958°, Depth: 16.2747
2026/07/24 19:20:56.906921 [Simulation:Info:toast@toast-new:Simulation not generated] Magnitude 5.37 of event bmg2026ojqw is smaller than triggerMinMagnitude: no automatic simulation
2026/07/24 19:21:17.119221 [Incident:Info:toast@toast-new:Origin updated] Origin updated: OT: 2026-07-24 12:14:29,  Lat/Lon: -2.40036°/138.958°, Depth: 16.2747
2026/07/24 19:21:17.119413 [Incident:Info:toast@toast-new:FM updated] FM updated
2026/07/24 19:21:17.119742 [Simulation:Info:toast@toast-new:Simulation not generated] Magnitude 5.37 of event bmg2026ojqw is smaller than triggerMinMagnitude: no automatic simulation
2026/07/24 19:21:26.909569 [Incident:Info:toast@toast-new:Origin updated] Origin updated: OT: 2026-07-24 12:14:29,  Lat/Lon: -2.40036°/138.958°, Depth: 16.2747
2026/07/24 19:21:26.909739 [Simulation:Info:toast@toast-new:Simulation not generated] Magnitude 5.37 of event bmg2026ojqw is smaller than triggerMinMagnitude: no automatic simulation
2026/07/24 19:21:36.979830 [Incident:Info:toast@toast-new:Origin updated] Origin updated: OT: 2026-07-24 12:14:29,  Lat/Lon: -2.40036°/138.958°, Depth: 16.2747
2026/07/24 19:21:36.980031 [Incident:Info:toast@toast-new:FM updated] FM updated
2026/07/24 19:21:36.980296 [Simulation:Info:toast@toast-new:Simulation not generated] Magnitude 5.37 of event bmg2026ojqw is smaller than triggerMinMagnitude: no automatic simulation
2026/07/24 19:21:57.042895 [Incident:Info:toast@toast-new:Origin updated] Origin updated: OT: 2026-07-24 12:14:29,  Lat/Lon: -2.40036°/138.958°, Depth: 16.2747
2026/07/24 19:21:57.043062 [Incident:Info:toast@toast-new:FM updated] FM updated
2026/07/24 19:21:57.043298 [Simulation:Info:toast@toast-new:Simulation not generated] Magnitude 5.37 of event bmg2026ojqw is smaller than triggerMinMagnitude: no automatic simulation
2026/07/24 19:22:31.128271 [Incident:Info:toast@toast-new:Origin updated] Origin updated: OT: 2026-07-24 12:14:29,  Lat/Lon: -2.52147°/138.957°, Depth: 10
2026/07/24 19:22:31.128465 [Incident:Info:toast@toast-new:Magnitude updated] Magnitude updated: 5.09 (Mw(mB))
2026/07/24 19:22:31.128510 [Simulation:Info:toast@toast-new:Simulation not generated] Magnitude 5.09 of event bmg2026ojqw is smaller than triggerMinMagnitude: no automatic simulation
2026/07/24 19:24:36.303257 [Incident:Info:toast@toast-new:Origin updated] Origin updated: OT: 2026-07-24 12:14:29,  Lat/Lon: -2.52147°/138.957°, Depth: 10
2026/07/24 19:24:36.303451 [Incident:Info:toast@toast-new:FM updated] FM updated
2026/07/24 19:24:36.303711 [Simulation:Info:toast@toast-new:Simulation not generated] Magnitude 5.09 of event bmg2026ojqw is smaller than triggerMinMagnitude: no automatic simulation
2026/07/24 19:24:38.146374 [Incident:Info:toast@toast-new:Origin updated] Origin updated: OT: 2026-07-24 12:14:29,  Lat/Lon: -2.52147°/138.957°, Depth: 10
2026/07/24 19:24:38.146566 [Simulation:Info:toast@toast-new:Simulation not generated] Magnitude 5.09 of event bmg2026ojqw is smaller than triggerMinMagnitude: no automatic simulation
2026/07/24 19:24:48.432069 [Incident:Info:toast@toast-new:Origin updated] Origin updated: OT: 2026-07-24 12:14:29,  Lat/Lon: -2.52147°/138.957°, Depth: 10
2026/07/24 19:24:48.432259 [Simulation:Info:toast@toast-new:Simulation not generated] Magnitude 5.09 of event bmg2026ojqw is smaller than triggerMinMagnitude: no automatic simulation
2026/07/24 19:24:57.996240 [Incident:Info:toast@toast-new:Origin updated] Origin updated: OT: 2026-07-24 12:14:29,  Lat/Lon: -2.52147°/138.957°, Depth: 10
2026/07/24 19:24:57.996439 [Simulation:Info:toast@toast-new:Simulation not generated] Magnitude 5.09 of event bmg2026ojqw is smaller than triggerMinMagnitude: no automatic simulation
2026/07/24 19:25:08.557197 [Incident:Info:toast@toast-new:Origin updated] Origin updated: OT: 2026-07-24 12:14:29,  Lat/Lon: -2.52147°/138.957°, Depth: 10
2026/07/24 19:25:08.557381 [Simulation:Info:toast@toast-new:Simulation not generated] Magnitude 5.09 of event bmg2026ojqw is smaller than triggerMinMagnitude: no automatic simulation
2026/07/24 19:25:18.487507 [Incident:Info:toast@toast-new:Origin updated] Origin updated: OT: 2026-07-24 12:14:29,  Lat/Lon: -2.52147°/138.957°, Depth: 10
2026/07/24 19:25:18.487714 [Simulation:Info:toast@toast-new:Simulation not generated] Magnitude 5.09 of event bmg2026ojqw is smaller than triggerMinMagnitude: no automatic simulation
2026/07/24 19:25:28.931725 [Incident:Info:toast@toast-new:Origin updated] Origin updated: OT: 2026-07-24 12:14:29,  Lat/Lon: -2.52147°/138.957°, Depth: 10
2026/07/24 19:25:28.931935 [Incident:Info:toast@toast-new:FM updated] FM updated
2026/07/24 19:25:28.932196 [Simulation:Info:toast@toast-new:Simulation not generated] Magnitude 5.09 of event bmg2026ojqw is smaller than triggerMinMagnitude: no automatic simulation
2026/07/24 19:25:39.446642 [Incident:Info:toast@toast-new:Origin updated] Origin updated: OT: 2026-07-24 12:14:29,  Lat/Lon: -2.52147°/138.957°, Depth: 10
2026/07/24 19:25:39.446827 [Simulation:Info:toast@toast-new:Simulation not generated] Magnitude 5.09 of event bmg2026ojqw is smaller than triggerMinMagnitude: no automatic simulation
2026/07/24 19:25:49.539206 [Incident:Info:toast@toast-new:Origin updated] Origin updated: OT: 2026-07-24 12:14:29,  Lat/Lon: -2.52147°/138.957°, Depth: 10
2026/07/24 19:25:49.539411 [Simulation:Info:toast@toast-new:Simulation not generated] Magnitude 5.09 of event bmg2026ojqw is smaller than triggerMinMagnitude: no automatic simulation
2026/07/24 19:25:59.553080 [Incident:Info:toast@toast-new:Origin updated] Origin updated: OT: 2026-07-24 12:14:29,  Lat/Lon: -2.52147°/138.957°, Depth: 10
2026/07/24 19:25:59.553293 [Simulation:Info:toast@toast-new:Simulation not generated] Magnitude 5.09 of event bmg2026ojqw is smaller than triggerMinMagnitude: no automatic simulation
2026/07/24 19:26:09.834313 [Incident:Info:toast@toast-new:Origin updated] Origin updated: OT: 2026-07-24 12:14:29,  Lat/Lon: -2.52147°/138.957°, Depth: 10
2026/07/24 19:26:09.834511 [Simulation:Info:toast@toast-new:Simulation not generated] Magnitude 5.09 of event bmg2026ojqw is smaller than triggerMinMagnitude: no automatic simulation
2026/07/24 19:26:20.025673 [Incident:Info:toast@toast-new:Origin updated] Origin updated: OT: 2026-07-24 12:14:29,  Lat/Lon: -2.52147°/138.957°, Depth: 10
2026/07/24 19:26:20.025897 [Simulation:Info:toast@toast-new:Simulation not generated] Magnitude 5.09 of event bmg2026ojqw is smaller than triggerMinMagnitude: no automatic simulation
2026/07/24 19:26:29.633786 [Incident:Info:toast@toast-new:Origin updated] Origin updated: OT: 2026-07-24 12:14:29,  Lat/Lon: -2.52147°/138.957°, Depth: 10
2026/07/24 19:26:29.634003 [Simulation:Info:toast@toast-new:Simulation not generated] Magnitude 5.09 of event bmg2026ojqw is smaller than triggerMinMagnitude: no automatic simulation
2026/07/24 19:26:39.515103 [Incident:Info:toast@toast-new:Origin updated] Origin updated: OT: 2026-07-24 12:14:29,  Lat/Lon: -2.52147°/138.957°, Depth: 10
2026/07/24 19:26:39.515298 [Simulation:Info:toast@toast-new:Simulation not generated] Magnitude 5.09 of event bmg2026ojqw is smaller than triggerMinMagnitude: no automatic simulation
2026/07/24 19:26:49.375365 [Incident:Info:toast@toast-new:Origin updated] Origin updated: OT: 2026-07-24 12:14:29,  Lat/Lon: -2.52147°/138.957°, Depth: 10
2026/07/24 19:26:49.375517 [Simulation:Info:toast@toast-new:Simulation not generated] Magnitude 5.09 of event bmg2026ojqw is smaller than triggerMinMagnitude: no automatic simulation
2026/07/24 19:27:00.102693 [Incident:Info:toast@toast-new:Origin updated] Origin updated: OT: 2026-07-24 12:14:29,  Lat/Lon: -2.52147°/138.957°, Depth: 10
2026/07/24 19:27:00.102892 [Simulation:Info:toast@toast-new:Simulation not generated] Magnitude 5.09 of event bmg2026ojqw is smaller than triggerMinMagnitude: no automatic simulation
2026/07/24 19:27:09.849204 [Incident:Info:toast@toast-new:Origin updated] Origin updated: OT: 2026-07-24 12:14:29,  Lat/Lon: -2.52147°/138.957°, Depth: 10
2026/07/24 19:27:09.849388 [Simulation:Info:toast@toast-new:Simulation not generated] Magnitude 5.09 of event bmg2026ojqw is smaller than triggerMinMagnitude: no automatic simulation
2026/07/24 19:27:19.789665 [Incident:Info:toast@toast-new:Origin updated] Origin updated: OT: 2026-07-24 12:14:29,  Lat/Lon: -2.52147°/138.957°, Depth: 10
2026/07/24 19:27:19.789851 [Simulation:Info:toast@toast-new:Simulation not generated] Magnitude 5.09 of event bmg2026ojqw is smaller than triggerMinMagnitude: no automatic simulation
2026/07/24 19:27:30.068727 [Incident:Info:toast@toast-new:Origin updated] Origin updated: OT: 2026-07-24 12:14:29,  Lat/Lon: -2.52147°/138.957°, Depth: 10
2026/07/24 19:27:30.068903 [Simulation:Info:toast@toast-new:Simulation not generated] Magnitude 5.09 of event bmg2026ojqw is smaller than triggerMinMagnitude: no automatic simulation
2026/07/24 19:27:40.169473 [Incident:Info:toast@toast-new:Origin updated] Origin updated: OT: 2026-07-24 12:14:29,  Lat/Lon: -2.52147°/138.957°, Depth: 10
2026/07/24 19:27:40.169669 [Simulation:Info:toast@toast-new:Simulation not generated] Magnitude 5.09 of event bmg2026ojqw is smaller than triggerMinMagnitude: no automatic simulation
2026/07/24 19:27:40.793078 [Incident:Info:toast@toast-new:Origin updated] Origin updated: OT: 2026-07-24 12:14:29,  Lat/Lon: -2.52147°/138.957°, Depth: 10
2026/07/24 19:27:40.793227 [Incident:Info:toast@toast-new:FM updated] FM updated
2026/07/24 19:27:40.793443 [Simulation:Info:toast@toast-new:Simulation not generated] Magnitude 5.09 of event bmg2026ojqw is smaller than triggerMinMagnitude: no automatic simulation
2026/07/24 19:27:44.973564 [Incident:Info:toast@toast-new:Origin updated] Origin updated: OT: 2026-07-24 12:14:29,  Lat/Lon: -2.52147°/138.957°, Depth: 10
2026/07/24 19:27:44.973737 [Simulation:Info:toast@toast-new:Simulation not generated] Magnitude 5.09 of event bmg2026ojqw is smaller than triggerMinMagnitude: no automatic simulation
2026/07/24 19:28:00.064307 [Incident:Info:toast@toast-new:Origin updated] Origin updated: OT: 2026-07-24 12:14:29,  Lat/Lon: -2.52147°/138.957°, Depth: 10
2026/07/24 19:28:00.064473 [Incident:Info:toast@toast-new:Magnitude updated] Magnitude updated: 5.34 (mb)
2026/07/24 19:28:00.064520 [Simulation:Info:toast@toast-new:Simulation not generated] Magnitude 5.34 of event bmg2026ojqw is smaller than triggerMinMagnitude: no automatic simulation
2026/07/24 23:47:52.976611 [Incident:Info:toast@toast-new:Origin updated] Origin updated: OT: 2026-07-24 12:14:29,  Lat/Lon: -2.52059°/138.968°, Depth: 9.09185
2026/07/24 23:47:52.976842 [Incident:Info:toast@toast-new:Magnitude updated] Magnitude updated: 5.35 (mb)
2026/07/24 23:47:52.976896 [Simulation:Info:toast@toast-new:Simulation not generated] Magnitude 5.35 of event bmg2026ojqw is smaller than triggerMinMagnitude: no automatic simulation
