2026/06/09 13:17:43.249710 [Incident:Info:toast@toast-new:Displacement(s) updated] Added 0 and changed 0 displacements with 0 amplitudes
2026/06/09 13:17:43.251478 [Incident:Info:toast@toast-new:Incident created] Incident created based on event received from messaging: OT: 2026-06-09 06:15:14,  Lat/Lon: 5.27°/125.32°, Depth: 10.00, Mag: 5.14 (MLv)
2026/06/09 13:17:43.252142 [Simulation:Info:toast@toast-new:Simulation not generated] Magnitude 5.14 of event bmg2026lezj is smaller than triggerMinMagnitude: no automatic simulation
2026/06/09 13:17:43.841794 [Incident:Info:toast@toast-new:Origin updated] Origin updated: OT: 2026-06-09 06:15:14,  Lat/Lon: 5.27146°/125.322°, Depth: 10
2026/06/09 13:17:43.852148 [Simulation:Info:toast@toast-new:Simulation not generated] Magnitude 5.14 of event bmg2026lezj is smaller than triggerMinMagnitude: no automatic simulation
2026/06/09 13:17:50.107329 [Incident:Info:toast@toast-new:Origin updated] Origin updated: OT: 2026-06-09 06:15:14,  Lat/Lon: 5.27146°/125.322°, Depth: 10
2026/06/09 13:17:50.122202 [Simulation:Info:toast@toast-new:Simulation not generated] Magnitude 5.14 of event bmg2026lezj is smaller than triggerMinMagnitude: no automatic simulation
2026/06/09 13:18:23.684823 [Incident:Info:toast@toast-new:Origin updated] Origin updated: OT: 2026-06-09 06:15:14,  Lat/Lon: 5.27146°/125.322°, Depth: 10
2026/06/09 13:18:23.699678 [Incident:Info:toast@toast-new:Magnitude updated] Magnitude updated: 5.26 (MLv)
2026/06/09 13:18:23.710934 [Simulation:Info:toast@toast-new:Simulation not generated] Magnitude 5.26 of event bmg2026lezj is smaller than triggerMinMagnitude: no automatic simulation
2026/06/09 13:18:26.974149 [Incident:Info:toast@toast-new:Origin updated] Origin updated: OT: 2026-06-09 06:15:14,  Lat/Lon: 5.27313°/125.147°, Depth: 10
2026/06/09 13:18:26.988814 [Incident:Info:toast@toast-new:Magnitude updated] Magnitude updated: 5.56 (MLv)
2026/06/09 13:18:27.000064 [Simulation:Info:toast@toast-new:Simulation not generated] Magnitude 5.56 of event bmg2026lezj is smaller than triggerMinMagnitude: no automatic simulation
2026/06/09 13:18:33.728782 [Incident:Info:toast@toast-new:Origin updated] Origin updated: OT: 2026-06-09 06:15:14,  Lat/Lon: 5.27313°/125.147°, Depth: 10
2026/06/09 13:18:33.744125 [Incident:Info:toast@toast-new:Magnitude updated] Magnitude updated: 5.58 (MLv)
2026/06/09 13:18:33.755239 [Simulation:Info:toast@toast-new:Simulation not generated] Magnitude 5.58 of event bmg2026lezj is smaller than triggerMinMagnitude: no automatic simulation
2026/06/09 13:18:38.859109 [Incident:Info:toast@toast-new:Origin updated] Origin updated: OT: 2026-06-09 06:15:14,  Lat/Lon: 5.27313°/125.147°, Depth: 10
2026/06/09 13:18:38.874094 [Incident:Info:toast@toast-new:Magnitude updated] Magnitude updated: 5.65 (MLv)
2026/06/09 13:18:38.885533 [Simulation:Info:toast@toast-new:Simulation not generated] Magnitude 5.65 of event bmg2026lezj is smaller than triggerMinMagnitude: no automatic simulation
2026/06/09 13:18:43.689401 [Incident:Info:toast@toast-new:Origin updated] Origin updated: OT: 2026-06-09 06:15:14,  Lat/Lon: 5.27313°/125.147°, Depth: 10
2026/06/09 13:18:43.704022 [Incident:Info:toast@toast-new:Magnitude updated] Magnitude updated: 5.67 (MLv)
2026/06/09 13:18:43.715042 [Simulation:Info:toast@toast-new:Simulation not generated] Magnitude 5.67 of event bmg2026lezj is smaller than triggerMinMagnitude: no automatic simulation
2026/06/09 13:18:48.835304 [Incident:Info:toast@toast-new:Origin updated] Origin updated: OT: 2026-06-09 06:15:14,  Lat/Lon: 5.27313°/125.147°, Depth: 10
2026/06/09 13:18:48.851623 [Incident:Info:toast@toast-new:Magnitude updated] Magnitude updated: 5.71 (MLv)
2026/06/09 13:18:48.863996 [Simulation:Info:toast@toast-new:Simulation not generated] Magnitude 5.71 of event bmg2026lezj is smaller than triggerMinMagnitude: no automatic simulation
2026/06/09 13:18:53.821744 [Incident:Info:toast@toast-new:Origin updated] Origin updated: OT: 2026-06-09 06:15:14,  Lat/Lon: 5.27313°/125.147°, Depth: 10
2026/06/09 13:18:53.836385 [Incident:Info:toast@toast-new:Magnitude updated] Magnitude updated: 5.73 (MLv)
2026/06/09 13:18:53.847487 [Simulation:Info:toast@toast-new:Simulation not generated] Magnitude 5.73 of event bmg2026lezj is smaller than triggerMinMagnitude: no automatic simulation
2026/06/09 13:18:58.792076 [Incident:Info:toast@toast-new:Origin updated] Origin updated: OT: 2026-06-09 06:15:14,  Lat/Lon: 5.27313°/125.147°, Depth: 10
2026/06/09 13:18:58.807092 [Incident:Info:toast@toast-new:Magnitude updated] Magnitude updated: 5.73 (MLv)
2026/06/09 13:18:58.818205 [Simulation:Info:toast@toast-new:Simulation not generated] Magnitude 5.73 of event bmg2026lezj is smaller than triggerMinMagnitude: no automatic simulation
2026/06/09 13:19:03.801246 [Incident:Info:toast@toast-new:Origin updated] Origin updated: OT: 2026-06-09 06:15:14,  Lat/Lon: 5.27313°/125.147°, Depth: 10
2026/06/09 13:19:03.815818 [Incident:Info:toast@toast-new:Magnitude updated] Magnitude updated: 5.73 (MLv)
2026/06/09 13:19:03.827016 [Simulation:Info:toast@toast-new:Simulation not generated] Magnitude 5.73 of event bmg2026lezj is smaller than triggerMinMagnitude: no automatic simulation
2026/06/09 13:19:13.815303 [Incident:Info:toast@toast-new:Origin updated] Origin updated: OT: 2026-06-09 06:15:14,  Lat/Lon: 5.27313°/125.147°, Depth: 10
2026/06/09 13:19:13.831249 [Incident:Info:toast@toast-new:Magnitude updated] Magnitude updated: 5.73 (MLv)
2026/06/09 13:19:13.842515 [Simulation:Info:toast@toast-new:Simulation not generated] Magnitude 5.73 of event bmg2026lezj is smaller than triggerMinMagnitude: no automatic simulation
2026/06/09 13:19:19.177386 [Incident:Info:toast@toast-new:Origin updated] Origin updated: OT: 2026-06-09 06:15:14,  Lat/Lon: 5.29856°/125.174°, Depth: 13.0093
2026/06/09 13:19:19.190648 [Incident:Info:toast@toast-new:Magnitude updated] Magnitude updated: 5.71 (MLv)
2026/06/09 13:19:19.200862 [Simulation:Info:toast@toast-new:Simulation not generated] Magnitude 5.71 of event bmg2026lezj is smaller than triggerMinMagnitude: no automatic simulation
2026/06/09 13:19:23.860087 [Incident:Info:toast@toast-new:Origin updated] Origin updated: OT: 2026-06-09 06:15:14,  Lat/Lon: 5.29856°/125.174°, Depth: 13.0093
2026/06/09 13:19:23.875649 [Incident:Info:toast@toast-new:Magnitude updated] Magnitude updated: 5.72 (MLv)
2026/06/09 13:19:23.887198 [Simulation:Info:toast@toast-new:Simulation not generated] Magnitude 5.72 of event bmg2026lezj is smaller than triggerMinMagnitude: no automatic simulation
2026/06/09 13:19:30.284270 [Incident:Info:toast@toast-new:Origin updated] Origin updated: OT: 2026-06-09 06:15:14,  Lat/Lon: 5.29856°/125.174°, Depth: 13.0093
2026/06/09 13:19:30.299965 [Incident:Info:toast@toast-new:FM updated] FM updated
2026/06/09 13:19:30.315425 [Simulation:Info:toast@toast-new:Simulation not generated] Magnitude 5.72 of event bmg2026lezj is smaller than triggerMinMagnitude: no automatic simulation
2026/06/09 13:19:31.337144 [Incident:Info:toast@toast-new:Origin updated] Origin updated: OT: 2026-06-09 06:15:14,  Lat/Lon: 5.29856°/125.174°, Depth: 13.0093
2026/06/09 13:19:31.352404 [Incident:Info:toast@toast-new:Magnitude updated] Magnitude updated: 5.62 (mB)
2026/06/09 13:19:31.363516 [Simulation:Info:toast@toast-new:Simulation not generated] Magnitude 5.62 of event bmg2026lezj is smaller than triggerMinMagnitude: no automatic simulation
2026/06/09 13:19:34.539873 [Incident:Info:toast@toast-new:Origin updated] Origin updated: OT: 2026-06-09 06:15:14,  Lat/Lon: 5.29856°/125.174°, Depth: 13.0093
2026/06/09 13:19:34.554648 [Incident:Info:toast@toast-new:Magnitude updated] Magnitude updated: 5.18 (M)
2026/06/09 13:19:34.566137 [Simulation:Info:toast@toast-new:Simulation not generated] Magnitude 5.18 of event bmg2026lezj is smaller than triggerMinMagnitude: no automatic simulation
2026/06/09 13:19:43.814071 [Incident:Info:toast@toast-new:Origin updated] Origin updated: OT: 2026-06-09 06:15:14,  Lat/Lon: 5.29856°/125.174°, Depth: 13.0093
2026/06/09 13:19:43.829345 [Incident:Info:toast@toast-new:Magnitude updated] Magnitude updated: 5.18 (M)
2026/06/09 13:19:43.840074 [Simulation:Info:toast@toast-new:Simulation not generated] Magnitude 5.18 of event bmg2026lezj is smaller than triggerMinMagnitude: no automatic simulation
2026/06/09 13:19:44.254254 [Incident:Info:toast@toast-new:Origin updated] Origin updated: OT: 2026-06-09 06:15:14,  Lat/Lon: 5.29856°/125.174°, Depth: 13.0093
2026/06/09 13:19:44.268894 [Simulation:Info:toast@toast-new:Simulation not generated] Magnitude 5.18 of event bmg2026lezj is smaller than triggerMinMagnitude: no automatic simulation
2026/06/09 13:19:50.174147 [Incident:Info:toast@toast-new:Origin updated] Origin updated: OT: 2026-06-09 06:15:14,  Lat/Lon: 5.29856°/125.174°, Depth: 13.0093
2026/06/09 13:19:50.189315 [Incident:Info:toast@toast-new:FM updated] FM updated
2026/06/09 13:19:50.200209 [Simulation:Info:toast@toast-new:Simulation not generated] Magnitude 5.18 of event bmg2026lezj is smaller than triggerMinMagnitude: no automatic simulation
2026/06/09 13:20:03.657092 [Incident:Info:toast@toast-new:Origin updated] Origin updated: OT: 2026-06-09 06:15:14,  Lat/Lon: 5.29856°/125.174°, Depth: 13.0093
2026/06/09 13:20:03.671583 [Incident:Info:toast@toast-new:Magnitude updated] Magnitude updated: 5.18 (M)
2026/06/09 13:20:03.682799 [Simulation:Info:toast@toast-new:Simulation not generated] Magnitude 5.18 of event bmg2026lezj is smaller than triggerMinMagnitude: no automatic simulation
2026/06/09 13:20:09.352884 [Incident:Info:toast@toast-new:Origin updated] Origin updated: OT: 2026-06-09 06:15:14,  Lat/Lon: 5.30026°/125.192°, Depth: 10
2026/06/09 13:20:09.366944 [Incident:Info:toast@toast-new:Magnitude updated] Magnitude updated: 5.11 (Mw(mB))
2026/06/09 13:20:09.377818 [Simulation:Info:toast@toast-new:Simulation not generated] Magnitude 5.11 of event bmg2026lezj is smaller than triggerMinMagnitude: no automatic simulation
2026/06/09 13:20:09.400604 [Incident:Info:toast@toast-new:Origin updated] Origin updated: OT: 2026-06-09 06:15:14,  Lat/Lon: 5.30026°/125.192°, Depth: 10
2026/06/09 13:20:09.410166 [Incident:Info:toast@toast-new:Magnitude updated] Magnitude updated: 5.17 (M)
2026/06/09 13:20:09.419419 [Simulation:Info:toast@toast-new:Simulation not generated] Magnitude 5.17 of event bmg2026lezj is smaller than triggerMinMagnitude: no automatic simulation
2026/06/09 13:20:10.765386 [Incident:Info:toast@toast-new:Origin updated] Origin updated: OT: 2026-06-09 06:15:14,  Lat/Lon: 5.30026°/125.192°, Depth: 10
2026/06/09 13:20:10.780459 [Incident:Info:toast@toast-new:FM updated] FM updated
2026/06/09 13:20:10.791365 [Simulation:Info:toast@toast-new:Simulation not generated] Magnitude 5.17 of event bmg2026lezj is smaller than triggerMinMagnitude: no automatic simulation
2026/06/09 13:20:11.672937 [Incident:Info:toast@toast-new:Origin updated] Origin updated: OT: 2026-06-09 06:15:14,  Lat/Lon: 5.30026°/125.192°, Depth: 10
2026/06/09 13:20:11.688532 [Incident:Info:toast@toast-new:FM updated] FM updated
2026/06/09 13:20:11.700087 [Simulation:Info:toast@toast-new:Simulation not generated] Magnitude 5.17 of event bmg2026lezj is smaller than triggerMinMagnitude: no automatic simulation
2026/06/09 13:20:13.758534 [Incident:Info:toast@toast-new:Origin updated] Origin updated: OT: 2026-06-09 06:15:14,  Lat/Lon: 5.30026°/125.192°, Depth: 10
2026/06/09 13:20:13.774385 [Incident:Info:toast@toast-new:Magnitude updated] Magnitude updated: 5.17 (M)
2026/06/09 13:20:13.784629 [Simulation:Info:toast@toast-new:Simulation not generated] Magnitude 5.17 of event bmg2026lezj is smaller than triggerMinMagnitude: no automatic simulation
2026/06/09 13:20:33.649197 [Incident:Info:toast@toast-new:Origin updated] Origin updated: OT: 2026-06-09 06:15:14,  Lat/Lon: 5.30026°/125.192°, Depth: 10
2026/06/09 13:20:33.663899 [Incident:Info:toast@toast-new:Magnitude updated] Magnitude updated: 5.17 (M)
2026/06/09 13:20:33.675131 [Simulation:Info:toast@toast-new:Simulation not generated] Magnitude 5.17 of event bmg2026lezj is smaller than triggerMinMagnitude: no automatic simulation
2026/06/09 13:22:19.235936 [Incident:Info:toast@toast-new:Origin updated] Origin updated: OT: 2026-06-09 06:15:14,  Lat/Lon: 5.3252°/125.225°, Depth: 10
2026/06/09 13:22:19.249881 [Incident:Info:toast@toast-new:Magnitude updated] Magnitude updated: 5.11 (Mw(mB))
2026/06/09 13:22:19.260754 [Simulation:Info:toast@toast-new:Simulation not generated] Magnitude 5.11 of event bmg2026lezj is smaller than triggerMinMagnitude: no automatic simulation
2026/06/09 13:22:19.284390 [Incident:Info:toast@toast-new:Origin updated] Origin updated: OT: 2026-06-09 06:15:14,  Lat/Lon: 5.3252°/125.225°, Depth: 10
2026/06/09 13:22:19.294926 [Incident:Info:toast@toast-new:Magnitude updated] Magnitude updated: 5.17 (M)
2026/06/09 13:22:19.305176 [Simulation:Info:toast@toast-new:Simulation not generated] Magnitude 5.17 of event bmg2026lezj is smaller than triggerMinMagnitude: no automatic simulation
2026/06/09 13:24:21.252548 [Incident:Info:toast@toast-new:Origin updated] Origin updated: OT: 2026-06-09 06:15:14,  Lat/Lon: 5.3252°/125.225°, Depth: 10
2026/06/09 13:24:21.266618 [Incident:Info:toast@toast-new:FM updated] FM updated
2026/06/09 13:24:21.277593 [Simulation:Info:toast@toast-new:Simulation not generated] Magnitude 5.17 of event bmg2026lezj is smaller than triggerMinMagnitude: no automatic simulation
2026/06/09 13:24:31.277135 [Incident:Info:toast@toast-new:Origin updated] Origin updated: OT: 2026-06-09 06:15:14,  Lat/Lon: 5.42671°/125.21°, Depth: 23.8769
2026/06/09 13:24:31.289281 [Incident:Info:toast@toast-new:Magnitude updated] Magnitude updated: 5.15 (Mw(mB))
2026/06/09 13:24:31.299435 [Simulation:Info:toast@toast-new:Simulation not generated] Magnitude 5.15 of event bmg2026lezj is smaller than triggerMinMagnitude: no automatic simulation
2026/06/09 13:24:31.321990 [Incident:Info:toast@toast-new:Origin updated] Origin updated: OT: 2026-06-09 06:15:14,  Lat/Lon: 5.42671°/125.21°, Depth: 23.8769
2026/06/09 13:24:31.331279 [Incident:Info:toast@toast-new:Magnitude updated] Magnitude updated: 5.20 (M)
2026/06/09 13:24:31.340244 [Simulation:Info:toast@toast-new:Simulation not generated] Magnitude 5.20 of event bmg2026lezj is smaller than triggerMinMagnitude: no automatic simulation
2026/06/09 13:24:56.048844 [Incident:Info:toast@toast-new:Origin updated] Origin updated: OT: 2026-06-09 06:15:14,  Lat/Lon: 5.42671°/125.21°, Depth: 23.8769
2026/06/09 13:24:56.064442 [Incident:Info:toast@toast-new:Magnitude updated] Magnitude updated: 5.06 (Mw)
2026/06/09 13:24:56.075514 [Simulation:Info:toast@toast-new:Simulation not generated] Magnitude 5.06 of event bmg2026lezj is smaller than triggerMinMagnitude: no automatic simulation
2026/06/09 13:24:57.694161 [Incident:Info:toast@toast-new:Origin updated] Origin updated: OT: 2026-06-09 06:15:14,  Lat/Lon: 5.42671°/125.21°, Depth: 23.8769
2026/06/09 13:24:57.708740 [Simulation:Info:toast@toast-new:Simulation not generated] Magnitude 5.06 of event bmg2026lezj is smaller than triggerMinMagnitude: no automatic simulation
2026/06/09 13:25:01.480976 [Incident:Info:toast@toast-new:Origin updated] Origin updated: OT: 2026-06-09 06:15:14,  Lat/Lon: 5.42671°/125.21°, Depth: 23.8769
2026/06/09 13:25:01.493159 [Simulation:Info:toast@toast-new:Simulation not generated] Magnitude 5.06 of event bmg2026lezj is smaller than triggerMinMagnitude: no automatic simulation
2026/06/09 13:26:19.666074 [Incident:Info:toast@toast-new:Origin updated] Origin updated: OT: 2026-06-09 06:15:14,  Lat/Lon: 5.42671°/125.21°, Depth: 23.8769
2026/06/09 13:26:19.681194 [Incident:Info:toast@toast-new:Magnitude updated] Magnitude updated: 5.05 (Mw)
2026/06/09 13:26:19.691761 [Incident:Info:toast@toast-new:FM updated] FM updated
2026/06/09 13:26:19.701691 [Simulation:Info:toast@toast-new:Simulation not generated] Magnitude 5.05 of event bmg2026lezj is smaller than triggerMinMagnitude: no automatic simulation
2026/06/09 13:26:33.476819 [Incident:Info:toast@toast-new:Origin updated] Origin updated: OT: 2026-06-09 06:15:14,  Lat/Lon: 5.42671°/125.21°, Depth: 23.8769
2026/06/09 13:26:33.491198 [Simulation:Info:toast@toast-new:Simulation not generated] Magnitude 5.05 of event bmg2026lezj is smaller than triggerMinMagnitude: no automatic simulation
2026/06/09 18:42:19.395875 [Incident:Info:toast@toast-new:Origin updated] Origin updated: OT: 2026-06-09 06:15:14,  Lat/Lon: 5.42671°/125.21°, Depth: 23.8769
2026/06/09 18:42:19.407401 [Incident:Info:toast@toast-new:Magnitude updated] Magnitude updated: 5.28 (mb)
2026/06/09 18:42:19.417621 [Simulation:Info:toast@toast-new:Simulation not generated] Magnitude 5.28 of event bmg2026lezj is smaller than triggerMinMagnitude: no automatic simulation
2026/06/09 18:44:53.484127 [Incident:Info:toast@toast-new:Origin updated] Origin updated: OT: 2026-06-09 06:15:15,  Lat/Lon: 5.44881°/125.243°, Depth: 37.2461
2026/06/09 18:44:53.498447 [Incident:Info:toast@toast-new:Magnitude updated] Magnitude updated: 5.26 (mb)
2026/06/09 18:44:53.509673 [Simulation:Info:toast@toast-new:Simulation not generated] Magnitude 5.26 of event bmg2026lezj is smaller than triggerMinMagnitude: no automatic simulation
2026/06/09 19:26:35.951829 [Incident:Info:toast@toast-new:Origin updated] Origin updated: OT: 2026-06-09 06:15:15,  Lat/Lon: 5.44881°/125.243°, Depth: 37.2461
2026/06/09 19:26:35.966368 [Incident:Info:toast@toast-new:FM updated] FM updated
2026/06/09 19:26:35.977474 [Simulation:Info:toast@toast-new:Simulation not generated] Magnitude 5.26 of event bmg2026lezj is smaller than triggerMinMagnitude: no automatic simulation
2026/06/09 19:26:38.224594 [Incident:Info:toast@toast-new:Origin updated] Origin updated: OT: 2026-06-09 06:15:15,  Lat/Lon: 5.44881°/125.243°, Depth: 37.2461
2026/06/09 19:26:38.239268 [Simulation:Info:toast@toast-new:Simulation not generated] Magnitude 5.26 of event bmg2026lezj is smaller than triggerMinMagnitude: no automatic simulation
