2026/06/08 16:30:57.321943 [Incident:Info:toast@toast-new:Displacement(s) updated] Added 0 and changed 0 displacements with 0 amplitudes
2026/06/08 16:30:57.325455 [Incident:Info:toast@toast-new:Incident created] Incident created based on event received from messaging: OT: 2026-06-08 09:28:25,  Lat/Lon: 5.18°/125.27°, Depth: 10.00, Mag: 5.18 (M)
2026/06/08 16:30:57.326100 [Simulation:Info:toast@toast-new:Simulation not generated] Magnitude 5.18 of event bmg2026ldkg is smaller than triggerMinMagnitude: no automatic simulation
2026/06/08 16:30:57.344610 [Incident:Info:toast@toast-new:Origin updated] Origin updated: OT: 2026-06-08 09:28:25,  Lat/Lon: 5.18439°/125.267°, Depth: 10
2026/06/08 16:30:57.344763 [Simulation:Info:toast@toast-new:Simulation not generated] Magnitude 5.18 of event bmg2026ldkg is smaller than triggerMinMagnitude: no automatic simulation
2026/06/08 16:31:04.004939 [Incident:Info:toast@toast-new:Origin updated] Origin updated: OT: 2026-06-08 09:28:25,  Lat/Lon: 5.18439°/125.267°, Depth: 10
2026/06/08 16:31:04.005135 [Incident:Info:toast@toast-new:Magnitude updated] Magnitude updated: 5.19 (M)
2026/06/08 16:31:04.005182 [Simulation:Info:toast@toast-new:Simulation not generated] Magnitude 5.19 of event bmg2026ldkg is smaller than triggerMinMagnitude: no automatic simulation
2026/06/08 16:31:08.546809 [Incident:Info:toast@toast-new:Origin updated] Origin updated: OT: 2026-06-08 09:28:25,  Lat/Lon: 5.40145°/125.294°, Depth: 121.518
2026/06/08 16:31:08.547035 [Incident:Info:toast@toast-new:Magnitude updated] Magnitude updated: 5.21 (M)
2026/06/08 16:31:08.547075 [Simulation:Info:toast@toast-new:Simulation not generated] Magnitude 5.21 of event bmg2026ldkg is smaller than triggerMinMagnitude: no automatic simulation
2026/06/08 16:31:14.010843 [Incident:Info:toast@toast-new:Origin updated] Origin updated: OT: 2026-06-08 09:28:25,  Lat/Lon: 5.40145°/125.294°, Depth: 121.518
2026/06/08 16:31:14.011054 [Incident:Info:toast@toast-new:Magnitude updated] Magnitude updated: 5.17 (M)
2026/06/08 16:31:14.011101 [Simulation:Info:toast@toast-new:Simulation not generated] Magnitude 5.17 of event bmg2026ldkg is smaller than triggerMinMagnitude: no automatic simulation
2026/06/08 16:31:19.363797 [Incident:Info:toast@toast-new:Origin updated] Origin updated: OT: 2026-06-08 09:28:25,  Lat/Lon: 5.40145°/125.294°, Depth: 121.518
2026/06/08 16:31:19.363953 [Incident:Info:toast@toast-new:Magnitude updated] Magnitude updated: 5.18 (M)
2026/06/08 16:31:19.363976 [Simulation:Info:toast@toast-new:Simulation not generated] Magnitude 5.18 of event bmg2026ldkg is smaller than triggerMinMagnitude: no automatic simulation
2026/06/08 16:31:19.795195 [Incident:Info:toast@toast-new:Origin updated] Origin updated: OT: 2026-06-08 09:28:25,  Lat/Lon: 5.20988°/125.227°, Depth: 10
2026/06/08 16:31:19.795409 [Incident:Info:toast@toast-new:Magnitude updated] Magnitude updated: 5.18 (M)
2026/06/08 16:31:19.795450 [Simulation:Info:toast@toast-new:Simulation not generated] Magnitude 5.18 of event bmg2026ldkg is smaller than triggerMinMagnitude: no automatic simulation
2026/06/08 16:31:24.468334 [Incident:Info:toast@toast-new:Origin updated] Origin updated: OT: 2026-06-08 09:28:25,  Lat/Lon: 5.20988°/125.227°, Depth: 10
2026/06/08 16:31:24.479596 [Incident:Info:toast@toast-new:Magnitude updated] Magnitude updated: 5.19 (M)
2026/06/08 16:31:24.490368 [Simulation:Info:toast@toast-new:Simulation not generated] Magnitude 5.19 of event bmg2026ldkg is smaller than triggerMinMagnitude: no automatic simulation
2026/06/08 16:31:28.953675 [Incident:Info:toast@toast-new:Origin updated] Origin updated: OT: 2026-06-08 09:28:25,  Lat/Lon: 5.20988°/125.227°, Depth: 10
2026/06/08 16:31:28.969404 [Incident:Info:toast@toast-new:Magnitude updated] Magnitude updated: 5.20 (M)
2026/06/08 16:31:28.980734 [Simulation:Info:toast@toast-new:Simulation not generated] Magnitude 5.20 of event bmg2026ldkg is smaller than triggerMinMagnitude: no automatic simulation
2026/06/08 16:31:33.653611 [Incident:Info:toast@toast-new:Origin updated] Origin updated: OT: 2026-06-08 09:28:25,  Lat/Lon: 5.22789°/125.218°, Depth: 10
2026/06/08 16:31:33.668659 [Incident:Info:toast@toast-new:Magnitude updated] Magnitude updated: 5.17 (M)
2026/06/08 16:31:33.680196 [Simulation:Info:toast@toast-new:Simulation not generated] Magnitude 5.17 of event bmg2026ldkg is smaller than triggerMinMagnitude: no automatic simulation
2026/06/08 16:31:39.094447 [Incident:Info:toast@toast-new:Origin updated] Origin updated: OT: 2026-06-08 09:28:25,  Lat/Lon: 5.22789°/125.218°, Depth: 10
2026/06/08 16:31:39.108301 [Incident:Info:toast@toast-new:Magnitude updated] Magnitude updated: 5.17 (M)
2026/06/08 16:31:39.118667 [Simulation:Info:toast@toast-new:Simulation not generated] Magnitude 5.17 of event bmg2026ldkg is smaller than triggerMinMagnitude: no automatic simulation
2026/06/08 16:31:44.032865 [Incident:Info:toast@toast-new:Origin updated] Origin updated: OT: 2026-06-08 09:28:25,  Lat/Lon: 5.22789°/125.218°, Depth: 10
2026/06/08 16:31:44.046975 [Incident:Info:toast@toast-new:Magnitude updated] Magnitude updated: 5.18 (M)
2026/06/08 16:31:44.057807 [Simulation:Info:toast@toast-new:Simulation not generated] Magnitude 5.18 of event bmg2026ldkg is smaller than triggerMinMagnitude: no automatic simulation
2026/06/08 16:31:48.976838 [Incident:Info:toast@toast-new:Origin updated] Origin updated: OT: 2026-06-08 09:28:25,  Lat/Lon: 5.22789°/125.218°, Depth: 10
2026/06/08 16:31:48.992402 [Incident:Info:toast@toast-new:Magnitude updated] Magnitude updated: 5.18 (M)
2026/06/08 16:31:49.003542 [Simulation:Info:toast@toast-new:Simulation not generated] Magnitude 5.18 of event bmg2026ldkg is smaller than triggerMinMagnitude: no automatic simulation
2026/06/08 16:31:53.663030 [Incident:Info:toast@toast-new:Origin updated] Origin updated: OT: 2026-06-08 09:28:25,  Lat/Lon: 5.22789°/125.218°, Depth: 10
2026/06/08 16:31:53.677832 [Incident:Info:toast@toast-new:Magnitude updated] Magnitude updated: 5.18 (M)
2026/06/08 16:31:53.688709 [Simulation:Info:toast@toast-new:Simulation not generated] Magnitude 5.18 of event bmg2026ldkg is smaller than triggerMinMagnitude: no automatic simulation
2026/06/08 16:31:53.713371 [Incident:Info:toast@toast-new:Origin updated] Origin updated: OT: 2026-06-08 09:28:26,  Lat/Lon: 5.17899°/125.186°, Depth: 10
2026/06/08 16:31:53.723115 [Incident:Info:toast@toast-new:Magnitude updated] Magnitude updated: 5.17 (M)
2026/06/08 16:31:53.732489 [Simulation:Info:toast@toast-new:Simulation not generated] Magnitude 5.17 of event bmg2026ldkg is smaller than triggerMinMagnitude: no automatic simulation
2026/06/08 16:31:59.050071 [Incident:Info:toast@toast-new:Origin updated] Origin updated: OT: 2026-06-08 09:28:26,  Lat/Lon: 5.17899°/125.186°, Depth: 10
2026/06/08 16:31:59.065559 [Incident:Info:toast@toast-new:Magnitude updated] Magnitude updated: 5.16 (M)
2026/06/08 16:31:59.076738 [Simulation:Info:toast@toast-new:Simulation not generated] Magnitude 5.16 of event bmg2026ldkg is smaller than triggerMinMagnitude: no automatic simulation
2026/06/08 16:32:04.051652 [Incident:Info:toast@toast-new:Origin updated] Origin updated: OT: 2026-06-08 09:28:26,  Lat/Lon: 5.17899°/125.186°, Depth: 10
2026/06/08 16:32:04.067313 [Incident:Info:toast@toast-new:Magnitude updated] Magnitude updated: 5.18 (M)
2026/06/08 16:32:04.078570 [Simulation:Info:toast@toast-new:Simulation not generated] Magnitude 5.18 of event bmg2026ldkg is smaller than triggerMinMagnitude: no automatic simulation
2026/06/08 16:32:09.012728 [Incident:Info:toast@toast-new:Origin updated] Origin updated: OT: 2026-06-08 09:28:26,  Lat/Lon: 5.17899°/125.186°, Depth: 10
2026/06/08 16:32:09.026180 [Incident:Info:toast@toast-new:Magnitude updated] Magnitude updated: 5.18 (M)
2026/06/08 16:32:09.036919 [Simulation:Info:toast@toast-new:Simulation not generated] Magnitude 5.18 of event bmg2026ldkg is smaller than triggerMinMagnitude: no automatic simulation
2026/06/08 16:32:13.912868 [Incident:Info:toast@toast-new:Origin updated] Origin updated: OT: 2026-06-08 09:28:26,  Lat/Lon: 5.17899°/125.186°, Depth: 10
2026/06/08 16:32:13.926702 [Incident:Info:toast@toast-new:Magnitude updated] Magnitude updated: 5.18 (M)
2026/06/08 16:32:13.937613 [Simulation:Info:toast@toast-new:Simulation not generated] Magnitude 5.18 of event bmg2026ldkg is smaller than triggerMinMagnitude: no automatic simulation
2026/06/08 16:32:16.065035 [Incident:Info:toast@toast-new:Origin updated] Origin updated: OT: 2026-06-08 09:28:26,  Lat/Lon: 5.17685°/125.184°, Depth: 10
2026/06/08 16:32:16.079004 [Incident:Info:toast@toast-new:Magnitude updated] Magnitude updated: 5.19 (M)
2026/06/08 16:32:16.090035 [Simulation:Info:toast@toast-new:Simulation not generated] Magnitude 5.19 of event bmg2026ldkg is smaller than triggerMinMagnitude: no automatic simulation
2026/06/08 16:32:19.034295 [Incident:Info:toast@toast-new:Origin updated] Origin updated: OT: 2026-06-08 09:28:26,  Lat/Lon: 5.17685°/125.184°, Depth: 10
2026/06/08 16:32:19.048880 [Incident:Info:toast@toast-new:Magnitude updated] Magnitude updated: 5.20 (M)
2026/06/08 16:32:19.059698 [Simulation:Info:toast@toast-new:Simulation not generated] Magnitude 5.20 of event bmg2026ldkg is smaller than triggerMinMagnitude: no automatic simulation
2026/06/08 16:32:22.874683 [Incident:Info:toast@toast-new:Origin updated] Origin updated: OT: 2026-06-08 09:28:26,  Lat/Lon: 5.11038°/125.239°, Depth: 10
2026/06/08 16:32:22.888981 [Incident:Info:toast@toast-new:Magnitude updated] Magnitude updated: 5.24 (MLv)
2026/06/08 16:32:22.900327 [Simulation:Info:toast@toast-new:Simulation not generated] Magnitude 5.24 of event bmg2026ldkg is smaller than triggerMinMagnitude: no automatic simulation
2026/06/08 16:32:22.983591 [Incident:Info:toast@toast-new:Origin updated] Origin updated: OT: 2026-06-08 09:28:26,  Lat/Lon: 5.11038°/125.239°, Depth: 10
2026/06/08 16:32:22.993644 [Incident:Info:toast@toast-new:Magnitude updated] Magnitude updated: 5.20 (M)
2026/06/08 16:32:23.003245 [Simulation:Info:toast@toast-new:Simulation not generated] Magnitude 5.20 of event bmg2026ldkg is smaller than triggerMinMagnitude: no automatic simulation
2026/06/08 16:32:28.985085 [Incident:Info:toast@toast-new:Origin updated] Origin updated: OT: 2026-06-08 09:28:26,  Lat/Lon: 5.11038°/125.239°, Depth: 10
2026/06/08 16:32:29.000191 [Incident:Info:toast@toast-new:Magnitude updated] Magnitude updated: 5.21 (M)
2026/06/08 16:32:29.011354 [Simulation:Info:toast@toast-new:Simulation not generated] Magnitude 5.21 of event bmg2026ldkg is smaller than triggerMinMagnitude: no automatic simulation
2026/06/08 16:32:34.065938 [Incident:Info:toast@toast-new:Origin updated] Origin updated: OT: 2026-06-08 09:28:26,  Lat/Lon: 5.11038°/125.239°, Depth: 10
2026/06/08 16:32:34.081316 [Incident:Info:toast@toast-new:Magnitude updated] Magnitude updated: 5.21 (M)
2026/06/08 16:32:34.092476 [Simulation:Info:toast@toast-new:Simulation not generated] Magnitude 5.21 of event bmg2026ldkg is smaller than triggerMinMagnitude: no automatic simulation
2026/06/08 16:32:44.000986 [Incident:Info:toast@toast-new:Origin updated] Origin updated: OT: 2026-06-08 09:28:26,  Lat/Lon: 5.11038°/125.239°, Depth: 10
2026/06/08 16:32:44.015801 [Incident:Info:toast@toast-new:Magnitude updated] Magnitude updated: 5.21 (M)
2026/06/08 16:32:44.026891 [Simulation:Info:toast@toast-new:Simulation not generated] Magnitude 5.21 of event bmg2026ldkg is smaller than triggerMinMagnitude: no automatic simulation
2026/06/08 16:32:59.062470 [Incident:Info:toast@toast-new:Origin updated] Origin updated: OT: 2026-06-08 09:28:26,  Lat/Lon: 5.11038°/125.239°, Depth: 10
2026/06/08 16:32:59.073331 [Incident:Info:toast@toast-new:Magnitude updated] Magnitude updated: 5.21 (M)
2026/06/08 16:32:59.083471 [Simulation:Info:toast@toast-new:Simulation not generated] Magnitude 5.21 of event bmg2026ldkg is smaller than triggerMinMagnitude: no automatic simulation
2026/06/08 16:33:19.042516 [Incident:Info:toast@toast-new:Origin updated] Origin updated: OT: 2026-06-08 09:28:26,  Lat/Lon: 5.11038°/125.239°, Depth: 10
2026/06/08 16:33:19.056920 [Incident:Info:toast@toast-new:Magnitude updated] Magnitude updated: 5.21 (M)
2026/06/08 16:33:19.068025 [Simulation:Info:toast@toast-new:Simulation not generated] Magnitude 5.21 of event bmg2026ldkg is smaller than triggerMinMagnitude: no automatic simulation
2026/06/08 16:33:45.871554 [Incident:Info:toast@toast-new:Origin updated] Origin updated: OT: 2026-06-08 09:28:26,  Lat/Lon: 5.12878°/125.253°, Depth: 10
2026/06/08 16:33:45.886742 [Incident:Info:toast@toast-new:Magnitude updated] Magnitude updated: 5.13 (mb)
2026/06/08 16:33:45.897919 [Simulation:Info:toast@toast-new:Simulation not generated] Magnitude 5.13 of event bmg2026ldkg is smaller than triggerMinMagnitude: no automatic simulation
2026/06/08 16:33:45.921632 [Incident:Info:toast@toast-new:Origin updated] Origin updated: OT: 2026-06-08 09:28:26,  Lat/Lon: 5.12878°/125.253°, Depth: 10
2026/06/08 16:33:45.931283 [Incident:Info:toast@toast-new:Magnitude updated] Magnitude updated: 5.21 (M)
2026/06/08 16:33:45.940514 [Simulation:Info:toast@toast-new:Simulation not generated] Magnitude 5.21 of event bmg2026ldkg is smaller than triggerMinMagnitude: no automatic simulation
2026/06/08 16:34:12.085722 [Incident:Info:toast@toast-new:Origin updated] Origin updated: OT: 2026-06-08 09:28:26,  Lat/Lon: 5.12878°/125.253°, Depth: 10
2026/06/08 16:34:12.096273 [Incident:Info:toast@toast-new:Magnitude updated] Magnitude updated: 5.13 (mb)
2026/06/08 16:34:12.106247 [Simulation:Info:toast@toast-new:Simulation not generated] Magnitude 5.13 of event bmg2026ldkg is smaller than triggerMinMagnitude: no automatic simulation
2026/06/08 16:36:38.555917 [Incident:Info:toast@toast-new:Origin updated] Origin updated: OT: 2026-06-08 09:28:26,  Lat/Lon: 5.12878°/125.253°, Depth: 10
2026/06/08 16:36:38.566909 [Incident:Info:toast@toast-new:FM updated] FM updated
2026/06/08 16:36:38.577738 [Simulation:Info:toast@toast-new:Simulation not generated] Magnitude 5.13 of event bmg2026ldkg is smaller than triggerMinMagnitude: no automatic simulation
2026/06/08 16:36:52.785865 [Incident:Info:toast@toast-new:Origin updated] Origin updated: OT: 2026-06-08 09:28:26,  Lat/Lon: 5.12878°/125.253°, Depth: 10
2026/06/08 16:36:52.800430 [Simulation:Info:toast@toast-new:Simulation not generated] Magnitude 5.13 of event bmg2026ldkg is smaller than triggerMinMagnitude: no automatic simulation
2026/06/08 16:36:52.822764 [Incident:Info:toast@toast-new:Origin updated] Origin updated: OT: 2026-06-08 09:28:26,  Lat/Lon: 5.12878°/125.253°, Depth: 10
2026/06/08 16:36:52.833692 [Incident:Info:toast@toast-new:Magnitude updated] Magnitude updated: 5.06 (Mw)
2026/06/08 16:36:52.843983 [Simulation:Info:toast@toast-new:Simulation not generated] Magnitude 5.06 of event bmg2026ldkg is smaller than triggerMinMagnitude: no automatic simulation
