2026/06/08 07:13:48.514902 [Incident:Info:toast@toast-new:Displacement(s) updated] Added 0 and changed 0 displacements with 0 amplitudes
2026/06/08 07:13:48.518347 [Incident:Info:toast@toast-new:Incident created] Incident created based on event received from messaging: OT: 2026-06-08 00:11:03,  Lat/Lon: 5.92°/125.17°, Depth: 10.00, Mag: 5.92 (M)
2026/06/08 07:13:48.519108 [Simulation:Info:toast@toast-new:Simulation not generated] Magnitude 5.92 of event bmg2026lcrw is smaller than triggerMinMagnitude: no automatic simulation
2026/06/08 07:13:48.537461 [Incident:Info:toast@toast-new:Origin updated] Origin updated: OT: 2026-06-08 00:11:03,  Lat/Lon: 5.91665°/125.171°, Depth: 10
2026/06/08 07:13:48.537605 [Simulation:Info:toast@toast-new:Simulation not generated] Magnitude 5.92 of event bmg2026lcrw is smaller than triggerMinMagnitude: no automatic simulation
2026/06/08 07:13:53.909590 [Incident:Info:toast@toast-new:Origin updated] Origin updated: OT: 2026-06-08 00:11:03,  Lat/Lon: 5.91665°/125.171°, Depth: 10
2026/06/08 07:13:53.909778 [Incident:Info:toast@toast-new:Magnitude updated] Magnitude updated: 5.93 (M)
2026/06/08 07:13:53.909824 [Simulation:Info:toast@toast-new:Simulation not generated] Magnitude 5.93 of event bmg2026lcrw is smaller than triggerMinMagnitude: no automatic simulation
2026/06/08 07:13:57.193683 [Incident:Info:toast@toast-new:Origin updated] Origin updated: OT: 2026-06-08 00:11:04,  Lat/Lon: 5.81765°/125.204°, Depth: 10
2026/06/08 07:13:57.193874 [Incident:Info:toast@toast-new:Magnitude updated] Magnitude updated: 5.93 (M)
2026/06/08 07:13:57.193916 [Simulation:Info:toast@toast-new:Simulation not generated] Magnitude 5.93 of event bmg2026lcrw is smaller than triggerMinMagnitude: no automatic simulation
2026/06/08 07:13:58.922703 [Incident:Info:toast@toast-new:Origin updated] Origin updated: OT: 2026-06-08 00:11:04,  Lat/Lon: 5.81765°/125.204°, Depth: 10
2026/06/08 07:13:58.922889 [Incident:Info:toast@toast-new:Magnitude updated] Magnitude updated: 5.93 (M)
2026/06/08 07:13:58.922951 [Simulation:Info:toast@toast-new:Simulation not generated] Magnitude 5.93 of event bmg2026lcrw is smaller than triggerMinMagnitude: no automatic simulation
2026/06/08 07:14:03.891151 [Incident:Info:toast@toast-new:Origin updated] Origin updated: OT: 2026-06-08 00:11:04,  Lat/Lon: 5.81765°/125.204°, Depth: 10
2026/06/08 07:14:03.891327 [Incident:Info:toast@toast-new:Magnitude updated] Magnitude updated: 5.93 (M)
2026/06/08 07:14:03.891369 [Simulation:Info:toast@toast-new:Simulation not generated] Magnitude 5.93 of event bmg2026lcrw is smaller than triggerMinMagnitude: no automatic simulation
2026/06/08 07:14:07.725781 [Incident:Info:toast@toast-new:Origin updated] Origin updated: OT: 2026-06-08 00:11:05,  Lat/Lon: 5.8077°/125.185°, Depth: 10
2026/06/08 07:14:07.725978 [Incident:Info:toast@toast-new:Magnitude updated] Magnitude updated: 5.93 (M)
2026/06/08 07:14:07.726022 [Simulation:Info:toast@toast-new:Simulation not generated] Magnitude 5.93 of event bmg2026lcrw is smaller than triggerMinMagnitude: no automatic simulation
2026/06/08 07:14:08.942659 [Incident:Info:toast@toast-new:Origin updated] Origin updated: OT: 2026-06-08 00:11:05,  Lat/Lon: 5.8077°/125.185°, Depth: 10
2026/06/08 07:14:08.942844 [Incident:Info:toast@toast-new:Magnitude updated] Magnitude updated: 5.93 (M)
2026/06/08 07:14:08.942891 [Simulation:Info:toast@toast-new:Simulation not generated] Magnitude 5.93 of event bmg2026lcrw is smaller than triggerMinMagnitude: no automatic simulation
2026/06/08 07:14:14.007308 [Incident:Info:toast@toast-new:Origin updated] Origin updated: OT: 2026-06-08 00:11:05,  Lat/Lon: 5.8077°/125.185°, Depth: 10
2026/06/08 07:14:14.007485 [Incident:Info:toast@toast-new:Magnitude updated] Magnitude updated: 5.94 (M)
2026/06/08 07:14:14.007524 [Simulation:Info:toast@toast-new:Simulation not generated] Magnitude 5.94 of event bmg2026lcrw is smaller than triggerMinMagnitude: no automatic simulation
2026/06/08 07:14:18.943239 [Incident:Info:toast@toast-new:Origin updated] Origin updated: OT: 2026-06-08 00:11:05,  Lat/Lon: 5.8077°/125.185°, Depth: 10
2026/06/08 07:14:18.943427 [Incident:Info:toast@toast-new:Magnitude updated] Magnitude updated: 5.94 (M)
2026/06/08 07:14:18.943474 [Simulation:Info:toast@toast-new:Simulation not generated] Magnitude 5.94 of event bmg2026lcrw is smaller than triggerMinMagnitude: no automatic simulation
2026/06/08 07:14:23.528316 [Incident:Info:toast@toast-new:Origin updated] Origin updated: OT: 2026-06-08 00:11:04,  Lat/Lon: 5.81002°/125.179°, Depth: 10
2026/06/08 07:14:23.528526 [Incident:Info:toast@toast-new:Magnitude updated] Magnitude updated: 5.92 (M)
2026/06/08 07:14:23.528571 [Simulation:Info:toast@toast-new:Simulation not generated] Magnitude 5.92 of event bmg2026lcrw is smaller than triggerMinMagnitude: no automatic simulation
2026/06/08 07:14:27.358984 [Incident:Info:toast@toast-new:Origin updated] Origin updated: OT: 2026-06-08 00:11:04,  Lat/Lon: 5.81002°/125.179°, Depth: 10
2026/06/08 07:14:27.359181 [Incident:Info:toast@toast-new:Magnitude updated] Magnitude updated: 5.92 (M)
2026/06/08 07:14:27.359227 [Simulation:Info:toast@toast-new:Simulation not generated] Magnitude 5.92 of event bmg2026lcrw is smaller than triggerMinMagnitude: no automatic simulation
2026/06/08 07:14:28.889234 [Incident:Info:toast@toast-new:Origin updated] Origin updated: OT: 2026-06-08 00:11:04,  Lat/Lon: 5.81002°/125.179°, Depth: 10
2026/06/08 07:14:28.889388 [Incident:Info:toast@toast-new:Magnitude updated] Magnitude updated: 5.92 (M)
2026/06/08 07:14:28.889426 [Simulation:Info:toast@toast-new:Simulation not generated] Magnitude 5.92 of event bmg2026lcrw is smaller than triggerMinMagnitude: no automatic simulation
2026/06/08 07:14:33.896992 [Incident:Info:toast@toast-new:Origin updated] Origin updated: OT: 2026-06-08 00:11:04,  Lat/Lon: 5.81002°/125.179°, Depth: 10
2026/06/08 07:14:33.897163 [Incident:Info:toast@toast-new:Magnitude updated] Magnitude updated: 5.92 (M)
2026/06/08 07:14:33.897206 [Simulation:Info:toast@toast-new:Simulation not generated] Magnitude 5.92 of event bmg2026lcrw is smaller than triggerMinMagnitude: no automatic simulation
2026/06/08 07:14:38.597203 [Incident:Info:toast@toast-new:Origin updated] Origin updated: OT: 2026-06-08 00:11:05,  Lat/Lon: 5.76689°/125.157°, Depth: 10
2026/06/08 07:14:38.597421 [Incident:Info:toast@toast-new:Magnitude updated] Magnitude updated: 5.93 (M)
2026/06/08 07:14:38.597466 [Simulation:Info:toast@toast-new:Simulation not generated] Magnitude 5.93 of event bmg2026lcrw is smaller than triggerMinMagnitude: no automatic simulation
2026/06/08 07:14:44.067606 [Incident:Info:toast@toast-new:Origin updated] Origin updated: OT: 2026-06-08 00:11:05,  Lat/Lon: 5.76689°/125.157°, Depth: 10
2026/06/08 07:14:44.067802 [Incident:Info:toast@toast-new:Magnitude updated] Magnitude updated: 5.93 (M)
2026/06/08 07:14:44.067848 [Simulation:Info:toast@toast-new:Simulation not generated] Magnitude 5.93 of event bmg2026lcrw is smaller than triggerMinMagnitude: no automatic simulation
2026/06/08 07:14:48.982649 [Incident:Info:toast@toast-new:Origin updated] Origin updated: OT: 2026-06-08 00:11:05,  Lat/Lon: 5.76689°/125.157°, Depth: 10
2026/06/08 07:14:48.982825 [Incident:Info:toast@toast-new:Magnitude updated] Magnitude updated: 5.93 (M)
2026/06/08 07:14:48.982870 [Simulation:Info:toast@toast-new:Simulation not generated] Magnitude 5.93 of event bmg2026lcrw is smaller than triggerMinMagnitude: no automatic simulation
2026/06/08 07:14:53.966371 [Incident:Info:toast@toast-new:Origin updated] Origin updated: OT: 2026-06-08 00:11:05,  Lat/Lon: 5.76689°/125.157°, Depth: 10
2026/06/08 07:14:53.966589 [Incident:Info:toast@toast-new:Magnitude updated] Magnitude updated: 5.94 (M)
2026/06/08 07:14:53.966636 [Simulation:Info:toast@toast-new:Simulation not generated] Magnitude 5.94 of event bmg2026lcrw is smaller than triggerMinMagnitude: no automatic simulation
2026/06/08 07:14:58.914795 [Incident:Info:toast@toast-new:Origin updated] Origin updated: OT: 2026-06-08 00:11:05,  Lat/Lon: 5.76689°/125.157°, Depth: 10
2026/06/08 07:14:58.915005 [Incident:Info:toast@toast-new:Magnitude updated] Magnitude updated: 5.94 (M)
2026/06/08 07:14:58.915070 [Simulation:Info:toast@toast-new:Simulation not generated] Magnitude 5.94 of event bmg2026lcrw is smaller than triggerMinMagnitude: no automatic simulation
2026/06/08 07:15:08.909372 [Incident:Info:toast@toast-new:Origin updated] Origin updated: OT: 2026-06-08 00:11:05,  Lat/Lon: 5.76689°/125.157°, Depth: 10
2026/06/08 07:15:08.909564 [Incident:Info:toast@toast-new:Magnitude updated] Magnitude updated: 5.94 (M)
2026/06/08 07:15:08.909610 [Simulation:Info:toast@toast-new:Simulation not generated] Magnitude 5.94 of event bmg2026lcrw is smaller than triggerMinMagnitude: no automatic simulation
2026/06/08 07:15:18.912401 [Incident:Info:toast@toast-new:Origin updated] Origin updated: OT: 2026-06-08 00:11:05,  Lat/Lon: 5.76689°/125.157°, Depth: 10
2026/06/08 07:15:18.912601 [Incident:Info:toast@toast-new:Magnitude updated] Magnitude updated: 5.94 (M)
2026/06/08 07:15:18.912653 [Simulation:Info:toast@toast-new:Simulation not generated] Magnitude 5.94 of event bmg2026lcrw is smaller than triggerMinMagnitude: no automatic simulation
2026/06/08 07:15:19.105944 [Incident:Info:toast@toast-new:Origin updated] Origin updated: OT: 2026-06-08 00:11:05,  Lat/Lon: 5.79179°/125.154°, Depth: 10
2026/06/08 07:15:19.106111 [Incident:Info:toast@toast-new:Magnitude updated] Magnitude updated: 5.95 (M)
2026/06/08 07:15:19.106145 [Simulation:Info:toast@toast-new:Simulation not generated] Magnitude 5.95 of event bmg2026lcrw is smaller than triggerMinMagnitude: no automatic simulation
2026/06/08 07:15:34.005142 [Incident:Info:toast@toast-new:Origin updated] Origin updated: OT: 2026-06-08 00:11:05,  Lat/Lon: 5.79179°/125.154°, Depth: 10
2026/06/08 07:15:34.005342 [Incident:Info:toast@toast-new:Magnitude updated] Magnitude updated: 5.95 (M)
2026/06/08 07:15:34.005389 [Simulation:Info:toast@toast-new:Simulation not generated] Magnitude 5.95 of event bmg2026lcrw is smaller than triggerMinMagnitude: no automatic simulation
2026/06/08 07:15:35.154843 [Incident:Info:toast@toast-new:Origin updated] Origin updated: OT: 2026-06-08 00:11:04,  Lat/Lon: 5.84265°/125.137°, Depth: 10
2026/06/08 07:15:35.155073 [Incident:Info:toast@toast-new:Magnitude updated] Magnitude updated: 5.95 (M)
2026/06/08 07:15:35.155118 [Simulation:Info:toast@toast-new:Simulation not generated] Magnitude 5.95 of event bmg2026lcrw is smaller than triggerMinMagnitude: no automatic simulation
2026/06/08 07:15:38.899839 [Incident:Info:toast@toast-new:Origin updated] Origin updated: OT: 2026-06-08 00:11:04,  Lat/Lon: 5.84265°/125.137°, Depth: 10
2026/06/08 07:15:38.900031 [Incident:Info:toast@toast-new:Magnitude updated] Magnitude updated: 5.95 (M)
2026/06/08 07:15:38.900077 [Simulation:Info:toast@toast-new:Simulation not generated] Magnitude 5.95 of event bmg2026lcrw is smaller than triggerMinMagnitude: no automatic simulation
2026/06/08 07:15:43.935989 [Incident:Info:toast@toast-new:Origin updated] Origin updated: OT: 2026-06-08 00:11:04,  Lat/Lon: 5.84265°/125.137°, Depth: 10
2026/06/08 07:15:43.936201 [Incident:Info:toast@toast-new:Magnitude updated] Magnitude updated: 5.95 (M)
2026/06/08 07:15:43.936248 [Simulation:Info:toast@toast-new:Simulation not generated] Magnitude 5.95 of event bmg2026lcrw is smaller than triggerMinMagnitude: no automatic simulation
2026/06/08 07:15:53.504456 [Incident:Info:toast@toast-new:Origin updated] Origin updated: OT: 2026-06-08 00:11:03,  Lat/Lon: 5.90617°/125.114°, Depth: 10
2026/06/08 07:15:53.504700 [Incident:Info:toast@toast-new:Magnitude updated] Magnitude updated: 5.96 (M)
2026/06/08 07:15:53.504757 [Simulation:Info:toast@toast-new:Simulation not generated] Magnitude 5.96 of event bmg2026lcrw is smaller than triggerMinMagnitude: no automatic simulation
2026/06/08 07:16:13.953788 [Incident:Info:toast@toast-new:Origin updated] Origin updated: OT: 2026-06-08 00:11:03,  Lat/Lon: 5.90617°/125.114°, Depth: 10
2026/06/08 07:16:13.953989 [Incident:Info:toast@toast-new:Magnitude updated] Magnitude updated: 5.96 (M)
2026/06/08 07:16:13.954035 [Simulation:Info:toast@toast-new:Simulation not generated] Magnitude 5.96 of event bmg2026lcrw is smaller than triggerMinMagnitude: no automatic simulation
2026/06/08 07:16:27.277874 [Incident:Info:toast@toast-new:Origin updated] Origin updated: OT: 2026-06-08 00:11:03,  Lat/Lon: 5.94501°/125.116°, Depth: 10
2026/06/08 07:16:27.278071 [Incident:Info:toast@toast-new:Magnitude updated] Magnitude updated: 5.97 (M)
2026/06/08 07:16:27.278115 [Simulation:Info:toast@toast-new:Simulation not generated] Magnitude 5.97 of event bmg2026lcrw is smaller than triggerMinMagnitude: no automatic simulation
2026/06/08 07:16:35.616757 [Incident:Info:toast@toast-new:Origin updated] Origin updated: OT: 2026-06-08 00:11:04,  Lat/Lon: 5.79309°/125.146°, Depth: 10
2026/06/08 07:16:35.616980 [Incident:Info:toast@toast-new:Magnitude updated] Magnitude updated: 5.45 (mb)
2026/06/08 07:16:35.617039 [Simulation:Info:toast@toast-new:Simulation not generated] Magnitude 5.45 of event bmg2026lcrw is smaller than triggerMinMagnitude: no automatic simulation
2026/06/08 07:16:35.636348 [Incident:Info:toast@toast-new:Origin updated] Origin updated: OT: 2026-06-08 00:11:04,  Lat/Lon: 5.79309°/125.146°, Depth: 10
2026/06/08 07:16:35.636462 [Incident:Info:toast@toast-new:Magnitude updated] Magnitude updated: 5.93 (M)
2026/06/08 07:16:35.636511 [Simulation:Info:toast@toast-new:Simulation not generated] Magnitude 5.93 of event bmg2026lcrw is smaller than triggerMinMagnitude: no automatic simulation
2026/06/08 07:17:43.914766 [Incident:Info:toast@toast-new:Origin updated] Origin updated: OT: 2026-06-08 00:11:04,  Lat/Lon: 5.79309°/125.146°, Depth: 10
2026/06/08 07:17:43.914985 [Incident:Info:toast@toast-new:Magnitude updated] Magnitude updated: 5.93 (M)
2026/06/08 07:17:43.915034 [Simulation:Info:toast@toast-new:Simulation not generated] Magnitude 5.93 of event bmg2026lcrw is smaller than triggerMinMagnitude: no automatic simulation
2026/06/08 07:18:07.823133 [Incident:Info:toast@toast-new:Origin updated] Origin updated: OT: 2026-06-08 00:11:04,  Lat/Lon: 5.79309°/125.146°, Depth: 10
2026/06/08 07:18:07.823296 [Incident:Info:toast@toast-new:FM updated] FM updated
2026/06/08 07:18:07.823502 [Simulation:Info:toast@toast-new:Simulation not generated] Magnitude 5.93 of event bmg2026lcrw is smaller than triggerMinMagnitude: no automatic simulation
2026/06/08 07:20:53.860936 [Incident:Info:toast@toast-new:Origin updated] Origin updated: OT: 2026-06-08 00:11:04,  Lat/Lon: 5.79309°/125.146°, Depth: 10
2026/06/08 07:20:53.861064 [Incident:Info:toast@toast-new:FM updated] FM updated
2026/06/08 07:20:53.861243 [Simulation:Info:toast@toast-new:Simulation not generated] Magnitude 5.93 of event bmg2026lcrw is smaller than triggerMinMagnitude: no automatic simulation
2026/06/08 07:24:06.656374 [Incident:Info:toast@toast-new:Origin updated] Origin updated: OT: 2026-06-08 00:11:04,  Lat/Lon: 5.79309°/125.146°, Depth: 10
2026/06/08 07:24:06.656538 [Incident:Info:toast@toast-new:Magnitude updated] Magnitude updated: 5.99 (Mw)
2026/06/08 07:24:06.656598 [Simulation:Info:toast@toast-new:Simulation not generated] Magnitude 5.99 of event bmg2026lcrw is smaller than triggerMinMagnitude: no automatic simulation
2026/06/08 07:29:52.199484 [Incident:Info:toast@toast-new:Origin updated] Origin updated: OT: 2026-06-08 00:11:04,  Lat/Lon: 5.79309°/125.146°, Depth: 10
2026/06/08 07:29:52.199688 [Incident:Info:toast@toast-new:Magnitude updated] Magnitude updated: 5.97 (Mw)
2026/06/08 07:29:52.199734 [Incident:Info:toast@toast-new:FM updated] FM updated
2026/06/08 07:29:52.199951 [Simulation:Info:toast@toast-new:Simulation not generated] Magnitude 5.97 of event bmg2026lcrw is smaller than triggerMinMagnitude: no automatic simulation
2026/06/08 07:31:07.704975 [Incident:Info:toast@toast-new:Origin updated] Origin updated: OT: 2026-06-08 00:11:04,  Lat/Lon: 5.79309°/125.146°, Depth: 10
2026/06/08 07:31:07.705182 [Incident:Info:toast@toast-new:Magnitude updated] Magnitude updated: 5.91 (Mw)
2026/06/08 07:31:07.705232 [Incident:Info:toast@toast-new:FM updated] FM updated
2026/06/08 07:31:07.705448 [Simulation:Info:toast@toast-new:Simulation not generated] Magnitude 5.91 of event bmg2026lcrw is smaller than triggerMinMagnitude: no automatic simulation
2026/06/08 14:53:13.999530 [Incident:Info:toast@toast-new:Origin updated] Origin updated: OT: 2026-06-08 00:11:04,  Lat/Lon: 5.70585°/125.28°, Depth: 10
2026/06/08 14:53:13.999750 [Incident:Info:toast@toast-new:Magnitude updated] Magnitude updated: 5.91 (Mw)
2026/06/08 14:53:13.999784 [Incident:Info:toast@toast-new:FM updated] FM updated
2026/06/08 14:53:13.999984 [Simulation:Info:toast@toast-new:Simulation not generated] Magnitude 5.91 of event bmg2026lcrw is smaller than triggerMinMagnitude: no automatic simulation
2026/06/08 14:53:23.446652 [Incident:Info:toast@toast-new:Origin updated] Origin updated: OT: 2026-06-08 00:11:04,  Lat/Lon: 5.70585°/125.28°, Depth: 10
2026/06/08 14:53:23.446864 [Incident:Info:toast@toast-new:Magnitude updated] Magnitude updated: 5.50 (mb)
2026/06/08 14:53:23.446951 [Simulation:Info:toast@toast-new:Simulation not generated] Magnitude 5.50 of event bmg2026lcrw is smaller than triggerMinMagnitude: no automatic simulation
2026/06/08 15:45:15.056169 [Incident:Info:toast@toast-new:Origin updated] Origin updated: OT: 2026-06-08 00:11:04,  Lat/Lon: 5.70585°/125.28°, Depth: 10
2026/06/08 15:45:15.056369 [Incident:Info:toast@toast-new:FM updated] FM updated
2026/06/08 15:45:15.056595 [Simulation:Info:toast@toast-new:Simulation not generated] Magnitude 5.50 of event bmg2026lcrw is smaller than triggerMinMagnitude: no automatic simulation
2026/06/08 15:47:46.960234 [Incident:Info:toast@toast-new:Origin updated] Origin updated: OT: 2026-06-08 00:11:04,  Lat/Lon: 5.70585°/125.28°, Depth: 10
2026/06/08 15:47:46.960439 [Simulation:Info:toast@toast-new:Simulation not generated] Magnitude 5.50 of event bmg2026lcrw is smaller than triggerMinMagnitude: no automatic simulation
2026/06/08 15:49:00.795502 [Incident:Info:toast@toast-new:Origin updated] Origin updated: OT: 2026-06-08 00:11:06,  Lat/Lon: 5.7626°/125.284°, Depth: 60
2026/06/08 15:49:00.795743 [Incident:Info:toast@toast-new:Magnitude updated] Magnitude updated: 5.44 (mb)
2026/06/08 15:49:00.795792 [Simulation:Info:toast@toast-new:Simulation not generated] Magnitude 5.44 of event bmg2026lcrw is smaller than triggerMinMagnitude: no automatic simulation
2026/06/12 16:39:25.685629 [Incident:Info:toast@toast-new:Origin updated] Origin updated: OT: 2026-06-08 00:11:06,  Lat/Lon: 5.7626°/125.284°, Depth: 60
2026/06/12 16:39:25.722551 [Incident:Info:toast@toast-new:Magnitude updated] Magnitude updated: 5.78 (MLv)
2026/06/12 16:39:25.722675 [Simulation:Info:toast@toast-new:Simulation not generated] Magnitude 5.78 of event bmg2026lcrw is smaller than triggerMinMagnitude: no automatic simulation
2026/06/12 16:39:52.151512 [Incident:Info:toast@toast-new:Origin updated] Origin updated: OT: 2026-06-08 00:11:06,  Lat/Lon: 5.7626°/125.284°, Depth: 60
2026/06/12 16:39:52.151727 [Incident:Info:toast@toast-new:Magnitude updated] Magnitude updated: 5.44 (mb)
2026/06/12 16:39:52.151805 [Simulation:Info:toast@toast-new:Simulation not generated] Magnitude 5.44 of event bmg2026lcrw is smaller than triggerMinMagnitude: no automatic simulation
