2026/08/21 01:14:25.348576 [Incident:Info:toast@toast-new:Displacement(s) updated] Added 0 and changed 0 displacements with 0 amplitudes
2026/08/21 01:14:25.350401 [Incident:Info:toast@toast-new:Incident created] Incident created based on event received from messaging: OT: 2026-08-20 18:12:53,  Lat/Lon: -8.19°/121.38°, Depth: 10.00, Mag: 5.15 (M)
2026/08/21 01:14:25.350880 [Simulation:Info:toast@toast-new:Simulation not generated] Magnitude 5.15 of event bmg2026qhlg is smaller than triggerMinMagnitude: no automatic simulation
2026/08/21 01:14:25.368380 [Incident:Info:toast@toast-new:Origin updated] Origin updated: OT: 2026-08-20 18:12:53,  Lat/Lon: -8.18572°/121.384°, Depth: 10
2026/08/21 01:14:25.368510 [Simulation:Info:toast@toast-new:Simulation not generated] Magnitude 5.15 of event bmg2026qhlg is smaller than triggerMinMagnitude: no automatic simulation
2026/08/21 01:14:29.760484 [Incident:Info:toast@toast-new:Origin updated] Origin updated: OT: 2026-08-20 18:12:53,  Lat/Lon: -8.18572°/121.384°, Depth: 10
2026/08/21 01:14:29.760653 [Incident:Info:toast@toast-new:Magnitude updated] Magnitude updated: 5.16 (M)
2026/08/21 01:14:29.760700 [Simulation:Info:toast@toast-new:Simulation not generated] Magnitude 5.16 of event bmg2026qhlg is smaller than triggerMinMagnitude: no automatic simulation
2026/08/21 01:14:34.741956 [Incident:Info:toast@toast-new:Origin updated] Origin updated: OT: 2026-08-20 18:12:53,  Lat/Lon: -8.18572°/121.384°, Depth: 10
2026/08/21 01:14:34.742082 [Incident:Info:toast@toast-new:Magnitude updated] Magnitude updated: 5.20 (M)
2026/08/21 01:14:34.742117 [Simulation:Info:toast@toast-new:Simulation not generated] Magnitude 5.20 of event bmg2026qhlg is smaller than triggerMinMagnitude: no automatic simulation
2026/08/21 01:14:36.113692 [Incident:Info:toast@toast-new:Origin updated] Origin updated: OT: 2026-08-20 18:12:53,  Lat/Lon: -8.18572°/121.384°, Depth: 10
2026/08/21 01:14:36.113858 [Incident:Info:toast@toast-new:Magnitude updated] Magnitude updated: 5.21 (M)
2026/08/21 01:14:36.113902 [Simulation:Info:toast@toast-new:Simulation not generated] Magnitude 5.21 of event bmg2026qhlg is smaller than triggerMinMagnitude: no automatic simulation
2026/08/21 01:14:36.131984 [Incident:Info:toast@toast-new:Origin updated] Origin updated: OT: 2026-08-20 18:12:53,  Lat/Lon: -8.19207°/121.392°, Depth: 10
2026/08/21 01:14:36.132128 [Incident:Info:toast@toast-new:Magnitude updated] Magnitude updated: 5.12 (M)
2026/08/21 01:14:36.132163 [Simulation:Info:toast@toast-new:Simulation not generated] Magnitude 5.12 of event bmg2026qhlg is smaller than triggerMinMagnitude: no automatic simulation
2026/08/21 01:14:39.158197 [Incident:Info:toast@toast-new:Origin updated] Origin updated: OT: 2026-08-20 18:12:53,  Lat/Lon: -8.19207°/121.392°, Depth: 10
2026/08/21 01:14:39.158364 [Incident:Info:toast@toast-new:Magnitude updated] Magnitude updated: 5.14 (M)
2026/08/21 01:14:39.158407 [Simulation:Info:toast@toast-new:Simulation not generated] Magnitude 5.14 of event bmg2026qhlg is smaller than triggerMinMagnitude: no automatic simulation
2026/08/21 01:14:39.659180 [Incident:Info:toast@toast-new:Origin updated] Origin updated: OT: 2026-08-20 18:12:53,  Lat/Lon: -8.19207°/121.392°, Depth: 10
2026/08/21 01:14:39.659324 [Incident:Info:toast@toast-new:Magnitude updated] Magnitude updated: 5.16 (M)
2026/08/21 01:14:39.659357 [Simulation:Info:toast@toast-new:Simulation not generated] Magnitude 5.16 of event bmg2026qhlg is smaller than triggerMinMagnitude: no automatic simulation
2026/08/21 01:14:44.699874 [Incident:Info:toast@toast-new:Origin updated] Origin updated: OT: 2026-08-20 18:12:53,  Lat/Lon: -8.19207°/121.392°, Depth: 10
2026/08/21 01:14:44.700027 [Incident:Info:toast@toast-new:Magnitude updated] Magnitude updated: 5.21 (M)
2026/08/21 01:14:44.700069 [Simulation:Info:toast@toast-new:Simulation not generated] Magnitude 5.21 of event bmg2026qhlg is smaller than triggerMinMagnitude: no automatic simulation
2026/08/21 01:14:49.264174 [Incident:Info:toast@toast-new:Origin updated] Origin updated: OT: 2026-08-20 18:12:53,  Lat/Lon: -8.20334°/121.411°, Depth: 10
2026/08/21 01:14:49.264371 [Incident:Info:toast@toast-new:Magnitude updated] Magnitude updated: 5.18 (M)
2026/08/21 01:14:49.264409 [Simulation:Info:toast@toast-new:Simulation not generated] Magnitude 5.18 of event bmg2026qhlg is smaller than triggerMinMagnitude: no automatic simulation
2026/08/21 01:14:51.622623 [Incident:Info:toast@toast-new:Origin updated] Origin updated: OT: 2026-08-20 18:12:53,  Lat/Lon: -8.20581°/121.384°, Depth: 10
2026/08/21 01:14:51.622895 [Incident:Info:toast@toast-new:Magnitude updated] Magnitude updated: 5.22 (MLv)
2026/08/21 01:14:51.623004 [Simulation:Info:toast@toast-new:Simulation not generated] Magnitude 5.22 of event bmg2026qhlg is smaller than triggerMinMagnitude: no automatic simulation
2026/08/21 01:14:51.780462 [Incident:Info:toast@toast-new:Origin updated] Origin updated: OT: 2026-08-20 18:12:53,  Lat/Lon: -8.20581°/121.384°, Depth: 10
2026/08/21 01:14:51.780594 [Incident:Info:toast@toast-new:Magnitude updated] Magnitude updated: 5.29 (M)
2026/08/21 01:14:51.780651 [Simulation:Info:toast@toast-new:Simulation not generated] Magnitude 5.29 of event bmg2026qhlg is smaller than triggerMinMagnitude: no automatic simulation
2026/08/21 01:15:04.760711 [Incident:Info:toast@toast-new:Origin updated] Origin updated: OT: 2026-08-20 18:12:53,  Lat/Lon: -8.20581°/121.384°, Depth: 10
2026/08/21 01:15:04.760848 [Incident:Info:toast@toast-new:Magnitude updated] Magnitude updated: 5.29 (M)
2026/08/21 01:15:04.760883 [Simulation:Info:toast@toast-new:Simulation not generated] Magnitude 5.29 of event bmg2026qhlg is smaller than triggerMinMagnitude: no automatic simulation
2026/08/21 01:15:09.778290 [Incident:Info:toast@toast-new:Origin updated] Origin updated: OT: 2026-08-20 18:12:53,  Lat/Lon: -8.20581°/121.384°, Depth: 10
2026/08/21 01:15:09.778447 [Incident:Info:toast@toast-new:Magnitude updated] Magnitude updated: 5.30 (M)
2026/08/21 01:15:09.778490 [Simulation:Info:toast@toast-new:Simulation not generated] Magnitude 5.30 of event bmg2026qhlg is smaller than triggerMinMagnitude: no automatic simulation
2026/08/21 01:15:14.771440 [Incident:Info:toast@toast-new:Origin updated] Origin updated: OT: 2026-08-20 18:12:53,  Lat/Lon: -8.20581°/121.384°, Depth: 10
2026/08/21 01:15:14.771660 [Incident:Info:toast@toast-new:Magnitude updated] Magnitude updated: 5.30 (M)
2026/08/21 01:15:14.771728 [Simulation:Info:toast@toast-new:Simulation not generated] Magnitude 5.30 of event bmg2026qhlg is smaller than triggerMinMagnitude: no automatic simulation
2026/08/21 01:15:26.872275 [Incident:Info:toast@toast-new:Origin updated] Origin updated: OT: 2026-08-20 18:12:53,  Lat/Lon: -8.20581°/121.384°, Depth: 10
2026/08/21 01:15:26.872455 [Incident:Info:toast@toast-new:Magnitude updated] Magnitude updated: 5.30 (M)
2026/08/21 01:15:26.872500 [Simulation:Info:toast@toast-new:Simulation not generated] Magnitude 5.30 of event bmg2026qhlg is smaller than triggerMinMagnitude: no automatic simulation
2026/08/21 01:16:14.895505 [Incident:Info:toast@toast-new:Origin updated] Origin updated: OT: 2026-08-20 18:12:53,  Lat/Lon: -8.20581°/121.384°, Depth: 10
2026/08/21 01:16:14.895688 [Incident:Info:toast@toast-new:Magnitude updated] Magnitude updated: 5.30 (M)
2026/08/21 01:16:14.895736 [Simulation:Info:toast@toast-new:Simulation not generated] Magnitude 5.30 of event bmg2026qhlg is smaller than triggerMinMagnitude: no automatic simulation
2026/08/21 01:17:58.032896 [Incident:Info:toast@toast-new:Origin updated] Origin updated: OT: 2026-08-20 18:12:54,  Lat/Lon: -8.28221°/121.416°, Depth: 10
2026/08/21 01:17:58.033068 [Incident:Info:toast@toast-new:Magnitude updated] Magnitude updated: 5.28 (MLv)
2026/08/21 01:17:58.033113 [Simulation:Info:toast@toast-new:Simulation not generated] Magnitude 5.28 of event bmg2026qhlg is smaller than triggerMinMagnitude: no automatic simulation
2026/08/21 01:17:58.072797 [Incident:Info:toast@toast-new:Origin updated] Origin updated: OT: 2026-08-20 18:12:54,  Lat/Lon: -8.28221°/121.416°, Depth: 10
2026/08/21 01:17:58.072925 [Incident:Info:toast@toast-new:Magnitude updated] Magnitude updated: 5.10 (M)
2026/08/21 01:17:58.072985 [Simulation:Info:toast@toast-new:Simulation not generated] Magnitude 5.10 of event bmg2026qhlg is smaller than triggerMinMagnitude: no automatic simulation
2026/08/21 01:19:12.588228 [Incident:Info:toast@toast-new:Origin updated] Origin updated: OT: 2026-08-20 18:12:54,  Lat/Lon: -8.28221°/121.416°, Depth: 10
2026/08/21 01:19:12.588399 [Incident:Info:toast@toast-new:FM updated] FM updated
2026/08/21 01:19:12.588614 [Simulation:Info:toast@toast-new:Simulation not generated] Magnitude 5.10 of event bmg2026qhlg is smaller than triggerMinMagnitude: no automatic simulation
2026/08/21 01:21:10.265127 [Incident:Info:toast@toast-new:Origin updated] Origin updated: OT: 2026-08-20 18:12:55,  Lat/Lon: -8.33399°/121.447°, Depth: 23.076
2026/08/21 01:21:10.265347 [Incident:Info:toast@toast-new:Magnitude updated] Magnitude updated: 5.24 (mb)
2026/08/21 01:21:10.265406 [Simulation:Info:toast@toast-new:Simulation not generated] Magnitude 5.24 of event bmg2026qhlg is smaller than triggerMinMagnitude: no automatic simulation
2026/08/21 07:23:50.103928 [Incident:Info:toast@toast-new:Origin updated] Origin updated: OT: 2026-08-20 18:12:55,  Lat/Lon: -8.31172°/121.46°, Depth: 22.6805
2026/08/21 07:23:50.104259 [Incident:Info:toast@toast-new:Magnitude updated] Magnitude updated: 5.25 (mb)
2026/08/21 07:23:50.104303 [Incident:Info:toast@toast-new:FM updated] FM updated
2026/08/21 07:23:50.104499 [Simulation:Info:toast@toast-new:Simulation not generated] Magnitude 5.25 of event bmg2026qhlg is smaller than triggerMinMagnitude: no automatic simulation
2026/08/21 07:24:04.508656 [Incident:Info:toast@toast-new:Origin updated] Origin updated: OT: 2026-08-20 18:12:55,  Lat/Lon: -8.31573°/121.446°, Depth: 21.9824
2026/08/21 07:24:04.508878 [Incident:Info:toast@toast-new:Magnitude updated] Magnitude updated: 5.25 (mb)
2026/08/21 07:24:04.508924 [Simulation:Info:toast@toast-new:Simulation not generated] Magnitude 5.25 of event bmg2026qhlg is smaller than triggerMinMagnitude: no automatic simulation
2026/08/21 07:28:09.697138 [Incident:Info:toast@toast-new:Origin updated] Origin updated: OT: 2026-08-20 18:12:55,  Lat/Lon: -8.31573°/121.446°, Depth: 21.9824
2026/08/21 07:28:09.697317 [Incident:Info:toast@toast-new:FM updated] FM updated
2026/08/21 07:28:09.697535 [Simulation:Info:toast@toast-new:Simulation not generated] Magnitude 5.25 of event bmg2026qhlg is smaller than triggerMinMagnitude: no automatic simulation
2026/08/26 13:06:15.632259 [Incident:Info:toast@toast-new:Incident removed] Removed incident - Bye
