2026/08/17 10:38:34.858658 [Incident:Info:toast@toast-new:Displacement(s) updated] Added 0 and changed 0 displacements with 0 amplitudes
2026/08/17 10:38:34.859316 [Incident:Info:toast@toast-new:Incident created] Incident created based on event received from messaging: OT: 2026-08-17 03:36:41,  Lat/Lon: -8.26°/121.25°, Depth: 10.00, Mag: 5.35 (M)
2026/08/17 10:38:34.859938 [Simulation:Info:toast@toast-new:Simulation not generated] Magnitude 5.35 of event bmg2026qavw is smaller than triggerMinMagnitude: no automatic simulation
2026/08/17 10:38:34.880484 [Incident:Info:toast@toast-new:Origin updated] Origin updated: OT: 2026-08-17 03:36:41,  Lat/Lon: -8.26498°/121.249°, Depth: 10
2026/08/17 10:38:34.880628 [Simulation:Info:toast@toast-new:Simulation not generated] Magnitude 5.35 of event bmg2026qavw is smaller than triggerMinMagnitude: no automatic simulation
2026/08/17 10:38:39.795028 [Incident:Info:toast@toast-new:Origin updated] Origin updated: OT: 2026-08-17 03:36:41,  Lat/Lon: -8.26498°/121.249°, Depth: 10
2026/08/17 10:38:39.795187 [Incident:Info:toast@toast-new:Magnitude updated] Magnitude updated: 5.36 (M)
2026/08/17 10:38:39.795220 [Simulation:Info:toast@toast-new:Simulation not generated] Magnitude 5.36 of event bmg2026qavw is smaller than triggerMinMagnitude: no automatic simulation
2026/08/17 10:38:43.109379 [Incident:Info:toast@toast-new:Origin updated] Origin updated: OT: 2026-08-17 03:36:41,  Lat/Lon: -8.32597°/121.298°, Depth: 10
2026/08/17 10:38:43.109635 [Incident:Info:toast@toast-new:Magnitude updated] Magnitude updated: 5.45 (M)
2026/08/17 10:38:43.109726 [Simulation:Info:toast@toast-new:Simulation not generated] Magnitude 5.45 of event bmg2026qavw is smaller than triggerMinMagnitude: no automatic simulation
2026/08/17 10:38:49.686838 [Incident:Info:toast@toast-new:Origin updated] Origin updated: OT: 2026-08-17 03:36:41,  Lat/Lon: -8.32597°/121.298°, Depth: 10
2026/08/17 10:38:49.687004 [Incident:Info:toast@toast-new:Magnitude updated] Magnitude updated: 5.46 (M)
2026/08/17 10:38:49.687045 [Simulation:Info:toast@toast-new:Simulation not generated] Magnitude 5.46 of event bmg2026qavw is smaller than triggerMinMagnitude: no automatic simulation
2026/08/17 10:38:54.153012 [Incident:Info:toast@toast-new:Origin updated] Origin updated: OT: 2026-08-17 03:36:41,  Lat/Lon: -8.32597°/121.298°, Depth: 10
2026/08/17 10:38:54.153155 [Incident:Info:toast@toast-new:Magnitude updated] Magnitude updated: 5.46 (M)
2026/08/17 10:38:54.153185 [Simulation:Info:toast@toast-new:Simulation not generated] Magnitude 5.46 of event bmg2026qavw is smaller than triggerMinMagnitude: no automatic simulation
2026/08/17 10:38:54.175657 [Incident:Info:toast@toast-new:Origin updated] Origin updated: OT: 2026-08-17 03:36:41,  Lat/Lon: -8.31682°/121.298°, Depth: 10
2026/08/17 10:38:54.175781 [Incident:Info:toast@toast-new:Magnitude updated] Magnitude updated: 5.42 (M)
2026/08/17 10:38:54.175827 [Simulation:Info:toast@toast-new:Simulation not generated] Magnitude 5.42 of event bmg2026qavw is smaller than triggerMinMagnitude: no automatic simulation
2026/08/17 10:38:54.656192 [Incident:Info:toast@toast-new:Origin updated] Origin updated: OT: 2026-08-17 03:36:41,  Lat/Lon: -8.31682°/121.298°, Depth: 10
2026/08/17 10:38:54.656360 [Incident:Info:toast@toast-new:Magnitude updated] Magnitude updated: 5.42 (M)
2026/08/17 10:38:54.656406 [Simulation:Info:toast@toast-new:Simulation not generated] Magnitude 5.42 of event bmg2026qavw is smaller than triggerMinMagnitude: no automatic simulation
2026/08/17 10:38:59.740987 [Incident:Info:toast@toast-new:Origin updated] Origin updated: OT: 2026-08-17 03:36:41,  Lat/Lon: -8.31682°/121.298°, Depth: 10
2026/08/17 10:38:59.741138 [Incident:Info:toast@toast-new:Magnitude updated] Magnitude updated: 5.43 (M)
2026/08/17 10:38:59.741175 [Simulation:Info:toast@toast-new:Simulation not generated] Magnitude 5.43 of event bmg2026qavw is smaller than triggerMinMagnitude: no automatic simulation
2026/08/17 10:38:59.992153 [Incident:Info:toast@toast-new:Origin updated] Origin updated: OT: 2026-08-17 03:36:41,  Lat/Lon: -8.32597°/121.298°, Depth: 10
2026/08/17 10:38:59.992377 [Incident:Info:toast@toast-new:Magnitude updated] Magnitude updated: 5.33 (MLv)
2026/08/17 10:38:59.992453 [Simulation:Info:toast@toast-new:Simulation not generated] Magnitude 5.33 of event bmg2026qavw is smaller than triggerMinMagnitude: no automatic simulation
2026/08/17 10:39:00.012007 [Incident:Info:toast@toast-new:Origin updated] Origin updated: OT: 2026-08-17 03:36:41,  Lat/Lon: -8.32597°/121.298°, Depth: 10
2026/08/17 10:39:00.012121 [Incident:Info:toast@toast-new:Magnitude updated] Magnitude updated: 5.47 (M)
2026/08/17 10:39:00.012161 [Simulation:Info:toast@toast-new:Simulation not generated] Magnitude 5.47 of event bmg2026qavw is smaller than triggerMinMagnitude: no automatic simulation
2026/08/17 10:39:03.873961 [Incident:Info:toast@toast-new:Origin updated] Origin updated: OT: 2026-08-17 03:36:41,  Lat/Lon: -8.32597°/121.298°, Depth: 10
2026/08/17 10:39:03.874170 [Incident:Info:toast@toast-new:Magnitude updated] Magnitude updated: 5.47 (M)
2026/08/17 10:39:03.874231 [Simulation:Info:toast@toast-new:Simulation not generated] Magnitude 5.47 of event bmg2026qavw is smaller than triggerMinMagnitude: no automatic simulation
2026/08/17 10:39:07.568403 [Incident:Info:toast@toast-new:Origin updated] Origin updated: OT: 2026-08-17 03:36:41,  Lat/Lon: -8.32597°/121.298°, Depth: 10
2026/08/17 10:39:07.568555 [Incident:Info:toast@toast-new:Magnitude updated] Magnitude updated: 5.47 (M)
2026/08/17 10:39:07.568592 [Simulation:Info:toast@toast-new:Simulation not generated] Magnitude 5.47 of event bmg2026qavw is smaller than triggerMinMagnitude: no automatic simulation
2026/08/17 10:39:14.755386 [Incident:Info:toast@toast-new:Origin updated] Origin updated: OT: 2026-08-17 03:36:41,  Lat/Lon: -8.32597°/121.298°, Depth: 10
2026/08/17 10:39:14.755563 [Incident:Info:toast@toast-new:Magnitude updated] Magnitude updated: 5.48 (M)
2026/08/17 10:39:14.755608 [Simulation:Info:toast@toast-new:Simulation not generated] Magnitude 5.48 of event bmg2026qavw is smaller than triggerMinMagnitude: no automatic simulation
2026/08/17 10:39:18.923335 [Incident:Info:toast@toast-new:Origin updated] Origin updated: OT: 2026-08-17 03:36:41,  Lat/Lon: -8.28116°/121.299°, Depth: 10
2026/08/17 10:39:18.923504 [Incident:Info:toast@toast-new:Magnitude updated] Magnitude updated: 5.35 (MLv)
2026/08/17 10:39:18.923561 [Simulation:Info:toast@toast-new:Simulation not generated] Magnitude 5.35 of event bmg2026qavw is smaller than triggerMinMagnitude: no automatic simulation
2026/08/17 10:39:19.056874 [Incident:Info:toast@toast-new:Origin updated] Origin updated: OT: 2026-08-17 03:36:41,  Lat/Lon: -8.28116°/121.299°, Depth: 10
2026/08/17 10:39:19.057029 [Incident:Info:toast@toast-new:Magnitude updated] Magnitude updated: 5.38 (M)
2026/08/17 10:39:19.057077 [Simulation:Info:toast@toast-new:Simulation not generated] Magnitude 5.38 of event bmg2026qavw is smaller than triggerMinMagnitude: no automatic simulation
2026/08/17 10:39:24.888857 [Incident:Info:toast@toast-new:Origin updated] Origin updated: OT: 2026-08-17 03:36:41,  Lat/Lon: -8.28116°/121.299°, Depth: 10
2026/08/17 10:39:24.889007 [Incident:Info:toast@toast-new:Magnitude updated] Magnitude updated: 5.42 (M)
2026/08/17 10:39:24.889041 [Simulation:Info:toast@toast-new:Simulation not generated] Magnitude 5.42 of event bmg2026qavw is smaller than triggerMinMagnitude: no automatic simulation
2026/08/17 10:39:29.840024 [Incident:Info:toast@toast-new:Origin updated] Origin updated: OT: 2026-08-17 03:36:41,  Lat/Lon: -8.28116°/121.299°, Depth: 10
2026/08/17 10:39:29.840179 [Incident:Info:toast@toast-new:Magnitude updated] Magnitude updated: 5.47 (M)
2026/08/17 10:39:29.840227 [Simulation:Info:toast@toast-new:Simulation not generated] Magnitude 5.47 of event bmg2026qavw is smaller than triggerMinMagnitude: no automatic simulation
2026/08/17 10:39:33.298875 [Incident:Info:toast@toast-new:Origin updated] Origin updated: OT: 2026-08-17 03:36:41,  Lat/Lon: -8.28116°/121.299°, Depth: 10
2026/08/17 10:39:33.299032 [Incident:Info:toast@toast-new:Magnitude updated] Magnitude updated: 5.47 (M)
2026/08/17 10:39:33.299072 [Simulation:Info:toast@toast-new:Simulation not generated] Magnitude 5.47 of event bmg2026qavw is smaller than triggerMinMagnitude: no automatic simulation
2026/08/17 10:39:34.638926 [Incident:Info:toast@toast-new:Origin updated] Origin updated: OT: 2026-08-17 03:36:41,  Lat/Lon: -8.28116°/121.299°, Depth: 10
2026/08/17 10:39:34.639074 [Incident:Info:toast@toast-new:Magnitude updated] Magnitude updated: 5.44 (M)
2026/08/17 10:39:34.639121 [Simulation:Info:toast@toast-new:Simulation not generated] Magnitude 5.44 of event bmg2026qavw is smaller than triggerMinMagnitude: no automatic simulation
2026/08/17 10:39:39.826946 [Incident:Info:toast@toast-new:Origin updated] Origin updated: OT: 2026-08-17 03:36:41,  Lat/Lon: -8.28116°/121.299°, Depth: 10
2026/08/17 10:39:39.827110 [Incident:Info:toast@toast-new:Magnitude updated] Magnitude updated: 5.45 (M)
2026/08/17 10:39:39.827145 [Simulation:Info:toast@toast-new:Simulation not generated] Magnitude 5.45 of event bmg2026qavw is smaller than triggerMinMagnitude: no automatic simulation
2026/08/17 10:39:44.804885 [Incident:Info:toast@toast-new:Origin updated] Origin updated: OT: 2026-08-17 03:36:41,  Lat/Lon: -8.28116°/121.299°, Depth: 10
2026/08/17 10:39:44.805049 [Incident:Info:toast@toast-new:Magnitude updated] Magnitude updated: 5.45 (M)
2026/08/17 10:39:44.805094 [Simulation:Info:toast@toast-new:Simulation not generated] Magnitude 5.45 of event bmg2026qavw is smaller than triggerMinMagnitude: no automatic simulation
2026/08/17 10:39:49.133128 [Incident:Info:toast@toast-new:Origin updated] Origin updated: OT: 2026-08-17 03:36:41,  Lat/Lon: -8.28116°/121.299°, Depth: 10
2026/08/17 10:39:49.133291 [Incident:Info:toast@toast-new:Magnitude updated] Magnitude updated: 5.45 (M)
2026/08/17 10:39:49.133344 [Simulation:Info:toast@toast-new:Simulation not generated] Magnitude 5.45 of event bmg2026qavw is smaller than triggerMinMagnitude: no automatic simulation
2026/08/17 10:39:54.782318 [Incident:Info:toast@toast-new:Origin updated] Origin updated: OT: 2026-08-17 03:36:41,  Lat/Lon: -8.28116°/121.299°, Depth: 10
2026/08/17 10:39:54.782466 [Incident:Info:toast@toast-new:Magnitude updated] Magnitude updated: 5.45 (M)
2026/08/17 10:39:54.782505 [Simulation:Info:toast@toast-new:Simulation not generated] Magnitude 5.45 of event bmg2026qavw is smaller than triggerMinMagnitude: no automatic simulation
2026/08/17 10:39:59.790889 [Incident:Info:toast@toast-new:Origin updated] Origin updated: OT: 2026-08-17 03:36:41,  Lat/Lon: -8.28116°/121.299°, Depth: 10
2026/08/17 10:39:59.791031 [Incident:Info:toast@toast-new:Magnitude updated] Magnitude updated: 5.45 (M)
2026/08/17 10:39:59.791058 [Simulation:Info:toast@toast-new:Simulation not generated] Magnitude 5.45 of event bmg2026qavw is smaller than triggerMinMagnitude: no automatic simulation
2026/08/17 10:40:04.822697 [Incident:Info:toast@toast-new:Origin updated] Origin updated: OT: 2026-08-17 03:36:41,  Lat/Lon: -8.28116°/121.299°, Depth: 10
2026/08/17 10:40:04.822851 [Incident:Info:toast@toast-new:Magnitude updated] Magnitude updated: 5.46 (M)
2026/08/17 10:40:04.822880 [Simulation:Info:toast@toast-new:Simulation not generated] Magnitude 5.46 of event bmg2026qavw is smaller than triggerMinMagnitude: no automatic simulation
2026/08/17 10:40:09.578464 [Incident:Info:toast@toast-new:Origin updated] Origin updated: OT: 2026-08-17 03:36:41,  Lat/Lon: -8.28116°/121.299°, Depth: 10
2026/08/17 10:40:09.578610 [Incident:Info:toast@toast-new:Magnitude updated] Magnitude updated: 5.46 (M)
2026/08/17 10:40:09.578637 [Simulation:Info:toast@toast-new:Simulation not generated] Magnitude 5.46 of event bmg2026qavw is smaller than triggerMinMagnitude: no automatic simulation
2026/08/17 10:40:09.718969 [Incident:Info:toast@toast-new:Origin updated] Origin updated: OT: 2026-08-17 03:36:41,  Lat/Lon: -8.28116°/121.299°, Depth: 10
2026/08/17 10:40:09.719113 [Incident:Info:toast@toast-new:Magnitude updated] Magnitude updated: 5.46 (M)
2026/08/17 10:40:09.719141 [Simulation:Info:toast@toast-new:Simulation not generated] Magnitude 5.46 of event bmg2026qavw is smaller than triggerMinMagnitude: no automatic simulation
2026/08/17 10:40:11.013967 [Incident:Info:toast@toast-new:Origin updated] Origin updated: OT: 2026-08-17 03:36:41,  Lat/Lon: -8.32706°/121.32°, Depth: 10
2026/08/17 10:40:11.014108 [Incident:Info:toast@toast-new:Magnitude updated] Magnitude updated: 5.40 (MLv)
2026/08/17 10:40:11.014153 [Simulation:Info:toast@toast-new:Simulation not generated] Magnitude 5.40 of event bmg2026qavw is smaller than triggerMinMagnitude: no automatic simulation
2026/08/17 10:40:11.084355 [Incident:Info:toast@toast-new:Origin updated] Origin updated: OT: 2026-08-17 03:36:41,  Lat/Lon: -8.32706°/121.32°, Depth: 10
2026/08/17 10:40:11.084515 [Incident:Info:toast@toast-new:Magnitude updated] Magnitude updated: 5.54 (M)
2026/08/17 10:40:11.084593 [Simulation:Info:toast@toast-new:Simulation not generated] Magnitude 5.54 of event bmg2026qavw is smaller than triggerMinMagnitude: no automatic simulation
2026/08/17 10:40:14.724110 [Incident:Info:toast@toast-new:Origin updated] Origin updated: OT: 2026-08-17 03:36:41,  Lat/Lon: -8.32706°/121.32°, Depth: 10
2026/08/17 10:40:14.724257 [Incident:Info:toast@toast-new:Magnitude updated] Magnitude updated: 5.54 (M)
2026/08/17 10:40:14.724288 [Simulation:Info:toast@toast-new:Simulation not generated] Magnitude 5.54 of event bmg2026qavw is smaller than triggerMinMagnitude: no automatic simulation
2026/08/17 10:40:17.751098 [Incident:Info:toast@toast-new:Origin updated] Origin updated: OT: 2026-08-17 03:36:41,  Lat/Lon: -8.32706°/121.32°, Depth: 10
2026/08/17 10:40:17.751267 [Incident:Info:toast@toast-new:Magnitude updated] Magnitude updated: 5.54 (M)
2026/08/17 10:40:17.751302 [Simulation:Info:toast@toast-new:Simulation not generated] Magnitude 5.54 of event bmg2026qavw is smaller than triggerMinMagnitude: no automatic simulation
2026/08/17 10:40:24.718096 [Incident:Info:toast@toast-new:Origin updated] Origin updated: OT: 2026-08-17 03:36:41,  Lat/Lon: -8.32706°/121.32°, Depth: 10
2026/08/17 10:40:24.718281 [Incident:Info:toast@toast-new:Magnitude updated] Magnitude updated: 5.55 (M)
2026/08/17 10:40:24.718328 [Simulation:Info:toast@toast-new:Simulation not generated] Magnitude 5.55 of event bmg2026qavw is smaller than triggerMinMagnitude: no automatic simulation
2026/08/17 10:40:29.773001 [Incident:Info:toast@toast-new:Origin updated] Origin updated: OT: 2026-08-17 03:36:41,  Lat/Lon: -8.32706°/121.32°, Depth: 10
2026/08/17 10:40:29.773152 [Incident:Info:toast@toast-new:Magnitude updated] Magnitude updated: 5.55 (M)
2026/08/17 10:40:29.773187 [Simulation:Info:toast@toast-new:Simulation not generated] Magnitude 5.55 of event bmg2026qavw is smaller than triggerMinMagnitude: no automatic simulation
2026/08/17 10:40:34.708526 [Incident:Info:toast@toast-new:Origin updated] Origin updated: OT: 2026-08-17 03:36:41,  Lat/Lon: -8.32706°/121.32°, Depth: 10
2026/08/17 10:40:34.708692 [Incident:Info:toast@toast-new:Magnitude updated] Magnitude updated: 5.55 (M)
2026/08/17 10:40:34.708727 [Simulation:Info:toast@toast-new:Simulation not generated] Magnitude 5.55 of event bmg2026qavw is smaller than triggerMinMagnitude: no automatic simulation
2026/08/17 10:40:35.930570 [Incident:Info:toast@toast-new:Origin updated] Origin updated: OT: 2026-08-17 03:36:41,  Lat/Lon: -8.32706°/121.32°, Depth: 10
2026/08/17 10:40:35.930721 [Incident:Info:toast@toast-new:FM updated] FM updated
2026/08/17 10:40:35.930992 [Simulation:Info:toast@toast-new:Simulation not generated] Magnitude 5.55 of event bmg2026qavw is smaller than triggerMinMagnitude: no automatic simulation
2026/08/17 10:40:39.683803 [Incident:Info:toast@toast-new:Origin updated] Origin updated: OT: 2026-08-17 03:36:41,  Lat/Lon: -8.32706°/121.32°, Depth: 10
2026/08/17 10:40:39.683946 [Incident:Info:toast@toast-new:Magnitude updated] Magnitude updated: 5.55 (M)
2026/08/17 10:40:39.683974 [Simulation:Info:toast@toast-new:Simulation not generated] Magnitude 5.55 of event bmg2026qavw is smaller than triggerMinMagnitude: no automatic simulation
2026/08/17 10:40:44.764217 [Incident:Info:toast@toast-new:Origin updated] Origin updated: OT: 2026-08-17 03:36:41,  Lat/Lon: -8.32706°/121.32°, Depth: 10
2026/08/17 10:40:44.764404 [Incident:Info:toast@toast-new:Magnitude updated] Magnitude updated: 5.55 (M)
2026/08/17 10:40:44.764447 [Simulation:Info:toast@toast-new:Simulation not generated] Magnitude 5.55 of event bmg2026qavw is smaller than triggerMinMagnitude: no automatic simulation
2026/08/17 10:40:45.395655 [Incident:Info:toast@toast-new:Origin updated] Origin updated: OT: 2026-08-17 03:36:41,  Lat/Lon: -8.32706°/121.32°, Depth: 10
2026/08/17 10:40:45.395835 [Incident:Info:toast@toast-new:FM updated] FM updated
2026/08/17 10:40:45.396212 [Simulation:Info:toast@toast-new:Simulation not generated] Magnitude 5.55 of event bmg2026qavw is smaller than triggerMinMagnitude: no automatic simulation
2026/08/17 10:40:54.707738 [Incident:Info:toast@toast-new:Origin updated] Origin updated: OT: 2026-08-17 03:36:41,  Lat/Lon: -8.32706°/121.32°, Depth: 10
2026/08/17 10:40:54.707906 [Incident:Info:toast@toast-new:Magnitude updated] Magnitude updated: 5.55 (M)
2026/08/17 10:40:54.707962 [Simulation:Info:toast@toast-new:Simulation not generated] Magnitude 5.55 of event bmg2026qavw is smaller than triggerMinMagnitude: no automatic simulation
2026/08/17 10:40:55.366709 [Incident:Info:toast@toast-new:Origin updated] Origin updated: OT: 2026-08-17 03:36:41,  Lat/Lon: -8.32706°/121.32°, Depth: 10
2026/08/17 10:40:55.366882 [Incident:Info:toast@toast-new:FM updated] FM updated
2026/08/17 10:40:55.367216 [Simulation:Info:toast@toast-new:Simulation not generated] Magnitude 5.55 of event bmg2026qavw is smaller than triggerMinMagnitude: no automatic simulation
2026/08/17 10:40:59.810834 [Incident:Info:toast@toast-new:Origin updated] Origin updated: OT: 2026-08-17 03:36:41,  Lat/Lon: -8.32706°/121.32°, Depth: 10
2026/08/17 10:40:59.810998 [Incident:Info:toast@toast-new:Magnitude updated] Magnitude updated: 5.55 (M)
2026/08/17 10:40:59.811037 [Simulation:Info:toast@toast-new:Simulation not generated] Magnitude 5.55 of event bmg2026qavw is smaller than triggerMinMagnitude: no automatic simulation
2026/08/17 10:41:09.774639 [Incident:Info:toast@toast-new:Origin updated] Origin updated: OT: 2026-08-17 03:36:41,  Lat/Lon: -8.32706°/121.32°, Depth: 10
2026/08/17 10:41:09.774806 [Incident:Info:toast@toast-new:Magnitude updated] Magnitude updated: 5.55 (M)
2026/08/17 10:41:09.774841 [Simulation:Info:toast@toast-new:Simulation not generated] Magnitude 5.55 of event bmg2026qavw is smaller than triggerMinMagnitude: no automatic simulation
2026/08/17 10:41:19.764484 [Incident:Info:toast@toast-new:Origin updated] Origin updated: OT: 2026-08-17 03:36:41,  Lat/Lon: -8.32706°/121.32°, Depth: 10
2026/08/17 10:41:19.764633 [Incident:Info:toast@toast-new:Magnitude updated] Magnitude updated: 5.56 (M)
2026/08/17 10:41:19.764663 [Simulation:Info:toast@toast-new:Simulation not generated] Magnitude 5.56 of event bmg2026qavw is smaller than triggerMinMagnitude: no automatic simulation
2026/08/17 10:41:25.442794 [Incident:Info:toast@toast-new:Origin updated] Origin updated: OT: 2026-08-17 03:36:41,  Lat/Lon: -8.32706°/121.32°, Depth: 10
2026/08/17 10:41:25.442934 [Incident:Info:toast@toast-new:FM updated] FM updated
2026/08/17 10:41:25.443183 [Simulation:Info:toast@toast-new:Simulation not generated] Magnitude 5.56 of event bmg2026qavw is smaller than triggerMinMagnitude: no automatic simulation
2026/08/17 10:41:30.546059 [Incident:Info:toast@toast-new:Origin updated] Origin updated: OT: 2026-08-17 03:36:41,  Lat/Lon: -8.36077°/121.349°, Depth: 10
2026/08/17 10:41:30.546227 [Incident:Info:toast@toast-new:Magnitude updated] Magnitude updated: 5.42 (mb)
2026/08/17 10:41:30.546280 [Simulation:Info:toast@toast-new:Simulation not generated] Magnitude 5.42 of event bmg2026qavw is smaller than triggerMinMagnitude: no automatic simulation
2026/08/17 10:41:30.616333 [Incident:Info:toast@toast-new:Origin updated] Origin updated: OT: 2026-08-17 03:36:41,  Lat/Lon: -8.36077°/121.349°, Depth: 10
2026/08/17 10:41:30.616470 [Incident:Info:toast@toast-new:Magnitude updated] Magnitude updated: 5.35 (M)
2026/08/17 10:41:30.616493 [Simulation:Info:toast@toast-new:Simulation not generated] Magnitude 5.35 of event bmg2026qavw is smaller than triggerMinMagnitude: no automatic simulation
2026/08/17 10:41:34.657611 [Incident:Info:toast@toast-new:Origin updated] Origin updated: OT: 2026-08-17 03:36:41,  Lat/Lon: -8.36077°/121.349°, Depth: 10
2026/08/17 10:41:34.657756 [Incident:Info:toast@toast-new:Magnitude updated] Magnitude updated: 5.36 (M)
2026/08/17 10:41:34.657791 [Simulation:Info:toast@toast-new:Simulation not generated] Magnitude 5.36 of event bmg2026qavw is smaller than triggerMinMagnitude: no automatic simulation
2026/08/17 10:41:39.765173 [Incident:Info:toast@toast-new:Origin updated] Origin updated: OT: 2026-08-17 03:36:41,  Lat/Lon: -8.36077°/121.349°, Depth: 10
2026/08/17 10:41:39.765341 [Incident:Info:toast@toast-new:Magnitude updated] Magnitude updated: 5.36 (M)
2026/08/17 10:41:39.765383 [Simulation:Info:toast@toast-new:Simulation not generated] Magnitude 5.36 of event bmg2026qavw is smaller than triggerMinMagnitude: no automatic simulation
2026/08/17 10:41:44.633251 [Incident:Info:toast@toast-new:Origin updated] Origin updated: OT: 2026-08-17 03:36:41,  Lat/Lon: -8.36077°/121.349°, Depth: 10
2026/08/17 10:41:44.633388 [Incident:Info:toast@toast-new:Magnitude updated] Magnitude updated: 5.36 (M)
2026/08/17 10:41:44.633420 [Simulation:Info:toast@toast-new:Simulation not generated] Magnitude 5.36 of event bmg2026qavw is smaller than triggerMinMagnitude: no automatic simulation
2026/08/17 10:41:54.659625 [Incident:Info:toast@toast-new:Origin updated] Origin updated: OT: 2026-08-17 03:36:41,  Lat/Lon: -8.36077°/121.349°, Depth: 10
2026/08/17 10:41:54.659794 [Incident:Info:toast@toast-new:Magnitude updated] Magnitude updated: 5.36 (M)
2026/08/17 10:41:54.659828 [Simulation:Info:toast@toast-new:Simulation not generated] Magnitude 5.36 of event bmg2026qavw is smaller than triggerMinMagnitude: no automatic simulation
2026/08/17 10:42:05.625699 [Incident:Info:toast@toast-new:Origin updated] Origin updated: OT: 2026-08-17 03:36:41,  Lat/Lon: -8.36077°/121.349°, Depth: 10
2026/08/17 10:42:05.625864 [Incident:Info:toast@toast-new:FM updated] FM updated
2026/08/17 10:42:05.626128 [Simulation:Info:toast@toast-new:Simulation not generated] Magnitude 5.36 of event bmg2026qavw is smaller than triggerMinMagnitude: no automatic simulation
2026/08/17 10:42:15.823665 [Incident:Info:toast@toast-new:Origin updated] Origin updated: OT: 2026-08-17 03:36:41,  Lat/Lon: -8.36077°/121.349°, Depth: 10
2026/08/17 10:42:15.823816 [Incident:Info:toast@toast-new:FM updated] FM updated
2026/08/17 10:42:15.824057 [Simulation:Info:toast@toast-new:Simulation not generated] Magnitude 5.36 of event bmg2026qavw is smaller than triggerMinMagnitude: no automatic simulation
2026/08/17 10:42:35.505644 [Incident:Info:toast@toast-new:Origin updated] Origin updated: OT: 2026-08-17 03:36:41,  Lat/Lon: -8.36077°/121.349°, Depth: 10
2026/08/17 10:42:35.505802 [Incident:Info:toast@toast-new:FM updated] FM updated
2026/08/17 10:42:35.506058 [Simulation:Info:toast@toast-new:Simulation not generated] Magnitude 5.36 of event bmg2026qavw is smaller than triggerMinMagnitude: no automatic simulation
2026/08/17 10:42:45.477319 [Incident:Info:toast@toast-new:Origin updated] Origin updated: OT: 2026-08-17 03:36:41,  Lat/Lon: -8.36077°/121.349°, Depth: 10
2026/08/17 10:42:45.477508 [Incident:Info:toast@toast-new:FM updated] FM updated
2026/08/17 10:42:45.477888 [Simulation:Info:toast@toast-new:Simulation not generated] Magnitude 5.36 of event bmg2026qavw is smaller than triggerMinMagnitude: no automatic simulation
2026/08/17 10:42:55.587894 [Incident:Info:toast@toast-new:Origin updated] Origin updated: OT: 2026-08-17 03:36:41,  Lat/Lon: -8.36077°/121.349°, Depth: 10
2026/08/17 10:42:55.588062 [Incident:Info:toast@toast-new:FM updated] FM updated
2026/08/17 10:42:55.588383 [Simulation:Info:toast@toast-new:Simulation not generated] Magnitude 5.36 of event bmg2026qavw is smaller than triggerMinMagnitude: no automatic simulation
2026/08/17 10:43:15.679769 [Incident:Info:toast@toast-new:Origin updated] Origin updated: OT: 2026-08-17 03:36:41,  Lat/Lon: -8.36077°/121.349°, Depth: 10
2026/08/17 10:43:15.679923 [Incident:Info:toast@toast-new:FM updated] FM updated
2026/08/17 10:43:15.680168 [Simulation:Info:toast@toast-new:Simulation not generated] Magnitude 5.36 of event bmg2026qavw is smaller than triggerMinMagnitude: no automatic simulation
2026/08/17 10:43:26.013485 [Incident:Info:toast@toast-new:Origin updated] Origin updated: OT: 2026-08-17 03:36:41,  Lat/Lon: -8.36077°/121.349°, Depth: 10
2026/08/17 10:43:26.013658 [Incident:Info:toast@toast-new:FM updated] FM updated
2026/08/17 10:43:26.013945 [Simulation:Info:toast@toast-new:Simulation not generated] Magnitude 5.36 of event bmg2026qavw is smaller than triggerMinMagnitude: no automatic simulation
2026/08/17 10:43:35.756260 [Incident:Info:toast@toast-new:Origin updated] Origin updated: OT: 2026-08-17 03:36:41,  Lat/Lon: -8.36077°/121.349°, Depth: 10
2026/08/17 10:43:35.756434 [Simulation:Info:toast@toast-new:Simulation not generated] Magnitude 5.36 of event bmg2026qavw is smaller than triggerMinMagnitude: no automatic simulation
2026/08/17 10:43:42.063407 [Incident:Info:toast@toast-new:Origin updated] Origin updated: OT: 2026-08-17 03:36:41,  Lat/Lon: -8.36077°/121.349°, Depth: 10
2026/08/17 10:43:42.063550 [Incident:Info:toast@toast-new:FM updated] FM updated
2026/08/17 10:43:42.063780 [Simulation:Info:toast@toast-new:Simulation not generated] Magnitude 5.36 of event bmg2026qavw is smaller than triggerMinMagnitude: no automatic simulation
2026/08/17 10:45:52.534836 [Incident:Info:toast@toast-new:Origin updated] Origin updated: OT: 2026-08-17 03:36:43,  Lat/Lon: -8.37818°/121.352°, Depth: 30
2026/08/17 10:45:52.534999 [Incident:Info:toast@toast-new:Magnitude updated] Magnitude updated: 5.41 (mb)
2026/08/17 10:45:52.535045 [Simulation:Info:toast@toast-new:Simulation not generated] Magnitude 5.41 of event bmg2026qavw is smaller than triggerMinMagnitude: no automatic simulation
2026/08/17 10:45:52.606241 [Incident:Info:toast@toast-new:Origin updated] Origin updated: OT: 2026-08-17 03:36:43,  Lat/Lon: -8.37818°/121.352°, Depth: 30
2026/08/17 10:45:52.606343 [Incident:Info:toast@toast-new:Magnitude updated] Magnitude updated: 5.36 (M)
2026/08/17 10:45:52.606368 [Simulation:Info:toast@toast-new:Simulation not generated] Magnitude 5.36 of event bmg2026qavw is smaller than triggerMinMagnitude: no automatic simulation
2026/08/17 10:46:06.829188 [Incident:Info:toast@toast-new:Origin updated] Origin updated: OT: 2026-08-17 03:36:43,  Lat/Lon: -8.37818°/121.352°, Depth: 30
2026/08/17 10:46:06.829372 [Incident:Info:toast@toast-new:Magnitude updated] Magnitude updated: 5.41 (mb)
2026/08/17 10:46:06.829426 [Simulation:Info:toast@toast-new:Simulation not generated] Magnitude 5.41 of event bmg2026qavw is smaller than triggerMinMagnitude: no automatic simulation
2026/08/17 16:26:01.489183 [Incident:Info:toast@toast-new:Origin updated] Origin updated: OT: 2026-08-17 03:36:40,  Lat/Lon: -8.42912°/121.373°, Depth: 10
2026/08/17 16:26:01.489414 [Incident:Info:toast@toast-new:Magnitude updated] Magnitude updated: 5.36 (mb)
2026/08/17 16:26:01.489459 [Incident:Info:toast@toast-new:FM updated] FM updated
2026/08/17 16:26:01.489769 [Simulation:Info:toast@toast-new:Simulation not generated] Magnitude 5.36 of event bmg2026qavw is smaller than triggerMinMagnitude: no automatic simulation
2026/08/17 16:37:54.734556 [Incident:Info:toast@toast-new:Origin updated] Origin updated: OT: 2026-08-17 03:36:40,  Lat/Lon: -8.42912°/121.373°, Depth: 10
2026/08/17 16:37:54.734700 [Incident:Info:toast@toast-new:FM updated] FM updated
2026/08/17 16:37:54.734921 [Simulation:Info:toast@toast-new:Simulation not generated] Magnitude 5.36 of event bmg2026qavw is smaller than triggerMinMagnitude: no automatic simulation
2026/08/17 16:41:23.517759 [Incident:Info:toast@toast-new:Origin updated] Origin updated: OT: 2026-08-17 03:36:40,  Lat/Lon: -8.42912°/121.373°, Depth: 10
2026/08/17 16:41:23.517909 [Incident:Info:toast@toast-new:FM updated] FM updated
2026/08/17 16:41:23.518136 [Simulation:Info:toast@toast-new:Simulation not generated] Magnitude 5.36 of event bmg2026qavw is smaller than triggerMinMagnitude: no automatic simulation
