2026/08/15 19:16:38.471920 [Incident:Info:toast@toast-new:Displacement(s) updated] Added 0 and changed 0 displacements with 0 amplitudes
2026/08/15 19:16:38.474284 [Incident:Info:toast@toast-new:Incident created] Incident created based on event received from messaging: OT: 2026-08-15 12:14:41,  Lat/Lon: -8.25°/121.31°, Depth: 10.00, Mag: 5.06 (M)
2026/08/15 19:16:38.474944 [Simulation:Info:toast@toast-new:Simulation not generated] Magnitude 5.06 of event bmg2026pxvy is smaller than triggerMinMagnitude: no automatic simulation
2026/08/15 19:16:38.492859 [Incident:Info:toast@toast-new:Origin updated] Origin updated: OT: 2026-08-15 12:14:41,  Lat/Lon: -8.24633°/121.313°, Depth: 10
2026/08/15 19:16:38.492979 [Simulation:Info:toast@toast-new:Simulation not generated] Magnitude 5.06 of event bmg2026pxvy is smaller than triggerMinMagnitude: no automatic simulation
2026/08/15 19:16:39.691901 [Incident:Info:toast@toast-new:Origin updated] Origin updated: OT: 2026-08-15 12:14:41,  Lat/Lon: -8.24633°/121.313°, Depth: 10
2026/08/15 19:16:39.692079 [Incident:Info:toast@toast-new:Magnitude updated] Magnitude updated: 5.06 (M)
2026/08/15 19:16:39.692123 [Simulation:Info:toast@toast-new:Simulation not generated] Magnitude 5.06 of event bmg2026pxvy is smaller than triggerMinMagnitude: no automatic simulation
2026/08/15 19:16:39.974299 [Incident:Info:toast@toast-new:Origin updated] Origin updated: OT: 2026-08-15 12:14:41,  Lat/Lon: -8.25443°/121.275°, Depth: 10
2026/08/15 19:16:39.974458 [Incident:Info:toast@toast-new:Magnitude updated] Magnitude updated: 5.03 (MLv)
2026/08/15 19:16:39.974500 [Simulation:Info:toast@toast-new:Simulation not generated] Magnitude 5.03 of event bmg2026pxvy is smaller than triggerMinMagnitude: no automatic simulation
2026/08/15 19:16:39.994334 [Incident:Info:toast@toast-new:Origin updated] Origin updated: OT: 2026-08-15 12:14:41,  Lat/Lon: -8.25443°/121.275°, Depth: 10
2026/08/15 19:16:39.994433 [Incident:Info:toast@toast-new:Magnitude updated] Magnitude updated: 5.04 (M)
2026/08/15 19:16:39.994458 [Simulation:Info:toast@toast-new:Simulation not generated] Magnitude 5.04 of event bmg2026pxvy is smaller than triggerMinMagnitude: no automatic simulation
2026/08/15 19:16:44.658911 [Incident:Info:toast@toast-new:Origin updated] Origin updated: OT: 2026-08-15 12:14:41,  Lat/Lon: -8.25443°/121.275°, Depth: 10
2026/08/15 19:16:44.659043 [Incident:Info:toast@toast-new:Magnitude updated] Magnitude updated: 5.06 (M)
2026/08/15 19:16:44.659085 [Simulation:Info:toast@toast-new:Simulation not generated] Magnitude 5.06 of event bmg2026pxvy is smaller than triggerMinMagnitude: no automatic simulation
2026/08/15 19:16:49.727899 [Incident:Info:toast@toast-new:Origin updated] Origin updated: OT: 2026-08-15 12:14:41,  Lat/Lon: -8.25443°/121.275°, Depth: 10
2026/08/15 19:16:49.728069 [Incident:Info:toast@toast-new:Magnitude updated] Magnitude updated: 5.06 (M)
2026/08/15 19:16:49.728111 [Simulation:Info:toast@toast-new:Simulation not generated] Magnitude 5.06 of event bmg2026pxvy is smaller than triggerMinMagnitude: no automatic simulation
2026/08/15 19:16:54.651741 [Incident:Info:toast@toast-new:Origin updated] Origin updated: OT: 2026-08-15 12:14:41,  Lat/Lon: -8.25443°/121.275°, Depth: 10
2026/08/15 19:16:54.651899 [Incident:Info:toast@toast-new:Magnitude updated] Magnitude updated: 5.07 (M)
2026/08/15 19:16:54.651937 [Simulation:Info:toast@toast-new:Simulation not generated] Magnitude 5.07 of event bmg2026pxvy is smaller than triggerMinMagnitude: no automatic simulation
2026/08/15 19:16:59.741974 [Incident:Info:toast@toast-new:Origin updated] Origin updated: OT: 2026-08-15 12:14:41,  Lat/Lon: -8.25443°/121.275°, Depth: 10
2026/08/15 19:16:59.742124 [Incident:Info:toast@toast-new:Magnitude updated] Magnitude updated: 5.07 (M)
2026/08/15 19:16:59.742161 [Simulation:Info:toast@toast-new:Simulation not generated] Magnitude 5.07 of event bmg2026pxvy is smaller than triggerMinMagnitude: no automatic simulation
2026/08/15 19:17:04.753072 [Incident:Info:toast@toast-new:Origin updated] Origin updated: OT: 2026-08-15 12:14:41,  Lat/Lon: -8.25443°/121.275°, Depth: 10
2026/08/15 19:17:04.753262 [Incident:Info:toast@toast-new:Magnitude updated] Magnitude updated: 5.07 (M)
2026/08/15 19:17:04.753306 [Simulation:Info:toast@toast-new:Simulation not generated] Magnitude 5.07 of event bmg2026pxvy is smaller than triggerMinMagnitude: no automatic simulation
2026/08/15 19:17:09.738501 [Incident:Info:toast@toast-new:Origin updated] Origin updated: OT: 2026-08-15 12:14:41,  Lat/Lon: -8.25443°/121.275°, Depth: 10
2026/08/15 19:17:09.738671 [Incident:Info:toast@toast-new:Magnitude updated] Magnitude updated: 5.07 (M)
2026/08/15 19:17:09.738711 [Simulation:Info:toast@toast-new:Simulation not generated] Magnitude 5.07 of event bmg2026pxvy is smaller than triggerMinMagnitude: no automatic simulation
2026/08/15 19:17:14.788618 [Incident:Info:toast@toast-new:Origin updated] Origin updated: OT: 2026-08-15 12:14:41,  Lat/Lon: -8.25443°/121.275°, Depth: 10
2026/08/15 19:17:14.788752 [Incident:Info:toast@toast-new:Magnitude updated] Magnitude updated: 5.07 (M)
2026/08/15 19:17:14.788787 [Simulation:Info:toast@toast-new:Simulation not generated] Magnitude 5.07 of event bmg2026pxvy is smaller than triggerMinMagnitude: no automatic simulation
2026/08/15 19:17:19.771867 [Incident:Info:toast@toast-new:Origin updated] Origin updated: OT: 2026-08-15 12:14:41,  Lat/Lon: -8.25443°/121.275°, Depth: 10
2026/08/15 19:17:19.772050 [Incident:Info:toast@toast-new:Magnitude updated] Magnitude updated: 5.07 (M)
2026/08/15 19:17:19.772095 [Simulation:Info:toast@toast-new:Simulation not generated] Magnitude 5.07 of event bmg2026pxvy is smaller than triggerMinMagnitude: no automatic simulation
2026/08/15 19:17:24.561745 [Incident:Info:toast@toast-new:Origin updated] Origin updated: OT: 2026-08-15 12:14:41,  Lat/Lon: -8.25443°/121.275°, Depth: 10
2026/08/15 19:17:24.561905 [Incident:Info:toast@toast-new:Magnitude updated] Magnitude updated: 5.07 (M)
2026/08/15 19:17:24.561942 [Simulation:Info:toast@toast-new:Simulation not generated] Magnitude 5.07 of event bmg2026pxvy is smaller than triggerMinMagnitude: no automatic simulation
2026/08/15 19:18:09.830332 [Incident:Info:toast@toast-new:Origin updated] Origin updated: OT: 2026-08-15 12:14:41,  Lat/Lon: -8.25443°/121.275°, Depth: 10
2026/08/15 19:18:09.830515 [Incident:Info:toast@toast-new:Magnitude updated] Magnitude updated: 5.10 (M)
2026/08/15 19:18:09.830561 [Simulation:Info:toast@toast-new:Simulation not generated] Magnitude 5.10 of event bmg2026pxvy is smaller than triggerMinMagnitude: no automatic simulation
2026/08/15 19:19:53.017236 [Incident:Info:toast@toast-new:Origin updated] Origin updated: OT: 2026-08-15 12:14:41,  Lat/Lon: -8.24358°/121.282°, Depth: 10
2026/08/15 19:19:53.017435 [Incident:Info:toast@toast-new:Magnitude updated] Magnitude updated: 5.03 (MLv)
2026/08/15 19:19:53.017491 [Simulation:Info:toast@toast-new:Simulation not generated] Magnitude 5.03 of event bmg2026pxvy is smaller than triggerMinMagnitude: no automatic simulation
2026/08/15 19:19:53.076272 [Incident:Info:toast@toast-new:Origin updated] Origin updated: OT: 2026-08-15 12:14:41,  Lat/Lon: -8.24358°/121.282°, Depth: 10
2026/08/15 19:19:53.076411 [Incident:Info:toast@toast-new:Magnitude updated] Magnitude updated: 5.16 (M)
2026/08/15 19:19:53.076456 [Simulation:Info:toast@toast-new:Simulation not generated] Magnitude 5.16 of event bmg2026pxvy is smaller than triggerMinMagnitude: no automatic simulation
2026/08/15 19:22:20.158181 [Incident:Info:toast@toast-new:Origin updated] Origin updated: OT: 2026-08-15 12:14:41,  Lat/Lon: -8.24358°/121.282°, Depth: 10
2026/08/15 19:22:20.158345 [Incident:Info:toast@toast-new:Magnitude updated] Magnitude updated: 5.28 (Mw(mB))
2026/08/15 19:22:20.158397 [Simulation:Info:toast@toast-new:Simulation not generated] Magnitude 5.28 of event bmg2026pxvy is smaller than triggerMinMagnitude: no automatic simulation
