2026/08/16 17:33:18.391043 [Incident:Info:toast@toast-new:Displacement(s) updated] Added 0 and changed 0 displacements with 0 amplitudes
2026/08/16 17:33:18.392039 [Incident:Info:toast@toast-new:Incident created] Incident created based on event received from messaging: OT: 2026-08-16 10:31:36,  Lat/Lon: -7.94°/120.63°, Depth: 10.00, Mag: 5.07 (M)
2026/08/16 17:33:18.392674 [Simulation:Info:toast@toast-new:Simulation not generated] Magnitude 5.07 of event bmg2026pzoa is smaller than triggerMinMagnitude: no automatic simulation
2026/08/16 17:33:18.413415 [Incident:Info:toast@toast-new:Origin updated] Origin updated: OT: 2026-08-16 10:31:36,  Lat/Lon: -7.9397°/120.63°, Depth: 10
2026/08/16 17:33:18.413548 [Simulation:Info:toast@toast-new:Simulation not generated] Magnitude 5.07 of event bmg2026pzoa is smaller than triggerMinMagnitude: no automatic simulation
2026/08/16 17:33:19.618309 [Incident:Info:toast@toast-new:Origin updated] Origin updated: OT: 2026-08-16 10:31:36,  Lat/Lon: -7.9397°/120.63°, Depth: 10
2026/08/16 17:33:19.618465 [Incident:Info:toast@toast-new:Magnitude updated] Magnitude updated: 5.09 (M)
2026/08/16 17:33:19.618500 [Simulation:Info:toast@toast-new:Simulation not generated] Magnitude 5.09 of event bmg2026pzoa is smaller than triggerMinMagnitude: no automatic simulation
2026/08/16 17:33:24.666821 [Incident:Info:toast@toast-new:Origin updated] Origin updated: OT: 2026-08-16 10:31:36,  Lat/Lon: -7.9397°/120.63°, Depth: 10
2026/08/16 17:33:24.667000 [Incident:Info:toast@toast-new:Magnitude updated] Magnitude updated: 5.10 (M)
2026/08/16 17:33:24.667036 [Simulation:Info:toast@toast-new:Simulation not generated] Magnitude 5.10 of event bmg2026pzoa is smaller than triggerMinMagnitude: no automatic simulation
2026/08/16 17:33:29.663041 [Incident:Info:toast@toast-new:Origin updated] Origin updated: OT: 2026-08-16 10:31:36,  Lat/Lon: -7.9397°/120.63°, Depth: 10
2026/08/16 17:33:29.663228 [Incident:Info:toast@toast-new:Magnitude updated] Magnitude updated: 5.12 (M)
2026/08/16 17:33:29.663265 [Simulation:Info:toast@toast-new:Simulation not generated] Magnitude 5.12 of event bmg2026pzoa is smaller than triggerMinMagnitude: no automatic simulation
2026/08/16 17:33:31.626644 [Incident:Info:toast@toast-new:Origin updated] Origin updated: OT: 2026-08-16 10:31:36,  Lat/Lon: -7.9397°/120.63°, Depth: 10
2026/08/16 17:33:31.626772 [Incident:Info:toast@toast-new:Magnitude updated] Magnitude updated: 5.12 (M)
2026/08/16 17:33:31.626800 [Simulation:Info:toast@toast-new:Simulation not generated] Magnitude 5.12 of event bmg2026pzoa is smaller than triggerMinMagnitude: no automatic simulation
2026/08/16 17:33:31.646751 [Incident:Info:toast@toast-new:Origin updated] Origin updated: OT: 2026-08-16 10:31:37,  Lat/Lon: -7.92502°/120.614°, Depth: 10
2026/08/16 17:33:31.646868 [Incident:Info:toast@toast-new:Magnitude updated] Magnitude updated: 5.07 (M)
2026/08/16 17:33:31.646889 [Simulation:Info:toast@toast-new:Simulation not generated] Magnitude 5.07 of event bmg2026pzoa is smaller than triggerMinMagnitude: no automatic simulation
2026/08/16 17:33:34.647914 [Incident:Info:toast@toast-new:Origin updated] Origin updated: OT: 2026-08-16 10:31:37,  Lat/Lon: -7.92502°/120.614°, Depth: 10
2026/08/16 17:33:34.648059 [Incident:Info:toast@toast-new:Magnitude updated] Magnitude updated: 5.07 (M)
2026/08/16 17:33:34.648089 [Simulation:Info:toast@toast-new:Simulation not generated] Magnitude 5.07 of event bmg2026pzoa is smaller than triggerMinMagnitude: no automatic simulation
2026/08/16 17:33:39.713929 [Incident:Info:toast@toast-new:Origin updated] Origin updated: OT: 2026-08-16 10:31:37,  Lat/Lon: -7.92502°/120.614°, Depth: 10
2026/08/16 17:33:39.714090 [Incident:Info:toast@toast-new:Magnitude updated] Magnitude updated: 5.07 (M)
2026/08/16 17:33:39.714123 [Simulation:Info:toast@toast-new:Simulation not generated] Magnitude 5.07 of event bmg2026pzoa is smaller than triggerMinMagnitude: no automatic simulation
2026/08/16 17:33:44.704990 [Incident:Info:toast@toast-new:Origin updated] Origin updated: OT: 2026-08-16 10:31:37,  Lat/Lon: -7.92502°/120.614°, Depth: 10
2026/08/16 17:33:44.705179 [Incident:Info:toast@toast-new:Magnitude updated] Magnitude updated: 5.08 (M)
2026/08/16 17:33:44.705216 [Simulation:Info:toast@toast-new:Simulation not generated] Magnitude 5.08 of event bmg2026pzoa is smaller than triggerMinMagnitude: no automatic simulation
2026/08/16 17:33:49.363742 [Incident:Info:toast@toast-new:Origin updated] Origin updated: OT: 2026-08-16 10:31:37,  Lat/Lon: -7.93372°/120.648°, Depth: 10
2026/08/16 17:33:49.363893 [Incident:Info:toast@toast-new:Magnitude updated] Magnitude updated: 5.09 (M)
2026/08/16 17:33:49.363920 [Simulation:Info:toast@toast-new:Simulation not generated] Magnitude 5.09 of event bmg2026pzoa is smaller than triggerMinMagnitude: no automatic simulation
2026/08/16 17:33:49.664791 [Incident:Info:toast@toast-new:Origin updated] Origin updated: OT: 2026-08-16 10:31:37,  Lat/Lon: -7.93372°/120.648°, Depth: 10
2026/08/16 17:33:49.664934 [Incident:Info:toast@toast-new:Magnitude updated] Magnitude updated: 5.10 (M)
2026/08/16 17:33:49.664963 [Simulation:Info:toast@toast-new:Simulation not generated] Magnitude 5.10 of event bmg2026pzoa is smaller than triggerMinMagnitude: no automatic simulation
2026/08/16 17:33:51.538350 [Incident:Info:toast@toast-new:Origin updated] Origin updated: OT: 2026-08-16 10:31:37,  Lat/Lon: -7.92754°/120.624°, Depth: 10
2026/08/16 17:33:51.538523 [Incident:Info:toast@toast-new:Magnitude updated] Magnitude updated: 5.10 (MLv)
2026/08/16 17:33:51.538564 [Simulation:Info:toast@toast-new:Simulation not generated] Magnitude 5.10 of event bmg2026pzoa is smaller than triggerMinMagnitude: no automatic simulation
2026/08/16 17:33:51.683376 [Incident:Info:toast@toast-new:Origin updated] Origin updated: OT: 2026-08-16 10:31:37,  Lat/Lon: -7.92754°/120.624°, Depth: 10
2026/08/16 17:33:51.683526 [Incident:Info:toast@toast-new:Magnitude updated] Magnitude updated: 5.09 (M)
2026/08/16 17:33:51.683562 [Simulation:Info:toast@toast-new:Simulation not generated] Magnitude 5.09 of event bmg2026pzoa is smaller than triggerMinMagnitude: no automatic simulation
2026/08/16 17:33:54.766061 [Incident:Info:toast@toast-new:Origin updated] Origin updated: OT: 2026-08-16 10:31:37,  Lat/Lon: -7.92754°/120.624°, Depth: 10
2026/08/16 17:33:54.766217 [Incident:Info:toast@toast-new:Magnitude updated] Magnitude updated: 5.09 (M)
2026/08/16 17:33:54.766251 [Simulation:Info:toast@toast-new:Simulation not generated] Magnitude 5.09 of event bmg2026pzoa is smaller than triggerMinMagnitude: no automatic simulation
2026/08/16 17:33:59.791936 [Incident:Info:toast@toast-new:Origin updated] Origin updated: OT: 2026-08-16 10:31:37,  Lat/Lon: -7.92754°/120.624°, Depth: 10
2026/08/16 17:33:59.792089 [Incident:Info:toast@toast-new:Magnitude updated] Magnitude updated: 5.09 (M)
2026/08/16 17:33:59.792123 [Simulation:Info:toast@toast-new:Simulation not generated] Magnitude 5.09 of event bmg2026pzoa is smaller than triggerMinMagnitude: no automatic simulation
2026/08/16 17:34:04.660129 [Incident:Info:toast@toast-new:Origin updated] Origin updated: OT: 2026-08-16 10:31:37,  Lat/Lon: -7.92754°/120.624°, Depth: 10
2026/08/16 17:34:04.660296 [Incident:Info:toast@toast-new:Magnitude updated] Magnitude updated: 5.09 (M)
2026/08/16 17:34:04.660331 [Simulation:Info:toast@toast-new:Simulation not generated] Magnitude 5.09 of event bmg2026pzoa is smaller than triggerMinMagnitude: no automatic simulation
2026/08/16 17:34:09.742723 [Incident:Info:toast@toast-new:Origin updated] Origin updated: OT: 2026-08-16 10:31:37,  Lat/Lon: -7.92754°/120.624°, Depth: 10
2026/08/16 17:34:09.742902 [Incident:Info:toast@toast-new:Magnitude updated] Magnitude updated: 5.10 (M)
2026/08/16 17:34:09.742945 [Simulation:Info:toast@toast-new:Simulation not generated] Magnitude 5.10 of event bmg2026pzoa is smaller than triggerMinMagnitude: no automatic simulation
2026/08/16 17:34:11.693425 [Incident:Info:toast@toast-new:Origin updated] Origin updated: OT: 2026-08-16 10:31:37,  Lat/Lon: -7.92754°/120.624°, Depth: 10
2026/08/16 17:34:11.693552 [Incident:Info:toast@toast-new:Magnitude updated] Magnitude updated: 5.10 (M)
2026/08/16 17:34:11.693590 [Simulation:Info:toast@toast-new:Simulation not generated] Magnitude 5.10 of event bmg2026pzoa is smaller than triggerMinMagnitude: no automatic simulation
2026/08/16 17:34:14.793948 [Incident:Info:toast@toast-new:Origin updated] Origin updated: OT: 2026-08-16 10:31:37,  Lat/Lon: -7.92754°/120.624°, Depth: 10
2026/08/16 17:34:14.794120 [Incident:Info:toast@toast-new:Magnitude updated] Magnitude updated: 5.11 (M)
2026/08/16 17:34:14.794159 [Simulation:Info:toast@toast-new:Simulation not generated] Magnitude 5.11 of event bmg2026pzoa is smaller than triggerMinMagnitude: no automatic simulation
2026/08/16 17:34:19.841854 [Incident:Info:toast@toast-new:Origin updated] Origin updated: OT: 2026-08-16 10:31:37,  Lat/Lon: -7.92754°/120.624°, Depth: 10
2026/08/16 17:34:19.842016 [Incident:Info:toast@toast-new:Magnitude updated] Magnitude updated: 5.11 (M)
2026/08/16 17:34:19.842057 [Simulation:Info:toast@toast-new:Simulation not generated] Magnitude 5.11 of event bmg2026pzoa is smaller than triggerMinMagnitude: no automatic simulation
2026/08/16 17:34:24.779074 [Incident:Info:toast@toast-new:Origin updated] Origin updated: OT: 2026-08-16 10:31:37,  Lat/Lon: -7.92754°/120.624°, Depth: 10
2026/08/16 17:34:24.779242 [Incident:Info:toast@toast-new:Magnitude updated] Magnitude updated: 5.11 (M)
2026/08/16 17:34:24.779271 [Simulation:Info:toast@toast-new:Simulation not generated] Magnitude 5.11 of event bmg2026pzoa is smaller than triggerMinMagnitude: no automatic simulation
2026/08/16 17:34:29.787785 [Incident:Info:toast@toast-new:Origin updated] Origin updated: OT: 2026-08-16 10:31:37,  Lat/Lon: -7.92754°/120.624°, Depth: 10
2026/08/16 17:34:29.787937 [Incident:Info:toast@toast-new:Magnitude updated] Magnitude updated: 5.11 (M)
2026/08/16 17:34:29.787983 [Simulation:Info:toast@toast-new:Simulation not generated] Magnitude 5.11 of event bmg2026pzoa is smaller than triggerMinMagnitude: no automatic simulation
2026/08/16 17:34:34.733311 [Incident:Info:toast@toast-new:Origin updated] Origin updated: OT: 2026-08-16 10:31:37,  Lat/Lon: -7.92754°/120.624°, Depth: 10
2026/08/16 17:34:34.733479 [Incident:Info:toast@toast-new:Magnitude updated] Magnitude updated: 5.11 (M)
2026/08/16 17:34:34.733516 [Simulation:Info:toast@toast-new:Simulation not generated] Magnitude 5.11 of event bmg2026pzoa is smaller than triggerMinMagnitude: no automatic simulation
2026/08/16 17:34:44.703095 [Incident:Info:toast@toast-new:Origin updated] Origin updated: OT: 2026-08-16 10:31:37,  Lat/Lon: -7.92754°/120.624°, Depth: 10
2026/08/16 17:34:44.703255 [Incident:Info:toast@toast-new:Magnitude updated] Magnitude updated: 5.12 (M)
2026/08/16 17:34:44.703286 [Simulation:Info:toast@toast-new:Simulation not generated] Magnitude 5.12 of event bmg2026pzoa is smaller than triggerMinMagnitude: no automatic simulation
2026/08/16 17:34:49.805464 [Incident:Info:toast@toast-new:Origin updated] Origin updated: OT: 2026-08-16 10:31:37,  Lat/Lon: -7.92754°/120.624°, Depth: 10
2026/08/16 17:34:49.805633 [Incident:Info:toast@toast-new:Magnitude updated] Magnitude updated: 5.12 (M)
2026/08/16 17:34:49.805665 [Simulation:Info:toast@toast-new:Simulation not generated] Magnitude 5.12 of event bmg2026pzoa is smaller than triggerMinMagnitude: no automatic simulation
2026/08/16 17:34:54.851470 [Incident:Info:toast@toast-new:Origin updated] Origin updated: OT: 2026-08-16 10:31:37,  Lat/Lon: -7.92754°/120.624°, Depth: 10
2026/08/16 17:34:54.851637 [Incident:Info:toast@toast-new:Magnitude updated] Magnitude updated: 5.12 (M)
2026/08/16 17:34:54.851674 [Simulation:Info:toast@toast-new:Simulation not generated] Magnitude 5.12 of event bmg2026pzoa is smaller than triggerMinMagnitude: no automatic simulation
2026/08/16 17:34:59.753301 [Incident:Info:toast@toast-new:Origin updated] Origin updated: OT: 2026-08-16 10:31:37,  Lat/Lon: -7.92754°/120.624°, Depth: 10
2026/08/16 17:34:59.753469 [Incident:Info:toast@toast-new:Magnitude updated] Magnitude updated: 5.12 (M)
2026/08/16 17:34:59.753504 [Simulation:Info:toast@toast-new:Simulation not generated] Magnitude 5.12 of event bmg2026pzoa is smaller than triggerMinMagnitude: no automatic simulation
2026/08/16 17:35:04.740537 [Incident:Info:toast@toast-new:Origin updated] Origin updated: OT: 2026-08-16 10:31:37,  Lat/Lon: -7.92754°/120.624°, Depth: 10
2026/08/16 17:35:04.740790 [Incident:Info:toast@toast-new:Magnitude updated] Magnitude updated: 5.12 (M)
2026/08/16 17:35:04.740853 [Simulation:Info:toast@toast-new:Simulation not generated] Magnitude 5.12 of event bmg2026pzoa is smaller than triggerMinMagnitude: no automatic simulation
2026/08/16 17:35:09.559648 [Incident:Info:toast@toast-new:Origin updated] Origin updated: OT: 2026-08-16 10:31:37,  Lat/Lon: -7.92754°/120.624°, Depth: 10
2026/08/16 17:35:09.559823 [Incident:Info:toast@toast-new:Magnitude updated] Magnitude updated: 5.12 (M)
2026/08/16 17:35:09.559852 [Simulation:Info:toast@toast-new:Simulation not generated] Magnitude 5.12 of event bmg2026pzoa is smaller than triggerMinMagnitude: no automatic simulation
2026/08/16 17:35:14.926287 [Incident:Info:toast@toast-new:Origin updated] Origin updated: OT: 2026-08-16 10:31:37,  Lat/Lon: -7.92754°/120.624°, Depth: 10
2026/08/16 17:35:14.926438 [Incident:Info:toast@toast-new:Magnitude updated] Magnitude updated: 5.12 (M)
2026/08/16 17:35:14.926467 [Simulation:Info:toast@toast-new:Simulation not generated] Magnitude 5.12 of event bmg2026pzoa is smaller than triggerMinMagnitude: no automatic simulation
2026/08/16 17:35:24.783942 [Incident:Info:toast@toast-new:Origin updated] Origin updated: OT: 2026-08-16 10:31:37,  Lat/Lon: -7.92754°/120.624°, Depth: 10
2026/08/16 17:35:24.784091 [Incident:Info:toast@toast-new:Magnitude updated] Magnitude updated: 5.12 (M)
2026/08/16 17:35:24.784125 [Simulation:Info:toast@toast-new:Simulation not generated] Magnitude 5.12 of event bmg2026pzoa is smaller than triggerMinMagnitude: no automatic simulation
2026/08/16 17:36:35.190173 [Incident:Info:toast@toast-new:Origin updated] Origin updated: OT: 2026-08-16 10:31:36,  Lat/Lon: -7.95855°/120.652°, Depth: 10
2026/08/16 17:36:35.190349 [Incident:Info:toast@toast-new:Magnitude updated] Magnitude updated: 5.12 (MLv)
2026/08/16 17:36:35.190383 [Simulation:Info:toast@toast-new:Simulation not generated] Magnitude 5.12 of event bmg2026pzoa is smaller than triggerMinMagnitude: no automatic simulation
2026/08/16 17:36:35.205689 [Incident:Info:toast@toast-new:Origin updated] Origin updated: OT: 2026-08-16 10:31:36,  Lat/Lon: -7.95855°/120.652°, Depth: 10
2026/08/16 17:36:35.205804 [Incident:Info:toast@toast-new:Magnitude updated] Magnitude updated: 5.22 (M)
2026/08/16 17:36:35.205851 [Simulation:Info:toast@toast-new:Simulation not generated] Magnitude 5.22 of event bmg2026pzoa is smaller than triggerMinMagnitude: no automatic simulation
2026/08/16 17:37:04.193079 [Incident:Info:toast@toast-new:Origin updated] Origin updated: OT: 2026-08-16 10:31:36,  Lat/Lon: -7.97387°/120.675°, Depth: 10
2026/08/16 17:37:04.193230 [Incident:Info:toast@toast-new:Magnitude updated] Magnitude updated: 5.10 (MLv)
2026/08/16 17:37:04.193273 [Simulation:Info:toast@toast-new:Simulation not generated] Magnitude 5.10 of event bmg2026pzoa is smaller than triggerMinMagnitude: no automatic simulation
2026/08/16 17:37:04.261276 [Incident:Info:toast@toast-new:Origin updated] Origin updated: OT: 2026-08-16 10:31:36,  Lat/Lon: -7.97387°/120.675°, Depth: 10
2026/08/16 17:37:04.261368 [Incident:Info:toast@toast-new:Magnitude updated] Magnitude updated: 5.21 (M)
2026/08/16 17:37:04.261401 [Simulation:Info:toast@toast-new:Simulation not generated] Magnitude 5.21 of event bmg2026pzoa is smaller than triggerMinMagnitude: no automatic simulation
2026/08/16 17:37:24.622652 [Incident:Info:toast@toast-new:Origin updated] Origin updated: OT: 2026-08-16 10:31:36,  Lat/Lon: -7.97387°/120.675°, Depth: 10
2026/08/16 17:37:24.622795 [Incident:Info:toast@toast-new:FM updated] FM updated
2026/08/16 17:37:24.623042 [Simulation:Info:toast@toast-new:Simulation not generated] Magnitude 5.21 of event bmg2026pzoa is smaller than triggerMinMagnitude: no automatic simulation
2026/08/16 17:37:42.981976 [Incident:Info:toast@toast-new:Origin updated] Origin updated: OT: 2026-08-16 10:31:37,  Lat/Lon: -8.01411°/120.683°, Depth: 10
2026/08/16 17:37:42.982164 [Incident:Info:toast@toast-new:Magnitude updated] Magnitude updated: 5.11 (mb)
2026/08/16 17:37:42.982204 [Simulation:Info:toast@toast-new:Simulation not generated] Magnitude 5.11 of event bmg2026pzoa is smaller than triggerMinMagnitude: no automatic simulation
2026/08/16 17:37:43.053438 [Incident:Info:toast@toast-new:Origin updated] Origin updated: OT: 2026-08-16 10:31:37,  Lat/Lon: -8.01411°/120.683°, Depth: 10
2026/08/16 17:37:43.053539 [Incident:Info:toast@toast-new:Magnitude updated] Magnitude updated: 5.30 (M)
2026/08/16 17:37:43.053573 [Simulation:Info:toast@toast-new:Simulation not generated] Magnitude 5.30 of event bmg2026pzoa is smaller than triggerMinMagnitude: no automatic simulation
2026/08/16 17:38:22.646121 [Incident:Info:toast@toast-new:Origin updated] Origin updated: OT: 2026-08-16 10:31:37,  Lat/Lon: -8.01411°/120.683°, Depth: 10
2026/08/16 17:38:22.646318 [Incident:Info:toast@toast-new:Magnitude updated] Magnitude updated: 5.11 (mb)
2026/08/16 17:38:22.646393 [Simulation:Info:toast@toast-new:Simulation not generated] Magnitude 5.11 of event bmg2026pzoa is smaller than triggerMinMagnitude: no automatic simulation
2026/08/16 17:41:50.244727 [Incident:Info:toast@toast-new:Origin updated] Origin updated: OT: 2026-08-16 10:31:37,  Lat/Lon: -7.9585°/120.636°, Depth: 10
2026/08/16 17:41:50.244914 [Incident:Info:toast@toast-new:Magnitude updated] Magnitude updated: 5.12 (mb)
2026/08/16 17:41:50.244956 [Simulation:Info:toast@toast-new:Simulation not generated] Magnitude 5.12 of event bmg2026pzoa is smaller than triggerMinMagnitude: no automatic simulation
2026/08/16 23:11:48.701805 [Incident:Info:toast@toast-new:Origin updated] Origin updated: OT: 2026-08-16 10:31:37,  Lat/Lon: -7.96145°/120.659°, Depth: 10
2026/08/16 23:11:48.701974 [Incident:Info:toast@toast-new:Magnitude updated] Magnitude updated: 5.11 (mb)
2026/08/16 23:11:48.702015 [Incident:Info:toast@toast-new:FM updated] FM updated
2026/08/16 23:11:48.702263 [Simulation:Info:toast@toast-new:Simulation not generated] Magnitude 5.11 of event bmg2026pzoa is smaller than triggerMinMagnitude: no automatic simulation
2026/08/16 23:11:54.925892 [Incident:Info:toast@toast-new:Origin updated] Origin updated: OT: 2026-08-16 10:31:37,  Lat/Lon: -7.96145°/120.659°, Depth: 10
2026/08/16 23:11:54.926064 [Simulation:Info:toast@toast-new:Simulation not generated] Magnitude 5.11 of event bmg2026pzoa is smaller than triggerMinMagnitude: no automatic simulation
