2026/08/17 17:44:54.819015 [Incident:Info:toast@toast-new:Displacement(s) updated] Added 0 and changed 0 displacements with 0 amplitudes
2026/08/17 17:44:54.819664 [Incident:Info:toast@toast-new:Incident created] Incident created based on event received from messaging: OT: 2026-08-17 10:42:43,  Lat/Lon: -7.87°/120.49°, Depth: 10.00, Mag: 5.01 (M)
2026/08/17 17:44:54.820267 [Simulation:Info:toast@toast-new:Simulation not generated] Magnitude 5.01 of event bmg2026qbjx is smaller than triggerMinMagnitude: no automatic simulation
2026/08/17 17:44:54.841524 [Incident:Info:toast@toast-new:Origin updated] Origin updated: OT: 2026-08-17 10:42:43,  Lat/Lon: -7.87252°/120.491°, Depth: 10
2026/08/17 17:44:54.841663 [Simulation:Info:toast@toast-new:Simulation not generated] Magnitude 5.01 of event bmg2026qbjx is smaller than triggerMinMagnitude: no automatic simulation
2026/08/17 17:44:57.566042 [Incident:Info:toast@toast-new:Origin updated] Origin updated: OT: 2026-08-17 10:42:43,  Lat/Lon: -7.87252°/120.491°, Depth: 10
2026/08/17 17:44:57.566160 [Incident:Info:toast@toast-new:Magnitude updated] Magnitude updated: 5.01 (M)
2026/08/17 17:44:57.566188 [Simulation:Info:toast@toast-new:Simulation not generated] Magnitude 5.01 of event bmg2026qbjx is smaller than triggerMinMagnitude: no automatic simulation
2026/08/17 17:44:57.589485 [Incident:Info:toast@toast-new:Origin updated] Origin updated: OT: 2026-08-17 10:42:43,  Lat/Lon: -7.8752°/120.495°, Depth: 10
2026/08/17 17:44:57.589600 [Incident:Info:toast@toast-new:Magnitude updated] Magnitude updated: 5.04 (M)
2026/08/17 17:44:57.589626 [Simulation:Info:toast@toast-new:Simulation not generated] Magnitude 5.04 of event bmg2026qbjx is smaller than triggerMinMagnitude: no automatic simulation
2026/08/17 17:44:59.692815 [Incident:Info:toast@toast-new:Origin updated] Origin updated: OT: 2026-08-17 10:42:43,  Lat/Lon: -7.8752°/120.495°, Depth: 10
2026/08/17 17:44:59.692974 [Incident:Info:toast@toast-new:Magnitude updated] Magnitude updated: 5.04 (M)
2026/08/17 17:44:59.693018 [Simulation:Info:toast@toast-new:Simulation not generated] Magnitude 5.04 of event bmg2026qbjx is smaller than triggerMinMagnitude: no automatic simulation
2026/08/17 17:45:04.789978 [Incident:Info:toast@toast-new:Origin updated] Origin updated: OT: 2026-08-17 10:42:43,  Lat/Lon: -7.8752°/120.495°, Depth: 10
2026/08/17 17:45:04.790148 [Incident:Info:toast@toast-new:Magnitude updated] Magnitude updated: 5.04 (M)
2026/08/17 17:45:04.790190 [Simulation:Info:toast@toast-new:Simulation not generated] Magnitude 5.04 of event bmg2026qbjx is smaller than triggerMinMagnitude: no automatic simulation
2026/08/17 17:45:04.955077 [Incident:Info:toast@toast-new:Origin updated] Origin updated: OT: 2026-08-17 10:42:42,  Lat/Lon: -7.85263°/120.471°, Depth: 10
2026/08/17 17:45:04.955244 [Incident:Info:toast@toast-new:Magnitude updated] Magnitude updated: 5.03 (M)
2026/08/17 17:45:04.955275 [Simulation:Info:toast@toast-new:Simulation not generated] Magnitude 5.03 of event bmg2026qbjx is smaller than triggerMinMagnitude: no automatic simulation
2026/08/17 17:45:09.718145 [Incident:Info:toast@toast-new:Origin updated] Origin updated: OT: 2026-08-17 10:42:42,  Lat/Lon: -7.85263°/120.471°, Depth: 10
2026/08/17 17:45:09.718288 [Incident:Info:toast@toast-new:Magnitude updated] Magnitude updated: 5.04 (M)
2026/08/17 17:45:09.718316 [Simulation:Info:toast@toast-new:Simulation not generated] Magnitude 5.04 of event bmg2026qbjx is smaller than triggerMinMagnitude: no automatic simulation
2026/08/17 17:45:14.741637 [Incident:Info:toast@toast-new:Origin updated] Origin updated: OT: 2026-08-17 10:42:42,  Lat/Lon: -7.85263°/120.471°, Depth: 10
2026/08/17 17:45:14.741785 [Incident:Info:toast@toast-new:Magnitude updated] Magnitude updated: 5.04 (M)
2026/08/17 17:45:14.741822 [Simulation:Info:toast@toast-new:Simulation not generated] Magnitude 5.04 of event bmg2026qbjx is smaller than triggerMinMagnitude: no automatic simulation
2026/08/17 17:45:19.764431 [Incident:Info:toast@toast-new:Origin updated] Origin updated: OT: 2026-08-17 10:42:42,  Lat/Lon: -7.85263°/120.471°, Depth: 10
2026/08/17 17:45:19.764638 [Incident:Info:toast@toast-new:Magnitude updated] Magnitude updated: 5.05 (M)
2026/08/17 17:45:19.764680 [Simulation:Info:toast@toast-new:Simulation not generated] Magnitude 5.05 of event bmg2026qbjx is smaller than triggerMinMagnitude: no automatic simulation
2026/08/17 17:45:22.579266 [Incident:Info:toast@toast-new:Origin updated] Origin updated: OT: 2026-08-17 10:42:42,  Lat/Lon: -7.85263°/120.471°, Depth: 10
2026/08/17 17:45:22.579443 [Incident:Info:toast@toast-new:Magnitude updated] Magnitude updated: 5.05 (M)
2026/08/17 17:45:22.579512 [Simulation:Info:toast@toast-new:Simulation not generated] Magnitude 5.05 of event bmg2026qbjx is smaller than triggerMinMagnitude: no automatic simulation
2026/08/17 17:45:24.909969 [Incident:Info:toast@toast-new:Origin updated] Origin updated: OT: 2026-08-17 10:42:42,  Lat/Lon: -7.85263°/120.471°, Depth: 10
2026/08/17 17:45:24.910123 [Incident:Info:toast@toast-new:Magnitude updated] Magnitude updated: 5.07 (M)
2026/08/17 17:45:24.910159 [Simulation:Info:toast@toast-new:Simulation not generated] Magnitude 5.07 of event bmg2026qbjx is smaller than triggerMinMagnitude: no automatic simulation
2026/08/17 17:45:29.926979 [Incident:Info:toast@toast-new:Origin updated] Origin updated: OT: 2026-08-17 10:42:42,  Lat/Lon: -7.85263°/120.471°, Depth: 10
2026/08/17 17:45:29.927129 [Incident:Info:toast@toast-new:Magnitude updated] Magnitude updated: 5.08 (M)
2026/08/17 17:45:29.927176 [Simulation:Info:toast@toast-new:Simulation not generated] Magnitude 5.08 of event bmg2026qbjx is smaller than triggerMinMagnitude: no automatic simulation
2026/08/17 17:45:34.868798 [Incident:Info:toast@toast-new:Origin updated] Origin updated: OT: 2026-08-17 10:42:42,  Lat/Lon: -7.85263°/120.471°, Depth: 10
2026/08/17 17:45:34.868955 [Incident:Info:toast@toast-new:Magnitude updated] Magnitude updated: 5.08 (M)
2026/08/17 17:45:34.868992 [Simulation:Info:toast@toast-new:Simulation not generated] Magnitude 5.08 of event bmg2026qbjx is smaller than triggerMinMagnitude: no automatic simulation
2026/08/17 17:45:39.848489 [Incident:Info:toast@toast-new:Origin updated] Origin updated: OT: 2026-08-17 10:42:42,  Lat/Lon: -7.85263°/120.471°, Depth: 10
2026/08/17 17:45:39.848622 [Incident:Info:toast@toast-new:Magnitude updated] Magnitude updated: 5.09 (M)
2026/08/17 17:45:39.848656 [Simulation:Info:toast@toast-new:Simulation not generated] Magnitude 5.09 of event bmg2026qbjx is smaller than triggerMinMagnitude: no automatic simulation
2026/08/17 17:45:44.823332 [Incident:Info:toast@toast-new:Origin updated] Origin updated: OT: 2026-08-17 10:42:42,  Lat/Lon: -7.85263°/120.471°, Depth: 10
2026/08/17 17:45:44.823506 [Incident:Info:toast@toast-new:Magnitude updated] Magnitude updated: 5.09 (M)
2026/08/17 17:45:44.823544 [Simulation:Info:toast@toast-new:Simulation not generated] Magnitude 5.09 of event bmg2026qbjx is smaller than triggerMinMagnitude: no automatic simulation
2026/08/17 17:45:49.902191 [Incident:Info:toast@toast-new:Origin updated] Origin updated: OT: 2026-08-17 10:42:42,  Lat/Lon: -7.85263°/120.471°, Depth: 10
2026/08/17 17:45:49.902350 [Incident:Info:toast@toast-new:Magnitude updated] Magnitude updated: 5.09 (M)
2026/08/17 17:45:49.902381 [Simulation:Info:toast@toast-new:Simulation not generated] Magnitude 5.09 of event bmg2026qbjx is smaller than triggerMinMagnitude: no automatic simulation
2026/08/17 17:45:54.630988 [Incident:Info:toast@toast-new:Origin updated] Origin updated: OT: 2026-08-17 10:42:42,  Lat/Lon: -7.85263°/120.471°, Depth: 10
2026/08/17 17:45:54.631138 [Incident:Info:toast@toast-new:Magnitude updated] Magnitude updated: 5.09 (M)
2026/08/17 17:45:54.631179 [Simulation:Info:toast@toast-new:Simulation not generated] Magnitude 5.09 of event bmg2026qbjx is smaller than triggerMinMagnitude: no automatic simulation
2026/08/17 17:45:59.915083 [Incident:Info:toast@toast-new:Origin updated] Origin updated: OT: 2026-08-17 10:42:42,  Lat/Lon: -7.85263°/120.471°, Depth: 10
2026/08/17 17:45:59.915292 [Incident:Info:toast@toast-new:Magnitude updated] Magnitude updated: 5.10 (M)
2026/08/17 17:45:59.915357 [Simulation:Info:toast@toast-new:Simulation not generated] Magnitude 5.10 of event bmg2026qbjx is smaller than triggerMinMagnitude: no automatic simulation
2026/08/17 17:46:01.798353 [Incident:Info:toast@toast-new:Origin updated] Origin updated: OT: 2026-08-17 10:42:42,  Lat/Lon: -7.85263°/120.471°, Depth: 10
2026/08/17 17:46:01.798535 [Incident:Info:toast@toast-new:Magnitude updated] Magnitude updated: 5.10 (M)
2026/08/17 17:46:01.798584 [Simulation:Info:toast@toast-new:Simulation not generated] Magnitude 5.10 of event bmg2026qbjx is smaller than triggerMinMagnitude: no automatic simulation
2026/08/17 17:46:04.727167 [Incident:Info:toast@toast-new:Origin updated] Origin updated: OT: 2026-08-17 10:42:42,  Lat/Lon: -7.85263°/120.471°, Depth: 10
2026/08/17 17:46:04.727352 [Incident:Info:toast@toast-new:Magnitude updated] Magnitude updated: 5.10 (M)
2026/08/17 17:46:04.727400 [Simulation:Info:toast@toast-new:Simulation not generated] Magnitude 5.10 of event bmg2026qbjx is smaller than triggerMinMagnitude: no automatic simulation
2026/08/17 17:46:09.796835 [Incident:Info:toast@toast-new:Origin updated] Origin updated: OT: 2026-08-17 10:42:42,  Lat/Lon: -7.85263°/120.471°, Depth: 10
2026/08/17 17:46:09.796993 [Incident:Info:toast@toast-new:Magnitude updated] Magnitude updated: 5.12 (M)
2026/08/17 17:46:09.797028 [Simulation:Info:toast@toast-new:Simulation not generated] Magnitude 5.12 of event bmg2026qbjx is smaller than triggerMinMagnitude: no automatic simulation
2026/08/17 17:46:13.568108 [Incident:Info:toast@toast-new:Origin updated] Origin updated: OT: 2026-08-17 10:42:42,  Lat/Lon: -7.85263°/120.471°, Depth: 10
2026/08/17 17:46:13.568271 [Incident:Info:toast@toast-new:Magnitude updated] Magnitude updated: 5.13 (M)
2026/08/17 17:46:13.568309 [Simulation:Info:toast@toast-new:Simulation not generated] Magnitude 5.13 of event bmg2026qbjx is smaller than triggerMinMagnitude: no automatic simulation
2026/08/17 17:46:14.649839 [Incident:Info:toast@toast-new:Origin updated] Origin updated: OT: 2026-08-17 10:42:42,  Lat/Lon: -7.85263°/120.471°, Depth: 10
2026/08/17 17:46:14.650021 [Incident:Info:toast@toast-new:Magnitude updated] Magnitude updated: 5.13 (M)
2026/08/17 17:46:14.650069 [Simulation:Info:toast@toast-new:Simulation not generated] Magnitude 5.13 of event bmg2026qbjx is smaller than triggerMinMagnitude: no automatic simulation
2026/08/17 17:46:19.915386 [Incident:Info:toast@toast-new:Origin updated] Origin updated: OT: 2026-08-17 10:42:42,  Lat/Lon: -7.85263°/120.471°, Depth: 10
2026/08/17 17:46:19.915552 [Incident:Info:toast@toast-new:Magnitude updated] Magnitude updated: 5.14 (M)
2026/08/17 17:46:19.915587 [Simulation:Info:toast@toast-new:Simulation not generated] Magnitude 5.14 of event bmg2026qbjx is smaller than triggerMinMagnitude: no automatic simulation
2026/08/17 17:46:24.773558 [Incident:Info:toast@toast-new:Origin updated] Origin updated: OT: 2026-08-17 10:42:42,  Lat/Lon: -7.85263°/120.471°, Depth: 10
2026/08/17 17:46:24.773718 [Incident:Info:toast@toast-new:Magnitude updated] Magnitude updated: 5.10 (M)
2026/08/17 17:46:24.773754 [Simulation:Info:toast@toast-new:Simulation not generated] Magnitude 5.10 of event bmg2026qbjx is smaller than triggerMinMagnitude: no automatic simulation
2026/08/17 17:46:29.494341 [Incident:Info:toast@toast-new:Origin updated] Origin updated: OT: 2026-08-17 10:42:42,  Lat/Lon: -7.85263°/120.471°, Depth: 10
2026/08/17 17:46:29.494513 [Incident:Info:toast@toast-new:Magnitude updated] Magnitude updated: 5.10 (M)
2026/08/17 17:46:29.494554 [Simulation:Info:toast@toast-new:Simulation not generated] Magnitude 5.10 of event bmg2026qbjx is smaller than triggerMinMagnitude: no automatic simulation
2026/08/17 17:52:52.578408 [Incident:Info:toast@toast-new:Origin updated] Origin updated: OT: 2026-08-17 10:42:42,  Lat/Lon: -7.85263°/120.471°, Depth: 10
2026/08/17 17:52:52.578533 [Incident:Info:toast@toast-new:FM updated] FM updated
2026/08/17 17:52:52.578730 [Simulation:Info:toast@toast-new:Simulation not generated] Magnitude 5.10 of event bmg2026qbjx is smaller than triggerMinMagnitude: no automatic simulation
2026/08/17 22:14:48.115737 [Incident:Info:toast@toast-new:Origin updated] Origin updated: OT: 2026-08-17 10:42:42,  Lat/Lon: -7.85234°/120.492°, Depth: 10
2026/08/17 22:14:48.115928 [Incident:Info:toast@toast-new:Magnitude updated] Magnitude updated: 5.01 (MLv)
2026/08/17 22:14:48.115998 [Simulation:Info:toast@toast-new:Simulation not generated] Magnitude 5.01 of event bmg2026qbjx is smaller than triggerMinMagnitude: no automatic simulation
2026/08/17 22:14:48.133317 [Incident:Info:toast@toast-new:Origin updated] Origin updated: OT: 2026-08-17 10:42:42,  Lat/Lon: -7.85234°/120.492°, Depth: 10
2026/08/17 22:14:48.133429 [Incident:Info:toast@toast-new:Magnitude updated] Magnitude updated: 5.09 (M)
2026/08/17 22:14:48.133477 [Simulation:Info:toast@toast-new:Simulation not generated] Magnitude 5.09 of event bmg2026qbjx is smaller than triggerMinMagnitude: no automatic simulation
2026/08/17 22:14:57.131721 [Incident:Info:toast@toast-new:Origin updated] Origin updated: OT: 2026-08-17 10:42:42,  Lat/Lon: -7.85234°/120.492°, Depth: 10
2026/08/17 22:14:57.131882 [Incident:Info:toast@toast-new:Magnitude updated] Magnitude updated: 5.01 (MLv)
2026/08/17 22:14:57.131939 [Simulation:Info:toast@toast-new:Simulation not generated] Magnitude 5.01 of event bmg2026qbjx is smaller than triggerMinMagnitude: no automatic simulation
2026/08/17 22:36:22.203523 [Incident:Info:toast@toast-new:Origin updated] Origin updated: OT: 2026-08-17 10:42:42,  Lat/Lon: -7.85234°/120.492°, Depth: 10
2026/08/17 22:36:22.203681 [Incident:Info:toast@toast-new:FM updated] FM updated
2026/08/17 22:36:22.203954 [Simulation:Info:toast@toast-new:Simulation not generated] Magnitude 5.01 of event bmg2026qbjx is smaller than triggerMinMagnitude: no automatic simulation
2026/09/01 16:47:53.999989 [Incident:Info:toast@toast-new:Origin updated] Origin updated: OT: 2026-08-17 10:42:42,  Lat/Lon: -7.85234°/120.492°, Depth: 10
2026/09/01 16:47:54.035561 [Incident:Info:toast@toast-new:FM updated] FM updated
2026/09/01 16:47:54.036025 [Simulation:Info:toast@toast-new:Simulation not generated] Magnitude 5.01 of event bmg2026qbjx is smaller than triggerMinMagnitude: no automatic simulation
2026/09/02 16:55:48.170267 [Incident:Info:toast@toast-new:Incident removed] Removed incident - Bye
