2026/06/16 11:15:12.825395 [Incident:Info:toast@toast-new:Displacement(s) updated] Added 0 and changed 0 displacements with 0 amplitudes
2026/06/16 11:15:12.831617 [Incident:Info:toast@toast-new:Incident created] Incident created based on event received from messaging: OT: 2026-06-16 04:13:59,  Lat/Lon: -1.06°/120.03°, Depth: 10.00, Mag: 5.12 (M)
2026/06/16 11:15:12.832282 [Simulation:Info:toast@toast-new:Simulation not generated] Magnitude 5.12 of event bmg2026lrpx is smaller than triggerMinMagnitude: no automatic simulation
2026/06/16 11:15:13.052839 [Incident:Info:toast@toast-new:Origin updated] Origin updated: OT: 2026-06-16 04:13:59,  Lat/Lon: -1.0605°/120.028°, Depth: 10
2026/06/16 11:15:13.052924 [Simulation:Info:toast@toast-new:Simulation not generated] Magnitude 5.12 of event bmg2026lrpx is smaller than triggerMinMagnitude: no automatic simulation
2026/06/16 11:15:13.586617 [Incident:Info:toast@toast-new:Origin updated] Origin updated: OT: 2026-06-16 04:13:59,  Lat/Lon: -1.0605°/120.028°, Depth: 10
2026/06/16 11:15:13.586726 [Incident:Info:toast@toast-new:Magnitude updated] Magnitude updated: 5.16 (M)
2026/06/16 11:15:13.586757 [Simulation:Info:toast@toast-new:Simulation not generated] Magnitude 5.16 of event bmg2026lrpx is smaller than triggerMinMagnitude: no automatic simulation
2026/06/16 11:15:18.651095 [Incident:Info:toast@toast-new:Origin updated] Origin updated: OT: 2026-06-16 04:13:59,  Lat/Lon: -1.0605°/120.028°, Depth: 10
2026/06/16 11:15:18.651290 [Incident:Info:toast@toast-new:Magnitude updated] Magnitude updated: 5.17 (M)
2026/06/16 11:15:18.651336 [Simulation:Info:toast@toast-new:Simulation not generated] Magnitude 5.17 of event bmg2026lrpx is smaller than triggerMinMagnitude: no automatic simulation
2026/06/16 11:15:21.463285 [Incident:Info:toast@toast-new:Origin updated] Origin updated: OT: 2026-06-16 04:14:00,  Lat/Lon: -1.04003°/120.028°, Depth: 10
2026/06/16 11:15:21.463534 [Incident:Info:toast@toast-new:Magnitude updated] Magnitude updated: 5.30 (M)
2026/06/16 11:15:21.463595 [Simulation:Info:toast@toast-new:Simulation not generated] Magnitude 5.30 of event bmg2026lrpx is smaller than triggerMinMagnitude: no automatic simulation
2026/06/16 11:15:23.643477 [Incident:Info:toast@toast-new:Origin updated] Origin updated: OT: 2026-06-16 04:14:00,  Lat/Lon: -1.04003°/120.028°, Depth: 10
2026/06/16 11:15:23.643674 [Incident:Info:toast@toast-new:Magnitude updated] Magnitude updated: 5.32 (M)
2026/06/16 11:15:23.643721 [Simulation:Info:toast@toast-new:Simulation not generated] Magnitude 5.32 of event bmg2026lrpx is smaller than triggerMinMagnitude: no automatic simulation
2026/06/16 11:15:28.657816 [Incident:Info:toast@toast-new:Origin updated] Origin updated: OT: 2026-06-16 04:14:00,  Lat/Lon: -1.04003°/120.028°, Depth: 10
2026/06/16 11:15:28.657971 [Incident:Info:toast@toast-new:Magnitude updated] Magnitude updated: 5.33 (M)
2026/06/16 11:15:28.658008 [Simulation:Info:toast@toast-new:Simulation not generated] Magnitude 5.33 of event bmg2026lrpx is smaller than triggerMinMagnitude: no automatic simulation
2026/06/16 11:15:32.489207 [Incident:Info:toast@toast-new:Origin updated] Origin updated: OT: 2026-06-16 04:14:00,  Lat/Lon: -1.04003°/120.028°, Depth: 10
2026/06/16 11:15:32.489402 [Incident:Info:toast@toast-new:Magnitude updated] Magnitude updated: 5.33 (M)
2026/06/16 11:15:32.489452 [Simulation:Info:toast@toast-new:Simulation not generated] Magnitude 5.33 of event bmg2026lrpx is smaller than triggerMinMagnitude: no automatic simulation
2026/06/16 11:15:33.148054 [Incident:Info:toast@toast-new:Origin updated] Origin updated: OT: 2026-06-16 04:14:00,  Lat/Lon: -1.0656°/120.105°, Depth: 5
2026/06/16 11:15:33.148280 [Incident:Info:toast@toast-new:Magnitude updated] Magnitude updated: 5.25 (M)
2026/06/16 11:15:33.148344 [Simulation:Info:toast@toast-new:Simulation not generated] Magnitude 5.25 of event bmg2026lrpx is smaller than triggerMinMagnitude: no automatic simulation
2026/06/16 11:15:33.644436 [Incident:Info:toast@toast-new:Origin updated] Origin updated: OT: 2026-06-16 04:14:00,  Lat/Lon: -1.0656°/120.105°, Depth: 5
2026/06/16 11:15:33.644669 [Incident:Info:toast@toast-new:Magnitude updated] Magnitude updated: 5.25 (M)
2026/06/16 11:15:33.644743 [Simulation:Info:toast@toast-new:Simulation not generated] Magnitude 5.25 of event bmg2026lrpx is smaller than triggerMinMagnitude: no automatic simulation
2026/06/16 11:15:36.563688 [Incident:Info:toast@toast-new:Origin updated] Origin updated: OT: 2026-06-16 04:14:00,  Lat/Lon: -1.0656°/120.105°, Depth: 5
2026/06/16 11:15:36.563979 [Incident:Info:toast@toast-new:Magnitude updated] Magnitude updated: 5.26 (M)
2026/06/16 11:15:36.564069 [Simulation:Info:toast@toast-new:Simulation not generated] Magnitude 5.26 of event bmg2026lrpx is smaller than triggerMinMagnitude: no automatic simulation
2026/06/16 11:15:38.657457 [Incident:Info:toast@toast-new:Origin updated] Origin updated: OT: 2026-06-16 04:14:00,  Lat/Lon: -1.0656°/120.105°, Depth: 5
2026/06/16 11:15:38.657653 [Incident:Info:toast@toast-new:Magnitude updated] Magnitude updated: 5.27 (M)
2026/06/16 11:15:38.657701 [Simulation:Info:toast@toast-new:Simulation not generated] Magnitude 5.27 of event bmg2026lrpx is smaller than triggerMinMagnitude: no automatic simulation
2026/06/16 11:15:43.676590 [Incident:Info:toast@toast-new:Origin updated] Origin updated: OT: 2026-06-16 04:14:00,  Lat/Lon: -1.0656°/120.105°, Depth: 5
2026/06/16 11:15:43.676746 [Incident:Info:toast@toast-new:Magnitude updated] Magnitude updated: 5.29 (M)
2026/06/16 11:15:43.676779 [Simulation:Info:toast@toast-new:Simulation not generated] Magnitude 5.29 of event bmg2026lrpx is smaller than triggerMinMagnitude: no automatic simulation
2026/06/16 11:15:48.712396 [Incident:Info:toast@toast-new:Origin updated] Origin updated: OT: 2026-06-16 04:14:00,  Lat/Lon: -1.0656°/120.105°, Depth: 5
2026/06/16 11:15:48.712579 [Incident:Info:toast@toast-new:Magnitude updated] Magnitude updated: 5.33 (M)
2026/06/16 11:15:48.712622 [Simulation:Info:toast@toast-new:Simulation not generated] Magnitude 5.33 of event bmg2026lrpx is smaller than triggerMinMagnitude: no automatic simulation
2026/06/16 11:15:49.409362 [Incident:Info:toast@toast-new:Origin updated] Origin updated: OT: 2026-06-16 04:14:00,  Lat/Lon: -1.06517°/120.125°, Depth: 5
2026/06/16 11:15:49.409550 [Incident:Info:toast@toast-new:Magnitude updated] Magnitude updated: 5.26 (M)
2026/06/16 11:15:49.409596 [Simulation:Info:toast@toast-new:Simulation not generated] Magnitude 5.26 of event bmg2026lrpx is smaller than triggerMinMagnitude: no automatic simulation
2026/06/16 11:15:52.697544 [Incident:Info:toast@toast-new:Origin updated] Origin updated: OT: 2026-06-16 04:14:00,  Lat/Lon: -1.04648°/120.043°, Depth: 10
2026/06/16 11:15:52.697787 [Incident:Info:toast@toast-new:Magnitude updated] Magnitude updated: 5.17 (MLv)
2026/06/16 11:15:52.697845 [Simulation:Info:toast@toast-new:Simulation not generated] Magnitude 5.17 of event bmg2026lrpx is smaller than triggerMinMagnitude: no automatic simulation
2026/06/16 11:15:52.781692 [Incident:Info:toast@toast-new:Origin updated] Origin updated: OT: 2026-06-16 04:14:00,  Lat/Lon: -1.04648°/120.043°, Depth: 10
2026/06/16 11:15:52.781832 [Incident:Info:toast@toast-new:Magnitude updated] Magnitude updated: 5.25 (M)
2026/06/16 11:15:52.781864 [Simulation:Info:toast@toast-new:Simulation not generated] Magnitude 5.25 of event bmg2026lrpx is smaller than triggerMinMagnitude: no automatic simulation
2026/06/16 11:15:58.705457 [Incident:Info:toast@toast-new:Origin updated] Origin updated: OT: 2026-06-16 04:14:00,  Lat/Lon: -1.04648°/120.043°, Depth: 10
2026/06/16 11:15:58.705615 [Incident:Info:toast@toast-new:Magnitude updated] Magnitude updated: 5.30 (M)
2026/06/16 11:15:58.705670 [Simulation:Info:toast@toast-new:Simulation not generated] Magnitude 5.30 of event bmg2026lrpx is smaller than triggerMinMagnitude: no automatic simulation
2026/06/16 11:16:00.039727 [Incident:Info:toast@toast-new:Origin updated] Origin updated: OT: 2026-06-16 04:14:00,  Lat/Lon: -1.04648°/120.043°, Depth: 10
2026/06/16 11:16:00.039919 [Incident:Info:toast@toast-new:Magnitude updated] Magnitude updated: 5.31 (M)
2026/06/16 11:16:00.039982 [Simulation:Info:toast@toast-new:Simulation not generated] Magnitude 5.31 of event bmg2026lrpx is smaller than triggerMinMagnitude: no automatic simulation
2026/06/16 11:16:03.696338 [Incident:Info:toast@toast-new:Origin updated] Origin updated: OT: 2026-06-16 04:14:00,  Lat/Lon: -1.04648°/120.043°, Depth: 10
2026/06/16 11:16:03.696527 [Incident:Info:toast@toast-new:Magnitude updated] Magnitude updated: 5.36 (M)
2026/06/16 11:16:03.696590 [Simulation:Info:toast@toast-new:Simulation not generated] Magnitude 5.36 of event bmg2026lrpx is smaller than triggerMinMagnitude: no automatic simulation
2026/06/16 11:16:08.679572 [Incident:Info:toast@toast-new:Origin updated] Origin updated: OT: 2026-06-16 04:14:00,  Lat/Lon: -1.04648°/120.043°, Depth: 10
2026/06/16 11:16:08.679753 [Incident:Info:toast@toast-new:Magnitude updated] Magnitude updated: 5.37 (M)
2026/06/16 11:16:08.679789 [Simulation:Info:toast@toast-new:Simulation not generated] Magnitude 5.37 of event bmg2026lrpx is smaller than triggerMinMagnitude: no automatic simulation
2026/06/16 11:16:11.647298 [Incident:Info:toast@toast-new:Origin updated] Origin updated: OT: 2026-06-16 04:14:00,  Lat/Lon: -1.04758°/120.099°, Depth: 10
2026/06/16 11:16:11.647489 [Incident:Info:toast@toast-new:Magnitude updated] Magnitude updated: 5.16 (MLv)
2026/06/16 11:16:11.647537 [Simulation:Info:toast@toast-new:Simulation not generated] Magnitude 5.16 of event bmg2026lrpx is smaller than triggerMinMagnitude: no automatic simulation
2026/06/16 11:16:11.708111 [Incident:Info:toast@toast-new:Origin updated] Origin updated: OT: 2026-06-16 04:14:00,  Lat/Lon: -1.04758°/120.099°, Depth: 10
2026/06/16 11:16:11.708281 [Incident:Info:toast@toast-new:Magnitude updated] Magnitude updated: 5.22 (M)
2026/06/16 11:16:11.708346 [Simulation:Info:toast@toast-new:Simulation not generated] Magnitude 5.22 of event bmg2026lrpx is smaller than triggerMinMagnitude: no automatic simulation
2026/06/16 11:16:12.942023 [Incident:Info:toast@toast-new:Origin updated] Origin updated: OT: 2026-06-16 04:14:00,  Lat/Lon: -1.04758°/120.099°, Depth: 10
2026/06/16 11:16:12.942213 [Incident:Info:toast@toast-new:Magnitude updated] Magnitude updated: 5.22 (M)
2026/06/16 11:16:12.942259 [Simulation:Info:toast@toast-new:Simulation not generated] Magnitude 5.22 of event bmg2026lrpx is smaller than triggerMinMagnitude: no automatic simulation
2026/06/16 11:16:13.719092 [Incident:Info:toast@toast-new:Origin updated] Origin updated: OT: 2026-06-16 04:14:00,  Lat/Lon: -1.04758°/120.099°, Depth: 10
2026/06/16 11:16:13.719258 [Incident:Info:toast@toast-new:Magnitude updated] Magnitude updated: 5.23 (M)
2026/06/16 11:16:13.719295 [Simulation:Info:toast@toast-new:Simulation not generated] Magnitude 5.23 of event bmg2026lrpx is smaller than triggerMinMagnitude: no automatic simulation
2026/06/16 11:16:18.811022 [Incident:Info:toast@toast-new:Origin updated] Origin updated: OT: 2026-06-16 04:14:00,  Lat/Lon: -1.04758°/120.099°, Depth: 10
2026/06/16 11:16:18.811207 [Incident:Info:toast@toast-new:Magnitude updated] Magnitude updated: 5.28 (M)
2026/06/16 11:16:18.811270 [Simulation:Info:toast@toast-new:Simulation not generated] Magnitude 5.28 of event bmg2026lrpx is smaller than triggerMinMagnitude: no automatic simulation
2026/06/16 11:16:23.780777 [Incident:Info:toast@toast-new:Origin updated] Origin updated: OT: 2026-06-16 04:14:00,  Lat/Lon: -1.04758°/120.099°, Depth: 10
2026/06/16 11:16:23.780977 [Incident:Info:toast@toast-new:Magnitude updated] Magnitude updated: 5.31 (M)
2026/06/16 11:16:23.781019 [Simulation:Info:toast@toast-new:Simulation not generated] Magnitude 5.31 of event bmg2026lrpx is smaller than triggerMinMagnitude: no automatic simulation
2026/06/16 11:16:28.776710 [Incident:Info:toast@toast-new:Origin updated] Origin updated: OT: 2026-06-16 04:14:00,  Lat/Lon: -1.04758°/120.099°, Depth: 10
2026/06/16 11:16:28.776882 [Incident:Info:toast@toast-new:Magnitude updated] Magnitude updated: 5.34 (M)
2026/06/16 11:16:28.776915 [Simulation:Info:toast@toast-new:Simulation not generated] Magnitude 5.34 of event bmg2026lrpx is smaller than triggerMinMagnitude: no automatic simulation
2026/06/16 11:16:33.807468 [Incident:Info:toast@toast-new:Origin updated] Origin updated: OT: 2026-06-16 04:14:00,  Lat/Lon: -1.04758°/120.099°, Depth: 10
2026/06/16 11:16:33.807661 [Incident:Info:toast@toast-new:Magnitude updated] Magnitude updated: 5.35 (M)
2026/06/16 11:16:33.807709 [Simulation:Info:toast@toast-new:Simulation not generated] Magnitude 5.35 of event bmg2026lrpx is smaller than triggerMinMagnitude: no automatic simulation
2026/06/16 11:16:35.886947 [Incident:Info:toast@toast-new:Origin updated] Origin updated: OT: 2026-06-16 04:14:00,  Lat/Lon: -1.04758°/120.099°, Depth: 10
2026/06/16 11:16:35.887142 [Incident:Info:toast@toast-new:Magnitude updated] Magnitude updated: 5.34 (M)
2026/06/16 11:16:35.887188 [Simulation:Info:toast@toast-new:Simulation not generated] Magnitude 5.34 of event bmg2026lrpx is smaller than triggerMinMagnitude: no automatic simulation
2026/06/16 11:16:38.759682 [Incident:Info:toast@toast-new:Origin updated] Origin updated: OT: 2026-06-16 04:14:00,  Lat/Lon: -1.04758°/120.099°, Depth: 10
2026/06/16 11:16:38.759862 [Incident:Info:toast@toast-new:Magnitude updated] Magnitude updated: 5.36 (M)
2026/06/16 11:16:38.759923 [Simulation:Info:toast@toast-new:Simulation not generated] Magnitude 5.36 of event bmg2026lrpx is smaller than triggerMinMagnitude: no automatic simulation
2026/06/16 11:16:43.774389 [Incident:Info:toast@toast-new:Origin updated] Origin updated: OT: 2026-06-16 04:14:00,  Lat/Lon: -1.04758°/120.099°, Depth: 10
2026/06/16 11:16:43.774566 [Incident:Info:toast@toast-new:Magnitude updated] Magnitude updated: 5.36 (M)
2026/06/16 11:16:43.774609 [Simulation:Info:toast@toast-new:Simulation not generated] Magnitude 5.36 of event bmg2026lrpx is smaller than triggerMinMagnitude: no automatic simulation
2026/06/16 11:16:48.753462 [Incident:Info:toast@toast-new:Origin updated] Origin updated: OT: 2026-06-16 04:14:00,  Lat/Lon: -1.04758°/120.099°, Depth: 10
2026/06/16 11:16:48.753680 [Incident:Info:toast@toast-new:Magnitude updated] Magnitude updated: 5.37 (M)
2026/06/16 11:16:48.753740 [Simulation:Info:toast@toast-new:Simulation not generated] Magnitude 5.37 of event bmg2026lrpx is smaller than triggerMinMagnitude: no automatic simulation
2026/06/16 11:16:53.806592 [Incident:Info:toast@toast-new:Origin updated] Origin updated: OT: 2026-06-16 04:14:00,  Lat/Lon: -1.04758°/120.099°, Depth: 10
2026/06/16 11:16:53.806773 [Incident:Info:toast@toast-new:Magnitude updated] Magnitude updated: 5.37 (M)
2026/06/16 11:16:53.806808 [Simulation:Info:toast@toast-new:Simulation not generated] Magnitude 5.37 of event bmg2026lrpx is smaller than triggerMinMagnitude: no automatic simulation
2026/06/16 11:16:59.044156 [Incident:Info:toast@toast-new:Origin updated] Origin updated: OT: 2026-06-16 04:14:00,  Lat/Lon: -1.04758°/120.099°, Depth: 10
2026/06/16 11:16:59.044306 [Incident:Info:toast@toast-new:Magnitude updated] Magnitude updated: 5.38 (M)
2026/06/16 11:16:59.044357 [Simulation:Info:toast@toast-new:Simulation not generated] Magnitude 5.38 of event bmg2026lrpx is smaller than triggerMinMagnitude: no automatic simulation
2026/06/16 11:17:03.874596 [Incident:Info:toast@toast-new:Origin updated] Origin updated: OT: 2026-06-16 04:14:00,  Lat/Lon: -1.04758°/120.099°, Depth: 10
2026/06/16 11:17:03.874787 [Incident:Info:toast@toast-new:Magnitude updated] Magnitude updated: 5.38 (M)
2026/06/16 11:17:03.874832 [Simulation:Info:toast@toast-new:Simulation not generated] Magnitude 5.38 of event bmg2026lrpx is smaller than triggerMinMagnitude: no automatic simulation
2026/06/16 11:17:08.819124 [Incident:Info:toast@toast-new:Origin updated] Origin updated: OT: 2026-06-16 04:14:00,  Lat/Lon: -1.04758°/120.099°, Depth: 10
2026/06/16 11:17:08.819302 [Incident:Info:toast@toast-new:Magnitude updated] Magnitude updated: 5.38 (M)
2026/06/16 11:17:08.819344 [Simulation:Info:toast@toast-new:Simulation not generated] Magnitude 5.38 of event bmg2026lrpx is smaller than triggerMinMagnitude: no automatic simulation
2026/06/16 11:17:13.742220 [Incident:Info:toast@toast-new:Origin updated] Origin updated: OT: 2026-06-16 04:14:00,  Lat/Lon: -1.04758°/120.099°, Depth: 10
2026/06/16 11:17:13.742414 [Incident:Info:toast@toast-new:Magnitude updated] Magnitude updated: 5.38 (M)
2026/06/16 11:17:13.742460 [Simulation:Info:toast@toast-new:Simulation not generated] Magnitude 5.38 of event bmg2026lrpx is smaller than triggerMinMagnitude: no automatic simulation
2026/06/16 11:17:25.287745 [Incident:Info:toast@toast-new:Origin updated] Origin updated: OT: 2026-06-16 04:14:01,  Lat/Lon: -1.06541°/120.101°, Depth: 10
2026/06/16 11:17:25.287980 [Incident:Info:toast@toast-new:Magnitude updated] Magnitude updated: 5.26 (MLv)
2026/06/16 11:17:25.288043 [Simulation:Info:toast@toast-new:Simulation not generated] Magnitude 5.26 of event bmg2026lrpx is smaller than triggerMinMagnitude: no automatic simulation
2026/06/16 11:17:25.437763 [Incident:Info:toast@toast-new:Origin updated] Origin updated: OT: 2026-06-16 04:14:01,  Lat/Lon: -1.06541°/120.101°, Depth: 10
2026/06/16 11:17:25.437974 [Incident:Info:toast@toast-new:Magnitude updated] Magnitude updated: 5.30 (M)
2026/06/16 11:17:25.438031 [Simulation:Info:toast@toast-new:Simulation not generated] Magnitude 5.30 of event bmg2026lrpx is smaller than triggerMinMagnitude: no automatic simulation
2026/06/16 11:17:28.887908 [Incident:Info:toast@toast-new:Origin updated] Origin updated: OT: 2026-06-16 04:14:01,  Lat/Lon: -1.06541°/120.101°, Depth: 10
2026/06/16 11:17:28.888105 [Incident:Info:toast@toast-new:Magnitude updated] Magnitude updated: 5.31 (M)
2026/06/16 11:17:28.888146 [Simulation:Info:toast@toast-new:Simulation not generated] Magnitude 5.31 of event bmg2026lrpx is smaller than triggerMinMagnitude: no automatic simulation
2026/06/16 11:17:33.888469 [Incident:Info:toast@toast-new:Origin updated] Origin updated: OT: 2026-06-16 04:14:01,  Lat/Lon: -1.06541°/120.101°, Depth: 10
2026/06/16 11:17:33.888686 [Incident:Info:toast@toast-new:Magnitude updated] Magnitude updated: 5.31 (M)
2026/06/16 11:17:33.888738 [Simulation:Info:toast@toast-new:Simulation not generated] Magnitude 5.31 of event bmg2026lrpx is smaller than triggerMinMagnitude: no automatic simulation
2026/06/16 11:17:43.025531 [Incident:Info:toast@toast-new:Origin updated] Origin updated: OT: 2026-06-16 04:14:01,  Lat/Lon: -1.06541°/120.101°, Depth: 10
2026/06/16 11:17:43.025743 [Incident:Info:toast@toast-new:Magnitude updated] Magnitude updated: 5.31 (M)
2026/06/16 11:17:43.025785 [Simulation:Info:toast@toast-new:Simulation not generated] Magnitude 5.31 of event bmg2026lrpx is smaller than triggerMinMagnitude: no automatic simulation
2026/06/16 11:17:48.887206 [Incident:Info:toast@toast-new:Origin updated] Origin updated: OT: 2026-06-16 04:14:01,  Lat/Lon: -1.06541°/120.101°, Depth: 10
2026/06/16 11:17:48.887399 [Incident:Info:toast@toast-new:Magnitude updated] Magnitude updated: 5.31 (M)
2026/06/16 11:17:48.887444 [Simulation:Info:toast@toast-new:Simulation not generated] Magnitude 5.31 of event bmg2026lrpx is smaller than triggerMinMagnitude: no automatic simulation
2026/06/16 11:17:53.885526 [Incident:Info:toast@toast-new:Origin updated] Origin updated: OT: 2026-06-16 04:14:01,  Lat/Lon: -1.06541°/120.101°, Depth: 10
2026/06/16 11:17:53.885735 [Incident:Info:toast@toast-new:Magnitude updated] Magnitude updated: 5.32 (M)
2026/06/16 11:17:53.885786 [Simulation:Info:toast@toast-new:Simulation not generated] Magnitude 5.32 of event bmg2026lrpx is smaller than triggerMinMagnitude: no automatic simulation
2026/06/16 11:17:58.767117 [Incident:Info:toast@toast-new:Origin updated] Origin updated: OT: 2026-06-16 04:14:01,  Lat/Lon: -1.06541°/120.101°, Depth: 10
2026/06/16 11:17:58.767372 [Incident:Info:toast@toast-new:Magnitude updated] Magnitude updated: 5.32 (M)
2026/06/16 11:17:58.767451 [Simulation:Info:toast@toast-new:Simulation not generated] Magnitude 5.32 of event bmg2026lrpx is smaller than triggerMinMagnitude: no automatic simulation
2026/06/16 11:18:08.902214 [Incident:Info:toast@toast-new:Origin updated] Origin updated: OT: 2026-06-16 04:14:01,  Lat/Lon: -1.06541°/120.101°, Depth: 10
2026/06/16 11:18:08.902425 [Incident:Info:toast@toast-new:Magnitude updated] Magnitude updated: 5.31 (M)
2026/06/16 11:18:08.902470 [Simulation:Info:toast@toast-new:Simulation not generated] Magnitude 5.31 of event bmg2026lrpx is smaller than triggerMinMagnitude: no automatic simulation
2026/06/16 11:18:16.704236 [Incident:Info:toast@toast-new:Origin updated] Origin updated: OT: 2026-06-16 04:14:01,  Lat/Lon: -1.06541°/120.101°, Depth: 10
2026/06/16 11:18:16.704432 [Incident:Info:toast@toast-new:FM updated] FM updated
2026/06/16 11:18:16.704694 [Simulation:Info:toast@toast-new:Simulation not generated] Magnitude 5.31 of event bmg2026lrpx is smaller than triggerMinMagnitude: no automatic simulation
2026/06/16 11:18:23.781569 [Incident:Info:toast@toast-new:Origin updated] Origin updated: OT: 2026-06-16 04:14:01,  Lat/Lon: -1.06541°/120.101°, Depth: 10
2026/06/16 11:18:23.781757 [Incident:Info:toast@toast-new:Magnitude updated] Magnitude updated: 5.31 (M)
2026/06/16 11:18:23.781789 [Simulation:Info:toast@toast-new:Simulation not generated] Magnitude 5.31 of event bmg2026lrpx is smaller than triggerMinMagnitude: no automatic simulation
2026/06/16 11:18:28.804793 [Incident:Info:toast@toast-new:Origin updated] Origin updated: OT: 2026-06-16 04:14:01,  Lat/Lon: -1.06541°/120.101°, Depth: 10
2026/06/16 11:18:28.804974 [Incident:Info:toast@toast-new:Magnitude updated] Magnitude updated: 5.31 (M)
2026/06/16 11:18:28.805008 [Simulation:Info:toast@toast-new:Simulation not generated] Magnitude 5.31 of event bmg2026lrpx is smaller than triggerMinMagnitude: no automatic simulation
2026/06/16 11:18:31.086794 [Incident:Info:toast@toast-new:Origin updated] Origin updated: OT: 2026-06-16 04:14:01,  Lat/Lon: -1.06541°/120.101°, Depth: 10
2026/06/16 11:18:31.086987 [Simulation:Info:toast@toast-new:Simulation not generated] Magnitude 5.31 of event bmg2026lrpx is smaller than triggerMinMagnitude: no automatic simulation
2026/06/16 11:18:31.418507 [Incident:Info:toast@toast-new:Origin updated] Origin updated: OT: 2026-06-16 04:14:01,  Lat/Lon: -1.06541°/120.101°, Depth: 10
2026/06/16 11:18:31.418706 [Incident:Info:toast@toast-new:Magnitude updated] Magnitude updated: 5.31 (M)
2026/06/16 11:18:31.418750 [Simulation:Info:toast@toast-new:Simulation not generated] Magnitude 5.31 of event bmg2026lrpx is smaller than triggerMinMagnitude: no automatic simulation
2026/06/16 11:18:33.295357 [Incident:Info:toast@toast-new:Origin updated] Origin updated: OT: 2026-06-16 04:14:01,  Lat/Lon: -1.06541°/120.101°, Depth: 10
2026/06/16 11:18:33.295510 [Incident:Info:toast@toast-new:Magnitude updated] Magnitude updated: 5.11 (Mw)
2026/06/16 11:18:33.295555 [Simulation:Info:toast@toast-new:Simulation not generated] Magnitude 5.11 of event bmg2026lrpx is smaller than triggerMinMagnitude: no automatic simulation
2026/06/16 11:25:09.242672 [Incident:Info:toast@toast-new:Origin updated] Origin updated: OT: 2026-06-16 04:14:01,  Lat/Lon: -1.06541°/120.101°, Depth: 10
2026/06/16 11:25:09.242879 [Simulation:Info:toast@toast-new:Simulation not generated] Magnitude 5.11 of event bmg2026lrpx is smaller than triggerMinMagnitude: no automatic simulation
2026/06/16 11:25:21.413632 [Incident:Info:toast@toast-new:Origin updated] Origin updated: OT: 2026-06-16 04:14:01,  Lat/Lon: -1.06541°/120.101°, Depth: 10
2026/06/16 11:25:21.413858 [Simulation:Info:toast@toast-new:Simulation not generated] Magnitude 5.11 of event bmg2026lrpx is smaller than triggerMinMagnitude: no automatic simulation
2026/06/16 17:47:19.943990 [Incident:Info:toast@toast-new:Origin updated] Origin updated: OT: 2026-06-16 04:14:00,  Lat/Lon: -1.0521°/120.111°, Depth: 10
2026/06/16 17:47:19.944211 [Incident:Info:toast@toast-new:FM updated] FM updated
2026/06/16 17:47:19.944500 [Simulation:Info:toast@toast-new:Simulation not generated] Magnitude 5.11 of event bmg2026lrpx is smaller than triggerMinMagnitude: no automatic simulation
2026/06/16 17:48:27.875779 [Incident:Info:toast@toast-new:Origin updated] Origin updated: OT: 2026-06-16 04:14:02,  Lat/Lon: -1.08341°/120.216°, Depth: 10
2026/06/16 17:48:27.875966 [Simulation:Info:toast@toast-new:Simulation not generated] Magnitude 5.11 of event bmg2026lrpx is smaller than triggerMinMagnitude: no automatic simulation
2026/06/18 08:49:16.287922 [Incident:Info:toast@toast-new:Incident removed] Removed incident - Bye
