2026/06/07 01:58:26.212084 [Incident:Info:toast@toast-new:Displacement(s) updated] Added 0 and changed 0 displacements with 0 amplitudes
2026/06/07 01:58:26.214170 [Incident:Info:toast@toast-new:Incident created] Incident created based on event received from messaging: OT: 2026-06-06 18:56:47,  Lat/Lon: -0.29°/125.09°, Depth: 10.00, Mag: 5.37 (M)
2026/06/07 01:58:26.214788 [Simulation:Info:toast@toast-new:Simulation not generated] Magnitude 5.37 of event bmg2026lalz is smaller than triggerMinMagnitude: no automatic simulation
2026/06/07 01:58:26.262039 [Incident:Info:toast@toast-new:Origin updated] Origin updated: OT: 2026-06-06 18:56:47,  Lat/Lon: -0.287143°/125.086°, Depth: 10
2026/06/07 01:58:26.280158 [Simulation:Info:toast@toast-new:Simulation not generated] Magnitude 5.37 of event bmg2026lalz is smaller than triggerMinMagnitude: no automatic simulation
2026/06/07 01:58:28.937334 [Incident:Info:toast@toast-new:Origin updated] Origin updated: OT: 2026-06-06 18:56:47,  Lat/Lon: -0.287143°/125.086°, Depth: 10
2026/06/07 01:58:28.956979 [Incident:Info:toast@toast-new:Magnitude updated] Magnitude updated: 5.39 (M)
2026/06/07 01:58:28.969092 [Simulation:Info:toast@toast-new:Simulation not generated] Magnitude 5.39 of event bmg2026lalz is smaller than triggerMinMagnitude: no automatic simulation
2026/06/07 01:58:33.924495 [Incident:Info:toast@toast-new:Origin updated] Origin updated: OT: 2026-06-06 18:56:47,  Lat/Lon: -0.287143°/125.086°, Depth: 10
2026/06/07 01:58:33.939704 [Incident:Info:toast@toast-new:Magnitude updated] Magnitude updated: 5.40 (M)
2026/06/07 01:58:33.950349 [Simulation:Info:toast@toast-new:Simulation not generated] Magnitude 5.40 of event bmg2026lalz is smaller than triggerMinMagnitude: no automatic simulation
2026/06/07 01:58:36.682697 [Incident:Info:toast@toast-new:Origin updated] Origin updated: OT: 2026-06-06 18:56:47,  Lat/Lon: -0.302769°/125.095°, Depth: 10
2026/06/07 01:58:36.697665 [Incident:Info:toast@toast-new:Magnitude updated] Magnitude updated: 5.27 (M)
2026/06/07 01:58:36.708383 [Simulation:Info:toast@toast-new:Simulation not generated] Magnitude 5.27 of event bmg2026lalz is smaller than triggerMinMagnitude: no automatic simulation
2026/06/07 01:58:38.959263 [Incident:Info:toast@toast-new:Origin updated] Origin updated: OT: 2026-06-06 18:56:47,  Lat/Lon: -0.302769°/125.095°, Depth: 10
2026/06/07 01:58:38.977196 [Incident:Info:toast@toast-new:Magnitude updated] Magnitude updated: 5.28 (M)
2026/06/07 01:58:38.988419 [Simulation:Info:toast@toast-new:Simulation not generated] Magnitude 5.28 of event bmg2026lalz is smaller than triggerMinMagnitude: no automatic simulation
2026/06/07 01:58:43.978736 [Incident:Info:toast@toast-new:Origin updated] Origin updated: OT: 2026-06-06 18:56:47,  Lat/Lon: -0.302769°/125.095°, Depth: 10
2026/06/07 01:58:43.994472 [Incident:Info:toast@toast-new:Magnitude updated] Magnitude updated: 5.32 (M)
2026/06/07 01:58:44.005076 [Simulation:Info:toast@toast-new:Simulation not generated] Magnitude 5.32 of event bmg2026lalz is smaller than triggerMinMagnitude: no automatic simulation
2026/06/07 01:58:48.985888 [Incident:Info:toast@toast-new:Origin updated] Origin updated: OT: 2026-06-06 18:56:47,  Lat/Lon: -0.302769°/125.095°, Depth: 10
2026/06/07 01:58:49.048028 [Incident:Info:toast@toast-new:Magnitude updated] Magnitude updated: 5.35 (M)
2026/06/07 01:58:49.061671 [Simulation:Info:toast@toast-new:Simulation not generated] Magnitude 5.35 of event bmg2026lalz is smaller than triggerMinMagnitude: no automatic simulation
2026/06/07 01:58:53.951160 [Incident:Info:toast@toast-new:Origin updated] Origin updated: OT: 2026-06-06 18:56:47,  Lat/Lon: -0.302769°/125.095°, Depth: 10
2026/06/07 01:58:53.970439 [Incident:Info:toast@toast-new:Magnitude updated] Magnitude updated: 5.35 (M)
2026/06/07 01:58:53.982428 [Simulation:Info:toast@toast-new:Simulation not generated] Magnitude 5.35 of event bmg2026lalz is smaller than triggerMinMagnitude: no automatic simulation
2026/06/07 01:58:54.435038 [Incident:Info:toast@toast-new:Origin updated] Origin updated: OT: 2026-06-06 18:56:47,  Lat/Lon: -0.285657°/125.099°, Depth: 10
2026/06/07 01:58:54.455510 [Incident:Info:toast@toast-new:Magnitude updated] Magnitude updated: 5.47 (M)
2026/06/07 01:58:54.467788 [Simulation:Info:toast@toast-new:Simulation not generated] Magnitude 5.47 of event bmg2026lalz is smaller than triggerMinMagnitude: no automatic simulation
2026/06/07 01:58:59.016265 [Incident:Info:toast@toast-new:Origin updated] Origin updated: OT: 2026-06-06 18:56:47,  Lat/Lon: -0.285657°/125.099°, Depth: 10
2026/06/07 01:58:59.030561 [Incident:Info:toast@toast-new:Magnitude updated] Magnitude updated: 5.48 (M)
2026/06/07 01:58:59.041556 [Simulation:Info:toast@toast-new:Simulation not generated] Magnitude 5.48 of event bmg2026lalz is smaller than triggerMinMagnitude: no automatic simulation
2026/06/07 01:59:04.029570 [Incident:Info:toast@toast-new:Origin updated] Origin updated: OT: 2026-06-06 18:56:47,  Lat/Lon: -0.285657°/125.099°, Depth: 10
2026/06/07 01:59:04.043537 [Incident:Info:toast@toast-new:Magnitude updated] Magnitude updated: 5.50 (M)
2026/06/07 01:59:04.054484 [Simulation:Info:toast@toast-new:Simulation not generated] Magnitude 5.50 of event bmg2026lalz is smaller than triggerMinMagnitude: no automatic simulation
2026/06/07 01:59:08.322853 [Incident:Info:toast@toast-new:Origin updated] Origin updated: OT: 2026-06-06 18:56:47,  Lat/Lon: -0.256374°/125.071°, Depth: 10
2026/06/07 01:59:08.338120 [Incident:Info:toast@toast-new:Magnitude updated] Magnitude updated: 5.71 (MLv)
2026/06/07 01:59:08.349009 [Simulation:Info:toast@toast-new:Simulation not generated] Magnitude 5.71 of event bmg2026lalz is smaller than triggerMinMagnitude: no automatic simulation
2026/06/07 01:59:08.439535 [Incident:Info:toast@toast-new:Origin updated] Origin updated: OT: 2026-06-06 18:56:47,  Lat/Lon: -0.256374°/125.071°, Depth: 10
2026/06/07 01:59:08.449518 [Incident:Info:toast@toast-new:Magnitude updated] Magnitude updated: 5.66 (M)
2026/06/07 01:59:08.459286 [Simulation:Info:toast@toast-new:Simulation not generated] Magnitude 5.66 of event bmg2026lalz is smaller than triggerMinMagnitude: no automatic simulation
2026/06/07 01:59:14.035869 [Incident:Info:toast@toast-new:Origin updated] Origin updated: OT: 2026-06-06 18:56:47,  Lat/Lon: -0.256374°/125.071°, Depth: 10
2026/06/07 01:59:14.055285 [Incident:Info:toast@toast-new:Magnitude updated] Magnitude updated: 5.69 (M)
2026/06/07 01:59:14.067307 [Simulation:Info:toast@toast-new:Simulation not generated] Magnitude 5.69 of event bmg2026lalz is smaller than triggerMinMagnitude: no automatic simulation
2026/06/07 01:59:19.040790 [Incident:Info:toast@toast-new:Origin updated] Origin updated: OT: 2026-06-06 18:56:47,  Lat/Lon: -0.256374°/125.071°, Depth: 10
2026/06/07 01:59:19.054775 [Incident:Info:toast@toast-new:Magnitude updated] Magnitude updated: 5.70 (M)
2026/06/07 01:59:19.065570 [Simulation:Info:toast@toast-new:Simulation not generated] Magnitude 5.70 of event bmg2026lalz is smaller than triggerMinMagnitude: no automatic simulation
2026/06/07 01:59:21.147717 [Incident:Info:toast@toast-new:Origin updated] Origin updated: OT: 2026-06-06 18:56:47,  Lat/Lon: -0.256374°/125.071°, Depth: 10
2026/06/07 01:59:21.162265 [Incident:Info:toast@toast-new:Magnitude updated] Magnitude updated: 5.70 (M)
2026/06/07 01:59:21.172660 [Simulation:Info:toast@toast-new:Simulation not generated] Magnitude 5.70 of event bmg2026lalz is smaller than triggerMinMagnitude: no automatic simulation
2026/06/07 01:59:34.109705 [Incident:Info:toast@toast-new:Origin updated] Origin updated: OT: 2026-06-06 18:56:47,  Lat/Lon: -0.256374°/125.071°, Depth: 10
2026/06/07 01:59:34.124757 [Incident:Info:toast@toast-new:Magnitude updated] Magnitude updated: 5.70 (M)
2026/06/07 01:59:34.136105 [Simulation:Info:toast@toast-new:Simulation not generated] Magnitude 5.70 of event bmg2026lalz is smaller than triggerMinMagnitude: no automatic simulation
2026/06/07 01:59:39.132825 [Incident:Info:toast@toast-new:Origin updated] Origin updated: OT: 2026-06-06 18:56:47,  Lat/Lon: -0.256374°/125.071°, Depth: 10
2026/06/07 01:59:39.147642 [Incident:Info:toast@toast-new:Magnitude updated] Magnitude updated: 5.71 (M)
2026/06/07 01:59:39.158746 [Simulation:Info:toast@toast-new:Simulation not generated] Magnitude 5.71 of event bmg2026lalz is smaller than triggerMinMagnitude: no automatic simulation
2026/06/07 01:59:44.137361 [Incident:Info:toast@toast-new:Origin updated] Origin updated: OT: 2026-06-06 18:56:47,  Lat/Lon: -0.256374°/125.071°, Depth: 10
2026/06/07 01:59:44.156728 [Incident:Info:toast@toast-new:Magnitude updated] Magnitude updated: 5.72 (M)
2026/06/07 01:59:44.168736 [Simulation:Info:toast@toast-new:Simulation not generated] Magnitude 5.72 of event bmg2026lalz is smaller than triggerMinMagnitude: no automatic simulation
2026/06/07 02:00:04.080871 [Incident:Info:toast@toast-new:Origin updated] Origin updated: OT: 2026-06-06 18:56:47,  Lat/Lon: -0.256374°/125.071°, Depth: 10
2026/06/07 02:00:04.094876 [Incident:Info:toast@toast-new:Magnitude updated] Magnitude updated: 5.72 (M)
2026/06/07 02:00:04.105866 [Simulation:Info:toast@toast-new:Simulation not generated] Magnitude 5.72 of event bmg2026lalz is smaller than triggerMinMagnitude: no automatic simulation
2026/06/07 02:00:13.412253 [Incident:Info:toast@toast-new:Origin updated] Origin updated: OT: 2026-06-06 18:56:47,  Lat/Lon: -0.256374°/125.071°, Depth: 10
2026/06/07 02:00:13.427534 [Incident:Info:toast@toast-new:FM updated] FM updated
2026/06/07 02:00:13.439318 [Simulation:Info:toast@toast-new:Simulation not generated] Magnitude 5.72 of event bmg2026lalz is smaller than triggerMinMagnitude: no automatic simulation
2026/06/07 02:00:19.951196 [Incident:Info:toast@toast-new:Origin updated] Origin updated: OT: 2026-06-06 18:56:47,  Lat/Lon: -0.256374°/125.071°, Depth: 10
2026/06/07 02:00:19.965262 [Incident:Info:toast@toast-new:FM updated] FM updated
2026/06/07 02:00:19.976289 [Simulation:Info:toast@toast-new:Simulation not generated] Magnitude 5.72 of event bmg2026lalz is smaller than triggerMinMagnitude: no automatic simulation
2026/06/07 02:00:29.802610 [Incident:Info:toast@toast-new:Origin updated] Origin updated: OT: 2026-06-06 18:56:47,  Lat/Lon: -0.256374°/125.071°, Depth: 10
2026/06/07 02:00:29.815721 [Incident:Info:toast@toast-new:FM updated] FM updated
2026/06/07 02:00:29.826178 [Simulation:Info:toast@toast-new:Simulation not generated] Magnitude 5.72 of event bmg2026lalz is smaller than triggerMinMagnitude: no automatic simulation
2026/06/07 02:00:59.895859 [Incident:Info:toast@toast-new:Origin updated] Origin updated: OT: 2026-06-06 18:56:47,  Lat/Lon: -0.256374°/125.071°, Depth: 10
2026/06/07 02:00:59.909820 [Incident:Info:toast@toast-new:FM updated] FM updated
2026/06/07 02:00:59.920812 [Simulation:Info:toast@toast-new:Simulation not generated] Magnitude 5.72 of event bmg2026lalz is smaller than triggerMinMagnitude: no automatic simulation
2026/06/07 02:01:09.938895 [Incident:Info:toast@toast-new:Origin updated] Origin updated: OT: 2026-06-06 18:56:47,  Lat/Lon: -0.256374°/125.071°, Depth: 10
2026/06/07 02:01:09.954196 [Incident:Info:toast@toast-new:FM updated] FM updated
2026/06/07 02:01:09.965341 [Simulation:Info:toast@toast-new:Simulation not generated] Magnitude 5.72 of event bmg2026lalz is smaller than triggerMinMagnitude: no automatic simulation
2026/06/07 02:01:20.219297 [Incident:Info:toast@toast-new:Origin updated] Origin updated: OT: 2026-06-06 18:56:47,  Lat/Lon: -0.256374°/125.071°, Depth: 10
2026/06/07 02:01:20.233740 [Incident:Info:toast@toast-new:FM updated] FM updated
2026/06/07 02:01:20.244968 [Simulation:Info:toast@toast-new:Simulation not generated] Magnitude 5.72 of event bmg2026lalz is smaller than triggerMinMagnitude: no automatic simulation
2026/06/07 02:01:27.276676 [Incident:Info:toast@toast-new:Origin updated] Origin updated: OT: 2026-06-06 18:56:47,  Lat/Lon: -0.275558°/125.094°, Depth: 10
2026/06/07 02:01:27.290743 [Incident:Info:toast@toast-new:Magnitude updated] Magnitude updated: 5.69 (MLv)
2026/06/07 02:01:27.301713 [Simulation:Info:toast@toast-new:Simulation not generated] Magnitude 5.69 of event bmg2026lalz is smaller than triggerMinMagnitude: no automatic simulation
2026/06/07 02:01:27.324486 [Incident:Info:toast@toast-new:Origin updated] Origin updated: OT: 2026-06-06 18:56:47,  Lat/Lon: -0.275558°/125.094°, Depth: 10
2026/06/07 02:01:27.333823 [Incident:Info:toast@toast-new:Magnitude updated] Magnitude updated: 5.59 (M)
2026/06/07 02:01:27.342962 [Simulation:Info:toast@toast-new:Simulation not generated] Magnitude 5.59 of event bmg2026lalz is smaller than triggerMinMagnitude: no automatic simulation
2026/06/07 02:01:31.405033 [Incident:Info:toast@toast-new:Origin updated] Origin updated: OT: 2026-06-06 18:56:47,  Lat/Lon: -0.275558°/125.094°, Depth: 10
2026/06/07 02:01:31.419947 [Incident:Info:toast@toast-new:FM updated] FM updated
2026/06/07 02:01:31.431732 [Simulation:Info:toast@toast-new:Simulation not generated] Magnitude 5.59 of event bmg2026lalz is smaller than triggerMinMagnitude: no automatic simulation
2026/06/07 02:01:51.242433 [Incident:Info:toast@toast-new:Origin updated] Origin updated: OT: 2026-06-06 18:56:47,  Lat/Lon: -0.275558°/125.094°, Depth: 10
2026/06/07 02:01:51.256924 [Incident:Info:toast@toast-new:FM updated] FM updated
2026/06/07 02:01:51.268197 [Simulation:Info:toast@toast-new:Simulation not generated] Magnitude 5.59 of event bmg2026lalz is smaller than triggerMinMagnitude: no automatic simulation
2026/06/07 02:02:01.294220 [Incident:Info:toast@toast-new:Origin updated] Origin updated: OT: 2026-06-06 18:56:47,  Lat/Lon: -0.275558°/125.094°, Depth: 10
2026/06/07 02:02:01.309219 [Incident:Info:toast@toast-new:FM updated] FM updated
2026/06/07 02:02:01.319834 [Simulation:Info:toast@toast-new:Simulation not generated] Magnitude 5.59 of event bmg2026lalz is smaller than triggerMinMagnitude: no automatic simulation
2026/06/07 02:02:11.362116 [Incident:Info:toast@toast-new:Origin updated] Origin updated: OT: 2026-06-06 18:56:47,  Lat/Lon: -0.275558°/125.094°, Depth: 10
2026/06/07 02:02:11.377527 [Incident:Info:toast@toast-new:FM updated] FM updated
2026/06/07 02:02:11.388705 [Simulation:Info:toast@toast-new:Simulation not generated] Magnitude 5.59 of event bmg2026lalz is smaller than triggerMinMagnitude: no automatic simulation
2026/06/07 02:02:21.160845 [Incident:Info:toast@toast-new:Origin updated] Origin updated: OT: 2026-06-06 18:56:47,  Lat/Lon: -0.275558°/125.094°, Depth: 10
2026/06/07 02:02:21.175196 [Incident:Info:toast@toast-new:FM updated] FM updated
2026/06/07 02:02:21.186416 [Simulation:Info:toast@toast-new:Simulation not generated] Magnitude 5.59 of event bmg2026lalz is smaller than triggerMinMagnitude: no automatic simulation
2026/06/07 02:02:31.403271 [Incident:Info:toast@toast-new:Origin updated] Origin updated: OT: 2026-06-06 18:56:47,  Lat/Lon: -0.275558°/125.094°, Depth: 10
2026/06/07 02:02:31.418576 [Incident:Info:toast@toast-new:FM updated] FM updated
2026/06/07 02:02:31.429702 [Simulation:Info:toast@toast-new:Simulation not generated] Magnitude 5.59 of event bmg2026lalz is smaller than triggerMinMagnitude: no automatic simulation
2026/06/07 02:03:30.640909 [Incident:Info:toast@toast-new:Origin updated] Origin updated: OT: 2026-06-06 18:56:47,  Lat/Lon: -0.275558°/125.094°, Depth: 10
2026/06/07 02:03:30.656191 [Incident:Info:toast@toast-new:FM updated] FM updated
2026/06/07 02:03:30.667562 [Simulation:Info:toast@toast-new:Simulation not generated] Magnitude 5.59 of event bmg2026lalz is smaller than triggerMinMagnitude: no automatic simulation
2026/06/07 02:03:48.308540 [Incident:Info:toast@toast-new:Origin updated] Origin updated: OT: 2026-06-06 18:56:49,  Lat/Lon: -0.238334°/125.112°, Depth: 31.5742
2026/06/07 02:03:48.322563 [Incident:Info:toast@toast-new:Magnitude updated] Magnitude updated: 5.30 (Mw(mB))
2026/06/07 02:03:48.333596 [Simulation:Info:toast@toast-new:Simulation not generated] Magnitude 5.30 of event bmg2026lalz is smaller than triggerMinMagnitude: no automatic simulation
2026/06/07 02:04:30.091499 [Incident:Info:toast@toast-new:Origin updated] Origin updated: OT: 2026-06-06 18:56:49,  Lat/Lon: -0.238334°/125.112°, Depth: 31.5742
2026/06/07 02:04:30.106363 [Incident:Info:toast@toast-new:Magnitude updated] Magnitude updated: 5.63 (mb)
2026/06/07 02:04:30.116860 [Simulation:Info:toast@toast-new:Simulation not generated] Magnitude 5.63 of event bmg2026lalz is smaller than triggerMinMagnitude: no automatic simulation
2026/06/07 06:44:00.981280 [Incident:Info:toast@toast-new:Origin updated] Origin updated: OT: 2026-06-06 18:56:49,  Lat/Lon: -0.23812°/125.138°, Depth: 21.9891
2026/06/07 06:44:00.992584 [Incident:Info:toast@toast-new:Magnitude updated] Magnitude updated: 5.70 (mb)
2026/06/07 06:44:01.003127 [Incident:Info:toast@toast-new:FM updated] FM updated
2026/06/07 06:44:01.012953 [Simulation:Info:toast@toast-new:Simulation not generated] Magnitude 5.70 of event bmg2026lalz is smaller than triggerMinMagnitude: no automatic simulation
2026/06/07 06:49:21.280566 [Incident:Info:toast@toast-new:Origin updated] Origin updated: OT: 2026-06-06 18:56:48,  Lat/Lon: -0.230287°/125.145°, Depth: 21.0843
2026/06/07 06:49:21.295208 [Incident:Info:toast@toast-new:Magnitude updated] Magnitude updated: 5.68 (mb)
2026/06/07 06:49:21.306051 [Simulation:Info:toast@toast-new:Simulation not generated] Magnitude 5.68 of event bmg2026lalz is smaller than triggerMinMagnitude: no automatic simulation
2026/06/07 06:50:45.947743 [Incident:Info:toast@toast-new:Origin updated] Origin updated: OT: 2026-06-06 18:56:48,  Lat/Lon: -0.230287°/125.145°, Depth: 21.0843
2026/06/07 06:50:45.962349 [Incident:Info:toast@toast-new:Magnitude updated] Magnitude updated: 5.36 (Mw(mB))
2026/06/07 06:50:45.973437 [Simulation:Info:toast@toast-new:Simulation not generated] Magnitude 5.36 of event bmg2026lalz is smaller than triggerMinMagnitude: no automatic simulation
2026/06/07 06:50:51.690892 [Incident:Info:toast@toast-new:Origin updated] Origin updated: OT: 2026-06-06 18:56:48,  Lat/Lon: -0.230287°/125.145°, Depth: 21.0843
2026/06/07 06:50:51.706265 [Simulation:Info:toast@toast-new:Simulation not generated] Magnitude 5.36 of event bmg2026lalz is smaller than triggerMinMagnitude: no automatic simulation
2026/06/07 07:32:09.510390 [Incident:Info:toast@toast-new:Origin updated] Origin updated: OT: 2026-06-06 18:56:48,  Lat/Lon: -0.230287°/125.145°, Depth: 21.0843
2026/06/07 07:32:09.524923 [Incident:Info:toast@toast-new:FM updated] FM updated
2026/06/07 07:32:09.536153 [Simulation:Info:toast@toast-new:Simulation not generated] Magnitude 5.36 of event bmg2026lalz is smaller than triggerMinMagnitude: no automatic simulation
