2026/06/08 07:46:53.309360 [Incident:Info:toast@toast-new:Displacement(s) updated] Added 0 and changed 0 displacements with 0 amplitudes
2026/06/08 07:46:53.312772 [Incident:Info:toast@toast-new:Incident created] Incident created based on event received from messaging: OT: 2026-06-08 00:42:27,  Lat/Lon: 5.67°/125.51°, Depth: 10.00, Mag: 5.30 (M)
2026/06/08 07:46:53.313415 [Simulation:Info:toast@toast-new:Simulation not generated] Magnitude 5.30 of event bmg2026lcsx is smaller than triggerMinMagnitude: no automatic simulation
2026/06/08 07:46:53.331843 [Incident:Info:toast@toast-new:Origin updated] Origin updated: OT: 2026-06-08 00:42:27,  Lat/Lon: 5.67022°/125.509°, Depth: 10
2026/06/08 07:46:53.331979 [Simulation:Info:toast@toast-new:Simulation not generated] Magnitude 5.30 of event bmg2026lcsx is smaller than triggerMinMagnitude: no automatic simulation
2026/06/08 07:46:58.884451 [Incident:Info:toast@toast-new:Origin updated] Origin updated: OT: 2026-06-08 00:42:27,  Lat/Lon: 5.67022°/125.509°, Depth: 10
2026/06/08 07:46:58.884651 [Incident:Info:toast@toast-new:Magnitude updated] Magnitude updated: 5.30 (M)
2026/06/08 07:46:58.884698 [Simulation:Info:toast@toast-new:Simulation not generated] Magnitude 5.30 of event bmg2026lcsx is smaller than triggerMinMagnitude: no automatic simulation
2026/06/08 07:47:03.898507 [Incident:Info:toast@toast-new:Origin updated] Origin updated: OT: 2026-06-08 00:42:27,  Lat/Lon: 5.67022°/125.509°, Depth: 10
2026/06/08 07:47:03.935220 [Incident:Info:toast@toast-new:Magnitude updated] Magnitude updated: 5.30 (M)
2026/06/08 07:47:03.935301 [Simulation:Info:toast@toast-new:Simulation not generated] Magnitude 5.30 of event bmg2026lcsx is smaller than triggerMinMagnitude: no automatic simulation
2026/06/08 07:47:08.883514 [Incident:Info:toast@toast-new:Origin updated] Origin updated: OT: 2026-06-08 00:42:27,  Lat/Lon: 5.67022°/125.509°, Depth: 10
2026/06/08 07:47:08.883701 [Incident:Info:toast@toast-new:Magnitude updated] Magnitude updated: 5.30 (M)
2026/06/08 07:47:08.883746 [Simulation:Info:toast@toast-new:Simulation not generated] Magnitude 5.30 of event bmg2026lcsx is smaller than triggerMinMagnitude: no automatic simulation
2026/06/08 07:47:28.881291 [Incident:Info:toast@toast-new:Origin updated] Origin updated: OT: 2026-06-08 00:42:27,  Lat/Lon: 5.67022°/125.509°, Depth: 10
2026/06/08 07:47:28.881464 [Incident:Info:toast@toast-new:Magnitude updated] Magnitude updated: 5.30 (M)
2026/06/08 07:47:28.881503 [Simulation:Info:toast@toast-new:Simulation not generated] Magnitude 5.30 of event bmg2026lcsx is smaller than triggerMinMagnitude: no automatic simulation
2026/06/08 07:47:40.585182 [Incident:Info:toast@toast-new:Origin updated] Origin updated: OT: 2026-06-08 00:42:27,  Lat/Lon: 5.67187°/125.501°, Depth: 10
2026/06/08 07:47:40.585518 [Incident:Info:toast@toast-new:Magnitude updated] Magnitude updated: 5.30 (M)
2026/06/08 07:47:40.585561 [Simulation:Info:toast@toast-new:Simulation not generated] Magnitude 5.30 of event bmg2026lcsx is smaller than triggerMinMagnitude: no automatic simulation
2026/06/08 07:47:52.532943 [Incident:Info:toast@toast-new:Origin updated] Origin updated: OT: 2026-06-08 00:42:27,  Lat/Lon: 5.67187°/125.501°, Depth: 10
2026/06/08 07:47:52.533122 [Incident:Info:toast@toast-new:Magnitude updated] Magnitude updated: 5.30 (M)
2026/06/08 07:47:52.533162 [Simulation:Info:toast@toast-new:Simulation not generated] Magnitude 5.30 of event bmg2026lcsx is smaller than triggerMinMagnitude: no automatic simulation
2026/06/08 07:47:52.552065 [Incident:Info:toast@toast-new:Origin updated] Origin updated: OT: 2026-06-08 00:42:29,  Lat/Lon: 5.74241°/125.567°, Depth: 67.649
2026/06/08 07:47:52.552197 [Incident:Info:toast@toast-new:Magnitude updated] Magnitude updated: 5.35 (M)
2026/06/08 07:47:52.552228 [Simulation:Info:toast@toast-new:Simulation not generated] Magnitude 5.35 of event bmg2026lcsx is smaller than triggerMinMagnitude: no automatic simulation
2026/06/08 07:47:58.915717 [Incident:Info:toast@toast-new:Origin updated] Origin updated: OT: 2026-06-08 00:42:29,  Lat/Lon: 5.74241°/125.567°, Depth: 67.649
2026/06/08 07:47:58.915928 [Incident:Info:toast@toast-new:Magnitude updated] Magnitude updated: 5.35 (M)
2026/06/08 07:47:58.915968 [Simulation:Info:toast@toast-new:Simulation not generated] Magnitude 5.35 of event bmg2026lcsx is smaller than triggerMinMagnitude: no automatic simulation
2026/06/08 07:48:05.957270 [Incident:Info:toast@toast-new:Origin updated] Origin updated: OT: 2026-06-08 00:42:29,  Lat/Lon: 5.77965°/125.576°, Depth: 76.5743
2026/06/08 07:48:05.957507 [Incident:Info:toast@toast-new:Magnitude updated] Magnitude updated: 5.36 (M)
2026/06/08 07:48:05.957552 [Simulation:Info:toast@toast-new:Simulation not generated] Magnitude 5.36 of event bmg2026lcsx is smaller than triggerMinMagnitude: no automatic simulation
2026/06/08 07:48:08.937173 [Incident:Info:toast@toast-new:Origin updated] Origin updated: OT: 2026-06-08 00:42:29,  Lat/Lon: 5.77965°/125.576°, Depth: 76.5743
2026/06/08 07:48:08.937349 [Incident:Info:toast@toast-new:Magnitude updated] Magnitude updated: 5.36 (M)
2026/06/08 07:48:08.937392 [Simulation:Info:toast@toast-new:Simulation not generated] Magnitude 5.36 of event bmg2026lcsx is smaller than triggerMinMagnitude: no automatic simulation
2026/06/08 07:48:22.101108 [Incident:Info:toast@toast-new:Origin updated] Origin updated: OT: 2026-06-08 00:42:29,  Lat/Lon: 5.777°/125.579°, Depth: 77.0008
2026/06/08 07:48:22.101342 [Incident:Info:toast@toast-new:Magnitude updated] Magnitude updated: 5.36 (M)
2026/06/08 07:48:22.101389 [Simulation:Info:toast@toast-new:Simulation not generated] Magnitude 5.36 of event bmg2026lcsx is smaller than triggerMinMagnitude: no automatic simulation
2026/06/08 07:48:33.903417 [Incident:Info:toast@toast-new:Origin updated] Origin updated: OT: 2026-06-08 00:42:29,  Lat/Lon: 5.777°/125.579°, Depth: 77.0008
2026/06/08 07:48:33.903604 [Incident:Info:toast@toast-new:Magnitude updated] Magnitude updated: 5.36 (M)
2026/06/08 07:48:33.903651 [Simulation:Info:toast@toast-new:Simulation not generated] Magnitude 5.36 of event bmg2026lcsx is smaller than triggerMinMagnitude: no automatic simulation
2026/06/08 07:48:43.553508 [Incident:Info:toast@toast-new:Origin updated] Origin updated: OT: 2026-06-08 00:42:29,  Lat/Lon: 5.78158°/125.582°, Depth: 78.5395
2026/06/08 07:48:43.553735 [Incident:Info:toast@toast-new:Magnitude updated] Magnitude updated: 5.36 (M)
2026/06/08 07:48:43.553775 [Simulation:Info:toast@toast-new:Simulation not generated] Magnitude 5.36 of event bmg2026lcsx is smaller than triggerMinMagnitude: no automatic simulation
2026/06/08 07:49:08.547642 [Incident:Info:toast@toast-new:Origin updated] Origin updated: OT: 2026-06-08 00:42:29,  Lat/Lon: 5.78158°/125.582°, Depth: 78.5395
2026/06/08 07:49:08.547835 [Incident:Info:toast@toast-new:Magnitude updated] Magnitude updated: 5.44 (M)
2026/06/08 07:49:08.547880 [Simulation:Info:toast@toast-new:Simulation not generated] Magnitude 5.44 of event bmg2026lcsx is smaller than triggerMinMagnitude: no automatic simulation
2026/06/08 07:49:08.564661 [Incident:Info:toast@toast-new:Origin updated] Origin updated: OT: 2026-06-08 00:42:29,  Lat/Lon: 5.79549°/125.588°, Depth: 80.7151
2026/06/08 07:49:08.564828 [Incident:Info:toast@toast-new:Magnitude updated] Magnitude updated: 5.29 (M)
2026/06/08 07:49:08.564872 [Simulation:Info:toast@toast-new:Simulation not generated] Magnitude 5.29 of event bmg2026lcsx is smaller than triggerMinMagnitude: no automatic simulation
2026/06/08 07:49:26.244805 [Incident:Info:toast@toast-new:Origin updated] Origin updated: OT: 2026-06-08 00:42:28,  Lat/Lon: 5.79344°/125.586°, Depth: 76.2911
2026/06/08 07:49:26.244994 [Incident:Info:toast@toast-new:Magnitude updated] Magnitude updated: 5.41 (M)
2026/06/08 07:49:26.245026 [Simulation:Info:toast@toast-new:Simulation not generated] Magnitude 5.41 of event bmg2026lcsx is smaller than triggerMinMagnitude: no automatic simulation
2026/06/08 07:49:48.687008 [Incident:Info:toast@toast-new:Origin updated] Origin updated: OT: 2026-06-08 00:42:28,  Lat/Lon: 5.79344°/125.586°, Depth: 76.2911
2026/06/08 07:49:48.687199 [Incident:Info:toast@toast-new:FM updated] FM updated
2026/06/08 07:49:48.687423 [Simulation:Info:toast@toast-new:Simulation not generated] Magnitude 5.41 of event bmg2026lcsx is smaller than triggerMinMagnitude: no automatic simulation
2026/06/08 07:52:06.451997 [Incident:Info:toast@toast-new:Origin updated] Origin updated: OT: 2026-06-08 00:42:28,  Lat/Lon: 5.79344°/125.586°, Depth: 76.2911
2026/06/08 07:52:06.452189 [Incident:Info:toast@toast-new:FM updated] FM updated
2026/06/08 07:52:06.452412 [Simulation:Info:toast@toast-new:Simulation not generated] Magnitude 5.41 of event bmg2026lcsx is smaller than triggerMinMagnitude: no automatic simulation
2026/06/08 15:07:08.387265 [Incident:Info:toast@toast-new:Origin updated] Origin updated: OT: 2026-06-08 00:42:28,  Lat/Lon: 5.79463°/125.507°, Depth: 62.6358
2026/06/08 15:07:08.387489 [Incident:Info:toast@toast-new:Magnitude updated] Magnitude updated: 5.00 (mb)
2026/06/08 15:07:08.387547 [Simulation:Info:toast@toast-new:Simulation not generated] Magnitude 5.00 of event bmg2026lcsx is smaller than triggerMinMagnitude: no automatic simulation
