2026/06/09 23:51:45.816046 [Incident:Info:toast@toast-new:Displacement(s) updated] Added 0 and changed 0 displacements with 0 amplitudes
2026/06/09 23:51:45.833724 [Incident:Info:toast@toast-new:Incident created] Incident created based on event received from messaging: OT: 2026-06-09 16:49:18,  Lat/Lon: 5.74°/125.25°, Depth: 10.00, Mag: 5.25 (M)
2026/06/09 23:51:45.834254 [Simulation:Info:toast@toast-new:Simulation not generated] Magnitude 5.25 of event bmg2026lfuh is smaller than triggerMinMagnitude: no automatic simulation
2026/06/09 23:51:45.861118 [Incident:Info:toast@toast-new:Origin updated] Origin updated: OT: 2026-06-09 16:49:18,  Lat/Lon: 5.73811°/125.251°, Depth: 10
2026/06/09 23:51:45.872049 [Simulation:Info:toast@toast-new:Simulation not generated] Magnitude 5.25 of event bmg2026lfuh is smaller than triggerMinMagnitude: no automatic simulation
2026/06/09 23:51:48.703799 [Incident:Info:toast@toast-new:Origin updated] Origin updated: OT: 2026-06-09 16:49:18,  Lat/Lon: 5.73811°/125.251°, Depth: 10
2026/06/09 23:51:48.718244 [Incident:Info:toast@toast-new:Magnitude updated] Magnitude updated: 5.26 (M)
2026/06/09 23:51:48.729509 [Simulation:Info:toast@toast-new:Simulation not generated] Magnitude 5.26 of event bmg2026lfuh is smaller than triggerMinMagnitude: no automatic simulation
2026/06/09 23:51:53.704905 [Incident:Info:toast@toast-new:Origin updated] Origin updated: OT: 2026-06-09 16:49:18,  Lat/Lon: 5.73811°/125.251°, Depth: 10
2026/06/09 23:51:53.719462 [Incident:Info:toast@toast-new:Magnitude updated] Magnitude updated: 5.28 (M)
2026/06/09 23:51:53.730674 [Simulation:Info:toast@toast-new:Simulation not generated] Magnitude 5.28 of event bmg2026lfuh is smaller than triggerMinMagnitude: no automatic simulation
2026/06/09 23:51:57.119319 [Incident:Info:toast@toast-new:Origin updated] Origin updated: OT: 2026-06-09 16:49:18,  Lat/Lon: 5.73811°/125.251°, Depth: 10
2026/06/09 23:51:57.134560 [Incident:Info:toast@toast-new:Magnitude updated] Magnitude updated: 5.28 (M)
2026/06/09 23:51:57.145206 [Simulation:Info:toast@toast-new:Simulation not generated] Magnitude 5.28 of event bmg2026lfuh is smaller than triggerMinMagnitude: no automatic simulation
2026/06/09 23:51:57.179207 [Incident:Info:toast@toast-new:Origin updated] Origin updated: OT: 2026-06-09 16:49:18,  Lat/Lon: 5.77482°/125.269°, Depth: 10
2026/06/09 23:51:57.190000 [Incident:Info:toast@toast-new:Magnitude updated] Magnitude updated: 5.28 (M)
2026/06/09 23:51:57.199528 [Simulation:Info:toast@toast-new:Simulation not generated] Magnitude 5.28 of event bmg2026lfuh is smaller than triggerMinMagnitude: no automatic simulation
2026/06/09 23:51:58.645680 [Incident:Info:toast@toast-new:Origin updated] Origin updated: OT: 2026-06-09 16:49:18,  Lat/Lon: 5.77482°/125.269°, Depth: 10
2026/06/09 23:51:58.660090 [Incident:Info:toast@toast-new:Magnitude updated] Magnitude updated: 5.28 (M)
2026/06/09 23:51:58.671384 [Simulation:Info:toast@toast-new:Simulation not generated] Magnitude 5.28 of event bmg2026lfuh is smaller than triggerMinMagnitude: no automatic simulation
2026/06/09 23:52:03.735659 [Incident:Info:toast@toast-new:Origin updated] Origin updated: OT: 2026-06-09 16:49:18,  Lat/Lon: 5.77482°/125.269°, Depth: 10
2026/06/09 23:52:03.749995 [Incident:Info:toast@toast-new:Magnitude updated] Magnitude updated: 5.29 (M)
2026/06/09 23:52:03.760978 [Simulation:Info:toast@toast-new:Simulation not generated] Magnitude 5.29 of event bmg2026lfuh is smaller than triggerMinMagnitude: no automatic simulation
2026/06/09 23:52:08.698904 [Incident:Info:toast@toast-new:Origin updated] Origin updated: OT: 2026-06-09 16:49:18,  Lat/Lon: 5.77482°/125.269°, Depth: 10
2026/06/09 23:52:08.714063 [Incident:Info:toast@toast-new:Magnitude updated] Magnitude updated: 5.26 (M)
2026/06/09 23:52:08.725483 [Simulation:Info:toast@toast-new:Simulation not generated] Magnitude 5.26 of event bmg2026lfuh is smaller than triggerMinMagnitude: no automatic simulation
2026/06/09 23:52:09.886489 [Incident:Info:toast@toast-new:Origin updated] Origin updated: OT: 2026-06-09 16:49:18,  Lat/Lon: 5.74953°/125.255°, Depth: 10
2026/06/09 23:52:09.906464 [Incident:Info:toast@toast-new:Magnitude updated] Magnitude updated: 5.42 (MLv)
2026/06/09 23:52:09.918650 [Simulation:Info:toast@toast-new:Simulation not generated] Magnitude 5.42 of event bmg2026lfuh is smaller than triggerMinMagnitude: no automatic simulation
2026/06/09 23:52:09.942194 [Incident:Info:toast@toast-new:Origin updated] Origin updated: OT: 2026-06-09 16:49:18,  Lat/Lon: 5.74953°/125.255°, Depth: 10
2026/06/09 23:52:09.951938 [Incident:Info:toast@toast-new:Magnitude updated] Magnitude updated: 5.26 (M)
2026/06/09 23:52:09.961251 [Simulation:Info:toast@toast-new:Simulation not generated] Magnitude 5.26 of event bmg2026lfuh is smaller than triggerMinMagnitude: no automatic simulation
2026/06/09 23:52:10.893036 [Incident:Info:toast@toast-new:Origin updated] Origin updated: OT: 2026-06-09 16:49:18,  Lat/Lon: 5.74953°/125.255°, Depth: 10
2026/06/09 23:52:10.912530 [Incident:Info:toast@toast-new:Magnitude updated] Magnitude updated: 5.26 (M)
2026/06/09 23:52:10.924664 [Simulation:Info:toast@toast-new:Simulation not generated] Magnitude 5.26 of event bmg2026lfuh is smaller than triggerMinMagnitude: no automatic simulation
2026/06/09 23:52:13.662959 [Incident:Info:toast@toast-new:Origin updated] Origin updated: OT: 2026-06-09 16:49:18,  Lat/Lon: 5.74953°/125.255°, Depth: 10
2026/06/09 23:52:13.677725 [Incident:Info:toast@toast-new:Magnitude updated] Magnitude updated: 5.24 (M)
2026/06/09 23:52:13.688641 [Simulation:Info:toast@toast-new:Simulation not generated] Magnitude 5.24 of event bmg2026lfuh is smaller than triggerMinMagnitude: no automatic simulation
2026/06/09 23:52:18.776611 [Incident:Info:toast@toast-new:Origin updated] Origin updated: OT: 2026-06-09 16:49:18,  Lat/Lon: 5.74953°/125.255°, Depth: 10
2026/06/09 23:52:18.791268 [Incident:Info:toast@toast-new:Magnitude updated] Magnitude updated: 5.20 (M)
2026/06/09 23:52:18.802580 [Simulation:Info:toast@toast-new:Simulation not generated] Magnitude 5.20 of event bmg2026lfuh is smaller than triggerMinMagnitude: no automatic simulation
2026/06/09 23:52:23.610003 [Incident:Info:toast@toast-new:Origin updated] Origin updated: OT: 2026-06-09 16:49:18,  Lat/Lon: 5.74953°/125.255°, Depth: 10
2026/06/09 23:52:23.630125 [Incident:Info:toast@toast-new:Magnitude updated] Magnitude updated: 5.19 (M)
2026/06/09 23:52:23.642415 [Simulation:Info:toast@toast-new:Simulation not generated] Magnitude 5.19 of event bmg2026lfuh is smaller than triggerMinMagnitude: no automatic simulation
2026/06/09 23:52:27.874337 [Incident:Info:toast@toast-new:Origin updated] Origin updated: OT: 2026-06-09 16:49:18,  Lat/Lon: 5.74953°/125.255°, Depth: 10
2026/06/09 23:52:27.888692 [Incident:Info:toast@toast-new:Magnitude updated] Magnitude updated: 5.19 (M)
2026/06/09 23:52:27.899908 [Simulation:Info:toast@toast-new:Simulation not generated] Magnitude 5.19 of event bmg2026lfuh is smaller than triggerMinMagnitude: no automatic simulation
2026/06/09 23:52:33.740182 [Incident:Info:toast@toast-new:Origin updated] Origin updated: OT: 2026-06-09 16:49:18,  Lat/Lon: 5.74953°/125.255°, Depth: 10
2026/06/09 23:52:33.754825 [Incident:Info:toast@toast-new:Magnitude updated] Magnitude updated: 5.17 (M)
2026/06/09 23:52:33.766065 [Incident:Info:toast@toast-new:FM updated] FM updated
2026/06/09 23:52:33.775864 [Simulation:Info:toast@toast-new:Simulation not generated] Magnitude 5.17 of event bmg2026lfuh is smaller than triggerMinMagnitude: no automatic simulation
2026/06/09 23:52:33.804935 [Incident:Info:toast@toast-new:Origin updated] Origin updated: OT: 2026-06-09 16:49:18,  Lat/Lon: 5.74953°/125.255°, Depth: 10
2026/06/09 23:52:33.816192 [Simulation:Info:toast@toast-new:Simulation not generated] Magnitude 5.17 of event bmg2026lfuh is smaller than triggerMinMagnitude: no automatic simulation
2026/06/09 23:52:38.723453 [Incident:Info:toast@toast-new:Origin updated] Origin updated: OT: 2026-06-09 16:49:18,  Lat/Lon: 5.74953°/125.255°, Depth: 10
2026/06/09 23:52:38.738564 [Incident:Info:toast@toast-new:Magnitude updated] Magnitude updated: 5.17 (M)
2026/06/09 23:52:38.749475 [Simulation:Info:toast@toast-new:Simulation not generated] Magnitude 5.17 of event bmg2026lfuh is smaller than triggerMinMagnitude: no automatic simulation
2026/06/09 23:52:43.832190 [Incident:Info:toast@toast-new:Origin updated] Origin updated: OT: 2026-06-09 16:49:18,  Lat/Lon: 5.74953°/125.255°, Depth: 10
2026/06/09 23:52:43.846820 [Incident:Info:toast@toast-new:Magnitude updated] Magnitude updated: 5.17 (M)
2026/06/09 23:52:43.857954 [Simulation:Info:toast@toast-new:Simulation not generated] Magnitude 5.17 of event bmg2026lfuh is smaller than triggerMinMagnitude: no automatic simulation
2026/06/09 23:52:48.802578 [Incident:Info:toast@toast-new:Origin updated] Origin updated: OT: 2026-06-09 16:49:18,  Lat/Lon: 5.74953°/125.255°, Depth: 10
2026/06/09 23:52:48.819763 [Incident:Info:toast@toast-new:Magnitude updated] Magnitude updated: 5.17 (M)
2026/06/09 23:52:48.830592 [Simulation:Info:toast@toast-new:Simulation not generated] Magnitude 5.17 of event bmg2026lfuh is smaller than triggerMinMagnitude: no automatic simulation
2026/06/09 23:52:52.910363 [Incident:Info:toast@toast-new:Origin updated] Origin updated: OT: 2026-06-09 16:49:18,  Lat/Lon: 5.74953°/125.255°, Depth: 10
2026/06/09 23:52:52.925436 [Incident:Info:toast@toast-new:Magnitude updated] Magnitude updated: 5.17 (M)
2026/06/09 23:52:52.936227 [Simulation:Info:toast@toast-new:Simulation not generated] Magnitude 5.17 of event bmg2026lfuh is smaller than triggerMinMagnitude: no automatic simulation
2026/06/09 23:52:53.702858 [Incident:Info:toast@toast-new:Origin updated] Origin updated: OT: 2026-06-09 16:49:18,  Lat/Lon: 5.74953°/125.255°, Depth: 10
2026/06/09 23:52:53.717597 [Incident:Info:toast@toast-new:Magnitude updated] Magnitude updated: 5.17 (M)
2026/06/09 23:52:53.728819 [Simulation:Info:toast@toast-new:Simulation not generated] Magnitude 5.17 of event bmg2026lfuh is smaller than triggerMinMagnitude: no automatic simulation
2026/06/09 23:52:58.866320 [Incident:Info:toast@toast-new:Origin updated] Origin updated: OT: 2026-06-09 16:49:18,  Lat/Lon: 5.74953°/125.255°, Depth: 10
2026/06/09 23:52:58.881544 [Incident:Info:toast@toast-new:Magnitude updated] Magnitude updated: 5.17 (M)
2026/06/09 23:52:58.892896 [Simulation:Info:toast@toast-new:Simulation not generated] Magnitude 5.17 of event bmg2026lfuh is smaller than triggerMinMagnitude: no automatic simulation
2026/06/09 23:53:03.861608 [Incident:Info:toast@toast-new:Origin updated] Origin updated: OT: 2026-06-09 16:49:18,  Lat/Lon: 5.74953°/125.255°, Depth: 10
2026/06/09 23:53:03.886574 [Incident:Info:toast@toast-new:Magnitude updated] Magnitude updated: 5.17 (M)
2026/06/09 23:53:03.900253 [Simulation:Info:toast@toast-new:Simulation not generated] Magnitude 5.17 of event bmg2026lfuh is smaller than triggerMinMagnitude: no automatic simulation
2026/06/09 23:53:08.843722 [Incident:Info:toast@toast-new:Origin updated] Origin updated: OT: 2026-06-09 16:49:18,  Lat/Lon: 5.74953°/125.255°, Depth: 10
2026/06/09 23:53:08.858512 [Incident:Info:toast@toast-new:Magnitude updated] Magnitude updated: 5.18 (M)
2026/06/09 23:53:08.869914 [Simulation:Info:toast@toast-new:Simulation not generated] Magnitude 5.18 of event bmg2026lfuh is smaller than triggerMinMagnitude: no automatic simulation
2026/06/09 23:53:18.818730 [Incident:Info:toast@toast-new:Origin updated] Origin updated: OT: 2026-06-09 16:49:18,  Lat/Lon: 5.74953°/125.255°, Depth: 10
2026/06/09 23:53:18.833358 [Incident:Info:toast@toast-new:Magnitude updated] Magnitude updated: 5.18 (M)
2026/06/09 23:53:18.844626 [Simulation:Info:toast@toast-new:Simulation not generated] Magnitude 5.18 of event bmg2026lfuh is smaller than triggerMinMagnitude: no automatic simulation
2026/06/09 23:53:23.828425 [Incident:Info:toast@toast-new:Origin updated] Origin updated: OT: 2026-06-09 16:49:18,  Lat/Lon: 5.74953°/125.255°, Depth: 10
2026/06/09 23:53:23.843190 [Incident:Info:toast@toast-new:Magnitude updated] Magnitude updated: 5.18 (M)
2026/06/09 23:53:23.854624 [Simulation:Info:toast@toast-new:Simulation not generated] Magnitude 5.18 of event bmg2026lfuh is smaller than triggerMinMagnitude: no automatic simulation
2026/06/09 23:53:38.810208 [Incident:Info:toast@toast-new:Origin updated] Origin updated: OT: 2026-06-09 16:49:18,  Lat/Lon: 5.74953°/125.255°, Depth: 10
2026/06/09 23:53:38.824489 [Incident:Info:toast@toast-new:Magnitude updated] Magnitude updated: 5.18 (M)
2026/06/09 23:53:38.835646 [Simulation:Info:toast@toast-new:Simulation not generated] Magnitude 5.18 of event bmg2026lfuh is smaller than triggerMinMagnitude: no automatic simulation
2026/06/09 23:55:50.219861 [Incident:Info:toast@toast-new:Origin updated] Origin updated: OT: 2026-06-09 16:49:18,  Lat/Lon: 5.74953°/125.255°, Depth: 10
2026/06/09 23:55:50.234910 [Incident:Info:toast@toast-new:FM updated] FM updated
2026/06/09 23:55:50.246465 [Simulation:Info:toast@toast-new:Simulation not generated] Magnitude 5.18 of event bmg2026lfuh is smaller than triggerMinMagnitude: no automatic simulation
2026/06/09 23:56:44.886294 [Incident:Info:toast@toast-new:Origin updated] Origin updated: OT: 2026-06-09 16:49:18,  Lat/Lon: 5.74953°/125.255°, Depth: 10
2026/06/09 23:56:44.900456 [Incident:Info:toast@toast-new:FM updated] FM updated
2026/06/09 23:56:44.912334 [Simulation:Info:toast@toast-new:Simulation not generated] Magnitude 5.18 of event bmg2026lfuh is smaller than triggerMinMagnitude: no automatic simulation
2026/06/09 23:57:28.088583 [Incident:Info:toast@toast-new:Origin updated] Origin updated: OT: 2026-06-09 16:49:25,  Lat/Lon: 5.48838°/125.447°, Depth: 31.5247
2026/06/09 23:57:28.101860 [Incident:Info:toast@toast-new:Magnitude updated] Magnitude updated: 5.04 (Mw(mB))
2026/06/09 23:57:28.112747 [Simulation:Info:toast@toast-new:Simulation not generated] Magnitude 5.04 of event bmg2026lfuh is smaller than triggerMinMagnitude: no automatic simulation
2026/06/09 23:57:30.995762 [Incident:Info:toast@toast-new:Origin updated] Origin updated: OT: 2026-06-09 16:49:25,  Lat/Lon: 5.48838°/125.447°, Depth: 31.5247
2026/06/09 23:57:31.007198 [Simulation:Info:toast@toast-new:Simulation not generated] Magnitude 5.04 of event bmg2026lfuh is smaller than triggerMinMagnitude: no automatic simulation
2026/06/09 23:57:31.029579 [Incident:Info:toast@toast-new:Origin updated] Origin updated: OT: 2026-06-09 16:49:25,  Lat/Lon: 5.48838°/125.447°, Depth: 31.5247
2026/06/09 23:57:31.039706 [Incident:Info:toast@toast-new:Magnitude updated] Magnitude updated: 5.06 (Mw)
2026/06/09 23:57:31.049818 [Simulation:Info:toast@toast-new:Simulation not generated] Magnitude 5.06 of event bmg2026lfuh is smaller than triggerMinMagnitude: no automatic simulation
2026/06/10 02:23:33.228849 [Incident:Info:toast@toast-new:Origin updated] Origin updated: OT: 2026-06-09 16:49:25,  Lat/Lon: 5.5002°/125.42°, Depth: 39.174
2026/06/10 02:23:33.240779 [Simulation:Info:toast@toast-new:Simulation not generated] Magnitude 5.06 of event bmg2026lfuh is smaller than triggerMinMagnitude: no automatic simulation
2026/06/10 06:46:56.795264 [Incident:Info:toast@toast-new:Origin updated] Origin updated: OT: 2026-06-09 16:49:25,  Lat/Lon: 5.5002°/125.42°, Depth: 39.174
2026/06/10 06:46:56.805778 [Incident:Info:toast@toast-new:Magnitude updated] Magnitude updated: 5.04 (Mw)
2026/06/10 06:46:56.816320 [Incident:Info:toast@toast-new:FM updated] FM updated
2026/06/10 06:46:56.826708 [Simulation:Info:toast@toast-new:Simulation not generated] Magnitude 5.04 of event bmg2026lfuh is smaller than triggerMinMagnitude: no automatic simulation
