2026/06/08 16:19:23.571573 [Incident:Info:toast@toast-new:Displacement(s) updated] Added 0 and changed 0 displacements with 0 amplitudes
2026/06/08 16:19:23.575076 [Incident:Info:toast@toast-new:Incident created] Incident created based on event received from messaging: OT: 2026-06-08 09:16:47,  Lat/Lon: 5.18°/125.48°, Depth: 10.00, Mag: 5.23 (M)
2026/06/08 16:19:23.575741 [Simulation:Info:toast@toast-new:Simulation not generated] Magnitude 5.23 of event bmg2026ldjw is smaller than triggerMinMagnitude: no automatic simulation
2026/06/08 16:19:23.594101 [Incident:Info:toast@toast-new:Origin updated] Origin updated: OT: 2026-06-08 09:16:47,  Lat/Lon: 5.18439°/125.478°, Depth: 10
2026/06/08 16:19:23.594251 [Simulation:Info:toast@toast-new:Simulation not generated] Magnitude 5.23 of event bmg2026ldjw is smaller than triggerMinMagnitude: no automatic simulation
2026/06/08 16:19:28.990230 [Incident:Info:toast@toast-new:Origin updated] Origin updated: OT: 2026-06-08 09:16:47,  Lat/Lon: 5.18439°/125.478°, Depth: 10
2026/06/08 16:19:28.990482 [Incident:Info:toast@toast-new:Magnitude updated] Magnitude updated: 5.28 (M)
2026/06/08 16:19:28.990556 [Simulation:Info:toast@toast-new:Simulation not generated] Magnitude 5.28 of event bmg2026ldjw is smaller than triggerMinMagnitude: no automatic simulation
2026/06/08 16:19:33.566657 [Incident:Info:toast@toast-new:Origin updated] Origin updated: OT: 2026-06-08 09:16:47,  Lat/Lon: 5.1835°/125.5°, Depth: 10
2026/06/08 16:19:33.566829 [Incident:Info:toast@toast-new:Magnitude updated] Magnitude updated: 5.26 (M)
2026/06/08 16:19:33.566866 [Simulation:Info:toast@toast-new:Simulation not generated] Magnitude 5.26 of event bmg2026ldjw is smaller than triggerMinMagnitude: no automatic simulation
2026/06/08 16:19:38.976371 [Incident:Info:toast@toast-new:Origin updated] Origin updated: OT: 2026-06-08 09:16:47,  Lat/Lon: 5.1835°/125.5°, Depth: 10
2026/06/08 16:19:38.976555 [Incident:Info:toast@toast-new:Magnitude updated] Magnitude updated: 5.27 (M)
2026/06/08 16:19:38.976593 [Simulation:Info:toast@toast-new:Simulation not generated] Magnitude 5.27 of event bmg2026ldjw is smaller than triggerMinMagnitude: no automatic simulation
2026/06/08 16:19:42.341961 [Incident:Info:toast@toast-new:Origin updated] Origin updated: OT: 2026-06-08 09:16:47,  Lat/Lon: 5.1835°/125.5°, Depth: 10
2026/06/08 16:19:42.342198 [Incident:Info:toast@toast-new:Magnitude updated] Magnitude updated: 5.30 (M)
2026/06/08 16:19:42.342253 [Simulation:Info:toast@toast-new:Simulation not generated] Magnitude 5.30 of event bmg2026ldjw is smaller than triggerMinMagnitude: no automatic simulation
2026/06/08 16:19:42.385261 [Incident:Info:toast@toast-new:Origin updated] Origin updated: OT: 2026-06-08 09:16:47,  Lat/Lon: 5.178°/125.476°, Depth: 10
2026/06/08 16:19:42.385409 [Incident:Info:toast@toast-new:Magnitude updated] Magnitude updated: 5.27 (M)
2026/06/08 16:19:42.385434 [Simulation:Info:toast@toast-new:Simulation not generated] Magnitude 5.27 of event bmg2026ldjw is smaller than triggerMinMagnitude: no automatic simulation
2026/06/08 16:19:43.958080 [Incident:Info:toast@toast-new:Origin updated] Origin updated: OT: 2026-06-08 09:16:47,  Lat/Lon: 5.178°/125.476°, Depth: 10
2026/06/08 16:19:43.958308 [Incident:Info:toast@toast-new:Magnitude updated] Magnitude updated: 5.26 (M)
2026/06/08 16:19:43.958368 [Simulation:Info:toast@toast-new:Simulation not generated] Magnitude 5.26 of event bmg2026ldjw is smaller than triggerMinMagnitude: no automatic simulation
2026/06/08 16:19:49.055935 [Incident:Info:toast@toast-new:Origin updated] Origin updated: OT: 2026-06-08 09:16:47,  Lat/Lon: 5.178°/125.476°, Depth: 10
2026/06/08 16:19:49.056139 [Incident:Info:toast@toast-new:Magnitude updated] Magnitude updated: 5.33 (M)
2026/06/08 16:19:49.056187 [Simulation:Info:toast@toast-new:Simulation not generated] Magnitude 5.33 of event bmg2026ldjw is smaller than triggerMinMagnitude: no automatic simulation
2026/06/08 16:19:50.839718 [Incident:Info:toast@toast-new:Origin updated] Origin updated: OT: 2026-06-08 09:16:47,  Lat/Lon: 5.178°/125.476°, Depth: 10
2026/06/08 16:19:50.839845 [Incident:Info:toast@toast-new:Magnitude updated] Magnitude updated: 5.33 (M)
2026/06/08 16:19:50.839865 [Simulation:Info:toast@toast-new:Simulation not generated] Magnitude 5.33 of event bmg2026ldjw is smaller than triggerMinMagnitude: no automatic simulation
2026/06/08 16:19:53.655111 [Incident:Info:toast@toast-new:Origin updated] Origin updated: OT: 2026-06-08 09:16:48,  Lat/Lon: 5.09116°/125.498°, Depth: 10
2026/06/08 16:19:53.655366 [Incident:Info:toast@toast-new:Magnitude updated] Magnitude updated: 5.30 (M)
2026/06/08 16:19:53.655436 [Simulation:Info:toast@toast-new:Simulation not generated] Magnitude 5.30 of event bmg2026ldjw is smaller than triggerMinMagnitude: no automatic simulation
2026/06/08 16:19:59.094287 [Incident:Info:toast@toast-new:Origin updated] Origin updated: OT: 2026-06-08 09:16:48,  Lat/Lon: 5.09116°/125.498°, Depth: 10
2026/06/08 16:19:59.094478 [Incident:Info:toast@toast-new:Magnitude updated] Magnitude updated: 5.29 (M)
2026/06/08 16:19:59.094525 [Simulation:Info:toast@toast-new:Simulation not generated] Magnitude 5.29 of event bmg2026ldjw is smaller than triggerMinMagnitude: no automatic simulation
2026/06/08 16:20:03.897758 [Incident:Info:toast@toast-new:Origin updated] Origin updated: OT: 2026-06-08 09:16:48,  Lat/Lon: 5.09116°/125.498°, Depth: 10
2026/06/08 16:20:03.897952 [Incident:Info:toast@toast-new:Magnitude updated] Magnitude updated: 5.29 (M)
2026/06/08 16:20:03.897998 [Simulation:Info:toast@toast-new:Simulation not generated] Magnitude 5.29 of event bmg2026ldjw is smaller than triggerMinMagnitude: no automatic simulation
2026/06/08 16:20:09.040171 [Incident:Info:toast@toast-new:Origin updated] Origin updated: OT: 2026-06-08 09:16:48,  Lat/Lon: 5.09116°/125.498°, Depth: 10
2026/06/08 16:20:09.040363 [Incident:Info:toast@toast-new:Magnitude updated] Magnitude updated: 5.29 (M)
2026/06/08 16:20:09.040408 [Simulation:Info:toast@toast-new:Simulation not generated] Magnitude 5.29 of event bmg2026ldjw is smaller than triggerMinMagnitude: no automatic simulation
2026/06/08 16:20:12.355751 [Incident:Info:toast@toast-new:Origin updated] Origin updated: OT: 2026-06-08 09:16:48,  Lat/Lon: 5.09116°/125.498°, Depth: 10
2026/06/08 16:20:12.355924 [Incident:Info:toast@toast-new:Magnitude updated] Magnitude updated: 5.29 (M)
2026/06/08 16:20:12.355967 [Simulation:Info:toast@toast-new:Simulation not generated] Magnitude 5.29 of event bmg2026ldjw is smaller than triggerMinMagnitude: no automatic simulation
2026/06/08 16:20:13.922306 [Incident:Info:toast@toast-new:Origin updated] Origin updated: OT: 2026-06-08 09:16:48,  Lat/Lon: 5.09116°/125.498°, Depth: 10
2026/06/08 16:20:13.922483 [Incident:Info:toast@toast-new:Magnitude updated] Magnitude updated: 5.29 (M)
2026/06/08 16:20:13.922524 [Simulation:Info:toast@toast-new:Simulation not generated] Magnitude 5.29 of event bmg2026ldjw is smaller than triggerMinMagnitude: no automatic simulation
2026/06/08 16:20:19.021173 [Incident:Info:toast@toast-new:Origin updated] Origin updated: OT: 2026-06-08 09:16:48,  Lat/Lon: 5.09116°/125.498°, Depth: 10
2026/06/08 16:20:19.021373 [Incident:Info:toast@toast-new:Magnitude updated] Magnitude updated: 5.27 (M)
2026/06/08 16:20:19.021421 [Simulation:Info:toast@toast-new:Simulation not generated] Magnitude 5.27 of event bmg2026ldjw is smaller than triggerMinMagnitude: no automatic simulation
2026/06/08 16:20:22.135931 [Incident:Info:toast@toast-new:Origin updated] Origin updated: OT: 2026-06-08 09:16:48,  Lat/Lon: 5.09116°/125.498°, Depth: 10
2026/06/08 16:20:22.136134 [Incident:Info:toast@toast-new:Magnitude updated] Magnitude updated: 5.27 (M)
2026/06/08 16:20:22.136185 [Simulation:Info:toast@toast-new:Simulation not generated] Magnitude 5.27 of event bmg2026ldjw is smaller than triggerMinMagnitude: no automatic simulation
2026/06/08 16:20:23.921911 [Incident:Info:toast@toast-new:Origin updated] Origin updated: OT: 2026-06-08 09:16:48,  Lat/Lon: 5.09116°/125.498°, Depth: 10
2026/06/08 16:20:23.922108 [Incident:Info:toast@toast-new:Magnitude updated] Magnitude updated: 5.26 (M)
2026/06/08 16:20:23.922181 [Simulation:Info:toast@toast-new:Simulation not generated] Magnitude 5.26 of event bmg2026ldjw is smaller than triggerMinMagnitude: no automatic simulation
2026/06/08 16:20:28.950871 [Incident:Info:toast@toast-new:Origin updated] Origin updated: OT: 2026-06-08 09:16:48,  Lat/Lon: 5.09116°/125.498°, Depth: 10
2026/06/08 16:20:28.951090 [Incident:Info:toast@toast-new:Magnitude updated] Magnitude updated: 5.26 (M)
2026/06/08 16:20:28.951139 [Simulation:Info:toast@toast-new:Simulation not generated] Magnitude 5.26 of event bmg2026ldjw is smaller than triggerMinMagnitude: no automatic simulation
2026/06/08 16:20:33.951403 [Incident:Info:toast@toast-new:Origin updated] Origin updated: OT: 2026-06-08 09:16:48,  Lat/Lon: 5.09116°/125.498°, Depth: 10
2026/06/08 16:20:33.951586 [Incident:Info:toast@toast-new:Magnitude updated] Magnitude updated: 5.27 (M)
2026/06/08 16:20:33.951627 [Simulation:Info:toast@toast-new:Simulation not generated] Magnitude 5.27 of event bmg2026ldjw is smaller than triggerMinMagnitude: no automatic simulation
2026/06/08 16:20:37.913495 [Incident:Info:toast@toast-new:Origin updated] Origin updated: OT: 2026-06-08 09:16:48,  Lat/Lon: 5.09116°/125.498°, Depth: 10
2026/06/08 16:20:37.913675 [Incident:Info:toast@toast-new:Magnitude updated] Magnitude updated: 5.27 (M)
2026/06/08 16:20:37.913719 [Simulation:Info:toast@toast-new:Simulation not generated] Magnitude 5.27 of event bmg2026ldjw is smaller than triggerMinMagnitude: no automatic simulation
2026/06/08 16:20:38.976519 [Incident:Info:toast@toast-new:Origin updated] Origin updated: OT: 2026-06-08 09:16:48,  Lat/Lon: 5.09116°/125.498°, Depth: 10
2026/06/08 16:20:38.976719 [Incident:Info:toast@toast-new:Magnitude updated] Magnitude updated: 5.27 (M)
2026/06/08 16:20:38.976763 [Simulation:Info:toast@toast-new:Simulation not generated] Magnitude 5.27 of event bmg2026ldjw is smaller than triggerMinMagnitude: no automatic simulation
2026/06/08 16:20:44.109321 [Incident:Info:toast@toast-new:Origin updated] Origin updated: OT: 2026-06-08 09:16:48,  Lat/Lon: 5.09116°/125.498°, Depth: 10
2026/06/08 16:20:44.109502 [Incident:Info:toast@toast-new:Magnitude updated] Magnitude updated: 5.28 (M)
2026/06/08 16:20:44.109542 [Simulation:Info:toast@toast-new:Simulation not generated] Magnitude 5.28 of event bmg2026ldjw is smaller than triggerMinMagnitude: no automatic simulation
2026/06/08 16:20:48.923629 [Incident:Info:toast@toast-new:Origin updated] Origin updated: OT: 2026-06-08 09:16:48,  Lat/Lon: 5.09116°/125.498°, Depth: 10
2026/06/08 16:20:48.923790 [Incident:Info:toast@toast-new:Magnitude updated] Magnitude updated: 5.28 (M)
2026/06/08 16:20:48.923832 [Simulation:Info:toast@toast-new:Simulation not generated] Magnitude 5.28 of event bmg2026ldjw is smaller than triggerMinMagnitude: no automatic simulation
2026/06/08 16:20:58.341119 [Incident:Info:toast@toast-new:Origin updated] Origin updated: OT: 2026-06-08 09:16:48,  Lat/Lon: 5.10657°/125.512°, Depth: 10
2026/06/08 16:20:58.341288 [Incident:Info:toast@toast-new:Magnitude updated] Magnitude updated: 5.28 (M)
2026/06/08 16:20:58.341322 [Simulation:Info:toast@toast-new:Simulation not generated] Magnitude 5.28 of event bmg2026ldjw is smaller than triggerMinMagnitude: no automatic simulation
2026/06/08 16:21:04.080291 [Incident:Info:toast@toast-new:Origin updated] Origin updated: OT: 2026-06-08 09:16:48,  Lat/Lon: 5.10657°/125.512°, Depth: 10
2026/06/08 16:21:04.080464 [Incident:Info:toast@toast-new:Magnitude updated] Magnitude updated: 5.28 (M)
2026/06/08 16:21:04.080507 [Simulation:Info:toast@toast-new:Simulation not generated] Magnitude 5.28 of event bmg2026ldjw is smaller than triggerMinMagnitude: no automatic simulation
2026/06/08 16:21:12.742975 [Incident:Info:toast@toast-new:Origin updated] Origin updated: OT: 2026-06-08 09:16:48,  Lat/Lon: 5.12838°/125.516°, Depth: 10
2026/06/08 16:21:12.743176 [Incident:Info:toast@toast-new:Magnitude updated] Magnitude updated: 5.30 (M)
2026/06/08 16:21:12.743216 [Simulation:Info:toast@toast-new:Simulation not generated] Magnitude 5.30 of event bmg2026ldjw is smaller than triggerMinMagnitude: no automatic simulation
2026/06/08 16:21:14.012214 [Incident:Info:toast@toast-new:Origin updated] Origin updated: OT: 2026-06-08 09:16:48,  Lat/Lon: 5.12838°/125.516°, Depth: 10
2026/06/08 16:21:14.012412 [Incident:Info:toast@toast-new:Magnitude updated] Magnitude updated: 5.30 (M)
2026/06/08 16:21:14.012459 [Simulation:Info:toast@toast-new:Simulation not generated] Magnitude 5.30 of event bmg2026ldjw is smaller than triggerMinMagnitude: no automatic simulation
2026/06/08 16:21:28.439962 [Incident:Info:toast@toast-new:Origin updated] Origin updated: OT: 2026-06-08 09:16:49,  Lat/Lon: 5.07446°/125.551°, Depth: 10
2026/06/08 16:21:28.440160 [Incident:Info:toast@toast-new:Magnitude updated] Magnitude updated: 5.29 (M)
2026/06/08 16:21:28.440198 [Simulation:Info:toast@toast-new:Simulation not generated] Magnitude 5.29 of event bmg2026ldjw is smaller than triggerMinMagnitude: no automatic simulation
2026/06/08 16:21:28.968696 [Incident:Info:toast@toast-new:Origin updated] Origin updated: OT: 2026-06-08 09:16:49,  Lat/Lon: 5.07446°/125.551°, Depth: 10
2026/06/08 16:21:28.968887 [Incident:Info:toast@toast-new:Magnitude updated] Magnitude updated: 5.29 (M)
2026/06/08 16:21:28.968928 [Simulation:Info:toast@toast-new:Simulation not generated] Magnitude 5.29 of event bmg2026ldjw is smaller than triggerMinMagnitude: no automatic simulation
2026/06/08 16:21:33.606667 [Incident:Info:toast@toast-new:Origin updated] Origin updated: OT: 2026-06-08 09:16:49,  Lat/Lon: 5.07446°/125.551°, Depth: 10
2026/06/08 16:21:33.606841 [Incident:Info:toast@toast-new:Magnitude updated] Magnitude updated: 5.32 (M)
2026/06/08 16:21:33.606875 [Simulation:Info:toast@toast-new:Simulation not generated] Magnitude 5.32 of event bmg2026ldjw is smaller than triggerMinMagnitude: no automatic simulation
2026/06/08 16:21:38.948238 [Incident:Info:toast@toast-new:Origin updated] Origin updated: OT: 2026-06-08 09:16:49,  Lat/Lon: 5.07446°/125.551°, Depth: 10
2026/06/08 16:21:38.948407 [Incident:Info:toast@toast-new:Magnitude updated] Magnitude updated: 5.32 (M)
2026/06/08 16:21:38.948442 [Simulation:Info:toast@toast-new:Simulation not generated] Magnitude 5.32 of event bmg2026ldjw is smaller than triggerMinMagnitude: no automatic simulation
2026/06/08 16:21:43.607951 [Incident:Info:toast@toast-new:Origin updated] Origin updated: OT: 2026-06-08 09:16:49,  Lat/Lon: 5.08054°/125.542°, Depth: 10
2026/06/08 16:21:43.608166 [Incident:Info:toast@toast-new:Magnitude updated] Magnitude updated: 5.34 (M)
2026/06/08 16:21:43.608212 [Simulation:Info:toast@toast-new:Simulation not generated] Magnitude 5.34 of event bmg2026ldjw is smaller than triggerMinMagnitude: no automatic simulation
2026/06/08 16:21:48.993400 [Incident:Info:toast@toast-new:Origin updated] Origin updated: OT: 2026-06-08 09:16:49,  Lat/Lon: 5.08054°/125.542°, Depth: 10
2026/06/08 16:21:48.993641 [Incident:Info:toast@toast-new:Magnitude updated] Magnitude updated: 5.32 (M)
2026/06/08 16:21:48.993707 [Simulation:Info:toast@toast-new:Simulation not generated] Magnitude 5.32 of event bmg2026ldjw is smaller than triggerMinMagnitude: no automatic simulation
2026/06/08 16:21:53.890957 [Incident:Info:toast@toast-new:Origin updated] Origin updated: OT: 2026-06-08 09:16:49,  Lat/Lon: 5.08054°/125.542°, Depth: 10
2026/06/08 16:21:53.891161 [Incident:Info:toast@toast-new:Magnitude updated] Magnitude updated: 5.32 (M)
2026/06/08 16:21:53.891207 [Simulation:Info:toast@toast-new:Simulation not generated] Magnitude 5.32 of event bmg2026ldjw is smaller than triggerMinMagnitude: no automatic simulation
2026/06/08 16:22:12.547464 [Incident:Info:toast@toast-new:Origin updated] Origin updated: OT: 2026-06-08 09:16:49,  Lat/Lon: 5.08987°/125.538°, Depth: 10
2026/06/08 16:22:12.547674 [Incident:Info:toast@toast-new:Magnitude updated] Magnitude updated: 5.33 (M)
2026/06/08 16:22:12.547720 [Simulation:Info:toast@toast-new:Simulation not generated] Magnitude 5.33 of event bmg2026ldjw is smaller than triggerMinMagnitude: no automatic simulation
2026/06/08 16:22:21.648757 [Incident:Info:toast@toast-new:Origin updated] Origin updated: OT: 2026-06-08 09:17:25,  Lat/Lon: 4.75974°/125.36°, Depth: 10
2026/06/08 16:22:21.648986 [Incident:Info:toast@toast-new:Magnitude updated] Magnitude updated: 5.41 (Mw(mB))
2026/06/08 16:22:21.649048 [Simulation:Info:toast@toast-new:Simulation not generated] Magnitude 5.41 of event bmg2026ldjw is smaller than triggerMinMagnitude: no automatic simulation
2026/06/08 16:22:23.907330 [Incident:Info:toast@toast-new:Origin updated] Origin updated: OT: 2026-06-08 09:17:25,  Lat/Lon: 4.75974°/125.36°, Depth: 10
2026/06/08 16:22:23.907532 [Incident:Info:toast@toast-new:Magnitude updated] Magnitude updated: 5.40 (Mw(mB))
2026/06/08 16:22:23.907574 [Simulation:Info:toast@toast-new:Simulation not generated] Magnitude 5.40 of event bmg2026ldjw is smaller than triggerMinMagnitude: no automatic simulation
2026/06/08 16:22:28.629568 [Incident:Info:toast@toast-new:Origin updated] Origin updated: OT: 2026-06-08 09:17:25,  Lat/Lon: 4.75974°/125.36°, Depth: 10
2026/06/08 16:22:28.629774 [Incident:Info:toast@toast-new:Magnitude updated] Magnitude updated: 5.40 (Mw(mB))
2026/06/08 16:22:28.629821 [Simulation:Info:toast@toast-new:Simulation not generated] Magnitude 5.40 of event bmg2026ldjw is smaller than triggerMinMagnitude: no automatic simulation
2026/06/08 16:22:28.954032 [Incident:Info:toast@toast-new:Origin updated] Origin updated: OT: 2026-06-08 09:17:25,  Lat/Lon: 4.75974°/125.36°, Depth: 10
2026/06/08 16:22:28.954218 [Incident:Info:toast@toast-new:Magnitude updated] Magnitude updated: 5.40 (Mw(mB))
2026/06/08 16:22:28.954263 [Simulation:Info:toast@toast-new:Simulation not generated] Magnitude 5.40 of event bmg2026ldjw is smaller than triggerMinMagnitude: no automatic simulation
2026/06/08 16:22:33.917858 [Incident:Info:toast@toast-new:Origin updated] Origin updated: OT: 2026-06-08 09:17:25,  Lat/Lon: 4.75974°/125.36°, Depth: 10
2026/06/08 16:22:33.918054 [Incident:Info:toast@toast-new:Magnitude updated] Magnitude updated: 5.42 (Mw(mB))
2026/06/08 16:22:33.918095 [Simulation:Info:toast@toast-new:Simulation not generated] Magnitude 5.42 of event bmg2026ldjw is smaller than triggerMinMagnitude: no automatic simulation
2026/06/08 16:22:38.967126 [Incident:Info:toast@toast-new:Origin updated] Origin updated: OT: 2026-06-08 09:17:25,  Lat/Lon: 4.75974°/125.36°, Depth: 10
2026/06/08 16:22:38.967322 [Incident:Info:toast@toast-new:Magnitude updated] Magnitude updated: 5.43 (Mw(mB))
2026/06/08 16:22:38.967364 [Simulation:Info:toast@toast-new:Simulation not generated] Magnitude 5.43 of event bmg2026ldjw is smaller than triggerMinMagnitude: no automatic simulation
2026/06/08 16:22:43.950892 [Incident:Info:toast@toast-new:Origin updated] Origin updated: OT: 2026-06-08 09:17:25,  Lat/Lon: 4.75974°/125.36°, Depth: 10
2026/06/08 16:22:43.951107 [Incident:Info:toast@toast-new:Magnitude updated] Magnitude updated: 5.45 (Mw(mB))
2026/06/08 16:22:43.951156 [Simulation:Info:toast@toast-new:Simulation not generated] Magnitude 5.45 of event bmg2026ldjw is smaller than triggerMinMagnitude: no automatic simulation
2026/06/08 16:22:48.953978 [Incident:Info:toast@toast-new:Origin updated] Origin updated: OT: 2026-06-08 09:17:25,  Lat/Lon: 4.75974°/125.36°, Depth: 10
2026/06/08 16:22:48.954197 [Incident:Info:toast@toast-new:Magnitude updated] Magnitude updated: 5.45 (Mw(mB))
2026/06/08 16:22:48.954249 [Simulation:Info:toast@toast-new:Simulation not generated] Magnitude 5.45 of event bmg2026ldjw is smaller than triggerMinMagnitude: no automatic simulation
2026/06/08 16:22:51.491727 [Incident:Info:toast@toast-new:Origin updated] Origin updated: OT: 2026-06-08 09:17:24,  Lat/Lon: 4.81353°/125.374°, Depth: 10
2026/06/08 16:22:51.491932 [Incident:Info:toast@toast-new:Magnitude updated] Magnitude updated: 5.45 (Mw(mB))
2026/06/08 16:22:51.491971 [Simulation:Info:toast@toast-new:Simulation not generated] Magnitude 5.45 of event bmg2026ldjw is smaller than triggerMinMagnitude: no automatic simulation
2026/06/08 16:22:53.961304 [Incident:Info:toast@toast-new:Origin updated] Origin updated: OT: 2026-06-08 09:17:24,  Lat/Lon: 4.81353°/125.374°, Depth: 10
2026/06/08 16:22:53.961524 [Incident:Info:toast@toast-new:Magnitude updated] Magnitude updated: 5.45 (Mw(mB))
2026/06/08 16:22:53.961566 [Simulation:Info:toast@toast-new:Simulation not generated] Magnitude 5.45 of event bmg2026ldjw is smaller than triggerMinMagnitude: no automatic simulation
2026/06/08 16:22:58.918556 [Incident:Info:toast@toast-new:Origin updated] Origin updated: OT: 2026-06-08 09:17:24,  Lat/Lon: 4.81353°/125.374°, Depth: 10
2026/06/08 16:22:58.918755 [Incident:Info:toast@toast-new:Magnitude updated] Magnitude updated: 5.45 (Mw(mB))
2026/06/08 16:22:58.918807 [Simulation:Info:toast@toast-new:Simulation not generated] Magnitude 5.45 of event bmg2026ldjw is smaller than triggerMinMagnitude: no automatic simulation
2026/06/08 16:23:03.907625 [Incident:Info:toast@toast-new:Origin updated] Origin updated: OT: 2026-06-08 09:17:24,  Lat/Lon: 4.81353°/125.374°, Depth: 10
2026/06/08 16:23:03.907847 [Incident:Info:toast@toast-new:Magnitude updated] Magnitude updated: 5.44 (Mw(mB))
2026/06/08 16:23:03.907903 [Simulation:Info:toast@toast-new:Simulation not generated] Magnitude 5.44 of event bmg2026ldjw is smaller than triggerMinMagnitude: no automatic simulation
2026/06/08 16:23:08.925031 [Incident:Info:toast@toast-new:Origin updated] Origin updated: OT: 2026-06-08 09:17:24,  Lat/Lon: 4.81353°/125.374°, Depth: 10
2026/06/08 16:23:08.925231 [Incident:Info:toast@toast-new:Magnitude updated] Magnitude updated: 5.45 (Mw(mB))
2026/06/08 16:23:08.925276 [Simulation:Info:toast@toast-new:Simulation not generated] Magnitude 5.45 of event bmg2026ldjw is smaller than triggerMinMagnitude: no automatic simulation
2026/06/08 16:23:13.923152 [Incident:Info:toast@toast-new:Origin updated] Origin updated: OT: 2026-06-08 09:17:24,  Lat/Lon: 4.81353°/125.374°, Depth: 10
2026/06/08 16:23:13.923347 [Incident:Info:toast@toast-new:Magnitude updated] Magnitude updated: 5.45 (Mw(mB))
2026/06/08 16:23:13.923392 [Simulation:Info:toast@toast-new:Simulation not generated] Magnitude 5.45 of event bmg2026ldjw is smaller than triggerMinMagnitude: no automatic simulation
2026/06/08 16:23:18.938365 [Incident:Info:toast@toast-new:Origin updated] Origin updated: OT: 2026-06-08 09:17:24,  Lat/Lon: 4.81353°/125.374°, Depth: 10
2026/06/08 16:23:18.938565 [Incident:Info:toast@toast-new:Magnitude updated] Magnitude updated: 5.46 (Mw(mB))
2026/06/08 16:23:18.938612 [Simulation:Info:toast@toast-new:Simulation not generated] Magnitude 5.46 of event bmg2026ldjw is smaller than triggerMinMagnitude: no automatic simulation
2026/06/08 16:23:20.454267 [Incident:Info:toast@toast-new:Origin updated] Origin updated: OT: 2026-06-08 09:17:24,  Lat/Lon: 4.81353°/125.374°, Depth: 10
2026/06/08 16:23:20.454459 [Incident:Info:toast@toast-new:Magnitude updated] Magnitude updated: 5.46 (Mw(mB))
2026/06/08 16:23:20.454506 [Simulation:Info:toast@toast-new:Simulation not generated] Magnitude 5.46 of event bmg2026ldjw is smaller than triggerMinMagnitude: no automatic simulation
2026/06/08 16:23:22.118522 [Incident:Info:toast@toast-new:Origin updated] Origin updated: OT: 2026-06-08 09:17:23,  Lat/Lon: 4.94241°/125.399°, Depth: 10
2026/06/08 16:23:22.118742 [Incident:Info:toast@toast-new:Magnitude updated] Magnitude updated: 5.47 (Mw(mB))
2026/06/08 16:23:22.118784 [Simulation:Info:toast@toast-new:Simulation not generated] Magnitude 5.47 of event bmg2026ldjw is smaller than triggerMinMagnitude: no automatic simulation
2026/06/08 16:23:24.030077 [Incident:Info:toast@toast-new:Origin updated] Origin updated: OT: 2026-06-08 09:17:23,  Lat/Lon: 4.94241°/125.399°, Depth: 10
2026/06/08 16:23:24.030289 [Incident:Info:toast@toast-new:Magnitude updated] Magnitude updated: 5.47 (Mw(mB))
2026/06/08 16:23:24.030339 [Simulation:Info:toast@toast-new:Simulation not generated] Magnitude 5.47 of event bmg2026ldjw is smaller than triggerMinMagnitude: no automatic simulation
2026/06/08 16:23:28.980975 [Incident:Info:toast@toast-new:Origin updated] Origin updated: OT: 2026-06-08 09:17:23,  Lat/Lon: 4.94241°/125.399°, Depth: 10
2026/06/08 16:23:28.981234 [Incident:Info:toast@toast-new:Magnitude updated] Magnitude updated: 5.47 (Mw(mB))
2026/06/08 16:23:28.981293 [Simulation:Info:toast@toast-new:Simulation not generated] Magnitude 5.47 of event bmg2026ldjw is smaller than triggerMinMagnitude: no automatic simulation
2026/06/08 16:23:38.968135 [Incident:Info:toast@toast-new:Origin updated] Origin updated: OT: 2026-06-08 09:17:23,  Lat/Lon: 4.94241°/125.399°, Depth: 10
2026/06/08 16:23:38.968303 [Incident:Info:toast@toast-new:Magnitude updated] Magnitude updated: 5.47 (Mw(mB))
2026/06/08 16:23:38.968346 [Simulation:Info:toast@toast-new:Simulation not generated] Magnitude 5.47 of event bmg2026ldjw is smaller than triggerMinMagnitude: no automatic simulation
2026/06/08 16:23:43.443623 [Incident:Info:toast@toast-new:Origin updated] Origin updated: OT: 2026-06-08 09:17:23,  Lat/Lon: 4.94241°/125.399°, Depth: 10
2026/06/08 16:23:43.443806 [Incident:Info:toast@toast-new:Magnitude updated] Magnitude updated: 5.47 (Mw(mB))
2026/06/08 16:23:43.443849 [Simulation:Info:toast@toast-new:Simulation not generated] Magnitude 5.47 of event bmg2026ldjw is smaller than triggerMinMagnitude: no automatic simulation
2026/06/08 16:23:47.073087 [Incident:Info:toast@toast-new:Origin updated] Origin updated: OT: 2026-06-08 09:17:22,  Lat/Lon: 5.02741°/125.399°, Depth: 10
2026/06/08 16:23:47.073276 [Incident:Info:toast@toast-new:Magnitude updated] Magnitude updated: 5.48 (Mw(mB))
2026/06/08 16:23:47.073313 [Simulation:Info:toast@toast-new:Simulation not generated] Magnitude 5.48 of event bmg2026ldjw is smaller than triggerMinMagnitude: no automatic simulation
2026/06/08 16:23:49.023888 [Incident:Info:toast@toast-new:Origin updated] Origin updated: OT: 2026-06-08 09:17:22,  Lat/Lon: 5.02741°/125.399°, Depth: 10
2026/06/08 16:23:49.024079 [Incident:Info:toast@toast-new:Magnitude updated] Magnitude updated: 5.49 (Mw(mB))
2026/06/08 16:23:49.024125 [Simulation:Info:toast@toast-new:Simulation not generated] Magnitude 5.49 of event bmg2026ldjw is smaller than triggerMinMagnitude: no automatic simulation
2026/06/08 16:23:54.014433 [Incident:Info:toast@toast-new:Origin updated] Origin updated: OT: 2026-06-08 09:17:22,  Lat/Lon: 5.02741°/125.399°, Depth: 10
2026/06/08 16:23:54.014569 [Incident:Info:toast@toast-new:Magnitude updated] Magnitude updated: 5.51 (Mw(mB))
2026/06/08 16:23:54.014601 [Simulation:Info:toast@toast-new:Simulation not generated] Magnitude 5.51 of event bmg2026ldjw is smaller than triggerMinMagnitude: no automatic simulation
2026/06/08 16:23:58.969203 [Incident:Info:toast@toast-new:Origin updated] Origin updated: OT: 2026-06-08 09:17:22,  Lat/Lon: 5.02741°/125.399°, Depth: 10
2026/06/08 16:23:58.969409 [Incident:Info:toast@toast-new:Magnitude updated] Magnitude updated: 5.52 (Mw(mB))
2026/06/08 16:23:58.969457 [Simulation:Info:toast@toast-new:Simulation not generated] Magnitude 5.52 of event bmg2026ldjw is smaller than triggerMinMagnitude: no automatic simulation
2026/06/08 16:24:03.975948 [Incident:Info:toast@toast-new:Origin updated] Origin updated: OT: 2026-06-08 09:17:22,  Lat/Lon: 5.02741°/125.399°, Depth: 10
2026/06/08 16:24:03.976159 [Incident:Info:toast@toast-new:Magnitude updated] Magnitude updated: 5.53 (Mw(mB))
2026/06/08 16:24:03.976210 [Simulation:Info:toast@toast-new:Simulation not generated] Magnitude 5.53 of event bmg2026ldjw is smaller than triggerMinMagnitude: no automatic simulation
2026/06/08 16:24:07.035274 [Incident:Info:toast@toast-new:Origin updated] Origin updated: OT: 2026-06-08 09:17:22,  Lat/Lon: 5.02741°/125.399°, Depth: 10
2026/06/08 16:24:07.035424 [Incident:Info:toast@toast-new:Magnitude updated] Magnitude updated: 5.53 (Mw(mB))
2026/06/08 16:24:07.035461 [Simulation:Info:toast@toast-new:Simulation not generated] Magnitude 5.53 of event bmg2026ldjw is smaller than triggerMinMagnitude: no automatic simulation
2026/06/08 16:24:08.926159 [Incident:Info:toast@toast-new:Origin updated] Origin updated: OT: 2026-06-08 09:17:22,  Lat/Lon: 5.02741°/125.399°, Depth: 10
2026/06/08 16:24:08.926292 [Incident:Info:toast@toast-new:Magnitude updated] Magnitude updated: 5.53 (Mw(mB))
2026/06/08 16:24:08.926328 [Simulation:Info:toast@toast-new:Simulation not generated] Magnitude 5.53 of event bmg2026ldjw is smaller than triggerMinMagnitude: no automatic simulation
2026/06/08 16:24:13.945002 [Incident:Info:toast@toast-new:Origin updated] Origin updated: OT: 2026-06-08 09:17:22,  Lat/Lon: 5.02741°/125.399°, Depth: 10
2026/06/08 16:24:13.945207 [Incident:Info:toast@toast-new:Magnitude updated] Magnitude updated: 5.55 (Mw(mB))
2026/06/08 16:24:13.945255 [Simulation:Info:toast@toast-new:Simulation not generated] Magnitude 5.55 of event bmg2026ldjw is smaller than triggerMinMagnitude: no automatic simulation
2026/06/08 16:25:09.362970 [Incident:Info:toast@toast-new:Origin updated] Origin updated: OT: 2026-06-08 09:17:22,  Lat/Lon: 5.05471°/125.417°, Depth: 10
2026/06/08 16:25:09.363151 [Incident:Info:toast@toast-new:Magnitude updated] Magnitude updated: 5.53 (Mw(mB))
2026/06/08 16:25:09.363191 [Simulation:Info:toast@toast-new:Simulation not generated] Magnitude 5.53 of event bmg2026ldjw is smaller than triggerMinMagnitude: no automatic simulation
2026/06/08 16:25:16.486399 [Incident:Info:toast@toast-new:Origin updated] Origin updated: OT: 2026-06-08 09:17:22,  Lat/Lon: 5.05471°/125.417°, Depth: 10
2026/06/08 16:25:16.486586 [Incident:Info:toast@toast-new:FM updated] FM updated
2026/06/08 16:25:16.486800 [Simulation:Info:toast@toast-new:Simulation not generated] Magnitude 5.53 of event bmg2026ldjw is smaller than triggerMinMagnitude: no automatic simulation
2026/06/08 16:25:35.224783 [Incident:Info:toast@toast-new:Origin updated] Origin updated: OT: 2026-06-08 09:17:22,  Lat/Lon: 5.05471°/125.417°, Depth: 10
2026/06/08 16:25:35.224945 [Incident:Info:toast@toast-new:FM updated] FM updated
2026/06/08 16:25:35.225164 [Simulation:Info:toast@toast-new:Simulation not generated] Magnitude 5.53 of event bmg2026ldjw is smaller than triggerMinMagnitude: no automatic simulation
2026/06/08 16:25:40.054692 [Incident:Info:toast@toast-new:Origin updated] Origin updated: OT: 2026-06-08 09:17:22,  Lat/Lon: 5.05471°/125.417°, Depth: 10
2026/06/08 16:25:40.054879 [Incident:Info:toast@toast-new:FM updated] FM updated
2026/06/08 16:25:40.055125 [Simulation:Info:toast@toast-new:Simulation not generated] Magnitude 5.53 of event bmg2026ldjw is smaller than triggerMinMagnitude: no automatic simulation
2026/06/08 16:26:03.946104 [Incident:Info:toast@toast-new:Origin updated] Origin updated: OT: 2026-06-08 09:17:22,  Lat/Lon: 5.05471°/125.417°, Depth: 10
2026/06/08 16:26:03.946320 [Incident:Info:toast@toast-new:Magnitude updated] Magnitude updated: 5.53 (Mw(mB))
2026/06/08 16:26:03.946369 [Simulation:Info:toast@toast-new:Simulation not generated] Magnitude 5.53 of event bmg2026ldjw is smaller than triggerMinMagnitude: no automatic simulation
2026/06/08 16:26:14.138096 [Incident:Info:toast@toast-new:Origin updated] Origin updated: OT: 2026-06-08 09:17:22,  Lat/Lon: 5.05471°/125.417°, Depth: 10
2026/06/08 16:26:14.138285 [Incident:Info:toast@toast-new:Magnitude updated] Magnitude updated: 5.53 (Mw(mB))
2026/06/08 16:26:14.138329 [Simulation:Info:toast@toast-new:Simulation not generated] Magnitude 5.53 of event bmg2026ldjw is smaller than triggerMinMagnitude: no automatic simulation
2026/06/08 16:26:21.249423 [Incident:Info:toast@toast-new:Origin updated] Origin updated: OT: 2026-06-08 09:17:22,  Lat/Lon: 5.05471°/125.417°, Depth: 10
2026/06/08 16:26:21.249599 [Simulation:Info:toast@toast-new:Simulation not generated] Magnitude 5.53 of event bmg2026ldjw is smaller than triggerMinMagnitude: no automatic simulation
2026/06/08 16:26:21.266781 [Incident:Info:toast@toast-new:Origin updated] Origin updated: OT: 2026-06-08 09:17:22,  Lat/Lon: 5.05471°/125.417°, Depth: 10
2026/06/08 16:26:21.266961 [Incident:Info:toast@toast-new:Magnitude updated] Magnitude updated: 5.26 (Mw)
2026/06/08 16:26:21.267042 [Simulation:Info:toast@toast-new:Simulation not generated] Magnitude 5.26 of event bmg2026ldjw is smaller than triggerMinMagnitude: no automatic simulation
2026/06/08 16:26:38.546501 [Incident:Info:toast@toast-new:Origin updated] Origin updated: OT: 2026-06-08 09:17:21,  Lat/Lon: 5.05902°/125.457°, Depth: 10
2026/06/08 16:26:38.546722 [Simulation:Info:toast@toast-new:Simulation not generated] Magnitude 5.26 of event bmg2026ldjw is smaller than triggerMinMagnitude: no automatic simulation
2026/06/08 16:28:08.395993 [Incident:Info:toast@toast-new:Origin updated] Origin updated: OT: 2026-06-08 09:17:21,  Lat/Lon: 5.06339°/125.459°, Depth: 10
2026/06/08 16:28:08.396185 [Simulation:Info:toast@toast-new:Simulation not generated] Magnitude 5.26 of event bmg2026ldjw is smaller than triggerMinMagnitude: no automatic simulation
2026/06/08 16:29:46.322993 [Incident:Info:toast@toast-new:Origin updated] Origin updated: OT: 2026-06-08 09:17:21,  Lat/Lon: 5.06535°/125.462°, Depth: 10
2026/06/08 16:29:46.323207 [Simulation:Info:toast@toast-new:Simulation not generated] Magnitude 5.26 of event bmg2026ldjw is smaller than triggerMinMagnitude: no automatic simulation
2026/06/08 16:31:18.506708 [Incident:Info:toast@toast-new:Origin updated] Origin updated: OT: 2026-06-08 09:17:21,  Lat/Lon: 5.07836°/125.483°, Depth: 10
2026/06/08 16:31:18.506975 [Simulation:Info:toast@toast-new:Simulation not generated] Magnitude 5.26 of event bmg2026ldjw is smaller than triggerMinMagnitude: no automatic simulation
2026/06/08 16:32:53.571970 [Incident:Info:toast@toast-new:Origin updated] Origin updated: OT: 2026-06-08 09:17:21,  Lat/Lon: 5.08511°/125.489°, Depth: 10
2026/06/08 16:32:53.583449 [Simulation:Info:toast@toast-new:Simulation not generated] Magnitude 5.26 of event bmg2026ldjw is smaller than triggerMinMagnitude: no automatic simulation
2026/06/08 16:34:28.557727 [Incident:Info:toast@toast-new:Origin updated] Origin updated: OT: 2026-06-08 09:17:21,  Lat/Lon: 5.08655°/125.491°, Depth: 10
2026/06/08 16:34:28.568757 [Simulation:Info:toast@toast-new:Simulation not generated] Magnitude 5.26 of event bmg2026ldjw is smaller than triggerMinMagnitude: no automatic simulation
2026/06/08 16:38:10.140869 [Incident:Info:toast@toast-new:Origin updated] Origin updated: OT: 2026-06-08 09:17:21,  Lat/Lon: 5.08655°/125.491°, Depth: 10
2026/06/08 16:38:10.151845 [Simulation:Info:toast@toast-new:Simulation not generated] Magnitude 5.26 of event bmg2026ldjw is smaller than triggerMinMagnitude: no automatic simulation
2026/06/08 16:40:43.967126 [Incident:Info:toast@toast-new:Origin updated] Origin updated: OT: 2026-06-08 09:17:21,  Lat/Lon: 5.08087°/125.495°, Depth: 10
2026/06/08 16:40:43.980994 [Simulation:Info:toast@toast-new:Simulation not generated] Magnitude 5.26 of event bmg2026ldjw is smaller than triggerMinMagnitude: no automatic simulation
