2026/08/15 05:54:44.541095 [Incident:Info:toast@toast-new:Displacement(s) updated] Added 0 and changed 0 displacements with 0 amplitudes
2026/08/15 05:54:44.543323 [Incident:Info:toast@toast-new:Incident created] Incident created based on event received from messaging: OT: 2026-08-14 22:53:13,  Lat/Lon: -8.16°/120.25°, Depth: 10.00, Mag: 5.38 (M)
2026/08/15 05:54:44.543991 [Simulation:Info:toast@toast-new:Simulation not generated] Magnitude 5.38 of event bmg2026pwvm is smaller than triggerMinMagnitude: no automatic simulation
2026/08/15 05:54:44.562443 [Incident:Info:toast@toast-new:Origin updated] Origin updated: OT: 2026-08-14 22:53:13,  Lat/Lon: -8.15597°/120.254°, Depth: 10
2026/08/15 05:54:44.562592 [Simulation:Info:toast@toast-new:Simulation not generated] Magnitude 5.38 of event bmg2026pwvm is smaller than triggerMinMagnitude: no automatic simulation
2026/08/15 05:55:15.461663 [Incident:Info:toast@toast-new:Origin updated] Origin updated: OT: 2026-08-14 22:53:13,  Lat/Lon: -8.1812°/120.271°, Depth: 10
2026/08/15 05:55:15.461899 [Incident:Info:toast@toast-new:Magnitude updated] Magnitude updated: 5.19 (M)
2026/08/15 05:55:15.461958 [Simulation:Info:toast@toast-new:Simulation not generated] Magnitude 5.19 of event bmg2026pwvm is smaller than triggerMinMagnitude: no automatic simulation
2026/08/15 05:55:19.679909 [Incident:Info:toast@toast-new:Origin updated] Origin updated: OT: 2026-08-14 22:53:13,  Lat/Lon: -8.1812°/120.271°, Depth: 10
2026/08/15 05:55:19.680139 [Incident:Info:toast@toast-new:Magnitude updated] Magnitude updated: 5.20 (M)
2026/08/15 05:55:19.680194 [Simulation:Info:toast@toast-new:Simulation not generated] Magnitude 5.20 of event bmg2026pwvm is smaller than triggerMinMagnitude: no automatic simulation
2026/08/15 05:55:23.489413 [Incident:Info:toast@toast-new:Origin updated] Origin updated: OT: 2026-08-14 22:53:13,  Lat/Lon: -8.1812°/120.271°, Depth: 10
2026/08/15 05:55:23.489628 [Incident:Info:toast@toast-new:Magnitude updated] Magnitude updated: 5.23 (M)
2026/08/15 05:55:23.489686 [Simulation:Info:toast@toast-new:Simulation not generated] Magnitude 5.23 of event bmg2026pwvm is smaller than triggerMinMagnitude: no automatic simulation
2026/08/15 05:55:24.636682 [Incident:Info:toast@toast-new:Origin updated] Origin updated: OT: 2026-08-14 22:53:13,  Lat/Lon: -8.1812°/120.271°, Depth: 10
2026/08/15 05:55:24.636897 [Incident:Info:toast@toast-new:Magnitude updated] Magnitude updated: 5.23 (M)
2026/08/15 05:55:24.636954 [Simulation:Info:toast@toast-new:Simulation not generated] Magnitude 5.23 of event bmg2026pwvm is smaller than triggerMinMagnitude: no automatic simulation
2026/08/15 05:55:28.775648 [Incident:Info:toast@toast-new:Origin updated] Origin updated: OT: 2026-08-14 22:53:14,  Lat/Lon: -8.18581°/120.282°, Depth: 10
2026/08/15 05:55:28.775856 [Incident:Info:toast@toast-new:Magnitude updated] Magnitude updated: 5.34 (M)
2026/08/15 05:55:28.775900 [Simulation:Info:toast@toast-new:Simulation not generated] Magnitude 5.34 of event bmg2026pwvm is smaller than triggerMinMagnitude: no automatic simulation
2026/08/15 05:55:33.269639 [Incident:Info:toast@toast-new:Origin updated] Origin updated: OT: 2026-08-14 22:53:14,  Lat/Lon: -8.18581°/120.282°, Depth: 10
2026/08/15 05:55:33.269867 [Incident:Info:toast@toast-new:Magnitude updated] Magnitude updated: 5.34 (M)
2026/08/15 05:55:33.269936 [Simulation:Info:toast@toast-new:Simulation not generated] Magnitude 5.34 of event bmg2026pwvm is smaller than triggerMinMagnitude: no automatic simulation
2026/08/15 05:55:34.654032 [Incident:Info:toast@toast-new:Origin updated] Origin updated: OT: 2026-08-14 22:53:14,  Lat/Lon: -8.18581°/120.282°, Depth: 10
2026/08/15 05:55:34.654250 [Incident:Info:toast@toast-new:Magnitude updated] Magnitude updated: 5.34 (M)
2026/08/15 05:55:34.654306 [Simulation:Info:toast@toast-new:Simulation not generated] Magnitude 5.34 of event bmg2026pwvm is smaller than triggerMinMagnitude: no automatic simulation
2026/08/15 05:55:39.643096 [Incident:Info:toast@toast-new:Origin updated] Origin updated: OT: 2026-08-14 22:53:14,  Lat/Lon: -8.18581°/120.282°, Depth: 10
2026/08/15 05:55:39.643356 [Incident:Info:toast@toast-new:Magnitude updated] Magnitude updated: 5.36 (M)
2026/08/15 05:55:39.643421 [Simulation:Info:toast@toast-new:Simulation not generated] Magnitude 5.36 of event bmg2026pwvm is smaller than triggerMinMagnitude: no automatic simulation
2026/08/15 05:55:44.237470 [Incident:Info:toast@toast-new:Origin updated] Origin updated: OT: 2026-08-14 22:53:14,  Lat/Lon: -8.18581°/120.282°, Depth: 10
2026/08/15 05:55:44.237660 [Incident:Info:toast@toast-new:Magnitude updated] Magnitude updated: 5.36 (M)
2026/08/15 05:55:44.237699 [Simulation:Info:toast@toast-new:Simulation not generated] Magnitude 5.36 of event bmg2026pwvm is smaller than triggerMinMagnitude: no automatic simulation
2026/08/15 05:55:49.697007 [Incident:Info:toast@toast-new:Origin updated] Origin updated: OT: 2026-08-14 22:53:14,  Lat/Lon: -8.18581°/120.282°, Depth: 10
2026/08/15 05:55:49.697226 [Incident:Info:toast@toast-new:Magnitude updated] Magnitude updated: 5.37 (M)
2026/08/15 05:55:49.697281 [Simulation:Info:toast@toast-new:Simulation not generated] Magnitude 5.37 of event bmg2026pwvm is smaller than triggerMinMagnitude: no automatic simulation
2026/08/15 05:55:54.697989 [Incident:Info:toast@toast-new:Origin updated] Origin updated: OT: 2026-08-14 22:53:14,  Lat/Lon: -8.18581°/120.282°, Depth: 10
2026/08/15 05:55:54.734615 [Incident:Info:toast@toast-new:Magnitude updated] Magnitude updated: 5.36 (M)
2026/08/15 05:55:54.734711 [Simulation:Info:toast@toast-new:Simulation not generated] Magnitude 5.36 of event bmg2026pwvm is smaller than triggerMinMagnitude: no automatic simulation
2026/08/15 05:56:04.630394 [Incident:Info:toast@toast-new:Origin updated] Origin updated: OT: 2026-08-14 22:53:14,  Lat/Lon: -8.18581°/120.282°, Depth: 10
2026/08/15 05:56:04.630609 [Incident:Info:toast@toast-new:Magnitude updated] Magnitude updated: 5.36 (M)
2026/08/15 05:56:04.630664 [Simulation:Info:toast@toast-new:Simulation not generated] Magnitude 5.36 of event bmg2026pwvm is smaller than triggerMinMagnitude: no automatic simulation
2026/08/15 05:56:09.706629 [Incident:Info:toast@toast-new:Origin updated] Origin updated: OT: 2026-08-14 22:53:14,  Lat/Lon: -8.18581°/120.282°, Depth: 10
2026/08/15 05:56:09.706843 [Incident:Info:toast@toast-new:Magnitude updated] Magnitude updated: 5.36 (M)
2026/08/15 05:56:09.706898 [Simulation:Info:toast@toast-new:Simulation not generated] Magnitude 5.36 of event bmg2026pwvm is smaller than triggerMinMagnitude: no automatic simulation
2026/08/15 05:56:14.118975 [Incident:Info:toast@toast-new:Origin updated] Origin updated: OT: 2026-08-14 22:53:14,  Lat/Lon: -8.18581°/120.282°, Depth: 10
2026/08/15 05:56:14.119198 [Incident:Info:toast@toast-new:Magnitude updated] Magnitude updated: 5.37 (M)
2026/08/15 05:56:14.119247 [Simulation:Info:toast@toast-new:Simulation not generated] Magnitude 5.37 of event bmg2026pwvm is smaller than triggerMinMagnitude: no automatic simulation
2026/08/15 05:56:19.755132 [Incident:Info:toast@toast-new:Origin updated] Origin updated: OT: 2026-08-14 22:53:14,  Lat/Lon: -8.18581°/120.282°, Depth: 10
2026/08/15 05:56:19.755377 [Incident:Info:toast@toast-new:Magnitude updated] Magnitude updated: 5.37 (M)
2026/08/15 05:56:19.755432 [Simulation:Info:toast@toast-new:Simulation not generated] Magnitude 5.37 of event bmg2026pwvm is smaller than triggerMinMagnitude: no automatic simulation
2026/08/15 05:56:24.682765 [Incident:Info:toast@toast-new:Origin updated] Origin updated: OT: 2026-08-14 22:53:14,  Lat/Lon: -8.18581°/120.282°, Depth: 10
2026/08/15 05:56:24.683024 [Incident:Info:toast@toast-new:Magnitude updated] Magnitude updated: 5.37 (M)
2026/08/15 05:56:24.683090 [Simulation:Info:toast@toast-new:Simulation not generated] Magnitude 5.37 of event bmg2026pwvm is smaller than triggerMinMagnitude: no automatic simulation
2026/08/15 05:56:27.984247 [Incident:Info:toast@toast-new:Origin updated] Origin updated: OT: 2026-08-14 22:53:14,  Lat/Lon: -8.18581°/120.282°, Depth: 10
2026/08/15 05:56:27.984462 [Incident:Info:toast@toast-new:Magnitude updated] Magnitude updated: 5.37 (M)
2026/08/15 05:56:27.984531 [Simulation:Info:toast@toast-new:Simulation not generated] Magnitude 5.37 of event bmg2026pwvm is smaller than triggerMinMagnitude: no automatic simulation
2026/08/15 05:56:32.321590 [Incident:Info:toast@toast-new:Origin updated] Origin updated: OT: 2026-08-14 22:53:14,  Lat/Lon: -8.18581°/120.282°, Depth: 10
2026/08/15 05:56:32.321790 [Incident:Info:toast@toast-new:Magnitude updated] Magnitude updated: 5.37 (M)
2026/08/15 05:56:32.321833 [Simulation:Info:toast@toast-new:Simulation not generated] Magnitude 5.37 of event bmg2026pwvm is smaller than triggerMinMagnitude: no automatic simulation
2026/08/15 05:56:34.668923 [Incident:Info:toast@toast-new:Origin updated] Origin updated: OT: 2026-08-14 22:53:14,  Lat/Lon: -8.18581°/120.282°, Depth: 10
2026/08/15 05:56:34.669156 [Incident:Info:toast@toast-new:Magnitude updated] Magnitude updated: 5.37 (M)
2026/08/15 05:56:34.669214 [Simulation:Info:toast@toast-new:Simulation not generated] Magnitude 5.37 of event bmg2026pwvm is smaller than triggerMinMagnitude: no automatic simulation
2026/08/15 05:56:37.888362 [Incident:Info:toast@toast-new:Origin updated] Origin updated: OT: 2026-08-14 22:53:14,  Lat/Lon: -8.21476°/120.272°, Depth: 10
2026/08/15 05:56:37.888564 [Incident:Info:toast@toast-new:Magnitude updated] Magnitude updated: 5.48 (M)
2026/08/15 05:56:37.888608 [Simulation:Info:toast@toast-new:Simulation not generated] Magnitude 5.48 of event bmg2026pwvm is smaller than triggerMinMagnitude: no automatic simulation
2026/08/15 05:56:44.281878 [Incident:Info:toast@toast-new:Origin updated] Origin updated: OT: 2026-08-14 22:53:14,  Lat/Lon: -8.21476°/120.272°, Depth: 10
2026/08/15 05:56:44.282081 [Incident:Info:toast@toast-new:Magnitude updated] Magnitude updated: 5.48 (M)
2026/08/15 05:56:44.282122 [Simulation:Info:toast@toast-new:Simulation not generated] Magnitude 5.48 of event bmg2026pwvm is smaller than triggerMinMagnitude: no automatic simulation
2026/08/15 05:56:49.774145 [Incident:Info:toast@toast-new:Origin updated] Origin updated: OT: 2026-08-14 22:53:14,  Lat/Lon: -8.21476°/120.272°, Depth: 10
2026/08/15 05:56:49.774350 [Incident:Info:toast@toast-new:Magnitude updated] Magnitude updated: 5.48 (M)
2026/08/15 05:56:49.774391 [Simulation:Info:toast@toast-new:Simulation not generated] Magnitude 5.48 of event bmg2026pwvm is smaller than triggerMinMagnitude: no automatic simulation
2026/08/15 05:56:54.310152 [Incident:Info:toast@toast-new:Origin updated] Origin updated: OT: 2026-08-14 22:53:14,  Lat/Lon: -8.21476°/120.272°, Depth: 10
2026/08/15 05:56:54.310341 [Incident:Info:toast@toast-new:Magnitude updated] Magnitude updated: 5.48 (M)
2026/08/15 05:56:54.310383 [Simulation:Info:toast@toast-new:Simulation not generated] Magnitude 5.48 of event bmg2026pwvm is smaller than triggerMinMagnitude: no automatic simulation
2026/08/15 05:56:59.797965 [Incident:Info:toast@toast-new:Origin updated] Origin updated: OT: 2026-08-14 22:53:14,  Lat/Lon: -8.21476°/120.272°, Depth: 10
2026/08/15 05:56:59.798258 [Incident:Info:toast@toast-new:Magnitude updated] Magnitude updated: 5.49 (M)
2026/08/15 05:56:59.798352 [Simulation:Info:toast@toast-new:Simulation not generated] Magnitude 5.49 of event bmg2026pwvm is smaller than triggerMinMagnitude: no automatic simulation
2026/08/15 05:57:01.690406 [Incident:Info:toast@toast-new:Origin updated] Origin updated: OT: 2026-08-14 22:53:14,  Lat/Lon: -8.21476°/120.272°, Depth: 10
2026/08/15 05:57:01.690613 [Incident:Info:toast@toast-new:Magnitude updated] Magnitude updated: 5.49 (M)
2026/08/15 05:57:01.690669 [Simulation:Info:toast@toast-new:Simulation not generated] Magnitude 5.49 of event bmg2026pwvm is smaller than triggerMinMagnitude: no automatic simulation
2026/08/15 05:57:04.732907 [Incident:Info:toast@toast-new:Origin updated] Origin updated: OT: 2026-08-14 22:53:14,  Lat/Lon: -8.21476°/120.272°, Depth: 10
2026/08/15 05:57:04.733119 [Incident:Info:toast@toast-new:Magnitude updated] Magnitude updated: 5.49 (M)
2026/08/15 05:57:04.733171 [Simulation:Info:toast@toast-new:Simulation not generated] Magnitude 5.49 of event bmg2026pwvm is smaller than triggerMinMagnitude: no automatic simulation
2026/08/15 05:57:09.801026 [Incident:Info:toast@toast-new:Origin updated] Origin updated: OT: 2026-08-14 22:53:14,  Lat/Lon: -8.21476°/120.272°, Depth: 10
2026/08/15 05:57:09.801244 [Incident:Info:toast@toast-new:Magnitude updated] Magnitude updated: 5.50 (M)
2026/08/15 05:57:09.801301 [Simulation:Info:toast@toast-new:Simulation not generated] Magnitude 5.50 of event bmg2026pwvm is smaller than triggerMinMagnitude: no automatic simulation
2026/08/15 05:57:14.805580 [Incident:Info:toast@toast-new:Origin updated] Origin updated: OT: 2026-08-14 22:53:14,  Lat/Lon: -8.21476°/120.272°, Depth: 10
2026/08/15 05:57:14.805809 [Incident:Info:toast@toast-new:Magnitude updated] Magnitude updated: 5.50 (M)
2026/08/15 05:57:14.805870 [Simulation:Info:toast@toast-new:Simulation not generated] Magnitude 5.50 of event bmg2026pwvm is smaller than triggerMinMagnitude: no automatic simulation
2026/08/15 05:57:18.094629 [Incident:Info:toast@toast-new:Origin updated] Origin updated: OT: 2026-08-14 22:53:14,  Lat/Lon: -8.21476°/120.272°, Depth: 10
2026/08/15 05:57:18.094863 [Incident:Info:toast@toast-new:Magnitude updated] Magnitude updated: 5.50 (M)
2026/08/15 05:57:18.094921 [Simulation:Info:toast@toast-new:Simulation not generated] Magnitude 5.50 of event bmg2026pwvm is smaller than triggerMinMagnitude: no automatic simulation
2026/08/15 05:57:24.847506 [Incident:Info:toast@toast-new:Origin updated] Origin updated: OT: 2026-08-14 22:53:14,  Lat/Lon: -8.21476°/120.272°, Depth: 10
2026/08/15 05:57:24.847722 [Incident:Info:toast@toast-new:Magnitude updated] Magnitude updated: 5.50 (M)
2026/08/15 05:57:24.847771 [Simulation:Info:toast@toast-new:Simulation not generated] Magnitude 5.50 of event bmg2026pwvm is smaller than triggerMinMagnitude: no automatic simulation
2026/08/15 05:57:29.745844 [Incident:Info:toast@toast-new:Origin updated] Origin updated: OT: 2026-08-14 22:53:14,  Lat/Lon: -8.21476°/120.272°, Depth: 10
2026/08/15 05:57:29.746045 [Incident:Info:toast@toast-new:Magnitude updated] Magnitude updated: 5.50 (M)
2026/08/15 05:57:29.746096 [Simulation:Info:toast@toast-new:Simulation not generated] Magnitude 5.50 of event bmg2026pwvm is smaller than triggerMinMagnitude: no automatic simulation
2026/08/15 06:06:13.372224 [Incident:Info:toast@toast-new:Origin updated] Origin updated: OT: 2026-08-14 22:53:14,  Lat/Lon: -8.21476°/120.272°, Depth: 10
2026/08/15 06:06:13.372421 [Incident:Info:toast@toast-new:FM updated] FM updated
2026/08/15 06:06:13.372608 [Simulation:Info:toast@toast-new:Simulation not generated] Magnitude 5.50 of event bmg2026pwvm is smaller than triggerMinMagnitude: no automatic simulation
2026/08/15 06:15:34.929192 [Incident:Info:toast@toast-new:Origin updated] Origin updated: OT: 2026-08-14 22:53:14,  Lat/Lon: -8.21476°/120.272°, Depth: 10
2026/08/15 06:15:34.929388 [Incident:Info:toast@toast-new:FM updated] FM updated
2026/08/15 06:15:34.929583 [Simulation:Info:toast@toast-new:Simulation not generated] Magnitude 5.50 of event bmg2026pwvm is smaller than triggerMinMagnitude: no automatic simulation
2026/08/18 15:47:56.952145 [Incident:Info:toast@toast-new:Origin updated] Origin updated: OT: 2026-08-14 22:53:14,  Lat/Lon: -8.21476°/120.272°, Depth: 10
2026/08/18 15:47:56.952323 [Incident:Info:toast@toast-new:FM updated] FM updated
2026/08/18 15:47:56.952636 [Simulation:Info:toast@toast-new:Simulation not generated] Magnitude 5.50 of event bmg2026pwvm is smaller than triggerMinMagnitude: no automatic simulation
