2026/06/08 21:55:18.559086 [Incident:Info:toast@toast-new:Displacement(s) updated] Added 0 and changed 0 displacements with 0 amplitudes
2026/06/08 21:55:18.561188 [Incident:Info:toast@toast-new:Incident created] Incident created based on event received from messaging: OT: 2026-06-08 14:52:59,  Lat/Lon: 5.69°/124.71°, Depth: 10.00, Mag: 5.45 (M)
2026/06/08 21:55:18.561743 [Simulation:Info:toast@toast-new:Simulation not generated] Magnitude 5.45 of event bmg2026lduy is smaller than triggerMinMagnitude: no automatic simulation
2026/06/08 21:55:18.597751 [Incident:Info:toast@toast-new:Origin updated] Origin updated: OT: 2026-06-08 14:52:59,  Lat/Lon: 5.69188°/124.714°, Depth: 10
2026/06/08 21:55:18.608599 [Simulation:Info:toast@toast-new:Simulation not generated] Magnitude 5.45 of event bmg2026lduy is smaller than triggerMinMagnitude: no automatic simulation
2026/06/08 21:55:18.934973 [Incident:Info:toast@toast-new:Origin updated] Origin updated: OT: 2026-06-08 14:52:59,  Lat/Lon: 5.69188°/124.714°, Depth: 10
2026/06/08 21:55:18.951824 [Incident:Info:toast@toast-new:Magnitude updated] Magnitude updated: 5.45 (M)
2026/06/08 21:55:18.976270 [Simulation:Info:toast@toast-new:Simulation not generated] Magnitude 5.45 of event bmg2026lduy is smaller than triggerMinMagnitude: no automatic simulation
2026/06/08 21:55:23.938770 [Incident:Info:toast@toast-new:Origin updated] Origin updated: OT: 2026-06-08 14:52:59,  Lat/Lon: 5.69188°/124.714°, Depth: 10
2026/06/08 21:55:23.949933 [Incident:Info:toast@toast-new:Magnitude updated] Magnitude updated: 5.46 (M)
2026/06/08 21:55:23.960147 [Simulation:Info:toast@toast-new:Simulation not generated] Magnitude 5.46 of event bmg2026lduy is smaller than triggerMinMagnitude: no automatic simulation
2026/06/08 21:55:27.960975 [Incident:Info:toast@toast-new:Origin updated] Origin updated: OT: 2026-06-08 14:52:59,  Lat/Lon: 5.69172°/124.743°, Depth: 10
2026/06/08 21:55:27.976034 [Incident:Info:toast@toast-new:Magnitude updated] Magnitude updated: 5.38 (M)
2026/06/08 21:55:27.987840 [Simulation:Info:toast@toast-new:Simulation not generated] Magnitude 5.38 of event bmg2026lduy is smaller than triggerMinMagnitude: no automatic simulation
2026/06/08 21:55:29.005428 [Incident:Info:toast@toast-new:Origin updated] Origin updated: OT: 2026-06-08 14:52:59,  Lat/Lon: 5.69172°/124.743°, Depth: 10
2026/06/08 21:55:29.019372 [Incident:Info:toast@toast-new:Magnitude updated] Magnitude updated: 5.39 (M)
2026/06/08 21:55:29.030389 [Simulation:Info:toast@toast-new:Simulation not generated] Magnitude 5.39 of event bmg2026lduy is smaller than triggerMinMagnitude: no automatic simulation
2026/06/08 21:55:34.002505 [Incident:Info:toast@toast-new:Origin updated] Origin updated: OT: 2026-06-08 14:52:59,  Lat/Lon: 5.69172°/124.743°, Depth: 10
2026/06/08 21:55:34.017631 [Incident:Info:toast@toast-new:Magnitude updated] Magnitude updated: 5.40 (M)
2026/06/08 21:55:34.028773 [Simulation:Info:toast@toast-new:Simulation not generated] Magnitude 5.40 of event bmg2026lduy is smaller than triggerMinMagnitude: no automatic simulation
2026/06/08 21:55:39.032282 [Incident:Info:toast@toast-new:Origin updated] Origin updated: OT: 2026-06-08 14:52:59,  Lat/Lon: 5.69172°/124.743°, Depth: 10
2026/06/08 21:55:39.047234 [Incident:Info:toast@toast-new:Magnitude updated] Magnitude updated: 5.40 (M)
2026/06/08 21:55:39.058490 [Simulation:Info:toast@toast-new:Simulation not generated] Magnitude 5.40 of event bmg2026lduy is smaller than triggerMinMagnitude: no automatic simulation
2026/06/08 21:55:40.153994 [Incident:Info:toast@toast-new:Origin updated] Origin updated: OT: 2026-06-08 14:52:59,  Lat/Lon: 5.71428°/124.78°, Depth: 10
2026/06/08 21:55:40.168752 [Incident:Info:toast@toast-new:Magnitude updated] Magnitude updated: 5.37 (M)
2026/06/08 21:55:40.179869 [Simulation:Info:toast@toast-new:Simulation not generated] Magnitude 5.37 of event bmg2026lduy is smaller than triggerMinMagnitude: no automatic simulation
2026/06/08 21:55:43.984429 [Incident:Info:toast@toast-new:Origin updated] Origin updated: OT: 2026-06-08 14:52:59,  Lat/Lon: 5.71428°/124.78°, Depth: 10
2026/06/08 21:55:44.010591 [Incident:Info:toast@toast-new:Magnitude updated] Magnitude updated: 5.34 (M)
2026/06/08 21:55:44.024699 [Simulation:Info:toast@toast-new:Simulation not generated] Magnitude 5.34 of event bmg2026lduy is smaller than triggerMinMagnitude: no automatic simulation
2026/06/08 21:55:49.035414 [Incident:Info:toast@toast-new:Origin updated] Origin updated: OT: 2026-06-08 14:52:59,  Lat/Lon: 5.71428°/124.78°, Depth: 10
2026/06/08 21:55:49.060109 [Incident:Info:toast@toast-new:Magnitude updated] Magnitude updated: 5.36 (M)
2026/06/08 21:55:49.074258 [Simulation:Info:toast@toast-new:Simulation not generated] Magnitude 5.36 of event bmg2026lduy is smaller than triggerMinMagnitude: no automatic simulation
2026/06/08 21:55:53.950203 [Incident:Info:toast@toast-new:Origin updated] Origin updated: OT: 2026-06-08 14:52:59,  Lat/Lon: 5.71428°/124.78°, Depth: 10
2026/06/08 21:55:53.963810 [Incident:Info:toast@toast-new:Magnitude updated] Magnitude updated: 5.33 (M)
2026/06/08 21:55:53.974563 [Simulation:Info:toast@toast-new:Simulation not generated] Magnitude 5.33 of event bmg2026lduy is smaller than triggerMinMagnitude: no automatic simulation
2026/06/08 21:55:57.135434 [Incident:Info:toast@toast-new:Origin updated] Origin updated: OT: 2026-06-08 14:53:00,  Lat/Lon: 5.6886°/124.789°, Depth: 10
2026/06/08 21:55:57.160853 [Incident:Info:toast@toast-new:Magnitude updated] Magnitude updated: 5.27 (M)
2026/06/08 21:55:57.174850 [Simulation:Info:toast@toast-new:Simulation not generated] Magnitude 5.27 of event bmg2026lduy is smaller than triggerMinMagnitude: no automatic simulation
2026/06/08 21:55:58.965417 [Incident:Info:toast@toast-new:Origin updated] Origin updated: OT: 2026-06-08 14:53:00,  Lat/Lon: 5.6886°/124.789°, Depth: 10
2026/06/08 21:55:58.983531 [Incident:Info:toast@toast-new:Magnitude updated] Magnitude updated: 5.27 (M)
2026/06/08 21:55:59.005464 [Simulation:Info:toast@toast-new:Simulation not generated] Magnitude 5.27 of event bmg2026lduy is smaller than triggerMinMagnitude: no automatic simulation
2026/06/08 21:56:04.044619 [Incident:Info:toast@toast-new:Origin updated] Origin updated: OT: 2026-06-08 14:53:00,  Lat/Lon: 5.6886°/124.789°, Depth: 10
2026/06/08 21:56:04.058747 [Incident:Info:toast@toast-new:Magnitude updated] Magnitude updated: 5.29 (M)
2026/06/08 21:56:04.069611 [Simulation:Info:toast@toast-new:Simulation not generated] Magnitude 5.29 of event bmg2026lduy is smaller than triggerMinMagnitude: no automatic simulation
2026/06/08 21:56:09.117884 [Incident:Info:toast@toast-new:Origin updated] Origin updated: OT: 2026-06-08 14:53:00,  Lat/Lon: 5.6886°/124.789°, Depth: 10
2026/06/08 21:56:09.132605 [Incident:Info:toast@toast-new:Magnitude updated] Magnitude updated: 5.29 (M)
2026/06/08 21:56:09.143617 [Simulation:Info:toast@toast-new:Simulation not generated] Magnitude 5.29 of event bmg2026lduy is smaller than triggerMinMagnitude: no automatic simulation
2026/06/08 21:56:14.004622 [Incident:Info:toast@toast-new:Origin updated] Origin updated: OT: 2026-06-08 14:53:00,  Lat/Lon: 5.6886°/124.789°, Depth: 10
2026/06/08 21:56:14.019363 [Incident:Info:toast@toast-new:Magnitude updated] Magnitude updated: 5.30 (M)
2026/06/08 21:56:14.030862 [Simulation:Info:toast@toast-new:Simulation not generated] Magnitude 5.30 of event bmg2026lduy is smaller than triggerMinMagnitude: no automatic simulation
2026/06/08 21:56:19.095854 [Incident:Info:toast@toast-new:Origin updated] Origin updated: OT: 2026-06-08 14:53:00,  Lat/Lon: 5.6886°/124.789°, Depth: 10
2026/06/08 21:56:19.110856 [Incident:Info:toast@toast-new:Magnitude updated] Magnitude updated: 5.29 (M)
2026/06/08 21:56:19.121768 [Simulation:Info:toast@toast-new:Simulation not generated] Magnitude 5.29 of event bmg2026lduy is smaller than triggerMinMagnitude: no automatic simulation
2026/06/08 21:56:20.775153 [Incident:Info:toast@toast-new:Origin updated] Origin updated: OT: 2026-06-08 14:53:00,  Lat/Lon: 5.71663°/124.823°, Depth: 10
2026/06/08 21:56:20.788059 [Incident:Info:toast@toast-new:Magnitude updated] Magnitude updated: 5.28 (M)
2026/06/08 21:56:20.799192 [Simulation:Info:toast@toast-new:Simulation not generated] Magnitude 5.28 of event bmg2026lduy is smaller than triggerMinMagnitude: no automatic simulation
2026/06/08 21:56:24.093278 [Incident:Info:toast@toast-new:Origin updated] Origin updated: OT: 2026-06-08 14:53:00,  Lat/Lon: 5.71663°/124.823°, Depth: 10
2026/06/08 21:56:24.118947 [Incident:Info:toast@toast-new:Magnitude updated] Magnitude updated: 5.28 (M)
2026/06/08 21:56:24.134412 [Simulation:Info:toast@toast-new:Simulation not generated] Magnitude 5.28 of event bmg2026lduy is smaller than triggerMinMagnitude: no automatic simulation
2026/06/08 21:56:29.158311 [Incident:Info:toast@toast-new:Origin updated] Origin updated: OT: 2026-06-08 14:53:00,  Lat/Lon: 5.71663°/124.823°, Depth: 10
2026/06/08 21:56:29.172074 [Incident:Info:toast@toast-new:Magnitude updated] Magnitude updated: 5.29 (M)
2026/06/08 21:56:29.182483 [Simulation:Info:toast@toast-new:Simulation not generated] Magnitude 5.29 of event bmg2026lduy is smaller than triggerMinMagnitude: no automatic simulation
2026/06/08 21:56:34.096957 [Incident:Info:toast@toast-new:Origin updated] Origin updated: OT: 2026-06-08 14:53:00,  Lat/Lon: 5.71663°/124.823°, Depth: 10
2026/06/08 21:56:34.112938 [Incident:Info:toast@toast-new:Magnitude updated] Magnitude updated: 5.13 (Mw(mB))
2026/06/08 21:56:34.125175 [Simulation:Info:toast@toast-new:Simulation not generated] Magnitude 5.13 of event bmg2026lduy is smaller than triggerMinMagnitude: no automatic simulation
2026/06/08 21:56:34.168209 [Incident:Info:toast@toast-new:Origin updated] Origin updated: OT: 2026-06-08 14:53:00,  Lat/Lon: 5.71663°/124.823°, Depth: 10
2026/06/08 21:56:34.181806 [Simulation:Info:toast@toast-new:Simulation not generated] Magnitude 5.13 of event bmg2026lduy is smaller than triggerMinMagnitude: no automatic simulation
2026/06/08 21:56:39.100328 [Incident:Info:toast@toast-new:Origin updated] Origin updated: OT: 2026-06-08 14:53:00,  Lat/Lon: 5.71663°/124.823°, Depth: 10
2026/06/08 21:56:39.115700 [Incident:Info:toast@toast-new:Magnitude updated] Magnitude updated: 5.09 (Mw(mB))
2026/06/08 21:56:39.126423 [Simulation:Info:toast@toast-new:Simulation not generated] Magnitude 5.09 of event bmg2026lduy is smaller than triggerMinMagnitude: no automatic simulation
2026/06/08 21:56:44.122710 [Incident:Info:toast@toast-new:Origin updated] Origin updated: OT: 2026-06-08 14:53:01,  Lat/Lon: 5.63876°/124.96°, Depth: 10
2026/06/08 21:56:44.138008 [Incident:Info:toast@toast-new:Magnitude updated] Magnitude updated: 5.59 (M)
2026/06/08 21:56:44.149074 [Simulation:Info:toast@toast-new:Simulation not generated] Magnitude 5.59 of event bmg2026lduy is smaller than triggerMinMagnitude: no automatic simulation
2026/06/08 21:56:44.173406 [Incident:Info:toast@toast-new:Origin updated] Origin updated: OT: 2026-06-08 14:53:01,  Lat/Lon: 5.63876°/124.96°, Depth: 10
2026/06/08 21:56:44.184250 [Simulation:Info:toast@toast-new:Simulation not generated] Magnitude 5.59 of event bmg2026lduy is smaller than triggerMinMagnitude: no automatic simulation
2026/06/08 21:56:49.109221 [Incident:Info:toast@toast-new:Origin updated] Origin updated: OT: 2026-06-08 14:53:01,  Lat/Lon: 5.63876°/124.96°, Depth: 10
2026/06/08 21:56:49.123555 [Incident:Info:toast@toast-new:Magnitude updated] Magnitude updated: 5.60 (M)
2026/06/08 21:56:49.134594 [Simulation:Info:toast@toast-new:Simulation not generated] Magnitude 5.60 of event bmg2026lduy is smaller than triggerMinMagnitude: no automatic simulation
2026/06/08 21:56:54.049391 [Incident:Info:toast@toast-new:Origin updated] Origin updated: OT: 2026-06-08 14:53:01,  Lat/Lon: 5.63876°/124.96°, Depth: 10
2026/06/08 21:56:54.063599 [Incident:Info:toast@toast-new:Magnitude updated] Magnitude updated: 5.60 (M)
2026/06/08 21:56:54.074080 [Simulation:Info:toast@toast-new:Simulation not generated] Magnitude 5.60 of event bmg2026lduy is smaller than triggerMinMagnitude: no automatic simulation
2026/06/08 21:56:54.889060 [Incident:Info:toast@toast-new:Origin updated] Origin updated: OT: 2026-06-08 14:53:00,  Lat/Lon: 5.64927°/124.802°, Depth: 10
2026/06/08 21:56:54.906566 [Incident:Info:toast@toast-new:Magnitude updated] Magnitude updated: 5.51 (MLv)
2026/06/08 21:56:54.917888 [Simulation:Info:toast@toast-new:Simulation not generated] Magnitude 5.51 of event bmg2026lduy is smaller than triggerMinMagnitude: no automatic simulation
2026/06/08 21:56:55.066657 [Incident:Info:toast@toast-new:Origin updated] Origin updated: OT: 2026-06-08 14:53:00,  Lat/Lon: 5.64927°/124.802°, Depth: 10
2026/06/08 21:56:55.084820 [Incident:Info:toast@toast-new:Magnitude updated] Magnitude updated: 5.28 (M)
2026/06/08 21:56:55.095819 [Simulation:Info:toast@toast-new:Simulation not generated] Magnitude 5.28 of event bmg2026lduy is smaller than triggerMinMagnitude: no automatic simulation
2026/06/08 21:56:59.109234 [Incident:Info:toast@toast-new:Origin updated] Origin updated: OT: 2026-06-08 14:53:00,  Lat/Lon: 5.64927°/124.802°, Depth: 10
2026/06/08 21:56:59.125526 [Incident:Info:toast@toast-new:Magnitude updated] Magnitude updated: 5.28 (M)
2026/06/08 21:56:59.136520 [Simulation:Info:toast@toast-new:Simulation not generated] Magnitude 5.28 of event bmg2026lduy is smaller than triggerMinMagnitude: no automatic simulation
2026/06/08 21:57:04.155768 [Incident:Info:toast@toast-new:Origin updated] Origin updated: OT: 2026-06-08 14:53:00,  Lat/Lon: 5.64927°/124.802°, Depth: 10
2026/06/08 21:57:04.170254 [Incident:Info:toast@toast-new:Magnitude updated] Magnitude updated: 5.28 (M)
2026/06/08 21:57:04.181339 [Simulation:Info:toast@toast-new:Simulation not generated] Magnitude 5.28 of event bmg2026lduy is smaller than triggerMinMagnitude: no automatic simulation
2026/06/08 21:57:09.125111 [Incident:Info:toast@toast-new:Origin updated] Origin updated: OT: 2026-06-08 14:53:00,  Lat/Lon: 5.64927°/124.802°, Depth: 10
2026/06/08 21:57:09.138065 [Incident:Info:toast@toast-new:Magnitude updated] Magnitude updated: 5.28 (M)
2026/06/08 21:57:09.149014 [Simulation:Info:toast@toast-new:Simulation not generated] Magnitude 5.28 of event bmg2026lduy is smaller than triggerMinMagnitude: no automatic simulation
2026/06/08 21:57:19.099074 [Incident:Info:toast@toast-new:Origin updated] Origin updated: OT: 2026-06-08 14:53:00,  Lat/Lon: 5.64927°/124.802°, Depth: 10
2026/06/08 21:57:19.112350 [Incident:Info:toast@toast-new:Magnitude updated] Magnitude updated: 5.28 (M)
2026/06/08 21:57:19.123123 [Simulation:Info:toast@toast-new:Simulation not generated] Magnitude 5.28 of event bmg2026lduy is smaller than triggerMinMagnitude: no automatic simulation
2026/06/08 21:57:21.592307 [Incident:Info:toast@toast-new:Origin updated] Origin updated: OT: 2026-06-08 14:53:01,  Lat/Lon: 5.60641°/124.809°, Depth: 10
2026/06/08 21:57:21.607386 [Incident:Info:toast@toast-new:Magnitude updated] Magnitude updated: 5.05 (Mw(mB))
2026/06/08 21:57:21.618339 [Simulation:Info:toast@toast-new:Simulation not generated] Magnitude 5.05 of event bmg2026lduy is smaller than triggerMinMagnitude: no automatic simulation
2026/06/08 21:57:34.382008 [Incident:Info:toast@toast-new:Origin updated] Origin updated: OT: 2026-06-08 14:53:01,  Lat/Lon: 5.60641°/124.809°, Depth: 10
2026/06/08 21:57:34.396515 [Incident:Info:toast@toast-new:Magnitude updated] Magnitude updated: 5.36 (mb)
2026/06/08 21:57:34.407798 [Simulation:Info:toast@toast-new:Simulation not generated] Magnitude 5.36 of event bmg2026lduy is smaller than triggerMinMagnitude: no automatic simulation
2026/06/08 21:58:23.241202 [Incident:Info:toast@toast-new:Origin updated] Origin updated: OT: 2026-06-08 14:53:01,  Lat/Lon: 5.60641°/124.809°, Depth: 10
2026/06/08 21:58:23.256409 [Incident:Info:toast@toast-new:FM updated] FM updated
2026/06/08 21:58:23.268698 [Simulation:Info:toast@toast-new:Simulation not generated] Magnitude 5.36 of event bmg2026lduy is smaller than triggerMinMagnitude: no automatic simulation
2026/06/08 21:58:42.593555 [Incident:Info:toast@toast-new:Origin updated] Origin updated: OT: 2026-06-08 14:53:01,  Lat/Lon: 5.60641°/124.809°, Depth: 10
2026/06/08 21:58:42.606397 [Incident:Info:toast@toast-new:FM updated] FM updated
2026/06/08 21:58:42.617406 [Simulation:Info:toast@toast-new:Simulation not generated] Magnitude 5.36 of event bmg2026lduy is smaller than triggerMinMagnitude: no automatic simulation
2026/06/08 21:58:55.438261 [Incident:Info:toast@toast-new:Origin updated] Origin updated: OT: 2026-06-08 14:53:01,  Lat/Lon: 5.60641°/124.809°, Depth: 10
2026/06/08 21:58:55.463049 [Incident:Info:toast@toast-new:FM updated] FM updated
2026/06/08 21:58:55.476669 [Simulation:Info:toast@toast-new:Simulation not generated] Magnitude 5.36 of event bmg2026lduy is smaller than triggerMinMagnitude: no automatic simulation
2026/06/08 21:59:15.000635 [Incident:Info:toast@toast-new:Origin updated] Origin updated: OT: 2026-06-08 14:53:01,  Lat/Lon: 5.60641°/124.809°, Depth: 10
2026/06/08 21:59:15.014323 [Incident:Info:toast@toast-new:FM updated] FM updated
2026/06/08 21:59:15.025113 [Simulation:Info:toast@toast-new:Simulation not generated] Magnitude 5.36 of event bmg2026lduy is smaller than triggerMinMagnitude: no automatic simulation
2026/06/08 21:59:35.131018 [Incident:Info:toast@toast-new:Origin updated] Origin updated: OT: 2026-06-08 14:53:01,  Lat/Lon: 5.60641°/124.809°, Depth: 10
2026/06/08 21:59:35.144338 [Incident:Info:toast@toast-new:FM updated] FM updated
2026/06/08 21:59:35.155769 [Simulation:Info:toast@toast-new:Simulation not generated] Magnitude 5.36 of event bmg2026lduy is smaller than triggerMinMagnitude: no automatic simulation
2026/06/08 21:59:45.132606 [Incident:Info:toast@toast-new:Origin updated] Origin updated: OT: 2026-06-08 14:53:01,  Lat/Lon: 5.60641°/124.809°, Depth: 10
2026/06/08 21:59:45.147099 [Incident:Info:toast@toast-new:FM updated] FM updated
2026/06/08 21:59:45.157999 [Simulation:Info:toast@toast-new:Simulation not generated] Magnitude 5.36 of event bmg2026lduy is smaller than triggerMinMagnitude: no automatic simulation
2026/06/08 22:00:05.219515 [Incident:Info:toast@toast-new:Origin updated] Origin updated: OT: 2026-06-08 14:53:01,  Lat/Lon: 5.60641°/124.809°, Depth: 10
2026/06/08 22:00:05.234159 [Simulation:Info:toast@toast-new:Simulation not generated] Magnitude 5.36 of event bmg2026lduy is smaller than triggerMinMagnitude: no automatic simulation
2026/06/08 22:00:09.799417 [Incident:Info:toast@toast-new:Origin updated] Origin updated: OT: 2026-06-08 14:53:03,  Lat/Lon: 5.60791°/124.828°, Depth: 23.1481
2026/06/08 22:00:09.817844 [Incident:Info:toast@toast-new:Magnitude updated] Magnitude updated: 5.40 (mb)
2026/06/08 22:00:09.832046 [Simulation:Info:toast@toast-new:Simulation not generated] Magnitude 5.40 of event bmg2026lduy is smaller than triggerMinMagnitude: no automatic simulation
2026/06/08 22:00:15.249338 [Incident:Info:toast@toast-new:Origin updated] Origin updated: OT: 2026-06-08 14:53:03,  Lat/Lon: 5.60791°/124.828°, Depth: 23.1481
2026/06/08 22:00:15.262835 [Incident:Info:toast@toast-new:FM updated] FM updated
2026/06/08 22:00:15.273907 [Simulation:Info:toast@toast-new:Simulation not generated] Magnitude 5.40 of event bmg2026lduy is smaller than triggerMinMagnitude: no automatic simulation
2026/06/08 22:00:25.709038 [Incident:Info:toast@toast-new:Origin updated] Origin updated: OT: 2026-06-08 14:53:03,  Lat/Lon: 5.60791°/124.828°, Depth: 23.1481
2026/06/08 22:00:25.723355 [Incident:Info:toast@toast-new:FM updated] FM updated
2026/06/08 22:00:25.734829 [Simulation:Info:toast@toast-new:Simulation not generated] Magnitude 5.40 of event bmg2026lduy is smaller than triggerMinMagnitude: no automatic simulation
2026/06/08 22:00:45.694725 [Incident:Info:toast@toast-new:Origin updated] Origin updated: OT: 2026-06-08 14:53:03,  Lat/Lon: 5.60791°/124.828°, Depth: 23.1481
2026/06/08 22:00:45.709883 [Incident:Info:toast@toast-new:FM updated] FM updated
2026/06/08 22:00:45.721215 [Simulation:Info:toast@toast-new:Simulation not generated] Magnitude 5.40 of event bmg2026lduy is smaller than triggerMinMagnitude: no automatic simulation
2026/06/08 22:00:55.844843 [Incident:Info:toast@toast-new:Origin updated] Origin updated: OT: 2026-06-08 14:53:03,  Lat/Lon: 5.60791°/124.828°, Depth: 23.1481
2026/06/08 22:00:55.858754 [Simulation:Info:toast@toast-new:Simulation not generated] Magnitude 5.40 of event bmg2026lduy is smaller than triggerMinMagnitude: no automatic simulation
2026/06/08 22:01:05.879499 [Incident:Info:toast@toast-new:Origin updated] Origin updated: OT: 2026-06-08 14:53:03,  Lat/Lon: 5.60791°/124.828°, Depth: 23.1481
2026/06/08 22:01:05.894635 [Incident:Info:toast@toast-new:FM updated] FM updated
2026/06/08 22:01:05.905637 [Simulation:Info:toast@toast-new:Simulation not generated] Magnitude 5.40 of event bmg2026lduy is smaller than triggerMinMagnitude: no automatic simulation
2026/06/08 22:01:16.004604 [Incident:Info:toast@toast-new:Origin updated] Origin updated: OT: 2026-06-08 14:53:03,  Lat/Lon: 5.60791°/124.828°, Depth: 23.1481
2026/06/08 22:01:16.019336 [Incident:Info:toast@toast-new:FM updated] FM updated
2026/06/08 22:01:16.030887 [Simulation:Info:toast@toast-new:Simulation not generated] Magnitude 5.40 of event bmg2026lduy is smaller than triggerMinMagnitude: no automatic simulation
2026/06/08 22:01:25.866739 [Incident:Info:toast@toast-new:Origin updated] Origin updated: OT: 2026-06-08 14:53:03,  Lat/Lon: 5.60791°/124.828°, Depth: 23.1481
2026/06/08 22:01:25.882835 [Incident:Info:toast@toast-new:FM updated] FM updated
2026/06/08 22:01:25.894751 [Simulation:Info:toast@toast-new:Simulation not generated] Magnitude 5.40 of event bmg2026lduy is smaller than triggerMinMagnitude: no automatic simulation
2026/06/08 22:01:35.887008 [Incident:Info:toast@toast-new:Origin updated] Origin updated: OT: 2026-06-08 14:53:03,  Lat/Lon: 5.60791°/124.828°, Depth: 23.1481
2026/06/08 22:01:35.901568 [Simulation:Info:toast@toast-new:Simulation not generated] Magnitude 5.40 of event bmg2026lduy is smaller than triggerMinMagnitude: no automatic simulation
2026/06/08 22:01:46.180126 [Incident:Info:toast@toast-new:Origin updated] Origin updated: OT: 2026-06-08 14:53:03,  Lat/Lon: 5.60791°/124.828°, Depth: 23.1481
2026/06/08 22:01:46.208519 [Simulation:Info:toast@toast-new:Simulation not generated] Magnitude 5.40 of event bmg2026lduy is smaller than triggerMinMagnitude: no automatic simulation
2026/06/08 22:02:02.605201 [Incident:Info:toast@toast-new:Origin updated] Origin updated: OT: 2026-06-08 14:53:03,  Lat/Lon: 5.60605°/124.832°, Depth: 25.325
2026/06/08 22:02:02.627799 [Incident:Info:toast@toast-new:Magnitude updated] Magnitude updated: 5.40 (mb)
2026/06/08 22:02:02.647534 [Simulation:Info:toast@toast-new:Simulation not generated] Magnitude 5.40 of event bmg2026lduy is smaller than triggerMinMagnitude: no automatic simulation
2026/06/08 22:02:05.915848 [Incident:Info:toast@toast-new:Origin updated] Origin updated: OT: 2026-06-08 14:53:03,  Lat/Lon: 5.60605°/124.832°, Depth: 25.325
2026/06/08 22:02:05.929354 [Incident:Info:toast@toast-new:FM updated] FM updated
2026/06/08 22:02:05.944616 [Simulation:Info:toast@toast-new:Simulation not generated] Magnitude 5.40 of event bmg2026lduy is smaller than triggerMinMagnitude: no automatic simulation
2026/06/08 22:02:16.107830 [Incident:Info:toast@toast-new:Origin updated] Origin updated: OT: 2026-06-08 14:53:03,  Lat/Lon: 5.60605°/124.832°, Depth: 25.325
2026/06/08 22:02:16.135406 [Incident:Info:toast@toast-new:FM updated] FM updated
2026/06/08 22:02:16.152293 [Simulation:Info:toast@toast-new:Simulation not generated] Magnitude 5.40 of event bmg2026lduy is smaller than triggerMinMagnitude: no automatic simulation
2026/06/08 22:02:26.321627 [Incident:Info:toast@toast-new:Origin updated] Origin updated: OT: 2026-06-08 14:53:03,  Lat/Lon: 5.60605°/124.832°, Depth: 25.325
2026/06/08 22:02:26.336115 [Incident:Info:toast@toast-new:FM updated] FM updated
2026/06/08 22:02:26.347393 [Simulation:Info:toast@toast-new:Simulation not generated] Magnitude 5.40 of event bmg2026lduy is smaller than triggerMinMagnitude: no automatic simulation
2026/06/08 22:02:36.905098 [Incident:Info:toast@toast-new:Origin updated] Origin updated: OT: 2026-06-08 14:53:03,  Lat/Lon: 5.60605°/124.832°, Depth: 25.325
2026/06/08 22:02:36.920827 [Incident:Info:toast@toast-new:FM updated] FM updated
2026/06/08 22:02:36.932487 [Simulation:Info:toast@toast-new:Simulation not generated] Magnitude 5.40 of event bmg2026lduy is smaller than triggerMinMagnitude: no automatic simulation
2026/06/08 22:02:56.536692 [Incident:Info:toast@toast-new:Origin updated] Origin updated: OT: 2026-06-08 14:53:03,  Lat/Lon: 5.60605°/124.832°, Depth: 25.325
2026/06/08 22:02:56.563127 [Simulation:Info:toast@toast-new:Simulation not generated] Magnitude 5.40 of event bmg2026lduy is smaller than triggerMinMagnitude: no automatic simulation
2026/06/08 22:02:56.910511 [Incident:Info:toast@toast-new:Origin updated] Origin updated: OT: 2026-06-08 14:53:03,  Lat/Lon: 5.60605°/124.832°, Depth: 25.325
2026/06/08 22:02:56.925839 [Incident:Info:toast@toast-new:FM updated] FM updated
2026/06/08 22:02:56.936939 [Simulation:Info:toast@toast-new:Simulation not generated] Magnitude 5.40 of event bmg2026lduy is smaller than triggerMinMagnitude: no automatic simulation
2026/06/08 22:03:52.141428 [Incident:Info:toast@toast-new:Origin updated] Origin updated: OT: 2026-06-08 14:53:03,  Lat/Lon: 5.60605°/124.832°, Depth: 25.325
2026/06/08 22:03:52.156757 [Incident:Info:toast@toast-new:FM updated] FM updated
2026/06/08 22:03:52.168291 [Simulation:Info:toast@toast-new:Simulation not generated] Magnitude 5.40 of event bmg2026lduy is smaller than triggerMinMagnitude: no automatic simulation
2026/06/08 22:04:24.435603 [Incident:Info:toast@toast-new:Origin updated] Origin updated: OT: 2026-06-08 14:53:03,  Lat/Lon: 5.60605°/124.832°, Depth: 25.325
2026/06/08 22:04:24.450064 [Incident:Info:toast@toast-new:Magnitude updated] Magnitude updated: 5.52 (Mw)
2026/06/08 22:04:24.461401 [Simulation:Info:toast@toast-new:Simulation not generated] Magnitude 5.52 of event bmg2026lduy is smaller than triggerMinMagnitude: no automatic simulation
2026/06/08 22:04:38.138732 [Incident:Info:toast@toast-new:Origin updated] Origin updated: OT: 2026-06-08 14:53:03,  Lat/Lon: 5.60605°/124.832°, Depth: 25.325
2026/06/08 22:04:38.152830 [Simulation:Info:toast@toast-new:Simulation not generated] Magnitude 5.52 of event bmg2026lduy is smaller than triggerMinMagnitude: no automatic simulation
2026/06/08 22:05:12.099675 [Incident:Info:toast@toast-new:Origin updated] Origin updated: OT: 2026-06-08 14:53:08,  Lat/Lon: 5.35615°/124.82°, Depth: 78
2026/06/08 22:05:12.113540 [Simulation:Info:toast@toast-new:Simulation not generated] Magnitude 5.52 of event bmg2026lduy is smaller than triggerMinMagnitude: no automatic simulation
2026/06/08 22:06:18.260795 [Incident:Info:toast@toast-new:Origin updated] Origin updated: OT: 2026-06-08 14:53:08,  Lat/Lon: 5.35615°/124.82°, Depth: 78
2026/06/08 22:06:18.275007 [Incident:Info:toast@toast-new:Magnitude updated] Magnitude updated: 5.30 (mb)
2026/06/08 22:06:18.286120 [Simulation:Info:toast@toast-new:Simulation not generated] Magnitude 5.30 of event bmg2026lduy is smaller than triggerMinMagnitude: no automatic simulation
2026/06/08 22:06:29.472778 [Incident:Info:toast@toast-new:Origin updated] Origin updated: OT: 2026-06-08 14:53:08,  Lat/Lon: 5.35615°/124.82°, Depth: 78
2026/06/08 22:06:29.488319 [Simulation:Info:toast@toast-new:Simulation not generated] Magnitude 5.30 of event bmg2026lduy is smaller than triggerMinMagnitude: no automatic simulation
2026/06/08 22:06:29.514202 [Incident:Info:toast@toast-new:Origin updated] Origin updated: OT: 2026-06-08 14:53:08,  Lat/Lon: 5.35615°/124.82°, Depth: 78
2026/06/08 22:06:29.524998 [Incident:Info:toast@toast-new:Magnitude updated] Magnitude updated: 5.52 (Mw)
2026/06/08 22:06:29.535282 [Simulation:Info:toast@toast-new:Simulation not generated] Magnitude 5.52 of event bmg2026lduy is smaller than triggerMinMagnitude: no automatic simulation
2026/06/08 22:07:53.583185 [Incident:Info:toast@toast-new:Origin updated] Origin updated: OT: 2026-06-08 14:53:04,  Lat/Lon: 5.58633°/124.834°, Depth: 40
2026/06/08 22:07:53.593746 [Simulation:Info:toast@toast-new:Simulation not generated] Magnitude 5.52 of event bmg2026lduy is smaller than triggerMinMagnitude: no automatic simulation
