2026/07/18 09:25:51.560690 [Incident:Info:toast@toast-new:Displacement(s) updated] Added 0 and changed 0 displacements with 0 amplitudes
2026/07/18 09:25:51.562171 [Incident:Info:toast@toast-new:Incident created] Incident created based on event received from messaging: OT: 2026-07-18 02:23:38,  Lat/Lon: 4.72°/124.74°, Depth: 10.00, Mag: 5.53 (M)
2026/07/18 09:25:51.563068 [Simulation:Info:toast@toast-new:Simulation not generated] Magnitude 5.53 of event bmg2026nxyi is smaller than triggerMinMagnitude: no automatic simulation
2026/07/18 09:25:51.585353 [Incident:Info:toast@toast-new:Origin updated] Origin updated: OT: 2026-07-18 02:23:38,  Lat/Lon: 4.71609°/124.737°, Depth: 10
2026/07/18 09:25:51.585515 [Simulation:Info:toast@toast-new:Simulation not generated] Magnitude 5.53 of event bmg2026nxyi is smaller than triggerMinMagnitude: no automatic simulation
2026/07/18 09:25:54.871638 [Incident:Info:toast@toast-new:Origin updated] Origin updated: OT: 2026-07-18 02:23:38,  Lat/Lon: 4.71609°/124.737°, Depth: 10
2026/07/18 09:25:54.871848 [Incident:Info:toast@toast-new:Magnitude updated] Magnitude updated: 5.54 (M)
2026/07/18 09:25:54.871896 [Simulation:Info:toast@toast-new:Simulation not generated] Magnitude 5.54 of event bmg2026nxyi is smaller than triggerMinMagnitude: no automatic simulation
2026/07/18 09:25:59.590949 [Incident:Info:toast@toast-new:Origin updated] Origin updated: OT: 2026-07-18 02:23:39,  Lat/Lon: 4.7167°/124.782°, Depth: 10
2026/07/18 09:25:59.591160 [Incident:Info:toast@toast-new:Magnitude updated] Magnitude updated: 5.54 (M)
2026/07/18 09:25:59.591205 [Simulation:Info:toast@toast-new:Simulation not generated] Magnitude 5.54 of event bmg2026nxyi is smaller than triggerMinMagnitude: no automatic simulation
2026/07/18 09:25:59.851090 [Incident:Info:toast@toast-new:Origin updated] Origin updated: OT: 2026-07-18 02:23:39,  Lat/Lon: 4.7167°/124.782°, Depth: 10
2026/07/18 09:25:59.851303 [Incident:Info:toast@toast-new:Magnitude updated] Magnitude updated: 5.54 (M)
2026/07/18 09:25:59.851359 [Simulation:Info:toast@toast-new:Simulation not generated] Magnitude 5.54 of event bmg2026nxyi is smaller than triggerMinMagnitude: no automatic simulation
2026/07/18 09:26:04.928736 [Incident:Info:toast@toast-new:Origin updated] Origin updated: OT: 2026-07-18 02:23:39,  Lat/Lon: 4.7167°/124.782°, Depth: 10
2026/07/18 09:26:04.929041 [Incident:Info:toast@toast-new:Magnitude updated] Magnitude updated: 5.55 (M)
2026/07/18 09:26:04.929158 [Simulation:Info:toast@toast-new:Simulation not generated] Magnitude 5.55 of event bmg2026nxyi is smaller than triggerMinMagnitude: no automatic simulation
2026/07/18 09:26:09.656331 [Incident:Info:toast@toast-new:Origin updated] Origin updated: OT: 2026-07-18 02:23:39,  Lat/Lon: 4.69764°/124.81°, Depth: 10
2026/07/18 09:26:09.657158 [Incident:Info:toast@toast-new:Magnitude updated] Magnitude updated: 5.54 (M)
2026/07/18 09:26:09.657259 [Simulation:Info:toast@toast-new:Simulation not generated] Magnitude 5.54 of event bmg2026nxyi is smaller than triggerMinMagnitude: no automatic simulation
2026/07/18 09:26:14.948796 [Incident:Info:toast@toast-new:Origin updated] Origin updated: OT: 2026-07-18 02:23:39,  Lat/Lon: 4.69764°/124.81°, Depth: 10
2026/07/18 09:26:14.948983 [Incident:Info:toast@toast-new:Magnitude updated] Magnitude updated: 5.60 (M)
2026/07/18 09:26:14.949036 [Simulation:Info:toast@toast-new:Simulation not generated] Magnitude 5.60 of event bmg2026nxyi is smaller than triggerMinMagnitude: no automatic simulation
2026/07/18 09:26:19.969553 [Incident:Info:toast@toast-new:Origin updated] Origin updated: OT: 2026-07-18 02:23:39,  Lat/Lon: 4.69764°/124.81°, Depth: 10
2026/07/18 09:26:19.969740 [Incident:Info:toast@toast-new:Magnitude updated] Magnitude updated: 5.58 (M)
2026/07/18 09:26:19.969773 [Simulation:Info:toast@toast-new:Simulation not generated] Magnitude 5.58 of event bmg2026nxyi is smaller than triggerMinMagnitude: no automatic simulation
2026/07/18 09:26:22.535171 [Incident:Info:toast@toast-new:Origin updated] Origin updated: OT: 2026-07-18 02:23:39,  Lat/Lon: 4.69764°/124.81°, Depth: 10
2026/07/18 09:26:22.535370 [Incident:Info:toast@toast-new:Magnitude updated] Magnitude updated: 5.57 (M)
2026/07/18 09:26:22.535401 [Simulation:Info:toast@toast-new:Simulation not generated] Magnitude 5.57 of event bmg2026nxyi is smaller than triggerMinMagnitude: no automatic simulation
2026/07/18 09:26:22.559719 [Incident:Info:toast@toast-new:Origin updated] Origin updated: OT: 2026-07-18 02:23:41,  Lat/Lon: 4.58041°/124.833°, Depth: 10
2026/07/18 09:26:22.559854 [Incident:Info:toast@toast-new:Magnitude updated] Magnitude updated: 5.53 (M)
2026/07/18 09:26:22.559883 [Simulation:Info:toast@toast-new:Simulation not generated] Magnitude 5.53 of event bmg2026nxyi is smaller than triggerMinMagnitude: no automatic simulation
2026/07/18 09:26:24.995237 [Incident:Info:toast@toast-new:Origin updated] Origin updated: OT: 2026-07-18 02:23:41,  Lat/Lon: 4.58041°/124.833°, Depth: 10
2026/07/18 09:26:24.995420 [Incident:Info:toast@toast-new:Magnitude updated] Magnitude updated: 5.54 (M)
2026/07/18 09:26:24.995465 [Simulation:Info:toast@toast-new:Simulation not generated] Magnitude 5.54 of event bmg2026nxyi is smaller than triggerMinMagnitude: no automatic simulation
2026/07/18 09:26:29.954454 [Incident:Info:toast@toast-new:Origin updated] Origin updated: OT: 2026-07-18 02:23:41,  Lat/Lon: 4.58041°/124.833°, Depth: 10
2026/07/18 09:26:29.954629 [Incident:Info:toast@toast-new:Magnitude updated] Magnitude updated: 5.55 (M)
2026/07/18 09:26:29.954686 [Simulation:Info:toast@toast-new:Simulation not generated] Magnitude 5.55 of event bmg2026nxyi is smaller than triggerMinMagnitude: no automatic simulation
2026/07/18 09:26:34.960569 [Incident:Info:toast@toast-new:Origin updated] Origin updated: OT: 2026-07-18 02:23:41,  Lat/Lon: 4.58041°/124.833°, Depth: 10
2026/07/18 09:26:34.960760 [Incident:Info:toast@toast-new:Magnitude updated] Magnitude updated: 5.51 (M)
2026/07/18 09:26:34.960826 [Simulation:Info:toast@toast-new:Simulation not generated] Magnitude 5.51 of event bmg2026nxyi is smaller than triggerMinMagnitude: no automatic simulation
2026/07/18 09:26:39.967688 [Incident:Info:toast@toast-new:Origin updated] Origin updated: OT: 2026-07-18 02:23:41,  Lat/Lon: 4.58041°/124.833°, Depth: 10
2026/07/18 09:26:40.004144 [Incident:Info:toast@toast-new:Magnitude updated] Magnitude updated: 5.53 (M)
2026/07/18 09:26:40.004239 [Simulation:Info:toast@toast-new:Simulation not generated] Magnitude 5.53 of event bmg2026nxyi is smaller than triggerMinMagnitude: no automatic simulation
2026/07/18 09:26:40.680195 [Incident:Info:toast@toast-new:Origin updated] Origin updated: OT: 2026-07-18 02:23:42,  Lat/Lon: 4.51898°/124.851°, Depth: 10
2026/07/18 09:26:40.680450 [Incident:Info:toast@toast-new:Magnitude updated] Magnitude updated: 5.53 (M)
2026/07/18 09:26:40.680510 [Simulation:Info:toast@toast-new:Simulation not generated] Magnitude 5.53 of event bmg2026nxyi is smaller than triggerMinMagnitude: no automatic simulation
2026/07/18 09:26:45.018446 [Incident:Info:toast@toast-new:Origin updated] Origin updated: OT: 2026-07-18 02:23:42,  Lat/Lon: 4.51898°/124.851°, Depth: 10
2026/07/18 09:26:45.018630 [Incident:Info:toast@toast-new:Magnitude updated] Magnitude updated: 5.50 (M)
2026/07/18 09:26:45.018673 [Simulation:Info:toast@toast-new:Simulation not generated] Magnitude 5.50 of event bmg2026nxyi is smaller than triggerMinMagnitude: no automatic simulation
2026/07/18 09:26:50.021582 [Incident:Info:toast@toast-new:Origin updated] Origin updated: OT: 2026-07-18 02:23:42,  Lat/Lon: 4.51898°/124.851°, Depth: 10
2026/07/18 09:26:50.021801 [Incident:Info:toast@toast-new:Magnitude updated] Magnitude updated: 5.48 (M)
2026/07/18 09:26:50.021842 [Simulation:Info:toast@toast-new:Simulation not generated] Magnitude 5.48 of event bmg2026nxyi is smaller than triggerMinMagnitude: no automatic simulation
2026/07/18 09:26:54.980525 [Incident:Info:toast@toast-new:Origin updated] Origin updated: OT: 2026-07-18 02:23:42,  Lat/Lon: 4.51898°/124.851°, Depth: 10
2026/07/18 09:26:54.980736 [Incident:Info:toast@toast-new:Magnitude updated] Magnitude updated: 5.50 (M)
2026/07/18 09:26:54.980796 [Simulation:Info:toast@toast-new:Simulation not generated] Magnitude 5.50 of event bmg2026nxyi is smaller than triggerMinMagnitude: no automatic simulation
2026/07/18 09:27:00.036118 [Incident:Info:toast@toast-new:Origin updated] Origin updated: OT: 2026-07-18 02:23:42,  Lat/Lon: 4.51898°/124.851°, Depth: 10
2026/07/18 09:27:00.036316 [Incident:Info:toast@toast-new:Magnitude updated] Magnitude updated: 5.47 (M)
2026/07/18 09:27:00.036351 [Simulation:Info:toast@toast-new:Simulation not generated] Magnitude 5.47 of event bmg2026nxyi is smaller than triggerMinMagnitude: no automatic simulation
2026/07/18 09:27:04.984722 [Incident:Info:toast@toast-new:Origin updated] Origin updated: OT: 2026-07-18 02:23:42,  Lat/Lon: 4.51898°/124.851°, Depth: 10
2026/07/18 09:27:04.984915 [Incident:Info:toast@toast-new:Magnitude updated] Magnitude updated: 5.47 (M)
2026/07/18 09:27:04.984958 [Simulation:Info:toast@toast-new:Simulation not generated] Magnitude 5.47 of event bmg2026nxyi is smaller than triggerMinMagnitude: no automatic simulation
2026/07/18 09:27:08.683101 [Incident:Info:toast@toast-new:Origin updated] Origin updated: OT: 2026-07-18 02:23:42,  Lat/Lon: 4.52355°/124.844°, Depth: 10
2026/07/18 09:27:08.683306 [Incident:Info:toast@toast-new:Magnitude updated] Magnitude updated: 5.47 (Mw(mB))
2026/07/18 09:27:08.683353 [Simulation:Info:toast@toast-new:Simulation not generated] Magnitude 5.47 of event bmg2026nxyi is smaller than triggerMinMagnitude: no automatic simulation
2026/07/18 09:27:09.938084 [Incident:Info:toast@toast-new:Origin updated] Origin updated: OT: 2026-07-18 02:23:42,  Lat/Lon: 4.52355°/124.844°, Depth: 10
2026/07/18 09:27:09.938257 [Incident:Info:toast@toast-new:Magnitude updated] Magnitude updated: 5.45 (Mw(mB))
2026/07/18 09:27:09.938288 [Simulation:Info:toast@toast-new:Simulation not generated] Magnitude 5.45 of event bmg2026nxyi is smaller than triggerMinMagnitude: no automatic simulation
2026/07/18 09:27:15.020510 [Incident:Info:toast@toast-new:Origin updated] Origin updated: OT: 2026-07-18 02:23:42,  Lat/Lon: 4.52355°/124.844°, Depth: 10
2026/07/18 09:27:15.020702 [Incident:Info:toast@toast-new:Magnitude updated] Magnitude updated: 5.42 (Mw(mB))
2026/07/18 09:27:15.020755 [Simulation:Info:toast@toast-new:Simulation not generated] Magnitude 5.42 of event bmg2026nxyi is smaller than triggerMinMagnitude: no automatic simulation
2026/07/18 09:27:19.890378 [Incident:Info:toast@toast-new:Origin updated] Origin updated: OT: 2026-07-18 02:23:42,  Lat/Lon: 4.52355°/124.844°, Depth: 10
2026/07/18 09:27:19.892080 [Incident:Info:toast@toast-new:Magnitude updated] Magnitude updated: 5.40 (Mw(mB))
2026/07/18 09:27:19.892148 [Simulation:Info:toast@toast-new:Simulation not generated] Magnitude 5.40 of event bmg2026nxyi is smaller than triggerMinMagnitude: no automatic simulation
2026/07/18 09:27:25.019011 [Incident:Info:toast@toast-new:Origin updated] Origin updated: OT: 2026-07-18 02:23:42,  Lat/Lon: 4.52355°/124.844°, Depth: 10
2026/07/18 09:27:25.019205 [Incident:Info:toast@toast-new:Magnitude updated] Magnitude updated: 5.39 (Mw(mB))
2026/07/18 09:27:25.019241 [Simulation:Info:toast@toast-new:Simulation not generated] Magnitude 5.39 of event bmg2026nxyi is smaller than triggerMinMagnitude: no automatic simulation
2026/07/18 09:27:29.992887 [Incident:Info:toast@toast-new:Origin updated] Origin updated: OT: 2026-07-18 02:23:42,  Lat/Lon: 4.52355°/124.844°, Depth: 10
2026/07/18 09:27:29.993051 [Incident:Info:toast@toast-new:Magnitude updated] Magnitude updated: 5.40 (Mw(mB))
2026/07/18 09:27:29.993086 [Simulation:Info:toast@toast-new:Simulation not generated] Magnitude 5.40 of event bmg2026nxyi is smaller than triggerMinMagnitude: no automatic simulation
2026/07/18 09:27:34.955593 [Incident:Info:toast@toast-new:Origin updated] Origin updated: OT: 2026-07-18 02:23:42,  Lat/Lon: 4.52355°/124.844°, Depth: 10
2026/07/18 09:27:34.955785 [Incident:Info:toast@toast-new:Magnitude updated] Magnitude updated: 5.41 (Mw(mB))
2026/07/18 09:27:34.955819 [Simulation:Info:toast@toast-new:Simulation not generated] Magnitude 5.41 of event bmg2026nxyi is smaller than triggerMinMagnitude: no automatic simulation
2026/07/18 09:27:39.993441 [Incident:Info:toast@toast-new:Origin updated] Origin updated: OT: 2026-07-18 02:23:42,  Lat/Lon: 4.52355°/124.844°, Depth: 10
2026/07/18 09:27:39.993647 [Incident:Info:toast@toast-new:Magnitude updated] Magnitude updated: 5.40 (Mw(mB))
2026/07/18 09:27:39.993712 [Simulation:Info:toast@toast-new:Simulation not generated] Magnitude 5.40 of event bmg2026nxyi is smaller than triggerMinMagnitude: no automatic simulation
2026/07/18 09:27:42.244113 [Incident:Info:toast@toast-new:Origin updated] Origin updated: OT: 2026-07-18 02:23:42,  Lat/Lon: 4.52437°/124.861°, Depth: 10
2026/07/18 09:27:42.244299 [Incident:Info:toast@toast-new:Magnitude updated] Magnitude updated: 5.40 (Mw(mB))
2026/07/18 09:27:42.244332 [Simulation:Info:toast@toast-new:Simulation not generated] Magnitude 5.40 of event bmg2026nxyi is smaller than triggerMinMagnitude: no automatic simulation
2026/07/18 09:27:48.471983 [Incident:Info:toast@toast-new:Origin updated] Origin updated: OT: 2026-07-18 02:23:40,  Lat/Lon: 4.62292°/124.834°, Depth: 10
2026/07/18 09:27:48.472203 [Incident:Info:toast@toast-new:Magnitude updated] Magnitude updated: 5.70 (mb)
2026/07/18 09:27:48.472255 [Simulation:Info:toast@toast-new:Simulation not generated] Magnitude 5.70 of event bmg2026nxyi is smaller than triggerMinMagnitude: no automatic simulation
2026/07/18 09:27:48.615832 [Incident:Info:toast@toast-new:Origin updated] Origin updated: OT: 2026-07-18 02:23:40,  Lat/Lon: 4.62292°/124.834°, Depth: 10
2026/07/18 09:27:48.616012 [Incident:Info:toast@toast-new:Magnitude updated] Magnitude updated: 5.54 (M)
2026/07/18 09:27:48.616086 [Simulation:Info:toast@toast-new:Simulation not generated] Magnitude 5.54 of event bmg2026nxyi is smaller than triggerMinMagnitude: no automatic simulation
2026/07/18 09:28:00.035920 [Incident:Info:toast@toast-new:Origin updated] Origin updated: OT: 2026-07-18 02:23:40,  Lat/Lon: 4.62292°/124.834°, Depth: 10
2026/07/18 09:28:00.036071 [Incident:Info:toast@toast-new:Magnitude updated] Magnitude updated: 5.54 (M)
2026/07/18 09:28:00.036100 [Simulation:Info:toast@toast-new:Simulation not generated] Magnitude 5.54 of event bmg2026nxyi is smaller than triggerMinMagnitude: no automatic simulation
2026/07/18 09:28:14.831896 [Incident:Info:toast@toast-new:Origin updated] Origin updated: OT: 2026-07-18 02:23:40,  Lat/Lon: 4.62292°/124.834°, Depth: 10
2026/07/18 09:28:14.832102 [Incident:Info:toast@toast-new:Magnitude updated] Magnitude updated: 5.54 (M)
2026/07/18 09:28:14.832151 [Simulation:Info:toast@toast-new:Simulation not generated] Magnitude 5.54 of event bmg2026nxyi is smaller than triggerMinMagnitude: no automatic simulation
2026/07/18 09:28:19.831511 [Incident:Info:toast@toast-new:Origin updated] Origin updated: OT: 2026-07-18 02:23:40,  Lat/Lon: 4.62292°/124.834°, Depth: 10
2026/07/18 09:28:19.831690 [Incident:Info:toast@toast-new:Magnitude updated] Magnitude updated: 5.54 (M)
2026/07/18 09:28:19.831723 [Simulation:Info:toast@toast-new:Simulation not generated] Magnitude 5.54 of event bmg2026nxyi is smaller than triggerMinMagnitude: no automatic simulation
2026/07/18 09:28:41.072552 [Incident:Info:toast@toast-new:Origin updated] Origin updated: OT: 2026-07-18 02:23:40,  Lat/Lon: 4.62292°/124.834°, Depth: 10
2026/07/18 09:28:41.072743 [Incident:Info:toast@toast-new:FM updated] FM updated
2026/07/18 09:28:41.073003 [Simulation:Info:toast@toast-new:Simulation not generated] Magnitude 5.54 of event bmg2026nxyi is smaller than triggerMinMagnitude: no automatic simulation
2026/07/18 09:29:01.096756 [Incident:Info:toast@toast-new:Origin updated] Origin updated: OT: 2026-07-18 02:23:40,  Lat/Lon: 4.62292°/124.834°, Depth: 10
2026/07/18 09:29:01.096953 [Incident:Info:toast@toast-new:FM updated] FM updated
2026/07/18 09:29:01.097238 [Simulation:Info:toast@toast-new:Simulation not generated] Magnitude 5.54 of event bmg2026nxyi is smaller than triggerMinMagnitude: no automatic simulation
2026/07/18 09:29:05.128803 [Incident:Info:toast@toast-new:Origin updated] Origin updated: OT: 2026-07-18 02:23:40,  Lat/Lon: 4.62292°/124.834°, Depth: 10
2026/07/18 09:29:05.128983 [Incident:Info:toast@toast-new:FM updated] FM updated
2026/07/18 09:29:05.129235 [Simulation:Info:toast@toast-new:Simulation not generated] Magnitude 5.54 of event bmg2026nxyi is smaller than triggerMinMagnitude: no automatic simulation
2026/07/18 09:29:27.519790 [Incident:Info:toast@toast-new:Origin updated] Origin updated: OT: 2026-07-18 02:23:42,  Lat/Lon: 4.38575°/124.81°, Depth: 10
2026/07/18 09:29:27.520013 [Incident:Info:toast@toast-new:Magnitude updated] Magnitude updated: 5.61 (mb)
2026/07/18 09:29:27.520067 [Simulation:Info:toast@toast-new:Simulation not generated] Magnitude 5.61 of event bmg2026nxyi is smaller than triggerMinMagnitude: no automatic simulation
2026/07/18 09:29:27.635183 [Incident:Info:toast@toast-new:Origin updated] Origin updated: OT: 2026-07-18 02:23:42,  Lat/Lon: 4.38575°/124.81°, Depth: 10
2026/07/18 09:29:27.635363 [Incident:Info:toast@toast-new:Magnitude updated] Magnitude updated: 5.45 (M)
2026/07/18 09:29:27.635434 [Simulation:Info:toast@toast-new:Simulation not generated] Magnitude 5.45 of event bmg2026nxyi is smaller than triggerMinMagnitude: no automatic simulation
2026/07/18 09:30:08.866223 [Incident:Info:toast@toast-new:Origin updated] Origin updated: OT: 2026-07-18 02:23:42,  Lat/Lon: 4.38575°/124.81°, Depth: 10
2026/07/18 09:30:08.866409 [Incident:Info:toast@toast-new:FM updated] FM updated
2026/07/18 09:30:08.866667 [Simulation:Info:toast@toast-new:Simulation not generated] Magnitude 5.45 of event bmg2026nxyi is smaller than triggerMinMagnitude: no automatic simulation
2026/07/18 09:31:26.665814 [Incident:Info:toast@toast-new:Origin updated] Origin updated: OT: 2026-07-18 02:23:42,  Lat/Lon: 4.38575°/124.81°, Depth: 10
2026/07/18 09:31:26.665990 [Incident:Info:toast@toast-new:FM updated] FM updated
2026/07/18 09:31:26.666230 [Simulation:Info:toast@toast-new:Simulation not generated] Magnitude 5.45 of event bmg2026nxyi is smaller than triggerMinMagnitude: no automatic simulation
2026/07/18 09:32:52.141803 [Incident:Info:toast@toast-new:Origin updated] Origin updated: OT: 2026-07-18 02:23:42,  Lat/Lon: 4.38575°/124.81°, Depth: 10
2026/07/18 09:32:52.141994 [Simulation:Info:toast@toast-new:Simulation not generated] Magnitude 5.45 of event bmg2026nxyi is smaller than triggerMinMagnitude: no automatic simulation
2026/07/18 09:32:52.160323 [Incident:Info:toast@toast-new:Origin updated] Origin updated: OT: 2026-07-18 02:23:42,  Lat/Lon: 4.38575°/124.81°, Depth: 10
2026/07/18 09:32:52.160414 [Incident:Info:toast@toast-new:Magnitude updated] Magnitude updated: 5.45 (Mw)
2026/07/18 09:32:52.160454 [Simulation:Info:toast@toast-new:Simulation not generated] Magnitude 5.45 of event bmg2026nxyi is smaller than triggerMinMagnitude: no automatic simulation
2026/07/18 09:40:45.814389 [Incident:Info:toast@toast-new:Origin updated] Origin updated: OT: 2026-07-18 02:23:45,  Lat/Lon: 4.34262°/124.807°, Depth: 26
2026/07/18 09:40:45.814622 [Simulation:Info:toast@toast-new:Simulation not generated] Magnitude 5.45 of event bmg2026nxyi is smaller than triggerMinMagnitude: no automatic simulation
2026/07/18 09:44:52.328888 [Incident:Info:toast@toast-new:Origin updated] Origin updated: OT: 2026-07-18 02:23:45,  Lat/Lon: 4.39066°/124.858°, Depth: 31.4369
2026/07/18 09:44:52.329111 [Simulation:Info:toast@toast-new:Simulation not generated] Magnitude 5.45 of event bmg2026nxyi is smaller than triggerMinMagnitude: no automatic simulation
2026/07/18 09:45:07.256647 [Incident:Info:toast@toast-new:Origin updated] Origin updated: OT: 2026-07-18 02:23:45,  Lat/Lon: 4.34262°/124.807°, Depth: 26
2026/07/18 09:45:07.256934 [Simulation:Info:toast@toast-new:Simulation not generated] Magnitude 5.45 of event bmg2026nxyi is smaller than triggerMinMagnitude: no automatic simulation
2026/07/18 18:28:08.691919 [Incident:Info:toast@toast-new:Origin updated] Origin updated: OT: 2026-07-18 02:23:45,  Lat/Lon: 4.34262°/124.807°, Depth: 26
2026/07/18 18:28:08.692130 [Incident:Info:toast@toast-new:Magnitude updated] Magnitude updated: 5.37 (Mw(mB))
2026/07/18 18:28:08.692180 [Simulation:Info:toast@toast-new:Simulation not generated] Magnitude 5.37 of event bmg2026nxyi is smaller than triggerMinMagnitude: no automatic simulation
