2026/07/06 15:43:59.829896 [Incident:Info:toast@toast-new:Displacement(s) updated] Added 0 and changed 0 displacements with 0 amplitudes
2026/07/06 15:43:59.832976 [Incident:Info:toast@toast-new:Incident created] Incident created based on event received from messaging: OT: 2026-07-06 08:41:36,  Lat/Lon: 5.02°/125.23°, Depth: 10.00, Mag: 5.20 (M)
2026/07/06 15:43:59.833648 [Simulation:Info:toast@toast-new:Simulation not generated] Magnitude 5.20 of event bmg2026ncmu is smaller than triggerMinMagnitude: no automatic simulation
2026/07/06 15:43:59.848920 [Incident:Info:toast@toast-new:Origin updated] Origin updated: OT: 2026-07-06 08:41:36,  Lat/Lon: 5.01846°/125.228°, Depth: 10
2026/07/06 15:43:59.849062 [Simulation:Info:toast@toast-new:Simulation not generated] Magnitude 5.20 of event bmg2026ncmu is smaller than triggerMinMagnitude: no automatic simulation
2026/07/06 15:44:02.261380 [Incident:Info:toast@toast-new:Origin updated] Origin updated: OT: 2026-07-06 08:41:36,  Lat/Lon: 5.01846°/125.228°, Depth: 10
2026/07/06 15:44:02.261585 [Incident:Info:toast@toast-new:Magnitude updated] Magnitude updated: 5.20 (M)
2026/07/06 15:44:02.261632 [Simulation:Info:toast@toast-new:Simulation not generated] Magnitude 5.20 of event bmg2026ncmu is smaller than triggerMinMagnitude: no automatic simulation
2026/07/06 15:44:07.289001 [Incident:Info:toast@toast-new:Origin updated] Origin updated: OT: 2026-07-06 08:41:36,  Lat/Lon: 5.01846°/125.228°, Depth: 10
2026/07/06 15:44:07.289192 [Incident:Info:toast@toast-new:Magnitude updated] Magnitude updated: 5.24 (M)
2026/07/06 15:44:07.289236 [Simulation:Info:toast@toast-new:Simulation not generated] Magnitude 5.24 of event bmg2026ncmu is smaller than triggerMinMagnitude: no automatic simulation
2026/07/06 15:44:10.168917 [Incident:Info:toast@toast-new:Origin updated] Origin updated: OT: 2026-07-06 08:41:35,  Lat/Lon: 5.22432°/125.24°, Depth: 10
2026/07/06 15:44:10.169142 [Incident:Info:toast@toast-new:Magnitude updated] Magnitude updated: 5.29 (M)
2026/07/06 15:44:10.169197 [Simulation:Info:toast@toast-new:Simulation not generated] Magnitude 5.29 of event bmg2026ncmu is smaller than triggerMinMagnitude: no automatic simulation
2026/07/06 15:44:17.262400 [Incident:Info:toast@toast-new:Origin updated] Origin updated: OT: 2026-07-06 08:41:35,  Lat/Lon: 5.22432°/125.24°, Depth: 10
2026/07/06 15:44:17.262588 [Incident:Info:toast@toast-new:Magnitude updated] Magnitude updated: 5.30 (M)
2026/07/06 15:44:17.262628 [Simulation:Info:toast@toast-new:Simulation not generated] Magnitude 5.30 of event bmg2026ncmu is smaller than triggerMinMagnitude: no automatic simulation
2026/07/06 15:44:20.333308 [Incident:Info:toast@toast-new:Origin updated] Origin updated: OT: 2026-07-06 08:41:35,  Lat/Lon: 5.23493°/125.234°, Depth: 10
2026/07/06 15:44:20.333498 [Incident:Info:toast@toast-new:Magnitude updated] Magnitude updated: 5.31 (M)
2026/07/06 15:44:20.333539 [Simulation:Info:toast@toast-new:Simulation not generated] Magnitude 5.31 of event bmg2026ncmu is smaller than triggerMinMagnitude: no automatic simulation
2026/07/06 15:44:22.203345 [Incident:Info:toast@toast-new:Origin updated] Origin updated: OT: 2026-07-06 08:41:35,  Lat/Lon: 5.23493°/125.234°, Depth: 10
2026/07/06 15:44:22.203529 [Incident:Info:toast@toast-new:Magnitude updated] Magnitude updated: 5.31 (M)
2026/07/06 15:44:22.203572 [Simulation:Info:toast@toast-new:Simulation not generated] Magnitude 5.31 of event bmg2026ncmu is smaller than triggerMinMagnitude: no automatic simulation
2026/07/06 15:44:27.258917 [Incident:Info:toast@toast-new:Origin updated] Origin updated: OT: 2026-07-06 08:41:35,  Lat/Lon: 5.23493°/125.234°, Depth: 10
2026/07/06 15:44:27.259085 [Incident:Info:toast@toast-new:Magnitude updated] Magnitude updated: 5.31 (M)
2026/07/06 15:44:27.259123 [Simulation:Info:toast@toast-new:Simulation not generated] Magnitude 5.31 of event bmg2026ncmu is smaller than triggerMinMagnitude: no automatic simulation
2026/07/06 15:44:31.562206 [Incident:Info:toast@toast-new:Origin updated] Origin updated: OT: 2026-07-06 08:41:35,  Lat/Lon: 5.23493°/125.234°, Depth: 10
2026/07/06 15:44:31.562380 [Incident:Info:toast@toast-new:Magnitude updated] Magnitude updated: 5.32 (M)
2026/07/06 15:44:31.562412 [Simulation:Info:toast@toast-new:Simulation not generated] Magnitude 5.32 of event bmg2026ncmu is smaller than triggerMinMagnitude: no automatic simulation
2026/07/06 15:44:31.592442 [Incident:Info:toast@toast-new:Origin updated] Origin updated: OT: 2026-07-06 08:41:36,  Lat/Lon: 5.17217°/125.249°, Depth: 10
2026/07/06 15:44:31.592633 [Incident:Info:toast@toast-new:Magnitude updated] Magnitude updated: 5.27 (M)
2026/07/06 15:44:31.592681 [Simulation:Info:toast@toast-new:Simulation not generated] Magnitude 5.27 of event bmg2026ncmu is smaller than triggerMinMagnitude: no automatic simulation
2026/07/06 15:44:31.894140 [Incident:Info:toast@toast-new:Origin updated] Origin updated: OT: 2026-07-06 08:41:36,  Lat/Lon: 5.01846°/125.228°, Depth: 10
2026/07/06 15:44:31.894360 [Incident:Info:toast@toast-new:Magnitude updated] Magnitude updated: 5.16 (M)
2026/07/06 15:44:31.894425 [Simulation:Info:toast@toast-new:Simulation not generated] Magnitude 5.16 of event bmg2026ncmu is smaller than triggerMinMagnitude: no automatic simulation
2026/07/06 15:44:32.243103 [Incident:Info:toast@toast-new:Origin updated] Origin updated: OT: 2026-07-06 08:41:36,  Lat/Lon: 5.01846°/125.228°, Depth: 10
2026/07/06 15:44:32.243299 [Incident:Info:toast@toast-new:Magnitude updated] Magnitude updated: 5.16 (M)
2026/07/06 15:44:32.243347 [Simulation:Info:toast@toast-new:Simulation not generated] Magnitude 5.16 of event bmg2026ncmu is smaller than triggerMinMagnitude: no automatic simulation
2026/07/06 15:44:37.308161 [Incident:Info:toast@toast-new:Origin updated] Origin updated: OT: 2026-07-06 08:41:36,  Lat/Lon: 5.01846°/125.228°, Depth: 10
2026/07/06 15:44:37.308346 [Incident:Info:toast@toast-new:Magnitude updated] Magnitude updated: 5.21 (M)
2026/07/06 15:44:37.308390 [Simulation:Info:toast@toast-new:Simulation not generated] Magnitude 5.21 of event bmg2026ncmu is smaller than triggerMinMagnitude: no automatic simulation
2026/07/06 15:44:42.276679 [Incident:Info:toast@toast-new:Origin updated] Origin updated: OT: 2026-07-06 08:41:36,  Lat/Lon: 5.01846°/125.228°, Depth: 10
2026/07/06 15:44:42.276841 [Incident:Info:toast@toast-new:Magnitude updated] Magnitude updated: 5.21 (M)
2026/07/06 15:44:42.276876 [Simulation:Info:toast@toast-new:Simulation not generated] Magnitude 5.21 of event bmg2026ncmu is smaller than triggerMinMagnitude: no automatic simulation
2026/07/06 15:44:46.582298 [Incident:Info:toast@toast-new:Origin updated] Origin updated: OT: 2026-07-06 08:41:36,  Lat/Lon: 5.01846°/125.228°, Depth: 10
2026/07/06 15:44:46.582466 [Incident:Info:toast@toast-new:Magnitude updated] Magnitude updated: 5.21 (M)
2026/07/06 15:44:46.582508 [Simulation:Info:toast@toast-new:Simulation not generated] Magnitude 5.21 of event bmg2026ncmu is smaller than triggerMinMagnitude: no automatic simulation
2026/07/06 15:44:47.356030 [Incident:Info:toast@toast-new:Origin updated] Origin updated: OT: 2026-07-06 08:41:37,  Lat/Lon: 5.05395°/125.246°, Depth: 10
2026/07/06 15:44:47.356289 [Incident:Info:toast@toast-new:Magnitude updated] Magnitude updated: 5.25 (MLv)
2026/07/06 15:44:47.356343 [Simulation:Info:toast@toast-new:Simulation not generated] Magnitude 5.25 of event bmg2026ncmu is smaller than triggerMinMagnitude: no automatic simulation
2026/07/06 15:44:47.378399 [Incident:Info:toast@toast-new:Origin updated] Origin updated: OT: 2026-07-06 08:41:37,  Lat/Lon: 5.05395°/125.246°, Depth: 10
2026/07/06 15:44:47.378533 [Incident:Info:toast@toast-new:Magnitude updated] Magnitude updated: 5.31 (M)
2026/07/06 15:44:47.378565 [Simulation:Info:toast@toast-new:Simulation not generated] Magnitude 5.31 of event bmg2026ncmu is smaller than triggerMinMagnitude: no automatic simulation
2026/07/06 15:44:57.228360 [Incident:Info:toast@toast-new:Origin updated] Origin updated: OT: 2026-07-06 08:41:37,  Lat/Lon: 5.05395°/125.246°, Depth: 10
2026/07/06 15:44:57.228585 [Incident:Info:toast@toast-new:Magnitude updated] Magnitude updated: 5.31 (M)
2026/07/06 15:44:57.228663 [Simulation:Info:toast@toast-new:Simulation not generated] Magnitude 5.31 of event bmg2026ncmu is smaller than triggerMinMagnitude: no automatic simulation
2026/07/06 15:45:02.032020 [Incident:Info:toast@toast-new:Origin updated] Origin updated: OT: 2026-07-06 08:41:37,  Lat/Lon: 5.06127°/125.247°, Depth: 10
2026/07/06 15:45:02.032243 [Incident:Info:toast@toast-new:Magnitude updated] Magnitude updated: 5.23 (mb)
2026/07/06 15:45:02.032308 [Simulation:Info:toast@toast-new:Simulation not generated] Magnitude 5.23 of event bmg2026ncmu is smaller than triggerMinMagnitude: no automatic simulation
2026/07/06 15:45:02.139818 [Incident:Info:toast@toast-new:Origin updated] Origin updated: OT: 2026-07-06 08:41:37,  Lat/Lon: 5.06127°/125.247°, Depth: 10
2026/07/06 15:45:02.140014 [Incident:Info:toast@toast-new:Magnitude updated] Magnitude updated: 5.31 (M)
2026/07/06 15:45:02.140092 [Simulation:Info:toast@toast-new:Simulation not generated] Magnitude 5.31 of event bmg2026ncmu is smaller than triggerMinMagnitude: no automatic simulation
2026/07/06 15:45:06.610467 [Incident:Info:toast@toast-new:Origin updated] Origin updated: OT: 2026-07-06 08:41:37,  Lat/Lon: 5.06127°/125.247°, Depth: 10
2026/07/06 15:45:06.610656 [Incident:Info:toast@toast-new:Magnitude updated] Magnitude updated: 5.32 (M)
2026/07/06 15:45:06.610696 [Simulation:Info:toast@toast-new:Simulation not generated] Magnitude 5.32 of event bmg2026ncmu is smaller than triggerMinMagnitude: no automatic simulation
2026/07/06 15:45:12.191292 [Incident:Info:toast@toast-new:Origin updated] Origin updated: OT: 2026-07-06 08:41:37,  Lat/Lon: 5.06127°/125.247°, Depth: 10
2026/07/06 15:45:12.191506 [Incident:Info:toast@toast-new:Magnitude updated] Magnitude updated: 5.29 (M)
2026/07/06 15:45:12.191556 [Simulation:Info:toast@toast-new:Simulation not generated] Magnitude 5.29 of event bmg2026ncmu is smaller than triggerMinMagnitude: no automatic simulation
2026/07/06 15:45:17.364670 [Incident:Info:toast@toast-new:Origin updated] Origin updated: OT: 2026-07-06 08:41:37,  Lat/Lon: 5.06127°/125.247°, Depth: 10
2026/07/06 15:45:17.364872 [Incident:Info:toast@toast-new:Magnitude updated] Magnitude updated: 5.29 (M)
2026/07/06 15:45:17.364920 [Simulation:Info:toast@toast-new:Simulation not generated] Magnitude 5.29 of event bmg2026ncmu is smaller than triggerMinMagnitude: no automatic simulation
2026/07/06 15:45:22.183286 [Incident:Info:toast@toast-new:Origin updated] Origin updated: OT: 2026-07-06 08:41:37,  Lat/Lon: 5.06127°/125.247°, Depth: 10
2026/07/06 15:45:22.183492 [Incident:Info:toast@toast-new:Magnitude updated] Magnitude updated: 5.29 (M)
2026/07/06 15:45:22.183536 [Simulation:Info:toast@toast-new:Simulation not generated] Magnitude 5.29 of event bmg2026ncmu is smaller than triggerMinMagnitude: no automatic simulation
2026/07/06 15:45:26.667258 [Incident:Info:toast@toast-new:Origin updated] Origin updated: OT: 2026-07-06 08:41:37,  Lat/Lon: 5.06127°/125.247°, Depth: 10
2026/07/06 15:45:26.667439 [Incident:Info:toast@toast-new:Magnitude updated] Magnitude updated: 5.30 (M)
2026/07/06 15:45:26.667482 [Simulation:Info:toast@toast-new:Simulation not generated] Magnitude 5.30 of event bmg2026ncmu is smaller than triggerMinMagnitude: no automatic simulation
2026/07/06 15:45:27.310721 [Incident:Info:toast@toast-new:Origin updated] Origin updated: OT: 2026-07-06 08:41:37,  Lat/Lon: 5.06127°/125.247°, Depth: 10
2026/07/06 15:45:27.310913 [Incident:Info:toast@toast-new:Magnitude updated] Magnitude updated: 5.30 (M)
2026/07/06 15:45:27.310949 [Simulation:Info:toast@toast-new:Simulation not generated] Magnitude 5.30 of event bmg2026ncmu is smaller than triggerMinMagnitude: no automatic simulation
2026/07/06 15:45:32.383141 [Incident:Info:toast@toast-new:Origin updated] Origin updated: OT: 2026-07-06 08:41:37,  Lat/Lon: 5.06127°/125.247°, Depth: 10
2026/07/06 15:45:32.383339 [Incident:Info:toast@toast-new:Magnitude updated] Magnitude updated: 5.31 (M)
2026/07/06 15:45:32.383383 [Simulation:Info:toast@toast-new:Simulation not generated] Magnitude 5.31 of event bmg2026ncmu is smaller than triggerMinMagnitude: no automatic simulation
2026/07/06 15:45:50.297006 [Incident:Info:toast@toast-new:Origin updated] Origin updated: OT: 2026-07-06 08:41:37,  Lat/Lon: 5.06127°/125.247°, Depth: 10
2026/07/06 15:45:50.297184 [Incident:Info:toast@toast-new:Magnitude updated] Magnitude updated: 5.31 (M)
2026/07/06 15:45:50.297216 [Simulation:Info:toast@toast-new:Simulation not generated] Magnitude 5.31 of event bmg2026ncmu is smaller than triggerMinMagnitude: no automatic simulation
2026/07/06 15:45:52.352196 [Incident:Info:toast@toast-new:Origin updated] Origin updated: OT: 2026-07-06 08:41:37,  Lat/Lon: 5.06127°/125.247°, Depth: 10
2026/07/06 15:45:52.352357 [Incident:Info:toast@toast-new:Magnitude updated] Magnitude updated: 5.31 (M)
2026/07/06 15:45:52.352388 [Simulation:Info:toast@toast-new:Simulation not generated] Magnitude 5.31 of event bmg2026ncmu is smaller than triggerMinMagnitude: no automatic simulation
2026/07/06 15:46:05.987601 [Incident:Info:toast@toast-new:Origin updated] Origin updated: OT: 2026-07-06 08:41:37,  Lat/Lon: 5.04916°/125.265°, Depth: 10
2026/07/06 15:46:05.987803 [Incident:Info:toast@toast-new:Magnitude updated] Magnitude updated: 5.24 (mb)
2026/07/06 15:46:05.987864 [Simulation:Info:toast@toast-new:Simulation not generated] Magnitude 5.24 of event bmg2026ncmu is smaller than triggerMinMagnitude: no automatic simulation
2026/07/06 15:46:06.017221 [Incident:Info:toast@toast-new:Origin updated] Origin updated: OT: 2026-07-06 08:41:37,  Lat/Lon: 5.04916°/125.265°, Depth: 10
2026/07/06 15:46:06.017382 [Incident:Info:toast@toast-new:Magnitude updated] Magnitude updated: 5.33 (M)
2026/07/06 15:46:06.017435 [Simulation:Info:toast@toast-new:Simulation not generated] Magnitude 5.33 of event bmg2026ncmu is smaller than triggerMinMagnitude: no automatic simulation
2026/07/06 15:46:30.768815 [Incident:Info:toast@toast-new:Origin updated] Origin updated: OT: 2026-07-06 08:41:37,  Lat/Lon: 5.04916°/125.265°, Depth: 10
2026/07/06 15:46:30.769019 [Incident:Info:toast@toast-new:FM updated] FM updated
2026/07/06 15:46:30.769317 [Simulation:Info:toast@toast-new:Simulation not generated] Magnitude 5.33 of event bmg2026ncmu is smaller than triggerMinMagnitude: no automatic simulation
2026/07/06 15:46:32.210723 [Incident:Info:toast@toast-new:Origin updated] Origin updated: OT: 2026-07-06 08:41:37,  Lat/Lon: 5.04916°/125.265°, Depth: 10
2026/07/06 15:46:32.210868 [Incident:Info:toast@toast-new:Magnitude updated] Magnitude updated: 5.34 (M)
2026/07/06 15:46:32.210898 [Simulation:Info:toast@toast-new:Simulation not generated] Magnitude 5.34 of event bmg2026ncmu is smaller than triggerMinMagnitude: no automatic simulation
2026/07/06 15:46:49.963868 [Incident:Info:toast@toast-new:Origin updated] Origin updated: OT: 2026-07-06 08:41:38,  Lat/Lon: 5.02599°/125.296°, Depth: 10
2026/07/06 15:46:49.964127 [Incident:Info:toast@toast-new:Magnitude updated] Magnitude updated: 5.33 (mb)
2026/07/06 15:46:49.964186 [Simulation:Info:toast@toast-new:Simulation not generated] Magnitude 5.33 of event bmg2026ncmu is smaller than triggerMinMagnitude: no automatic simulation
2026/07/06 15:46:50.047493 [Incident:Info:toast@toast-new:Origin updated] Origin updated: OT: 2026-07-06 08:41:38,  Lat/Lon: 5.02599°/125.296°, Depth: 10
2026/07/06 15:46:50.047603 [Incident:Info:toast@toast-new:Magnitude updated] Magnitude updated: 5.40 (M)
2026/07/06 15:46:50.047634 [Simulation:Info:toast@toast-new:Simulation not generated] Magnitude 5.40 of event bmg2026ncmu is smaller than triggerMinMagnitude: no automatic simulation
2026/07/06 15:47:05.436074 [Incident:Info:toast@toast-new:Origin updated] Origin updated: OT: 2026-07-06 08:41:38,  Lat/Lon: 5.02599°/125.296°, Depth: 10
2026/07/06 15:47:05.436267 [Incident:Info:toast@toast-new:FM updated] FM updated
2026/07/06 15:47:05.436587 [Simulation:Info:toast@toast-new:Simulation not generated] Magnitude 5.40 of event bmg2026ncmu is smaller than triggerMinMagnitude: no automatic simulation
2026/07/06 15:47:20.114126 [Incident:Info:toast@toast-new:Origin updated] Origin updated: OT: 2026-07-06 08:41:38,  Lat/Lon: 5.01813°/125.34°, Depth: 10
2026/07/06 15:47:20.114384 [Incident:Info:toast@toast-new:Magnitude updated] Magnitude updated: 5.42 (M)
2026/07/06 15:47:20.114427 [Simulation:Info:toast@toast-new:Simulation not generated] Magnitude 5.42 of event bmg2026ncmu is smaller than triggerMinMagnitude: no automatic simulation
2026/07/06 15:47:22.771553 [Incident:Info:toast@toast-new:Origin updated] Origin updated: OT: 2026-07-06 08:41:38,  Lat/Lon: 5.01813°/125.34°, Depth: 10
2026/07/06 15:47:22.771737 [Simulation:Info:toast@toast-new:Simulation not generated] Magnitude 5.42 of event bmg2026ncmu is smaller than triggerMinMagnitude: no automatic simulation
2026/07/06 15:47:56.012834 [Incident:Info:toast@toast-new:Origin updated] Origin updated: OT: 2026-07-06 08:41:38,  Lat/Lon: 5.01813°/125.34°, Depth: 10
2026/07/06 15:47:56.013027 [Incident:Info:toast@toast-new:FM updated] FM updated
2026/07/06 15:47:56.013284 [Simulation:Info:toast@toast-new:Simulation not generated] Magnitude 5.42 of event bmg2026ncmu is smaller than triggerMinMagnitude: no automatic simulation
2026/07/06 15:49:05.152282 [Incident:Info:toast@toast-new:Origin updated] Origin updated: OT: 2026-07-06 08:41:38,  Lat/Lon: 5.01903°/125.365°, Depth: 10
2026/07/06 15:49:05.152484 [Incident:Info:toast@toast-new:Magnitude updated] Magnitude updated: 5.36 (mb)
2026/07/06 15:49:05.152531 [Simulation:Info:toast@toast-new:Simulation not generated] Magnitude 5.36 of event bmg2026ncmu is smaller than triggerMinMagnitude: no automatic simulation
2026/07/06 15:49:05.217660 [Incident:Info:toast@toast-new:Origin updated] Origin updated: OT: 2026-07-06 08:41:38,  Lat/Lon: 5.01903°/125.365°, Depth: 10
2026/07/06 15:49:05.217775 [Incident:Info:toast@toast-new:Magnitude updated] Magnitude updated: 5.48 (M)
2026/07/06 15:49:05.217806 [Simulation:Info:toast@toast-new:Simulation not generated] Magnitude 5.48 of event bmg2026ncmu is smaller than triggerMinMagnitude: no automatic simulation
2026/07/06 15:49:50.667405 [Incident:Info:toast@toast-new:Origin updated] Origin updated: OT: 2026-07-06 08:41:38,  Lat/Lon: 5.06834°/125.364°, Depth: 10
2026/07/06 15:49:50.667618 [Incident:Info:toast@toast-new:Magnitude updated] Magnitude updated: 5.35 (mb)
2026/07/06 15:49:50.667685 [Simulation:Info:toast@toast-new:Simulation not generated] Magnitude 5.35 of event bmg2026ncmu is smaller than triggerMinMagnitude: no automatic simulation
2026/07/06 15:49:50.736811 [Incident:Info:toast@toast-new:Origin updated] Origin updated: OT: 2026-07-06 08:41:38,  Lat/Lon: 5.06834°/125.364°, Depth: 10
2026/07/06 15:49:50.736916 [Incident:Info:toast@toast-new:Magnitude updated] Magnitude updated: 5.52 (M)
2026/07/06 15:49:50.736948 [Simulation:Info:toast@toast-new:Simulation not generated] Magnitude 5.52 of event bmg2026ncmu is smaller than triggerMinMagnitude: no automatic simulation
2026/07/06 15:49:56.078615 [Incident:Info:toast@toast-new:Origin updated] Origin updated: OT: 2026-07-06 08:41:38,  Lat/Lon: 5.06834°/125.364°, Depth: 10
2026/07/06 15:49:56.078798 [Incident:Info:toast@toast-new:Magnitude updated] Magnitude updated: 5.28 (Mw)
2026/07/06 15:49:56.078850 [Simulation:Info:toast@toast-new:Simulation not generated] Magnitude 5.28 of event bmg2026ncmu is smaller than triggerMinMagnitude: no automatic simulation
2026/07/06 15:50:34.292186 [Incident:Info:toast@toast-new:Origin updated] Origin updated: OT: 2026-07-06 08:41:38,  Lat/Lon: 5.06834°/125.364°, Depth: 10
2026/07/06 15:50:34.292395 [Incident:Info:toast@toast-new:Magnitude updated] Magnitude updated: 5.29 (Mw)
2026/07/06 15:50:34.292441 [Incident:Info:toast@toast-new:FM updated] FM updated
2026/07/06 15:50:34.292719 [Simulation:Info:toast@toast-new:Simulation not generated] Magnitude 5.29 of event bmg2026ncmu is smaller than triggerMinMagnitude: no automatic simulation
2026/07/06 15:51:12.361188 [Incident:Info:toast@toast-new:Origin updated] Origin updated: OT: 2026-07-06 08:41:38,  Lat/Lon: 5.06834°/125.364°, Depth: 10
2026/07/06 15:51:12.361343 [Incident:Info:toast@toast-new:Magnitude updated] Magnitude updated: 5.20 (Mw)
2026/07/06 15:51:12.361400 [Incident:Info:toast@toast-new:FM updated] FM updated
2026/07/06 15:51:12.361578 [Simulation:Info:toast@toast-new:Simulation not generated] Magnitude 5.20 of event bmg2026ncmu is smaller than triggerMinMagnitude: no automatic simulation
