2026/08/17 17:47:17.812362 [Incident:Info:toast@toast-new:Displacement(s) updated] Added 0 and changed 0 displacements with 0 amplitudes
2026/08/17 17:47:17.813027 [Incident:Info:toast@toast-new:Incident created] Incident created based on event received from messaging: OT: 2026-08-17 10:44:57,  Lat/Lon: -8.23°/120.50°, Depth: 10.00, Mag: 5.37 (M)
2026/08/17 17:47:17.813685 [Simulation:Info:toast@toast-new:Simulation not generated] Magnitude 5.37 of event bmg2026qbka is smaller than triggerMinMagnitude: no automatic simulation
2026/08/17 17:47:17.835303 [Incident:Info:toast@toast-new:Origin updated] Origin updated: OT: 2026-08-17 10:44:57,  Lat/Lon: -8.22563°/120.504°, Depth: 10
2026/08/17 17:47:17.835451 [Simulation:Info:toast@toast-new:Simulation not generated] Magnitude 5.37 of event bmg2026qbka is smaller than triggerMinMagnitude: no automatic simulation
2026/08/17 17:47:19.748638 [Incident:Info:toast@toast-new:Origin updated] Origin updated: OT: 2026-08-17 10:44:57,  Lat/Lon: -8.22563°/120.504°, Depth: 10
2026/08/17 17:47:19.748787 [Incident:Info:toast@toast-new:Magnitude updated] Magnitude updated: 5.37 (M)
2026/08/17 17:47:19.748820 [Simulation:Info:toast@toast-new:Simulation not generated] Magnitude 5.37 of event bmg2026qbka is smaller than triggerMinMagnitude: no automatic simulation
2026/08/17 17:47:24.840920 [Incident:Info:toast@toast-new:Origin updated] Origin updated: OT: 2026-08-17 10:44:57,  Lat/Lon: -8.22563°/120.504°, Depth: 10
2026/08/17 17:47:24.841181 [Incident:Info:toast@toast-new:Magnitude updated] Magnitude updated: 5.37 (M)
2026/08/17 17:47:24.841268 [Simulation:Info:toast@toast-new:Simulation not generated] Magnitude 5.37 of event bmg2026qbka is smaller than triggerMinMagnitude: no automatic simulation
2026/08/17 17:47:29.828784 [Incident:Info:toast@toast-new:Origin updated] Origin updated: OT: 2026-08-17 10:44:57,  Lat/Lon: -8.22563°/120.504°, Depth: 10
2026/08/17 17:47:29.828915 [Incident:Info:toast@toast-new:Magnitude updated] Magnitude updated: 5.37 (M)
2026/08/17 17:47:29.828944 [Simulation:Info:toast@toast-new:Simulation not generated] Magnitude 5.37 of event bmg2026qbka is smaller than triggerMinMagnitude: no automatic simulation
2026/08/17 17:47:34.826402 [Incident:Info:toast@toast-new:Origin updated] Origin updated: OT: 2026-08-17 10:44:57,  Lat/Lon: -8.22563°/120.504°, Depth: 10
2026/08/17 17:47:34.826572 [Incident:Info:toast@toast-new:Magnitude updated] Magnitude updated: 5.37 (M)
2026/08/17 17:47:34.826615 [Simulation:Info:toast@toast-new:Simulation not generated] Magnitude 5.37 of event bmg2026qbka is smaller than triggerMinMagnitude: no automatic simulation
2026/08/17 17:47:39.826004 [Incident:Info:toast@toast-new:Origin updated] Origin updated: OT: 2026-08-17 10:44:57,  Lat/Lon: -8.22563°/120.504°, Depth: 10
2026/08/17 17:47:39.826140 [Incident:Info:toast@toast-new:Magnitude updated] Magnitude updated: 5.38 (M)
2026/08/17 17:47:39.826173 [Simulation:Info:toast@toast-new:Simulation not generated] Magnitude 5.38 of event bmg2026qbka is smaller than triggerMinMagnitude: no automatic simulation
2026/08/17 17:47:44.928456 [Incident:Info:toast@toast-new:Origin updated] Origin updated: OT: 2026-08-17 10:44:57,  Lat/Lon: -8.22563°/120.504°, Depth: 10
2026/08/17 17:47:44.930223 [Incident:Info:toast@toast-new:Magnitude updated] Magnitude updated: 5.38 (M)
2026/08/17 17:47:44.930266 [Simulation:Info:toast@toast-new:Simulation not generated] Magnitude 5.38 of event bmg2026qbka is smaller than triggerMinMagnitude: no automatic simulation
2026/08/17 17:47:49.751422 [Incident:Info:toast@toast-new:Origin updated] Origin updated: OT: 2026-08-17 10:44:50,  Lat/Lon: -7.87938°/120.543°, Depth: 10
2026/08/17 17:47:49.751588 [Incident:Info:toast@toast-new:Magnitude updated] Magnitude updated: 5.33 (MLv)
2026/08/17 17:47:49.751632 [Simulation:Info:toast@toast-new:Simulation not generated] Magnitude 5.33 of event bmg2026qbka is smaller than triggerMinMagnitude: no automatic simulation
2026/08/17 17:47:49.770901 [Incident:Info:toast@toast-new:Origin updated] Origin updated: OT: 2026-08-17 10:44:50,  Lat/Lon: -7.87938°/120.543°, Depth: 10
2026/08/17 17:47:49.771019 [Incident:Info:toast@toast-new:Magnitude updated] Magnitude updated: 5.50 (M)
2026/08/17 17:47:49.771063 [Simulation:Info:toast@toast-new:Simulation not generated] Magnitude 5.50 of event bmg2026qbka is smaller than triggerMinMagnitude: no automatic simulation
2026/08/17 17:53:31.560089 [Incident:Info:toast@toast-new:Origin updated] Origin updated: OT: 2026-08-17 10:44:53,  Lat/Lon: -8.10171°/120.575°, Depth: 17.8821
2026/08/17 17:53:31.560269 [Incident:Info:toast@toast-new:Magnitude updated] Magnitude updated: 5.31 (MLv)
2026/08/17 17:53:31.560308 [Simulation:Info:toast@toast-new:Simulation not generated] Magnitude 5.31 of event bmg2026qbka is smaller than triggerMinMagnitude: no automatic simulation
2026/08/17 17:53:31.580243 [Incident:Info:toast@toast-new:Origin updated] Origin updated: OT: 2026-08-17 10:44:53,  Lat/Lon: -8.10171°/120.575°, Depth: 17.8821
2026/08/17 17:53:31.580346 [Incident:Info:toast@toast-new:Magnitude updated] Magnitude updated: 5.41 (M)
2026/08/17 17:53:31.580385 [Simulation:Info:toast@toast-new:Simulation not generated] Magnitude 5.41 of event bmg2026qbka is smaller than triggerMinMagnitude: no automatic simulation
2026/08/17 17:54:56.352970 [Incident:Info:toast@toast-new:Origin updated] Origin updated: OT: 2026-08-17 10:44:53,  Lat/Lon: -8.10171°/120.575°, Depth: 17.8821
2026/08/17 17:54:56.353179 [Incident:Info:toast@toast-new:FM updated] FM updated
2026/08/17 17:54:56.353608 [Simulation:Info:toast@toast-new:Simulation not generated] Magnitude 5.41 of event bmg2026qbka is smaller than triggerMinMagnitude: no automatic simulation
2026/08/17 17:55:01.162703 [Incident:Info:toast@toast-new:Origin updated] Origin updated: OT: 2026-08-17 10:44:53,  Lat/Lon: -8.10171°/120.575°, Depth: 17.8821
2026/08/17 17:55:01.162862 [Simulation:Info:toast@toast-new:Simulation not generated] Magnitude 5.41 of event bmg2026qbka is smaller than triggerMinMagnitude: no automatic simulation
2026/08/17 17:55:02.753303 [Incident:Info:toast@toast-new:Origin updated] Origin updated: OT: 2026-08-17 10:44:53,  Lat/Lon: -8.10171°/120.575°, Depth: 17.8821
2026/08/17 17:55:02.753470 [Incident:Info:toast@toast-new:FM updated] FM updated
2026/08/17 17:55:02.753754 [Simulation:Info:toast@toast-new:Simulation not generated] Magnitude 5.41 of event bmg2026qbka is smaller than triggerMinMagnitude: no automatic simulation
2026/08/17 17:55:06.554299 [Incident:Info:toast@toast-new:Origin updated] Origin updated: OT: 2026-08-17 10:44:53,  Lat/Lon: -8.10171°/120.575°, Depth: 17.8821
2026/08/17 17:55:06.554411 [Simulation:Info:toast@toast-new:Simulation not generated] Magnitude 5.41 of event bmg2026qbka is smaller than triggerMinMagnitude: no automatic simulation
2026/08/17 17:55:16.963960 [Incident:Info:toast@toast-new:Origin updated] Origin updated: OT: 2026-08-17 10:44:53,  Lat/Lon: -8.10171°/120.575°, Depth: 17.8821
2026/08/17 17:55:16.964110 [Simulation:Info:toast@toast-new:Simulation not generated] Magnitude 5.41 of event bmg2026qbka is smaller than triggerMinMagnitude: no automatic simulation
2026/08/17 17:55:26.698022 [Incident:Info:toast@toast-new:Origin updated] Origin updated: OT: 2026-08-17 10:44:53,  Lat/Lon: -8.10171°/120.575°, Depth: 17.8821
2026/08/17 17:55:26.698179 [Simulation:Info:toast@toast-new:Simulation not generated] Magnitude 5.41 of event bmg2026qbka is smaller than triggerMinMagnitude: no automatic simulation
2026/08/17 17:55:36.838199 [Incident:Info:toast@toast-new:Origin updated] Origin updated: OT: 2026-08-17 10:44:53,  Lat/Lon: -8.10171°/120.575°, Depth: 17.8821
2026/08/17 17:55:36.838365 [Simulation:Info:toast@toast-new:Simulation not generated] Magnitude 5.41 of event bmg2026qbka is smaller than triggerMinMagnitude: no automatic simulation
2026/08/17 17:55:46.063963 [Incident:Info:toast@toast-new:Origin updated] Origin updated: OT: 2026-08-17 10:44:53,  Lat/Lon: -8.10171°/120.575°, Depth: 17.8821
2026/08/17 17:55:46.064127 [Simulation:Info:toast@toast-new:Simulation not generated] Magnitude 5.41 of event bmg2026qbka is smaller than triggerMinMagnitude: no automatic simulation
2026/08/17 17:55:56.454614 [Incident:Info:toast@toast-new:Origin updated] Origin updated: OT: 2026-08-17 10:44:53,  Lat/Lon: -8.10171°/120.575°, Depth: 17.8821
2026/08/17 17:55:56.454779 [Simulation:Info:toast@toast-new:Simulation not generated] Magnitude 5.41 of event bmg2026qbka is smaller than triggerMinMagnitude: no automatic simulation
2026/08/17 17:56:06.420578 [Incident:Info:toast@toast-new:Origin updated] Origin updated: OT: 2026-08-17 10:44:53,  Lat/Lon: -8.10171°/120.575°, Depth: 17.8821
2026/08/17 17:56:06.420721 [Simulation:Info:toast@toast-new:Simulation not generated] Magnitude 5.41 of event bmg2026qbka is smaller than triggerMinMagnitude: no automatic simulation
2026/08/17 17:56:16.535845 [Incident:Info:toast@toast-new:Origin updated] Origin updated: OT: 2026-08-17 10:44:53,  Lat/Lon: -8.10171°/120.575°, Depth: 17.8821
2026/08/17 17:56:16.535992 [Simulation:Info:toast@toast-new:Simulation not generated] Magnitude 5.41 of event bmg2026qbka is smaller than triggerMinMagnitude: no automatic simulation
2026/08/17 17:56:26.980258 [Incident:Info:toast@toast-new:Origin updated] Origin updated: OT: 2026-08-17 10:44:53,  Lat/Lon: -8.10171°/120.575°, Depth: 17.8821
2026/08/17 17:56:26.980414 [Simulation:Info:toast@toast-new:Simulation not generated] Magnitude 5.41 of event bmg2026qbka is smaller than triggerMinMagnitude: no automatic simulation
2026/08/17 17:56:36.649876 [Incident:Info:toast@toast-new:Origin updated] Origin updated: OT: 2026-08-17 10:44:53,  Lat/Lon: -8.10171°/120.575°, Depth: 17.8821
2026/08/17 17:56:36.650047 [Simulation:Info:toast@toast-new:Simulation not generated] Magnitude 5.41 of event bmg2026qbka is smaller than triggerMinMagnitude: no automatic simulation
2026/08/17 17:56:47.509648 [Incident:Info:toast@toast-new:Origin updated] Origin updated: OT: 2026-08-17 10:44:53,  Lat/Lon: -8.10171°/120.575°, Depth: 17.8821
2026/08/17 17:56:47.509801 [Simulation:Info:toast@toast-new:Simulation not generated] Magnitude 5.41 of event bmg2026qbka is smaller than triggerMinMagnitude: no automatic simulation
2026/08/17 17:56:56.516845 [Incident:Info:toast@toast-new:Origin updated] Origin updated: OT: 2026-08-17 10:44:53,  Lat/Lon: -8.10171°/120.575°, Depth: 17.8821
2026/08/17 17:56:56.517025 [Simulation:Info:toast@toast-new:Simulation not generated] Magnitude 5.41 of event bmg2026qbka is smaller than triggerMinMagnitude: no automatic simulation
2026/08/17 17:57:06.643241 [Incident:Info:toast@toast-new:Origin updated] Origin updated: OT: 2026-08-17 10:44:53,  Lat/Lon: -8.10171°/120.575°, Depth: 17.8821
2026/08/17 17:57:06.643387 [Simulation:Info:toast@toast-new:Simulation not generated] Magnitude 5.41 of event bmg2026qbka is smaller than triggerMinMagnitude: no automatic simulation
2026/08/17 17:57:14.909123 [Incident:Info:toast@toast-new:Origin updated] Origin updated: OT: 2026-08-17 10:44:53,  Lat/Lon: -8.10146°/120.585°, Depth: 21.4207
2026/08/17 17:57:14.909287 [Incident:Info:toast@toast-new:Magnitude updated] Magnitude updated: 5.31 (MLv)
2026/08/17 17:57:14.909328 [Simulation:Info:toast@toast-new:Simulation not generated] Magnitude 5.31 of event bmg2026qbka is smaller than triggerMinMagnitude: no automatic simulation
2026/08/17 17:57:14.925972 [Incident:Info:toast@toast-new:Origin updated] Origin updated: OT: 2026-08-17 10:44:53,  Lat/Lon: -8.10146°/120.585°, Depth: 21.4207
2026/08/17 17:57:14.926062 [Incident:Info:toast@toast-new:Magnitude updated] Magnitude updated: 5.41 (M)
2026/08/17 17:57:14.926101 [Simulation:Info:toast@toast-new:Simulation not generated] Magnitude 5.41 of event bmg2026qbka is smaller than triggerMinMagnitude: no automatic simulation
2026/08/17 17:57:27.415631 [Incident:Info:toast@toast-new:Origin updated] Origin updated: OT: 2026-08-17 10:44:53,  Lat/Lon: -8.10146°/120.585°, Depth: 21.4207
2026/08/17 17:57:27.415782 [Incident:Info:toast@toast-new:FM updated] FM updated
2026/08/17 17:57:27.416023 [Simulation:Info:toast@toast-new:Simulation not generated] Magnitude 5.41 of event bmg2026qbka is smaller than triggerMinMagnitude: no automatic simulation
2026/08/17 17:57:33.512654 [Incident:Info:toast@toast-new:Origin updated] Origin updated: OT: 2026-08-17 10:44:53,  Lat/Lon: -8.10146°/120.585°, Depth: 21.4207
2026/08/17 17:57:33.512828 [Incident:Info:toast@toast-new:Magnitude updated] Magnitude updated: 5.27 (Mw(mB))
2026/08/17 17:57:33.512901 [Simulation:Info:toast@toast-new:Simulation not generated] Magnitude 5.27 of event bmg2026qbka is smaller than triggerMinMagnitude: no automatic simulation
2026/08/17 17:57:37.443543 [Incident:Info:toast@toast-new:Origin updated] Origin updated: OT: 2026-08-17 10:44:53,  Lat/Lon: -8.10146°/120.585°, Depth: 21.4207
2026/08/17 17:57:37.443689 [Simulation:Info:toast@toast-new:Simulation not generated] Magnitude 5.27 of event bmg2026qbka is smaller than triggerMinMagnitude: no automatic simulation
2026/08/17 17:57:40.254173 [Incident:Info:toast@toast-new:Origin updated] Origin updated: OT: 2026-08-17 10:44:53,  Lat/Lon: -8.10146°/120.585°, Depth: 21.4207
2026/08/17 17:57:40.254343 [Simulation:Info:toast@toast-new:Simulation not generated] Magnitude 5.27 of event bmg2026qbka is smaller than triggerMinMagnitude: no automatic simulation
2026/08/17 17:57:47.380500 [Incident:Info:toast@toast-new:Origin updated] Origin updated: OT: 2026-08-17 10:44:53,  Lat/Lon: -8.10146°/120.585°, Depth: 21.4207
2026/08/17 17:57:47.380659 [Simulation:Info:toast@toast-new:Simulation not generated] Magnitude 5.27 of event bmg2026qbka is smaller than triggerMinMagnitude: no automatic simulation
2026/08/17 17:57:57.301827 [Incident:Info:toast@toast-new:Origin updated] Origin updated: OT: 2026-08-17 10:44:53,  Lat/Lon: -8.10146°/120.585°, Depth: 21.4207
2026/08/17 17:57:57.301995 [Simulation:Info:toast@toast-new:Simulation not generated] Magnitude 5.27 of event bmg2026qbka is smaller than triggerMinMagnitude: no automatic simulation
2026/08/17 17:58:06.760713 [Incident:Info:toast@toast-new:Origin updated] Origin updated: OT: 2026-08-17 10:44:53,  Lat/Lon: -8.10146°/120.585°, Depth: 21.4207
2026/08/17 17:58:06.760852 [Simulation:Info:toast@toast-new:Simulation not generated] Magnitude 5.27 of event bmg2026qbka is smaller than triggerMinMagnitude: no automatic simulation
2026/08/17 17:58:17.074494 [Incident:Info:toast@toast-new:Origin updated] Origin updated: OT: 2026-08-17 10:44:53,  Lat/Lon: -8.10146°/120.585°, Depth: 21.4207
2026/08/17 17:58:17.074638 [Simulation:Info:toast@toast-new:Simulation not generated] Magnitude 5.27 of event bmg2026qbka is smaller than triggerMinMagnitude: no automatic simulation
2026/08/17 19:44:58.438040 [Incident:Info:toast@toast-new:Origin updated] Origin updated: OT: 2026-08-17 10:44:53,  Lat/Lon: -8.10146°/120.585°, Depth: 21.4207
2026/08/17 19:44:58.438193 [Simulation:Info:toast@toast-new:Simulation not generated] Magnitude 5.27 of event bmg2026qbka is smaller than triggerMinMagnitude: no automatic simulation
2026/08/17 22:42:59.002557 [Incident:Info:toast@toast-new:Origin updated] Origin updated: OT: 2026-08-17 10:44:53,  Lat/Lon: -8.10146°/120.585°, Depth: 21.4207
2026/08/17 22:42:59.002714 [Incident:Info:toast@toast-new:FM updated] FM updated
2026/08/17 22:42:59.002993 [Simulation:Info:toast@toast-new:Simulation not generated] Magnitude 5.27 of event bmg2026qbka is smaller than triggerMinMagnitude: no automatic simulation
