2026/08/15 17:56:27.274059 [Incident:Info:toast@toast-new:Displacement(s) updated] Added 0 and changed 0 displacements with 0 amplitudes
2026/08/15 17:56:27.275729 [Incident:Info:toast@toast-new:Incident created] Incident created based on event received from messaging: OT: 2026-08-15 10:54:52,  Lat/Lon: 2.98°/98.95°, Depth: 159.12, Mag: 6.22 (M)
2026/08/15 17:56:27.276205 [Simulation:Info:toast@toast-new:Simulation not generated] Magnitude 6.22 of event bmg2026pxth is smaller than triggerMinMagnitude: no automatic simulation
2026/08/15 17:56:27.293025 [Incident:Info:toast@toast-new:Origin updated] Origin updated: OT: 2026-08-15 10:54:52,  Lat/Lon: 2.97502°/98.9482°, Depth: 159.117
2026/08/15 17:56:27.293161 [Simulation:Info:toast@toast-new:Simulation not generated] Magnitude 6.22 of event bmg2026pxth is smaller than triggerMinMagnitude: no automatic simulation
2026/08/15 17:56:29.601484 [Incident:Info:toast@toast-new:Origin updated] Origin updated: OT: 2026-08-15 10:54:52,  Lat/Lon: 2.97502°/98.9482°, Depth: 159.117
2026/08/15 17:56:29.601673 [Incident:Info:toast@toast-new:Magnitude updated] Magnitude updated: 6.26 (M)
2026/08/15 17:56:29.601718 [Simulation:Info:toast@toast-new:Simulation not generated] Magnitude 6.26 of event bmg2026pxth is smaller than triggerMinMagnitude: no automatic simulation
2026/08/15 17:56:34.614860 [Incident:Info:toast@toast-new:Origin updated] Origin updated: OT: 2026-08-15 10:54:52,  Lat/Lon: 2.97502°/98.9482°, Depth: 159.117
2026/08/15 17:56:34.615051 [Incident:Info:toast@toast-new:Magnitude updated] Magnitude updated: 6.28 (M)
2026/08/15 17:56:34.615092 [Simulation:Info:toast@toast-new:Simulation not generated] Magnitude 6.28 of event bmg2026pxth is smaller than triggerMinMagnitude: no automatic simulation
2026/08/15 17:56:39.623197 [Incident:Info:toast@toast-new:Origin updated] Origin updated: OT: 2026-08-15 10:54:52,  Lat/Lon: 2.97502°/98.9482°, Depth: 159.117
2026/08/15 17:56:39.623382 [Incident:Info:toast@toast-new:Magnitude updated] Magnitude updated: 6.28 (M)
2026/08/15 17:56:39.623423 [Simulation:Info:toast@toast-new:Simulation not generated] Magnitude 6.28 of event bmg2026pxth is smaller than triggerMinMagnitude: no automatic simulation
2026/08/15 17:56:39.890834 [Incident:Info:toast@toast-new:Origin updated] Origin updated: OT: 2026-08-15 10:54:52,  Lat/Lon: 2.97905°/98.9525°, Depth: 161.63
2026/08/15 17:56:39.891020 [Incident:Info:toast@toast-new:Magnitude updated] Magnitude updated: 6.39 (M)
2026/08/15 17:56:39.891060 [Simulation:Info:toast@toast-new:Simulation not generated] Magnitude 6.39 of event bmg2026pxth is smaller than triggerMinMagnitude: no automatic simulation
2026/08/15 17:56:44.614376 [Incident:Info:toast@toast-new:Origin updated] Origin updated: OT: 2026-08-15 10:54:52,  Lat/Lon: 2.97905°/98.9525°, Depth: 161.63
2026/08/15 17:56:44.614563 [Incident:Info:toast@toast-new:Magnitude updated] Magnitude updated: 6.41 (M)
2026/08/15 17:56:44.614603 [Simulation:Info:toast@toast-new:Simulation not generated] Magnitude 6.41 of event bmg2026pxth is smaller than triggerMinMagnitude: no automatic simulation
2026/08/15 17:56:49.616461 [Incident:Info:toast@toast-new:Origin updated] Origin updated: OT: 2026-08-15 10:54:52,  Lat/Lon: 2.97905°/98.9525°, Depth: 161.63
2026/08/15 17:56:49.616679 [Incident:Info:toast@toast-new:Magnitude updated] Magnitude updated: 6.45 (M)
2026/08/15 17:56:49.616732 [Simulation:Info:toast@toast-new:Simulation not generated] Magnitude 6.45 of event bmg2026pxth is smaller than triggerMinMagnitude: no automatic simulation
2026/08/15 17:56:54.640737 [Incident:Info:toast@toast-new:Origin updated] Origin updated: OT: 2026-08-15 10:54:52,  Lat/Lon: 2.97905°/98.9525°, Depth: 161.63
2026/08/15 17:56:54.640922 [Incident:Info:toast@toast-new:Magnitude updated] Magnitude updated: 6.47 (M)
2026/08/15 17:56:54.640965 [Simulation:Info:toast@toast-new:Simulation not generated] Magnitude 6.47 of event bmg2026pxth is smaller than triggerMinMagnitude: no automatic simulation
2026/08/15 17:56:55.228348 [Incident:Info:toast@toast-new:Origin updated] Origin updated: OT: 2026-08-15 10:54:52,  Lat/Lon: 2.97152°/98.9488°, Depth: 162.988
2026/08/15 17:56:55.228541 [Incident:Info:toast@toast-new:Magnitude updated] Magnitude updated: 6.35 (MLv)
2026/08/15 17:56:55.228578 [Simulation:Info:toast@toast-new:Simulation not generated] Magnitude 6.35 of event bmg2026pxth is smaller than triggerMinMagnitude: no automatic simulation
2026/08/15 17:56:55.271510 [Incident:Info:toast@toast-new:Origin updated] Origin updated: OT: 2026-08-15 10:54:52,  Lat/Lon: 2.97152°/98.9488°, Depth: 162.988
2026/08/15 17:56:55.271643 [Incident:Info:toast@toast-new:Magnitude updated] Magnitude updated: 6.35 (M)
2026/08/15 17:56:55.271667 [Simulation:Info:toast@toast-new:Simulation not generated] Magnitude 6.35 of event bmg2026pxth is smaller than triggerMinMagnitude: no automatic simulation
2026/08/15 17:56:59.260153 [Incident:Info:toast@toast-new:Origin updated] Origin updated: OT: 2026-08-15 10:54:52,  Lat/Lon: 2.97152°/98.9488°, Depth: 162.988
2026/08/15 17:56:59.260354 [Incident:Info:toast@toast-new:Magnitude updated] Magnitude updated: 6.36 (M)
2026/08/15 17:56:59.260407 [Simulation:Info:toast@toast-new:Simulation not generated] Magnitude 6.36 of event bmg2026pxth is smaller than triggerMinMagnitude: no automatic simulation
2026/08/15 17:56:59.632419 [Incident:Info:toast@toast-new:Origin updated] Origin updated: OT: 2026-08-15 10:54:52,  Lat/Lon: 2.97152°/98.9488°, Depth: 162.988
2026/08/15 17:56:59.632608 [Incident:Info:toast@toast-new:Magnitude updated] Magnitude updated: 6.36 (M)
2026/08/15 17:56:59.632655 [Simulation:Info:toast@toast-new:Simulation not generated] Magnitude 6.36 of event bmg2026pxth is smaller than triggerMinMagnitude: no automatic simulation
2026/08/15 17:57:04.698040 [Incident:Info:toast@toast-new:Origin updated] Origin updated: OT: 2026-08-15 10:54:52,  Lat/Lon: 2.97152°/98.9488°, Depth: 162.988
2026/08/15 17:57:04.698208 [Incident:Info:toast@toast-new:Magnitude updated] Magnitude updated: 6.36 (M)
2026/08/15 17:57:04.698247 [Simulation:Info:toast@toast-new:Simulation not generated] Magnitude 6.36 of event bmg2026pxth is smaller than triggerMinMagnitude: no automatic simulation
2026/08/15 17:57:29.774261 [Incident:Info:toast@toast-new:Origin updated] Origin updated: OT: 2026-08-15 10:54:52,  Lat/Lon: 2.97152°/98.9488°, Depth: 162.988
2026/08/15 17:57:29.774439 [Incident:Info:toast@toast-new:Magnitude updated] Magnitude updated: 6.39 (M)
2026/08/15 17:57:29.774478 [Simulation:Info:toast@toast-new:Simulation not generated] Magnitude 6.39 of event bmg2026pxth is smaller than triggerMinMagnitude: no automatic simulation
2026/08/15 17:57:34.725680 [Incident:Info:toast@toast-new:Origin updated] Origin updated: OT: 2026-08-15 10:54:52,  Lat/Lon: 2.97152°/98.9488°, Depth: 162.988
2026/08/15 17:57:34.725840 [Incident:Info:toast@toast-new:Magnitude updated] Magnitude updated: 6.39 (M)
2026/08/15 17:57:34.725876 [Simulation:Info:toast@toast-new:Simulation not generated] Magnitude 6.39 of event bmg2026pxth is smaller than triggerMinMagnitude: no automatic simulation
2026/08/15 17:58:06.541957 [Incident:Info:toast@toast-new:Origin updated] Origin updated: OT: 2026-08-15 10:54:52,  Lat/Lon: 2.9829°/98.9447°, Depth: 163.45
2026/08/15 17:58:06.542143 [Incident:Info:toast@toast-new:Magnitude updated] Magnitude updated: 6.08 (MLv)
2026/08/15 17:58:06.542186 [Simulation:Info:toast@toast-new:Simulation not generated] Magnitude 6.08 of event bmg2026pxth is smaller than triggerMinMagnitude: no automatic simulation
2026/08/15 17:58:06.620426 [Incident:Info:toast@toast-new:Origin updated] Origin updated: OT: 2026-08-15 10:54:52,  Lat/Lon: 2.9829°/98.9447°, Depth: 163.45
2026/08/15 17:58:06.620585 [Incident:Info:toast@toast-new:Magnitude updated] Magnitude updated: 6.08 (M)
2026/08/15 17:58:06.620620 [Simulation:Info:toast@toast-new:Simulation not generated] Magnitude 6.08 of event bmg2026pxth is smaller than triggerMinMagnitude: no automatic simulation
2026/08/15 17:58:16.142017 [Incident:Info:toast@toast-new:Origin updated] Origin updated: OT: 2026-08-15 10:54:52,  Lat/Lon: 2.9829°/98.9447°, Depth: 163.45
2026/08/15 17:58:16.142222 [Incident:Info:toast@toast-new:FM updated] FM updated
2026/08/15 17:58:16.142411 [Simulation:Info:toast@toast-new:Simulation not generated] Magnitude 6.08 of event bmg2026pxth is smaller than triggerMinMagnitude: no automatic simulation
2026/08/15 17:58:26.013628 [Incident:Info:toast@toast-new:Origin updated] Origin updated: OT: 2026-08-15 10:54:52,  Lat/Lon: 2.9829°/98.9447°, Depth: 163.45
2026/08/15 17:58:26.013835 [Incident:Info:toast@toast-new:FM updated] FM updated
2026/08/15 17:58:26.014051 [Simulation:Info:toast@toast-new:Simulation not generated] Magnitude 6.08 of event bmg2026pxth is smaller than triggerMinMagnitude: no automatic simulation
2026/08/15 17:58:36.270623 [Incident:Info:toast@toast-new:Origin updated] Origin updated: OT: 2026-08-15 10:54:52,  Lat/Lon: 2.9829°/98.9447°, Depth: 163.45
2026/08/15 17:58:36.270829 [Incident:Info:toast@toast-new:FM updated] FM updated
2026/08/15 17:58:36.271043 [Simulation:Info:toast@toast-new:Simulation not generated] Magnitude 6.08 of event bmg2026pxth is smaller than triggerMinMagnitude: no automatic simulation
2026/08/15 17:58:54.653801 [Incident:Info:toast@toast-new:Origin updated] Origin updated: OT: 2026-08-15 10:54:52,  Lat/Lon: 2.9829°/98.9447°, Depth: 163.45
2026/08/15 17:58:54.654006 [Incident:Info:toast@toast-new:Magnitude updated] Magnitude updated: 6.39 (M)
2026/08/15 17:58:54.654062 [Simulation:Info:toast@toast-new:Simulation not generated] Magnitude 6.39 of event bmg2026pxth is smaller than triggerMinMagnitude: no automatic simulation
2026/08/15 17:59:06.072117 [Incident:Info:toast@toast-new:Origin updated] Origin updated: OT: 2026-08-15 10:54:52,  Lat/Lon: 2.9829°/98.9447°, Depth: 163.45
2026/08/15 17:59:06.072342 [Incident:Info:toast@toast-new:FM updated] FM updated
2026/08/15 17:59:06.072545 [Simulation:Info:toast@toast-new:Simulation not generated] Magnitude 6.39 of event bmg2026pxth is smaller than triggerMinMagnitude: no automatic simulation
2026/08/15 17:59:11.148059 [Incident:Info:toast@toast-new:Origin updated] Origin updated: OT: 2026-08-15 10:54:52,  Lat/Lon: 2.98358°/98.9369°, Depth: 163.69
2026/08/15 17:59:11.148268 [Incident:Info:toast@toast-new:Magnitude updated] Magnitude updated: 6.35 (M)
2026/08/15 17:59:11.148319 [Simulation:Info:toast@toast-new:Simulation not generated] Magnitude 6.35 of event bmg2026pxth is smaller than triggerMinMagnitude: no automatic simulation
2026/08/15 17:59:16.334733 [Incident:Info:toast@toast-new:Origin updated] Origin updated: OT: 2026-08-15 10:54:52,  Lat/Lon: 2.98358°/98.9369°, Depth: 163.69
2026/08/15 17:59:16.334937 [Incident:Info:toast@toast-new:FM updated] FM updated
2026/08/15 17:59:16.335146 [Simulation:Info:toast@toast-new:Simulation not generated] Magnitude 6.35 of event bmg2026pxth is smaller than triggerMinMagnitude: no automatic simulation
2026/08/15 17:59:54.746929 [Incident:Info:toast@toast-new:Origin updated] Origin updated: OT: 2026-08-15 10:54:52,  Lat/Lon: 2.98358°/98.9369°, Depth: 163.69
2026/08/15 17:59:54.747112 [Incident:Info:toast@toast-new:Magnitude updated] Magnitude updated: 6.38 (M)
2026/08/15 17:59:54.747170 [Simulation:Info:toast@toast-new:Simulation not generated] Magnitude 6.38 of event bmg2026pxth is smaller than triggerMinMagnitude: no automatic simulation
2026/08/15 18:00:07.524147 [Incident:Info:toast@toast-new:Origin updated] Origin updated: OT: 2026-08-15 10:54:50,  Lat/Lon: 2.89581°/98.8487°, Depth: 195.919
2026/08/15 18:00:07.524337 [Incident:Info:toast@toast-new:Magnitude updated] Magnitude updated: 6.36 (Mw(mB))
2026/08/15 18:00:07.524385 [Simulation:Info:toast@toast-new:Simulation not generated] Magnitude 6.36 of event bmg2026pxth is smaller than triggerMinMagnitude: no automatic simulation
2026/08/15 18:00:18.428212 [Incident:Info:toast@toast-new:Origin updated] Origin updated: OT: 2026-08-15 10:54:50,  Lat/Lon: 2.89581°/98.8487°, Depth: 195.919
2026/08/15 18:00:18.428400 [Incident:Info:toast@toast-new:FM updated] FM updated
2026/08/15 18:00:18.428604 [Simulation:Info:toast@toast-new:Simulation not generated] Magnitude 6.36 of event bmg2026pxth is smaller than triggerMinMagnitude: no automatic simulation
2026/08/15 18:00:32.693966 [Incident:Info:toast@toast-new:Origin updated] Origin updated: OT: 2026-08-15 10:54:50,  Lat/Lon: 2.90107°/98.8452°, Depth: 196.355
2026/08/15 18:00:32.694176 [Incident:Info:toast@toast-new:Magnitude updated] Magnitude updated: 6.33 (Mw(mB))
2026/08/15 18:00:32.694230 [Simulation:Info:toast@toast-new:Simulation not generated] Magnitude 6.33 of event bmg2026pxth is smaller than triggerMinMagnitude: no automatic simulation
2026/08/15 18:00:46.727388 [Incident:Info:toast@toast-new:Origin updated] Origin updated: OT: 2026-08-15 10:54:50,  Lat/Lon: 2.90107°/98.8452°, Depth: 196.355
2026/08/15 18:00:46.727590 [Incident:Info:toast@toast-new:FM updated] FM updated
2026/08/15 18:00:46.727801 [Simulation:Info:toast@toast-new:Simulation not generated] Magnitude 6.33 of event bmg2026pxth is smaller than triggerMinMagnitude: no automatic simulation
2026/08/15 18:00:57.327055 [Incident:Info:toast@toast-new:Origin updated] Origin updated: OT: 2026-08-15 10:54:50,  Lat/Lon: 2.90107°/98.8452°, Depth: 196.355
2026/08/15 18:00:57.327285 [Incident:Info:toast@toast-new:FM updated] FM updated
2026/08/15 18:00:57.327512 [Simulation:Info:toast@toast-new:Simulation not generated] Magnitude 6.33 of event bmg2026pxth is smaller than triggerMinMagnitude: no automatic simulation
2026/08/15 18:01:10.664963 [Incident:Info:toast@toast-new:Origin updated] Origin updated: OT: 2026-08-15 10:54:52,  Lat/Lon: 2.87433°/98.9261°, Depth: 165.719
2026/08/15 18:01:10.665186 [Incident:Info:toast@toast-new:Magnitude updated] Magnitude updated: 6.44 (Mw(mB))
2026/08/15 18:01:10.665251 [Simulation:Info:toast@toast-new:Simulation not generated] Magnitude 6.44 of event bmg2026pxth is smaller than triggerMinMagnitude: no automatic simulation
2026/08/15 18:01:16.655100 [Incident:Info:toast@toast-new:Origin updated] Origin updated: OT: 2026-08-15 10:54:52,  Lat/Lon: 2.87433°/98.9261°, Depth: 165.719
2026/08/15 18:01:16.655345 [Incident:Info:toast@toast-new:FM updated] FM updated
2026/08/15 18:01:16.655590 [Simulation:Info:toast@toast-new:Simulation not generated] Magnitude 6.44 of event bmg2026pxth is smaller than triggerMinMagnitude: no automatic simulation
2026/08/15 18:01:28.261134 [Incident:Info:toast@toast-new:Origin updated] Origin updated: OT: 2026-08-15 10:54:52,  Lat/Lon: 2.87433°/98.9261°, Depth: 165.719
2026/08/15 18:01:28.261350 [Incident:Info:toast@toast-new:FM updated] FM updated
2026/08/15 18:01:28.261576 [Simulation:Info:toast@toast-new:Simulation not generated] Magnitude 6.44 of event bmg2026pxth is smaller than triggerMinMagnitude: no automatic simulation
2026/08/15 18:01:30.091358 [Incident:Info:toast@toast-new:Origin updated] Origin updated: OT: 2026-08-15 10:54:52,  Lat/Lon: 2.89653°/98.9294°, Depth: 165.185
2026/08/15 18:01:30.091558 [Incident:Info:toast@toast-new:Magnitude updated] Magnitude updated: 6.45 (Mw(mB))
2026/08/15 18:01:30.091602 [Simulation:Info:toast@toast-new:Simulation not generated] Magnitude 6.45 of event bmg2026pxth is smaller than triggerMinMagnitude: no automatic simulation
2026/08/15 18:01:38.228056 [Incident:Info:toast@toast-new:Origin updated] Origin updated: OT: 2026-08-15 10:54:52,  Lat/Lon: 2.89653°/98.9294°, Depth: 165.185
2026/08/15 18:01:38.228265 [Incident:Info:toast@toast-new:FM updated] FM updated
2026/08/15 18:01:38.228477 [Simulation:Info:toast@toast-new:Simulation not generated] Magnitude 6.45 of event bmg2026pxth is smaller than triggerMinMagnitude: no automatic simulation
2026/08/15 18:01:58.336370 [Incident:Info:toast@toast-new:Origin updated] Origin updated: OT: 2026-08-15 10:54:52,  Lat/Lon: 2.89653°/98.9294°, Depth: 165.185
2026/08/15 18:01:58.336572 [Incident:Info:toast@toast-new:FM updated] FM updated
2026/08/15 18:01:58.336779 [Simulation:Info:toast@toast-new:Simulation not generated] Magnitude 6.45 of event bmg2026pxth is smaller than triggerMinMagnitude: no automatic simulation
2026/08/15 18:02:05.614598 [Incident:Info:toast@toast-new:Origin updated] Origin updated: OT: 2026-08-15 10:54:52,  Lat/Lon: 2.88151°/98.9273°, Depth: 164.733
2026/08/15 18:02:05.614777 [Incident:Info:toast@toast-new:Magnitude updated] Magnitude updated: 6.46 (Mw(mB))
2026/08/15 18:02:05.614805 [Simulation:Info:toast@toast-new:Simulation not generated] Magnitude 6.46 of event bmg2026pxth is smaller than triggerMinMagnitude: no automatic simulation
2026/08/15 18:02:17.848750 [Incident:Info:toast@toast-new:Origin updated] Origin updated: OT: 2026-08-15 10:54:52,  Lat/Lon: 2.88151°/98.9273°, Depth: 164.733
2026/08/15 18:02:17.848942 [Incident:Info:toast@toast-new:FM updated] FM updated
2026/08/15 18:02:17.849143 [Simulation:Info:toast@toast-new:Simulation not generated] Magnitude 6.46 of event bmg2026pxth is smaller than triggerMinMagnitude: no automatic simulation
2026/08/15 18:02:38.015414 [Incident:Info:toast@toast-new:Origin updated] Origin updated: OT: 2026-08-15 10:54:52,  Lat/Lon: 2.88151°/98.9273°, Depth: 164.733
2026/08/15 18:02:38.015626 [Incident:Info:toast@toast-new:FM updated] FM updated
2026/08/15 18:02:38.015855 [Simulation:Info:toast@toast-new:Simulation not generated] Magnitude 6.46 of event bmg2026pxth is smaller than triggerMinMagnitude: no automatic simulation
2026/08/15 18:02:47.919313 [Incident:Info:toast@toast-new:Origin updated] Origin updated: OT: 2026-08-15 10:54:52,  Lat/Lon: 2.88151°/98.9273°, Depth: 164.733
2026/08/15 18:02:47.919500 [Incident:Info:toast@toast-new:FM updated] FM updated
2026/08/15 18:02:47.919694 [Simulation:Info:toast@toast-new:Simulation not generated] Magnitude 6.46 of event bmg2026pxth is smaller than triggerMinMagnitude: no automatic simulation
2026/08/15 18:02:59.551013 [Incident:Info:toast@toast-new:Origin updated] Origin updated: OT: 2026-08-15 10:54:52,  Lat/Lon: 2.88338°/98.929°, Depth: 164.638
2026/08/15 18:02:59.551285 [Incident:Info:toast@toast-new:Magnitude updated] Magnitude updated: 6.46 (Mw(mB))
2026/08/15 18:02:59.551352 [Simulation:Info:toast@toast-new:Simulation not generated] Magnitude 6.46 of event bmg2026pxth is smaller than triggerMinMagnitude: no automatic simulation
2026/08/15 18:03:28.886541 [Incident:Info:toast@toast-new:Origin updated] Origin updated: OT: 2026-08-15 10:54:52,  Lat/Lon: 2.88338°/98.929°, Depth: 164.638
2026/08/15 18:03:28.886744 [Incident:Info:toast@toast-new:FM updated] FM updated
2026/08/15 18:03:28.886956 [Simulation:Info:toast@toast-new:Simulation not generated] Magnitude 6.46 of event bmg2026pxth is smaller than triggerMinMagnitude: no automatic simulation
2026/08/15 18:03:51.075429 [Incident:Info:toast@toast-new:Origin updated] Origin updated: OT: 2026-08-15 10:54:52,  Lat/Lon: 2.87277°/98.9267°, Depth: 164.993
2026/08/15 18:03:51.075605 [Incident:Info:toast@toast-new:Magnitude updated] Magnitude updated: 6.45 (Mw(mB))
2026/08/15 18:03:51.075646 [Simulation:Info:toast@toast-new:Simulation not generated] Magnitude 6.45 of event bmg2026pxth is smaller than triggerMinMagnitude: no automatic simulation
2026/08/15 18:03:58.923495 [Incident:Info:toast@toast-new:Origin updated] Origin updated: OT: 2026-08-15 10:54:52,  Lat/Lon: 2.87277°/98.9267°, Depth: 164.993
2026/08/15 18:03:58.923690 [Incident:Info:toast@toast-new:FM updated] FM updated
2026/08/15 18:03:58.923895 [Simulation:Info:toast@toast-new:Simulation not generated] Magnitude 6.45 of event bmg2026pxth is smaller than triggerMinMagnitude: no automatic simulation
2026/08/15 18:04:09.486501 [Incident:Info:toast@toast-new:Origin updated] Origin updated: OT: 2026-08-15 10:54:52,  Lat/Lon: 2.87277°/98.9267°, Depth: 164.993
2026/08/15 18:04:09.486706 [Incident:Info:toast@toast-new:FM updated] FM updated
2026/08/15 18:04:09.486924 [Simulation:Info:toast@toast-new:Simulation not generated] Magnitude 6.45 of event bmg2026pxth is smaller than triggerMinMagnitude: no automatic simulation
2026/08/15 18:04:39.773081 [Incident:Info:toast@toast-new:Origin updated] Origin updated: OT: 2026-08-15 10:54:52,  Lat/Lon: 2.87277°/98.9267°, Depth: 164.993
2026/08/15 18:04:39.773341 [Incident:Info:toast@toast-new:FM updated] FM updated
2026/08/15 18:04:39.773709 [Simulation:Info:toast@toast-new:Simulation not generated] Magnitude 6.45 of event bmg2026pxth is smaller than triggerMinMagnitude: no automatic simulation
2026/08/15 18:04:59.744672 [Incident:Info:toast@toast-new:Origin updated] Origin updated: OT: 2026-08-15 10:54:52,  Lat/Lon: 2.87277°/98.9267°, Depth: 164.993
2026/08/15 18:04:59.744876 [Incident:Info:toast@toast-new:FM updated] FM updated
2026/08/15 18:04:59.745078 [Simulation:Info:toast@toast-new:Simulation not generated] Magnitude 6.45 of event bmg2026pxth is smaller than triggerMinMagnitude: no automatic simulation
2026/08/15 18:05:08.935527 [Incident:Info:toast@toast-new:Origin updated] Origin updated: OT: 2026-08-15 10:54:52,  Lat/Lon: 2.87277°/98.9267°, Depth: 164.993
2026/08/15 18:05:08.935727 [Incident:Info:toast@toast-new:FM updated] FM updated
2026/08/15 18:05:08.935934 [Simulation:Info:toast@toast-new:Simulation not generated] Magnitude 6.45 of event bmg2026pxth is smaller than triggerMinMagnitude: no automatic simulation
2026/08/15 18:05:19.404130 [Incident:Info:toast@toast-new:Origin updated] Origin updated: OT: 2026-08-15 10:54:52,  Lat/Lon: 2.87277°/98.9267°, Depth: 164.993
2026/08/15 18:05:19.404351 [Incident:Info:toast@toast-new:FM updated] FM updated
2026/08/15 18:05:19.404579 [Simulation:Info:toast@toast-new:Simulation not generated] Magnitude 6.45 of event bmg2026pxth is smaller than triggerMinMagnitude: no automatic simulation
2026/08/15 18:05:29.849344 [Incident:Info:toast@toast-new:Origin updated] Origin updated: OT: 2026-08-15 10:54:52,  Lat/Lon: 2.87277°/98.9267°, Depth: 164.993
2026/08/15 18:05:29.849507 [Incident:Info:toast@toast-new:FM updated] FM updated
2026/08/15 18:05:29.849661 [Simulation:Info:toast@toast-new:Simulation not generated] Magnitude 6.45 of event bmg2026pxth is smaller than triggerMinMagnitude: no automatic simulation
2026/08/15 18:05:29.863573 [Incident:Info:toast@toast-new:Origin updated] Origin updated: OT: 2026-08-15 10:54:52,  Lat/Lon: 2.87277°/98.9267°, Depth: 164.993
2026/08/15 18:05:29.863706 [Incident:Info:toast@toast-new:FM updated] FM updated
2026/08/15 18:05:29.863857 [Simulation:Info:toast@toast-new:Simulation not generated] Magnitude 6.45 of event bmg2026pxth is smaller than triggerMinMagnitude: no automatic simulation
2026/08/15 18:05:35.078805 [Incident:Info:toast@toast-new:Origin updated] Origin updated: OT: 2026-08-15 10:54:52,  Lat/Lon: 2.90733°/98.925°, Depth: 168.424
2026/08/15 18:05:35.078962 [Incident:Info:toast@toast-new:Magnitude updated] Magnitude updated: 6.35 (Mw(mB))
2026/08/15 18:05:35.078989 [Simulation:Info:toast@toast-new:Simulation not generated] Magnitude 6.35 of event bmg2026pxth is smaller than triggerMinMagnitude: no automatic simulation
2026/08/15 18:05:39.828386 [Incident:Info:toast@toast-new:Origin updated] Origin updated: OT: 2026-08-15 10:54:52,  Lat/Lon: 2.90733°/98.925°, Depth: 168.424
2026/08/15 18:05:39.864589 [Incident:Info:toast@toast-new:FM updated] FM updated
2026/08/15 18:05:39.864849 [Simulation:Info:toast@toast-new:Simulation not generated] Magnitude 6.35 of event bmg2026pxth is smaller than triggerMinMagnitude: no automatic simulation
2026/08/15 18:05:48.452226 [Incident:Info:toast@toast-new:Origin updated] Origin updated: OT: 2026-08-15 10:54:52,  Lat/Lon: 2.90733°/98.925°, Depth: 168.424
2026/08/15 18:05:48.452449 [Incident:Info:toast@toast-new:FM updated] FM updated
2026/08/15 18:05:48.452715 [Simulation:Info:toast@toast-new:Simulation not generated] Magnitude 6.35 of event bmg2026pxth is smaller than triggerMinMagnitude: no automatic simulation
2026/08/15 18:05:50.062634 [Incident:Info:toast@toast-new:Origin updated] Origin updated: OT: 2026-08-15 10:54:52,  Lat/Lon: 2.90733°/98.925°, Depth: 168.424
2026/08/15 18:05:50.062829 [Incident:Info:toast@toast-new:FM updated] FM updated
2026/08/15 18:05:50.063037 [Simulation:Info:toast@toast-new:Simulation not generated] Magnitude 6.35 of event bmg2026pxth is smaller than triggerMinMagnitude: no automatic simulation
2026/08/15 18:06:00.259102 [Incident:Info:toast@toast-new:Origin updated] Origin updated: OT: 2026-08-15 10:54:52,  Lat/Lon: 2.90733°/98.925°, Depth: 168.424
2026/08/15 18:06:00.259369 [Incident:Info:toast@toast-new:FM updated] FM updated
2026/08/15 18:06:00.259576 [Simulation:Info:toast@toast-new:Simulation not generated] Magnitude 6.35 of event bmg2026pxth is smaller than triggerMinMagnitude: no automatic simulation
2026/08/15 18:06:00.897989 [Incident:Info:toast@toast-new:Origin updated] Origin updated: OT: 2026-08-15 10:54:52,  Lat/Lon: 2.90733°/98.925°, Depth: 168.424
2026/08/15 18:06:00.898199 [Incident:Info:toast@toast-new:FM updated] FM updated
2026/08/15 18:06:00.898422 [Simulation:Info:toast@toast-new:Simulation not generated] Magnitude 6.35 of event bmg2026pxth is smaller than triggerMinMagnitude: no automatic simulation
2026/08/15 18:06:10.381218 [Incident:Info:toast@toast-new:Origin updated] Origin updated: OT: 2026-08-15 10:54:52,  Lat/Lon: 2.90733°/98.925°, Depth: 168.424
2026/08/15 18:06:10.381425 [Incident:Info:toast@toast-new:FM updated] FM updated
2026/08/15 18:06:10.381639 [Simulation:Info:toast@toast-new:Simulation not generated] Magnitude 6.35 of event bmg2026pxth is smaller than triggerMinMagnitude: no automatic simulation
2026/08/15 18:06:11.164073 [Incident:Info:toast@toast-new:Origin updated] Origin updated: OT: 2026-08-15 10:54:52,  Lat/Lon: 2.90733°/98.925°, Depth: 168.424
2026/08/15 18:06:11.164194 [Incident:Info:toast@toast-new:FM updated] FM updated
2026/08/15 18:06:11.164302 [Simulation:Info:toast@toast-new:Simulation not generated] Magnitude 6.35 of event bmg2026pxth is smaller than triggerMinMagnitude: no automatic simulation
2026/08/15 18:06:18.219424 [Incident:Info:toast@toast-new:Origin updated] Origin updated: OT: 2026-08-15 10:54:52,  Lat/Lon: 2.90864°/98.9255°, Depth: 168.46
2026/08/15 18:06:18.219589 [Incident:Info:toast@toast-new:Magnitude updated] Magnitude updated: 6.35 (Mw(mB))
2026/08/15 18:06:18.219619 [Simulation:Info:toast@toast-new:Simulation not generated] Magnitude 6.35 of event bmg2026pxth is smaller than triggerMinMagnitude: no automatic simulation
2026/08/15 18:06:21.180250 [Incident:Info:toast@toast-new:Origin updated] Origin updated: OT: 2026-08-15 10:54:52,  Lat/Lon: 2.90864°/98.9255°, Depth: 168.46
2026/08/15 18:06:21.180456 [Simulation:Info:toast@toast-new:Simulation not generated] Magnitude 6.35 of event bmg2026pxth is smaller than triggerMinMagnitude: no automatic simulation
2026/08/15 18:06:30.031570 [Incident:Info:toast@toast-new:Origin updated] Origin updated: OT: 2026-08-15 10:54:52,  Lat/Lon: 2.90864°/98.9255°, Depth: 168.46
2026/08/15 18:06:30.031771 [Incident:Info:toast@toast-new:FM updated] FM updated
2026/08/15 18:06:30.031979 [Simulation:Info:toast@toast-new:Simulation not generated] Magnitude 6.35 of event bmg2026pxth is smaller than triggerMinMagnitude: no automatic simulation
2026/08/15 18:06:40.300462 [Incident:Info:toast@toast-new:Origin updated] Origin updated: OT: 2026-08-15 10:54:52,  Lat/Lon: 2.90864°/98.9255°, Depth: 168.46
2026/08/15 18:06:40.300679 [Incident:Info:toast@toast-new:Magnitude updated] Magnitude updated: 6.38 (mb)
2026/08/15 18:06:40.300741 [Simulation:Info:toast@toast-new:Simulation not generated] Magnitude 6.38 of event bmg2026pxth is smaller than triggerMinMagnitude: no automatic simulation
2026/08/15 18:06:40.845977 [Incident:Info:toast@toast-new:Origin updated] Origin updated: OT: 2026-08-15 10:54:52,  Lat/Lon: 2.90864°/98.9255°, Depth: 168.46
2026/08/15 18:06:40.846185 [Incident:Info:toast@toast-new:FM updated] FM updated
2026/08/15 18:06:40.846430 [Simulation:Info:toast@toast-new:Simulation not generated] Magnitude 6.38 of event bmg2026pxth is smaller than triggerMinMagnitude: no automatic simulation
2026/08/15 18:06:41.023975 [Incident:Info:toast@toast-new:Origin updated] Origin updated: OT: 2026-08-15 10:54:52,  Lat/Lon: 2.90864°/98.9255°, Depth: 168.46
2026/08/15 18:06:41.024206 [Incident:Info:toast@toast-new:FM updated] FM updated
2026/08/15 18:06:41.024502 [Simulation:Info:toast@toast-new:Simulation not generated] Magnitude 6.38 of event bmg2026pxth is smaller than triggerMinMagnitude: no automatic simulation
2026/08/15 18:06:50.769887 [Incident:Info:toast@toast-new:Origin updated] Origin updated: OT: 2026-08-15 10:54:52,  Lat/Lon: 2.90864°/98.9255°, Depth: 168.46
2026/08/15 18:06:50.770053 [Simulation:Info:toast@toast-new:Simulation not generated] Magnitude 6.38 of event bmg2026pxth is smaller than triggerMinMagnitude: no automatic simulation
2026/08/15 18:06:51.226816 [Incident:Info:toast@toast-new:Origin updated] Origin updated: OT: 2026-08-15 10:54:52,  Lat/Lon: 2.90864°/98.9255°, Depth: 168.46
2026/08/15 18:06:51.226996 [Incident:Info:toast@toast-new:FM updated] FM updated
2026/08/15 18:06:51.227371 [Simulation:Info:toast@toast-new:Simulation not generated] Magnitude 6.38 of event bmg2026pxth is smaller than triggerMinMagnitude: no automatic simulation
2026/08/15 18:07:00.804480 [Incident:Info:toast@toast-new:Origin updated] Origin updated: OT: 2026-08-15 10:54:52,  Lat/Lon: 2.90864°/98.9255°, Depth: 168.46
2026/08/15 18:07:00.804672 [Incident:Info:toast@toast-new:FM updated] FM updated
2026/08/15 18:07:00.804872 [Simulation:Info:toast@toast-new:Simulation not generated] Magnitude 6.38 of event bmg2026pxth is smaller than triggerMinMagnitude: no automatic simulation
2026/08/15 18:07:11.012787 [Incident:Info:toast@toast-new:Origin updated] Origin updated: OT: 2026-08-15 10:54:52,  Lat/Lon: 2.90864°/98.9255°, Depth: 168.46
2026/08/15 18:07:11.012985 [Incident:Info:toast@toast-new:FM updated] FM updated
2026/08/15 18:07:11.013197 [Simulation:Info:toast@toast-new:Simulation not generated] Magnitude 6.38 of event bmg2026pxth is smaller than triggerMinMagnitude: no automatic simulation
2026/08/15 18:07:11.350627 [Incident:Info:toast@toast-new:Origin updated] Origin updated: OT: 2026-08-15 10:54:52,  Lat/Lon: 2.90864°/98.9255°, Depth: 168.46
2026/08/15 18:07:11.350743 [Incident:Info:toast@toast-new:FM updated] FM updated
2026/08/15 18:07:11.350863 [Simulation:Info:toast@toast-new:Simulation not generated] Magnitude 6.38 of event bmg2026pxth is smaller than triggerMinMagnitude: no automatic simulation
2026/08/15 18:07:21.093818 [Incident:Info:toast@toast-new:Origin updated] Origin updated: OT: 2026-08-15 10:54:52,  Lat/Lon: 2.90864°/98.9255°, Depth: 168.46
2026/08/15 18:07:21.094043 [Incident:Info:toast@toast-new:FM updated] FM updated
2026/08/15 18:07:21.094248 [Simulation:Info:toast@toast-new:Simulation not generated] Magnitude 6.38 of event bmg2026pxth is smaller than triggerMinMagnitude: no automatic simulation
2026/08/15 18:07:31.175628 [Incident:Info:toast@toast-new:Origin updated] Origin updated: OT: 2026-08-15 10:54:52,  Lat/Lon: 2.90864°/98.9255°, Depth: 168.46
2026/08/15 18:07:31.175810 [Incident:Info:toast@toast-new:FM updated] FM updated
2026/08/15 18:07:31.176002 [Simulation:Info:toast@toast-new:Simulation not generated] Magnitude 6.38 of event bmg2026pxth is smaller than triggerMinMagnitude: no automatic simulation
2026/08/15 18:07:32.000450 [Incident:Info:toast@toast-new:Origin updated] Origin updated: OT: 2026-08-15 10:54:52,  Lat/Lon: 2.90864°/98.9255°, Depth: 168.46
2026/08/15 18:07:32.000639 [Incident:Info:toast@toast-new:FM updated] FM updated
2026/08/15 18:07:32.000840 [Simulation:Info:toast@toast-new:Simulation not generated] Magnitude 6.38 of event bmg2026pxth is smaller than triggerMinMagnitude: no automatic simulation
2026/08/15 18:07:41.140360 [Incident:Info:toast@toast-new:Origin updated] Origin updated: OT: 2026-08-15 10:54:52,  Lat/Lon: 2.90864°/98.9255°, Depth: 168.46
2026/08/15 18:07:41.140582 [Incident:Info:toast@toast-new:FM updated] FM updated
2026/08/15 18:07:41.140837 [Simulation:Info:toast@toast-new:Simulation not generated] Magnitude 6.38 of event bmg2026pxth is smaller than triggerMinMagnitude: no automatic simulation
2026/08/15 18:07:42.209118 [Incident:Info:toast@toast-new:Origin updated] Origin updated: OT: 2026-08-15 10:54:52,  Lat/Lon: 2.90864°/98.9255°, Depth: 168.46
2026/08/15 18:07:42.209329 [Incident:Info:toast@toast-new:FM updated] FM updated
2026/08/15 18:07:42.209557 [Simulation:Info:toast@toast-new:Simulation not generated] Magnitude 6.38 of event bmg2026pxth is smaller than triggerMinMagnitude: no automatic simulation
2026/08/15 18:07:51.439585 [Incident:Info:toast@toast-new:Origin updated] Origin updated: OT: 2026-08-15 10:54:52,  Lat/Lon: 2.90864°/98.9255°, Depth: 168.46
2026/08/15 18:07:51.439752 [Incident:Info:toast@toast-new:FM updated] FM updated
2026/08/15 18:07:51.439937 [Simulation:Info:toast@toast-new:Simulation not generated] Magnitude 6.38 of event bmg2026pxth is smaller than triggerMinMagnitude: no automatic simulation
2026/08/15 18:07:55.683113 [Incident:Info:toast@toast-new:Origin updated] Origin updated: OT: 2026-08-15 10:54:52,  Lat/Lon: 2.90864°/98.9255°, Depth: 168.46
2026/08/15 18:07:55.683297 [Incident:Info:toast@toast-new:FM updated] FM updated
2026/08/15 18:07:55.683484 [Simulation:Info:toast@toast-new:Simulation not generated] Magnitude 6.38 of event bmg2026pxth is smaller than triggerMinMagnitude: no automatic simulation
2026/08/15 18:08:02.351583 [Incident:Info:toast@toast-new:Origin updated] Origin updated: OT: 2026-08-15 10:54:52,  Lat/Lon: 2.90864°/98.9255°, Depth: 168.46
2026/08/15 18:08:02.351787 [Incident:Info:toast@toast-new:FM updated] FM updated
2026/08/15 18:08:02.351998 [Simulation:Info:toast@toast-new:Simulation not generated] Magnitude 6.38 of event bmg2026pxth is smaller than triggerMinMagnitude: no automatic simulation
2026/08/15 18:08:12.144046 [Incident:Info:toast@toast-new:Origin updated] Origin updated: OT: 2026-08-15 10:54:52,  Lat/Lon: 2.90864°/98.9255°, Depth: 168.46
2026/08/15 18:08:12.144269 [Simulation:Info:toast@toast-new:Simulation not generated] Magnitude 6.38 of event bmg2026pxth is smaller than triggerMinMagnitude: no automatic simulation
2026/08/15 18:08:12.707999 [Incident:Info:toast@toast-new:Origin updated] Origin updated: OT: 2026-08-15 10:54:52,  Lat/Lon: 2.90864°/98.9255°, Depth: 168.46
2026/08/15 18:08:12.708167 [Incident:Info:toast@toast-new:FM updated] FM updated
2026/08/15 18:08:12.708338 [Simulation:Info:toast@toast-new:Simulation not generated] Magnitude 6.38 of event bmg2026pxth is smaller than triggerMinMagnitude: no automatic simulation
2026/08/15 18:08:21.470794 [Incident:Info:toast@toast-new:Origin updated] Origin updated: OT: 2026-08-15 10:54:52,  Lat/Lon: 2.90864°/98.9255°, Depth: 168.46
2026/08/15 18:08:21.470999 [Incident:Info:toast@toast-new:FM updated] FM updated
2026/08/15 18:08:21.471259 [Simulation:Info:toast@toast-new:Simulation not generated] Magnitude 6.38 of event bmg2026pxth is smaller than triggerMinMagnitude: no automatic simulation
2026/08/15 18:08:22.504708 [Incident:Info:toast@toast-new:Origin updated] Origin updated: OT: 2026-08-15 10:54:52,  Lat/Lon: 2.90864°/98.9255°, Depth: 168.46
2026/08/15 18:08:22.504881 [Incident:Info:toast@toast-new:FM updated] FM updated
2026/08/15 18:08:22.505099 [Simulation:Info:toast@toast-new:Simulation not generated] Magnitude 6.38 of event bmg2026pxth is smaller than triggerMinMagnitude: no automatic simulation
2026/08/15 18:08:32.324104 [Incident:Info:toast@toast-new:Origin updated] Origin updated: OT: 2026-08-15 10:54:52,  Lat/Lon: 2.90864°/98.9255°, Depth: 168.46
2026/08/15 18:08:32.324308 [Incident:Info:toast@toast-new:FM updated] FM updated
2026/08/15 18:08:32.324517 [Simulation:Info:toast@toast-new:Simulation not generated] Magnitude 6.38 of event bmg2026pxth is smaller than triggerMinMagnitude: no automatic simulation
2026/08/15 18:08:35.115250 [Incident:Info:toast@toast-new:Origin updated] Origin updated: OT: 2026-08-15 10:54:52,  Lat/Lon: 2.90864°/98.9255°, Depth: 168.46
2026/08/15 18:08:35.115448 [Incident:Info:toast@toast-new:FM updated] FM updated
2026/08/15 18:08:35.115659 [Simulation:Info:toast@toast-new:Simulation not generated] Magnitude 6.38 of event bmg2026pxth is smaller than triggerMinMagnitude: no automatic simulation
2026/08/15 18:08:41.649166 [Incident:Info:toast@toast-new:Origin updated] Origin updated: OT: 2026-08-15 10:54:52,  Lat/Lon: 2.90864°/98.9255°, Depth: 168.46
2026/08/15 18:08:41.649366 [Incident:Info:toast@toast-new:FM updated] FM updated
2026/08/15 18:08:41.649577 [Simulation:Info:toast@toast-new:Simulation not generated] Magnitude 6.38 of event bmg2026pxth is smaller than triggerMinMagnitude: no automatic simulation
2026/08/15 18:08:51.717383 [Incident:Info:toast@toast-new:Origin updated] Origin updated: OT: 2026-08-15 10:54:52,  Lat/Lon: 2.90864°/98.9255°, Depth: 168.46
2026/08/15 18:08:51.717577 [Incident:Info:toast@toast-new:FM updated] FM updated
2026/08/15 18:08:51.717787 [Simulation:Info:toast@toast-new:Simulation not generated] Magnitude 6.38 of event bmg2026pxth is smaller than triggerMinMagnitude: no automatic simulation
2026/08/15 18:08:58.111108 [Incident:Info:toast@toast-new:Origin updated] Origin updated: OT: 2026-08-15 10:54:52,  Lat/Lon: 2.90864°/98.9255°, Depth: 168.46
2026/08/15 18:08:58.111321 [Incident:Info:toast@toast-new:FM updated] FM updated
2026/08/15 18:08:58.111567 [Simulation:Info:toast@toast-new:Simulation not generated] Magnitude 6.38 of event bmg2026pxth is smaller than triggerMinMagnitude: no automatic simulation
2026/08/15 18:09:02.815591 [Incident:Info:toast@toast-new:Origin updated] Origin updated: OT: 2026-08-15 10:54:52,  Lat/Lon: 2.90864°/98.9255°, Depth: 168.46
2026/08/15 18:09:02.815790 [Incident:Info:toast@toast-new:FM updated] FM updated
2026/08/15 18:09:02.816029 [Simulation:Info:toast@toast-new:Simulation not generated] Magnitude 6.38 of event bmg2026pxth is smaller than triggerMinMagnitude: no automatic simulation
2026/08/15 18:09:22.705993 [Incident:Info:toast@toast-new:Origin updated] Origin updated: OT: 2026-08-15 10:54:52,  Lat/Lon: 2.90864°/98.9255°, Depth: 168.46
2026/08/15 18:09:22.706158 [Incident:Info:toast@toast-new:FM updated] FM updated
2026/08/15 18:09:22.706372 [Simulation:Info:toast@toast-new:Simulation not generated] Magnitude 6.38 of event bmg2026pxth is smaller than triggerMinMagnitude: no automatic simulation
2026/08/15 18:09:27.765576 [Incident:Info:toast@toast-new:Origin updated] Origin updated: OT: 2026-08-15 10:54:52,  Lat/Lon: 2.90864°/98.9255°, Depth: 168.46
2026/08/15 18:09:27.765810 [Incident:Info:toast@toast-new:FM updated] FM updated
2026/08/15 18:09:27.766032 [Simulation:Info:toast@toast-new:Simulation not generated] Magnitude 6.38 of event bmg2026pxth is smaller than triggerMinMagnitude: no automatic simulation
2026/08/15 18:09:32.585030 [Incident:Info:toast@toast-new:Origin updated] Origin updated: OT: 2026-08-15 10:54:52,  Lat/Lon: 2.90864°/98.9255°, Depth: 168.46
2026/08/15 18:09:32.585234 [Incident:Info:toast@toast-new:FM updated] FM updated
2026/08/15 18:09:32.585482 [Simulation:Info:toast@toast-new:Simulation not generated] Magnitude 6.38 of event bmg2026pxth is smaller than triggerMinMagnitude: no automatic simulation
2026/08/15 18:09:42.364751 [Incident:Info:toast@toast-new:Origin updated] Origin updated: OT: 2026-08-15 10:54:52,  Lat/Lon: 2.90864°/98.9255°, Depth: 168.46
2026/08/15 18:09:42.364956 [Simulation:Info:toast@toast-new:Simulation not generated] Magnitude 6.38 of event bmg2026pxth is smaller than triggerMinMagnitude: no automatic simulation
2026/08/15 18:09:46.347167 [Incident:Info:toast@toast-new:Origin updated] Origin updated: OT: 2026-08-15 10:54:52,  Lat/Lon: 2.90864°/98.9255°, Depth: 168.46
2026/08/15 18:09:46.347333 [Incident:Info:toast@toast-new:FM updated] FM updated
2026/08/15 18:09:46.347513 [Simulation:Info:toast@toast-new:Simulation not generated] Magnitude 6.38 of event bmg2026pxth is smaller than triggerMinMagnitude: no automatic simulation
2026/08/15 18:09:52.422288 [Incident:Info:toast@toast-new:Origin updated] Origin updated: OT: 2026-08-15 10:54:52,  Lat/Lon: 2.90864°/98.9255°, Depth: 168.46
2026/08/15 18:09:52.422494 [Incident:Info:toast@toast-new:FM updated] FM updated
2026/08/15 18:09:52.422707 [Simulation:Info:toast@toast-new:Simulation not generated] Magnitude 6.38 of event bmg2026pxth is smaller than triggerMinMagnitude: no automatic simulation
2026/08/15 18:10:02.418131 [Incident:Info:toast@toast-new:Origin updated] Origin updated: OT: 2026-08-15 10:54:52,  Lat/Lon: 2.90864°/98.9255°, Depth: 168.46
2026/08/15 18:10:02.418331 [Incident:Info:toast@toast-new:FM updated] FM updated
2026/08/15 18:10:02.418556 [Simulation:Info:toast@toast-new:Simulation not generated] Magnitude 6.38 of event bmg2026pxth is smaller than triggerMinMagnitude: no automatic simulation
2026/08/15 18:10:06.499763 [Incident:Info:toast@toast-new:Origin updated] Origin updated: OT: 2026-08-15 10:54:52,  Lat/Lon: 2.90864°/98.9255°, Depth: 168.46
2026/08/15 18:10:06.499986 [Incident:Info:toast@toast-new:FM updated] FM updated
2026/08/15 18:10:06.500226 [Simulation:Info:toast@toast-new:Simulation not generated] Magnitude 6.38 of event bmg2026pxth is smaller than triggerMinMagnitude: no automatic simulation
2026/08/15 18:10:12.697359 [Incident:Info:toast@toast-new:Origin updated] Origin updated: OT: 2026-08-15 10:54:52,  Lat/Lon: 2.90864°/98.9255°, Depth: 168.46
2026/08/15 18:10:12.697563 [Incident:Info:toast@toast-new:FM updated] FM updated
2026/08/15 18:10:12.697778 [Simulation:Info:toast@toast-new:Simulation not generated] Magnitude 6.38 of event bmg2026pxth is smaller than triggerMinMagnitude: no automatic simulation
2026/08/15 18:10:28.348779 [Incident:Info:toast@toast-new:Origin updated] Origin updated: OT: 2026-08-15 10:54:52,  Lat/Lon: 2.90864°/98.9255°, Depth: 168.46
2026/08/15 18:10:28.348990 [Incident:Info:toast@toast-new:FM updated] FM updated
2026/08/15 18:10:28.349218 [Simulation:Info:toast@toast-new:Simulation not generated] Magnitude 6.38 of event bmg2026pxth is smaller than triggerMinMagnitude: no automatic simulation
2026/08/15 18:10:32.250142 [Incident:Info:toast@toast-new:Origin updated] Origin updated: OT: 2026-08-15 10:54:52,  Lat/Lon: 2.90864°/98.9255°, Depth: 168.46
2026/08/15 18:10:32.250334 [Incident:Info:toast@toast-new:FM updated] FM updated
2026/08/15 18:10:32.250539 [Simulation:Info:toast@toast-new:Simulation not generated] Magnitude 6.38 of event bmg2026pxth is smaller than triggerMinMagnitude: no automatic simulation
2026/08/15 18:10:43.005796 [Incident:Info:toast@toast-new:Origin updated] Origin updated: OT: 2026-08-15 10:54:52,  Lat/Lon: 2.90864°/98.9255°, Depth: 168.46
2026/08/15 18:10:43.006005 [Simulation:Info:toast@toast-new:Simulation not generated] Magnitude 6.38 of event bmg2026pxth is smaller than triggerMinMagnitude: no automatic simulation
2026/08/15 18:10:49.393734 [Incident:Info:toast@toast-new:Origin updated] Origin updated: OT: 2026-08-15 10:54:52,  Lat/Lon: 2.90864°/98.9255°, Depth: 168.46
2026/08/15 18:10:49.393933 [Incident:Info:toast@toast-new:FM updated] FM updated
2026/08/15 18:10:49.394146 [Simulation:Info:toast@toast-new:Simulation not generated] Magnitude 6.38 of event bmg2026pxth is smaller than triggerMinMagnitude: no automatic simulation
2026/08/15 18:11:03.534576 [Incident:Info:toast@toast-new:Origin updated] Origin updated: OT: 2026-08-15 10:54:52,  Lat/Lon: 2.90864°/98.9255°, Depth: 168.46
2026/08/15 18:11:03.534789 [Incident:Info:toast@toast-new:FM updated] FM updated
2026/08/15 18:11:03.535001 [Simulation:Info:toast@toast-new:Simulation not generated] Magnitude 6.38 of event bmg2026pxth is smaller than triggerMinMagnitude: no automatic simulation
2026/08/15 18:11:10.202229 [Incident:Info:toast@toast-new:Origin updated] Origin updated: OT: 2026-08-15 10:54:52,  Lat/Lon: 2.90864°/98.9255°, Depth: 168.46
2026/08/15 18:11:10.202418 [Incident:Info:toast@toast-new:FM updated] FM updated
2026/08/15 18:11:10.202636 [Simulation:Info:toast@toast-new:Simulation not generated] Magnitude 6.38 of event bmg2026pxth is smaller than triggerMinMagnitude: no automatic simulation
2026/08/15 18:11:22.798719 [Incident:Info:toast@toast-new:Origin updated] Origin updated: OT: 2026-08-15 10:54:52,  Lat/Lon: 2.90864°/98.9255°, Depth: 168.46
2026/08/15 18:11:22.798906 [Incident:Info:toast@toast-new:FM updated] FM updated
2026/08/15 18:11:22.799105 [Simulation:Info:toast@toast-new:Simulation not generated] Magnitude 6.38 of event bmg2026pxth is smaller than triggerMinMagnitude: no automatic simulation
2026/08/15 18:11:30.892964 [Incident:Info:toast@toast-new:Origin updated] Origin updated: OT: 2026-08-15 10:54:52,  Lat/Lon: 2.90864°/98.9255°, Depth: 168.46
2026/08/15 18:11:30.893172 [Incident:Info:toast@toast-new:FM updated] FM updated
2026/08/15 18:11:30.893373 [Simulation:Info:toast@toast-new:Simulation not generated] Magnitude 6.38 of event bmg2026pxth is smaller than triggerMinMagnitude: no automatic simulation
2026/08/15 18:11:33.228585 [Incident:Info:toast@toast-new:Origin updated] Origin updated: OT: 2026-08-15 10:54:52,  Lat/Lon: 2.90864°/98.9255°, Depth: 168.46
2026/08/15 18:11:33.228768 [Incident:Info:toast@toast-new:FM updated] FM updated
2026/08/15 18:11:33.228970 [Simulation:Info:toast@toast-new:Simulation not generated] Magnitude 6.38 of event bmg2026pxth is smaller than triggerMinMagnitude: no automatic simulation
2026/08/15 18:11:51.384088 [Incident:Info:toast@toast-new:Origin updated] Origin updated: OT: 2026-08-15 10:54:52,  Lat/Lon: 2.90864°/98.9255°, Depth: 168.46
2026/08/15 18:11:51.384292 [Incident:Info:toast@toast-new:FM updated] FM updated
2026/08/15 18:11:51.384509 [Simulation:Info:toast@toast-new:Simulation not generated] Magnitude 6.38 of event bmg2026pxth is smaller than triggerMinMagnitude: no automatic simulation
2026/08/15 18:11:53.097826 [Incident:Info:toast@toast-new:Origin updated] Origin updated: OT: 2026-08-15 10:54:52,  Lat/Lon: 2.90864°/98.9255°, Depth: 168.46
2026/08/15 18:11:53.098038 [Incident:Info:toast@toast-new:FM updated] FM updated
2026/08/15 18:11:53.098263 [Simulation:Info:toast@toast-new:Simulation not generated] Magnitude 6.38 of event bmg2026pxth is smaller than triggerMinMagnitude: no automatic simulation
2026/08/15 18:12:12.454684 [Incident:Info:toast@toast-new:Origin updated] Origin updated: OT: 2026-08-15 10:54:52,  Lat/Lon: 2.90864°/98.9255°, Depth: 168.46
2026/08/15 18:12:12.454901 [Incident:Info:toast@toast-new:FM updated] FM updated
2026/08/15 18:12:12.455183 [Simulation:Info:toast@toast-new:Simulation not generated] Magnitude 6.38 of event bmg2026pxth is smaller than triggerMinMagnitude: no automatic simulation
2026/08/15 18:12:13.351900 [Incident:Info:toast@toast-new:Origin updated] Origin updated: OT: 2026-08-15 10:54:52,  Lat/Lon: 2.90864°/98.9255°, Depth: 168.46
2026/08/15 18:12:13.352117 [Incident:Info:toast@toast-new:FM updated] FM updated
2026/08/15 18:12:13.352409 [Simulation:Info:toast@toast-new:Simulation not generated] Magnitude 6.38 of event bmg2026pxth is smaller than triggerMinMagnitude: no automatic simulation
2026/08/15 18:12:32.362045 [Incident:Info:toast@toast-new:Origin updated] Origin updated: OT: 2026-08-15 10:54:52,  Lat/Lon: 2.90864°/98.9255°, Depth: 168.46
2026/08/15 18:12:32.362239 [Incident:Info:toast@toast-new:FM updated] FM updated
2026/08/15 18:12:32.362472 [Simulation:Info:toast@toast-new:Simulation not generated] Magnitude 6.38 of event bmg2026pxth is smaller than triggerMinMagnitude: no automatic simulation
2026/08/15 18:12:33.017738 [Incident:Info:toast@toast-new:Origin updated] Origin updated: OT: 2026-08-15 10:54:52,  Lat/Lon: 2.90864°/98.9255°, Depth: 168.46
2026/08/15 18:12:33.017924 [Incident:Info:toast@toast-new:FM updated] FM updated
2026/08/15 18:12:33.018149 [Simulation:Info:toast@toast-new:Simulation not generated] Magnitude 6.38 of event bmg2026pxth is smaller than triggerMinMagnitude: no automatic simulation
2026/08/15 18:12:53.316445 [Incident:Info:toast@toast-new:Origin updated] Origin updated: OT: 2026-08-15 10:54:52,  Lat/Lon: 2.90864°/98.9255°, Depth: 168.46
2026/08/15 18:12:53.316643 [Incident:Info:toast@toast-new:FM updated] FM updated
2026/08/15 18:12:53.316867 [Simulation:Info:toast@toast-new:Simulation not generated] Magnitude 6.38 of event bmg2026pxth is smaller than triggerMinMagnitude: no automatic simulation
2026/08/15 18:12:53.328677 [Incident:Info:toast@toast-new:Origin updated] Origin updated: OT: 2026-08-15 10:54:52,  Lat/Lon: 2.90864°/98.9255°, Depth: 168.46
2026/08/15 18:12:53.328765 [Incident:Info:toast@toast-new:FM updated] FM updated
2026/08/15 18:12:53.328864 [Simulation:Info:toast@toast-new:Simulation not generated] Magnitude 6.38 of event bmg2026pxth is smaller than triggerMinMagnitude: no automatic simulation
2026/08/15 18:13:13.741912 [Incident:Info:toast@toast-new:Origin updated] Origin updated: OT: 2026-08-15 10:54:52,  Lat/Lon: 2.90864°/98.9255°, Depth: 168.46
2026/08/15 18:13:13.742140 [Incident:Info:toast@toast-new:FM updated] FM updated
2026/08/15 18:13:13.742347 [Simulation:Info:toast@toast-new:Simulation not generated] Magnitude 6.38 of event bmg2026pxth is smaller than triggerMinMagnitude: no automatic simulation
2026/08/15 18:13:13.758546 [Incident:Info:toast@toast-new:Origin updated] Origin updated: OT: 2026-08-15 10:54:52,  Lat/Lon: 2.90864°/98.9255°, Depth: 168.46
2026/08/15 18:13:13.758683 [Incident:Info:toast@toast-new:FM updated] FM updated
2026/08/15 18:13:13.758853 [Simulation:Info:toast@toast-new:Simulation not generated] Magnitude 6.38 of event bmg2026pxth is smaller than triggerMinMagnitude: no automatic simulation
2026/08/15 18:13:34.227127 [Incident:Info:toast@toast-new:Origin updated] Origin updated: OT: 2026-08-15 10:54:52,  Lat/Lon: 2.90864°/98.9255°, Depth: 168.46
2026/08/15 18:13:34.227340 [Incident:Info:toast@toast-new:FM updated] FM updated
2026/08/15 18:13:34.227553 [Simulation:Info:toast@toast-new:Simulation not generated] Magnitude 6.38 of event bmg2026pxth is smaller than triggerMinMagnitude: no automatic simulation
2026/08/15 18:13:34.244110 [Incident:Info:toast@toast-new:Origin updated] Origin updated: OT: 2026-08-15 10:54:52,  Lat/Lon: 2.90864°/98.9255°, Depth: 168.46
2026/08/15 18:13:34.244254 [Incident:Info:toast@toast-new:FM updated] FM updated
2026/08/15 18:13:34.244414 [Simulation:Info:toast@toast-new:Simulation not generated] Magnitude 6.38 of event bmg2026pxth is smaller than triggerMinMagnitude: no automatic simulation
2026/08/15 18:13:53.879218 [Incident:Info:toast@toast-new:Origin updated] Origin updated: OT: 2026-08-15 10:54:52,  Lat/Lon: 2.90864°/98.9255°, Depth: 168.46
2026/08/15 18:13:53.879416 [Simulation:Info:toast@toast-new:Simulation not generated] Magnitude 6.38 of event bmg2026pxth is smaller than triggerMinMagnitude: no automatic simulation
2026/08/15 18:13:55.244018 [Incident:Info:toast@toast-new:Origin updated] Origin updated: OT: 2026-08-15 10:54:52,  Lat/Lon: 2.90864°/98.9255°, Depth: 168.46
2026/08/15 18:13:55.244206 [Incident:Info:toast@toast-new:FM updated] FM updated
2026/08/15 18:13:55.244430 [Simulation:Info:toast@toast-new:Simulation not generated] Magnitude 6.38 of event bmg2026pxth is smaller than triggerMinMagnitude: no automatic simulation
2026/08/15 18:14:13.583975 [Incident:Info:toast@toast-new:Origin updated] Origin updated: OT: 2026-08-15 10:54:52,  Lat/Lon: 2.90864°/98.9255°, Depth: 168.46
2026/08/15 18:14:13.584185 [Incident:Info:toast@toast-new:FM updated] FM updated
2026/08/15 18:14:13.584400 [Simulation:Info:toast@toast-new:Simulation not generated] Magnitude 6.38 of event bmg2026pxth is smaller than triggerMinMagnitude: no automatic simulation
2026/08/15 18:14:19.497217 [Incident:Info:toast@toast-new:Origin updated] Origin updated: OT: 2026-08-15 10:54:52,  Lat/Lon: 2.90864°/98.9255°, Depth: 168.46
2026/08/15 18:14:19.497416 [Incident:Info:toast@toast-new:FM updated] FM updated
2026/08/15 18:14:19.497624 [Simulation:Info:toast@toast-new:Simulation not generated] Magnitude 6.38 of event bmg2026pxth is smaller than triggerMinMagnitude: no automatic simulation
2026/08/15 20:40:35.315899 [Incident:Info:toast@toast-new:Origin updated] Origin updated: OT: 2026-08-15 10:54:52,  Lat/Lon: 2.90857°/98.9239°, Depth: 168.589
2026/08/15 20:40:35.316033 [Incident:Info:toast@toast-new:Magnitude updated] Magnitude updated: 6.38 (mb)
2026/08/15 20:40:35.316054 [Simulation:Info:toast@toast-new:Simulation not generated] Magnitude 6.38 of event bmg2026pxth is smaller than triggerMinMagnitude: no automatic simulation
2026/08/15 23:09:12.083138 [Incident:Info:toast@toast-new:Origin updated] Origin updated: OT: 2026-08-15 10:54:52,  Lat/Lon: 2.90857°/98.9239°, Depth: 168.589
2026/08/15 23:09:12.083228 [Incident:Info:toast@toast-new:FM updated] FM updated
2026/08/15 23:09:12.083364 [Simulation:Info:toast@toast-new:Simulation not generated] Magnitude 6.38 of event bmg2026pxth is smaller than triggerMinMagnitude: no automatic simulation
2026/08/15 23:10:12.887038 [Incident:Info:toast@toast-new:Origin updated] Origin updated: OT: 2026-08-15 10:54:52,  Lat/Lon: 2.90857°/98.9239°, Depth: 168.589
2026/08/15 23:10:12.887241 [Simulation:Info:toast@toast-new:Simulation not generated] Magnitude 6.38 of event bmg2026pxth is smaller than triggerMinMagnitude: no automatic simulation
