2026/08/23 02:55:35.076436 [Incident:Info:toast@toast-new:Displacement(s) updated] Added 0 and changed 0 displacements with 0 amplitudes
2026/08/23 02:55:35.079718 [Incident:Info:toast@toast-new:Incident created] Incident created based on event received from messaging: OT: 2026-08-22 19:54:07,  Lat/Lon: -0.27°/123.10°, Depth: 97.48, Mag: 5.22 (M)
2026/08/23 02:55:35.080336 [Simulation:Info:toast@toast-new:Simulation not generated] Magnitude 5.22 of event bmg2026qlfp is smaller than triggerMinMagnitude: no automatic simulation
2026/08/23 02:55:35.100719 [Incident:Info:toast@toast-new:Origin updated] Origin updated: OT: 2026-08-22 19:54:07,  Lat/Lon: -0.27067°/123.1°, Depth: 97.4796
2026/08/23 02:55:35.100880 [Simulation:Info:toast@toast-new:Simulation not generated] Magnitude 5.22 of event bmg2026qlfp is smaller than triggerMinMagnitude: no automatic simulation
2026/08/23 02:55:39.627428 [Incident:Info:toast@toast-new:Origin updated] Origin updated: OT: 2026-08-22 19:54:07,  Lat/Lon: -0.27067°/123.1°, Depth: 97.4796
2026/08/23 02:55:39.629141 [Incident:Info:toast@toast-new:Magnitude updated] Magnitude updated: 5.27 (M)
2026/08/23 02:55:39.629215 [Simulation:Info:toast@toast-new:Simulation not generated] Magnitude 5.27 of event bmg2026qlfp is smaller than triggerMinMagnitude: no automatic simulation
2026/08/23 02:55:44.109646 [Incident:Info:toast@toast-new:Origin updated] Origin updated: OT: 2026-08-22 19:54:07,  Lat/Lon: -0.27067°/123.1°, Depth: 97.4796
2026/08/23 02:55:44.109845 [Incident:Info:toast@toast-new:Magnitude updated] Magnitude updated: 5.30 (M)
2026/08/23 02:55:44.109891 [Simulation:Info:toast@toast-new:Simulation not generated] Magnitude 5.30 of event bmg2026qlfp is smaller than triggerMinMagnitude: no automatic simulation
2026/08/23 02:55:44.131176 [Incident:Info:toast@toast-new:Origin updated] Origin updated: OT: 2026-08-22 19:54:07,  Lat/Lon: -0.288592°/123.072°, Depth: 89.7315
2026/08/23 02:55:44.131302 [Incident:Info:toast@toast-new:Magnitude updated] Magnitude updated: 5.30 (M)
2026/08/23 02:55:44.131327 [Simulation:Info:toast@toast-new:Simulation not generated] Magnitude 5.30 of event bmg2026qlfp is smaller than triggerMinMagnitude: no automatic simulation
2026/08/23 02:55:49.636041 [Incident:Info:toast@toast-new:Origin updated] Origin updated: OT: 2026-08-22 19:54:07,  Lat/Lon: -0.288592°/123.072°, Depth: 89.7315
2026/08/23 02:55:49.636223 [Incident:Info:toast@toast-new:Magnitude updated] Magnitude updated: 5.33 (M)
2026/08/23 02:55:49.636264 [Simulation:Info:toast@toast-new:Simulation not generated] Magnitude 5.33 of event bmg2026qlfp is smaller than triggerMinMagnitude: no automatic simulation
2026/08/23 02:55:54.115788 [Incident:Info:toast@toast-new:Origin updated] Origin updated: OT: 2026-08-22 19:54:07,  Lat/Lon: -0.288592°/123.072°, Depth: 89.7315
2026/08/23 02:55:54.115962 [Incident:Info:toast@toast-new:Magnitude updated] Magnitude updated: 5.34 (M)
2026/08/23 02:55:54.115995 [Simulation:Info:toast@toast-new:Simulation not generated] Magnitude 5.34 of event bmg2026qlfp is smaller than triggerMinMagnitude: no automatic simulation
2026/08/23 02:55:54.136170 [Incident:Info:toast@toast-new:Origin updated] Origin updated: OT: 2026-08-22 19:54:08,  Lat/Lon: -0.299698°/123.061°, Depth: 81.0982
2026/08/23 02:55:54.136310 [Incident:Info:toast@toast-new:Magnitude updated] Magnitude updated: 5.52 (M)
2026/08/23 02:55:54.136339 [Simulation:Info:toast@toast-new:Simulation not generated] Magnitude 5.52 of event bmg2026qlfp is smaller than triggerMinMagnitude: no automatic simulation
2026/08/23 02:55:59.641865 [Incident:Info:toast@toast-new:Origin updated] Origin updated: OT: 2026-08-22 19:54:08,  Lat/Lon: -0.299698°/123.061°, Depth: 81.0982
2026/08/23 02:55:59.642048 [Incident:Info:toast@toast-new:Magnitude updated] Magnitude updated: 5.53 (M)
2026/08/23 02:55:59.642089 [Simulation:Info:toast@toast-new:Simulation not generated] Magnitude 5.53 of event bmg2026qlfp is smaller than triggerMinMagnitude: no automatic simulation
2026/08/23 02:56:04.625720 [Incident:Info:toast@toast-new:Origin updated] Origin updated: OT: 2026-08-22 19:54:08,  Lat/Lon: -0.299698°/123.061°, Depth: 81.0982
2026/08/23 02:56:04.625927 [Incident:Info:toast@toast-new:Magnitude updated] Magnitude updated: 5.55 (M)
2026/08/23 02:56:04.625975 [Simulation:Info:toast@toast-new:Simulation not generated] Magnitude 5.55 of event bmg2026qlfp is smaller than triggerMinMagnitude: no automatic simulation
2026/08/23 02:56:09.624690 [Incident:Info:toast@toast-new:Origin updated] Origin updated: OT: 2026-08-22 19:54:08,  Lat/Lon: -0.299698°/123.061°, Depth: 81.0982
2026/08/23 02:56:09.624896 [Incident:Info:toast@toast-new:Magnitude updated] Magnitude updated: 5.55 (M)
2026/08/23 02:56:09.624968 [Simulation:Info:toast@toast-new:Simulation not generated] Magnitude 5.55 of event bmg2026qlfp is smaller than triggerMinMagnitude: no automatic simulation
2026/08/23 02:56:10.562680 [Incident:Info:toast@toast-new:Origin updated] Origin updated: OT: 2026-08-22 19:54:08,  Lat/Lon: -0.30269°/123.057°, Depth: 63.3506
2026/08/23 02:56:10.562911 [Incident:Info:toast@toast-new:Magnitude updated] Magnitude updated: 5.28 (M)
2026/08/23 02:56:10.562962 [Simulation:Info:toast@toast-new:Simulation not generated] Magnitude 5.28 of event bmg2026qlfp is smaller than triggerMinMagnitude: no automatic simulation
2026/08/23 02:56:14.669640 [Incident:Info:toast@toast-new:Origin updated] Origin updated: OT: 2026-08-22 19:54:08,  Lat/Lon: -0.30269°/123.057°, Depth: 63.3506
2026/08/23 02:56:14.669801 [Incident:Info:toast@toast-new:Magnitude updated] Magnitude updated: 5.29 (M)
2026/08/23 02:56:14.669832 [Simulation:Info:toast@toast-new:Simulation not generated] Magnitude 5.29 of event bmg2026qlfp is smaller than triggerMinMagnitude: no automatic simulation
2026/08/23 02:56:19.682168 [Incident:Info:toast@toast-new:Origin updated] Origin updated: OT: 2026-08-22 19:54:08,  Lat/Lon: -0.30269°/123.057°, Depth: 63.3506
2026/08/23 02:56:19.683823 [Incident:Info:toast@toast-new:Magnitude updated] Magnitude updated: 5.30 (M)
2026/08/23 02:56:19.683858 [Simulation:Info:toast@toast-new:Simulation not generated] Magnitude 5.30 of event bmg2026qlfp is smaller than triggerMinMagnitude: no automatic simulation
2026/08/23 02:56:23.564713 [Incident:Info:toast@toast-new:Origin updated] Origin updated: OT: 2026-08-22 19:54:08,  Lat/Lon: -0.304894°/123.063°, Depth: 85.7879
2026/08/23 02:56:23.564955 [Incident:Info:toast@toast-new:Magnitude updated] Magnitude updated: 5.33 (MLv)
2026/08/23 02:56:23.564997 [Simulation:Info:toast@toast-new:Simulation not generated] Magnitude 5.33 of event bmg2026qlfp is smaller than triggerMinMagnitude: no automatic simulation
2026/08/23 02:56:23.635142 [Incident:Info:toast@toast-new:Origin updated] Origin updated: OT: 2026-08-22 19:54:08,  Lat/Lon: -0.304894°/123.063°, Depth: 85.7879
2026/08/23 02:56:23.635265 [Incident:Info:toast@toast-new:Magnitude updated] Magnitude updated: 5.40 (M)
2026/08/23 02:56:23.635299 [Simulation:Info:toast@toast-new:Simulation not generated] Magnitude 5.40 of event bmg2026qlfp is smaller than triggerMinMagnitude: no automatic simulation
2026/08/23 02:56:29.724782 [Incident:Info:toast@toast-new:Origin updated] Origin updated: OT: 2026-08-22 19:54:08,  Lat/Lon: -0.304894°/123.063°, Depth: 85.7879
2026/08/23 02:56:29.724975 [Incident:Info:toast@toast-new:Magnitude updated] Magnitude updated: 5.38 (M)
2026/08/23 02:56:29.725020 [Simulation:Info:toast@toast-new:Simulation not generated] Magnitude 5.38 of event bmg2026qlfp is smaller than triggerMinMagnitude: no automatic simulation
2026/08/23 02:56:34.403987 [Incident:Info:toast@toast-new:Origin updated] Origin updated: OT: 2026-08-22 19:54:08,  Lat/Lon: -0.304894°/123.063°, Depth: 85.7879
2026/08/23 02:56:34.404150 [Incident:Info:toast@toast-new:Magnitude updated] Magnitude updated: 5.38 (M)
2026/08/23 02:56:34.404191 [Simulation:Info:toast@toast-new:Simulation not generated] Magnitude 5.38 of event bmg2026qlfp is smaller than triggerMinMagnitude: no automatic simulation
2026/08/23 02:56:39.699448 [Incident:Info:toast@toast-new:Origin updated] Origin updated: OT: 2026-08-22 19:54:08,  Lat/Lon: -0.304894°/123.063°, Depth: 85.7879
2026/08/23 02:56:39.699654 [Incident:Info:toast@toast-new:Magnitude updated] Magnitude updated: 5.26 (M)
2026/08/23 02:56:39.699712 [Simulation:Info:toast@toast-new:Simulation not generated] Magnitude 5.26 of event bmg2026qlfp is smaller than triggerMinMagnitude: no automatic simulation
2026/08/23 02:56:44.777478 [Incident:Info:toast@toast-new:Origin updated] Origin updated: OT: 2026-08-22 19:54:08,  Lat/Lon: -0.304894°/123.063°, Depth: 85.7879
2026/08/23 02:56:44.777684 [Incident:Info:toast@toast-new:Magnitude updated] Magnitude updated: 5.24 (M)
2026/08/23 02:56:44.777756 [Simulation:Info:toast@toast-new:Simulation not generated] Magnitude 5.24 of event bmg2026qlfp is smaller than triggerMinMagnitude: no automatic simulation
2026/08/23 02:56:54.733487 [Incident:Info:toast@toast-new:Origin updated] Origin updated: OT: 2026-08-22 19:54:08,  Lat/Lon: -0.304894°/123.063°, Depth: 85.7879
2026/08/23 02:56:54.733692 [Incident:Info:toast@toast-new:Magnitude updated] Magnitude updated: 5.25 (M)
2026/08/23 02:56:54.733744 [Simulation:Info:toast@toast-new:Simulation not generated] Magnitude 5.25 of event bmg2026qlfp is smaller than triggerMinMagnitude: no automatic simulation
2026/08/23 02:56:59.776859 [Incident:Info:toast@toast-new:Origin updated] Origin updated: OT: 2026-08-22 19:54:08,  Lat/Lon: -0.304894°/123.063°, Depth: 85.7879
2026/08/23 02:56:59.777041 [Incident:Info:toast@toast-new:Magnitude updated] Magnitude updated: 5.25 (M)
2026/08/23 02:56:59.777084 [Simulation:Info:toast@toast-new:Simulation not generated] Magnitude 5.25 of event bmg2026qlfp is smaller than triggerMinMagnitude: no automatic simulation
2026/08/23 02:57:04.772743 [Incident:Info:toast@toast-new:Origin updated] Origin updated: OT: 2026-08-22 19:54:08,  Lat/Lon: -0.304894°/123.063°, Depth: 85.7879
2026/08/23 02:57:04.772943 [Incident:Info:toast@toast-new:Magnitude updated] Magnitude updated: 5.25 (M)
2026/08/23 02:57:04.772992 [Simulation:Info:toast@toast-new:Simulation not generated] Magnitude 5.25 of event bmg2026qlfp is smaller than triggerMinMagnitude: no automatic simulation
2026/08/23 02:57:09.830242 [Incident:Info:toast@toast-new:Origin updated] Origin updated: OT: 2026-08-22 19:54:08,  Lat/Lon: -0.304894°/123.063°, Depth: 85.7879
2026/08/23 02:57:09.830426 [Incident:Info:toast@toast-new:Magnitude updated] Magnitude updated: 5.21 (M)
2026/08/23 02:57:09.830467 [Simulation:Info:toast@toast-new:Simulation not generated] Magnitude 5.21 of event bmg2026qlfp is smaller than triggerMinMagnitude: no automatic simulation
2026/08/23 02:57:25.780484 [Incident:Info:toast@toast-new:Origin updated] Origin updated: OT: 2026-08-22 19:54:08,  Lat/Lon: -0.304894°/123.063°, Depth: 85.7879
2026/08/23 02:57:25.780655 [Incident:Info:toast@toast-new:FM updated] FM updated
2026/08/23 02:57:25.780889 [Simulation:Info:toast@toast-new:Simulation not generated] Magnitude 5.21 of event bmg2026qlfp is smaller than triggerMinMagnitude: no automatic simulation
2026/08/23 02:57:30.619745 [Incident:Info:toast@toast-new:Origin updated] Origin updated: OT: 2026-08-22 19:54:08,  Lat/Lon: -0.291651°/123.043°, Depth: 86.266
2026/08/23 02:57:30.619925 [Incident:Info:toast@toast-new:Magnitude updated] Magnitude updated: 5.39 (MLv)
2026/08/23 02:57:30.619973 [Simulation:Info:toast@toast-new:Simulation not generated] Magnitude 5.39 of event bmg2026qlfp is smaller than triggerMinMagnitude: no automatic simulation
2026/08/23 02:57:30.756865 [Incident:Info:toast@toast-new:Origin updated] Origin updated: OT: 2026-08-22 19:54:08,  Lat/Lon: -0.291651°/123.043°, Depth: 86.266
2026/08/23 02:57:30.757011 [Incident:Info:toast@toast-new:Magnitude updated] Magnitude updated: 5.12 (M)
2026/08/23 02:57:30.757056 [Simulation:Info:toast@toast-new:Simulation not generated] Magnitude 5.12 of event bmg2026qlfp is smaller than triggerMinMagnitude: no automatic simulation
2026/08/23 02:57:34.783268 [Incident:Info:toast@toast-new:Origin updated] Origin updated: OT: 2026-08-22 19:54:08,  Lat/Lon: -0.291651°/123.043°, Depth: 86.266
2026/08/23 02:57:34.783449 [Incident:Info:toast@toast-new:Magnitude updated] Magnitude updated: 5.12 (M)
2026/08/23 02:57:34.783494 [Simulation:Info:toast@toast-new:Simulation not generated] Magnitude 5.12 of event bmg2026qlfp is smaller than triggerMinMagnitude: no automatic simulation
2026/08/23 02:57:49.807456 [Incident:Info:toast@toast-new:Origin updated] Origin updated: OT: 2026-08-22 19:54:08,  Lat/Lon: -0.291651°/123.043°, Depth: 86.266
2026/08/23 02:57:49.807658 [Incident:Info:toast@toast-new:Magnitude updated] Magnitude updated: 5.12 (M)
2026/08/23 02:57:49.807704 [Simulation:Info:toast@toast-new:Simulation not generated] Magnitude 5.12 of event bmg2026qlfp is smaller than triggerMinMagnitude: no automatic simulation
2026/08/23 02:58:04.777995 [Incident:Info:toast@toast-new:Origin updated] Origin updated: OT: 2026-08-22 19:54:08,  Lat/Lon: -0.291651°/123.043°, Depth: 86.266
2026/08/23 02:58:04.778159 [Incident:Info:toast@toast-new:FM updated] FM updated
2026/08/23 02:58:04.778415 [Simulation:Info:toast@toast-new:Simulation not generated] Magnitude 5.12 of event bmg2026qlfp is smaller than triggerMinMagnitude: no automatic simulation
2026/08/23 03:00:29.773830 [Incident:Info:toast@toast-new:Origin updated] Origin updated: OT: 2026-08-22 19:54:08,  Lat/Lon: -0.291651°/123.043°, Depth: 86.266
2026/08/23 03:00:29.774012 [Incident:Info:toast@toast-new:FM updated] FM updated
2026/08/23 03:00:29.774258 [Simulation:Info:toast@toast-new:Simulation not generated] Magnitude 5.12 of event bmg2026qlfp is smaller than triggerMinMagnitude: no automatic simulation
2026/08/23 03:01:23.632995 [Incident:Info:toast@toast-new:Origin updated] Origin updated: OT: 2026-08-22 19:54:08,  Lat/Lon: -0.257846°/123.051°, Depth: 95.8807
2026/08/23 03:01:23.633230 [Incident:Info:toast@toast-new:Magnitude updated] Magnitude updated: 5.11 (mb)
2026/08/23 03:01:23.633283 [Simulation:Info:toast@toast-new:Simulation not generated] Magnitude 5.11 of event bmg2026qlfp is smaller than triggerMinMagnitude: no automatic simulation
2026/08/23 13:40:02.651712 [Incident:Info:toast@toast-new:Origin updated] Origin updated: OT: 2026-08-22 19:54:08,  Lat/Lon: -0.292123°/123.058°, Depth: 87.5977
2026/08/23 13:40:02.651973 [Incident:Info:toast@toast-new:Magnitude updated] Magnitude updated: 5.30 (mb)
2026/08/23 13:40:02.652040 [Simulation:Info:toast@toast-new:Simulation not generated] Magnitude 5.30 of event bmg2026qlfp is smaller than triggerMinMagnitude: no automatic simulation
2026/08/23 13:40:17.198520 [Incident:Info:toast@toast-new:Origin updated] Origin updated: OT: 2026-08-22 19:54:08,  Lat/Lon: -0.292123°/123.058°, Depth: 87.5977
2026/08/23 13:40:17.198728 [Incident:Info:toast@toast-new:Magnitude updated] Magnitude updated: 5.43 (MLv)
2026/08/23 13:40:17.198801 [Simulation:Info:toast@toast-new:Simulation not generated] Magnitude 5.43 of event bmg2026qlfp is smaller than triggerMinMagnitude: no automatic simulation
2026/08/26 13:06:12.876413 [Incident:Info:toast@toast-new:Incident removed] Removed incident - Bye
