2026/08/15 05:09:34.087769 [Incident:Info:toast@toast-new:Displacement(s) updated] Added 0 and changed 0 displacements with 0 amplitudes
2026/08/15 05:09:34.088477 [Incident:Info:toast@toast-new:Incident created] Incident created based on event received from messaging: OT: 2026-08-14 22:06:31,  Lat/Lon: -8.29°/121.37°, Depth: 10.00, Mag: 5.75 (MLv)
2026/08/15 05:09:34.089117 [Simulation:Info:toast@toast-new:Simulation not generated] Magnitude 5.75 of event bmg2026pwty is smaller than triggerMinMagnitude: no automatic simulation
2026/08/15 05:09:34.300722 [Incident:Info:toast@toast-new:Origin updated] Origin updated: OT: 2026-08-14 22:06:31,  Lat/Lon: -8.28546°/121.37°, Depth: 10
2026/08/15 05:09:34.300813 [Simulation:Info:toast@toast-new:Simulation not generated] Magnitude 5.75 of event bmg2026pwty is smaller than triggerMinMagnitude: no automatic simulation
2026/08/15 05:09:34.311250 [Incident:Info:toast@toast-new:Origin updated] Origin updated: OT: 2026-08-14 22:06:31,  Lat/Lon: -8.28546°/121.37°, Depth: 10
2026/08/15 05:09:34.311330 [Incident:Info:toast@toast-new:Magnitude updated] Magnitude updated: 6.08 (M)
2026/08/15 05:09:34.311358 [Simulation:Info:toast@toast-new:Simulation not generated] Magnitude 6.08 of event bmg2026pwty is smaller than triggerMinMagnitude: no automatic simulation
2026/08/15 05:09:44.613769 [Incident:Info:toast@toast-new:Origin updated] Origin updated: OT: 2026-08-14 22:06:31,  Lat/Lon: -8.28546°/121.37°, Depth: 10
2026/08/15 05:09:44.613903 [Incident:Info:toast@toast-new:Magnitude updated] Magnitude updated: 6.15 (M)
2026/08/15 05:09:44.613933 [Simulation:Info:toast@toast-new:Simulation not generated] Magnitude 6.15 of event bmg2026pwty is smaller than triggerMinMagnitude: no automatic simulation
2026/08/15 05:09:49.628852 [Incident:Info:toast@toast-new:Origin updated] Origin updated: OT: 2026-08-14 22:06:31,  Lat/Lon: -8.28546°/121.37°, Depth: 10
2026/08/15 05:09:49.628980 [Incident:Info:toast@toast-new:Magnitude updated] Magnitude updated: 6.24 (M)
2026/08/15 05:09:49.629020 [Simulation:Info:toast@toast-new:Simulation not generated] Magnitude 6.24 of event bmg2026pwty is smaller than triggerMinMagnitude: no automatic simulation
2026/08/15 05:11:43.149594 [Incident:Info:toast@toast-new:Origin updated] Origin updated: OT: 2026-08-14 22:06:31,  Lat/Lon: -8.28546°/121.37°, Depth: 10
2026/08/15 05:11:43.149704 [Incident:Info:toast@toast-new:Magnitude updated] Magnitude updated: 5.90 (MLv)
2026/08/15 05:11:43.149733 [Simulation:Info:toast@toast-new:Simulation not generated] Magnitude 5.90 of event bmg2026pwty is smaller than triggerMinMagnitude: no automatic simulation
2026/08/15 05:12:23.370342 [Incident:Info:toast@toast-new:Origin updated] Origin updated: OT: 2026-08-14 22:06:31,  Lat/Lon: -8.28269°/121.367°, Depth: 10
2026/08/15 05:12:23.370502 [Incident:Info:toast@toast-new:Magnitude updated] Magnitude updated: 5.90 (MLv)
2026/08/15 05:12:23.370541 [Simulation:Info:toast@toast-new:Simulation not generated] Magnitude 5.90 of event bmg2026pwty is smaller than triggerMinMagnitude: no automatic simulation
2026/08/15 05:12:24.653587 [Incident:Info:toast@toast-new:Origin updated] Origin updated: OT: 2026-08-14 22:06:31,  Lat/Lon: -8.28269°/121.367°, Depth: 10
2026/08/15 05:12:24.653720 [Incident:Info:toast@toast-new:Magnitude updated] Magnitude updated: 5.85 (MLv)
2026/08/15 05:12:24.653748 [Simulation:Info:toast@toast-new:Simulation not generated] Magnitude 5.85 of event bmg2026pwty is smaller than triggerMinMagnitude: no automatic simulation
2026/08/15 08:45:40.183470 [Incident:Info:toast@toast-new:Origin updated] Origin updated: OT: 2026-08-14 22:06:31,  Lat/Lon: -8.26319°/121.373°, Depth: 10
2026/08/15 08:45:40.183665 [Incident:Info:toast@toast-new:Magnitude updated] Magnitude updated: 5.93 (MLv)
2026/08/15 08:45:40.183700 [Simulation:Info:toast@toast-new:Simulation not generated] Magnitude 5.93 of event bmg2026pwty is smaller than triggerMinMagnitude: no automatic simulation
2026/08/15 09:40:56.861690 [Incident:Info:toast@toast-new:Origin updated] Origin updated: OT: 2026-08-14 22:06:31,  Lat/Lon: -8.26319°/121.373°, Depth: 10
2026/08/15 09:40:56.861903 [Incident:Info:toast@toast-new:FM updated] FM updated
2026/08/15 09:40:56.862081 [Simulation:Info:toast@toast-new:Simulation not generated] Magnitude 5.93 of event bmg2026pwty is smaller than triggerMinMagnitude: no automatic simulation
2026/08/18 16:22:01.796753 [Incident:Info:toast@toast-new:Origin updated] Origin updated: OT: 2026-08-14 22:06:29,  Lat/Lon: -8.22296°/121.412°, Depth: 5
2026/08/18 16:22:01.797004 [Incident:Info:toast@toast-new:Magnitude updated] Magnitude updated: 5.95 (MLv)
2026/08/18 16:22:01.797050 [Incident:Info:toast@toast-new:FM updated] FM updated
2026/08/18 16:22:01.797308 [Simulation:Info:toast@toast-new:Simulation not generated] Magnitude 5.95 of event bmg2026pwty is smaller than triggerMinMagnitude: no automatic simulation
2026/08/18 16:22:01.874475 [Incident:Info:toast@toast-new:Origin updated] Origin updated: OT: 2026-08-14 22:06:29,  Lat/Lon: -8.22296°/121.412°, Depth: 5
2026/08/18 16:22:01.874575 [Simulation:Info:toast@toast-new:Simulation not generated] Magnitude 5.95 of event bmg2026pwty is smaller than triggerMinMagnitude: no automatic simulation
