2026/06/08 08:13:15.008987 [Incident:Info:toast@toast-new:Displacement(s) updated] Added 0 and changed 0 displacements with 0 amplitudes
2026/06/08 08:13:15.012786 [Incident:Info:toast@toast-new:Incident created] Incident created based on event received from messaging: OT: 2026-06-08 01:10:54,  Lat/Lon: 5.13°/125.18°, Depth: 151.32, Mag: 5.17 (M)
2026/06/08 08:13:15.013515 [Simulation:Info:toast@toast-new:Simulation not generated] Magnitude 5.17 of event bmg2026lctv is smaller than triggerMinMagnitude: no automatic simulation
2026/06/08 08:13:15.033010 [Incident:Info:toast@toast-new:Origin updated] Origin updated: OT: 2026-06-08 01:10:54,  Lat/Lon: 5.1254°/125.183°, Depth: 151.317
2026/06/08 08:13:15.033153 [Simulation:Info:toast@toast-new:Simulation not generated] Magnitude 5.17 of event bmg2026lctv is smaller than triggerMinMagnitude: no automatic simulation
2026/06/08 08:13:18.913600 [Incident:Info:toast@toast-new:Origin updated] Origin updated: OT: 2026-06-08 01:10:54,  Lat/Lon: 5.1254°/125.183°, Depth: 151.317
2026/06/08 08:13:18.913782 [Incident:Info:toast@toast-new:Magnitude updated] Magnitude updated: 5.17 (M)
2026/06/08 08:13:18.913828 [Simulation:Info:toast@toast-new:Simulation not generated] Magnitude 5.17 of event bmg2026lctv is smaller than triggerMinMagnitude: no automatic simulation
2026/06/08 08:13:23.562796 [Incident:Info:toast@toast-new:Origin updated] Origin updated: OT: 2026-06-08 01:10:43,  Lat/Lon: 5.87578°/125.111°, Depth: 10
2026/06/08 08:13:23.562998 [Incident:Info:toast@toast-new:Magnitude updated] Magnitude updated: 5.47 (M)
2026/06/08 08:13:23.563034 [Simulation:Info:toast@toast-new:Simulation not generated] Magnitude 5.47 of event bmg2026lctv is smaller than triggerMinMagnitude: no automatic simulation
2026/06/08 08:13:28.930479 [Incident:Info:toast@toast-new:Origin updated] Origin updated: OT: 2026-06-08 01:10:43,  Lat/Lon: 5.87578°/125.111°, Depth: 10
2026/06/08 08:13:28.930674 [Incident:Info:toast@toast-new:Magnitude updated] Magnitude updated: 5.47 (M)
2026/06/08 08:13:28.930723 [Simulation:Info:toast@toast-new:Simulation not generated] Magnitude 5.47 of event bmg2026lctv is smaller than triggerMinMagnitude: no automatic simulation
2026/06/08 08:13:33.546658 [Incident:Info:toast@toast-new:Origin updated] Origin updated: OT: 2026-06-08 01:10:44,  Lat/Lon: 5.80477°/125.102°, Depth: 10
2026/06/08 08:13:33.546886 [Incident:Info:toast@toast-new:Magnitude updated] Magnitude updated: 5.45 (M)
2026/06/08 08:13:33.546963 [Simulation:Info:toast@toast-new:Simulation not generated] Magnitude 5.45 of event bmg2026lctv is smaller than triggerMinMagnitude: no automatic simulation
2026/06/08 08:13:38.964740 [Incident:Info:toast@toast-new:Origin updated] Origin updated: OT: 2026-06-08 01:10:44,  Lat/Lon: 5.80477°/125.102°, Depth: 10
2026/06/08 08:13:38.964888 [Incident:Info:toast@toast-new:Magnitude updated] Magnitude updated: 5.46 (M)
2026/06/08 08:13:38.964929 [Simulation:Info:toast@toast-new:Simulation not generated] Magnitude 5.46 of event bmg2026lctv is smaller than triggerMinMagnitude: no automatic simulation
2026/06/08 08:13:43.507133 [Incident:Info:toast@toast-new:Origin updated] Origin updated: OT: 2026-06-08 01:10:46,  Lat/Lon: 5.66784°/125.108°, Depth: 10
2026/06/08 08:13:43.507342 [Incident:Info:toast@toast-new:Magnitude updated] Magnitude updated: 5.45 (M)
2026/06/08 08:13:43.507386 [Simulation:Info:toast@toast-new:Simulation not generated] Magnitude 5.45 of event bmg2026lctv is smaller than triggerMinMagnitude: no automatic simulation
2026/06/08 08:13:48.932544 [Incident:Info:toast@toast-new:Origin updated] Origin updated: OT: 2026-06-08 01:10:46,  Lat/Lon: 5.66784°/125.108°, Depth: 10
2026/06/08 08:13:48.932739 [Incident:Info:toast@toast-new:Magnitude updated] Magnitude updated: 5.45 (M)
2026/06/08 08:13:48.932785 [Simulation:Info:toast@toast-new:Simulation not generated] Magnitude 5.45 of event bmg2026lctv is smaller than triggerMinMagnitude: no automatic simulation
2026/06/08 08:13:53.927272 [Incident:Info:toast@toast-new:Origin updated] Origin updated: OT: 2026-06-08 01:10:46,  Lat/Lon: 5.66784°/125.108°, Depth: 10
2026/06/08 08:13:53.927510 [Incident:Info:toast@toast-new:Magnitude updated] Magnitude updated: 5.45 (M)
2026/06/08 08:13:53.927560 [Simulation:Info:toast@toast-new:Simulation not generated] Magnitude 5.45 of event bmg2026lctv is smaller than triggerMinMagnitude: no automatic simulation
2026/06/08 08:13:54.161311 [Incident:Info:toast@toast-new:Origin updated] Origin updated: OT: 2026-06-08 01:10:57,  Lat/Lon: 4.78124°/125.17°, Depth: 10
2026/06/08 08:13:54.161492 [Incident:Info:toast@toast-new:Magnitude updated] Magnitude updated: 5.35 (M)
2026/06/08 08:13:54.161529 [Simulation:Info:toast@toast-new:Simulation not generated] Magnitude 5.35 of event bmg2026lctv is smaller than triggerMinMagnitude: no automatic simulation
2026/06/08 08:13:59.011659 [Incident:Info:toast@toast-new:Origin updated] Origin updated: OT: 2026-06-08 01:10:57,  Lat/Lon: 4.78124°/125.17°, Depth: 10
2026/06/08 08:13:59.011848 [Incident:Info:toast@toast-new:Magnitude updated] Magnitude updated: 5.35 (M)
2026/06/08 08:13:59.011892 [Simulation:Info:toast@toast-new:Simulation not generated] Magnitude 5.35 of event bmg2026lctv is smaller than triggerMinMagnitude: no automatic simulation
2026/06/08 08:14:03.945042 [Incident:Info:toast@toast-new:Origin updated] Origin updated: OT: 2026-06-08 01:10:57,  Lat/Lon: 4.78124°/125.17°, Depth: 10
2026/06/08 08:14:03.945229 [Incident:Info:toast@toast-new:Magnitude updated] Magnitude updated: 5.36 (M)
2026/06/08 08:14:03.945279 [Simulation:Info:toast@toast-new:Simulation not generated] Magnitude 5.36 of event bmg2026lctv is smaller than triggerMinMagnitude: no automatic simulation
2026/06/08 08:14:08.994441 [Incident:Info:toast@toast-new:Origin updated] Origin updated: OT: 2026-06-08 01:10:57,  Lat/Lon: 4.78124°/125.17°, Depth: 10
2026/06/08 08:14:08.994633 [Incident:Info:toast@toast-new:Magnitude updated] Magnitude updated: 5.36 (M)
2026/06/08 08:14:08.994679 [Simulation:Info:toast@toast-new:Simulation not generated] Magnitude 5.36 of event bmg2026lctv is smaller than triggerMinMagnitude: no automatic simulation
2026/06/08 08:14:10.373681 [Incident:Info:toast@toast-new:Origin updated] Origin updated: OT: 2026-06-08 01:10:57,  Lat/Lon: 4.75698°/125.154°, Depth: 10
2026/06/08 08:14:10.373894 [Incident:Info:toast@toast-new:Magnitude updated] Magnitude updated: 5.35 (M)
2026/06/08 08:14:10.373939 [Simulation:Info:toast@toast-new:Simulation not generated] Magnitude 5.35 of event bmg2026lctv is smaller than triggerMinMagnitude: no automatic simulation
2026/06/08 08:14:13.972745 [Incident:Info:toast@toast-new:Origin updated] Origin updated: OT: 2026-06-08 01:10:57,  Lat/Lon: 4.75698°/125.154°, Depth: 10
2026/06/08 08:14:13.972916 [Incident:Info:toast@toast-new:Magnitude updated] Magnitude updated: 5.36 (M)
2026/06/08 08:14:13.972954 [Simulation:Info:toast@toast-new:Simulation not generated] Magnitude 5.36 of event bmg2026lctv is smaller than triggerMinMagnitude: no automatic simulation
2026/06/08 08:14:18.998670 [Incident:Info:toast@toast-new:Origin updated] Origin updated: OT: 2026-06-08 01:10:57,  Lat/Lon: 4.75698°/125.154°, Depth: 10
2026/06/08 08:14:18.998871 [Incident:Info:toast@toast-new:Magnitude updated] Magnitude updated: 5.37 (M)
2026/06/08 08:14:18.998934 [Simulation:Info:toast@toast-new:Simulation not generated] Magnitude 5.37 of event bmg2026lctv is smaller than triggerMinMagnitude: no automatic simulation
2026/06/08 08:14:23.882121 [Incident:Info:toast@toast-new:Origin updated] Origin updated: OT: 2026-06-08 01:10:57,  Lat/Lon: 4.75698°/125.154°, Depth: 10
2026/06/08 08:14:23.882315 [Incident:Info:toast@toast-new:Magnitude updated] Magnitude updated: 5.37 (M)
2026/06/08 08:14:23.882360 [Simulation:Info:toast@toast-new:Simulation not generated] Magnitude 5.37 of event bmg2026lctv is smaller than triggerMinMagnitude: no automatic simulation
2026/06/08 08:14:28.697449 [Incident:Info:toast@toast-new:Origin updated] Origin updated: OT: 2026-06-08 01:10:57,  Lat/Lon: 4.74911°/125.16°, Depth: 10
2026/06/08 08:14:28.697655 [Incident:Info:toast@toast-new:Magnitude updated] Magnitude updated: 5.37 (M)
2026/06/08 08:14:28.697716 [Simulation:Info:toast@toast-new:Simulation not generated] Magnitude 5.37 of event bmg2026lctv is smaller than triggerMinMagnitude: no automatic simulation
2026/06/08 08:14:34.007397 [Incident:Info:toast@toast-new:Origin updated] Origin updated: OT: 2026-06-08 01:10:57,  Lat/Lon: 4.74911°/125.16°, Depth: 10
2026/06/08 08:14:34.007574 [Incident:Info:toast@toast-new:Magnitude updated] Magnitude updated: 5.37 (M)
2026/06/08 08:14:34.007613 [Simulation:Info:toast@toast-new:Simulation not generated] Magnitude 5.37 of event bmg2026lctv is smaller than triggerMinMagnitude: no automatic simulation
2026/06/08 08:14:38.977734 [Incident:Info:toast@toast-new:Origin updated] Origin updated: OT: 2026-06-08 01:10:57,  Lat/Lon: 4.74911°/125.16°, Depth: 10
2026/06/08 08:14:38.977936 [Incident:Info:toast@toast-new:Magnitude updated] Magnitude updated: 5.37 (M)
2026/06/08 08:14:38.977985 [Simulation:Info:toast@toast-new:Simulation not generated] Magnitude 5.37 of event bmg2026lctv is smaller than triggerMinMagnitude: no automatic simulation
2026/06/08 08:14:48.581120 [Incident:Info:toast@toast-new:Origin updated] Origin updated: OT: 2026-06-08 01:10:58,  Lat/Lon: 4.67439°/125.158°, Depth: 10
2026/06/08 08:14:48.581341 [Incident:Info:toast@toast-new:Magnitude updated] Magnitude updated: 5.37 (M)
2026/06/08 08:14:48.581388 [Simulation:Info:toast@toast-new:Simulation not generated] Magnitude 5.37 of event bmg2026lctv is smaller than triggerMinMagnitude: no automatic simulation
2026/06/08 08:14:50.010762 [Incident:Info:toast@toast-new:Origin updated] Origin updated: OT: 2026-06-08 01:10:58,  Lat/Lon: 4.67439°/125.158°, Depth: 10
2026/06/08 08:14:50.010931 [Incident:Info:toast@toast-new:Magnitude updated] Magnitude updated: 5.37 (M)
2026/06/08 08:14:50.010976 [Simulation:Info:toast@toast-new:Simulation not generated] Magnitude 5.37 of event bmg2026lctv is smaller than triggerMinMagnitude: no automatic simulation
2026/06/08 08:15:03.965392 [Incident:Info:toast@toast-new:Origin updated] Origin updated: OT: 2026-06-08 01:10:58,  Lat/Lon: 4.67439°/125.158°, Depth: 10
2026/06/08 08:15:03.965586 [Incident:Info:toast@toast-new:Magnitude updated] Magnitude updated: 5.37 (M)
2026/06/08 08:15:03.965630 [Simulation:Info:toast@toast-new:Simulation not generated] Magnitude 5.37 of event bmg2026lctv is smaller than triggerMinMagnitude: no automatic simulation
2026/06/08 08:15:08.628759 [Incident:Info:toast@toast-new:Origin updated] Origin updated: OT: 2026-06-08 01:10:58,  Lat/Lon: 4.69102°/125.151°, Depth: 10
2026/06/08 08:15:08.628969 [Incident:Info:toast@toast-new:Magnitude updated] Magnitude updated: 5.38 (M)
2026/06/08 08:15:08.629021 [Simulation:Info:toast@toast-new:Simulation not generated] Magnitude 5.38 of event bmg2026lctv is smaller than triggerMinMagnitude: no automatic simulation
2026/06/08 08:15:13.913206 [Incident:Info:toast@toast-new:Origin updated] Origin updated: OT: 2026-06-08 01:10:58,  Lat/Lon: 4.69102°/125.151°, Depth: 10
2026/06/08 08:15:13.913397 [Incident:Info:toast@toast-new:Magnitude updated] Magnitude updated: 5.38 (M)
2026/06/08 08:15:13.913445 [Simulation:Info:toast@toast-new:Simulation not generated] Magnitude 5.38 of event bmg2026lctv is smaller than triggerMinMagnitude: no automatic simulation
2026/06/08 08:15:24.199707 [Incident:Info:toast@toast-new:Origin updated] Origin updated: OT: 2026-06-08 01:10:45,  Lat/Lon: 5.67682°/125.116°, Depth: 10
2026/06/08 08:15:24.199931 [Incident:Info:toast@toast-new:Magnitude updated] Magnitude updated: 5.50 (MLv)
2026/06/08 08:15:24.199990 [Simulation:Info:toast@toast-new:Simulation not generated] Magnitude 5.50 of event bmg2026lctv is smaller than triggerMinMagnitude: no automatic simulation
2026/06/08 08:15:24.219325 [Incident:Info:toast@toast-new:Origin updated] Origin updated: OT: 2026-06-08 01:10:45,  Lat/Lon: 5.67682°/125.116°, Depth: 10
2026/06/08 08:15:24.219433 [Incident:Info:toast@toast-new:Magnitude updated] Magnitude updated: 5.48 (M)
2026/06/08 08:15:24.219472 [Simulation:Info:toast@toast-new:Simulation not generated] Magnitude 5.48 of event bmg2026lctv is smaller than triggerMinMagnitude: no automatic simulation
2026/06/08 08:16:18.974367 [Incident:Info:toast@toast-new:Origin updated] Origin updated: OT: 2026-06-08 01:10:45,  Lat/Lon: 5.67682°/125.116°, Depth: 10
2026/06/08 08:16:18.974565 [Incident:Info:toast@toast-new:Magnitude updated] Magnitude updated: 5.48 (M)
2026/06/08 08:16:18.974610 [Simulation:Info:toast@toast-new:Simulation not generated] Magnitude 5.48 of event bmg2026lctv is smaller than triggerMinMagnitude: no automatic simulation
2026/06/08 08:16:19.561846 [Incident:Info:toast@toast-new:Origin updated] Origin updated: OT: 2026-06-08 01:10:48,  Lat/Lon: 5.59746°/125.104°, Depth: 77.7918
2026/06/08 08:16:19.562017 [Incident:Info:toast@toast-new:Magnitude updated] Magnitude updated: 5.47 (MLv)
2026/06/08 08:16:19.562055 [Simulation:Info:toast@toast-new:Simulation not generated] Magnitude 5.47 of event bmg2026lctv is smaller than triggerMinMagnitude: no automatic simulation
2026/06/08 08:16:19.583351 [Incident:Info:toast@toast-new:Origin updated] Origin updated: OT: 2026-06-08 01:10:48,  Lat/Lon: 5.59746°/125.104°, Depth: 77.7918
2026/06/08 08:16:19.583451 [Incident:Info:toast@toast-new:Magnitude updated] Magnitude updated: 5.43 (M)
2026/06/08 08:16:19.583482 [Simulation:Info:toast@toast-new:Simulation not generated] Magnitude 5.43 of event bmg2026lctv is smaller than triggerMinMagnitude: no automatic simulation
2026/06/08 08:16:30.573702 [Incident:Info:toast@toast-new:Origin updated] Origin updated: OT: 2026-06-08 01:10:48,  Lat/Lon: 5.59746°/125.104°, Depth: 77.7918
2026/06/08 08:16:30.573844 [Incident:Info:toast@toast-new:FM updated] FM updated
2026/06/08 08:16:30.574004 [Simulation:Info:toast@toast-new:Simulation not generated] Magnitude 5.43 of event bmg2026lctv is smaller than triggerMinMagnitude: no automatic simulation
2026/06/08 08:16:50.083502 [Incident:Info:toast@toast-new:Origin updated] Origin updated: OT: 2026-06-08 01:10:48,  Lat/Lon: 5.59746°/125.104°, Depth: 77.7918
2026/06/08 08:16:50.083692 [Incident:Info:toast@toast-new:FM updated] FM updated
2026/06/08 08:16:50.083923 [Simulation:Info:toast@toast-new:Simulation not generated] Magnitude 5.43 of event bmg2026lctv is smaller than triggerMinMagnitude: no automatic simulation
2026/06/08 08:16:55.923545 [Incident:Info:toast@toast-new:Origin updated] Origin updated: OT: 2026-06-08 01:10:48,  Lat/Lon: 5.59746°/125.104°, Depth: 77.7918
2026/06/08 08:16:55.923737 [Incident:Info:toast@toast-new:FM updated] FM updated
2026/06/08 08:16:55.923976 [Simulation:Info:toast@toast-new:Simulation not generated] Magnitude 5.43 of event bmg2026lctv is smaller than triggerMinMagnitude: no automatic simulation
2026/06/08 08:20:21.488460 [Incident:Info:toast@toast-new:Origin updated] Origin updated: OT: 2026-06-08 01:10:53,  Lat/Lon: 5.12069°/125.265°, Depth: 10
2026/06/08 08:20:21.488625 [Incident:Info:toast@toast-new:Magnitude updated] Magnitude updated: 5.34 (mb)
2026/06/08 08:20:21.488667 [Simulation:Info:toast@toast-new:Simulation not generated] Magnitude 5.34 of event bmg2026lctv is smaller than triggerMinMagnitude: no automatic simulation
2026/06/08 08:20:21.569316 [Incident:Info:toast@toast-new:Origin updated] Origin updated: OT: 2026-06-08 01:10:53,  Lat/Lon: 5.12069°/125.265°, Depth: 10
2026/06/08 08:20:21.569450 [Incident:Info:toast@toast-new:Magnitude updated] Magnitude updated: 5.72 (M)
2026/06/08 08:20:21.569494 [Simulation:Info:toast@toast-new:Simulation not generated] Magnitude 5.72 of event bmg2026lctv is smaller than triggerMinMagnitude: no automatic simulation
2026/06/08 08:20:33.510402 [Incident:Info:toast@toast-new:Origin updated] Origin updated: OT: 2026-06-08 01:10:53,  Lat/Lon: 5.12069°/125.265°, Depth: 10
2026/06/08 08:20:33.510569 [Incident:Info:toast@toast-new:FM updated] FM updated
2026/06/08 08:20:33.510751 [Simulation:Info:toast@toast-new:Simulation not generated] Magnitude 5.72 of event bmg2026lctv is smaller than triggerMinMagnitude: no automatic simulation
2026/06/08 08:21:13.162508 [Incident:Info:toast@toast-new:Origin updated] Origin updated: OT: 2026-06-08 01:10:56,  Lat/Lon: 5.01968°/125.309°, Depth: 30.5622
2026/06/08 08:21:13.162710 [Incident:Info:toast@toast-new:Magnitude updated] Magnitude updated: 5.37 (mb)
2026/06/08 08:21:13.162763 [Simulation:Info:toast@toast-new:Simulation not generated] Magnitude 5.37 of event bmg2026lctv is smaller than triggerMinMagnitude: no automatic simulation
2026/06/08 08:21:13.232145 [Incident:Info:toast@toast-new:Origin updated] Origin updated: OT: 2026-06-08 01:10:56,  Lat/Lon: 5.01968°/125.309°, Depth: 30.5622
2026/06/08 08:21:13.232297 [Incident:Info:toast@toast-new:Magnitude updated] Magnitude updated: 5.69 (M)
2026/06/08 08:21:13.232344 [Simulation:Info:toast@toast-new:Simulation not generated] Magnitude 5.69 of event bmg2026lctv is smaller than triggerMinMagnitude: no automatic simulation
2026/06/08 08:22:30.446423 [Incident:Info:toast@toast-new:Origin updated] Origin updated: OT: 2026-06-08 01:10:55,  Lat/Lon: 5.03449°/125.295°, Depth: 21.6014
2026/06/08 08:22:30.446653 [Incident:Info:toast@toast-new:Magnitude updated] Magnitude updated: 5.36 (mb)
2026/06/08 08:22:30.446714 [Simulation:Info:toast@toast-new:Simulation not generated] Magnitude 5.36 of event bmg2026lctv is smaller than triggerMinMagnitude: no automatic simulation
2026/06/08 08:22:30.465031 [Incident:Info:toast@toast-new:Origin updated] Origin updated: OT: 2026-06-08 01:10:55,  Lat/Lon: 5.03449°/125.295°, Depth: 21.6014
2026/06/08 08:22:30.465152 [Incident:Info:toast@toast-new:Magnitude updated] Magnitude updated: 5.69 (M)
2026/06/08 08:22:30.465196 [Simulation:Info:toast@toast-new:Simulation not generated] Magnitude 5.69 of event bmg2026lctv is smaller than triggerMinMagnitude: no automatic simulation
2026/06/08 08:23:12.834163 [Incident:Info:toast@toast-new:Origin updated] Origin updated: OT: 2026-06-08 01:10:55,  Lat/Lon: 5.03449°/125.295°, Depth: 21.6014
2026/06/08 08:23:12.834272 [Incident:Info:toast@toast-new:Magnitude updated] Magnitude updated: 5.36 (mb)
2026/06/08 08:23:12.834306 [Simulation:Info:toast@toast-new:Simulation not generated] Magnitude 5.36 of event bmg2026lctv is smaller than triggerMinMagnitude: no automatic simulation
2026/06/08 15:32:17.781037 [Incident:Info:toast@toast-new:Origin updated] Origin updated: OT: 2026-06-08 01:10:58,  Lat/Lon: 4.90423°/125.228°, Depth: 40.7066
2026/06/08 15:32:17.781276 [Incident:Info:toast@toast-new:Magnitude updated] Magnitude updated: 5.36 (mb)
2026/06/08 15:32:17.781316 [Simulation:Info:toast@toast-new:Simulation not generated] Magnitude 5.36 of event bmg2026lctv is smaller than triggerMinMagnitude: no automatic simulation
2026/06/08 16:53:50.064226 [Incident:Info:toast@toast-new:Origin updated] Origin updated: OT: 2026-06-08 01:10:58,  Lat/Lon: 4.90423°/125.228°, Depth: 40.7066
2026/06/08 16:53:50.075381 [Incident:Info:toast@toast-new:FM updated] FM updated
2026/06/08 16:53:50.085722 [Simulation:Info:toast@toast-new:Simulation not generated] Magnitude 5.36 of event bmg2026lctv is smaller than triggerMinMagnitude: no automatic simulation
2026/06/08 17:55:44.662090 [Incident:Info:toast@toast-new:Origin updated] Origin updated: OT: 2026-06-08 01:10:57,  Lat/Lon: 4.87605°/125.228°, Depth: 34.6991
2026/06/08 17:55:44.672640 [Incident:Info:toast@toast-new:Magnitude updated] Magnitude updated: 5.36 (mb)
2026/06/08 17:55:44.682873 [Incident:Info:toast@toast-new:FM updated] FM updated
2026/06/08 17:55:44.692311 [Simulation:Info:toast@toast-new:Simulation not generated] Magnitude 5.36 of event bmg2026lctv is smaller than triggerMinMagnitude: no automatic simulation
2026/06/08 18:03:32.935665 [Incident:Info:toast@toast-new:Origin updated] Origin updated: OT: 2026-06-08 01:10:57,  Lat/Lon: 4.87606°/125.228°, Depth: 34.6932
2026/06/08 18:03:32.947634 [Incident:Info:toast@toast-new:Magnitude updated] Magnitude updated: 5.36 (mb)
2026/06/08 18:03:32.958607 [Simulation:Info:toast@toast-new:Simulation not generated] Magnitude 5.36 of event bmg2026lctv is smaller than triggerMinMagnitude: no automatic simulation
2026/06/08 18:04:38.807321 [Incident:Info:toast@toast-new:Origin updated] Origin updated: OT: 2026-06-08 01:10:58,  Lat/Lon: 4.80833°/125.232°, Depth: 38.6373
2026/06/08 18:04:38.820842 [Incident:Info:toast@toast-new:Magnitude updated] Magnitude updated: 5.36 (mb)
2026/06/08 18:04:38.832381 [Simulation:Info:toast@toast-new:Simulation not generated] Magnitude 5.36 of event bmg2026lctv is smaller than triggerMinMagnitude: no automatic simulation
