2026/08/27 17:35:00.496511 [Incident:Info:toast@toast-new:Displacement(s) updated] Added 0 and changed 0 displacements with 0 amplitudes
2026/08/27 17:35:00.497330 [Incident:Info:toast@toast-new:Incident created] Incident created based on event received from messaging: OT: 2026-08-27 10:33:25,  Lat/Lon: -8.05°/120.08°, Depth: 10.00, Mag: 5.17 (M)
2026/08/27 17:35:00.497976 [Simulation:Info:toast@toast-new:Simulation not generated] Magnitude 5.17 of event bmg2026qtqq is smaller than triggerMinMagnitude: no automatic simulation
2026/08/27 17:35:00.519078 [Incident:Info:toast@toast-new:Origin updated] Origin updated: OT: 2026-08-27 10:33:25,  Lat/Lon: -8.04691°/120.084°, Depth: 10
2026/08/27 17:35:00.519242 [Simulation:Info:toast@toast-new:Simulation not generated] Magnitude 5.17 of event bmg2026qtqq is smaller than triggerMinMagnitude: no automatic simulation
2026/08/27 17:35:05.010433 [Incident:Info:toast@toast-new:Origin updated] Origin updated: OT: 2026-08-27 10:33:25,  Lat/Lon: -8.04691°/120.084°, Depth: 10
2026/08/27 17:35:05.010623 [Incident:Info:toast@toast-new:Magnitude updated] Magnitude updated: 5.18 (M)
2026/08/27 17:35:05.010667 [Simulation:Info:toast@toast-new:Simulation not generated] Magnitude 5.18 of event bmg2026qtqq is smaller than triggerMinMagnitude: no automatic simulation
2026/08/27 17:35:09.994661 [Incident:Info:toast@toast-new:Origin updated] Origin updated: OT: 2026-08-27 10:33:25,  Lat/Lon: -8.04691°/120.084°, Depth: 10
2026/08/27 17:35:09.994849 [Incident:Info:toast@toast-new:Magnitude updated] Magnitude updated: 5.19 (M)
2026/08/27 17:35:09.994884 [Simulation:Info:toast@toast-new:Simulation not generated] Magnitude 5.19 of event bmg2026qtqq is smaller than triggerMinMagnitude: no automatic simulation
2026/08/27 17:35:11.358364 [Incident:Info:toast@toast-new:Origin updated] Origin updated: OT: 2026-08-27 10:33:25,  Lat/Lon: -8.04084°/120.043°, Depth: 10
2026/08/27 17:35:11.358561 [Incident:Info:toast@toast-new:Magnitude updated] Magnitude updated: 5.11 (M)
2026/08/27 17:35:11.358625 [Simulation:Info:toast@toast-new:Simulation not generated] Magnitude 5.11 of event bmg2026qtqq is smaller than triggerMinMagnitude: no automatic simulation
2026/08/27 17:35:15.042723 [Incident:Info:toast@toast-new:Origin updated] Origin updated: OT: 2026-08-27 10:33:25,  Lat/Lon: -8.04084°/120.043°, Depth: 10
2026/08/27 17:35:15.042924 [Incident:Info:toast@toast-new:Magnitude updated] Magnitude updated: 5.12 (M)
2026/08/27 17:35:15.042982 [Simulation:Info:toast@toast-new:Simulation not generated] Magnitude 5.12 of event bmg2026qtqq is smaller than triggerMinMagnitude: no automatic simulation
2026/08/27 17:35:20.045009 [Incident:Info:toast@toast-new:Origin updated] Origin updated: OT: 2026-08-27 10:33:25,  Lat/Lon: -8.04084°/120.043°, Depth: 10
2026/08/27 17:35:20.045188 [Incident:Info:toast@toast-new:Magnitude updated] Magnitude updated: 5.14 (M)
2026/08/27 17:35:20.045233 [Simulation:Info:toast@toast-new:Simulation not generated] Magnitude 5.14 of event bmg2026qtqq is smaller than triggerMinMagnitude: no automatic simulation
2026/08/27 17:35:25.044355 [Incident:Info:toast@toast-new:Origin updated] Origin updated: OT: 2026-08-27 10:33:25,  Lat/Lon: -8.04084°/120.043°, Depth: 10
2026/08/27 17:35:25.044531 [Incident:Info:toast@toast-new:Magnitude updated] Magnitude updated: 5.16 (M)
2026/08/27 17:35:25.044585 [Simulation:Info:toast@toast-new:Simulation not generated] Magnitude 5.16 of event bmg2026qtqq is smaller than triggerMinMagnitude: no automatic simulation
2026/08/27 17:35:27.566031 [Incident:Info:toast@toast-new:Origin updated] Origin updated: OT: 2026-08-27 10:33:25,  Lat/Lon: -8.04084°/120.043°, Depth: 10
2026/08/27 17:35:27.566230 [Incident:Info:toast@toast-new:Magnitude updated] Magnitude updated: 5.17 (M)
2026/08/27 17:35:27.566275 [Simulation:Info:toast@toast-new:Simulation not generated] Magnitude 5.17 of event bmg2026qtqq is smaller than triggerMinMagnitude: no automatic simulation
2026/08/27 17:35:27.601303 [Incident:Info:toast@toast-new:Origin updated] Origin updated: OT: 2026-08-27 10:33:26,  Lat/Lon: -8.0289°/120.019°, Depth: 10
2026/08/27 17:35:27.601513 [Incident:Info:toast@toast-new:Magnitude updated] Magnitude updated: 5.22 (M)
2026/08/27 17:35:27.601553 [Simulation:Info:toast@toast-new:Simulation not generated] Magnitude 5.22 of event bmg2026qtqq is smaller than triggerMinMagnitude: no automatic simulation
2026/08/27 17:35:29.185113 [Incident:Info:toast@toast-new:Origin updated] Origin updated: OT: 2026-08-27 10:33:25,  Lat/Lon: -8.05054°/120.124°, Depth: 10
2026/08/27 17:35:29.185309 [Incident:Info:toast@toast-new:Magnitude updated] Magnitude updated: 5.15 (MLv)
2026/08/27 17:35:29.185349 [Simulation:Info:toast@toast-new:Simulation not generated] Magnitude 5.15 of event bmg2026qtqq is smaller than triggerMinMagnitude: no automatic simulation
2026/08/27 17:35:29.259905 [Incident:Info:toast@toast-new:Origin updated] Origin updated: OT: 2026-08-27 10:33:25,  Lat/Lon: -8.05054°/120.124°, Depth: 10
2026/08/27 17:35:29.260040 [Incident:Info:toast@toast-new:Magnitude updated] Magnitude updated: 5.27 (M)
2026/08/27 17:35:29.260085 [Simulation:Info:toast@toast-new:Simulation not generated] Magnitude 5.27 of event bmg2026qtqq is smaller than triggerMinMagnitude: no automatic simulation
2026/08/27 17:35:49.289449 [Incident:Info:toast@toast-new:Origin updated] Origin updated: OT: 2026-08-27 10:33:25,  Lat/Lon: -8.05054°/120.124°, Depth: 10
2026/08/27 17:35:49.289656 [Incident:Info:toast@toast-new:Magnitude updated] Magnitude updated: 5.29 (M)
2026/08/27 17:35:49.289699 [Simulation:Info:toast@toast-new:Simulation not generated] Magnitude 5.29 of event bmg2026qtqq is smaller than triggerMinMagnitude: no automatic simulation
2026/08/27 17:35:49.631559 [Incident:Info:toast@toast-new:Origin updated] Origin updated: OT: 2026-08-27 10:33:25,  Lat/Lon: -8.06753°/120.09°, Depth: 10
2026/08/27 17:35:49.631726 [Incident:Info:toast@toast-new:Magnitude updated] Magnitude updated: 5.15 (MLv)
2026/08/27 17:35:49.631773 [Simulation:Info:toast@toast-new:Simulation not generated] Magnitude 5.15 of event bmg2026qtqq is smaller than triggerMinMagnitude: no automatic simulation
2026/08/27 17:35:49.777763 [Incident:Info:toast@toast-new:Origin updated] Origin updated: OT: 2026-08-27 10:33:25,  Lat/Lon: -8.06753°/120.09°, Depth: 10
2026/08/27 17:35:49.777936 [Incident:Info:toast@toast-new:Magnitude updated] Magnitude updated: 5.23 (M)
2026/08/27 17:35:49.777990 [Simulation:Info:toast@toast-new:Simulation not generated] Magnitude 5.23 of event bmg2026qtqq is smaller than triggerMinMagnitude: no automatic simulation
2026/08/27 17:35:50.122362 [Incident:Info:toast@toast-new:Origin updated] Origin updated: OT: 2026-08-27 10:33:25,  Lat/Lon: -8.06753°/120.09°, Depth: 10
2026/08/27 17:35:50.122597 [Incident:Info:toast@toast-new:Magnitude updated] Magnitude updated: 5.23 (M)
2026/08/27 17:35:50.122656 [Simulation:Info:toast@toast-new:Simulation not generated] Magnitude 5.23 of event bmg2026qtqq is smaller than triggerMinMagnitude: no automatic simulation
2026/08/27 17:35:55.127225 [Incident:Info:toast@toast-new:Origin updated] Origin updated: OT: 2026-08-27 10:33:25,  Lat/Lon: -8.06753°/120.09°, Depth: 10
2026/08/27 17:35:55.127455 [Incident:Info:toast@toast-new:Magnitude updated] Magnitude updated: 5.22 (M)
2026/08/27 17:35:55.127504 [Simulation:Info:toast@toast-new:Simulation not generated] Magnitude 5.22 of event bmg2026qtqq is smaller than triggerMinMagnitude: no automatic simulation
2026/08/27 17:36:00.196321 [Incident:Info:toast@toast-new:Origin updated] Origin updated: OT: 2026-08-27 10:33:25,  Lat/Lon: -8.06753°/120.09°, Depth: 10
2026/08/27 17:36:00.196523 [Incident:Info:toast@toast-new:Magnitude updated] Magnitude updated: 5.25 (M)
2026/08/27 17:36:00.196567 [Simulation:Info:toast@toast-new:Simulation not generated] Magnitude 5.25 of event bmg2026qtqq is smaller than triggerMinMagnitude: no automatic simulation
2026/08/27 17:36:05.055038 [Incident:Info:toast@toast-new:Origin updated] Origin updated: OT: 2026-08-27 10:33:25,  Lat/Lon: -8.06753°/120.09°, Depth: 10
2026/08/27 17:36:05.055257 [Incident:Info:toast@toast-new:Magnitude updated] Magnitude updated: 5.26 (M)
2026/08/27 17:36:05.055340 [Simulation:Info:toast@toast-new:Simulation not generated] Magnitude 5.26 of event bmg2026qtqq is smaller than triggerMinMagnitude: no automatic simulation
2026/08/27 17:36:10.211311 [Incident:Info:toast@toast-new:Origin updated] Origin updated: OT: 2026-08-27 10:33:25,  Lat/Lon: -8.06753°/120.09°, Depth: 10
2026/08/27 17:36:10.211485 [Incident:Info:toast@toast-new:Magnitude updated] Magnitude updated: 5.26 (M)
2026/08/27 17:36:10.211520 [Simulation:Info:toast@toast-new:Simulation not generated] Magnitude 5.26 of event bmg2026qtqq is smaller than triggerMinMagnitude: no automatic simulation
2026/08/27 17:36:14.122834 [Incident:Info:toast@toast-new:Origin updated] Origin updated: OT: 2026-08-27 10:33:25,  Lat/Lon: -8.06753°/120.09°, Depth: 10
2026/08/27 17:36:14.123057 [Incident:Info:toast@toast-new:Magnitude updated] Magnitude updated: 5.27 (M)
2026/08/27 17:36:14.123099 [Simulation:Info:toast@toast-new:Simulation not generated] Magnitude 5.27 of event bmg2026qtqq is smaller than triggerMinMagnitude: no automatic simulation
2026/08/27 17:36:15.225271 [Incident:Info:toast@toast-new:Origin updated] Origin updated: OT: 2026-08-27 10:33:25,  Lat/Lon: -8.06753°/120.09°, Depth: 10
2026/08/27 17:36:15.225501 [Incident:Info:toast@toast-new:Magnitude updated] Magnitude updated: 5.27 (M)
2026/08/27 17:36:15.225566 [Simulation:Info:toast@toast-new:Simulation not generated] Magnitude 5.27 of event bmg2026qtqq is smaller than triggerMinMagnitude: no automatic simulation
2026/08/27 17:36:20.237431 [Incident:Info:toast@toast-new:Origin updated] Origin updated: OT: 2026-08-27 10:33:25,  Lat/Lon: -8.06753°/120.09°, Depth: 10
2026/08/27 17:36:20.237644 [Incident:Info:toast@toast-new:Magnitude updated] Magnitude updated: 5.27 (M)
2026/08/27 17:36:20.237679 [Simulation:Info:toast@toast-new:Simulation not generated] Magnitude 5.27 of event bmg2026qtqq is smaller than triggerMinMagnitude: no automatic simulation
2026/08/27 17:36:25.196937 [Incident:Info:toast@toast-new:Origin updated] Origin updated: OT: 2026-08-27 10:33:25,  Lat/Lon: -8.06753°/120.09°, Depth: 10
2026/08/27 17:36:25.197124 [Incident:Info:toast@toast-new:Magnitude updated] Magnitude updated: 5.27 (M)
2026/08/27 17:36:25.197158 [Simulation:Info:toast@toast-new:Simulation not generated] Magnitude 5.27 of event bmg2026qtqq is smaller than triggerMinMagnitude: no automatic simulation
2026/08/27 17:36:30.237836 [Incident:Info:toast@toast-new:Origin updated] Origin updated: OT: 2026-08-27 10:33:25,  Lat/Lon: -8.06753°/120.09°, Depth: 10
2026/08/27 17:36:30.238025 [Incident:Info:toast@toast-new:Magnitude updated] Magnitude updated: 5.28 (M)
2026/08/27 17:36:30.238062 [Simulation:Info:toast@toast-new:Simulation not generated] Magnitude 5.28 of event bmg2026qtqq is smaller than triggerMinMagnitude: no automatic simulation
2026/08/27 17:36:35.227401 [Incident:Info:toast@toast-new:Origin updated] Origin updated: OT: 2026-08-27 10:33:25,  Lat/Lon: -8.06753°/120.09°, Depth: 10
2026/08/27 17:36:35.227571 [Incident:Info:toast@toast-new:Magnitude updated] Magnitude updated: 5.28 (M)
2026/08/27 17:36:35.227600 [Simulation:Info:toast@toast-new:Simulation not generated] Magnitude 5.28 of event bmg2026qtqq is smaller than triggerMinMagnitude: no automatic simulation
2026/08/27 17:36:40.261360 [Incident:Info:toast@toast-new:Origin updated] Origin updated: OT: 2026-08-27 10:33:25,  Lat/Lon: -8.06753°/120.09°, Depth: 10
2026/08/27 17:36:40.261652 [Incident:Info:toast@toast-new:Magnitude updated] Magnitude updated: 5.29 (M)
2026/08/27 17:36:40.261733 [Simulation:Info:toast@toast-new:Simulation not generated] Magnitude 5.29 of event bmg2026qtqq is smaller than triggerMinMagnitude: no automatic simulation
2026/08/27 17:36:42.274303 [Incident:Info:toast@toast-new:Origin updated] Origin updated: OT: 2026-08-27 10:33:25,  Lat/Lon: -8.0896°/120.1°, Depth: 10
2026/08/27 17:36:42.274513 [Incident:Info:toast@toast-new:Magnitude updated] Magnitude updated: 5.26 (MLv)
2026/08/27 17:36:42.274562 [Simulation:Info:toast@toast-new:Simulation not generated] Magnitude 5.26 of event bmg2026qtqq is smaller than triggerMinMagnitude: no automatic simulation
2026/08/27 17:36:42.510506 [Incident:Info:toast@toast-new:Origin updated] Origin updated: OT: 2026-08-27 10:33:25,  Lat/Lon: -8.0896°/120.1°, Depth: 10
2026/08/27 17:36:42.510684 [Incident:Info:toast@toast-new:Magnitude updated] Magnitude updated: 5.21 (M)
2026/08/27 17:36:42.510731 [Simulation:Info:toast@toast-new:Simulation not generated] Magnitude 5.21 of event bmg2026qtqq is smaller than triggerMinMagnitude: no automatic simulation
2026/08/27 17:36:45.199699 [Incident:Info:toast@toast-new:Origin updated] Origin updated: OT: 2026-08-27 10:33:25,  Lat/Lon: -8.0896°/120.1°, Depth: 10
2026/08/27 17:36:45.199886 [Incident:Info:toast@toast-new:Magnitude updated] Magnitude updated: 5.21 (M)
2026/08/27 17:36:45.199926 [Simulation:Info:toast@toast-new:Simulation not generated] Magnitude 5.21 of event bmg2026qtqq is smaller than triggerMinMagnitude: no automatic simulation
2026/08/27 17:36:50.333019 [Incident:Info:toast@toast-new:Origin updated] Origin updated: OT: 2026-08-27 10:33:25,  Lat/Lon: -8.0896°/120.1°, Depth: 10
2026/08/27 17:36:50.333230 [Incident:Info:toast@toast-new:Magnitude updated] Magnitude updated: 5.19 (M)
2026/08/27 17:36:50.333276 [Simulation:Info:toast@toast-new:Simulation not generated] Magnitude 5.19 of event bmg2026qtqq is smaller than triggerMinMagnitude: no automatic simulation
2026/08/27 17:36:53.660301 [Incident:Info:toast@toast-new:Origin updated] Origin updated: OT: 2026-08-27 10:33:25,  Lat/Lon: -8.0896°/120.1°, Depth: 10
2026/08/27 17:36:53.660507 [Incident:Info:toast@toast-new:Magnitude updated] Magnitude updated: 5.19 (M)
2026/08/27 17:36:53.660557 [Simulation:Info:toast@toast-new:Simulation not generated] Magnitude 5.19 of event bmg2026qtqq is smaller than triggerMinMagnitude: no automatic simulation
2026/08/27 17:36:55.184590 [Incident:Info:toast@toast-new:Origin updated] Origin updated: OT: 2026-08-27 10:33:25,  Lat/Lon: -8.0896°/120.1°, Depth: 10
2026/08/27 17:36:55.184777 [Incident:Info:toast@toast-new:Magnitude updated] Magnitude updated: 5.19 (M)
2026/08/27 17:36:55.184821 [Simulation:Info:toast@toast-new:Simulation not generated] Magnitude 5.19 of event bmg2026qtqq is smaller than triggerMinMagnitude: no automatic simulation
2026/08/27 17:37:00.290898 [Incident:Info:toast@toast-new:Origin updated] Origin updated: OT: 2026-08-27 10:33:25,  Lat/Lon: -8.0896°/120.1°, Depth: 10
2026/08/27 17:37:00.291112 [Incident:Info:toast@toast-new:Magnitude updated] Magnitude updated: 5.19 (M)
2026/08/27 17:37:00.291158 [Simulation:Info:toast@toast-new:Simulation not generated] Magnitude 5.19 of event bmg2026qtqq is smaller than triggerMinMagnitude: no automatic simulation
2026/08/27 17:37:05.311173 [Incident:Info:toast@toast-new:Origin updated] Origin updated: OT: 2026-08-27 10:33:25,  Lat/Lon: -8.0896°/120.1°, Depth: 10
2026/08/27 17:37:05.311398 [Incident:Info:toast@toast-new:Magnitude updated] Magnitude updated: 5.19 (M)
2026/08/27 17:37:05.311457 [Simulation:Info:toast@toast-new:Simulation not generated] Magnitude 5.19 of event bmg2026qtqq is smaller than triggerMinMagnitude: no automatic simulation
2026/08/27 17:37:10.286463 [Incident:Info:toast@toast-new:Origin updated] Origin updated: OT: 2026-08-27 10:33:25,  Lat/Lon: -8.0896°/120.1°, Depth: 10
2026/08/27 17:37:10.286667 [Incident:Info:toast@toast-new:Magnitude updated] Magnitude updated: 5.20 (M)
2026/08/27 17:37:10.286714 [Simulation:Info:toast@toast-new:Simulation not generated] Magnitude 5.20 of event bmg2026qtqq is smaller than triggerMinMagnitude: no automatic simulation
2026/08/27 17:37:15.289436 [Incident:Info:toast@toast-new:Origin updated] Origin updated: OT: 2026-08-27 10:33:25,  Lat/Lon: -8.0896°/120.1°, Depth: 10
2026/08/27 17:37:15.289625 [Incident:Info:toast@toast-new:Magnitude updated] Magnitude updated: 5.20 (M)
2026/08/27 17:37:15.289658 [Simulation:Info:toast@toast-new:Simulation not generated] Magnitude 5.20 of event bmg2026qtqq is smaller than triggerMinMagnitude: no automatic simulation
2026/08/27 17:37:20.149539 [Incident:Info:toast@toast-new:Origin updated] Origin updated: OT: 2026-08-27 10:33:25,  Lat/Lon: -8.0896°/120.1°, Depth: 10
2026/08/27 17:37:20.149757 [Incident:Info:toast@toast-new:Magnitude updated] Magnitude updated: 5.20 (M)
2026/08/27 17:37:20.149805 [Simulation:Info:toast@toast-new:Simulation not generated] Magnitude 5.20 of event bmg2026qtqq is smaller than triggerMinMagnitude: no automatic simulation
2026/08/27 17:37:25.283150 [Incident:Info:toast@toast-new:Origin updated] Origin updated: OT: 2026-08-27 10:33:25,  Lat/Lon: -8.0896°/120.1°, Depth: 10
2026/08/27 17:37:25.283392 [Incident:Info:toast@toast-new:Magnitude updated] Magnitude updated: 5.20 (M)
2026/08/27 17:37:25.283443 [Simulation:Info:toast@toast-new:Simulation not generated] Magnitude 5.20 of event bmg2026qtqq is smaller than triggerMinMagnitude: no automatic simulation
2026/08/27 17:37:30.140588 [Incident:Info:toast@toast-new:Origin updated] Origin updated: OT: 2026-08-27 10:33:25,  Lat/Lon: -8.0896°/120.1°, Depth: 10
2026/08/27 17:37:30.140814 [Incident:Info:toast@toast-new:Magnitude updated] Magnitude updated: 5.20 (M)
2026/08/27 17:37:30.140868 [Simulation:Info:toast@toast-new:Simulation not generated] Magnitude 5.20 of event bmg2026qtqq is smaller than triggerMinMagnitude: no automatic simulation
2026/08/27 17:37:35.126717 [Incident:Info:toast@toast-new:Origin updated] Origin updated: OT: 2026-08-27 10:33:25,  Lat/Lon: -8.0896°/120.1°, Depth: 10
2026/08/27 17:37:35.126883 [Incident:Info:toast@toast-new:Magnitude updated] Magnitude updated: 5.20 (M)
2026/08/27 17:37:35.126924 [Simulation:Info:toast@toast-new:Simulation not generated] Magnitude 5.20 of event bmg2026qtqq is smaller than triggerMinMagnitude: no automatic simulation
2026/08/27 17:37:39.922044 [Incident:Info:toast@toast-new:Origin updated] Origin updated: OT: 2026-08-27 10:33:25,  Lat/Lon: -8.0896°/120.1°, Depth: 10
2026/08/27 17:37:39.922258 [Incident:Info:toast@toast-new:Magnitude updated] Magnitude updated: 5.20 (M)
2026/08/27 17:37:39.922307 [Simulation:Info:toast@toast-new:Simulation not generated] Magnitude 5.20 of event bmg2026qtqq is smaller than triggerMinMagnitude: no automatic simulation
2026/08/27 17:37:45.309775 [Incident:Info:toast@toast-new:Origin updated] Origin updated: OT: 2026-08-27 10:33:25,  Lat/Lon: -8.0896°/120.1°, Depth: 10
2026/08/27 17:37:45.309988 [Incident:Info:toast@toast-new:Magnitude updated] Magnitude updated: 5.20 (M)
2026/08/27 17:37:45.310026 [Simulation:Info:toast@toast-new:Simulation not generated] Magnitude 5.20 of event bmg2026qtqq is smaller than triggerMinMagnitude: no automatic simulation
2026/08/27 17:37:50.303371 [Incident:Info:toast@toast-new:Origin updated] Origin updated: OT: 2026-08-27 10:33:25,  Lat/Lon: -8.0896°/120.1°, Depth: 10
2026/08/27 17:37:50.303556 [Incident:Info:toast@toast-new:Magnitude updated] Magnitude updated: 5.20 (M)
2026/08/27 17:37:50.303587 [Simulation:Info:toast@toast-new:Simulation not generated] Magnitude 5.20 of event bmg2026qtqq is smaller than triggerMinMagnitude: no automatic simulation
2026/08/27 17:37:55.185672 [Incident:Info:toast@toast-new:Origin updated] Origin updated: OT: 2026-08-27 10:33:25,  Lat/Lon: -8.0896°/120.1°, Depth: 10
2026/08/27 17:37:55.185883 [Incident:Info:toast@toast-new:Magnitude updated] Magnitude updated: 5.20 (M)
2026/08/27 17:37:55.185931 [Simulation:Info:toast@toast-new:Simulation not generated] Magnitude 5.20 of event bmg2026qtqq is smaller than triggerMinMagnitude: no automatic simulation
2026/08/27 17:38:00.191512 [Incident:Info:toast@toast-new:Origin updated] Origin updated: OT: 2026-08-27 10:33:25,  Lat/Lon: -8.0896°/120.1°, Depth: 10
2026/08/27 17:38:00.191721 [Incident:Info:toast@toast-new:Magnitude updated] Magnitude updated: 5.20 (M)
2026/08/27 17:38:00.191782 [Simulation:Info:toast@toast-new:Simulation not generated] Magnitude 5.20 of event bmg2026qtqq is smaller than triggerMinMagnitude: no automatic simulation
2026/08/27 17:38:01.543108 [Incident:Info:toast@toast-new:Origin updated] Origin updated: OT: 2026-08-27 10:33:25,  Lat/Lon: -8.0896°/120.1°, Depth: 10
2026/08/27 17:38:01.543381 [Incident:Info:toast@toast-new:FM updated] FM updated
2026/08/27 17:38:01.543808 [Simulation:Info:toast@toast-new:Simulation not generated] Magnitude 5.20 of event bmg2026qtqq is smaller than triggerMinMagnitude: no automatic simulation
2026/08/27 17:38:05.118510 [Incident:Info:toast@toast-new:Origin updated] Origin updated: OT: 2026-08-27 10:33:25,  Lat/Lon: -8.0896°/120.1°, Depth: 10
2026/08/27 17:38:05.118727 [Incident:Info:toast@toast-new:Magnitude updated] Magnitude updated: 5.20 (M)
2026/08/27 17:38:05.118765 [Simulation:Info:toast@toast-new:Simulation not generated] Magnitude 5.20 of event bmg2026qtqq is smaller than triggerMinMagnitude: no automatic simulation
2026/08/27 17:38:10.279057 [Incident:Info:toast@toast-new:Origin updated] Origin updated: OT: 2026-08-27 10:33:25,  Lat/Lon: -8.0896°/120.1°, Depth: 10
2026/08/27 17:38:10.279266 [Incident:Info:toast@toast-new:Magnitude updated] Magnitude updated: 5.20 (M)
2026/08/27 17:38:10.279311 [Simulation:Info:toast@toast-new:Simulation not generated] Magnitude 5.20 of event bmg2026qtqq is smaller than triggerMinMagnitude: no automatic simulation
2026/08/27 17:39:06.589420 [Incident:Info:toast@toast-new:Origin updated] Origin updated: OT: 2026-08-27 10:33:25,  Lat/Lon: -8.08893°/120.099°, Depth: 10
2026/08/27 17:39:06.589608 [Incident:Info:toast@toast-new:Magnitude updated] Magnitude updated: 5.29 (MLv)
2026/08/27 17:39:06.589660 [Simulation:Info:toast@toast-new:Simulation not generated] Magnitude 5.29 of event bmg2026qtqq is smaller than triggerMinMagnitude: no automatic simulation
2026/08/27 17:39:06.656511 [Incident:Info:toast@toast-new:Origin updated] Origin updated: OT: 2026-08-27 10:33:25,  Lat/Lon: -8.08893°/120.099°, Depth: 10
2026/08/27 17:39:06.656629 [Incident:Info:toast@toast-new:Magnitude updated] Magnitude updated: 5.21 (M)
2026/08/27 17:39:06.656662 [Simulation:Info:toast@toast-new:Simulation not generated] Magnitude 5.21 of event bmg2026qtqq is smaller than triggerMinMagnitude: no automatic simulation
2026/08/27 17:39:39.953726 [Incident:Info:toast@toast-new:Origin updated] Origin updated: OT: 2026-08-27 10:33:25,  Lat/Lon: -8.08893°/120.099°, Depth: 10
2026/08/27 17:39:39.953890 [Incident:Info:toast@toast-new:Magnitude updated] Magnitude updated: 5.06 (Mw)
2026/08/27 17:39:39.953954 [Simulation:Info:toast@toast-new:Simulation not generated] Magnitude 5.06 of event bmg2026qtqq is smaller than triggerMinMagnitude: no automatic simulation
2026/08/27 17:40:28.110687 [Incident:Info:toast@toast-new:Origin updated] Origin updated: OT: 2026-08-27 10:33:25,  Lat/Lon: -8.08893°/120.099°, Depth: 10
2026/08/27 17:40:28.110907 [Incident:Info:toast@toast-new:Magnitude updated] Magnitude updated: 5.09 (Mw)
2026/08/27 17:40:28.110958 [Incident:Info:toast@toast-new:FM updated] FM updated
2026/08/27 17:40:28.111297 [Simulation:Info:toast@toast-new:Simulation not generated] Magnitude 5.09 of event bmg2026qtqq is smaller than triggerMinMagnitude: no automatic simulation
2026/08/27 17:41:05.172294 [Incident:Info:toast@toast-new:Origin updated] Origin updated: OT: 2026-08-27 10:33:25,  Lat/Lon: -8.08893°/120.099°, Depth: 10
2026/08/27 17:41:05.172478 [Simulation:Info:toast@toast-new:Simulation not generated] Magnitude 5.09 of event bmg2026qtqq is smaller than triggerMinMagnitude: no automatic simulation
2026/08/27 17:41:32.388124 [Incident:Info:toast@toast-new:Origin updated] Origin updated: OT: 2026-08-27 10:33:26,  Lat/Lon: -8.09536°/120.103°, Depth: 13
2026/08/27 17:41:32.388321 [Simulation:Info:toast@toast-new:Simulation not generated] Magnitude 5.09 of event bmg2026qtqq is smaller than triggerMinMagnitude: no automatic simulation
2026/08/27 20:33:03.455430 [Incident:Info:toast@toast-new:Origin updated] Origin updated: OT: 2026-08-27 10:33:26,  Lat/Lon: -8.09536°/120.103°, Depth: 13
2026/08/27 20:33:03.455642 [Incident:Info:toast@toast-new:Magnitude updated] Magnitude updated: 5.29 (MLv)
2026/08/27 20:33:03.455712 [Simulation:Info:toast@toast-new:Simulation not generated] Magnitude 5.29 of event bmg2026qtqq is smaller than triggerMinMagnitude: no automatic simulation
2026/08/27 20:33:06.995076 [Incident:Info:toast@toast-new:Origin updated] Origin updated: OT: 2026-08-27 10:33:25,  Lat/Lon: -8.0841°/120.074°, Depth: 10
2026/08/27 20:33:06.995265 [Incident:Info:toast@toast-new:Magnitude updated] Magnitude updated: 5.39 (MLv)
2026/08/27 20:33:06.995303 [Simulation:Info:toast@toast-new:Simulation not generated] Magnitude 5.39 of event bmg2026qtqq is smaller than triggerMinMagnitude: no automatic simulation
2026/08/27 20:33:10.312509 [Incident:Info:toast@toast-new:Origin updated] Origin updated: OT: 2026-08-27 10:33:25,  Lat/Lon: -8.0841°/120.074°, Depth: 10
2026/08/27 20:33:10.312696 [Incident:Info:toast@toast-new:Magnitude updated] Magnitude updated: 5.29 (MLv)
2026/08/27 20:33:10.312752 [Simulation:Info:toast@toast-new:Simulation not generated] Magnitude 5.29 of event bmg2026qtqq is smaller than triggerMinMagnitude: no automatic simulation
2026/09/02 16:55:48.156454 [Incident:Info:toast@toast-new:Incident removed] Removed incident - Bye
