2026/08/17 07:48:12.497731 [Incident:Info:toast@toast-new:Displacement(s) updated] Added 0 and changed 0 displacements with 0 amplitudes
2026/08/17 07:48:12.498249 [Incident:Info:toast@toast-new:Incident created] Incident created based on event received from messaging: OT: 2026-08-17 00:46:43,  Lat/Lon: -8.37°/121.51°, Depth: 10.00, Mag: 5.82 (M)
2026/08/17 07:48:12.498739 [Simulation:Info:toast@toast-new:Simulation not generated] Magnitude 5.82 of event bmg2026qaqg is smaller than triggerMinMagnitude: no automatic simulation
2026/08/17 07:48:13.204457 [Incident:Info:toast@toast-new:Origin updated] Origin updated: OT: 2026-08-17 00:46:43,  Lat/Lon: -8.37173°/121.507°, Depth: 10
2026/08/17 07:48:13.204547 [Simulation:Info:toast@toast-new:Simulation not generated] Magnitude 5.82 of event bmg2026qaqg is smaller than triggerMinMagnitude: no automatic simulation
2026/08/17 07:48:14.619641 [Incident:Info:toast@toast-new:Origin updated] Origin updated: OT: 2026-08-17 00:46:43,  Lat/Lon: -8.37173°/121.507°, Depth: 10
2026/08/17 07:48:14.619806 [Incident:Info:toast@toast-new:Magnitude updated] Magnitude updated: 5.83 (M)
2026/08/17 07:48:14.619847 [Simulation:Info:toast@toast-new:Simulation not generated] Magnitude 5.83 of event bmg2026qaqg is smaller than triggerMinMagnitude: no automatic simulation
2026/08/17 07:48:19.657872 [Incident:Info:toast@toast-new:Origin updated] Origin updated: OT: 2026-08-17 00:46:43,  Lat/Lon: -8.37173°/121.507°, Depth: 10
2026/08/17 07:48:19.658021 [Incident:Info:toast@toast-new:Magnitude updated] Magnitude updated: 5.85 (M)
2026/08/17 07:48:19.658071 [Simulation:Info:toast@toast-new:Simulation not generated] Magnitude 5.85 of event bmg2026qaqg is smaller than triggerMinMagnitude: no automatic simulation
2026/08/17 07:48:21.029359 [Incident:Info:toast@toast-new:Origin updated] Origin updated: OT: 2026-08-17 00:46:43,  Lat/Lon: -8.35141°/121.492°, Depth: 10
2026/08/17 07:48:21.029528 [Incident:Info:toast@toast-new:Magnitude updated] Magnitude updated: 5.74 (M)
2026/08/17 07:48:21.029581 [Simulation:Info:toast@toast-new:Simulation not generated] Magnitude 5.74 of event bmg2026qaqg is smaller than triggerMinMagnitude: no automatic simulation
2026/08/17 07:48:24.687954 [Incident:Info:toast@toast-new:Origin updated] Origin updated: OT: 2026-08-17 00:46:43,  Lat/Lon: -8.35141°/121.492°, Depth: 10
2026/08/17 07:48:24.688087 [Incident:Info:toast@toast-new:Magnitude updated] Magnitude updated: 5.76 (M)
2026/08/17 07:48:24.688133 [Simulation:Info:toast@toast-new:Simulation not generated] Magnitude 5.76 of event bmg2026qaqg is smaller than triggerMinMagnitude: no automatic simulation
2026/08/17 07:48:29.682554 [Incident:Info:toast@toast-new:Origin updated] Origin updated: OT: 2026-08-17 00:46:43,  Lat/Lon: -8.35141°/121.492°, Depth: 10
2026/08/17 07:48:29.682717 [Incident:Info:toast@toast-new:Magnitude updated] Magnitude updated: 5.81 (M)
2026/08/17 07:48:29.682755 [Simulation:Info:toast@toast-new:Simulation not generated] Magnitude 5.81 of event bmg2026qaqg is smaller than triggerMinMagnitude: no automatic simulation
2026/08/17 07:48:34.006449 [Incident:Info:toast@toast-new:Origin updated] Origin updated: OT: 2026-08-17 00:46:43,  Lat/Lon: -8.3741°/121.503°, Depth: 10
2026/08/17 07:48:34.006652 [Incident:Info:toast@toast-new:Magnitude updated] Magnitude updated: 5.91 (M)
2026/08/17 07:48:34.006711 [Simulation:Info:toast@toast-new:Simulation not generated] Magnitude 5.91 of event bmg2026qaqg is smaller than triggerMinMagnitude: no automatic simulation
2026/08/17 07:48:39.265442 [Incident:Info:toast@toast-new:Origin updated] Origin updated: OT: 2026-08-17 00:46:43,  Lat/Lon: -8.3741°/121.503°, Depth: 10
2026/08/17 07:48:39.265589 [Incident:Info:toast@toast-new:Magnitude updated] Magnitude updated: 5.94 (M)
2026/08/17 07:48:39.265624 [Simulation:Info:toast@toast-new:Simulation not generated] Magnitude 5.94 of event bmg2026qaqg is smaller than triggerMinMagnitude: no automatic simulation
2026/08/17 07:48:39.295178 [Incident:Info:toast@toast-new:Origin updated] Origin updated: OT: 2026-08-17 00:46:43,  Lat/Lon: -8.37319°/121.494°, Depth: 10
2026/08/17 07:48:39.295336 [Incident:Info:toast@toast-new:Magnitude updated] Magnitude updated: 5.94 (M)
2026/08/17 07:48:39.295367 [Simulation:Info:toast@toast-new:Simulation not generated] Magnitude 5.94 of event bmg2026qaqg is smaller than triggerMinMagnitude: no automatic simulation
2026/08/17 07:48:39.655179 [Incident:Info:toast@toast-new:Origin updated] Origin updated: OT: 2026-08-17 00:46:43,  Lat/Lon: -8.37319°/121.494°, Depth: 10
2026/08/17 07:48:39.655331 [Incident:Info:toast@toast-new:Magnitude updated] Magnitude updated: 5.94 (M)
2026/08/17 07:48:39.655361 [Simulation:Info:toast@toast-new:Simulation not generated] Magnitude 5.94 of event bmg2026qaqg is smaller than triggerMinMagnitude: no automatic simulation
2026/08/17 07:48:44.664985 [Incident:Info:toast@toast-new:Origin updated] Origin updated: OT: 2026-08-17 00:46:43,  Lat/Lon: -8.37319°/121.494°, Depth: 10
2026/08/17 07:48:44.665150 [Incident:Info:toast@toast-new:Magnitude updated] Magnitude updated: 5.96 (M)
2026/08/17 07:48:44.665206 [Simulation:Info:toast@toast-new:Simulation not generated] Magnitude 5.96 of event bmg2026qaqg is smaller than triggerMinMagnitude: no automatic simulation
2026/08/17 07:48:48.885061 [Incident:Info:toast@toast-new:Origin updated] Origin updated: OT: 2026-08-17 00:46:43,  Lat/Lon: -8.37319°/121.494°, Depth: 10
2026/08/17 07:48:48.885202 [Incident:Info:toast@toast-new:Magnitude updated] Magnitude updated: 5.96 (M)
2026/08/17 07:48:48.885230 [Simulation:Info:toast@toast-new:Simulation not generated] Magnitude 5.96 of event bmg2026qaqg is smaller than triggerMinMagnitude: no automatic simulation
2026/08/17 07:48:54.754698 [Incident:Info:toast@toast-new:Origin updated] Origin updated: OT: 2026-08-17 00:46:43,  Lat/Lon: -8.37319°/121.494°, Depth: 10
2026/08/17 07:48:54.754875 [Incident:Info:toast@toast-new:Magnitude updated] Magnitude updated: 5.98 (M)
2026/08/17 07:48:54.754914 [Simulation:Info:toast@toast-new:Simulation not generated] Magnitude 5.98 of event bmg2026qaqg is smaller than triggerMinMagnitude: no automatic simulation
2026/08/17 07:48:59.794755 [Incident:Info:toast@toast-new:Origin updated] Origin updated: OT: 2026-08-17 00:46:43,  Lat/Lon: -8.37319°/121.494°, Depth: 10
2026/08/17 07:48:59.794918 [Incident:Info:toast@toast-new:Magnitude updated] Magnitude updated: 5.99 (M)
2026/08/17 07:48:59.794954 [Simulation:Info:toast@toast-new:Simulation not generated] Magnitude 5.99 of event bmg2026qaqg is smaller than triggerMinMagnitude: no automatic simulation
2026/08/17 07:49:01.056776 [Incident:Info:toast@toast-new:Origin updated] Origin updated: OT: 2026-08-17 00:46:43,  Lat/Lon: -8.38225°/121.525°, Depth: 10
2026/08/17 07:49:01.056999 [Incident:Info:toast@toast-new:Magnitude updated] Magnitude updated: 5.79 (M)
2026/08/17 07:49:01.057076 [Simulation:Info:toast@toast-new:Simulation not generated] Magnitude 5.79 of event bmg2026qaqg is smaller than triggerMinMagnitude: no automatic simulation
2026/08/17 07:49:04.764573 [Incident:Info:toast@toast-new:Origin updated] Origin updated: OT: 2026-08-17 00:46:43,  Lat/Lon: -8.38225°/121.525°, Depth: 10
2026/08/17 07:49:04.764737 [Incident:Info:toast@toast-new:Magnitude updated] Magnitude updated: 5.79 (M)
2026/08/17 07:49:04.764779 [Simulation:Info:toast@toast-new:Simulation not generated] Magnitude 5.79 of event bmg2026qaqg is smaller than triggerMinMagnitude: no automatic simulation
2026/08/17 07:49:09.818443 [Incident:Info:toast@toast-new:Origin updated] Origin updated: OT: 2026-08-17 00:46:43,  Lat/Lon: -8.38225°/121.525°, Depth: 10
2026/08/17 07:49:09.818608 [Incident:Info:toast@toast-new:Magnitude updated] Magnitude updated: 5.82 (M)
2026/08/17 07:49:09.818639 [Simulation:Info:toast@toast-new:Simulation not generated] Magnitude 5.82 of event bmg2026qaqg is smaller than triggerMinMagnitude: no automatic simulation
2026/08/17 07:49:12.200234 [Incident:Info:toast@toast-new:Origin updated] Origin updated: OT: 2026-08-17 00:46:43,  Lat/Lon: -8.38225°/121.525°, Depth: 10
2026/08/17 07:49:12.200372 [Incident:Info:toast@toast-new:Magnitude updated] Magnitude updated: 5.81 (M)
2026/08/17 07:49:12.200414 [Simulation:Info:toast@toast-new:Simulation not generated] Magnitude 5.81 of event bmg2026qaqg is smaller than triggerMinMagnitude: no automatic simulation
2026/08/17 07:49:14.776626 [Incident:Info:toast@toast-new:Origin updated] Origin updated: OT: 2026-08-17 00:46:43,  Lat/Lon: -8.38225°/121.525°, Depth: 10
2026/08/17 07:49:14.776795 [Incident:Info:toast@toast-new:Magnitude updated] Magnitude updated: 5.80 (M)
2026/08/17 07:49:14.776836 [Simulation:Info:toast@toast-new:Simulation not generated] Magnitude 5.80 of event bmg2026qaqg is smaller than triggerMinMagnitude: no automatic simulation
2026/08/17 07:49:19.825114 [Incident:Info:toast@toast-new:Origin updated] Origin updated: OT: 2026-08-17 00:46:43,  Lat/Lon: -8.38225°/121.525°, Depth: 10
2026/08/17 07:49:19.825296 [Incident:Info:toast@toast-new:Magnitude updated] Magnitude updated: 5.79 (M)
2026/08/17 07:49:19.825348 [Simulation:Info:toast@toast-new:Simulation not generated] Magnitude 5.79 of event bmg2026qaqg is smaller than triggerMinMagnitude: no automatic simulation
2026/08/17 07:49:24.854289 [Incident:Info:toast@toast-new:Origin updated] Origin updated: OT: 2026-08-17 00:46:43,  Lat/Lon: -8.38225°/121.525°, Depth: 10
2026/08/17 07:49:24.890987 [Incident:Info:toast@toast-new:Magnitude updated] Magnitude updated: 5.79 (M)
2026/08/17 07:49:24.891078 [Simulation:Info:toast@toast-new:Simulation not generated] Magnitude 5.79 of event bmg2026qaqg is smaller than triggerMinMagnitude: no automatic simulation
2026/08/17 07:49:29.770531 [Incident:Info:toast@toast-new:Origin updated] Origin updated: OT: 2026-08-17 00:46:43,  Lat/Lon: -8.38225°/121.525°, Depth: 10
2026/08/17 07:49:29.770692 [Incident:Info:toast@toast-new:Magnitude updated] Magnitude updated: 5.80 (M)
2026/08/17 07:49:29.770740 [Simulation:Info:toast@toast-new:Simulation not generated] Magnitude 5.80 of event bmg2026qaqg is smaller than triggerMinMagnitude: no automatic simulation
2026/08/17 07:49:34.747913 [Incident:Info:toast@toast-new:Origin updated] Origin updated: OT: 2026-08-17 00:46:43,  Lat/Lon: -8.38225°/121.525°, Depth: 10
2026/08/17 07:49:34.748054 [Incident:Info:toast@toast-new:Magnitude updated] Magnitude updated: 5.80 (M)
2026/08/17 07:49:34.748083 [Simulation:Info:toast@toast-new:Simulation not generated] Magnitude 5.80 of event bmg2026qaqg is smaller than triggerMinMagnitude: no automatic simulation
2026/08/17 07:49:37.992959 [Incident:Info:toast@toast-new:Origin updated] Origin updated: OT: 2026-08-17 00:46:43,  Lat/Lon: -8.38225°/121.525°, Depth: 10
2026/08/17 07:49:37.993088 [Incident:Info:toast@toast-new:FM updated] FM updated
2026/08/17 07:49:37.993323 [Simulation:Info:toast@toast-new:Simulation not generated] Magnitude 5.80 of event bmg2026qaqg is smaller than triggerMinMagnitude: no automatic simulation
2026/08/17 07:49:39.957282 [Incident:Info:toast@toast-new:Origin updated] Origin updated: OT: 2026-08-17 00:46:43,  Lat/Lon: -8.38225°/121.525°, Depth: 10
2026/08/17 07:49:39.957421 [Incident:Info:toast@toast-new:Magnitude updated] Magnitude updated: 5.81 (M)
2026/08/17 07:49:39.957451 [Simulation:Info:toast@toast-new:Simulation not generated] Magnitude 5.81 of event bmg2026qaqg is smaller than triggerMinMagnitude: no automatic simulation
2026/08/17 07:49:44.926656 [Incident:Info:toast@toast-new:Origin updated] Origin updated: OT: 2026-08-17 00:46:43,  Lat/Lon: -8.38225°/121.525°, Depth: 10
2026/08/17 07:49:44.926920 [Incident:Info:toast@toast-new:Magnitude updated] Magnitude updated: 5.83 (M)
2026/08/17 07:49:44.927012 [Simulation:Info:toast@toast-new:Simulation not generated] Magnitude 5.83 of event bmg2026qaqg is smaller than triggerMinMagnitude: no automatic simulation
2026/08/17 07:49:49.911574 [Incident:Info:toast@toast-new:Origin updated] Origin updated: OT: 2026-08-17 00:46:43,  Lat/Lon: -8.38225°/121.525°, Depth: 10
2026/08/17 07:49:49.911734 [Incident:Info:toast@toast-new:Magnitude updated] Magnitude updated: 5.84 (M)
2026/08/17 07:49:49.911764 [Simulation:Info:toast@toast-new:Simulation not generated] Magnitude 5.84 of event bmg2026qaqg is smaller than triggerMinMagnitude: no automatic simulation
2026/08/17 07:49:54.946123 [Incident:Info:toast@toast-new:Origin updated] Origin updated: OT: 2026-08-17 00:46:43,  Lat/Lon: -8.38225°/121.525°, Depth: 10
2026/08/17 07:49:54.946294 [Incident:Info:toast@toast-new:Magnitude updated] Magnitude updated: 5.84 (M)
2026/08/17 07:49:54.946336 [Simulation:Info:toast@toast-new:Simulation not generated] Magnitude 5.84 of event bmg2026qaqg is smaller than triggerMinMagnitude: no automatic simulation
2026/08/17 07:50:00.070829 [Incident:Info:toast@toast-new:Origin updated] Origin updated: OT: 2026-08-17 00:46:43,  Lat/Lon: -8.38225°/121.525°, Depth: 10
2026/08/17 07:50:00.071001 [Incident:Info:toast@toast-new:Magnitude updated] Magnitude updated: 5.84 (M)
2026/08/17 07:50:00.071045 [Simulation:Info:toast@toast-new:Simulation not generated] Magnitude 5.84 of event bmg2026qaqg is smaller than triggerMinMagnitude: no automatic simulation
2026/08/17 07:50:04.907472 [Incident:Info:toast@toast-new:Origin updated] Origin updated: OT: 2026-08-17 00:46:43,  Lat/Lon: -8.38225°/121.525°, Depth: 10
2026/08/17 07:50:04.907628 [Incident:Info:toast@toast-new:Magnitude updated] Magnitude updated: 5.84 (M)
2026/08/17 07:50:04.907662 [Simulation:Info:toast@toast-new:Simulation not generated] Magnitude 5.84 of event bmg2026qaqg is smaller than triggerMinMagnitude: no automatic simulation
2026/08/17 07:50:09.984264 [Incident:Info:toast@toast-new:Origin updated] Origin updated: OT: 2026-08-17 00:46:43,  Lat/Lon: -8.38225°/121.525°, Depth: 10
2026/08/17 07:50:09.984420 [Incident:Info:toast@toast-new:Magnitude updated] Magnitude updated: 5.84 (M)
2026/08/17 07:50:09.984456 [Simulation:Info:toast@toast-new:Simulation not generated] Magnitude 5.84 of event bmg2026qaqg is smaller than triggerMinMagnitude: no automatic simulation
2026/08/17 07:50:23.747668 [Incident:Info:toast@toast-new:Origin updated] Origin updated: OT: 2026-08-17 00:46:44,  Lat/Lon: -8.38952°/121.551°, Depth: 13.1559
2026/08/17 07:50:23.747835 [Incident:Info:toast@toast-new:Magnitude updated] Magnitude updated: 5.67 (Mw(mB))
2026/08/17 07:50:23.747869 [Simulation:Info:toast@toast-new:Simulation not generated] Magnitude 5.67 of event bmg2026qaqg is smaller than triggerMinMagnitude: no automatic simulation
2026/08/17 07:50:24.814093 [Incident:Info:toast@toast-new:Origin updated] Origin updated: OT: 2026-08-17 00:46:44,  Lat/Lon: -8.38952°/121.551°, Depth: 13.1559
2026/08/17 07:50:24.814241 [Incident:Info:toast@toast-new:Magnitude updated] Magnitude updated: 5.67 (Mw(mB))
2026/08/17 07:50:24.814268 [Simulation:Info:toast@toast-new:Simulation not generated] Magnitude 5.67 of event bmg2026qaqg is smaller than triggerMinMagnitude: no automatic simulation
2026/08/17 07:50:29.946714 [Incident:Info:toast@toast-new:Origin updated] Origin updated: OT: 2026-08-17 00:46:44,  Lat/Lon: -8.38952°/121.551°, Depth: 13.1559
2026/08/17 07:50:29.946874 [Incident:Info:toast@toast-new:Magnitude updated] Magnitude updated: 5.66 (Mw(mB))
2026/08/17 07:50:29.946910 [Simulation:Info:toast@toast-new:Simulation not generated] Magnitude 5.66 of event bmg2026qaqg is smaller than triggerMinMagnitude: no automatic simulation
2026/08/17 07:50:35.060026 [Incident:Info:toast@toast-new:Origin updated] Origin updated: OT: 2026-08-17 00:46:44,  Lat/Lon: -8.38952°/121.551°, Depth: 13.1559
2026/08/17 07:50:35.060178 [Incident:Info:toast@toast-new:Magnitude updated] Magnitude updated: 5.66 (Mw(mB))
2026/08/17 07:50:35.060213 [Simulation:Info:toast@toast-new:Simulation not generated] Magnitude 5.66 of event bmg2026qaqg is smaller than triggerMinMagnitude: no automatic simulation
2026/08/17 07:50:42.933705 [Incident:Info:toast@toast-new:Origin updated] Origin updated: OT: 2026-08-17 00:46:44,  Lat/Lon: -8.38952°/121.551°, Depth: 13.1559
2026/08/17 07:50:42.933883 [Simulation:Info:toast@toast-new:Simulation not generated] Magnitude 5.66 of event bmg2026qaqg is smaller than triggerMinMagnitude: no automatic simulation
2026/08/17 07:50:42.953498 [Incident:Info:toast@toast-new:Origin updated] Origin updated: OT: 2026-08-17 00:46:44,  Lat/Lon: -8.38952°/121.551°, Depth: 13.1559
2026/08/17 07:50:42.953612 [Incident:Info:toast@toast-new:Magnitude updated] Magnitude updated: 5.59 (Mw)
2026/08/17 07:50:42.953657 [Simulation:Info:toast@toast-new:Simulation not generated] Magnitude 5.59 of event bmg2026qaqg is smaller than triggerMinMagnitude: no automatic simulation
2026/08/17 07:53:59.838951 [Incident:Info:toast@toast-new:Origin updated] Origin updated: OT: 2026-08-17 00:46:44,  Lat/Lon: -8.38952°/121.551°, Depth: 13.1559
2026/08/17 07:53:59.839100 [Incident:Info:toast@toast-new:Magnitude updated] Magnitude updated: 5.59 (Mw)
2026/08/17 07:53:59.839130 [Incident:Info:toast@toast-new:FM updated] FM updated
2026/08/17 07:53:59.839385 [Simulation:Info:toast@toast-new:Simulation not generated] Magnitude 5.59 of event bmg2026qaqg is smaller than triggerMinMagnitude: no automatic simulation
2026/08/17 09:16:34.464370 [Incident:Info:toast@toast-new:Origin updated] Origin updated: OT: 2026-08-17 00:46:46,  Lat/Lon: -8.41133°/121.553°, Depth: 41.2684
2026/08/17 09:16:34.464539 [Simulation:Info:toast@toast-new:Simulation not generated] Magnitude 5.59 of event bmg2026qaqg is smaller than triggerMinMagnitude: no automatic simulation
