2026/06/08 11:47:28.363025 [Incident:Info:toast@toast-new:Displacement(s) updated] Added 0 and changed 0 displacements with 0 amplitudes
2026/06/08 11:47:28.365643 [Incident:Info:toast@toast-new:Incident created] Incident created based on event received from messaging: OT: 2026-06-08 04:44:24,  Lat/Lon: 5.66°/125.32°, Depth: 92.18, Mag: 5.32 (M)
2026/06/08 11:47:28.366095 [Simulation:Info:toast@toast-new:Simulation not generated] Magnitude 5.32 of event bmg2026ldaw is smaller than triggerMinMagnitude: no automatic simulation
2026/06/08 11:47:28.383610 [Incident:Info:toast@toast-new:Origin updated] Origin updated: OT: 2026-06-08 04:44:24,  Lat/Lon: 5.66201°/125.322°, Depth: 92.1772
2026/06/08 11:47:28.383721 [Simulation:Info:toast@toast-new:Simulation not generated] Magnitude 5.32 of event bmg2026ldaw is smaller than triggerMinMagnitude: no automatic simulation
2026/06/08 11:47:34.043750 [Incident:Info:toast@toast-new:Origin updated] Origin updated: OT: 2026-06-08 04:44:24,  Lat/Lon: 5.66201°/125.322°, Depth: 92.1772
2026/06/08 11:47:34.043859 [Incident:Info:toast@toast-new:Magnitude updated] Magnitude updated: 5.29 (M)
2026/06/08 11:47:34.043888 [Simulation:Info:toast@toast-new:Simulation not generated] Magnitude 5.29 of event bmg2026ldaw is smaller than triggerMinMagnitude: no automatic simulation
2026/06/08 11:47:38.957041 [Incident:Info:toast@toast-new:Origin updated] Origin updated: OT: 2026-06-08 04:44:24,  Lat/Lon: 5.66201°/125.322°, Depth: 92.1772
2026/06/08 11:47:38.957237 [Incident:Info:toast@toast-new:Magnitude updated] Magnitude updated: 5.25 (M)
2026/06/08 11:47:38.957288 [Simulation:Info:toast@toast-new:Simulation not generated] Magnitude 5.25 of event bmg2026ldaw is smaller than triggerMinMagnitude: no automatic simulation
2026/06/08 11:47:42.809456 [Incident:Info:toast@toast-new:Origin updated] Origin updated: OT: 2026-06-08 04:44:24,  Lat/Lon: 5.66201°/125.322°, Depth: 92.1772
2026/06/08 11:47:42.809589 [Incident:Info:toast@toast-new:Magnitude updated] Magnitude updated: 5.25 (M)
2026/06/08 11:47:42.809625 [Simulation:Info:toast@toast-new:Simulation not generated] Magnitude 5.25 of event bmg2026ldaw is smaller than triggerMinMagnitude: no automatic simulation
2026/06/08 11:47:42.834228 [Incident:Info:toast@toast-new:Origin updated] Origin updated: OT: 2026-06-08 04:44:22,  Lat/Lon: 5.53706°/125.294°, Depth: 10
2026/06/08 11:47:42.834396 [Incident:Info:toast@toast-new:Magnitude updated] Magnitude updated: 5.31 (M)
2026/06/08 11:47:42.834434 [Simulation:Info:toast@toast-new:Simulation not generated] Magnitude 5.31 of event bmg2026ldaw is smaller than triggerMinMagnitude: no automatic simulation
2026/06/08 11:47:43.910393 [Incident:Info:toast@toast-new:Origin updated] Origin updated: OT: 2026-06-08 04:44:22,  Lat/Lon: 5.53706°/125.294°, Depth: 10
2026/06/08 11:47:43.910532 [Incident:Info:toast@toast-new:Magnitude updated] Magnitude updated: 5.31 (M)
2026/06/08 11:47:43.910569 [Simulation:Info:toast@toast-new:Simulation not generated] Magnitude 5.31 of event bmg2026ldaw is smaller than triggerMinMagnitude: no automatic simulation
2026/06/08 11:47:48.921401 [Incident:Info:toast@toast-new:Origin updated] Origin updated: OT: 2026-06-08 04:44:22,  Lat/Lon: 5.53706°/125.294°, Depth: 10
2026/06/08 11:47:48.921543 [Incident:Info:toast@toast-new:Magnitude updated] Magnitude updated: 5.34 (M)
2026/06/08 11:47:48.921582 [Simulation:Info:toast@toast-new:Simulation not generated] Magnitude 5.34 of event bmg2026ldaw is smaller than triggerMinMagnitude: no automatic simulation
2026/06/08 11:47:52.021993 [Incident:Info:toast@toast-new:Origin updated] Origin updated: OT: 2026-06-08 04:44:22,  Lat/Lon: 5.53706°/125.294°, Depth: 10
2026/06/08 11:47:52.022182 [Incident:Info:toast@toast-new:Magnitude updated] Magnitude updated: 5.34 (M)
2026/06/08 11:47:52.022229 [Simulation:Info:toast@toast-new:Simulation not generated] Magnitude 5.34 of event bmg2026ldaw is smaller than triggerMinMagnitude: no automatic simulation
2026/06/08 11:47:53.933225 [Incident:Info:toast@toast-new:Origin updated] Origin updated: OT: 2026-06-08 04:44:22,  Lat/Lon: 5.53706°/125.294°, Depth: 10
2026/06/08 11:47:53.933458 [Incident:Info:toast@toast-new:Magnitude updated] Magnitude updated: 5.34 (M)
2026/06/08 11:47:53.933505 [Simulation:Info:toast@toast-new:Simulation not generated] Magnitude 5.34 of event bmg2026ldaw is smaller than triggerMinMagnitude: no automatic simulation
2026/06/08 11:47:57.133280 [Incident:Info:toast@toast-new:Origin updated] Origin updated: OT: 2026-06-08 04:44:22,  Lat/Lon: 5.55189°/125.297°, Depth: 10
2026/06/08 11:47:57.133476 [Incident:Info:toast@toast-new:Magnitude updated] Magnitude updated: 5.32 (M)
2026/06/08 11:47:57.133514 [Simulation:Info:toast@toast-new:Simulation not generated] Magnitude 5.32 of event bmg2026ldaw is smaller than triggerMinMagnitude: no automatic simulation
2026/06/08 11:47:58.951715 [Incident:Info:toast@toast-new:Origin updated] Origin updated: OT: 2026-06-08 04:44:22,  Lat/Lon: 5.55189°/125.297°, Depth: 10
2026/06/08 11:47:58.951904 [Incident:Info:toast@toast-new:Magnitude updated] Magnitude updated: 5.33 (M)
2026/06/08 11:47:58.951948 [Simulation:Info:toast@toast-new:Simulation not generated] Magnitude 5.33 of event bmg2026ldaw is smaller than triggerMinMagnitude: no automatic simulation
2026/06/08 11:48:03.953551 [Incident:Info:toast@toast-new:Origin updated] Origin updated: OT: 2026-06-08 04:44:22,  Lat/Lon: 5.55189°/125.297°, Depth: 10
2026/06/08 11:48:03.953770 [Incident:Info:toast@toast-new:Magnitude updated] Magnitude updated: 5.34 (M)
2026/06/08 11:48:03.953813 [Simulation:Info:toast@toast-new:Simulation not generated] Magnitude 5.34 of event bmg2026ldaw is smaller than triggerMinMagnitude: no automatic simulation
2026/06/08 11:48:08.938730 [Incident:Info:toast@toast-new:Origin updated] Origin updated: OT: 2026-06-08 04:44:22,  Lat/Lon: 5.55189°/125.297°, Depth: 10
2026/06/08 11:48:08.938940 [Incident:Info:toast@toast-new:Magnitude updated] Magnitude updated: 5.32 (M)
2026/06/08 11:48:08.938992 [Simulation:Info:toast@toast-new:Simulation not generated] Magnitude 5.32 of event bmg2026ldaw is smaller than triggerMinMagnitude: no automatic simulation
2026/06/08 11:48:13.375729 [Incident:Info:toast@toast-new:Origin updated] Origin updated: OT: 2026-06-08 04:44:22,  Lat/Lon: 5.55189°/125.297°, Depth: 10
2026/06/08 11:48:13.375947 [Incident:Info:toast@toast-new:Magnitude updated] Magnitude updated: 5.32 (M)
2026/06/08 11:48:13.376001 [Simulation:Info:toast@toast-new:Simulation not generated] Magnitude 5.32 of event bmg2026ldaw is smaller than triggerMinMagnitude: no automatic simulation
2026/06/08 11:48:13.896567 [Incident:Info:toast@toast-new:Origin updated] Origin updated: OT: 2026-06-08 04:44:22,  Lat/Lon: 5.55189°/125.297°, Depth: 10
2026/06/08 11:48:13.896736 [Incident:Info:toast@toast-new:Magnitude updated] Magnitude updated: 5.33 (M)
2026/06/08 11:48:13.896775 [Simulation:Info:toast@toast-new:Simulation not generated] Magnitude 5.33 of event bmg2026ldaw is smaller than triggerMinMagnitude: no automatic simulation
2026/06/08 11:48:15.259305 [Incident:Info:toast@toast-new:Origin updated] Origin updated: OT: 2026-06-08 04:44:22,  Lat/Lon: 5.58949°/125.261°, Depth: 10
2026/06/08 11:48:15.259477 [Incident:Info:toast@toast-new:Magnitude updated] Magnitude updated: 5.34 (M)
2026/06/08 11:48:15.259515 [Simulation:Info:toast@toast-new:Simulation not generated] Magnitude 5.34 of event bmg2026ldaw is smaller than triggerMinMagnitude: no automatic simulation
2026/06/08 11:48:18.886766 [Incident:Info:toast@toast-new:Origin updated] Origin updated: OT: 2026-06-08 04:44:22,  Lat/Lon: 5.58949°/125.261°, Depth: 10
2026/06/08 11:48:18.886965 [Incident:Info:toast@toast-new:Magnitude updated] Magnitude updated: 5.34 (M)
2026/06/08 11:48:18.887005 [Simulation:Info:toast@toast-new:Simulation not generated] Magnitude 5.34 of event bmg2026ldaw is smaller than triggerMinMagnitude: no automatic simulation
2026/06/08 11:48:23.961885 [Incident:Info:toast@toast-new:Origin updated] Origin updated: OT: 2026-06-08 04:44:22,  Lat/Lon: 5.58949°/125.261°, Depth: 10
2026/06/08 11:48:23.962128 [Incident:Info:toast@toast-new:Magnitude updated] Magnitude updated: 5.32 (M)
2026/06/08 11:48:23.962215 [Simulation:Info:toast@toast-new:Simulation not generated] Magnitude 5.32 of event bmg2026ldaw is smaller than triggerMinMagnitude: no automatic simulation
2026/06/08 11:48:28.954926 [Incident:Info:toast@toast-new:Origin updated] Origin updated: OT: 2026-06-08 04:44:22,  Lat/Lon: 5.58949°/125.261°, Depth: 10
2026/06/08 11:48:28.955125 [Incident:Info:toast@toast-new:Magnitude updated] Magnitude updated: 5.32 (M)
2026/06/08 11:48:28.955169 [Simulation:Info:toast@toast-new:Simulation not generated] Magnitude 5.32 of event bmg2026ldaw is smaller than triggerMinMagnitude: no automatic simulation
2026/06/08 11:48:30.430211 [Incident:Info:toast@toast-new:Origin updated] Origin updated: OT: 2026-06-08 04:44:22,  Lat/Lon: 5.58949°/125.261°, Depth: 10
2026/06/08 11:48:30.430403 [Incident:Info:toast@toast-new:Magnitude updated] Magnitude updated: 5.32 (M)
2026/06/08 11:48:30.430449 [Simulation:Info:toast@toast-new:Simulation not generated] Magnitude 5.32 of event bmg2026ldaw is smaller than triggerMinMagnitude: no automatic simulation
2026/06/08 11:48:32.766898 [Incident:Info:toast@toast-new:Origin updated] Origin updated: OT: 2026-06-08 04:44:23,  Lat/Lon: 5.55059°/125.258°, Depth: 10
2026/06/08 11:48:32.767106 [Incident:Info:toast@toast-new:Magnitude updated] Magnitude updated: 5.32 (M)
2026/06/08 11:48:32.767144 [Simulation:Info:toast@toast-new:Simulation not generated] Magnitude 5.32 of event bmg2026ldaw is smaller than triggerMinMagnitude: no automatic simulation
2026/06/08 11:48:33.890283 [Incident:Info:toast@toast-new:Origin updated] Origin updated: OT: 2026-06-08 04:44:23,  Lat/Lon: 5.55059°/125.258°, Depth: 10
2026/06/08 11:48:33.890466 [Incident:Info:toast@toast-new:Magnitude updated] Magnitude updated: 5.32 (M)
2026/06/08 11:48:33.890506 [Simulation:Info:toast@toast-new:Simulation not generated] Magnitude 5.32 of event bmg2026ldaw is smaller than triggerMinMagnitude: no automatic simulation
2026/06/08 11:48:39.010925 [Incident:Info:toast@toast-new:Origin updated] Origin updated: OT: 2026-06-08 04:44:23,  Lat/Lon: 5.55059°/125.258°, Depth: 10
2026/06/08 11:48:39.011126 [Incident:Info:toast@toast-new:Magnitude updated] Magnitude updated: 5.32 (M)
2026/06/08 11:48:39.011170 [Simulation:Info:toast@toast-new:Simulation not generated] Magnitude 5.32 of event bmg2026ldaw is smaller than triggerMinMagnitude: no automatic simulation
2026/06/08 11:48:44.028234 [Incident:Info:toast@toast-new:Origin updated] Origin updated: OT: 2026-06-08 04:44:23,  Lat/Lon: 5.55059°/125.258°, Depth: 10
2026/06/08 11:48:44.028419 [Incident:Info:toast@toast-new:Magnitude updated] Magnitude updated: 5.33 (M)
2026/06/08 11:48:44.028459 [Simulation:Info:toast@toast-new:Simulation not generated] Magnitude 5.33 of event bmg2026ldaw is smaller than triggerMinMagnitude: no automatic simulation
2026/06/08 11:48:48.685976 [Incident:Info:toast@toast-new:Origin updated] Origin updated: OT: 2026-06-08 04:44:23,  Lat/Lon: 5.55059°/125.258°, Depth: 10
2026/06/08 11:48:48.686178 [Incident:Info:toast@toast-new:Magnitude updated] Magnitude updated: 5.33 (M)
2026/06/08 11:48:48.686224 [Simulation:Info:toast@toast-new:Simulation not generated] Magnitude 5.33 of event bmg2026ldaw is smaller than triggerMinMagnitude: no automatic simulation
2026/06/08 11:48:52.264905 [Incident:Info:toast@toast-new:Origin updated] Origin updated: OT: 2026-06-08 04:44:22,  Lat/Lon: 5.64138°/125.252°, Depth: 10
2026/06/08 11:48:52.265094 [Incident:Info:toast@toast-new:Magnitude updated] Magnitude updated: 5.36 (M)
2026/06/08 11:48:52.265137 [Simulation:Info:toast@toast-new:Simulation not generated] Magnitude 5.36 of event bmg2026ldaw is smaller than triggerMinMagnitude: no automatic simulation
2026/06/08 11:48:59.086216 [Incident:Info:toast@toast-new:Origin updated] Origin updated: OT: 2026-06-08 04:44:22,  Lat/Lon: 5.64138°/125.252°, Depth: 10
2026/06/08 11:48:59.086404 [Incident:Info:toast@toast-new:Magnitude updated] Magnitude updated: 5.35 (M)
2026/06/08 11:48:59.086448 [Simulation:Info:toast@toast-new:Simulation not generated] Magnitude 5.35 of event bmg2026ldaw is smaller than triggerMinMagnitude: no automatic simulation
2026/06/08 11:49:01.710448 [Incident:Info:toast@toast-new:Origin updated] Origin updated: OT: 2026-06-08 04:44:22,  Lat/Lon: 5.64138°/125.252°, Depth: 10
2026/06/08 11:49:01.710634 [Incident:Info:toast@toast-new:Magnitude updated] Magnitude updated: 5.36 (M)
2026/06/08 11:49:01.710677 [Simulation:Info:toast@toast-new:Simulation not generated] Magnitude 5.36 of event bmg2026ldaw is smaller than triggerMinMagnitude: no automatic simulation
2026/06/08 11:49:04.023424 [Incident:Info:toast@toast-new:Origin updated] Origin updated: OT: 2026-06-08 04:44:22,  Lat/Lon: 5.64138°/125.252°, Depth: 10
2026/06/08 11:49:04.023596 [Incident:Info:toast@toast-new:Magnitude updated] Magnitude updated: 5.36 (M)
2026/06/08 11:49:04.023628 [Simulation:Info:toast@toast-new:Simulation not generated] Magnitude 5.36 of event bmg2026ldaw is smaller than triggerMinMagnitude: no automatic simulation
2026/06/08 11:49:05.581054 [Incident:Info:toast@toast-new:Origin updated] Origin updated: OT: 2026-06-08 04:44:22,  Lat/Lon: 5.64138°/125.252°, Depth: 10
2026/06/08 11:49:05.581245 [Incident:Info:toast@toast-new:Magnitude updated] Magnitude updated: 5.37 (M)
2026/06/08 11:49:05.581288 [Simulation:Info:toast@toast-new:Simulation not generated] Magnitude 5.37 of event bmg2026ldaw is smaller than triggerMinMagnitude: no automatic simulation
2026/06/08 11:49:09.031505 [Incident:Info:toast@toast-new:Origin updated] Origin updated: OT: 2026-06-08 04:44:22,  Lat/Lon: 5.64138°/125.252°, Depth: 10
2026/06/08 11:49:09.031685 [Incident:Info:toast@toast-new:Magnitude updated] Magnitude updated: 5.37 (M)
2026/06/08 11:49:09.031723 [Simulation:Info:toast@toast-new:Simulation not generated] Magnitude 5.37 of event bmg2026ldaw is smaller than triggerMinMagnitude: no automatic simulation
2026/06/08 11:49:11.760500 [Incident:Info:toast@toast-new:Origin updated] Origin updated: OT: 2026-06-08 04:44:22,  Lat/Lon: 5.64138°/125.252°, Depth: 10
2026/06/08 11:49:11.760693 [Incident:Info:toast@toast-new:Magnitude updated] Magnitude updated: 5.38 (M)
2026/06/08 11:49:11.760742 [Simulation:Info:toast@toast-new:Simulation not generated] Magnitude 5.38 of event bmg2026ldaw is smaller than triggerMinMagnitude: no automatic simulation
2026/06/08 11:49:13.909947 [Incident:Info:toast@toast-new:Origin updated] Origin updated: OT: 2026-06-08 04:44:22,  Lat/Lon: 5.64138°/125.252°, Depth: 10
2026/06/08 11:49:13.910118 [Incident:Info:toast@toast-new:Magnitude updated] Magnitude updated: 5.38 (M)
2026/06/08 11:49:13.910158 [Simulation:Info:toast@toast-new:Simulation not generated] Magnitude 5.38 of event bmg2026ldaw is smaller than triggerMinMagnitude: no automatic simulation
2026/06/08 11:49:13.930343 [Incident:Info:toast@toast-new:Origin updated] Origin updated: OT: 2026-06-08 04:44:33,  Lat/Lon: 4.7381°/125.439°, Depth: 10
2026/06/08 11:49:13.930498 [Incident:Info:toast@toast-new:Magnitude updated] Magnitude updated: 5.31 (M)
2026/06/08 11:49:13.930531 [Simulation:Info:toast@toast-new:Simulation not generated] Magnitude 5.31 of event bmg2026ldaw is smaller than triggerMinMagnitude: no automatic simulation
2026/06/08 11:49:18.287930 [Incident:Info:toast@toast-new:Origin updated] Origin updated: OT: 2026-06-08 04:44:33,  Lat/Lon: 4.7381°/125.439°, Depth: 10
2026/06/08 11:49:18.288134 [Incident:Info:toast@toast-new:Magnitude updated] Magnitude updated: 5.32 (M)
2026/06/08 11:49:18.288178 [Simulation:Info:toast@toast-new:Simulation not generated] Magnitude 5.32 of event bmg2026ldaw is smaller than triggerMinMagnitude: no automatic simulation
2026/06/08 11:49:19.050002 [Incident:Info:toast@toast-new:Origin updated] Origin updated: OT: 2026-06-08 04:44:33,  Lat/Lon: 4.7381°/125.439°, Depth: 10
2026/06/08 11:49:19.050183 [Incident:Info:toast@toast-new:Magnitude updated] Magnitude updated: 5.33 (M)
2026/06/08 11:49:19.050230 [Simulation:Info:toast@toast-new:Simulation not generated] Magnitude 5.33 of event bmg2026ldaw is smaller than triggerMinMagnitude: no automatic simulation
2026/06/08 11:49:19.080217 [Incident:Info:toast@toast-new:Origin updated] Origin updated: OT: 2026-06-08 04:44:33,  Lat/Lon: 4.7381°/125.439°, Depth: 10
2026/06/08 11:49:19.080365 [Incident:Info:toast@toast-new:Magnitude updated] Magnitude updated: 5.28 (Mw(mB))
2026/06/08 11:49:19.080413 [Simulation:Info:toast@toast-new:Simulation not generated] Magnitude 5.28 of event bmg2026ldaw is smaller than triggerMinMagnitude: no automatic simulation
2026/06/08 11:49:24.111217 [Incident:Info:toast@toast-new:Origin updated] Origin updated: OT: 2026-06-08 04:44:33,  Lat/Lon: 4.7381°/125.439°, Depth: 10
2026/06/08 11:49:24.111403 [Incident:Info:toast@toast-new:Magnitude updated] Magnitude updated: 5.29 (Mw(mB))
2026/06/08 11:49:24.111444 [Simulation:Info:toast@toast-new:Simulation not generated] Magnitude 5.29 of event bmg2026ldaw is smaller than triggerMinMagnitude: no automatic simulation
2026/06/08 11:49:29.045180 [Incident:Info:toast@toast-new:Origin updated] Origin updated: OT: 2026-06-08 04:44:33,  Lat/Lon: 4.7381°/125.439°, Depth: 10
2026/06/08 11:49:29.045386 [Incident:Info:toast@toast-new:Magnitude updated] Magnitude updated: 5.29 (Mw(mB))
2026/06/08 11:49:29.045431 [Simulation:Info:toast@toast-new:Simulation not generated] Magnitude 5.29 of event bmg2026ldaw is smaller than triggerMinMagnitude: no automatic simulation
2026/06/08 11:49:32.796888 [Incident:Info:toast@toast-new:Origin updated] Origin updated: OT: 2026-06-08 04:44:33,  Lat/Lon: 4.7381°/125.439°, Depth: 10
2026/06/08 11:49:32.797056 [Incident:Info:toast@toast-new:Magnitude updated] Magnitude updated: 5.31 (Mw(mB))
2026/06/08 11:49:32.797086 [Simulation:Info:toast@toast-new:Simulation not generated] Magnitude 5.31 of event bmg2026ldaw is smaller than triggerMinMagnitude: no automatic simulation
2026/06/08 11:49:34.638123 [Incident:Info:toast@toast-new:Origin updated] Origin updated: OT: 2026-06-08 04:44:23,  Lat/Lon: 5.52613°/125.278°, Depth: 11.2055
2026/06/08 11:49:34.638305 [Incident:Info:toast@toast-new:Magnitude updated] Magnitude updated: 5.63 (MLv)
2026/06/08 11:49:34.638348 [Simulation:Info:toast@toast-new:Simulation not generated] Magnitude 5.63 of event bmg2026ldaw is smaller than triggerMinMagnitude: no automatic simulation
2026/06/08 11:49:34.685693 [Incident:Info:toast@toast-new:Origin updated] Origin updated: OT: 2026-06-08 04:44:23,  Lat/Lon: 5.52613°/125.278°, Depth: 11.2055
2026/06/08 11:49:34.685811 [Incident:Info:toast@toast-new:Magnitude updated] Magnitude updated: 5.30 (M)
2026/06/08 11:49:34.685848 [Simulation:Info:toast@toast-new:Simulation not generated] Magnitude 5.30 of event bmg2026ldaw is smaller than triggerMinMagnitude: no automatic simulation
2026/06/08 11:49:40.049077 [Incident:Info:toast@toast-new:Origin updated] Origin updated: OT: 2026-06-08 04:44:23,  Lat/Lon: 5.52613°/125.278°, Depth: 11.2055
2026/06/08 11:49:40.049276 [Simulation:Info:toast@toast-new:Simulation not generated] Magnitude 5.30 of event bmg2026ldaw is smaller than triggerMinMagnitude: no automatic simulation
2026/06/08 11:49:40.360465 [Incident:Info:toast@toast-new:Origin updated] Origin updated: OT: 2026-06-08 04:44:23,  Lat/Lon: 5.52613°/125.278°, Depth: 11.2055
2026/06/08 11:49:40.360611 [Incident:Info:toast@toast-new:Magnitude updated] Magnitude updated: 5.30 (M)
2026/06/08 11:49:40.360637 [Simulation:Info:toast@toast-new:Simulation not generated] Magnitude 5.30 of event bmg2026ldaw is smaller than triggerMinMagnitude: no automatic simulation
2026/06/08 11:49:44.020127 [Incident:Info:toast@toast-new:Origin updated] Origin updated: OT: 2026-06-08 04:44:23,  Lat/Lon: 5.52613°/125.278°, Depth: 11.2055
2026/06/08 11:49:44.020310 [Incident:Info:toast@toast-new:Magnitude updated] Magnitude updated: 5.30 (M)
2026/06/08 11:49:44.020355 [Simulation:Info:toast@toast-new:Simulation not generated] Magnitude 5.30 of event bmg2026ldaw is smaller than triggerMinMagnitude: no automatic simulation
2026/06/08 11:54:27.160039 [Incident:Info:toast@toast-new:Origin updated] Origin updated: OT: 2026-06-08 04:44:23,  Lat/Lon: 5.52613°/125.278°, Depth: 11.2055
2026/06/08 11:54:27.160230 [Incident:Info:toast@toast-new:FM updated] FM updated
2026/06/08 11:54:27.160436 [Simulation:Info:toast@toast-new:Simulation not generated] Magnitude 5.30 of event bmg2026ldaw is smaller than triggerMinMagnitude: no automatic simulation
2026/06/08 12:18:48.633590 [Incident:Info:toast@toast-new:Origin updated] Origin updated: OT: 2026-06-08 04:44:23,  Lat/Lon: 5.52613°/125.278°, Depth: 11.2055
2026/06/08 12:18:48.633751 [Simulation:Info:toast@toast-new:Simulation not generated] Magnitude 5.30 of event bmg2026ldaw is smaller than triggerMinMagnitude: no automatic simulation
2026/06/08 17:31:52.159507 [Incident:Info:toast@toast-new:Origin updated] Origin updated: OT: 2026-06-08 04:44:23,  Lat/Lon: 5.26594°/125.217°, Depth: 10
2026/06/08 17:31:52.171051 [Incident:Info:toast@toast-new:Magnitude updated] Magnitude updated: 5.35 (MLv)
2026/06/08 17:31:52.181874 [Simulation:Info:toast@toast-new:Simulation not generated] Magnitude 5.35 of event bmg2026ldaw is smaller than triggerMinMagnitude: no automatic simulation
2026/06/08 17:31:52.203355 [Incident:Info:toast@toast-new:Origin updated] Origin updated: OT: 2026-06-08 04:44:23,  Lat/Lon: 5.26594°/125.217°, Depth: 10
2026/06/08 17:31:52.214005 [Incident:Info:toast@toast-new:Magnitude updated] Magnitude updated: 5.48 (M)
2026/06/08 17:31:52.224449 [Simulation:Info:toast@toast-new:Simulation not generated] Magnitude 5.48 of event bmg2026ldaw is smaller than triggerMinMagnitude: no automatic simulation
2026/06/08 17:32:56.586759 [Incident:Info:toast@toast-new:Origin updated] Origin updated: OT: 2026-06-08 04:44:23,  Lat/Lon: 5.26305°/125.232°, Depth: 10
2026/06/08 17:32:56.597699 [Incident:Info:toast@toast-new:Magnitude updated] Magnitude updated: 5.52 (MLv)
2026/06/08 17:32:56.608189 [Simulation:Info:toast@toast-new:Simulation not generated] Magnitude 5.52 of event bmg2026ldaw is smaller than triggerMinMagnitude: no automatic simulation
2026/06/08 17:32:56.628462 [Incident:Info:toast@toast-new:Origin updated] Origin updated: OT: 2026-06-08 04:44:23,  Lat/Lon: 5.26305°/125.232°, Depth: 10
2026/06/08 17:32:56.638545 [Incident:Info:toast@toast-new:Magnitude updated] Magnitude updated: 5.49 (M)
2026/06/08 17:32:56.648448 [Simulation:Info:toast@toast-new:Simulation not generated] Magnitude 5.49 of event bmg2026ldaw is smaller than triggerMinMagnitude: no automatic simulation
2026/06/08 17:33:47.722808 [Incident:Info:toast@toast-new:Origin updated] Origin updated: OT: 2026-06-08 04:44:23,  Lat/Lon: 5.26305°/125.232°, Depth: 10
2026/06/08 17:33:47.738905 [Incident:Info:toast@toast-new:Magnitude updated] Magnitude updated: 5.32 (Mw(mB))
2026/06/08 17:33:47.753601 [Simulation:Info:toast@toast-new:Simulation not generated] Magnitude 5.32 of event bmg2026ldaw is smaller than triggerMinMagnitude: no automatic simulation
2026/06/08 17:56:47.979865 [Incident:Info:toast@toast-new:Origin updated] Origin updated: OT: 2026-06-08 04:44:23,  Lat/Lon: 5.26305°/125.232°, Depth: 10
2026/06/08 17:56:47.991464 [Incident:Info:toast@toast-new:FM updated] FM updated
2026/06/08 17:56:48.002160 [Simulation:Info:toast@toast-new:Simulation not generated] Magnitude 5.32 of event bmg2026ldaw is smaller than triggerMinMagnitude: no automatic simulation
2026/06/08 17:56:56.971090 [Incident:Info:toast@toast-new:Origin updated] Origin updated: OT: 2026-06-08 04:44:23,  Lat/Lon: 5.26305°/125.232°, Depth: 10
2026/06/08 17:56:56.985813 [Simulation:Info:toast@toast-new:Simulation not generated] Magnitude 5.32 of event bmg2026ldaw is smaller than triggerMinMagnitude: no automatic simulation
