2026/07/12 20:48:15.322004 [Incident:Info:toast@toast-new:Displacement(s) updated] Added 0 and changed 0 displacements with 0 amplitudes
2026/07/12 20:48:15.326304 [Incident:Info:toast@toast-new:Incident created] Incident created based on event received from messaging: OT: 2026-07-12 13:46:34,  Lat/Lon: 1.28°/121.39°, Depth: 10.00, Mag: 5.31 (M)
2026/07/12 20:48:15.326970 [Simulation:Info:toast@toast-new:Simulation not generated] Magnitude 5.31 of event bmg2026nnvw is smaller than triggerMinMagnitude: no automatic simulation
2026/07/12 20:48:15.344699 [Incident:Info:toast@toast-new:Origin updated] Origin updated: OT: 2026-07-12 13:46:34,  Lat/Lon: 1.28033°/121.389°, Depth: 10
2026/07/12 20:48:15.344849 [Simulation:Info:toast@toast-new:Simulation not generated] Magnitude 5.31 of event bmg2026nnvw is smaller than triggerMinMagnitude: no automatic simulation
2026/07/12 20:48:17.233352 [Incident:Info:toast@toast-new:Origin updated] Origin updated: OT: 2026-07-12 13:46:34,  Lat/Lon: 1.28033°/121.389°, Depth: 10
2026/07/12 20:48:17.233520 [Incident:Info:toast@toast-new:Magnitude updated] Magnitude updated: 5.33 (M)
2026/07/12 20:48:17.233552 [Simulation:Info:toast@toast-new:Simulation not generated] Magnitude 5.33 of event bmg2026nnvw is smaller than triggerMinMagnitude: no automatic simulation
2026/07/12 20:48:22.236012 [Incident:Info:toast@toast-new:Origin updated] Origin updated: OT: 2026-07-12 13:46:34,  Lat/Lon: 1.28033°/121.389°, Depth: 10
2026/07/12 20:48:22.236194 [Incident:Info:toast@toast-new:Magnitude updated] Magnitude updated: 5.34 (M)
2026/07/12 20:48:22.236233 [Simulation:Info:toast@toast-new:Simulation not generated] Magnitude 5.34 of event bmg2026nnvw is smaller than triggerMinMagnitude: no automatic simulation
2026/07/12 20:48:26.503200 [Incident:Info:toast@toast-new:Origin updated] Origin updated: OT: 2026-07-12 13:46:34,  Lat/Lon: 1.28033°/121.389°, Depth: 10
2026/07/12 20:48:26.503371 [Incident:Info:toast@toast-new:Magnitude updated] Magnitude updated: 5.37 (M)
2026/07/12 20:48:26.503405 [Simulation:Info:toast@toast-new:Simulation not generated] Magnitude 5.37 of event bmg2026nnvw is smaller than triggerMinMagnitude: no automatic simulation
2026/07/12 20:48:26.527459 [Incident:Info:toast@toast-new:Origin updated] Origin updated: OT: 2026-07-12 13:46:34,  Lat/Lon: 1.30186°/121.391°, Depth: 10
2026/07/12 20:48:26.527599 [Incident:Info:toast@toast-new:Magnitude updated] Magnitude updated: 5.36 (M)
2026/07/12 20:48:26.527624 [Simulation:Info:toast@toast-new:Simulation not generated] Magnitude 5.36 of event bmg2026nnvw is smaller than triggerMinMagnitude: no automatic simulation
2026/07/12 20:48:27.240102 [Incident:Info:toast@toast-new:Origin updated] Origin updated: OT: 2026-07-12 13:46:34,  Lat/Lon: 1.30186°/121.391°, Depth: 10
2026/07/12 20:48:27.240272 [Incident:Info:toast@toast-new:Magnitude updated] Magnitude updated: 5.36 (M)
2026/07/12 20:48:27.240308 [Simulation:Info:toast@toast-new:Simulation not generated] Magnitude 5.36 of event bmg2026nnvw is smaller than triggerMinMagnitude: no automatic simulation
2026/07/12 20:48:32.274214 [Incident:Info:toast@toast-new:Origin updated] Origin updated: OT: 2026-07-12 13:46:34,  Lat/Lon: 1.30186°/121.391°, Depth: 10
2026/07/12 20:48:32.274429 [Incident:Info:toast@toast-new:Magnitude updated] Magnitude updated: 5.37 (M)
2026/07/12 20:48:32.274482 [Simulation:Info:toast@toast-new:Simulation not generated] Magnitude 5.37 of event bmg2026nnvw is smaller than triggerMinMagnitude: no automatic simulation
2026/07/12 20:48:37.276405 [Incident:Info:toast@toast-new:Origin updated] Origin updated: OT: 2026-07-12 13:46:34,  Lat/Lon: 1.30186°/121.391°, Depth: 10
2026/07/12 20:48:37.276620 [Incident:Info:toast@toast-new:Magnitude updated] Magnitude updated: 5.39 (M)
2026/07/12 20:48:37.276676 [Simulation:Info:toast@toast-new:Simulation not generated] Magnitude 5.39 of event bmg2026nnvw is smaller than triggerMinMagnitude: no automatic simulation
2026/07/12 20:48:41.061633 [Incident:Info:toast@toast-new:Origin updated] Origin updated: OT: 2026-07-12 13:46:35,  Lat/Lon: 1.30621°/121.377°, Depth: 10
2026/07/12 20:48:41.061834 [Incident:Info:toast@toast-new:Magnitude updated] Magnitude updated: 5.37 (M)
2026/07/12 20:48:41.061873 [Simulation:Info:toast@toast-new:Simulation not generated] Magnitude 5.37 of event bmg2026nnvw is smaller than triggerMinMagnitude: no automatic simulation
2026/07/12 20:48:42.282700 [Incident:Info:toast@toast-new:Origin updated] Origin updated: OT: 2026-07-12 13:46:35,  Lat/Lon: 1.30621°/121.377°, Depth: 10
2026/07/12 20:48:42.282877 [Incident:Info:toast@toast-new:Magnitude updated] Magnitude updated: 5.37 (M)
2026/07/12 20:48:42.282913 [Simulation:Info:toast@toast-new:Simulation not generated] Magnitude 5.37 of event bmg2026nnvw is smaller than triggerMinMagnitude: no automatic simulation
2026/07/12 20:48:47.291435 [Incident:Info:toast@toast-new:Origin updated] Origin updated: OT: 2026-07-12 13:46:35,  Lat/Lon: 1.30621°/121.377°, Depth: 10
2026/07/12 20:48:47.291601 [Incident:Info:toast@toast-new:Magnitude updated] Magnitude updated: 5.38 (M)
2026/07/12 20:48:47.291642 [Simulation:Info:toast@toast-new:Simulation not generated] Magnitude 5.38 of event bmg2026nnvw is smaller than triggerMinMagnitude: no automatic simulation
2026/07/12 20:48:52.294271 [Incident:Info:toast@toast-new:Origin updated] Origin updated: OT: 2026-07-12 13:46:35,  Lat/Lon: 1.30621°/121.377°, Depth: 10
2026/07/12 20:48:52.294467 [Incident:Info:toast@toast-new:Magnitude updated] Magnitude updated: 5.39 (M)
2026/07/12 20:48:52.294509 [Simulation:Info:toast@toast-new:Simulation not generated] Magnitude 5.39 of event bmg2026nnvw is smaller than triggerMinMagnitude: no automatic simulation
2026/07/12 20:48:57.319942 [Incident:Info:toast@toast-new:Origin updated] Origin updated: OT: 2026-07-12 13:46:35,  Lat/Lon: 1.30621°/121.377°, Depth: 10
2026/07/12 20:48:57.320115 [Incident:Info:toast@toast-new:Magnitude updated] Magnitude updated: 5.39 (M)
2026/07/12 20:48:57.320152 [Simulation:Info:toast@toast-new:Simulation not generated] Magnitude 5.39 of event bmg2026nnvw is smaller than triggerMinMagnitude: no automatic simulation
2026/07/12 20:49:01.253697 [Incident:Info:toast@toast-new:Origin updated] Origin updated: OT: 2026-07-12 13:46:35,  Lat/Lon: 1.30621°/121.377°, Depth: 10
2026/07/12 20:49:01.253869 [Incident:Info:toast@toast-new:Magnitude updated] Magnitude updated: 5.37 (M)
2026/07/12 20:49:01.253908 [Simulation:Info:toast@toast-new:Simulation not generated] Magnitude 5.37 of event bmg2026nnvw is smaller than triggerMinMagnitude: no automatic simulation
2026/07/12 20:49:01.279487 [Incident:Info:toast@toast-new:Origin updated] Origin updated: OT: 2026-07-12 13:46:35,  Lat/Lon: 1.29093°/121.358°, Depth: 10
2026/07/12 20:49:01.279643 [Incident:Info:toast@toast-new:Magnitude updated] Magnitude updated: 5.33 (M)
2026/07/12 20:49:01.279671 [Simulation:Info:toast@toast-new:Simulation not generated] Magnitude 5.33 of event bmg2026nnvw is smaller than triggerMinMagnitude: no automatic simulation
2026/07/12 20:49:02.305154 [Incident:Info:toast@toast-new:Origin updated] Origin updated: OT: 2026-07-12 13:46:35,  Lat/Lon: 1.29093°/121.358°, Depth: 10
2026/07/12 20:49:02.305331 [Incident:Info:toast@toast-new:Magnitude updated] Magnitude updated: 5.34 (M)
2026/07/12 20:49:02.305373 [Simulation:Info:toast@toast-new:Simulation not generated] Magnitude 5.34 of event bmg2026nnvw is smaller than triggerMinMagnitude: no automatic simulation
2026/07/12 20:49:07.379216 [Incident:Info:toast@toast-new:Origin updated] Origin updated: OT: 2026-07-12 13:46:35,  Lat/Lon: 1.29093°/121.358°, Depth: 10
2026/07/12 20:49:07.379400 [Incident:Info:toast@toast-new:Magnitude updated] Magnitude updated: 5.32 (M)
2026/07/12 20:49:07.379442 [Simulation:Info:toast@toast-new:Simulation not generated] Magnitude 5.32 of event bmg2026nnvw is smaller than triggerMinMagnitude: no automatic simulation
2026/07/12 20:49:12.379880 [Incident:Info:toast@toast-new:Origin updated] Origin updated: OT: 2026-07-12 13:46:35,  Lat/Lon: 1.29093°/121.358°, Depth: 10
2026/07/12 20:49:12.380102 [Incident:Info:toast@toast-new:Magnitude updated] Magnitude updated: 5.29 (M)
2026/07/12 20:49:12.380151 [Simulation:Info:toast@toast-new:Simulation not generated] Magnitude 5.29 of event bmg2026nnvw is smaller than triggerMinMagnitude: no automatic simulation
2026/07/12 20:49:17.373567 [Incident:Info:toast@toast-new:Origin updated] Origin updated: OT: 2026-07-12 13:46:35,  Lat/Lon: 1.29093°/121.358°, Depth: 10
2026/07/12 20:49:17.373740 [Incident:Info:toast@toast-new:Magnitude updated] Magnitude updated: 5.28 (M)
2026/07/12 20:49:17.373770 [Simulation:Info:toast@toast-new:Simulation not generated] Magnitude 5.28 of event bmg2026nnvw is smaller than triggerMinMagnitude: no automatic simulation
2026/07/12 20:49:20.279590 [Incident:Info:toast@toast-new:Origin updated] Origin updated: OT: 2026-07-12 13:46:35,  Lat/Lon: 1.29093°/121.358°, Depth: 10
2026/07/12 20:49:20.279789 [Incident:Info:toast@toast-new:Magnitude updated] Magnitude updated: 5.37 (MLv)
2026/07/12 20:49:20.279838 [Simulation:Info:toast@toast-new:Simulation not generated] Magnitude 5.37 of event bmg2026nnvw is smaller than triggerMinMagnitude: no automatic simulation
2026/07/12 20:49:20.456159 [Incident:Info:toast@toast-new:Origin updated] Origin updated: OT: 2026-07-12 13:46:35,  Lat/Lon: 1.29093°/121.358°, Depth: 10
2026/07/12 20:49:20.456330 [Incident:Info:toast@toast-new:Magnitude updated] Magnitude updated: 5.27 (M)
2026/07/12 20:49:20.456374 [Simulation:Info:toast@toast-new:Simulation not generated] Magnitude 5.27 of event bmg2026nnvw is smaller than triggerMinMagnitude: no automatic simulation
2026/07/12 20:49:22.463660 [Incident:Info:toast@toast-new:Origin updated] Origin updated: OT: 2026-07-12 13:46:35,  Lat/Lon: 1.29093°/121.358°, Depth: 10
2026/07/12 20:49:22.463845 [Incident:Info:toast@toast-new:Magnitude updated] Magnitude updated: 5.26 (M)
2026/07/12 20:49:22.463885 [Simulation:Info:toast@toast-new:Simulation not generated] Magnitude 5.26 of event bmg2026nnvw is smaller than triggerMinMagnitude: no automatic simulation
2026/07/12 20:49:27.448956 [Incident:Info:toast@toast-new:Origin updated] Origin updated: OT: 2026-07-12 13:46:35,  Lat/Lon: 1.29093°/121.358°, Depth: 10
2026/07/12 20:49:27.449149 [Incident:Info:toast@toast-new:Magnitude updated] Magnitude updated: 5.25 (M)
2026/07/12 20:49:27.449199 [Simulation:Info:toast@toast-new:Simulation not generated] Magnitude 5.25 of event bmg2026nnvw is smaller than triggerMinMagnitude: no automatic simulation
2026/07/12 20:49:32.439596 [Incident:Info:toast@toast-new:Origin updated] Origin updated: OT: 2026-07-12 13:46:35,  Lat/Lon: 1.29093°/121.358°, Depth: 10
2026/07/12 20:49:32.439769 [Incident:Info:toast@toast-new:Magnitude updated] Magnitude updated: 5.23 (M)
2026/07/12 20:49:32.439808 [Simulation:Info:toast@toast-new:Simulation not generated] Magnitude 5.23 of event bmg2026nnvw is smaller than triggerMinMagnitude: no automatic simulation
2026/07/12 20:49:34.505516 [Incident:Info:toast@toast-new:Origin updated] Origin updated: OT: 2026-07-12 13:46:35,  Lat/Lon: 1.29093°/121.358°, Depth: 10
2026/07/12 20:49:34.505694 [Incident:Info:toast@toast-new:Magnitude updated] Magnitude updated: 5.24 (M)
2026/07/12 20:49:34.505735 [Simulation:Info:toast@toast-new:Simulation not generated] Magnitude 5.24 of event bmg2026nnvw is smaller than triggerMinMagnitude: no automatic simulation
2026/07/12 20:49:35.298641 [Incident:Info:toast@toast-new:Origin updated] Origin updated: OT: 2026-07-12 13:46:35,  Lat/Lon: 1.29093°/121.358°, Depth: 10
2026/07/12 20:49:35.298833 [Incident:Info:toast@toast-new:FM updated] FM updated
2026/07/12 20:49:35.298996 [Simulation:Info:toast@toast-new:Simulation not generated] Magnitude 5.24 of event bmg2026nnvw is smaller than triggerMinMagnitude: no automatic simulation
2026/07/12 20:49:37.423549 [Incident:Info:toast@toast-new:Origin updated] Origin updated: OT: 2026-07-12 13:46:35,  Lat/Lon: 1.29093°/121.358°, Depth: 10
2026/07/12 20:49:37.423722 [Incident:Info:toast@toast-new:Magnitude updated] Magnitude updated: 5.24 (M)
2026/07/12 20:49:37.423762 [Simulation:Info:toast@toast-new:Simulation not generated] Magnitude 5.24 of event bmg2026nnvw is smaller than triggerMinMagnitude: no automatic simulation
2026/07/12 20:49:42.450951 [Incident:Info:toast@toast-new:Origin updated] Origin updated: OT: 2026-07-12 13:46:35,  Lat/Lon: 1.29093°/121.358°, Depth: 10
2026/07/12 20:49:42.451128 [Incident:Info:toast@toast-new:Magnitude updated] Magnitude updated: 5.23 (M)
2026/07/12 20:49:42.451170 [Simulation:Info:toast@toast-new:Simulation not generated] Magnitude 5.23 of event bmg2026nnvw is smaller than triggerMinMagnitude: no automatic simulation
2026/07/12 20:49:47.442764 [Incident:Info:toast@toast-new:Origin updated] Origin updated: OT: 2026-07-12 13:46:35,  Lat/Lon: 1.29093°/121.358°, Depth: 10
2026/07/12 20:49:47.442954 [Incident:Info:toast@toast-new:Magnitude updated] Magnitude updated: 5.23 (M)
2026/07/12 20:49:47.442991 [Simulation:Info:toast@toast-new:Simulation not generated] Magnitude 5.23 of event bmg2026nnvw is smaller than triggerMinMagnitude: no automatic simulation
2026/07/12 20:49:52.368994 [Incident:Info:toast@toast-new:Origin updated] Origin updated: OT: 2026-07-12 13:46:35,  Lat/Lon: 1.29093°/121.358°, Depth: 10
2026/07/12 20:49:52.369173 [Incident:Info:toast@toast-new:Magnitude updated] Magnitude updated: 5.22 (M)
2026/07/12 20:49:52.369214 [Simulation:Info:toast@toast-new:Simulation not generated] Magnitude 5.22 of event bmg2026nnvw is smaller than triggerMinMagnitude: no automatic simulation
2026/07/12 20:49:57.427959 [Incident:Info:toast@toast-new:Origin updated] Origin updated: OT: 2026-07-12 13:46:35,  Lat/Lon: 1.29093°/121.358°, Depth: 10
2026/07/12 20:49:57.428133 [Incident:Info:toast@toast-new:Magnitude updated] Magnitude updated: 5.22 (M)
2026/07/12 20:49:57.428172 [Simulation:Info:toast@toast-new:Simulation not generated] Magnitude 5.22 of event bmg2026nnvw is smaller than triggerMinMagnitude: no automatic simulation
2026/07/12 20:50:02.386992 [Incident:Info:toast@toast-new:Origin updated] Origin updated: OT: 2026-07-12 13:46:35,  Lat/Lon: 1.29093°/121.358°, Depth: 10
2026/07/12 20:50:02.387156 [Incident:Info:toast@toast-new:Magnitude updated] Magnitude updated: 5.22 (M)
2026/07/12 20:50:02.387192 [Simulation:Info:toast@toast-new:Simulation not generated] Magnitude 5.22 of event bmg2026nnvw is smaller than triggerMinMagnitude: no automatic simulation
2026/07/12 20:50:07.289955 [Incident:Info:toast@toast-new:Origin updated] Origin updated: OT: 2026-07-12 13:46:35,  Lat/Lon: 1.29093°/121.358°, Depth: 10
2026/07/12 20:50:07.290141 [Incident:Info:toast@toast-new:Magnitude updated] Magnitude updated: 5.22 (M)
2026/07/12 20:50:07.290183 [Simulation:Info:toast@toast-new:Simulation not generated] Magnitude 5.22 of event bmg2026nnvw is smaller than triggerMinMagnitude: no automatic simulation
2026/07/12 20:50:10.192742 [Incident:Info:toast@toast-new:Origin updated] Origin updated: OT: 2026-07-12 13:46:35,  Lat/Lon: 1.29093°/121.358°, Depth: 10
2026/07/12 20:50:10.192914 [Incident:Info:toast@toast-new:Magnitude updated] Magnitude updated: 5.22 (M)
2026/07/12 20:50:10.192949 [Simulation:Info:toast@toast-new:Simulation not generated] Magnitude 5.22 of event bmg2026nnvw is smaller than triggerMinMagnitude: no automatic simulation
2026/07/12 20:50:12.415409 [Incident:Info:toast@toast-new:Origin updated] Origin updated: OT: 2026-07-12 13:46:35,  Lat/Lon: 1.29093°/121.358°, Depth: 10
2026/07/12 20:50:12.415580 [Incident:Info:toast@toast-new:Magnitude updated] Magnitude updated: 5.22 (M)
2026/07/12 20:50:12.415620 [Simulation:Info:toast@toast-new:Simulation not generated] Magnitude 5.22 of event bmg2026nnvw is smaller than triggerMinMagnitude: no automatic simulation
2026/07/12 20:50:17.407583 [Incident:Info:toast@toast-new:Origin updated] Origin updated: OT: 2026-07-12 13:46:35,  Lat/Lon: 1.29093°/121.358°, Depth: 10
2026/07/12 20:50:17.407744 [Incident:Info:toast@toast-new:Magnitude updated] Magnitude updated: 5.22 (M)
2026/07/12 20:50:17.407780 [Simulation:Info:toast@toast-new:Simulation not generated] Magnitude 5.22 of event bmg2026nnvw is smaller than triggerMinMagnitude: no automatic simulation
2026/07/12 20:50:22.300792 [Incident:Info:toast@toast-new:Origin updated] Origin updated: OT: 2026-07-12 13:46:35,  Lat/Lon: 1.29093°/121.358°, Depth: 10
2026/07/12 20:50:22.300964 [Incident:Info:toast@toast-new:Magnitude updated] Magnitude updated: 5.22 (M)
2026/07/12 20:50:22.301001 [Simulation:Info:toast@toast-new:Simulation not generated] Magnitude 5.22 of event bmg2026nnvw is smaller than triggerMinMagnitude: no automatic simulation
2026/07/12 20:50:27.356833 [Incident:Info:toast@toast-new:Origin updated] Origin updated: OT: 2026-07-12 13:46:35,  Lat/Lon: 1.29093°/121.358°, Depth: 10
2026/07/12 20:50:27.357008 [Incident:Info:toast@toast-new:Magnitude updated] Magnitude updated: 5.22 (M)
2026/07/12 20:50:27.357047 [Simulation:Info:toast@toast-new:Simulation not generated] Magnitude 5.22 of event bmg2026nnvw is smaller than triggerMinMagnitude: no automatic simulation
2026/07/12 20:50:37.506383 [Incident:Info:toast@toast-new:Origin updated] Origin updated: OT: 2026-07-12 13:46:35,  Lat/Lon: 1.29093°/121.358°, Depth: 10
2026/07/12 20:50:37.506559 [Incident:Info:toast@toast-new:Magnitude updated] Magnitude updated: 5.22 (M)
2026/07/12 20:50:37.506599 [Simulation:Info:toast@toast-new:Simulation not generated] Magnitude 5.22 of event bmg2026nnvw is smaller than triggerMinMagnitude: no automatic simulation
2026/07/12 20:50:39.035942 [Incident:Info:toast@toast-new:Origin updated] Origin updated: OT: 2026-07-12 13:46:35,  Lat/Lon: 1.29076°/121.373°, Depth: 10
2026/07/12 20:50:39.036116 [Incident:Info:toast@toast-new:Magnitude updated] Magnitude updated: 5.14 (Mw(mB))
2026/07/12 20:50:39.036157 [Simulation:Info:toast@toast-new:Simulation not generated] Magnitude 5.14 of event bmg2026nnvw is smaller than triggerMinMagnitude: no automatic simulation
2026/07/12 20:50:39.141190 [Incident:Info:toast@toast-new:Origin updated] Origin updated: OT: 2026-07-12 13:46:35,  Lat/Lon: 1.29076°/121.373°, Depth: 10
2026/07/12 20:50:39.141369 [Incident:Info:toast@toast-new:Magnitude updated] Magnitude updated: 5.13 (Mw(mB))
2026/07/12 20:50:39.141409 [Simulation:Info:toast@toast-new:Simulation not generated] Magnitude 5.13 of event bmg2026nnvw is smaller than triggerMinMagnitude: no automatic simulation
2026/07/12 20:50:42.537946 [Incident:Info:toast@toast-new:Origin updated] Origin updated: OT: 2026-07-12 13:46:35,  Lat/Lon: 1.29076°/121.373°, Depth: 10
2026/07/12 20:50:42.538126 [Incident:Info:toast@toast-new:Magnitude updated] Magnitude updated: 5.13 (Mw(mB))
2026/07/12 20:50:42.538168 [Simulation:Info:toast@toast-new:Simulation not generated] Magnitude 5.13 of event bmg2026nnvw is smaller than triggerMinMagnitude: no automatic simulation
2026/07/12 20:50:44.396162 [Incident:Info:toast@toast-new:Origin updated] Origin updated: OT: 2026-07-12 13:46:35,  Lat/Lon: 1.29076°/121.373°, Depth: 10
2026/07/12 20:50:44.396337 [Incident:Info:toast@toast-new:Magnitude updated] Magnitude updated: 5.20 (M)
2026/07/12 20:50:44.396382 [Simulation:Info:toast@toast-new:Simulation not generated] Magnitude 5.20 of event bmg2026nnvw is smaller than triggerMinMagnitude: no automatic simulation
2026/07/12 20:50:52.381106 [Incident:Info:toast@toast-new:Origin updated] Origin updated: OT: 2026-07-12 13:46:35,  Lat/Lon: 1.29076°/121.373°, Depth: 10
2026/07/12 20:50:52.381281 [Incident:Info:toast@toast-new:Magnitude updated] Magnitude updated: 5.20 (M)
2026/07/12 20:50:52.381320 [Simulation:Info:toast@toast-new:Simulation not generated] Magnitude 5.20 of event bmg2026nnvw is smaller than triggerMinMagnitude: no automatic simulation
2026/07/12 20:51:02.357511 [Incident:Info:toast@toast-new:Origin updated] Origin updated: OT: 2026-07-12 13:46:35,  Lat/Lon: 1.29076°/121.373°, Depth: 10
2026/07/12 20:51:02.357715 [Incident:Info:toast@toast-new:Magnitude updated] Magnitude updated: 5.20 (M)
2026/07/12 20:51:02.357757 [Simulation:Info:toast@toast-new:Simulation not generated] Magnitude 5.20 of event bmg2026nnvw is smaller than triggerMinMagnitude: no automatic simulation
2026/07/12 20:51:07.445050 [Incident:Info:toast@toast-new:Origin updated] Origin updated: OT: 2026-07-12 13:46:35,  Lat/Lon: 1.29076°/121.373°, Depth: 10
2026/07/12 20:51:07.445233 [Incident:Info:toast@toast-new:Magnitude updated] Magnitude updated: 5.19 (M)
2026/07/12 20:51:07.445272 [Simulation:Info:toast@toast-new:Simulation not generated] Magnitude 5.19 of event bmg2026nnvw is smaller than triggerMinMagnitude: no automatic simulation
2026/07/12 20:51:12.448101 [Incident:Info:toast@toast-new:Origin updated] Origin updated: OT: 2026-07-12 13:46:35,  Lat/Lon: 1.29076°/121.373°, Depth: 10
2026/07/12 20:51:12.448271 [Incident:Info:toast@toast-new:Magnitude updated] Magnitude updated: 5.19 (M)
2026/07/12 20:51:12.448312 [Simulation:Info:toast@toast-new:Simulation not generated] Magnitude 5.19 of event bmg2026nnvw is smaller than triggerMinMagnitude: no automatic simulation
2026/07/12 20:51:22.332392 [Incident:Info:toast@toast-new:Origin updated] Origin updated: OT: 2026-07-12 13:46:35,  Lat/Lon: 1.29076°/121.373°, Depth: 10
2026/07/12 20:51:22.332560 [Incident:Info:toast@toast-new:Magnitude updated] Magnitude updated: 5.19 (M)
2026/07/12 20:51:22.332600 [Simulation:Info:toast@toast-new:Simulation not generated] Magnitude 5.19 of event bmg2026nnvw is smaller than triggerMinMagnitude: no automatic simulation
2026/07/12 20:52:05.175684 [Incident:Info:toast@toast-new:Origin updated] Origin updated: OT: 2026-07-12 13:46:35,  Lat/Lon: 1.29076°/121.373°, Depth: 10
2026/07/12 20:52:05.175881 [Incident:Info:toast@toast-new:FM updated] FM updated
2026/07/12 20:52:05.176120 [Simulation:Info:toast@toast-new:Simulation not generated] Magnitude 5.19 of event bmg2026nnvw is smaller than triggerMinMagnitude: no automatic simulation
2026/07/12 20:52:51.244480 [Incident:Info:toast@toast-new:Origin updated] Origin updated: OT: 2026-07-12 13:46:35,  Lat/Lon: 1.30638°/121.386°, Depth: 10
2026/07/12 20:52:51.244629 [Incident:Info:toast@toast-new:Magnitude updated] Magnitude updated: 5.13 (Mw(mB))
2026/07/12 20:52:51.244653 [Simulation:Info:toast@toast-new:Simulation not generated] Magnitude 5.13 of event bmg2026nnvw is smaller than triggerMinMagnitude: no automatic simulation
2026/07/12 20:52:51.350651 [Incident:Info:toast@toast-new:Origin updated] Origin updated: OT: 2026-07-12 13:46:35,  Lat/Lon: 1.30638°/121.386°, Depth: 10
2026/07/12 20:52:51.350882 [Incident:Info:toast@toast-new:Magnitude updated] Magnitude updated: 5.19 (M)
2026/07/12 20:52:51.350961 [Simulation:Info:toast@toast-new:Simulation not generated] Magnitude 5.19 of event bmg2026nnvw is smaller than triggerMinMagnitude: no automatic simulation
2026/07/12 20:56:44.578260 [Incident:Info:toast@toast-new:Origin updated] Origin updated: OT: 2026-07-12 13:46:35,  Lat/Lon: 1.30638°/121.386°, Depth: 10
2026/07/12 20:56:44.578432 [Simulation:Info:toast@toast-new:Simulation not generated] Magnitude 5.19 of event bmg2026nnvw is smaller than triggerMinMagnitude: no automatic simulation
2026/07/12 20:56:44.597905 [Incident:Info:toast@toast-new:Origin updated] Origin updated: OT: 2026-07-12 13:46:35,  Lat/Lon: 1.30638°/121.386°, Depth: 10
2026/07/12 20:56:44.598048 [Incident:Info:toast@toast-new:Magnitude updated] Magnitude updated: 5.11 (Mw)
2026/07/12 20:56:44.598083 [Simulation:Info:toast@toast-new:Simulation not generated] Magnitude 5.11 of event bmg2026nnvw is smaller than triggerMinMagnitude: no automatic simulation
2026/07/12 20:57:06.118031 [Incident:Info:toast@toast-new:Origin updated] Origin updated: OT: 2026-07-12 13:46:35,  Lat/Lon: 1.30638°/121.386°, Depth: 10
2026/07/12 20:57:06.118208 [Simulation:Info:toast@toast-new:Simulation not generated] Magnitude 5.11 of event bmg2026nnvw is smaller than triggerMinMagnitude: no automatic simulation
2026/07/12 20:57:07.717732 [Incident:Info:toast@toast-new:Origin updated] Origin updated: OT: 2026-07-12 13:46:35,  Lat/Lon: 1.30638°/121.386°, Depth: 10
2026/07/12 20:57:07.717900 [Simulation:Info:toast@toast-new:Simulation not generated] Magnitude 5.11 of event bmg2026nnvw is smaller than triggerMinMagnitude: no automatic simulation
2026/07/12 20:57:25.587109 [Incident:Info:toast@toast-new:Origin updated] Origin updated: OT: 2026-07-12 13:46:35,  Lat/Lon: 1.31489°/121.368°, Depth: 10
2026/07/12 20:57:25.587307 [Simulation:Info:toast@toast-new:Simulation not generated] Magnitude 5.11 of event bmg2026nnvw is smaller than triggerMinMagnitude: no automatic simulation
2026/07/12 20:57:32.953803 [Incident:Info:toast@toast-new:Origin updated] Origin updated: OT: 2026-07-12 13:46:36,  Lat/Lon: 1.31416°/121.362°, Depth: 21
2026/07/12 20:57:32.953995 [Simulation:Info:toast@toast-new:Simulation not generated] Magnitude 5.11 of event bmg2026nnvw is smaller than triggerMinMagnitude: no automatic simulation
2026/07/13 06:07:30.636304 [Incident:Info:toast@toast-new:Origin updated] Origin updated: OT: 2026-07-12 13:46:34,  Lat/Lon: 1.33488°/121.367°, Depth: 10
2026/07/13 06:07:30.636470 [Simulation:Info:toast@toast-new:Simulation not generated] Magnitude 5.11 of event bmg2026nnvw is smaller than triggerMinMagnitude: no automatic simulation
2026/07/13 06:07:51.046395 [Incident:Info:toast@toast-new:Origin updated] Origin updated: OT: 2026-07-12 13:46:34,  Lat/Lon: 1.33488°/121.367°, Depth: 10
2026/07/13 06:07:51.046561 [Incident:Info:toast@toast-new:Magnitude updated] Magnitude updated: 5.14 (Mw(mB))
2026/07/13 06:07:51.046596 [Simulation:Info:toast@toast-new:Simulation not generated] Magnitude 5.14 of event bmg2026nnvw is smaller than triggerMinMagnitude: no automatic simulation
2026/07/13 06:09:03.525781 [Incident:Info:toast@toast-new:Origin updated] Origin updated: OT: 2026-07-12 13:46:34,  Lat/Lon: 1.32729°/121.369°, Depth: 10
2026/07/13 06:09:03.525977 [Incident:Info:toast@toast-new:Magnitude updated] Magnitude updated: 5.14 (Mw(mB))
2026/07/13 06:09:03.526019 [Simulation:Info:toast@toast-new:Simulation not generated] Magnitude 5.14 of event bmg2026nnvw is smaller than triggerMinMagnitude: no automatic simulation
2026/07/13 06:09:07.500581 [Incident:Info:toast@toast-new:Origin updated] Origin updated: OT: 2026-07-12 13:46:34,  Lat/Lon: 1.32729°/121.369°, Depth: 10
2026/07/13 06:09:07.500757 [Simulation:Info:toast@toast-new:Simulation not generated] Magnitude 5.14 of event bmg2026nnvw is smaller than triggerMinMagnitude: no automatic simulation
2026/07/13 13:27:49.994895 [Incident:Info:toast@toast-new:Origin updated] Origin updated: OT: 2026-07-12 13:46:34,  Lat/Lon: 1.32729°/121.369°, Depth: 10
2026/07/13 13:27:49.997896 [Incident:Info:toast@toast-new:FM updated] FM updated
2026/07/13 13:27:49.998134 [Simulation:Info:toast@toast-new:Simulation not generated] Magnitude 5.14 of event bmg2026nnvw is smaller than triggerMinMagnitude: no automatic simulation
2026/07/13 16:08:01.057561 [Incident:Info:toast@toast-new:Origin updated] Origin updated: OT: 2026-07-12 13:46:34,  Lat/Lon: 1.32729°/121.369°, Depth: 10
2026/07/13 16:08:01.057739 [Incident:Info:toast@toast-new:FM updated] FM updated
2026/07/13 16:08:01.057904 [Simulation:Info:toast@toast-new:Simulation not generated] Magnitude 5.14 of event bmg2026nnvw is smaller than triggerMinMagnitude: no automatic simulation
2026/07/13 16:08:01.075024 [Incident:Info:toast@toast-new:Origin updated] Origin updated: OT: 2026-07-12 13:46:34,  Lat/Lon: 1.32729°/121.369°, Depth: 10
2026/07/13 16:08:01.075180 [Incident:Info:toast@toast-new:Magnitude updated] Magnitude updated: 5.11 (Mw)
2026/07/13 16:08:01.075219 [Simulation:Info:toast@toast-new:Simulation not generated] Magnitude 5.11 of event bmg2026nnvw is smaller than triggerMinMagnitude: no automatic simulation
2026/07/13 16:20:42.435869 [Incident:Info:toast@toast-new:Origin updated] Origin updated: OT: 2026-07-12 13:46:36,  Lat/Lon: 1.3283°/121.365°, Depth: 20
2026/07/13 16:20:42.436054 [Simulation:Info:toast@toast-new:Simulation not generated] Magnitude 5.11 of event bmg2026nnvw is smaller than triggerMinMagnitude: no automatic simulation
2026/07/13 17:00:00.373442 [Incident:Info:toast@toast-new:Origin updated] Origin updated: OT: 2026-07-12 13:46:36,  Lat/Lon: 1.3283°/121.365°, Depth: 20
2026/07/13 17:00:00.373616 [Incident:Info:toast@toast-new:Magnitude updated] Magnitude updated: 5.11 (Mw)
2026/07/13 17:00:00.373650 [Incident:Info:toast@toast-new:FM updated] FM updated
2026/07/13 17:00:00.373819 [Simulation:Info:toast@toast-new:Simulation not generated] Magnitude 5.11 of event bmg2026nnvw is smaller than triggerMinMagnitude: no automatic simulation
2026/07/13 17:51:14.963030 [Incident:Info:toast@toast-new:Origin updated] Origin updated: OT: 2026-07-12 13:46:36,  Lat/Lon: 1.3283°/121.365°, Depth: 20
2026/07/13 17:51:14.963359 [Incident:Info:toast@toast-new:Magnitude updated] Magnitude updated: 5.02 (Mw)
2026/07/13 17:51:14.963476 [Incident:Info:toast@toast-new:FM updated] FM updated
2026/07/13 17:51:14.963714 [Simulation:Info:toast@toast-new:Simulation not generated] Magnitude 5.02 of event bmg2026nnvw is smaller than triggerMinMagnitude: no automatic simulation
2026/07/13 18:17:03.296753 [Incident:Info:toast@toast-new:Origin updated] Origin updated: OT: 2026-07-12 13:46:36,  Lat/Lon: 1.3283°/121.365°, Depth: 20
2026/07/13 18:17:03.296967 [Incident:Info:toast@toast-new:Magnitude updated] Magnitude updated: 5.11 (Mw)
2026/07/13 18:17:03.297022 [Incident:Info:toast@toast-new:FM updated] FM updated
2026/07/13 18:17:03.297157 [Simulation:Info:toast@toast-new:Simulation not generated] Magnitude 5.11 of event bmg2026nnvw is smaller than triggerMinMagnitude: no automatic simulation
2026/07/13 19:45:21.701822 [Incident:Info:toast@toast-new:Origin updated] Origin updated: OT: 2026-07-12 13:46:36,  Lat/Lon: 1.3283°/121.365°, Depth: 20
2026/07/13 19:45:21.702087 [Simulation:Info:toast@toast-new:Simulation not generated] Magnitude 5.11 of event bmg2026nnvw is smaller than triggerMinMagnitude: no automatic simulation
2026/07/14 09:25:35.212970 [Incident:Info:toast@toast-new:Origin updated] Origin updated: OT: 2026-07-12 13:46:36,  Lat/Lon: 1.3283°/121.365°, Depth: 20
2026/07/14 09:25:35.213116 [Simulation:Info:toast@toast-new:Simulation not generated] Magnitude 5.11 of event bmg2026nnvw is smaller than triggerMinMagnitude: no automatic simulation
2026/07/14 09:34:20.054494 [Incident:Info:toast@toast-new:Origin updated] Origin updated: OT: 2026-07-12 13:46:36,  Lat/Lon: 1.3283°/121.365°, Depth: 20
2026/07/14 09:34:20.054702 [Simulation:Info:toast@toast-new:Simulation not generated] Magnitude 5.11 of event bmg2026nnvw is smaller than triggerMinMagnitude: no automatic simulation
2026/07/14 09:34:21.824235 [Incident:Info:toast@toast-new:Origin updated] Origin updated: OT: 2026-07-12 13:46:36,  Lat/Lon: 1.3283°/121.365°, Depth: 20
2026/07/14 09:34:21.824389 [Simulation:Info:toast@toast-new:Simulation not generated] Magnitude 5.11 of event bmg2026nnvw is smaller than triggerMinMagnitude: no automatic simulation
2026/07/14 21:34:54.375236 [Incident:Info:toast@toast-new:Incident removed] Removed incident - Bye
