2026/06/10 16:15:56.846419 [Incident:Info:toast@toast-new:Displacement(s) updated] Added 0 and changed 0 displacements with 0 amplitudes
2026/06/10 16:15:56.846984 [Incident:Info:toast@toast-new:Incident created] Incident created based on event received from messaging: OT: 2026-06-10 09:13:37,  Lat/Lon: 5.72°/125.12°, Depth: 10.00, Mag: 5.20 (M)
2026/06/10 16:15:56.847644 [Simulation:Info:toast@toast-new:Simulation not generated] Magnitude 5.20 of event bmg2026lhat is smaller than triggerMinMagnitude: no automatic simulation
2026/06/10 16:15:56.986049 [Incident:Info:toast@toast-new:Origin updated] Origin updated: OT: 2026-06-10 09:13:37,  Lat/Lon: 5.71513°/125.124°, Depth: 10
2026/06/10 16:15:56.995988 [Simulation:Info:toast@toast-new:Simulation not generated] Magnitude 5.20 of event bmg2026lhat is smaller than triggerMinMagnitude: no automatic simulation
2026/06/10 16:15:58.666765 [Incident:Info:toast@toast-new:Origin updated] Origin updated: OT: 2026-06-10 09:13:37,  Lat/Lon: 5.71513°/125.124°, Depth: 10
2026/06/10 16:15:58.682748 [Incident:Info:toast@toast-new:Magnitude updated] Magnitude updated: 5.21 (M)
2026/06/10 16:15:58.694238 [Simulation:Info:toast@toast-new:Simulation not generated] Magnitude 5.21 of event bmg2026lhat is smaller than triggerMinMagnitude: no automatic simulation
2026/06/10 16:16:03.656111 [Incident:Info:toast@toast-new:Origin updated] Origin updated: OT: 2026-06-10 09:13:37,  Lat/Lon: 5.71513°/125.124°, Depth: 10
2026/06/10 16:16:03.672231 [Incident:Info:toast@toast-new:Magnitude updated] Magnitude updated: 5.22 (M)
2026/06/10 16:16:03.683891 [Simulation:Info:toast@toast-new:Simulation not generated] Magnitude 5.22 of event bmg2026lhat is smaller than triggerMinMagnitude: no automatic simulation
2026/06/10 16:16:07.044397 [Incident:Info:toast@toast-new:Origin updated] Origin updated: OT: 2026-06-10 09:13:37,  Lat/Lon: 5.70629°/125.151°, Depth: 10
2026/06/10 16:16:07.063661 [Incident:Info:toast@toast-new:Magnitude updated] Magnitude updated: 5.15 (M)
2026/06/10 16:16:07.075580 [Simulation:Info:toast@toast-new:Simulation not generated] Magnitude 5.15 of event bmg2026lhat is smaller than triggerMinMagnitude: no automatic simulation
2026/06/10 16:16:13.672307 [Incident:Info:toast@toast-new:Origin updated] Origin updated: OT: 2026-06-10 09:13:37,  Lat/Lon: 5.70629°/125.151°, Depth: 10
2026/06/10 16:16:13.685726 [Incident:Info:toast@toast-new:Magnitude updated] Magnitude updated: 5.16 (M)
2026/06/10 16:16:13.696415 [Simulation:Info:toast@toast-new:Simulation not generated] Magnitude 5.16 of event bmg2026lhat is smaller than triggerMinMagnitude: no automatic simulation
2026/06/10 16:16:18.663049 [Incident:Info:toast@toast-new:Origin updated] Origin updated: OT: 2026-06-10 09:13:37,  Lat/Lon: 5.70629°/125.151°, Depth: 10
2026/06/10 16:16:18.682757 [Incident:Info:toast@toast-new:Magnitude updated] Magnitude updated: 5.16 (M)
2026/06/10 16:16:18.695063 [Simulation:Info:toast@toast-new:Simulation not generated] Magnitude 5.16 of event bmg2026lhat is smaller than triggerMinMagnitude: no automatic simulation
2026/06/10 16:16:20.879835 [Incident:Info:toast@toast-new:Origin updated] Origin updated: OT: 2026-06-10 09:13:37,  Lat/Lon: 5.70629°/125.151°, Depth: 10
2026/06/10 16:16:20.892049 [Incident:Info:toast@toast-new:Magnitude updated] Magnitude updated: 5.17 (M)
2026/06/10 16:16:20.903244 [Simulation:Info:toast@toast-new:Simulation not generated] Magnitude 5.17 of event bmg2026lhat is smaller than triggerMinMagnitude: no automatic simulation
2026/06/10 16:16:20.939193 [Incident:Info:toast@toast-new:Origin updated] Origin updated: OT: 2026-06-10 09:13:38,  Lat/Lon: 5.72161°/125.174°, Depth: 10
2026/06/10 16:16:20.964785 [Incident:Info:toast@toast-new:Magnitude updated] Magnitude updated: 5.14 (M)
2026/06/10 16:16:20.978123 [Simulation:Info:toast@toast-new:Simulation not generated] Magnitude 5.14 of event bmg2026lhat is smaller than triggerMinMagnitude: no automatic simulation
2026/06/10 16:16:23.680687 [Incident:Info:toast@toast-new:Origin updated] Origin updated: OT: 2026-06-10 09:13:38,  Lat/Lon: 5.72161°/125.174°, Depth: 10
2026/06/10 16:16:23.696596 [Incident:Info:toast@toast-new:Magnitude updated] Magnitude updated: 5.16 (M)
2026/06/10 16:16:23.707879 [Simulation:Info:toast@toast-new:Simulation not generated] Magnitude 5.16 of event bmg2026lhat is smaller than triggerMinMagnitude: no automatic simulation
2026/06/10 16:16:28.646316 [Incident:Info:toast@toast-new:Origin updated] Origin updated: OT: 2026-06-10 09:13:38,  Lat/Lon: 5.72161°/125.174°, Depth: 10
2026/06/10 16:16:28.660641 [Incident:Info:toast@toast-new:Magnitude updated] Magnitude updated: 5.14 (M)
2026/06/10 16:16:28.671798 [Simulation:Info:toast@toast-new:Simulation not generated] Magnitude 5.14 of event bmg2026lhat is smaller than triggerMinMagnitude: no automatic simulation
2026/06/10 16:16:33.725623 [Incident:Info:toast@toast-new:Origin updated] Origin updated: OT: 2026-06-10 09:13:38,  Lat/Lon: 5.72161°/125.174°, Depth: 10
2026/06/10 16:16:33.740594 [Incident:Info:toast@toast-new:Magnitude updated] Magnitude updated: 5.09 (M)
2026/06/10 16:16:33.752058 [Simulation:Info:toast@toast-new:Simulation not generated] Magnitude 5.09 of event bmg2026lhat is smaller than triggerMinMagnitude: no automatic simulation
2026/06/10 16:16:37.862314 [Incident:Info:toast@toast-new:Origin updated] Origin updated: OT: 2026-06-10 09:13:38,  Lat/Lon: 5.69999°/125.18°, Depth: 10
2026/06/10 16:16:37.877438 [Incident:Info:toast@toast-new:Magnitude updated] Magnitude updated: 5.11 (M)
2026/06/10 16:16:37.888624 [Simulation:Info:toast@toast-new:Simulation not generated] Magnitude 5.11 of event bmg2026lhat is smaller than triggerMinMagnitude: no automatic simulation
2026/06/10 16:16:38.657299 [Incident:Info:toast@toast-new:Origin updated] Origin updated: OT: 2026-06-10 09:13:38,  Lat/Lon: 5.69999°/125.18°, Depth: 10
2026/06/10 16:16:38.672464 [Incident:Info:toast@toast-new:Magnitude updated] Magnitude updated: 5.11 (M)
2026/06/10 16:16:38.683587 [Simulation:Info:toast@toast-new:Simulation not generated] Magnitude 5.11 of event bmg2026lhat is smaller than triggerMinMagnitude: no automatic simulation
2026/06/10 16:16:43.788669 [Incident:Info:toast@toast-new:Origin updated] Origin updated: OT: 2026-06-10 09:13:38,  Lat/Lon: 5.69999°/125.18°, Depth: 10
2026/06/10 16:16:43.803373 [Incident:Info:toast@toast-new:Magnitude updated] Magnitude updated: 5.06 (M)
2026/06/10 16:16:43.814470 [Simulation:Info:toast@toast-new:Simulation not generated] Magnitude 5.06 of event bmg2026lhat is smaller than triggerMinMagnitude: no automatic simulation
2026/06/10 16:16:48.659595 [Incident:Info:toast@toast-new:Origin updated] Origin updated: OT: 2026-06-10 09:13:38,  Lat/Lon: 5.69999°/125.18°, Depth: 10
2026/06/10 16:16:48.673380 [Incident:Info:toast@toast-new:Magnitude updated] Magnitude updated: 5.03 (M)
2026/06/10 16:16:48.684500 [Simulation:Info:toast@toast-new:Simulation not generated] Magnitude 5.03 of event bmg2026lhat is smaller than triggerMinMagnitude: no automatic simulation
2026/06/10 16:16:53.732568 [Incident:Info:toast@toast-new:Origin updated] Origin updated: OT: 2026-06-10 09:13:38,  Lat/Lon: 5.69999°/125.18°, Depth: 10
2026/06/10 16:16:53.747664 [Incident:Info:toast@toast-new:Magnitude updated] Magnitude updated: 5.03 (M)
2026/06/10 16:16:53.758734 [Simulation:Info:toast@toast-new:Simulation not generated] Magnitude 5.03 of event bmg2026lhat is smaller than triggerMinMagnitude: no automatic simulation
2026/06/10 16:16:58.039110 [Incident:Info:toast@toast-new:Origin updated] Origin updated: OT: 2026-06-10 09:13:39,  Lat/Lon: 5.71143°/125.218°, Depth: 10
2026/06/10 16:16:58.054603 [Incident:Info:toast@toast-new:Magnitude updated] Magnitude updated: 5.05 (M)
2026/06/10 16:16:58.065594 [Simulation:Info:toast@toast-new:Simulation not generated] Magnitude 5.05 of event bmg2026lhat is smaller than triggerMinMagnitude: no automatic simulation
2026/06/10 16:17:03.790271 [Incident:Info:toast@toast-new:Origin updated] Origin updated: OT: 2026-06-10 09:13:39,  Lat/Lon: 5.71143°/125.218°, Depth: 10
2026/06/10 16:17:03.804696 [Incident:Info:toast@toast-new:Magnitude updated] Magnitude updated: 5.04 (M)
2026/06/10 16:17:03.815804 [Simulation:Info:toast@toast-new:Simulation not generated] Magnitude 5.04 of event bmg2026lhat is smaller than triggerMinMagnitude: no automatic simulation
2026/06/10 16:17:08.807443 [Incident:Info:toast@toast-new:Origin updated] Origin updated: OT: 2026-06-10 09:13:39,  Lat/Lon: 5.71143°/125.218°, Depth: 10
2026/06/10 16:17:08.822898 [Incident:Info:toast@toast-new:Magnitude updated] Magnitude updated: 5.03 (M)
2026/06/10 16:17:08.834013 [Simulation:Info:toast@toast-new:Simulation not generated] Magnitude 5.03 of event bmg2026lhat is smaller than triggerMinMagnitude: no automatic simulation
2026/06/10 16:17:13.815733 [Incident:Info:toast@toast-new:Origin updated] Origin updated: OT: 2026-06-10 09:13:39,  Lat/Lon: 5.71143°/125.218°, Depth: 10
2026/06/10 16:17:13.829830 [Incident:Info:toast@toast-new:Magnitude updated] Magnitude updated: 5.02 (M)
2026/06/10 16:17:13.840553 [Simulation:Info:toast@toast-new:Simulation not generated] Magnitude 5.02 of event bmg2026lhat is smaller than triggerMinMagnitude: no automatic simulation
2026/06/10 16:17:18.789058 [Incident:Info:toast@toast-new:Origin updated] Origin updated: OT: 2026-06-10 09:13:39,  Lat/Lon: 5.71143°/125.218°, Depth: 10
2026/06/10 16:17:18.803593 [Incident:Info:toast@toast-new:Magnitude updated] Magnitude updated: 5.04 (M)
2026/06/10 16:17:18.814869 [Simulation:Info:toast@toast-new:Simulation not generated] Magnitude 5.04 of event bmg2026lhat is smaller than triggerMinMagnitude: no automatic simulation
2026/06/10 16:17:23.753754 [Incident:Info:toast@toast-new:Origin updated] Origin updated: OT: 2026-06-10 09:13:39,  Lat/Lon: 5.71143°/125.218°, Depth: 10
2026/06/10 16:17:23.767572 [Incident:Info:toast@toast-new:Magnitude updated] Magnitude updated: 5.04 (M)
2026/06/10 16:17:23.778248 [Simulation:Info:toast@toast-new:Simulation not generated] Magnitude 5.04 of event bmg2026lhat is smaller than triggerMinMagnitude: no automatic simulation
2026/06/10 16:17:27.186659 [Incident:Info:toast@toast-new:Origin updated] Origin updated: OT: 2026-06-10 09:13:39,  Lat/Lon: 5.68477°/125.233°, Depth: 10
2026/06/10 16:17:27.200577 [Incident:Info:toast@toast-new:Magnitude updated] Magnitude updated: 5.04 (M)
2026/06/10 16:17:27.211489 [Simulation:Info:toast@toast-new:Simulation not generated] Magnitude 5.04 of event bmg2026lhat is smaller than triggerMinMagnitude: no automatic simulation
2026/06/10 16:17:28.743782 [Incident:Info:toast@toast-new:Origin updated] Origin updated: OT: 2026-06-10 09:13:39,  Lat/Lon: 5.68477°/125.233°, Depth: 10
2026/06/10 16:17:28.758503 [Incident:Info:toast@toast-new:Magnitude updated] Magnitude updated: 5.03 (M)
2026/06/10 16:17:28.769785 [Simulation:Info:toast@toast-new:Simulation not generated] Magnitude 5.03 of event bmg2026lhat is smaller than triggerMinMagnitude: no automatic simulation
2026/06/10 16:17:33.793557 [Incident:Info:toast@toast-new:Origin updated] Origin updated: OT: 2026-06-10 09:13:39,  Lat/Lon: 5.68477°/125.233°, Depth: 10
2026/06/10 16:17:33.808743 [Incident:Info:toast@toast-new:Magnitude updated] Magnitude updated: 5.03 (M)
2026/06/10 16:17:33.820146 [Simulation:Info:toast@toast-new:Simulation not generated] Magnitude 5.03 of event bmg2026lhat is smaller than triggerMinMagnitude: no automatic simulation
2026/06/10 16:17:38.711024 [Incident:Info:toast@toast-new:Origin updated] Origin updated: OT: 2026-06-10 09:13:39,  Lat/Lon: 5.68477°/125.233°, Depth: 10
2026/06/10 16:17:38.725267 [Incident:Info:toast@toast-new:Magnitude updated] Magnitude updated: 5.03 (M)
2026/06/10 16:17:38.736508 [Simulation:Info:toast@toast-new:Simulation not generated] Magnitude 5.03 of event bmg2026lhat is smaller than triggerMinMagnitude: no automatic simulation
2026/06/10 16:17:43.731073 [Incident:Info:toast@toast-new:Origin updated] Origin updated: OT: 2026-06-10 09:13:39,  Lat/Lon: 5.68477°/125.233°, Depth: 10
2026/06/10 16:17:43.746147 [Incident:Info:toast@toast-new:Magnitude updated] Magnitude updated: 5.03 (M)
2026/06/10 16:17:43.757821 [Simulation:Info:toast@toast-new:Simulation not generated] Magnitude 5.03 of event bmg2026lhat is smaller than triggerMinMagnitude: no automatic simulation
2026/06/10 16:17:45.079321 [Incident:Info:toast@toast-new:Origin updated] Origin updated: OT: 2026-06-10 09:13:38,  Lat/Lon: 5.63966°/125.156°, Depth: 10
2026/06/10 16:17:45.094532 [Incident:Info:toast@toast-new:Magnitude updated] Magnitude updated: 5.29 (MLv)
2026/06/10 16:17:45.106942 [Simulation:Info:toast@toast-new:Simulation not generated] Magnitude 5.29 of event bmg2026lhat is smaller than triggerMinMagnitude: no automatic simulation
2026/06/10 16:17:45.139017 [Incident:Info:toast@toast-new:Origin updated] Origin updated: OT: 2026-06-10 09:13:38,  Lat/Lon: 5.63966°/125.156°, Depth: 10
2026/06/10 16:17:45.150072 [Incident:Info:toast@toast-new:Magnitude updated] Magnitude updated: 5.14 (M)
2026/06/10 16:17:45.160685 [Simulation:Info:toast@toast-new:Simulation not generated] Magnitude 5.14 of event bmg2026lhat is smaller than triggerMinMagnitude: no automatic simulation
2026/06/10 16:18:08.652277 [Incident:Info:toast@toast-new:Origin updated] Origin updated: OT: 2026-06-10 09:13:38,  Lat/Lon: 5.63966°/125.156°, Depth: 10
2026/06/10 16:18:08.666239 [Incident:Info:toast@toast-new:Magnitude updated] Magnitude updated: 5.14 (M)
2026/06/10 16:18:08.677330 [Simulation:Info:toast@toast-new:Simulation not generated] Magnitude 5.14 of event bmg2026lhat is smaller than triggerMinMagnitude: no automatic simulation
2026/06/10 16:21:35.283191 [Incident:Info:toast@toast-new:Origin updated] Origin updated: OT: 2026-06-10 09:13:38,  Lat/Lon: 5.63966°/125.156°, Depth: 10
2026/06/10 16:21:35.297563 [Incident:Info:toast@toast-new:FM updated] FM updated
2026/06/10 16:21:35.308922 [Simulation:Info:toast@toast-new:Simulation not generated] Magnitude 5.14 of event bmg2026lhat is smaller than triggerMinMagnitude: no automatic simulation
