2026/08/18 01:13:59.747506 [Incident:Info:toast@toast-new:Displacement(s) updated] Added 0 and changed 0 displacements with 0 amplitudes
2026/08/18 01:13:59.748146 [Incident:Info:toast@toast-new:Incident created] Incident created based on event received from messaging: OT: 2026-08-17 18:11:31,  Lat/Lon: -7.44°/117.19°, Depth: 10.00, Mag: 5.44 (M)
2026/08/18 01:13:59.748766 [Simulation:Info:toast@toast-new:Simulation not generated] Magnitude 5.44 of event bmg2026qbys is smaller than triggerMinMagnitude: no automatic simulation
2026/08/18 01:13:59.769579 [Incident:Info:toast@toast-new:Origin updated] Origin updated: OT: 2026-08-17 18:11:31,  Lat/Lon: -7.43876°/117.192°, Depth: 10
2026/08/18 01:13:59.769733 [Simulation:Info:toast@toast-new:Simulation not generated] Magnitude 5.44 of event bmg2026qbys is smaller than triggerMinMagnitude: no automatic simulation
2026/08/18 01:14:04.698251 [Incident:Info:toast@toast-new:Origin updated] Origin updated: OT: 2026-08-17 18:11:31,  Lat/Lon: -7.43876°/117.192°, Depth: 10
2026/08/18 01:14:04.698391 [Incident:Info:toast@toast-new:Magnitude updated] Magnitude updated: 5.44 (M)
2026/08/18 01:14:04.698421 [Simulation:Info:toast@toast-new:Simulation not generated] Magnitude 5.44 of event bmg2026qbys is smaller than triggerMinMagnitude: no automatic simulation
2026/08/18 01:14:09.856827 [Incident:Info:toast@toast-new:Origin updated] Origin updated: OT: 2026-08-17 18:11:31,  Lat/Lon: -7.43876°/117.192°, Depth: 10
2026/08/18 01:14:09.856996 [Incident:Info:toast@toast-new:Magnitude updated] Magnitude updated: 5.45 (M)
2026/08/18 01:14:09.857032 [Simulation:Info:toast@toast-new:Simulation not generated] Magnitude 5.45 of event bmg2026qbys is smaller than triggerMinMagnitude: no automatic simulation
2026/08/18 01:14:14.628679 [Incident:Info:toast@toast-new:Origin updated] Origin updated: OT: 2026-08-17 18:11:31,  Lat/Lon: -7.43876°/117.192°, Depth: 10
2026/08/18 01:14:14.628835 [Incident:Info:toast@toast-new:Magnitude updated] Magnitude updated: 5.47 (M)
2026/08/18 01:14:14.628884 [Simulation:Info:toast@toast-new:Simulation not generated] Magnitude 5.47 of event bmg2026qbys is smaller than triggerMinMagnitude: no automatic simulation
2026/08/18 01:14:19.667239 [Incident:Info:toast@toast-new:Origin updated] Origin updated: OT: 2026-08-17 18:11:31,  Lat/Lon: -7.43876°/117.192°, Depth: 10
2026/08/18 01:14:19.667439 [Incident:Info:toast@toast-new:Magnitude updated] Magnitude updated: 5.46 (M)
2026/08/18 01:14:19.667494 [Simulation:Info:toast@toast-new:Simulation not generated] Magnitude 5.46 of event bmg2026qbys is smaller than triggerMinMagnitude: no automatic simulation
2026/08/18 01:14:24.613674 [Incident:Info:toast@toast-new:Origin updated] Origin updated: OT: 2026-08-17 18:11:31,  Lat/Lon: -7.43876°/117.192°, Depth: 10
2026/08/18 01:14:24.613839 [Incident:Info:toast@toast-new:Magnitude updated] Magnitude updated: 5.48 (M)
2026/08/18 01:14:24.613876 [Simulation:Info:toast@toast-new:Simulation not generated] Magnitude 5.48 of event bmg2026qbys is smaller than triggerMinMagnitude: no automatic simulation
2026/08/18 01:14:29.608050 [Incident:Info:toast@toast-new:Origin updated] Origin updated: OT: 2026-08-17 18:11:31,  Lat/Lon: -7.43876°/117.192°, Depth: 10
2026/08/18 01:14:29.608193 [Incident:Info:toast@toast-new:Magnitude updated] Magnitude updated: 5.50 (M)
2026/08/18 01:14:29.608222 [Simulation:Info:toast@toast-new:Simulation not generated] Magnitude 5.50 of event bmg2026qbys is smaller than triggerMinMagnitude: no automatic simulation
2026/08/18 01:14:49.608437 [Incident:Info:toast@toast-new:Origin updated] Origin updated: OT: 2026-08-17 18:11:31,  Lat/Lon: -7.43876°/117.192°, Depth: 10
2026/08/18 01:14:49.608622 [Incident:Info:toast@toast-new:Magnitude updated] Magnitude updated: 5.47 (M)
2026/08/18 01:14:49.608673 [Simulation:Info:toast@toast-new:Simulation not generated] Magnitude 5.47 of event bmg2026qbys is smaller than triggerMinMagnitude: no automatic simulation
2026/08/18 01:21:32.652244 [Incident:Info:toast@toast-new:Origin updated] Origin updated: OT: 2026-08-17 18:11:31,  Lat/Lon: -7.43876°/117.192°, Depth: 10
2026/08/18 01:21:32.652398 [Incident:Info:toast@toast-new:FM updated] FM updated
2026/08/18 01:21:32.652633 [Simulation:Info:toast@toast-new:Simulation not generated] Magnitude 5.47 of event bmg2026qbys is smaller than triggerMinMagnitude: no automatic simulation
2026/08/18 01:28:19.332607 [Incident:Info:toast@toast-new:Origin updated] Origin updated: OT: 2026-08-17 18:11:31,  Lat/Lon: -7.43876°/117.192°, Depth: 10
2026/08/18 01:28:19.332785 [Simulation:Info:toast@toast-new:Simulation not generated] Magnitude 5.47 of event bmg2026qbys is smaller than triggerMinMagnitude: no automatic simulation
2026/08/18 01:32:21.725740 [Incident:Info:toast@toast-new:Origin updated] Origin updated: OT: 2026-08-17 18:11:31,  Lat/Lon: -7.43876°/117.192°, Depth: 10
2026/08/18 01:32:21.725882 [Incident:Info:toast@toast-new:Magnitude updated] Magnitude updated: 5.81 (mb)
2026/08/18 01:32:21.725933 [Simulation:Info:toast@toast-new:Simulation not generated] Magnitude 5.81 of event bmg2026qbys is smaller than triggerMinMagnitude: no automatic simulation
