2026/08/20 16:32:37.975927 [Incident:Info:toast@toast-new:Displacement(s) updated] Added 0 and changed 0 displacements with 0 amplitudes
2026/08/20 16:32:37.976445 [Incident:Info:toast@toast-new:Incident created] Incident created based on event received from messaging: OT: 2026-08-20 09:30:53,  Lat/Lon: -8.30°/120.53°, Depth: 10.00, Mag: 5.21 (M)
2026/08/20 16:32:37.977055 [Simulation:Info:toast@toast-new:Simulation not generated] Magnitude 5.21 of event bmg2026qgub is smaller than triggerMinMagnitude: no automatic simulation
2026/08/20 16:32:37.997877 [Incident:Info:toast@toast-new:Origin updated] Origin updated: OT: 2026-08-20 09:30:53,  Lat/Lon: -8.29812°/120.532°, Depth: 10
2026/08/20 16:32:37.997998 [Simulation:Info:toast@toast-new:Simulation not generated] Magnitude 5.21 of event bmg2026qgub is smaller than triggerMinMagnitude: no automatic simulation
2026/08/20 16:32:39.629739 [Incident:Info:toast@toast-new:Origin updated] Origin updated: OT: 2026-08-20 09:30:53,  Lat/Lon: -8.29812°/120.532°, Depth: 10
2026/08/20 16:32:39.629886 [Incident:Info:toast@toast-new:Magnitude updated] Magnitude updated: 5.22 (M)
2026/08/20 16:32:39.629917 [Simulation:Info:toast@toast-new:Simulation not generated] Magnitude 5.22 of event bmg2026qgub is smaller than triggerMinMagnitude: no automatic simulation
2026/08/20 16:32:44.629980 [Incident:Info:toast@toast-new:Origin updated] Origin updated: OT: 2026-08-20 09:30:53,  Lat/Lon: -8.29812°/120.532°, Depth: 10
2026/08/20 16:32:44.630153 [Incident:Info:toast@toast-new:Magnitude updated] Magnitude updated: 5.23 (M)
2026/08/20 16:32:44.630193 [Simulation:Info:toast@toast-new:Simulation not generated] Magnitude 5.23 of event bmg2026qgub is smaller than triggerMinMagnitude: no automatic simulation
2026/08/20 16:32:49.638197 [Incident:Info:toast@toast-new:Origin updated] Origin updated: OT: 2026-08-20 09:30:53,  Lat/Lon: -8.29812°/120.532°, Depth: 10
2026/08/20 16:32:49.638367 [Incident:Info:toast@toast-new:Magnitude updated] Magnitude updated: 5.25 (M)
2026/08/20 16:32:49.638404 [Simulation:Info:toast@toast-new:Simulation not generated] Magnitude 5.25 of event bmg2026qgub is smaller than triggerMinMagnitude: no automatic simulation
2026/08/20 16:32:54.153944 [Incident:Info:toast@toast-new:Origin updated] Origin updated: OT: 2026-08-20 09:30:53,  Lat/Lon: -8.29812°/120.532°, Depth: 10
2026/08/20 16:32:54.154082 [Incident:Info:toast@toast-new:Magnitude updated] Magnitude updated: 5.26 (M)
2026/08/20 16:32:54.154127 [Simulation:Info:toast@toast-new:Simulation not generated] Magnitude 5.26 of event bmg2026qgub is smaller than triggerMinMagnitude: no automatic simulation
2026/08/20 16:32:54.176414 [Incident:Info:toast@toast-new:Origin updated] Origin updated: OT: 2026-08-20 09:30:54,  Lat/Lon: -8.29244°/120.569°, Depth: 10
2026/08/20 16:32:54.176567 [Incident:Info:toast@toast-new:Magnitude updated] Magnitude updated: 5.30 (M)
2026/08/20 16:32:54.176598 [Simulation:Info:toast@toast-new:Simulation not generated] Magnitude 5.30 of event bmg2026qgub is smaller than triggerMinMagnitude: no automatic simulation
2026/08/20 16:32:54.616121 [Incident:Info:toast@toast-new:Origin updated] Origin updated: OT: 2026-08-20 09:30:54,  Lat/Lon: -8.29244°/120.569°, Depth: 10
2026/08/20 16:32:54.616294 [Incident:Info:toast@toast-new:Magnitude updated] Magnitude updated: 5.30 (M)
2026/08/20 16:32:54.616341 [Simulation:Info:toast@toast-new:Simulation not generated] Magnitude 5.30 of event bmg2026qgub is smaller than triggerMinMagnitude: no automatic simulation
2026/08/20 16:32:59.666695 [Incident:Info:toast@toast-new:Origin updated] Origin updated: OT: 2026-08-20 09:30:54,  Lat/Lon: -8.29244°/120.569°, Depth: 10
2026/08/20 16:32:59.666877 [Incident:Info:toast@toast-new:Magnitude updated] Magnitude updated: 5.31 (M)
2026/08/20 16:32:59.666919 [Simulation:Info:toast@toast-new:Simulation not generated] Magnitude 5.31 of event bmg2026qgub is smaller than triggerMinMagnitude: no automatic simulation
2026/08/20 16:33:04.656207 [Incident:Info:toast@toast-new:Origin updated] Origin updated: OT: 2026-08-20 09:30:54,  Lat/Lon: -8.29244°/120.569°, Depth: 10
2026/08/20 16:33:04.656385 [Incident:Info:toast@toast-new:Magnitude updated] Magnitude updated: 5.32 (M)
2026/08/20 16:33:04.656422 [Simulation:Info:toast@toast-new:Simulation not generated] Magnitude 5.32 of event bmg2026qgub is smaller than triggerMinMagnitude: no automatic simulation
2026/08/20 16:33:09.718092 [Incident:Info:toast@toast-new:Origin updated] Origin updated: OT: 2026-08-20 09:30:54,  Lat/Lon: -8.29244°/120.569°, Depth: 10
2026/08/20 16:33:09.718287 [Incident:Info:toast@toast-new:Magnitude updated] Magnitude updated: 5.33 (M)
2026/08/20 16:33:09.718338 [Simulation:Info:toast@toast-new:Simulation not generated] Magnitude 5.33 of event bmg2026qgub is smaller than triggerMinMagnitude: no automatic simulation
2026/08/20 16:33:14.392677 [Incident:Info:toast@toast-new:Origin updated] Origin updated: OT: 2026-08-20 09:30:54,  Lat/Lon: -8.29244°/120.569°, Depth: 10
2026/08/20 16:33:14.392827 [Incident:Info:toast@toast-new:Magnitude updated] Magnitude updated: 5.34 (M)
2026/08/20 16:33:14.392859 [Simulation:Info:toast@toast-new:Simulation not generated] Magnitude 5.34 of event bmg2026qgub is smaller than triggerMinMagnitude: no automatic simulation
2026/08/20 16:33:14.418038 [Incident:Info:toast@toast-new:Origin updated] Origin updated: OT: 2026-08-20 09:30:54,  Lat/Lon: -8.28799°/120.584°, Depth: 10
2026/08/20 16:33:14.418169 [Incident:Info:toast@toast-new:Magnitude updated] Magnitude updated: 5.36 (M)
2026/08/20 16:33:14.418215 [Simulation:Info:toast@toast-new:Simulation not generated] Magnitude 5.36 of event bmg2026qgub is smaller than triggerMinMagnitude: no automatic simulation
2026/08/20 16:33:14.684345 [Incident:Info:toast@toast-new:Origin updated] Origin updated: OT: 2026-08-20 09:30:54,  Lat/Lon: -8.28799°/120.584°, Depth: 10
2026/08/20 16:33:14.684518 [Incident:Info:toast@toast-new:Magnitude updated] Magnitude updated: 5.37 (M)
2026/08/20 16:33:14.684563 [Simulation:Info:toast@toast-new:Simulation not generated] Magnitude 5.37 of event bmg2026qgub is smaller than triggerMinMagnitude: no automatic simulation
2026/08/20 16:33:19.721914 [Incident:Info:toast@toast-new:Origin updated] Origin updated: OT: 2026-08-20 09:30:54,  Lat/Lon: -8.28799°/120.584°, Depth: 10
2026/08/20 16:33:19.722074 [Incident:Info:toast@toast-new:Magnitude updated] Magnitude updated: 5.38 (M)
2026/08/20 16:33:19.722110 [Simulation:Info:toast@toast-new:Simulation not generated] Magnitude 5.38 of event bmg2026qgub is smaller than triggerMinMagnitude: no automatic simulation
2026/08/20 16:33:22.456678 [Incident:Info:toast@toast-new:Origin updated] Origin updated: OT: 2026-08-20 09:30:54,  Lat/Lon: -8.29635°/120.568°, Depth: 10
2026/08/20 16:33:22.456850 [Incident:Info:toast@toast-new:Magnitude updated] Magnitude updated: 5.31 (MLv)
2026/08/20 16:33:22.456912 [Simulation:Info:toast@toast-new:Simulation not generated] Magnitude 5.31 of event bmg2026qgub is smaller than triggerMinMagnitude: no automatic simulation
2026/08/20 16:33:22.589931 [Incident:Info:toast@toast-new:Origin updated] Origin updated: OT: 2026-08-20 09:30:54,  Lat/Lon: -8.29635°/120.568°, Depth: 10
2026/08/20 16:33:22.590081 [Incident:Info:toast@toast-new:Magnitude updated] Magnitude updated: 5.35 (M)
2026/08/20 16:33:22.590129 [Simulation:Info:toast@toast-new:Simulation not generated] Magnitude 5.35 of event bmg2026qgub is smaller than triggerMinMagnitude: no automatic simulation
2026/08/20 16:33:24.673335 [Incident:Info:toast@toast-new:Origin updated] Origin updated: OT: 2026-08-20 09:30:54,  Lat/Lon: -8.29635°/120.568°, Depth: 10
2026/08/20 16:33:24.673471 [Incident:Info:toast@toast-new:Magnitude updated] Magnitude updated: 5.35 (M)
2026/08/20 16:33:24.673500 [Simulation:Info:toast@toast-new:Simulation not generated] Magnitude 5.35 of event bmg2026qgub is smaller than triggerMinMagnitude: no automatic simulation
2026/08/20 16:33:29.728871 [Incident:Info:toast@toast-new:Origin updated] Origin updated: OT: 2026-08-20 09:30:54,  Lat/Lon: -8.29635°/120.568°, Depth: 10
2026/08/20 16:33:29.729027 [Incident:Info:toast@toast-new:Magnitude updated] Magnitude updated: 5.35 (M)
2026/08/20 16:33:29.729089 [Simulation:Info:toast@toast-new:Simulation not generated] Magnitude 5.35 of event bmg2026qgub is smaller than triggerMinMagnitude: no automatic simulation
2026/08/20 16:33:34.710105 [Incident:Info:toast@toast-new:Origin updated] Origin updated: OT: 2026-08-20 09:30:54,  Lat/Lon: -8.29635°/120.568°, Depth: 10
2026/08/20 16:33:34.710222 [Incident:Info:toast@toast-new:Magnitude updated] Magnitude updated: 5.36 (M)
2026/08/20 16:33:34.710249 [Simulation:Info:toast@toast-new:Simulation not generated] Magnitude 5.36 of event bmg2026qgub is smaller than triggerMinMagnitude: no automatic simulation
2026/08/20 16:33:39.401867 [Incident:Info:toast@toast-new:Origin updated] Origin updated: OT: 2026-08-20 09:30:54,  Lat/Lon: -8.29635°/120.568°, Depth: 10
2026/08/20 16:33:39.402027 [Incident:Info:toast@toast-new:Magnitude updated] Magnitude updated: 5.36 (M)
2026/08/20 16:33:39.402064 [Simulation:Info:toast@toast-new:Simulation not generated] Magnitude 5.36 of event bmg2026qgub is smaller than triggerMinMagnitude: no automatic simulation
2026/08/20 16:33:39.661069 [Incident:Info:toast@toast-new:Origin updated] Origin updated: OT: 2026-08-20 09:30:54,  Lat/Lon: -8.29635°/120.568°, Depth: 10
2026/08/20 16:33:39.661242 [Incident:Info:toast@toast-new:Magnitude updated] Magnitude updated: 5.36 (M)
2026/08/20 16:33:39.661284 [Simulation:Info:toast@toast-new:Simulation not generated] Magnitude 5.36 of event bmg2026qgub is smaller than triggerMinMagnitude: no automatic simulation
2026/08/20 16:33:42.385525 [Incident:Info:toast@toast-new:Origin updated] Origin updated: OT: 2026-08-20 09:30:54,  Lat/Lon: -8.29635°/120.568°, Depth: 10
2026/08/20 16:33:42.385641 [Simulation:Info:toast@toast-new:Simulation not generated] Magnitude 5.36 of event bmg2026qgub is smaller than triggerMinMagnitude: no automatic simulation
2026/08/20 16:33:42.646891 [Incident:Info:toast@toast-new:Origin updated] Origin updated: OT: 2026-08-20 09:30:54,  Lat/Lon: -8.29635°/120.568°, Depth: 10
2026/08/20 16:33:42.647035 [Incident:Info:toast@toast-new:Magnitude updated] Magnitude updated: 5.37 (M)
2026/08/20 16:33:42.647070 [Simulation:Info:toast@toast-new:Simulation not generated] Magnitude 5.37 of event bmg2026qgub is smaller than triggerMinMagnitude: no automatic simulation
2026/08/20 16:33:44.786036 [Incident:Info:toast@toast-new:Origin updated] Origin updated: OT: 2026-08-20 09:30:54,  Lat/Lon: -8.29635°/120.568°, Depth: 10
2026/08/20 16:33:44.786197 [Incident:Info:toast@toast-new:Magnitude updated] Magnitude updated: 5.37 (M)
2026/08/20 16:33:44.786234 [Simulation:Info:toast@toast-new:Simulation not generated] Magnitude 5.37 of event bmg2026qgub is smaller than triggerMinMagnitude: no automatic simulation
2026/08/20 16:33:49.872719 [Incident:Info:toast@toast-new:Origin updated] Origin updated: OT: 2026-08-20 09:30:54,  Lat/Lon: -8.29635°/120.568°, Depth: 10
2026/08/20 16:33:49.872870 [Incident:Info:toast@toast-new:Magnitude updated] Magnitude updated: 5.37 (M)
2026/08/20 16:33:49.872903 [Simulation:Info:toast@toast-new:Simulation not generated] Magnitude 5.37 of event bmg2026qgub is smaller than triggerMinMagnitude: no automatic simulation
2026/08/20 16:33:54.765800 [Incident:Info:toast@toast-new:Origin updated] Origin updated: OT: 2026-08-20 09:30:54,  Lat/Lon: -8.29635°/120.568°, Depth: 10
2026/08/20 16:33:54.765968 [Incident:Info:toast@toast-new:Magnitude updated] Magnitude updated: 5.36 (M)
2026/08/20 16:33:54.766006 [Simulation:Info:toast@toast-new:Simulation not generated] Magnitude 5.36 of event bmg2026qgub is smaller than triggerMinMagnitude: no automatic simulation
2026/08/20 16:33:59.842960 [Incident:Info:toast@toast-new:Origin updated] Origin updated: OT: 2026-08-20 09:30:54,  Lat/Lon: -8.29635°/120.568°, Depth: 10
2026/08/20 16:33:59.843114 [Incident:Info:toast@toast-new:Magnitude updated] Magnitude updated: 5.35 (M)
2026/08/20 16:33:59.843163 [Simulation:Info:toast@toast-new:Simulation not generated] Magnitude 5.35 of event bmg2026qgub is smaller than triggerMinMagnitude: no automatic simulation
2026/08/20 16:34:00.879749 [Incident:Info:toast@toast-new:Origin updated] Origin updated: OT: 2026-08-20 09:30:54,  Lat/Lon: -8.29172°/120.614°, Depth: 10
2026/08/20 16:34:00.879901 [Incident:Info:toast@toast-new:Magnitude updated] Magnitude updated: 5.37 (MLv)
2026/08/20 16:34:00.879935 [Simulation:Info:toast@toast-new:Simulation not generated] Magnitude 5.37 of event bmg2026qgub is smaller than triggerMinMagnitude: no automatic simulation
2026/08/20 16:34:00.986130 [Incident:Info:toast@toast-new:Origin updated] Origin updated: OT: 2026-08-20 09:30:54,  Lat/Lon: -8.29172°/120.614°, Depth: 10
2026/08/20 16:34:00.986251 [Incident:Info:toast@toast-new:Magnitude updated] Magnitude updated: 5.35 (M)
2026/08/20 16:34:00.986304 [Simulation:Info:toast@toast-new:Simulation not generated] Magnitude 5.35 of event bmg2026qgub is smaller than triggerMinMagnitude: no automatic simulation
2026/08/20 16:34:04.750085 [Incident:Info:toast@toast-new:Origin updated] Origin updated: OT: 2026-08-20 09:30:54,  Lat/Lon: -8.29172°/120.614°, Depth: 10
2026/08/20 16:34:04.750221 [Incident:Info:toast@toast-new:Magnitude updated] Magnitude updated: 5.36 (M)
2026/08/20 16:34:04.750275 [Simulation:Info:toast@toast-new:Simulation not generated] Magnitude 5.36 of event bmg2026qgub is smaller than triggerMinMagnitude: no automatic simulation
2026/08/20 16:34:09.695104 [Incident:Info:toast@toast-new:Origin updated] Origin updated: OT: 2026-08-20 09:30:54,  Lat/Lon: -8.29172°/120.614°, Depth: 10
2026/08/20 16:34:09.695284 [Incident:Info:toast@toast-new:Magnitude updated] Magnitude updated: 5.36 (M)
2026/08/20 16:34:09.695322 [Simulation:Info:toast@toast-new:Simulation not generated] Magnitude 5.36 of event bmg2026qgub is smaller than triggerMinMagnitude: no automatic simulation
2026/08/20 16:34:12.892307 [Incident:Info:toast@toast-new:Origin updated] Origin updated: OT: 2026-08-20 09:30:54,  Lat/Lon: -8.29172°/120.614°, Depth: 10
2026/08/20 16:34:12.892428 [Incident:Info:toast@toast-new:Magnitude updated] Magnitude updated: 5.36 (M)
2026/08/20 16:34:12.892455 [Simulation:Info:toast@toast-new:Simulation not generated] Magnitude 5.36 of event bmg2026qgub is smaller than triggerMinMagnitude: no automatic simulation
2026/08/20 16:34:14.824866 [Incident:Info:toast@toast-new:Origin updated] Origin updated: OT: 2026-08-20 09:30:54,  Lat/Lon: -8.29172°/120.614°, Depth: 10
2026/08/20 16:34:14.825016 [Incident:Info:toast@toast-new:Magnitude updated] Magnitude updated: 5.36 (M)
2026/08/20 16:34:14.825049 [Simulation:Info:toast@toast-new:Simulation not generated] Magnitude 5.36 of event bmg2026qgub is smaller than triggerMinMagnitude: no automatic simulation
2026/08/20 16:34:19.817093 [Incident:Info:toast@toast-new:Origin updated] Origin updated: OT: 2026-08-20 09:30:54,  Lat/Lon: -8.29172°/120.614°, Depth: 10
2026/08/20 16:34:19.817239 [Incident:Info:toast@toast-new:Magnitude updated] Magnitude updated: 5.36 (M)
2026/08/20 16:34:19.817274 [Simulation:Info:toast@toast-new:Simulation not generated] Magnitude 5.36 of event bmg2026qgub is smaller than triggerMinMagnitude: no automatic simulation
2026/08/20 16:34:24.754177 [Incident:Info:toast@toast-new:Origin updated] Origin updated: OT: 2026-08-20 09:30:54,  Lat/Lon: -8.29172°/120.614°, Depth: 10
2026/08/20 16:34:24.754327 [Incident:Info:toast@toast-new:Magnitude updated] Magnitude updated: 5.36 (M)
2026/08/20 16:34:24.754363 [Simulation:Info:toast@toast-new:Simulation not generated] Magnitude 5.36 of event bmg2026qgub is smaller than triggerMinMagnitude: no automatic simulation
2026/08/20 16:34:29.745128 [Incident:Info:toast@toast-new:Origin updated] Origin updated: OT: 2026-08-20 09:30:54,  Lat/Lon: -8.29172°/120.614°, Depth: 10
2026/08/20 16:34:29.745294 [Incident:Info:toast@toast-new:Magnitude updated] Magnitude updated: 5.35 (M)
2026/08/20 16:34:29.745349 [Simulation:Info:toast@toast-new:Simulation not generated] Magnitude 5.35 of event bmg2026qgub is smaller than triggerMinMagnitude: no automatic simulation
2026/08/20 16:34:34.950268 [Incident:Info:toast@toast-new:Origin updated] Origin updated: OT: 2026-08-20 09:30:54,  Lat/Lon: -8.29172°/120.614°, Depth: 10
2026/08/20 16:34:34.950434 [Incident:Info:toast@toast-new:Magnitude updated] Magnitude updated: 5.35 (M)
2026/08/20 16:34:34.950492 [Simulation:Info:toast@toast-new:Simulation not generated] Magnitude 5.35 of event bmg2026qgub is smaller than triggerMinMagnitude: no automatic simulation
2026/08/20 16:34:39.705223 [Incident:Info:toast@toast-new:Origin updated] Origin updated: OT: 2026-08-20 09:30:54,  Lat/Lon: -8.29172°/120.614°, Depth: 10
2026/08/20 16:34:39.705375 [Incident:Info:toast@toast-new:Magnitude updated] Magnitude updated: 5.35 (M)
2026/08/20 16:34:39.705410 [Simulation:Info:toast@toast-new:Simulation not generated] Magnitude 5.35 of event bmg2026qgub is smaller than triggerMinMagnitude: no automatic simulation
2026/08/20 16:34:44.887936 [Incident:Info:toast@toast-new:Origin updated] Origin updated: OT: 2026-08-20 09:30:54,  Lat/Lon: -8.29172°/120.614°, Depth: 10
2026/08/20 16:34:44.888112 [Incident:Info:toast@toast-new:Magnitude updated] Magnitude updated: 5.35 (M)
2026/08/20 16:34:44.888141 [Simulation:Info:toast@toast-new:Simulation not generated] Magnitude 5.35 of event bmg2026qgub is smaller than triggerMinMagnitude: no automatic simulation
2026/08/20 16:34:49.649006 [Incident:Info:toast@toast-new:Origin updated] Origin updated: OT: 2026-08-20 09:30:54,  Lat/Lon: -8.29172°/120.614°, Depth: 10
2026/08/20 16:34:49.649210 [Incident:Info:toast@toast-new:Magnitude updated] Magnitude updated: 5.36 (M)
2026/08/20 16:34:49.649269 [Simulation:Info:toast@toast-new:Simulation not generated] Magnitude 5.36 of event bmg2026qgub is smaller than triggerMinMagnitude: no automatic simulation
2026/08/20 16:34:54.894284 [Incident:Info:toast@toast-new:Origin updated] Origin updated: OT: 2026-08-20 09:30:54,  Lat/Lon: -8.29172°/120.614°, Depth: 10
2026/08/20 16:34:54.894447 [Incident:Info:toast@toast-new:Magnitude updated] Magnitude updated: 5.36 (M)
2026/08/20 16:34:54.894481 [Simulation:Info:toast@toast-new:Simulation not generated] Magnitude 5.36 of event bmg2026qgub is smaller than triggerMinMagnitude: no automatic simulation
2026/08/20 16:34:59.867579 [Incident:Info:toast@toast-new:Origin updated] Origin updated: OT: 2026-08-20 09:30:54,  Lat/Lon: -8.29172°/120.614°, Depth: 10
2026/08/20 16:34:59.867743 [Incident:Info:toast@toast-new:Magnitude updated] Magnitude updated: 5.36 (M)
2026/08/20 16:34:59.867781 [Simulation:Info:toast@toast-new:Simulation not generated] Magnitude 5.36 of event bmg2026qgub is smaller than triggerMinMagnitude: no automatic simulation
2026/08/20 16:35:04.899549 [Incident:Info:toast@toast-new:Origin updated] Origin updated: OT: 2026-08-20 09:30:54,  Lat/Lon: -8.29172°/120.614°, Depth: 10
2026/08/20 16:35:04.899694 [Incident:Info:toast@toast-new:Magnitude updated] Magnitude updated: 5.36 (M)
2026/08/20 16:35:04.899730 [Simulation:Info:toast@toast-new:Simulation not generated] Magnitude 5.36 of event bmg2026qgub is smaller than triggerMinMagnitude: no automatic simulation
2026/08/20 16:35:09.907031 [Incident:Info:toast@toast-new:Origin updated] Origin updated: OT: 2026-08-20 09:30:54,  Lat/Lon: -8.29172°/120.614°, Depth: 10
2026/08/20 16:35:09.907212 [Incident:Info:toast@toast-new:Magnitude updated] Magnitude updated: 5.36 (M)
2026/08/20 16:35:09.907251 [Simulation:Info:toast@toast-new:Simulation not generated] Magnitude 5.36 of event bmg2026qgub is smaller than triggerMinMagnitude: no automatic simulation
2026/08/20 16:35:14.682457 [Incident:Info:toast@toast-new:Origin updated] Origin updated: OT: 2026-08-20 09:30:54,  Lat/Lon: -8.29172°/120.614°, Depth: 10
2026/08/20 16:35:14.682613 [Incident:Info:toast@toast-new:Magnitude updated] Magnitude updated: 5.36 (M)
2026/08/20 16:35:14.682642 [Simulation:Info:toast@toast-new:Simulation not generated] Magnitude 5.36 of event bmg2026qgub is smaller than triggerMinMagnitude: no automatic simulation
2026/08/20 16:35:24.885061 [Incident:Info:toast@toast-new:Origin updated] Origin updated: OT: 2026-08-20 09:30:54,  Lat/Lon: -8.29172°/120.614°, Depth: 10
2026/08/20 16:35:24.885253 [Incident:Info:toast@toast-new:Magnitude updated] Magnitude updated: 5.36 (M)
2026/08/20 16:35:24.885299 [Simulation:Info:toast@toast-new:Simulation not generated] Magnitude 5.36 of event bmg2026qgub is smaller than triggerMinMagnitude: no automatic simulation
2026/08/20 16:37:51.081380 [Incident:Info:toast@toast-new:Origin updated] Origin updated: OT: 2026-08-20 09:30:54,  Lat/Lon: -8.38394°/120.604°, Depth: 10
2026/08/20 16:37:51.081554 [Incident:Info:toast@toast-new:Magnitude updated] Magnitude updated: 5.21 (Mw(mB))
2026/08/20 16:37:51.081610 [Simulation:Info:toast@toast-new:Simulation not generated] Magnitude 5.21 of event bmg2026qgub is smaller than triggerMinMagnitude: no automatic simulation
2026/08/20 16:38:15.818936 [Incident:Info:toast@toast-new:Origin updated] Origin updated: OT: 2026-08-20 09:30:54,  Lat/Lon: -8.38394°/120.604°, Depth: 10
2026/08/20 16:38:15.819106 [Incident:Info:toast@toast-new:Magnitude updated] Magnitude updated: 5.30 (mb)
2026/08/20 16:38:15.819185 [Simulation:Info:toast@toast-new:Simulation not generated] Magnitude 5.30 of event bmg2026qgub is smaller than triggerMinMagnitude: no automatic simulation
2026/08/20 16:38:49.127546 [Incident:Info:toast@toast-new:Origin updated] Origin updated: OT: 2026-08-20 09:30:54,  Lat/Lon: -8.38394°/120.604°, Depth: 10
2026/08/20 16:38:49.127684 [Incident:Info:toast@toast-new:FM updated] FM updated
2026/08/20 16:38:49.127918 [Simulation:Info:toast@toast-new:Simulation not generated] Magnitude 5.30 of event bmg2026qgub is smaller than triggerMinMagnitude: no automatic simulation
2026/08/20 16:39:13.981700 [Incident:Info:toast@toast-new:Origin updated] Origin updated: OT: 2026-08-20 09:30:54,  Lat/Lon: -8.38394°/120.604°, Depth: 10
2026/08/20 16:39:13.981848 [Incident:Info:toast@toast-new:Magnitude updated] Magnitude updated: 5.21 (Mw)
2026/08/20 16:39:13.981913 [Simulation:Info:toast@toast-new:Simulation not generated] Magnitude 5.21 of event bmg2026qgub is smaller than triggerMinMagnitude: no automatic simulation
2026/08/20 17:02:18.048891 [Incident:Info:toast@toast-new:Origin updated] Origin updated: OT: 2026-08-20 09:30:54,  Lat/Lon: -8.38394°/120.604°, Depth: 10
2026/08/20 17:02:18.049056 [Simulation:Info:toast@toast-new:Simulation not generated] Magnitude 5.21 of event bmg2026qgub is smaller than triggerMinMagnitude: no automatic simulation
2026/08/20 20:47:22.668984 [Incident:Info:toast@toast-new:Origin updated] Origin updated: OT: 2026-08-20 09:30:54,  Lat/Lon: -8.36931°/120.609°, Depth: 10
2026/08/20 20:47:22.669161 [Simulation:Info:toast@toast-new:Simulation not generated] Magnitude 5.21 of event bmg2026qgub is smaller than triggerMinMagnitude: no automatic simulation
2026/08/20 20:48:20.498142 [Incident:Info:toast@toast-new:Origin updated] Origin updated: OT: 2026-08-20 09:30:54,  Lat/Lon: -8.36931°/120.609°, Depth: 10
2026/08/20 20:48:20.498304 [Simulation:Info:toast@toast-new:Simulation not generated] Magnitude 5.21 of event bmg2026qgub is smaller than triggerMinMagnitude: no automatic simulation
2026/08/26 13:06:18.357310 [Incident:Info:toast@toast-new:Incident removed] Removed incident - Bye
