2026/06/15 22:32:54.468471 [Incident:Info:toast@toast-new:Displacement(s) updated] Added 0 and changed 0 displacements with 0 amplitudes
2026/06/15 22:32:54.474718 [Incident:Info:toast@toast-new:Incident created] Incident created based on event received from messaging: OT: 2026-06-15 15:30:22,  Lat/Lon: 5.60°/125.39°, Depth: 10.00, Mag: 5.72 (M)
2026/06/15 22:32:54.475409 [Simulation:Info:toast@toast-new:Simulation not generated] Magnitude 5.72 of event bmg2026lqqs is smaller than triggerMinMagnitude: no automatic simulation
2026/06/15 22:32:54.494632 [Incident:Info:toast@toast-new:Origin updated] Origin updated: OT: 2026-06-15 15:30:22,  Lat/Lon: 5.59866°/125.388°, Depth: 10
2026/06/15 22:32:54.494804 [Simulation:Info:toast@toast-new:Simulation not generated] Magnitude 5.72 of event bmg2026lqqs is smaller than triggerMinMagnitude: no automatic simulation
2026/06/15 22:32:58.746559 [Incident:Info:toast@toast-new:Origin updated] Origin updated: OT: 2026-06-15 15:30:22,  Lat/Lon: 5.59866°/125.388°, Depth: 10
2026/06/15 22:32:58.746761 [Incident:Info:toast@toast-new:Magnitude updated] Magnitude updated: 5.73 (M)
2026/06/15 22:32:58.746816 [Simulation:Info:toast@toast-new:Simulation not generated] Magnitude 5.73 of event bmg2026lqqs is smaller than triggerMinMagnitude: no automatic simulation
2026/06/15 22:33:48.901804 [Incident:Info:toast@toast-new:Origin updated] Origin updated: OT: 2026-06-15 15:30:22,  Lat/Lon: 5.59866°/125.388°, Depth: 10
2026/06/15 22:33:48.902011 [Incident:Info:toast@toast-new:Magnitude updated] Magnitude updated: 5.83 (M)
2026/06/15 22:33:48.902077 [Simulation:Info:toast@toast-new:Simulation not generated] Magnitude 5.83 of event bmg2026lqqs is smaller than triggerMinMagnitude: no automatic simulation
2026/06/15 22:35:15.427922 [Incident:Info:toast@toast-new:Origin updated] Origin updated: OT: 2026-06-15 15:30:21,  Lat/Lon: 5.64441°/125.222°, Depth: 10
2026/06/15 22:35:15.428128 [Incident:Info:toast@toast-new:Magnitude updated] Magnitude updated: 5.67 (Mw(mB))
2026/06/15 22:35:15.428176 [Simulation:Info:toast@toast-new:Simulation not generated] Magnitude 5.67 of event bmg2026lqqs is smaller than triggerMinMagnitude: no automatic simulation
2026/06/15 22:35:15.575145 [Incident:Info:toast@toast-new:Origin updated] Origin updated: OT: 2026-06-15 15:30:21,  Lat/Lon: 5.64441°/125.222°, Depth: 10
2026/06/15 22:35:15.575357 [Incident:Info:toast@toast-new:Magnitude updated] Magnitude updated: 5.60 (M)
2026/06/15 22:35:15.575425 [Simulation:Info:toast@toast-new:Simulation not generated] Magnitude 5.60 of event bmg2026lqqs is smaller than triggerMinMagnitude: no automatic simulation
2026/06/15 22:35:19.096379 [Incident:Info:toast@toast-new:Origin updated] Origin updated: OT: 2026-06-15 15:30:21,  Lat/Lon: 5.64441°/125.222°, Depth: 10
2026/06/15 22:35:19.096559 [Incident:Info:toast@toast-new:Magnitude updated] Magnitude updated: 5.60 (M)
2026/06/15 22:35:19.096606 [Simulation:Info:toast@toast-new:Simulation not generated] Magnitude 5.60 of event bmg2026lqqs is smaller than triggerMinMagnitude: no automatic simulation
2026/06/15 22:35:24.102689 [Incident:Info:toast@toast-new:Origin updated] Origin updated: OT: 2026-06-15 15:30:21,  Lat/Lon: 5.64441°/125.222°, Depth: 10
2026/06/15 22:35:24.102901 [Incident:Info:toast@toast-new:Magnitude updated] Magnitude updated: 5.60 (M)
2026/06/15 22:35:24.102947 [Simulation:Info:toast@toast-new:Simulation not generated] Magnitude 5.60 of event bmg2026lqqs is smaller than triggerMinMagnitude: no automatic simulation
2026/06/15 22:35:29.087663 [Incident:Info:toast@toast-new:Origin updated] Origin updated: OT: 2026-06-15 15:30:21,  Lat/Lon: 5.64441°/125.222°, Depth: 10
2026/06/15 22:35:29.087873 [Incident:Info:toast@toast-new:Magnitude updated] Magnitude updated: 5.60 (M)
2026/06/15 22:35:29.087921 [Simulation:Info:toast@toast-new:Simulation not generated] Magnitude 5.60 of event bmg2026lqqs is smaller than triggerMinMagnitude: no automatic simulation
2026/06/15 22:35:29.156682 [Incident:Info:toast@toast-new:Origin updated] Origin updated: OT: 2026-06-15 15:30:21,  Lat/Lon: 5.64441°/125.222°, Depth: 10
2026/06/15 22:35:29.156834 [Incident:Info:toast@toast-new:FM updated] FM updated
2026/06/15 22:35:29.157051 [Simulation:Info:toast@toast-new:Simulation not generated] Magnitude 5.60 of event bmg2026lqqs is smaller than triggerMinMagnitude: no automatic simulation
2026/06/15 22:35:31.993058 [Incident:Info:toast@toast-new:Origin updated] Origin updated: OT: 2026-06-15 15:30:21,  Lat/Lon: 5.64441°/125.222°, Depth: 10
2026/06/15 22:35:31.993217 [Incident:Info:toast@toast-new:Magnitude updated] Magnitude updated: 5.60 (M)
2026/06/15 22:35:31.993252 [Simulation:Info:toast@toast-new:Simulation not generated] Magnitude 5.60 of event bmg2026lqqs is smaller than triggerMinMagnitude: no automatic simulation
2026/06/15 22:35:39.011093 [Incident:Info:toast@toast-new:Origin updated] Origin updated: OT: 2026-06-15 15:30:21,  Lat/Lon: 5.64441°/125.222°, Depth: 10
2026/06/15 22:35:39.011300 [Incident:Info:toast@toast-new:Magnitude updated] Magnitude updated: 5.60 (M)
2026/06/15 22:35:39.011343 [Simulation:Info:toast@toast-new:Simulation not generated] Magnitude 5.60 of event bmg2026lqqs is smaller than triggerMinMagnitude: no automatic simulation
2026/06/15 22:35:39.034394 [Incident:Info:toast@toast-new:Origin updated] Origin updated: OT: 2026-06-15 15:30:21,  Lat/Lon: 5.64441°/125.222°, Depth: 10
2026/06/15 22:35:39.034523 [Incident:Info:toast@toast-new:FM updated] FM updated
2026/06/15 22:35:39.034747 [Simulation:Info:toast@toast-new:Simulation not generated] Magnitude 5.60 of event bmg2026lqqs is smaller than triggerMinMagnitude: no automatic simulation
2026/06/15 22:35:43.866430 [Incident:Info:toast@toast-new:Origin updated] Origin updated: OT: 2026-06-15 15:30:21,  Lat/Lon: 5.64441°/125.222°, Depth: 10
2026/06/15 22:35:43.866614 [Incident:Info:toast@toast-new:Magnitude updated] Magnitude updated: 5.60 (M)
2026/06/15 22:35:43.866659 [Simulation:Info:toast@toast-new:Simulation not generated] Magnitude 5.60 of event bmg2026lqqs is smaller than triggerMinMagnitude: no automatic simulation
2026/06/15 22:35:49.118811 [Incident:Info:toast@toast-new:Origin updated] Origin updated: OT: 2026-06-15 15:30:21,  Lat/Lon: 5.64441°/125.222°, Depth: 10
2026/06/15 22:35:49.119002 [Incident:Info:toast@toast-new:Magnitude updated] Magnitude updated: 5.60 (M)
2026/06/15 22:35:49.119044 [Simulation:Info:toast@toast-new:Simulation not generated] Magnitude 5.60 of event bmg2026lqqs is smaller than triggerMinMagnitude: no automatic simulation
2026/06/15 22:35:49.907318 [Incident:Info:toast@toast-new:Origin updated] Origin updated: OT: 2026-06-15 15:30:21,  Lat/Lon: 5.64441°/125.222°, Depth: 10
2026/06/15 22:35:49.907482 [Incident:Info:toast@toast-new:FM updated] FM updated
2026/06/15 22:35:49.907701 [Simulation:Info:toast@toast-new:Simulation not generated] Magnitude 5.60 of event bmg2026lqqs is smaller than triggerMinMagnitude: no automatic simulation
2026/06/15 22:35:52.106601 [Incident:Info:toast@toast-new:Origin updated] Origin updated: OT: 2026-06-15 15:30:21,  Lat/Lon: 5.64441°/125.222°, Depth: 10
2026/06/15 22:35:52.106794 [Incident:Info:toast@toast-new:FM updated] FM updated
2026/06/15 22:35:52.107060 [Simulation:Info:toast@toast-new:Simulation not generated] Magnitude 5.60 of event bmg2026lqqs is smaller than triggerMinMagnitude: no automatic simulation
2026/06/15 22:35:53.784387 [Incident:Info:toast@toast-new:Origin updated] Origin updated: OT: 2026-06-15 15:30:21,  Lat/Lon: 5.64441°/125.222°, Depth: 10
2026/06/15 22:35:53.784580 [Incident:Info:toast@toast-new:Magnitude updated] Magnitude updated: 5.60 (M)
2026/06/15 22:35:53.784622 [Simulation:Info:toast@toast-new:Simulation not generated] Magnitude 5.60 of event bmg2026lqqs is smaller than triggerMinMagnitude: no automatic simulation
2026/06/15 22:35:58.929269 [Incident:Info:toast@toast-new:Origin updated] Origin updated: OT: 2026-06-15 15:30:21,  Lat/Lon: 5.64441°/125.222°, Depth: 10
2026/06/15 22:35:58.929464 [Incident:Info:toast@toast-new:Magnitude updated] Magnitude updated: 5.60 (M)
2026/06/15 22:35:58.929513 [Simulation:Info:toast@toast-new:Simulation not generated] Magnitude 5.60 of event bmg2026lqqs is smaller than triggerMinMagnitude: no automatic simulation
2026/06/15 22:36:03.903487 [Incident:Info:toast@toast-new:Origin updated] Origin updated: OT: 2026-06-15 15:30:21,  Lat/Lon: 5.64441°/125.222°, Depth: 10
2026/06/15 22:36:03.903677 [Incident:Info:toast@toast-new:Magnitude updated] Magnitude updated: 5.60 (M)
2026/06/15 22:36:03.903720 [Simulation:Info:toast@toast-new:Simulation not generated] Magnitude 5.60 of event bmg2026lqqs is smaller than triggerMinMagnitude: no automatic simulation
2026/06/15 22:36:13.135327 [Incident:Info:toast@toast-new:Origin updated] Origin updated: OT: 2026-06-15 15:30:21,  Lat/Lon: 5.64441°/125.222°, Depth: 10
2026/06/15 22:36:13.135548 [Simulation:Info:toast@toast-new:Simulation not generated] Magnitude 5.60 of event bmg2026lqqs is smaller than triggerMinMagnitude: no automatic simulation
2026/06/15 22:36:13.154413 [Incident:Info:toast@toast-new:Origin updated] Origin updated: OT: 2026-06-15 15:30:21,  Lat/Lon: 5.64441°/125.222°, Depth: 10
2026/06/15 22:36:13.154559 [Incident:Info:toast@toast-new:Magnitude updated] Magnitude updated: 5.48 (Mw)
2026/06/15 22:36:13.154605 [Simulation:Info:toast@toast-new:Simulation not generated] Magnitude 5.48 of event bmg2026lqqs is smaller than triggerMinMagnitude: no automatic simulation
2026/06/15 22:38:59.807581 [Incident:Info:toast@toast-new:Origin updated] Origin updated: OT: 2026-06-15 15:30:23,  Lat/Lon: 5.79007°/125.266°, Depth: 43.2159
2026/06/15 22:38:59.807747 [Simulation:Info:toast@toast-new:Simulation not generated] Magnitude 5.48 of event bmg2026lqqs is smaller than triggerMinMagnitude: no automatic simulation
2026/06/15 22:39:04.305262 [Incident:Info:toast@toast-new:Origin updated] Origin updated: OT: 2026-06-15 15:30:23,  Lat/Lon: 5.79007°/125.266°, Depth: 43.2159
2026/06/15 22:39:04.305459 [Incident:Info:toast@toast-new:Magnitude updated] Magnitude updated: 5.49 (Mw)
2026/06/15 22:39:04.305502 [Incident:Info:toast@toast-new:FM updated] FM updated
2026/06/15 22:39:04.305821 [Simulation:Info:toast@toast-new:Simulation not generated] Magnitude 5.49 of event bmg2026lqqs is smaller than triggerMinMagnitude: no automatic simulation
2026/06/15 22:39:38.589360 [Incident:Info:toast@toast-new:Origin updated] Origin updated: OT: 2026-06-15 15:30:23,  Lat/Lon: 5.79007°/125.266°, Depth: 43.2159
2026/06/15 22:39:38.589569 [Incident:Info:toast@toast-new:Magnitude updated] Magnitude updated: 5.48 (Mw)
2026/06/15 22:39:38.589615 [Incident:Info:toast@toast-new:FM updated] FM updated
2026/06/15 22:39:38.589866 [Simulation:Info:toast@toast-new:Simulation not generated] Magnitude 5.48 of event bmg2026lqqs is smaller than triggerMinMagnitude: no automatic simulation
2026/06/15 22:51:52.502950 [Incident:Info:toast@toast-new:Origin updated] Origin updated: OT: 2026-06-15 15:30:23,  Lat/Lon: 5.79007°/125.266°, Depth: 43.2159
2026/06/15 22:51:52.503161 [Incident:Info:toast@toast-new:Magnitude updated] Magnitude updated: 5.50 (Mw)
2026/06/15 22:51:52.503211 [Incident:Info:toast@toast-new:FM updated] FM updated
2026/06/15 22:51:52.503507 [Simulation:Info:toast@toast-new:Simulation not generated] Magnitude 5.50 of event bmg2026lqqs is smaller than triggerMinMagnitude: no automatic simulation
2026/06/15 22:52:07.641196 [Incident:Info:toast@toast-new:Origin updated] Origin updated: OT: 2026-06-15 15:30:21,  Lat/Lon: 5.83946°/125.3°, Depth: 31
2026/06/15 22:52:07.641421 [Simulation:Info:toast@toast-new:Simulation not generated] Magnitude 5.50 of event bmg2026lqqs is smaller than triggerMinMagnitude: no automatic simulation
2026/06/16 04:11:34.508612 [Incident:Info:toast@toast-new:Origin updated] Origin updated: OT: 2026-06-15 15:30:23,  Lat/Lon: 5.70041°/125.287°, Depth: 50.6165
2026/06/16 04:11:34.508788 [Simulation:Info:toast@toast-new:Simulation not generated] Magnitude 5.50 of event bmg2026lqqs is smaller than triggerMinMagnitude: no automatic simulation
2026/06/16 05:22:49.639057 [Incident:Info:toast@toast-new:Origin updated] Origin updated: OT: 2026-06-15 15:30:23,  Lat/Lon: 5.70041°/125.287°, Depth: 50.6165
2026/06/16 05:22:49.639284 [Incident:Info:toast@toast-new:Magnitude updated] Magnitude updated: 5.44 (Mw)
2026/06/16 05:22:49.639352 [Incident:Info:toast@toast-new:FM updated] FM updated
2026/06/16 05:22:49.639629 [Simulation:Info:toast@toast-new:Simulation not generated] Magnitude 5.44 of event bmg2026lqqs is smaller than triggerMinMagnitude: no automatic simulation
2026/06/18 08:49:23.217606 [Incident:Info:toast@toast-new:Incident removed] Removed incident - Bye
