2026/06/08 11:49:32.869340 [Incident:Info:toast@toast-new:Displacement(s) updated] Added 0 and changed 0 displacements with 0 amplitudes
2026/06/08 11:49:32.872875 [Incident:Info:toast@toast-new:Incident created] Incident created based on event received from messaging: OT: 2026-06-08 04:46:35,  Lat/Lon: 5.72°/125.11°, Depth: 139.71, Mag: 5.77 (M)
2026/06/08 11:49:32.873463 [Simulation:Info:toast@toast-new:Simulation not generated] Magnitude 5.77 of event bmg2026lday is smaller than triggerMinMagnitude: no automatic simulation
2026/06/08 11:49:32.890700 [Incident:Info:toast@toast-new:Origin updated] Origin updated: OT: 2026-06-08 04:46:35,  Lat/Lon: 5.72337°/125.11°, Depth: 139.713
2026/06/08 11:49:32.890806 [Simulation:Info:toast@toast-new:Simulation not generated] Magnitude 5.77 of event bmg2026lday is smaller than triggerMinMagnitude: no automatic simulation
2026/06/08 11:49:40.389800 [Incident:Info:toast@toast-new:Origin updated] Origin updated: OT: 2026-06-08 04:46:35,  Lat/Lon: 5.72337°/125.11°, Depth: 139.713
2026/06/08 11:49:40.389945 [Incident:Info:toast@toast-new:Magnitude updated] Magnitude updated: 5.78 (M)
2026/06/08 11:49:40.389977 [Simulation:Info:toast@toast-new:Simulation not generated] Magnitude 5.78 of event bmg2026lday is smaller than triggerMinMagnitude: no automatic simulation
2026/06/08 11:49:42.051024 [Incident:Info:toast@toast-new:Origin updated] Origin updated: OT: 2026-06-08 04:46:37,  Lat/Lon: 5.5953°/125.045°, Depth: 116.634
2026/06/08 11:49:42.051238 [Incident:Info:toast@toast-new:Magnitude updated] Magnitude updated: 5.73 (M)
2026/06/08 11:49:42.051287 [Simulation:Info:toast@toast-new:Simulation not generated] Magnitude 5.73 of event bmg2026lday is smaller than triggerMinMagnitude: no automatic simulation
2026/06/08 11:49:53.494610 [Incident:Info:toast@toast-new:Origin updated] Origin updated: OT: 2026-06-08 04:46:37,  Lat/Lon: 5.58195°/125.054°, Depth: 112.04
2026/06/08 11:49:53.494862 [Incident:Info:toast@toast-new:Magnitude updated] Magnitude updated: 5.72 (M)
2026/06/08 11:49:53.494932 [Simulation:Info:toast@toast-new:Simulation not generated] Magnitude 5.72 of event bmg2026lday is smaller than triggerMinMagnitude: no automatic simulation
2026/06/08 11:49:59.049876 [Incident:Info:toast@toast-new:Origin updated] Origin updated: OT: 2026-06-08 04:46:37,  Lat/Lon: 5.58195°/125.054°, Depth: 112.04
2026/06/08 11:49:59.050068 [Incident:Info:toast@toast-new:Magnitude updated] Magnitude updated: 5.69 (M)
2026/06/08 11:49:59.050108 [Simulation:Info:toast@toast-new:Simulation not generated] Magnitude 5.69 of event bmg2026lday is smaller than triggerMinMagnitude: no automatic simulation
2026/06/08 11:50:04.012179 [Incident:Info:toast@toast-new:Origin updated] Origin updated: OT: 2026-06-08 04:46:37,  Lat/Lon: 5.58195°/125.054°, Depth: 112.04
2026/06/08 11:50:04.012370 [Incident:Info:toast@toast-new:Magnitude updated] Magnitude updated: 5.69 (M)
2026/06/08 11:50:04.012416 [Simulation:Info:toast@toast-new:Simulation not generated] Magnitude 5.69 of event bmg2026lday is smaller than triggerMinMagnitude: no automatic simulation
2026/06/08 11:50:08.913577 [Incident:Info:toast@toast-new:Origin updated] Origin updated: OT: 2026-06-08 04:46:37,  Lat/Lon: 5.58195°/125.054°, Depth: 112.04
2026/06/08 11:50:08.913781 [Incident:Info:toast@toast-new:Magnitude updated] Magnitude updated: 5.66 (M)
2026/06/08 11:50:08.913828 [Simulation:Info:toast@toast-new:Simulation not generated] Magnitude 5.66 of event bmg2026lday is smaller than triggerMinMagnitude: no automatic simulation
2026/06/08 11:50:14.046403 [Incident:Info:toast@toast-new:Origin updated] Origin updated: OT: 2026-06-08 04:46:37,  Lat/Lon: 5.58195°/125.054°, Depth: 112.04
2026/06/08 11:50:14.046630 [Incident:Info:toast@toast-new:Magnitude updated] Magnitude updated: 5.66 (M)
2026/06/08 11:50:14.046677 [Simulation:Info:toast@toast-new:Simulation not generated] Magnitude 5.66 of event bmg2026lday is smaller than triggerMinMagnitude: no automatic simulation
2026/06/08 11:50:19.012506 [Incident:Info:toast@toast-new:Origin updated] Origin updated: OT: 2026-06-08 04:46:37,  Lat/Lon: 5.58195°/125.054°, Depth: 112.04
2026/06/08 11:50:19.012727 [Incident:Info:toast@toast-new:Magnitude updated] Magnitude updated: 5.66 (M)
2026/06/08 11:50:19.012776 [Simulation:Info:toast@toast-new:Simulation not generated] Magnitude 5.66 of event bmg2026lday is smaller than triggerMinMagnitude: no automatic simulation
2026/06/08 11:50:23.973997 [Incident:Info:toast@toast-new:Origin updated] Origin updated: OT: 2026-06-08 04:46:37,  Lat/Lon: 5.58195°/125.054°, Depth: 112.04
2026/06/08 11:50:23.974858 [Incident:Info:toast@toast-new:Magnitude updated] Magnitude updated: 5.64 (M)
2026/06/08 11:50:23.974935 [Simulation:Info:toast@toast-new:Simulation not generated] Magnitude 5.64 of event bmg2026lday is smaller than triggerMinMagnitude: no automatic simulation
2026/06/08 11:50:26.887200 [Incident:Info:toast@toast-new:Origin updated] Origin updated: OT: 2026-06-08 04:46:37,  Lat/Lon: 5.58195°/125.054°, Depth: 112.04
2026/06/08 11:50:26.887376 [Incident:Info:toast@toast-new:Magnitude updated] Magnitude updated: 5.64 (M)
2026/06/08 11:50:26.887413 [Simulation:Info:toast@toast-new:Simulation not generated] Magnitude 5.64 of event bmg2026lday is smaller than triggerMinMagnitude: no automatic simulation
2026/06/08 11:50:34.110756 [Incident:Info:toast@toast-new:Origin updated] Origin updated: OT: 2026-06-08 04:46:37,  Lat/Lon: 5.58195°/125.054°, Depth: 112.04
2026/06/08 11:50:34.110981 [Incident:Info:toast@toast-new:Magnitude updated] Magnitude updated: 5.64 (M)
2026/06/08 11:50:34.111033 [Simulation:Info:toast@toast-new:Simulation not generated] Magnitude 5.64 of event bmg2026lday is smaller than triggerMinMagnitude: no automatic simulation
2026/06/08 11:50:48.989307 [Incident:Info:toast@toast-new:Origin updated] Origin updated: OT: 2026-06-08 04:46:37,  Lat/Lon: 5.58195°/125.054°, Depth: 112.04
2026/06/08 11:50:48.989498 [Incident:Info:toast@toast-new:Magnitude updated] Magnitude updated: 5.65 (M)
2026/06/08 11:50:48.989538 [Simulation:Info:toast@toast-new:Simulation not generated] Magnitude 5.65 of event bmg2026lday is smaller than triggerMinMagnitude: no automatic simulation
2026/06/08 11:51:09.413206 [Incident:Info:toast@toast-new:Origin updated] Origin updated: OT: 2026-06-08 04:46:46,  Lat/Lon: 4.69653°/125.289°, Depth: 10
2026/06/08 11:51:09.413404 [Incident:Info:toast@toast-new:Magnitude updated] Magnitude updated: 5.67 (M)
2026/06/08 11:51:09.413443 [Simulation:Info:toast@toast-new:Simulation not generated] Magnitude 5.67 of event bmg2026lday is smaller than triggerMinMagnitude: no automatic simulation
2026/06/08 11:51:14.047153 [Incident:Info:toast@toast-new:Origin updated] Origin updated: OT: 2026-06-08 04:46:46,  Lat/Lon: 4.69653°/125.289°, Depth: 10
2026/06/08 11:51:14.047343 [Incident:Info:toast@toast-new:Magnitude updated] Magnitude updated: 5.69 (M)
2026/06/08 11:51:14.047385 [Simulation:Info:toast@toast-new:Simulation not generated] Magnitude 5.69 of event bmg2026lday is smaller than triggerMinMagnitude: no automatic simulation
2026/06/08 11:51:19.094268 [Incident:Info:toast@toast-new:Origin updated] Origin updated: OT: 2026-06-08 04:46:46,  Lat/Lon: 4.69653°/125.289°, Depth: 10
2026/06/08 11:51:19.094453 [Incident:Info:toast@toast-new:Magnitude updated] Magnitude updated: 5.69 (M)
2026/06/08 11:51:19.094492 [Simulation:Info:toast@toast-new:Simulation not generated] Magnitude 5.69 of event bmg2026lday is smaller than triggerMinMagnitude: no automatic simulation
2026/06/08 11:51:24.091840 [Incident:Info:toast@toast-new:Origin updated] Origin updated: OT: 2026-06-08 04:46:46,  Lat/Lon: 4.69653°/125.289°, Depth: 10
2026/06/08 11:51:24.093555 [Incident:Info:toast@toast-new:Magnitude updated] Magnitude updated: 5.70 (M)
2026/06/08 11:51:24.093605 [Simulation:Info:toast@toast-new:Simulation not generated] Magnitude 5.70 of event bmg2026lday is smaller than triggerMinMagnitude: no automatic simulation
2026/06/08 11:51:26.899069 [Incident:Info:toast@toast-new:Origin updated] Origin updated: OT: 2026-06-08 04:46:46,  Lat/Lon: 4.70903°/125.3°, Depth: 10
2026/06/08 11:51:26.899258 [Incident:Info:toast@toast-new:Magnitude updated] Magnitude updated: 5.72 (M)
2026/06/08 11:51:26.899317 [Simulation:Info:toast@toast-new:Simulation not generated] Magnitude 5.72 of event bmg2026lday is smaller than triggerMinMagnitude: no automatic simulation
2026/06/08 11:51:29.005326 [Incident:Info:toast@toast-new:Origin updated] Origin updated: OT: 2026-06-08 04:46:46,  Lat/Lon: 4.70903°/125.3°, Depth: 10
2026/06/08 11:51:29.005510 [Incident:Info:toast@toast-new:Magnitude updated] Magnitude updated: 5.72 (M)
2026/06/08 11:51:29.005549 [Simulation:Info:toast@toast-new:Simulation not generated] Magnitude 5.72 of event bmg2026lday is smaller than triggerMinMagnitude: no automatic simulation
2026/06/08 11:51:34.109987 [Incident:Info:toast@toast-new:Origin updated] Origin updated: OT: 2026-06-08 04:46:46,  Lat/Lon: 4.70903°/125.3°, Depth: 10
2026/06/08 11:51:34.110183 [Incident:Info:toast@toast-new:Magnitude updated] Magnitude updated: 5.71 (Mw(mB))
2026/06/08 11:51:34.110241 [Simulation:Info:toast@toast-new:Simulation not generated] Magnitude 5.71 of event bmg2026lday is smaller than triggerMinMagnitude: no automatic simulation
2026/06/08 11:51:34.132026 [Incident:Info:toast@toast-new:Origin updated] Origin updated: OT: 2026-06-08 04:46:46,  Lat/Lon: 4.70903°/125.3°, Depth: 10
2026/06/08 11:51:34.132190 [Simulation:Info:toast@toast-new:Simulation not generated] Magnitude 5.71 of event bmg2026lday is smaller than triggerMinMagnitude: no automatic simulation
2026/06/08 11:51:37.965110 [Incident:Info:toast@toast-new:Origin updated] Origin updated: OT: 2026-06-08 04:46:46,  Lat/Lon: 4.70903°/125.3°, Depth: 10
2026/06/08 11:51:37.965308 [Incident:Info:toast@toast-new:Magnitude updated] Magnitude updated: 5.72 (Mw(mB))
2026/06/08 11:51:37.965352 [Simulation:Info:toast@toast-new:Simulation not generated] Magnitude 5.72 of event bmg2026lday is smaller than triggerMinMagnitude: no automatic simulation
2026/06/08 11:51:38.898283 [Incident:Info:toast@toast-new:Origin updated] Origin updated: OT: 2026-06-08 04:46:46,  Lat/Lon: 4.70903°/125.3°, Depth: 10
2026/06/08 11:51:38.898467 [Incident:Info:toast@toast-new:Magnitude updated] Magnitude updated: 5.73 (Mw(mB))
2026/06/08 11:51:38.898507 [Simulation:Info:toast@toast-new:Simulation not generated] Magnitude 5.73 of event bmg2026lday is smaller than triggerMinMagnitude: no automatic simulation
2026/06/08 11:51:44.118933 [Incident:Info:toast@toast-new:Origin updated] Origin updated: OT: 2026-06-08 04:46:46,  Lat/Lon: 4.70903°/125.3°, Depth: 10
2026/06/08 11:51:44.119137 [Incident:Info:toast@toast-new:Magnitude updated] Magnitude updated: 5.75 (Mw(mB))
2026/06/08 11:51:44.119189 [Simulation:Info:toast@toast-new:Simulation not generated] Magnitude 5.75 of event bmg2026lday is smaller than triggerMinMagnitude: no automatic simulation
2026/06/08 11:51:48.990062 [Incident:Info:toast@toast-new:Origin updated] Origin updated: OT: 2026-06-08 04:46:46,  Lat/Lon: 4.70903°/125.3°, Depth: 10
2026/06/08 11:51:48.990239 [Incident:Info:toast@toast-new:Magnitude updated] Magnitude updated: 5.76 (Mw(mB))
2026/06/08 11:51:48.990278 [Simulation:Info:toast@toast-new:Simulation not generated] Magnitude 5.76 of event bmg2026lday is smaller than triggerMinMagnitude: no automatic simulation
2026/06/08 11:51:53.915697 [Incident:Info:toast@toast-new:Origin updated] Origin updated: OT: 2026-06-08 04:46:46,  Lat/Lon: 4.70903°/125.3°, Depth: 10
2026/06/08 11:51:53.915911 [Incident:Info:toast@toast-new:Magnitude updated] Magnitude updated: 5.76 (Mw(mB))
2026/06/08 11:51:53.915958 [Simulation:Info:toast@toast-new:Simulation not generated] Magnitude 5.76 of event bmg2026lday is smaller than triggerMinMagnitude: no automatic simulation
2026/06/08 11:51:57.685852 [Incident:Info:toast@toast-new:Origin updated] Origin updated: OT: 2026-06-08 04:46:48,  Lat/Lon: 4.73943°/125.299°, Depth: 29.2502
2026/06/08 11:51:57.686061 [Incident:Info:toast@toast-new:Magnitude updated] Magnitude updated: 5.79 (Mw(mB))
2026/06/08 11:51:57.686108 [Simulation:Info:toast@toast-new:Simulation not generated] Magnitude 5.79 of event bmg2026lday is smaller than triggerMinMagnitude: no automatic simulation
2026/06/08 11:51:58.948892 [Incident:Info:toast@toast-new:Origin updated] Origin updated: OT: 2026-06-08 04:46:48,  Lat/Lon: 4.73943°/125.299°, Depth: 29.2502
2026/06/08 11:51:58.949049 [Incident:Info:toast@toast-new:Magnitude updated] Magnitude updated: 5.80 (Mw(mB))
2026/06/08 11:51:58.949092 [Simulation:Info:toast@toast-new:Simulation not generated] Magnitude 5.80 of event bmg2026lday is smaller than triggerMinMagnitude: no automatic simulation
2026/06/08 11:52:03.235893 [Incident:Info:toast@toast-new:Origin updated] Origin updated: OT: 2026-06-08 04:46:48,  Lat/Lon: 4.73943°/125.299°, Depth: 29.2502
2026/06/08 11:52:03.236042 [Incident:Info:toast@toast-new:Magnitude updated] Magnitude updated: 5.80 (Mw(mB))
2026/06/08 11:52:03.236074 [Simulation:Info:toast@toast-new:Simulation not generated] Magnitude 5.80 of event bmg2026lday is smaller than triggerMinMagnitude: no automatic simulation
2026/06/08 11:54:02.397226 [Incident:Info:toast@toast-new:Origin updated] Origin updated: OT: 2026-06-08 04:46:48,  Lat/Lon: 4.73943°/125.299°, Depth: 29.2502
2026/06/08 11:54:02.397413 [Incident:Info:toast@toast-new:FM updated] FM updated
2026/06/08 11:54:02.397628 [Simulation:Info:toast@toast-new:Simulation not generated] Magnitude 5.80 of event bmg2026lday is smaller than triggerMinMagnitude: no automatic simulation
2026/06/08 11:54:05.977714 [Incident:Info:toast@toast-new:Origin updated] Origin updated: OT: 2026-06-08 04:46:48,  Lat/Lon: 4.73943°/125.299°, Depth: 29.2502
2026/06/08 11:54:05.977846 [Incident:Info:toast@toast-new:FM updated] FM updated
2026/06/08 11:54:05.978021 [Simulation:Info:toast@toast-new:Simulation not generated] Magnitude 5.80 of event bmg2026lday is smaller than triggerMinMagnitude: no automatic simulation
2026/06/08 11:54:16.097821 [Incident:Info:toast@toast-new:Origin updated] Origin updated: OT: 2026-06-08 04:46:48,  Lat/Lon: 4.73943°/125.299°, Depth: 29.2502
2026/06/08 11:54:16.098001 [Incident:Info:toast@toast-new:FM updated] FM updated
2026/06/08 11:54:16.098207 [Simulation:Info:toast@toast-new:Simulation not generated] Magnitude 5.80 of event bmg2026lday is smaller than triggerMinMagnitude: no automatic simulation
2026/06/08 11:54:35.035091 [Incident:Info:toast@toast-new:Origin updated] Origin updated: OT: 2026-06-08 04:46:48,  Lat/Lon: 4.73943°/125.299°, Depth: 29.2502
2026/06/08 11:54:35.035255 [Incident:Info:toast@toast-new:FM updated] FM updated
2026/06/08 11:54:35.035429 [Simulation:Info:toast@toast-new:Simulation not generated] Magnitude 5.80 of event bmg2026lday is smaller than triggerMinMagnitude: no automatic simulation
2026/06/08 11:54:46.775594 [Incident:Info:toast@toast-new:Origin updated] Origin updated: OT: 2026-06-08 04:46:48,  Lat/Lon: 4.73943°/125.299°, Depth: 29.2502
2026/06/08 11:54:46.775730 [Incident:Info:toast@toast-new:FM updated] FM updated
2026/06/08 11:54:46.775919 [Simulation:Info:toast@toast-new:Simulation not generated] Magnitude 5.80 of event bmg2026lday is smaller than triggerMinMagnitude: no automatic simulation
2026/06/08 11:54:57.297974 [Incident:Info:toast@toast-new:Origin updated] Origin updated: OT: 2026-06-08 04:46:48,  Lat/Lon: 4.73943°/125.299°, Depth: 29.2502
2026/06/08 11:54:57.298170 [Incident:Info:toast@toast-new:FM updated] FM updated
2026/06/08 11:54:57.298411 [Simulation:Info:toast@toast-new:Simulation not generated] Magnitude 5.80 of event bmg2026lday is smaller than triggerMinMagnitude: no automatic simulation
2026/06/08 11:55:27.272144 [Incident:Info:toast@toast-new:Origin updated] Origin updated: OT: 2026-06-08 04:46:48,  Lat/Lon: 4.73943°/125.299°, Depth: 29.2502
2026/06/08 11:55:27.272346 [Incident:Info:toast@toast-new:FM updated] FM updated
2026/06/08 11:55:27.272601 [Simulation:Info:toast@toast-new:Simulation not generated] Magnitude 5.80 of event bmg2026lday is smaller than triggerMinMagnitude: no automatic simulation
2026/06/08 11:55:37.567391 [Incident:Info:toast@toast-new:Origin updated] Origin updated: OT: 2026-06-08 04:46:48,  Lat/Lon: 4.73943°/125.299°, Depth: 29.2502
2026/06/08 11:55:37.567605 [Incident:Info:toast@toast-new:FM updated] FM updated
2026/06/08 11:55:37.567811 [Simulation:Info:toast@toast-new:Simulation not generated] Magnitude 5.80 of event bmg2026lday is smaller than triggerMinMagnitude: no automatic simulation
2026/06/08 11:55:47.486555 [Incident:Info:toast@toast-new:Origin updated] Origin updated: OT: 2026-06-08 04:46:48,  Lat/Lon: 4.73943°/125.299°, Depth: 29.2502
2026/06/08 11:55:47.486754 [Incident:Info:toast@toast-new:FM updated] FM updated
2026/06/08 11:55:47.486983 [Simulation:Info:toast@toast-new:Simulation not generated] Magnitude 5.80 of event bmg2026lday is smaller than triggerMinMagnitude: no automatic simulation
2026/06/08 11:55:57.855911 [Incident:Info:toast@toast-new:Origin updated] Origin updated: OT: 2026-06-08 04:46:48,  Lat/Lon: 4.73943°/125.299°, Depth: 29.2502
2026/06/08 11:55:57.856072 [Simulation:Info:toast@toast-new:Simulation not generated] Magnitude 5.80 of event bmg2026lday is smaller than triggerMinMagnitude: no automatic simulation
2026/06/08 11:56:07.119742 [Incident:Info:toast@toast-new:Origin updated] Origin updated: OT: 2026-06-08 04:46:48,  Lat/Lon: 4.73943°/125.299°, Depth: 29.2502
2026/06/08 11:56:07.119931 [Incident:Info:toast@toast-new:FM updated] FM updated
2026/06/08 11:56:07.120157 [Simulation:Info:toast@toast-new:Simulation not generated] Magnitude 5.80 of event bmg2026lday is smaller than triggerMinMagnitude: no automatic simulation
2026/06/08 11:56:17.184865 [Incident:Info:toast@toast-new:Origin updated] Origin updated: OT: 2026-06-08 04:46:48,  Lat/Lon: 4.73943°/125.299°, Depth: 29.2502
2026/06/08 11:56:17.185017 [Simulation:Info:toast@toast-new:Simulation not generated] Magnitude 5.80 of event bmg2026lday is smaller than triggerMinMagnitude: no automatic simulation
2026/06/08 11:56:27.745094 [Incident:Info:toast@toast-new:Origin updated] Origin updated: OT: 2026-06-08 04:46:48,  Lat/Lon: 4.73943°/125.299°, Depth: 29.2502
2026/06/08 11:56:27.745275 [Simulation:Info:toast@toast-new:Simulation not generated] Magnitude 5.80 of event bmg2026lday is smaller than triggerMinMagnitude: no automatic simulation
2026/06/08 11:56:37.636176 [Incident:Info:toast@toast-new:Origin updated] Origin updated: OT: 2026-06-08 04:46:48,  Lat/Lon: 4.73943°/125.299°, Depth: 29.2502
2026/06/08 11:56:37.636357 [Simulation:Info:toast@toast-new:Simulation not generated] Magnitude 5.80 of event bmg2026lday is smaller than triggerMinMagnitude: no automatic simulation
2026/06/08 11:56:48.597105 [Incident:Info:toast@toast-new:Origin updated] Origin updated: OT: 2026-06-08 04:46:48,  Lat/Lon: 4.73943°/125.299°, Depth: 29.2502
2026/06/08 11:56:48.597290 [Incident:Info:toast@toast-new:FM updated] FM updated
2026/06/08 11:56:48.597517 [Simulation:Info:toast@toast-new:Simulation not generated] Magnitude 5.80 of event bmg2026lday is smaller than triggerMinMagnitude: no automatic simulation
2026/06/08 11:57:09.422025 [Incident:Info:toast@toast-new:Origin updated] Origin updated: OT: 2026-06-08 04:46:48,  Lat/Lon: 4.73943°/125.299°, Depth: 29.2502
2026/06/08 11:57:09.422233 [Simulation:Info:toast@toast-new:Simulation not generated] Magnitude 5.80 of event bmg2026lday is smaller than triggerMinMagnitude: no automatic simulation
2026/06/08 11:57:12.649805 [Incident:Info:toast@toast-new:Origin updated] Origin updated: OT: 2026-06-08 04:46:48,  Lat/Lon: 4.73943°/125.299°, Depth: 29.2502
2026/06/08 11:57:12.649986 [Incident:Info:toast@toast-new:FM updated] FM updated
2026/06/08 11:57:12.650199 [Simulation:Info:toast@toast-new:Simulation not generated] Magnitude 5.80 of event bmg2026lday is smaller than triggerMinMagnitude: no automatic simulation
2026/06/08 11:58:41.372377 [Incident:Info:toast@toast-new:Origin updated] Origin updated: OT: 2026-06-08 04:46:48,  Lat/Lon: 4.73943°/125.299°, Depth: 29.2502
2026/06/08 11:58:41.372586 [Incident:Info:toast@toast-new:FM updated] FM updated
2026/06/08 11:58:41.372870 [Simulation:Info:toast@toast-new:Simulation not generated] Magnitude 5.80 of event bmg2026lday is smaller than triggerMinMagnitude: no automatic simulation
2026/06/08 16:46:54.186961 [Incident:Info:toast@toast-new:Origin updated] Origin updated: OT: 2026-06-08 04:46:42,  Lat/Lon: 4.88695°/125.277°, Depth: 10
2026/06/08 16:46:54.198262 [Incident:Info:toast@toast-new:Magnitude updated] Magnitude updated: 5.71 (mb)
2026/06/08 16:46:54.208538 [Simulation:Info:toast@toast-new:Simulation not generated] Magnitude 5.71 of event bmg2026lday is smaller than triggerMinMagnitude: no automatic simulation
2026/06/08 16:46:54.227938 [Incident:Info:toast@toast-new:Origin updated] Origin updated: OT: 2026-06-08 04:46:42,  Lat/Lon: 4.88695°/125.277°, Depth: 10
2026/06/08 16:46:54.237466 [Incident:Info:toast@toast-new:Magnitude updated] Magnitude updated: 5.68 (M)
2026/06/08 16:46:54.246495 [Simulation:Info:toast@toast-new:Simulation not generated] Magnitude 5.68 of event bmg2026lday is smaller than triggerMinMagnitude: no automatic simulation
2026/06/08 16:47:02.227810 [Incident:Info:toast@toast-new:Origin updated] Origin updated: OT: 2026-06-08 04:46:42,  Lat/Lon: 4.88695°/125.277°, Depth: 10
2026/06/08 16:47:02.242812 [Incident:Info:toast@toast-new:Magnitude updated] Magnitude updated: 5.71 (mb)
2026/06/08 16:47:02.253501 [Simulation:Info:toast@toast-new:Simulation not generated] Magnitude 5.71 of event bmg2026lday is smaller than triggerMinMagnitude: no automatic simulation
2026/06/08 17:53:47.761300 [Incident:Info:toast@toast-new:Origin updated] Origin updated: OT: 2026-06-08 04:46:42,  Lat/Lon: 4.88695°/125.277°, Depth: 10
2026/06/08 17:53:47.773360 [Incident:Info:toast@toast-new:Magnitude updated] Magnitude updated: 5.71 (mb)
2026/06/08 17:53:47.784517 [Incident:Info:toast@toast-new:FM updated] FM updated
2026/06/08 17:53:47.795241 [Simulation:Info:toast@toast-new:Simulation not generated] Magnitude 5.71 of event bmg2026lday is smaller than triggerMinMagnitude: no automatic simulation
2026/06/08 17:53:59.417509 [Incident:Info:toast@toast-new:Origin updated] Origin updated: OT: 2026-06-08 04:46:42,  Lat/Lon: 4.88695°/125.277°, Depth: 10
2026/06/08 17:53:59.432103 [Simulation:Info:toast@toast-new:Simulation not generated] Magnitude 5.71 of event bmg2026lday is smaller than triggerMinMagnitude: no automatic simulation
