2026/08/15 05:15:29.085968 [Incident:Info:toast@toast-new:Displacement(s) updated] Added 0 and changed 0 displacements with 0 amplitudes
2026/08/15 05:15:29.087905 [Incident:Info:toast@toast-new:Incident created] Incident created based on event received from messaging: OT: 2026-08-14 22:13:53,  Lat/Lon: -8.16°/120.13°, Depth: 10.00, Mag: 6.12 (M)
2026/08/15 05:15:29.088560 [Simulation:Info:toast@toast-new:Simulation not generated] Magnitude 6.12 of event bmg2026pwue is smaller than triggerMinMagnitude: no automatic simulation
2026/08/15 05:15:29.108884 [Incident:Info:toast@toast-new:Origin updated] Origin updated: OT: 2026-08-14 22:13:53,  Lat/Lon: -8.15791°/120.128°, Depth: 10
2026/08/15 05:15:29.109027 [Simulation:Info:toast@toast-new:Simulation not generated] Magnitude 6.12 of event bmg2026pwue is smaller than triggerMinMagnitude: no automatic simulation
2026/08/15 05:15:34.623929 [Incident:Info:toast@toast-new:Origin updated] Origin updated: OT: 2026-08-14 22:13:53,  Lat/Lon: -8.15791°/120.128°, Depth: 10
2026/08/15 05:15:34.624120 [Incident:Info:toast@toast-new:Magnitude updated] Magnitude updated: 6.12 (M)
2026/08/15 05:15:34.624163 [Simulation:Info:toast@toast-new:Simulation not generated] Magnitude 6.12 of event bmg2026pwue is smaller than triggerMinMagnitude: no automatic simulation
2026/08/15 05:15:37.601999 [Incident:Info:toast@toast-new:Origin updated] Origin updated: OT: 2026-08-14 22:13:53,  Lat/Lon: -8.13559°/120.11°, Depth: 10
2026/08/15 05:15:37.602174 [Incident:Info:toast@toast-new:Magnitude updated] Magnitude updated: 6.17 (M)
2026/08/15 05:15:37.602227 [Simulation:Info:toast@toast-new:Simulation not generated] Magnitude 6.17 of event bmg2026pwue is smaller than triggerMinMagnitude: no automatic simulation
2026/08/15 05:15:39.637926 [Incident:Info:toast@toast-new:Origin updated] Origin updated: OT: 2026-08-14 22:13:53,  Lat/Lon: -8.13559°/120.11°, Depth: 10
2026/08/15 05:15:39.638118 [Incident:Info:toast@toast-new:Magnitude updated] Magnitude updated: 6.18 (M)
2026/08/15 05:15:39.638165 [Simulation:Info:toast@toast-new:Simulation not generated] Magnitude 6.18 of event bmg2026pwue is smaller than triggerMinMagnitude: no automatic simulation
2026/08/15 05:15:44.624755 [Incident:Info:toast@toast-new:Origin updated] Origin updated: OT: 2026-08-14 22:13:53,  Lat/Lon: -8.13559°/120.11°, Depth: 10
2026/08/15 05:15:44.624963 [Incident:Info:toast@toast-new:Magnitude updated] Magnitude updated: 6.20 (M)
2026/08/15 05:15:44.625012 [Simulation:Info:toast@toast-new:Simulation not generated] Magnitude 6.20 of event bmg2026pwue is smaller than triggerMinMagnitude: no automatic simulation
2026/08/15 05:15:49.664550 [Incident:Info:toast@toast-new:Origin updated] Origin updated: OT: 2026-08-14 22:13:53,  Lat/Lon: -8.13559°/120.11°, Depth: 10
2026/08/15 05:15:49.664740 [Incident:Info:toast@toast-new:Magnitude updated] Magnitude updated: 6.21 (M)
2026/08/15 05:15:49.664786 [Simulation:Info:toast@toast-new:Simulation not generated] Magnitude 6.21 of event bmg2026pwue is smaller than triggerMinMagnitude: no automatic simulation
2026/08/15 05:15:51.510032 [Incident:Info:toast@toast-new:Origin updated] Origin updated: OT: 2026-08-14 22:13:53,  Lat/Lon: -8.13559°/120.11°, Depth: 10
2026/08/15 05:15:51.510242 [Incident:Info:toast@toast-new:Magnitude updated] Magnitude updated: 6.23 (M)
2026/08/15 05:15:51.510287 [Simulation:Info:toast@toast-new:Simulation not generated] Magnitude 6.23 of event bmg2026pwue is smaller than triggerMinMagnitude: no automatic simulation
2026/08/15 05:15:51.539673 [Incident:Info:toast@toast-new:Origin updated] Origin updated: OT: 2026-08-14 22:13:53,  Lat/Lon: -8.12689°/120.099°, Depth: 10
2026/08/15 05:15:51.539806 [Incident:Info:toast@toast-new:Magnitude updated] Magnitude updated: 6.22 (M)
2026/08/15 05:15:51.539840 [Simulation:Info:toast@toast-new:Simulation not generated] Magnitude 6.22 of event bmg2026pwue is smaller than triggerMinMagnitude: no automatic simulation
2026/08/15 05:15:54.717284 [Incident:Info:toast@toast-new:Origin updated] Origin updated: OT: 2026-08-14 22:13:53,  Lat/Lon: -8.12689°/120.099°, Depth: 10
2026/08/15 05:15:54.717475 [Incident:Info:toast@toast-new:Magnitude updated] Magnitude updated: 6.23 (M)
2026/08/15 05:15:54.717509 [Simulation:Info:toast@toast-new:Simulation not generated] Magnitude 6.23 of event bmg2026pwue is smaller than triggerMinMagnitude: no automatic simulation
2026/08/15 05:15:59.651519 [Incident:Info:toast@toast-new:Origin updated] Origin updated: OT: 2026-08-14 22:13:53,  Lat/Lon: -8.12689°/120.099°, Depth: 10
2026/08/15 05:15:59.651775 [Incident:Info:toast@toast-new:Magnitude updated] Magnitude updated: 6.23 (M)
2026/08/15 05:15:59.651850 [Simulation:Info:toast@toast-new:Simulation not generated] Magnitude 6.23 of event bmg2026pwue is smaller than triggerMinMagnitude: no automatic simulation
2026/08/15 05:16:04.656706 [Incident:Info:toast@toast-new:Origin updated] Origin updated: OT: 2026-08-14 22:13:53,  Lat/Lon: -8.12689°/120.099°, Depth: 10
2026/08/15 05:16:04.656915 [Incident:Info:toast@toast-new:Magnitude updated] Magnitude updated: 6.24 (M)
2026/08/15 05:16:04.656963 [Simulation:Info:toast@toast-new:Simulation not generated] Magnitude 6.24 of event bmg2026pwue is smaller than triggerMinMagnitude: no automatic simulation
2026/08/15 05:16:07.468819 [Simulation:Info:toast@toast-new:Simulation(s) triggered] Automatic simulation(s) triggered manually
2026/08/15 05:16:07.469618 [Simulation:Info:toast@toast-new:Simulation(s) started] No nodal plane available. Starting Simulation(s) with fault plane, Lat/Lon: -8.13°/ 120.10° (MT), Depth: 10.00km (MT), Mag: 6.24 (MT)
2026/08/15 05:16:07.472984 [Simulation:Info:toast@toast-new:Simulation running] TsunAWI: Looking for matching scenarios
2026/08/15 05:16:07.477245 [Simulation:Info:toast@toast-new:Simulation finished] TsunAWI: No matching scenarios
2026/08/15 05:16:07.480249 [Simulation:Info:toast@toast-new:No simulation returned] TsunAWI simulation backend returned no simulation.
2026/08/15 05:16:07.563104 [Simulation:Info:toast@toast-new:Simulation tracked] Tracking progress of EasyWave2 simulation 62008010S120122E9b75313400bbf0b8b32181a7644300bd64be04e1
2026/08/15 05:16:07.569496 [Simulation:Info:toast@toast-new:Simulation tracked] Tracking progress of EasyWave2 simulation 62008010S120122Ed01a297bb956703287a842f3956a058c0b96c1ce
2026/08/15 05:16:08.853759 [Incident:Info:toast@toast-new:Origin updated] Origin updated: OT: 2026-08-14 22:13:53,  Lat/Lon: -8.11715°/120.109°, Depth: 10
2026/08/15 05:16:08.853957 [Incident:Info:toast@toast-new:Magnitude updated] Magnitude updated: 6.34 (M)
2026/08/15 05:16:08.854016 [Simulation:Info:toast@toast-new:Simulation not generated] Magnitude 6.34 of event bmg2026pwue is smaller than triggerMinMagnitude: no automatic simulation
2026/08/15 05:16:09.677039 [Incident:Info:toast@toast-new:Origin updated] Origin updated: OT: 2026-08-14 22:13:53,  Lat/Lon: -8.11715°/120.109°, Depth: 10
2026/08/15 05:16:09.677216 [Incident:Info:toast@toast-new:Magnitude updated] Magnitude updated: 6.34 (M)
2026/08/15 05:16:09.677259 [Simulation:Info:toast@toast-new:Simulation not generated] Magnitude 6.34 of event bmg2026pwue is smaller than triggerMinMagnitude: no automatic simulation
2026/08/15 05:16:14.653111 [Incident:Info:toast@toast-new:Origin updated] Origin updated: OT: 2026-08-14 22:13:53,  Lat/Lon: -8.11715°/120.109°, Depth: 10
2026/08/15 05:16:14.653306 [Incident:Info:toast@toast-new:Magnitude updated] Magnitude updated: 6.35 (M)
2026/08/15 05:16:14.653349 [Simulation:Info:toast@toast-new:Simulation not generated] Magnitude 6.35 of event bmg2026pwue is smaller than triggerMinMagnitude: no automatic simulation
2026/08/15 05:16:15.702917 [Simulation:Info:toast@toast-new:Simulation finished] Finished EasyWave2 simulation 62008010S120122E9b75313400bbf0b8b32181a7644300bd64be04e1 in 8 seconds
2026/08/15 05:16:19.693322 [Incident:Info:toast@toast-new:Origin updated] Origin updated: OT: 2026-08-14 22:13:53,  Lat/Lon: -8.11715°/120.109°, Depth: 10
2026/08/15 05:16:19.693522 [Incident:Info:toast@toast-new:Magnitude updated] Magnitude updated: 6.35 (M)
2026/08/15 05:16:19.693582 [Simulation:Info:toast@toast-new:Simulation not generated] Magnitude 6.35 of event bmg2026pwue is smaller than triggerMinMagnitude: no automatic simulation
2026/08/15 05:16:19.786225 [Bulletin:Error:toast@toast-new:Setup failed] Failed to initialize BMKG NTWC template, NotFoundError:  
2026/08/15 05:16:24.841921 [Incident:Info:toast@toast-new:Origin updated] Origin updated: OT: 2026-08-14 22:13:53,  Lat/Lon: -8.11715°/120.109°, Depth: 10
2026/08/15 05:16:24.842076 [Incident:Info:toast@toast-new:Magnitude updated] Magnitude updated: 6.36 (M)
2026/08/15 05:16:24.842113 [Simulation:Info:toast@toast-new:Simulation not generated] Magnitude 6.36 of event bmg2026pwue is smaller than triggerMinMagnitude: no automatic simulation
2026/08/15 05:16:29.658673 [Incident:Info:toast@toast-new:Origin updated] Origin updated: OT: 2026-08-14 22:13:53,  Lat/Lon: -8.11715°/120.109°, Depth: 10
2026/08/15 05:16:29.658953 [Incident:Info:toast@toast-new:Magnitude updated] Magnitude updated: 6.36 (M)
2026/08/15 05:16:29.659025 [Simulation:Info:toast@toast-new:Simulation not generated] Magnitude 6.36 of event bmg2026pwue is smaller than triggerMinMagnitude: no automatic simulation
2026/08/15 05:16:30.178223 [Incident:Info:toast@toast-new:Origin updated] Origin updated: OT: 2026-08-14 22:13:53,  Lat/Lon: -8.13112°/120.122°, Depth: 10
2026/08/15 05:16:30.178553 [Incident:Info:toast@toast-new:Magnitude updated] Magnitude updated: 6.37 (M)
2026/08/15 05:16:30.178626 [Simulation:Info:toast@toast-new:Simulation not generated] Magnitude 6.37 of event bmg2026pwue is smaller than triggerMinMagnitude: no automatic simulation
2026/08/15 05:16:30.703453 [Simulation:Info:toast@toast-new:Simulation finished] Finished EasyWave2 simulation 62008010S120122Ed01a297bb956703287a842f3956a058c0b96c1ce in 23 seconds
2026/08/15 05:16:34.710536 [Incident:Info:toast@toast-new:Origin updated] Origin updated: OT: 2026-08-14 22:13:53,  Lat/Lon: -8.13112°/120.122°, Depth: 10
2026/08/15 05:16:34.710798 [Incident:Info:toast@toast-new:Magnitude updated] Magnitude updated: 6.37 (M)
2026/08/15 05:16:34.710854 [Simulation:Info:toast@toast-new:Simulation not generated] Magnitude 6.37 of event bmg2026pwue is smaller than triggerMinMagnitude: no automatic simulation
2026/08/15 05:16:39.795452 [Incident:Info:toast@toast-new:Origin updated] Origin updated: OT: 2026-08-14 22:13:53,  Lat/Lon: -8.13112°/120.122°, Depth: 10
2026/08/15 05:16:39.795704 [Incident:Info:toast@toast-new:Magnitude updated] Magnitude updated: 6.38 (M)
2026/08/15 05:16:39.795754 [Simulation:Info:toast@toast-new:Simulation not generated] Magnitude 6.38 of event bmg2026pwue is smaller than triggerMinMagnitude: no automatic simulation
2026/08/15 05:16:44.746752 [Incident:Info:toast@toast-new:Origin updated] Origin updated: OT: 2026-08-14 22:13:53,  Lat/Lon: -8.13112°/120.122°, Depth: 10
2026/08/15 05:16:44.747025 [Incident:Info:toast@toast-new:Magnitude updated] Magnitude updated: 6.39 (M)
2026/08/15 05:16:44.747087 [Simulation:Info:toast@toast-new:Simulation not generated] Magnitude 6.39 of event bmg2026pwue is smaller than triggerMinMagnitude: no automatic simulation
2026/08/15 05:16:49.791286 [Incident:Info:toast@toast-new:Origin updated] Origin updated: OT: 2026-08-14 22:13:53,  Lat/Lon: -8.13112°/120.122°, Depth: 10
2026/08/15 05:16:49.791559 [Incident:Info:toast@toast-new:Magnitude updated] Magnitude updated: 6.39 (M)
2026/08/15 05:16:49.791616 [Simulation:Info:toast@toast-new:Simulation not generated] Magnitude 6.39 of event bmg2026pwue is smaller than triggerMinMagnitude: no automatic simulation
2026/08/15 05:16:54.691265 [Incident:Info:toast@toast-new:Origin updated] Origin updated: OT: 2026-08-14 22:13:53,  Lat/Lon: -8.13112°/120.122°, Depth: 10
2026/08/15 05:16:54.691613 [Incident:Info:toast@toast-new:Magnitude updated] Magnitude updated: 6.39 (M)
2026/08/15 05:16:54.691686 [Simulation:Info:toast@toast-new:Simulation not generated] Magnitude 6.39 of event bmg2026pwue is smaller than triggerMinMagnitude: no automatic simulation
2026/08/15 05:16:57.147797 [Incident:Info:toast@toast-new:Origin updated] Origin updated: OT: 2026-08-14 22:13:53,  Lat/Lon: -8.14162°/120.116°, Depth: 10
2026/08/15 05:16:57.148060 [Incident:Info:toast@toast-new:Magnitude updated] Magnitude updated: 6.43 (M)
2026/08/15 05:16:57.148110 [Simulation:Info:toast@toast-new:Simulation not generated] Magnitude 6.43 of event bmg2026pwue is smaller than triggerMinMagnitude: no automatic simulation
2026/08/15 05:16:59.765785 [Incident:Info:toast@toast-new:Origin updated] Origin updated: OT: 2026-08-14 22:13:53,  Lat/Lon: -8.14162°/120.116°, Depth: 10
2026/08/15 05:16:59.766056 [Incident:Info:toast@toast-new:Magnitude updated] Magnitude updated: 6.43 (M)
2026/08/15 05:16:59.766109 [Simulation:Info:toast@toast-new:Simulation not generated] Magnitude 6.43 of event bmg2026pwue is smaller than triggerMinMagnitude: no automatic simulation
2026/08/15 05:17:04.908652 [Incident:Info:toast@toast-new:Origin updated] Origin updated: OT: 2026-08-14 22:13:53,  Lat/Lon: -8.14162°/120.116°, Depth: 10
2026/08/15 05:17:04.908949 [Incident:Info:toast@toast-new:Magnitude updated] Magnitude updated: 6.44 (M)
2026/08/15 05:17:04.909018 [Simulation:Info:toast@toast-new:Simulation not generated] Magnitude 6.44 of event bmg2026pwue is smaller than triggerMinMagnitude: no automatic simulation
2026/08/15 05:17:09.724340 [Incident:Info:toast@toast-new:Origin updated] Origin updated: OT: 2026-08-14 22:13:53,  Lat/Lon: -8.14162°/120.116°, Depth: 10
2026/08/15 05:17:09.724595 [Incident:Info:toast@toast-new:Magnitude updated] Magnitude updated: 6.44 (M)
2026/08/15 05:17:09.724653 [Simulation:Info:toast@toast-new:Simulation not generated] Magnitude 6.44 of event bmg2026pwue is smaller than triggerMinMagnitude: no automatic simulation
2026/08/15 05:17:14.413746 [Incident:Info:toast@toast-new:Origin updated] Origin updated: OT: 2026-08-14 22:13:53,  Lat/Lon: -8.14162°/120.116°, Depth: 10
2026/08/15 05:17:14.413950 [Incident:Info:toast@toast-new:Magnitude updated] Magnitude updated: 6.44 (M)
2026/08/15 05:17:14.413989 [Simulation:Info:toast@toast-new:Simulation not generated] Magnitude 6.44 of event bmg2026pwue is smaller than triggerMinMagnitude: no automatic simulation
2026/08/15 05:17:19.697541 [Incident:Info:toast@toast-new:Origin updated] Origin updated: OT: 2026-08-14 22:13:53,  Lat/Lon: -8.14162°/120.116°, Depth: 10
2026/08/15 05:17:19.697807 [Incident:Info:toast@toast-new:Magnitude updated] Magnitude updated: 6.44 (M)
2026/08/15 05:17:19.697873 [Simulation:Info:toast@toast-new:Simulation not generated] Magnitude 6.44 of event bmg2026pwue is smaller than triggerMinMagnitude: no automatic simulation
2026/08/15 05:17:24.775903 [Incident:Info:toast@toast-new:Origin updated] Origin updated: OT: 2026-08-14 22:13:53,  Lat/Lon: -8.14162°/120.116°, Depth: 10
2026/08/15 05:17:24.776164 [Incident:Info:toast@toast-new:Magnitude updated] Magnitude updated: 6.44 (M)
2026/08/15 05:17:24.776226 [Simulation:Info:toast@toast-new:Simulation not generated] Magnitude 6.44 of event bmg2026pwue is smaller than triggerMinMagnitude: no automatic simulation
2026/08/15 05:17:28.681607 [Incident:Info:toast@toast-new:Origin updated] Origin updated: OT: 2026-08-14 22:13:53,  Lat/Lon: -8.14513°/120.128°, Depth: 10
2026/08/15 05:17:28.681896 [Incident:Info:toast@toast-new:Magnitude updated] Magnitude updated: 6.46 (M)
2026/08/15 05:17:28.681974 [Simulation:Info:toast@toast-new:Simulation not generated] Magnitude 6.46 of event bmg2026pwue is smaller than triggerMinMagnitude: no automatic simulation
2026/08/15 05:17:34.679856 [Incident:Info:toast@toast-new:Origin updated] Origin updated: OT: 2026-08-14 22:13:53,  Lat/Lon: -8.14513°/120.128°, Depth: 10
2026/08/15 05:17:34.680108 [Incident:Info:toast@toast-new:Magnitude updated] Magnitude updated: 6.46 (M)
2026/08/15 05:17:34.680167 [Simulation:Info:toast@toast-new:Simulation not generated] Magnitude 6.46 of event bmg2026pwue is smaller than triggerMinMagnitude: no automatic simulation
2026/08/15 05:17:35.737908 [Incident:Info:toast@toast-new:Origin updated] Origin updated: OT: 2026-08-14 22:13:53,  Lat/Lon: -8.14513°/120.128°, Depth: 10
2026/08/15 05:17:35.738216 [Incident:Info:toast@toast-new:FM updated] FM updated
2026/08/15 05:17:35.738781 [Simulation:Info:toast@toast-new:Simulation not generated] Magnitude 6.46 of event bmg2026pwue is smaller than triggerMinMagnitude: no automatic simulation
2026/08/15 05:17:39.790178 [Incident:Info:toast@toast-new:Origin updated] Origin updated: OT: 2026-08-14 22:13:53,  Lat/Lon: -8.14513°/120.128°, Depth: 10
2026/08/15 05:17:39.790431 [Incident:Info:toast@toast-new:Magnitude updated] Magnitude updated: 6.46 (M)
2026/08/15 05:17:39.790490 [Simulation:Info:toast@toast-new:Simulation not generated] Magnitude 6.46 of event bmg2026pwue is smaller than triggerMinMagnitude: no automatic simulation
2026/08/15 05:17:44.793591 [Incident:Info:toast@toast-new:Origin updated] Origin updated: OT: 2026-08-14 22:13:53,  Lat/Lon: -8.14513°/120.128°, Depth: 10
2026/08/15 05:17:44.793832 [Incident:Info:toast@toast-new:Magnitude updated] Magnitude updated: 6.46 (M)
2026/08/15 05:17:44.793879 [Simulation:Info:toast@toast-new:Simulation not generated] Magnitude 6.46 of event bmg2026pwue is smaller than triggerMinMagnitude: no automatic simulation
2026/08/15 05:17:45.844517 [Incident:Info:toast@toast-new:Origin updated] Origin updated: OT: 2026-08-14 22:13:53,  Lat/Lon: -8.14513°/120.128°, Depth: 10
2026/08/15 05:17:45.844741 [Incident:Info:toast@toast-new:FM updated] FM updated
2026/08/15 05:17:45.845065 [Simulation:Info:toast@toast-new:Simulation not generated] Magnitude 6.46 of event bmg2026pwue is smaller than triggerMinMagnitude: no automatic simulation
2026/08/15 05:17:49.686147 [Incident:Info:toast@toast-new:Origin updated] Origin updated: OT: 2026-08-14 22:13:53,  Lat/Lon: -8.14513°/120.128°, Depth: 10
2026/08/15 05:17:49.686416 [Incident:Info:toast@toast-new:Magnitude updated] Magnitude updated: 6.46 (M)
2026/08/15 05:17:49.686491 [Simulation:Info:toast@toast-new:Simulation not generated] Magnitude 6.46 of event bmg2026pwue is smaller than triggerMinMagnitude: no automatic simulation
2026/08/15 05:17:54.786612 [Incident:Info:toast@toast-new:Origin updated] Origin updated: OT: 2026-08-14 22:13:53,  Lat/Lon: -8.14513°/120.128°, Depth: 10
2026/08/15 05:17:54.786858 [Incident:Info:toast@toast-new:Magnitude updated] Magnitude updated: 6.47 (M)
2026/08/15 05:17:54.786913 [Simulation:Info:toast@toast-new:Simulation not generated] Magnitude 6.47 of event bmg2026pwue is smaller than triggerMinMagnitude: no automatic simulation
2026/08/15 05:18:01.749264 [Incident:Info:toast@toast-new:Origin updated] Origin updated: OT: 2026-08-14 22:13:53,  Lat/Lon: -8.17099°/120.128°, Depth: 10
2026/08/15 05:18:01.749504 [Incident:Info:toast@toast-new:Magnitude updated] Magnitude updated: 6.49 (M)
2026/08/15 05:18:01.749550 [Simulation:Info:toast@toast-new:Simulation not generated] Magnitude 6.49 of event bmg2026pwue is smaller than triggerMinMagnitude: no automatic simulation
2026/08/15 05:18:04.742453 [Incident:Info:toast@toast-new:Origin updated] Origin updated: OT: 2026-08-14 22:13:53,  Lat/Lon: -8.17099°/120.128°, Depth: 10
2026/08/15 05:18:04.742704 [Incident:Info:toast@toast-new:Magnitude updated] Magnitude updated: 6.49 (M)
2026/08/15 05:18:04.742768 [Simulation:Info:toast@toast-new:Simulation not generated] Magnitude 6.49 of event bmg2026pwue is smaller than triggerMinMagnitude: no automatic simulation
2026/08/15 05:18:05.985999 [Incident:Info:toast@toast-new:Origin updated] Origin updated: OT: 2026-08-14 22:13:53,  Lat/Lon: -8.17099°/120.128°, Depth: 10
2026/08/15 05:18:05.986221 [Incident:Info:toast@toast-new:FM updated] FM updated
2026/08/15 05:18:05.986535 [Simulation:Info:toast@toast-new:Simulation not generated] Magnitude 6.49 of event bmg2026pwue is smaller than triggerMinMagnitude: no automatic simulation
2026/08/15 05:18:14.649346 [Incident:Info:toast@toast-new:Origin updated] Origin updated: OT: 2026-08-14 22:13:53,  Lat/Lon: -8.17099°/120.128°, Depth: 10
2026/08/15 05:18:14.649623 [Incident:Info:toast@toast-new:Magnitude updated] Magnitude updated: 6.49 (M)
2026/08/15 05:18:14.649685 [Simulation:Info:toast@toast-new:Simulation not generated] Magnitude 6.49 of event bmg2026pwue is smaller than triggerMinMagnitude: no automatic simulation
2026/08/15 05:18:16.488533 [Incident:Info:toast@toast-new:Origin updated] Origin updated: OT: 2026-08-14 22:13:53,  Lat/Lon: -8.17099°/120.128°, Depth: 10
2026/08/15 05:18:16.488769 [Incident:Info:toast@toast-new:FM updated] FM updated
2026/08/15 05:18:16.489092 [Simulation:Info:toast@toast-new:Simulation not generated] Magnitude 6.49 of event bmg2026pwue is smaller than triggerMinMagnitude: no automatic simulation
2026/08/15 05:18:24.650758 [Incident:Info:toast@toast-new:Origin updated] Origin updated: OT: 2026-08-14 22:13:53,  Lat/Lon: -8.17099°/120.128°, Depth: 10
2026/08/15 05:18:24.650980 [Incident:Info:toast@toast-new:Magnitude updated] Magnitude updated: 6.49 (M)
2026/08/15 05:18:24.651031 [Simulation:Info:toast@toast-new:Simulation not generated] Magnitude 6.49 of event bmg2026pwue is smaller than triggerMinMagnitude: no automatic simulation
2026/08/15 05:18:26.692432 [Incident:Info:toast@toast-new:Origin updated] Origin updated: OT: 2026-08-14 22:13:53,  Lat/Lon: -8.17099°/120.128°, Depth: 10
2026/08/15 05:18:26.692673 [Incident:Info:toast@toast-new:FM updated] FM updated
2026/08/15 05:18:26.693016 [Simulation:Info:toast@toast-new:Simulation not generated] Magnitude 6.49 of event bmg2026pwue is smaller than triggerMinMagnitude: no automatic simulation
2026/08/15 05:18:35.733971 [Incident:Info:toast@toast-new:Origin updated] Origin updated: OT: 2026-08-14 22:13:53,  Lat/Lon: -8.19153°/120.145°, Depth: 10
2026/08/15 05:18:35.734186 [Incident:Info:toast@toast-new:Magnitude updated] Magnitude updated: 6.49 (M)
2026/08/15 05:18:35.734222 [Simulation:Info:toast@toast-new:Simulation not generated] Magnitude 6.49 of event bmg2026pwue is smaller than triggerMinMagnitude: no automatic simulation
2026/08/15 05:18:36.247725 [Incident:Info:toast@toast-new:Origin updated] Origin updated: OT: 2026-08-14 22:13:53,  Lat/Lon: -8.19153°/120.145°, Depth: 10
2026/08/15 05:18:36.247918 [Incident:Info:toast@toast-new:FM updated] FM updated
2026/08/15 05:18:36.248204 [Simulation:Info:toast@toast-new:Simulation not generated] Magnitude 6.49 of event bmg2026pwue is smaller than triggerMinMagnitude: no automatic simulation
2026/08/15 05:18:44.605914 [Incident:Info:toast@toast-new:Origin updated] Origin updated: OT: 2026-08-14 22:13:53,  Lat/Lon: -8.19153°/120.145°, Depth: 10
2026/08/15 05:18:44.606137 [Incident:Info:toast@toast-new:Magnitude updated] Magnitude updated: 6.49 (M)
2026/08/15 05:18:44.606186 [Simulation:Info:toast@toast-new:Simulation not generated] Magnitude 6.49 of event bmg2026pwue is smaller than triggerMinMagnitude: no automatic simulation
2026/08/15 05:18:46.920332 [Incident:Info:toast@toast-new:Origin updated] Origin updated: OT: 2026-08-14 22:13:53,  Lat/Lon: -8.19153°/120.145°, Depth: 10
2026/08/15 05:18:46.920592 [Incident:Info:toast@toast-new:FM updated] FM updated
2026/08/15 05:18:46.921002 [Simulation:Info:toast@toast-new:Simulation not generated] Magnitude 6.49 of event bmg2026pwue is smaller than triggerMinMagnitude: no automatic simulation
2026/08/15 05:18:49.737525 [Incident:Info:toast@toast-new:Origin updated] Origin updated: OT: 2026-08-14 22:13:53,  Lat/Lon: -8.19153°/120.145°, Depth: 10
2026/08/15 05:18:49.737776 [Incident:Info:toast@toast-new:Magnitude updated] Magnitude updated: 6.49 (M)
2026/08/15 05:18:49.737832 [Simulation:Info:toast@toast-new:Simulation not generated] Magnitude 6.49 of event bmg2026pwue is smaller than triggerMinMagnitude: no automatic simulation
2026/08/15 05:18:56.995610 [Incident:Info:toast@toast-new:Origin updated] Origin updated: OT: 2026-08-14 22:13:53,  Lat/Lon: -8.19153°/120.145°, Depth: 10
2026/08/15 05:18:56.995852 [Incident:Info:toast@toast-new:FM updated] FM updated
2026/08/15 05:18:56.996183 [Simulation:Info:toast@toast-new:Simulation not generated] Magnitude 6.49 of event bmg2026pwue is smaller than triggerMinMagnitude: no automatic simulation
2026/08/15 05:19:05.955533 [Incident:Info:toast@toast-new:Origin updated] Origin updated: OT: 2026-08-14 22:13:53,  Lat/Lon: -8.19153°/120.145°, Depth: 10
2026/08/15 05:19:05.955786 [Incident:Info:toast@toast-new:FM updated] FM updated
2026/08/15 05:19:05.956111 [Simulation:Info:toast@toast-new:Simulation not generated] Magnitude 6.49 of event bmg2026pwue is smaller than triggerMinMagnitude: no automatic simulation
2026/08/15 05:19:19.739366 [Incident:Info:toast@toast-new:Origin updated] Origin updated: OT: 2026-08-14 22:13:53,  Lat/Lon: -8.19153°/120.145°, Depth: 10
2026/08/15 05:19:19.739622 [Incident:Info:toast@toast-new:Magnitude updated] Magnitude updated: 6.49 (M)
2026/08/15 05:19:19.739667 [Simulation:Info:toast@toast-new:Simulation not generated] Magnitude 6.49 of event bmg2026pwue is smaller than triggerMinMagnitude: no automatic simulation
2026/08/15 05:19:27.009402 [Incident:Info:toast@toast-new:Origin updated] Origin updated: OT: 2026-08-14 22:13:53,  Lat/Lon: -8.19153°/120.145°, Depth: 10
2026/08/15 05:19:27.009643 [Incident:Info:toast@toast-new:FM updated] FM updated
2026/08/15 05:19:27.009980 [Simulation:Info:toast@toast-new:Simulation not generated] Magnitude 6.49 of event bmg2026pwue is smaller than triggerMinMagnitude: no automatic simulation
2026/08/15 05:19:31.247434 [Incident:Info:toast@toast-new:Origin updated] Origin updated: OT: 2026-08-14 22:13:53,  Lat/Lon: -8.19153°/120.145°, Depth: 10
2026/08/15 05:19:31.247690 [Incident:Info:toast@toast-new:Magnitude updated] Magnitude updated: 6.49 (M)
2026/08/15 05:19:31.247746 [Simulation:Info:toast@toast-new:Simulation not generated] Magnitude 6.49 of event bmg2026pwue is smaller than triggerMinMagnitude: no automatic simulation
2026/08/15 05:19:56.677313 [Incident:Info:toast@toast-new:Origin updated] Origin updated: OT: 2026-08-14 22:13:53,  Lat/Lon: -8.19153°/120.145°, Depth: 10
2026/08/15 05:19:56.677561 [Incident:Info:toast@toast-new:FM updated] FM updated
2026/08/15 05:19:56.677897 [Simulation:Info:toast@toast-new:Simulation not generated] Magnitude 6.49 of event bmg2026pwue is smaller than triggerMinMagnitude: no automatic simulation
2026/08/15 05:20:16.593960 [Incident:Info:toast@toast-new:Origin updated] Origin updated: OT: 2026-08-14 22:13:53,  Lat/Lon: -8.19153°/120.145°, Depth: 10
2026/08/15 05:20:16.594231 [Incident:Info:toast@toast-new:FM updated] FM updated
2026/08/15 05:20:16.594578 [Simulation:Info:toast@toast-new:Simulation not generated] Magnitude 6.49 of event bmg2026pwue is smaller than triggerMinMagnitude: no automatic simulation
2026/08/15 05:20:26.363034 [Incident:Info:toast@toast-new:Origin updated] Origin updated: OT: 2026-08-14 22:13:53,  Lat/Lon: -8.19153°/120.145°, Depth: 10
2026/08/15 05:20:26.363288 [Simulation:Info:toast@toast-new:Simulation not generated] Magnitude 6.49 of event bmg2026pwue is smaller than triggerMinMagnitude: no automatic simulation
2026/08/15 05:20:38.581308 [Incident:Info:toast@toast-new:Origin updated] Origin updated: OT: 2026-08-14 22:13:53,  Lat/Lon: -8.19153°/120.145°, Depth: 10
2026/08/15 05:20:38.581534 [Incident:Info:toast@toast-new:FM updated] FM updated
2026/08/15 05:20:38.581861 [Simulation:Info:toast@toast-new:Simulation not generated] Magnitude 6.49 of event bmg2026pwue is smaller than triggerMinMagnitude: no automatic simulation
2026/08/15 05:21:09.304013 [Incident:Info:toast@toast-new:Origin updated] Origin updated: OT: 2026-08-14 22:13:53,  Lat/Lon: -8.19153°/120.145°, Depth: 10
2026/08/15 05:21:09.304271 [Incident:Info:toast@toast-new:FM updated] FM updated
2026/08/15 05:21:09.304607 [Simulation:Info:toast@toast-new:Simulation not generated] Magnitude 6.49 of event bmg2026pwue is smaller than triggerMinMagnitude: no automatic simulation
2026/08/15 05:21:20.027580 [Incident:Info:toast@toast-new:Origin updated] Origin updated: OT: 2026-08-14 22:13:53,  Lat/Lon: -8.19153°/120.145°, Depth: 10
2026/08/15 05:21:20.027865 [Incident:Info:toast@toast-new:FM updated] FM updated
2026/08/15 05:21:20.028302 [Simulation:Info:toast@toast-new:Simulation not generated] Magnitude 6.49 of event bmg2026pwue is smaller than triggerMinMagnitude: no automatic simulation
2026/08/15 05:21:28.898441 [Incident:Info:toast@toast-new:Origin updated] Origin updated: OT: 2026-08-14 22:13:53,  Lat/Lon: -8.19153°/120.145°, Depth: 10
2026/08/15 05:21:28.898693 [Incident:Info:toast@toast-new:FM updated] FM updated
2026/08/15 05:21:28.899009 [Simulation:Info:toast@toast-new:Simulation not generated] Magnitude 6.49 of event bmg2026pwue is smaller than triggerMinMagnitude: no automatic simulation
2026/08/15 05:21:40.577254 [Incident:Info:toast@toast-new:Origin updated] Origin updated: OT: 2026-08-14 22:13:53,  Lat/Lon: -8.19153°/120.145°, Depth: 10
2026/08/15 05:21:40.577479 [Incident:Info:toast@toast-new:FM updated] FM updated
2026/08/15 05:21:40.577785 [Simulation:Info:toast@toast-new:Simulation not generated] Magnitude 6.49 of event bmg2026pwue is smaller than triggerMinMagnitude: no automatic simulation
2026/08/15 05:21:50.774890 [Incident:Info:toast@toast-new:Origin updated] Origin updated: OT: 2026-08-14 22:13:53,  Lat/Lon: -8.19153°/120.145°, Depth: 10
2026/08/15 05:21:50.775091 [Simulation:Info:toast@toast-new:Simulation not generated] Magnitude 6.49 of event bmg2026pwue is smaller than triggerMinMagnitude: no automatic simulation
2026/08/15 05:22:02.328489 [Incident:Info:toast@toast-new:Origin updated] Origin updated: OT: 2026-08-14 22:13:53,  Lat/Lon: -8.19153°/120.145°, Depth: 10
2026/08/15 05:22:02.328710 [Incident:Info:toast@toast-new:FM updated] FM updated
2026/08/15 05:22:02.329018 [Simulation:Info:toast@toast-new:Simulation not generated] Magnitude 6.49 of event bmg2026pwue is smaller than triggerMinMagnitude: no automatic simulation
2026/08/15 05:22:12.379953 [Incident:Info:toast@toast-new:Origin updated] Origin updated: OT: 2026-08-14 22:13:53,  Lat/Lon: -8.19153°/120.145°, Depth: 10
2026/08/15 05:22:12.380174 [Incident:Info:toast@toast-new:FM updated] FM updated
2026/08/15 05:22:12.380479 [Simulation:Info:toast@toast-new:Simulation not generated] Magnitude 6.49 of event bmg2026pwue is smaller than triggerMinMagnitude: no automatic simulation
2026/08/15 05:22:21.945355 [Incident:Info:toast@toast-new:Origin updated] Origin updated: OT: 2026-08-14 22:13:53,  Lat/Lon: -8.19153°/120.145°, Depth: 10
2026/08/15 05:22:21.945599 [Incident:Info:toast@toast-new:FM updated] FM updated
2026/08/15 05:22:21.945929 [Simulation:Info:toast@toast-new:Simulation not generated] Magnitude 6.49 of event bmg2026pwue is smaller than triggerMinMagnitude: no automatic simulation
2026/08/15 05:22:30.490019 [Incident:Info:toast@toast-new:Origin updated] Origin updated: OT: 2026-08-14 22:13:53,  Lat/Lon: -8.19153°/120.145°, Depth: 10
2026/08/15 05:22:30.490255 [Incident:Info:toast@toast-new:FM updated] FM updated
2026/08/15 05:22:30.490584 [Simulation:Info:toast@toast-new:Simulation not generated] Magnitude 6.49 of event bmg2026pwue is smaller than triggerMinMagnitude: no automatic simulation
2026/08/15 05:22:41.117851 [Incident:Info:toast@toast-new:Origin updated] Origin updated: OT: 2026-08-14 22:13:53,  Lat/Lon: -8.19153°/120.145°, Depth: 10
2026/08/15 05:22:41.118087 [Incident:Info:toast@toast-new:FM updated] FM updated
2026/08/15 05:22:41.118378 [Simulation:Info:toast@toast-new:Simulation not generated] Magnitude 6.49 of event bmg2026pwue is smaller than triggerMinMagnitude: no automatic simulation
2026/08/15 05:23:01.445469 [Incident:Info:toast@toast-new:Origin updated] Origin updated: OT: 2026-08-14 22:13:53,  Lat/Lon: -8.19153°/120.145°, Depth: 10
2026/08/15 05:23:01.445678 [Incident:Info:toast@toast-new:FM updated] FM updated
2026/08/15 05:23:01.446005 [Simulation:Info:toast@toast-new:Simulation not generated] Magnitude 6.49 of event bmg2026pwue is smaller than triggerMinMagnitude: no automatic simulation
2026/08/15 05:23:11.460547 [Incident:Info:toast@toast-new:Origin updated] Origin updated: OT: 2026-08-14 22:13:53,  Lat/Lon: -8.19153°/120.145°, Depth: 10
2026/08/15 05:23:11.460758 [Simulation:Info:toast@toast-new:Simulation not generated] Magnitude 6.49 of event bmg2026pwue is smaller than triggerMinMagnitude: no automatic simulation
2026/08/15 05:23:21.383247 [Incident:Info:toast@toast-new:Origin updated] Origin updated: OT: 2026-08-14 22:13:53,  Lat/Lon: -8.19153°/120.145°, Depth: 10
2026/08/15 05:23:21.383502 [Simulation:Info:toast@toast-new:Simulation not generated] Magnitude 6.49 of event bmg2026pwue is smaller than triggerMinMagnitude: no automatic simulation
2026/08/15 05:23:32.089023 [Incident:Info:toast@toast-new:Origin updated] Origin updated: OT: 2026-08-14 22:13:53,  Lat/Lon: -8.19153°/120.145°, Depth: 10
2026/08/15 05:23:32.089224 [Incident:Info:toast@toast-new:FM updated] FM updated
2026/08/15 05:23:32.089516 [Simulation:Info:toast@toast-new:Simulation not generated] Magnitude 6.49 of event bmg2026pwue is smaller than triggerMinMagnitude: no automatic simulation
2026/08/15 05:23:41.822994 [Incident:Info:toast@toast-new:Origin updated] Origin updated: OT: 2026-08-14 22:13:53,  Lat/Lon: -8.19153°/120.145°, Depth: 10
2026/08/15 05:23:41.823298 [Simulation:Info:toast@toast-new:Simulation not generated] Magnitude 6.49 of event bmg2026pwue is smaller than triggerMinMagnitude: no automatic simulation
2026/08/15 05:23:52.397865 [Incident:Info:toast@toast-new:Origin updated] Origin updated: OT: 2026-08-14 22:13:53,  Lat/Lon: -8.19153°/120.145°, Depth: 10
2026/08/15 05:23:52.398112 [Incident:Info:toast@toast-new:FM updated] FM updated
2026/08/15 05:23:52.398440 [Simulation:Info:toast@toast-new:Simulation not generated] Magnitude 6.49 of event bmg2026pwue is smaller than triggerMinMagnitude: no automatic simulation
2026/08/15 05:24:02.633863 [Incident:Info:toast@toast-new:Origin updated] Origin updated: OT: 2026-08-14 22:13:53,  Lat/Lon: -8.19153°/120.145°, Depth: 10
2026/08/15 05:24:02.634091 [Simulation:Info:toast@toast-new:Simulation not generated] Magnitude 6.49 of event bmg2026pwue is smaller than triggerMinMagnitude: no automatic simulation
2026/08/15 05:24:12.781704 [Incident:Info:toast@toast-new:Origin updated] Origin updated: OT: 2026-08-14 22:13:53,  Lat/Lon: -8.19153°/120.145°, Depth: 10
2026/08/15 05:24:12.781950 [Simulation:Info:toast@toast-new:Simulation not generated] Magnitude 6.49 of event bmg2026pwue is smaller than triggerMinMagnitude: no automatic simulation
2026/08/15 05:24:23.153017 [Incident:Info:toast@toast-new:Origin updated] Origin updated: OT: 2026-08-14 22:13:53,  Lat/Lon: -8.19153°/120.145°, Depth: 10
2026/08/15 05:24:23.153252 [Simulation:Info:toast@toast-new:Simulation not generated] Magnitude 6.49 of event bmg2026pwue is smaller than triggerMinMagnitude: no automatic simulation
2026/08/15 05:24:43.016190 [Incident:Info:toast@toast-new:Origin updated] Origin updated: OT: 2026-08-14 22:13:53,  Lat/Lon: -8.19153°/120.145°, Depth: 10
2026/08/15 05:24:43.016413 [Incident:Info:toast@toast-new:FM updated] FM updated
2026/08/15 05:24:43.016719 [Simulation:Info:toast@toast-new:Simulation not generated] Magnitude 6.49 of event bmg2026pwue is smaller than triggerMinMagnitude: no automatic simulation
2026/08/15 05:24:53.292231 [Incident:Info:toast@toast-new:Origin updated] Origin updated: OT: 2026-08-14 22:13:53,  Lat/Lon: -8.19153°/120.145°, Depth: 10
2026/08/15 05:24:53.292384 [Incident:Info:toast@toast-new:FM updated] FM updated
2026/08/15 05:24:53.292616 [Simulation:Info:toast@toast-new:Simulation not generated] Magnitude 6.49 of event bmg2026pwue is smaller than triggerMinMagnitude: no automatic simulation
2026/08/15 05:25:13.185184 [Incident:Info:toast@toast-new:Origin updated] Origin updated: OT: 2026-08-14 22:13:53,  Lat/Lon: -8.19153°/120.145°, Depth: 10
2026/08/15 05:25:13.185414 [Simulation:Info:toast@toast-new:Simulation not generated] Magnitude 6.49 of event bmg2026pwue is smaller than triggerMinMagnitude: no automatic simulation
2026/08/15 05:25:33.583899 [Incident:Info:toast@toast-new:Origin updated] Origin updated: OT: 2026-08-14 22:13:53,  Lat/Lon: -8.19153°/120.145°, Depth: 10
2026/08/15 05:25:33.584128 [Simulation:Info:toast@toast-new:Simulation not generated] Magnitude 6.49 of event bmg2026pwue is smaller than triggerMinMagnitude: no automatic simulation
2026/08/15 05:26:03.645925 [Incident:Info:toast@toast-new:Origin updated] Origin updated: OT: 2026-08-14 22:13:53,  Lat/Lon: -8.19153°/120.145°, Depth: 10
2026/08/15 05:26:03.646175 [Simulation:Info:toast@toast-new:Simulation not generated] Magnitude 6.49 of event bmg2026pwue is smaller than triggerMinMagnitude: no automatic simulation
2026/08/15 05:26:13.692395 [Incident:Info:toast@toast-new:Origin updated] Origin updated: OT: 2026-08-14 22:13:53,  Lat/Lon: -8.19153°/120.145°, Depth: 10
2026/08/15 05:26:13.692625 [Simulation:Info:toast@toast-new:Simulation not generated] Magnitude 6.49 of event bmg2026pwue is smaller than triggerMinMagnitude: no automatic simulation
2026/08/15 05:26:33.838246 [Incident:Info:toast@toast-new:Origin updated] Origin updated: OT: 2026-08-14 22:13:53,  Lat/Lon: -8.19153°/120.145°, Depth: 10
2026/08/15 05:26:33.838483 [Simulation:Info:toast@toast-new:Simulation not generated] Magnitude 6.49 of event bmg2026pwue is smaller than triggerMinMagnitude: no automatic simulation
2026/08/15 05:26:43.895874 [Incident:Info:toast@toast-new:Origin updated] Origin updated: OT: 2026-08-14 22:13:53,  Lat/Lon: -8.19153°/120.145°, Depth: 10
2026/08/15 05:26:43.896104 [Incident:Info:toast@toast-new:FM updated] FM updated
2026/08/15 05:26:43.896428 [Simulation:Info:toast@toast-new:Simulation not generated] Magnitude 6.49 of event bmg2026pwue is smaller than triggerMinMagnitude: no automatic simulation
2026/08/15 05:26:53.827252 [Incident:Info:toast@toast-new:Origin updated] Origin updated: OT: 2026-08-14 22:13:53,  Lat/Lon: -8.19153°/120.145°, Depth: 10
2026/08/15 05:26:53.827454 [Simulation:Info:toast@toast-new:Simulation not generated] Magnitude 6.49 of event bmg2026pwue is smaller than triggerMinMagnitude: no automatic simulation
2026/08/15 05:27:03.927620 [Incident:Info:toast@toast-new:Origin updated] Origin updated: OT: 2026-08-14 22:13:53,  Lat/Lon: -8.19153°/120.145°, Depth: 10
2026/08/15 05:27:03.927852 [Simulation:Info:toast@toast-new:Simulation not generated] Magnitude 6.49 of event bmg2026pwue is smaller than triggerMinMagnitude: no automatic simulation
2026/08/15 05:27:14.145645 [Incident:Info:toast@toast-new:Origin updated] Origin updated: OT: 2026-08-14 22:13:53,  Lat/Lon: -8.19153°/120.145°, Depth: 10
2026/08/15 05:27:14.145881 [Simulation:Info:toast@toast-new:Simulation not generated] Magnitude 6.49 of event bmg2026pwue is smaller than triggerMinMagnitude: no automatic simulation
2026/08/15 05:27:24.989704 [Incident:Info:toast@toast-new:Origin updated] Origin updated: OT: 2026-08-14 22:13:53,  Lat/Lon: -8.19153°/120.145°, Depth: 10
2026/08/15 05:27:24.989964 [Incident:Info:toast@toast-new:FM updated] FM updated
2026/08/15 05:27:24.990297 [Simulation:Info:toast@toast-new:Simulation not generated] Magnitude 6.49 of event bmg2026pwue is smaller than triggerMinMagnitude: no automatic simulation
2026/08/15 05:27:45.566751 [Incident:Info:toast@toast-new:Origin updated] Origin updated: OT: 2026-08-14 22:13:53,  Lat/Lon: -8.19153°/120.145°, Depth: 10
2026/08/15 05:27:45.566991 [Incident:Info:toast@toast-new:FM updated] FM updated
2026/08/15 05:27:45.567339 [Simulation:Info:toast@toast-new:Simulation not generated] Magnitude 6.49 of event bmg2026pwue is smaller than triggerMinMagnitude: no automatic simulation
2026/08/15 05:28:06.486652 [Incident:Info:toast@toast-new:Origin updated] Origin updated: OT: 2026-08-14 22:13:53,  Lat/Lon: -8.19153°/120.145°, Depth: 10
2026/08/15 05:28:06.486900 [Incident:Info:toast@toast-new:FM updated] FM updated
2026/08/15 05:28:06.487242 [Simulation:Info:toast@toast-new:Simulation not generated] Magnitude 6.49 of event bmg2026pwue is smaller than triggerMinMagnitude: no automatic simulation
2026/08/15 05:28:26.099867 [Incident:Info:toast@toast-new:Origin updated] Origin updated: OT: 2026-08-14 22:13:53,  Lat/Lon: -8.19153°/120.145°, Depth: 10
2026/08/15 05:28:26.100074 [Simulation:Info:toast@toast-new:Simulation not generated] Magnitude 6.49 of event bmg2026pwue is smaller than triggerMinMagnitude: no automatic simulation
2026/08/15 05:57:45.787894 [Incident:Info:toast@toast-new:Origin updated] Origin updated: OT: 2026-08-14 22:13:53,  Lat/Lon: -8.19153°/120.145°, Depth: 10
2026/08/15 05:57:45.788143 [Incident:Info:toast@toast-new:FM updated] FM updated
2026/08/15 05:57:45.788392 [Simulation:Info:toast@toast-new:Simulation not generated] Magnitude 6.49 of event bmg2026pwue is smaller than triggerMinMagnitude: no automatic simulation
2026/08/15 06:15:34.124752 [Incident:Info:toast@toast-new:Origin updated] Origin updated: OT: 2026-08-14 22:13:53,  Lat/Lon: -8.19153°/120.145°, Depth: 10
2026/08/15 06:15:34.124976 [Simulation:Info:toast@toast-new:Simulation not generated] Magnitude 6.49 of event bmg2026pwue is smaller than triggerMinMagnitude: no automatic simulation
2026/08/15 06:15:34.142635 [Incident:Info:toast@toast-new:Origin updated] Origin updated: OT: 2026-08-14 22:13:53,  Lat/Lon: -8.19153°/120.145°, Depth: 10
2026/08/15 06:15:34.142779 [Incident:Info:toast@toast-new:Magnitude updated] Magnitude updated: 5.93 (Mw)
2026/08/15 06:15:34.142835 [Simulation:Info:toast@toast-new:Simulation not generated] Magnitude 5.93 of event bmg2026pwue is smaller than triggerMinMagnitude: no automatic simulation
2026/08/15 08:49:24.299431 [Incident:Info:toast@toast-new:Origin updated] Origin updated: OT: 2026-08-14 22:13:53,  Lat/Lon: -8.19484°/120.145°, Depth: 10
2026/08/15 08:49:24.299635 [Simulation:Info:toast@toast-new:Simulation not generated] Magnitude 5.93 of event bmg2026pwue is smaller than triggerMinMagnitude: no automatic simulation
