2026/08/24 17:04:57.009271 [Incident:Info:toast@toast-new:Displacement(s) updated] Added 0 and changed 0 displacements with 0 amplitudes
2026/08/24 17:04:57.009940 [Incident:Info:toast@toast-new:Incident created] Incident created based on event received from messaging: OT: 2026-08-24 10:03:00,  Lat/Lon: -5.00°/129.62°, Depth: 10.00, Mag: 5.64 (M)
2026/08/24 17:04:57.010586 [Simulation:Info:toast@toast-new:Simulation not generated] Magnitude 5.64 of event bmg2026qodc is smaller than triggerMinMagnitude: no automatic simulation
2026/08/24 17:04:57.032692 [Incident:Info:toast@toast-new:Origin updated] Origin updated: OT: 2026-08-24 10:03:00,  Lat/Lon: -5.00367°/129.622°, Depth: 10
2026/08/24 17:04:57.032865 [Simulation:Info:toast@toast-new:Simulation not generated] Magnitude 5.64 of event bmg2026qodc is smaller than triggerMinMagnitude: no automatic simulation
2026/08/24 17:04:59.113371 [Incident:Info:toast@toast-new:Origin updated] Origin updated: OT: 2026-08-24 10:03:00,  Lat/Lon: -5.00367°/129.622°, Depth: 10
2026/08/24 17:04:59.113566 [Incident:Info:toast@toast-new:Magnitude updated] Magnitude updated: 5.64 (M)
2026/08/24 17:04:59.113606 [Simulation:Info:toast@toast-new:Simulation not generated] Magnitude 5.64 of event bmg2026qodc is smaller than triggerMinMagnitude: no automatic simulation
2026/08/24 17:05:04.155223 [Incident:Info:toast@toast-new:Origin updated] Origin updated: OT: 2026-08-24 10:03:00,  Lat/Lon: -5.00367°/129.622°, Depth: 10
2026/08/24 17:05:04.155422 [Incident:Info:toast@toast-new:Magnitude updated] Magnitude updated: 5.66 (M)
2026/08/24 17:05:04.155485 [Simulation:Info:toast@toast-new:Simulation not generated] Magnitude 5.66 of event bmg2026qodc is smaller than triggerMinMagnitude: no automatic simulation
2026/08/24 17:05:08.061382 [Incident:Info:toast@toast-new:Origin updated] Origin updated: OT: 2026-08-24 10:03:00,  Lat/Lon: -5.01614°/129.661°, Depth: 10
2026/08/24 17:05:08.061584 [Incident:Info:toast@toast-new:Magnitude updated] Magnitude updated: 5.62 (M)
2026/08/24 17:05:08.061634 [Simulation:Info:toast@toast-new:Simulation not generated] Magnitude 5.62 of event bmg2026qodc is smaller than triggerMinMagnitude: no automatic simulation
2026/08/24 17:05:14.167910 [Incident:Info:toast@toast-new:Origin updated] Origin updated: OT: 2026-08-24 10:03:00,  Lat/Lon: -5.01614°/129.661°, Depth: 10
2026/08/24 17:05:14.168105 [Incident:Info:toast@toast-new:Magnitude updated] Magnitude updated: 5.62 (M)
2026/08/24 17:05:14.168152 [Simulation:Info:toast@toast-new:Simulation not generated] Magnitude 5.62 of event bmg2026qodc is smaller than triggerMinMagnitude: no automatic simulation
2026/08/24 17:05:18.790772 [Incident:Info:toast@toast-new:Origin updated] Origin updated: OT: 2026-08-24 10:03:00,  Lat/Lon: -5.01377°/129.677°, Depth: 10
2026/08/24 17:05:18.790967 [Incident:Info:toast@toast-new:Magnitude updated] Magnitude updated: 5.60 (M)
2026/08/24 17:05:18.791024 [Simulation:Info:toast@toast-new:Simulation not generated] Magnitude 5.60 of event bmg2026qodc is smaller than triggerMinMagnitude: no automatic simulation
2026/08/24 17:05:21.070779 [Incident:Info:toast@toast-new:Origin updated] Origin updated: OT: 2026-08-24 10:03:00,  Lat/Lon: -5.01377°/129.677°, Depth: 10
2026/08/24 17:05:21.070956 [Incident:Info:toast@toast-new:Magnitude updated] Magnitude updated: 5.60 (M)
2026/08/24 17:05:21.071000 [Simulation:Info:toast@toast-new:Simulation not generated] Magnitude 5.60 of event bmg2026qodc is smaller than triggerMinMagnitude: no automatic simulation
2026/08/24 17:05:24.144992 [Incident:Info:toast@toast-new:Origin updated] Origin updated: OT: 2026-08-24 10:03:00,  Lat/Lon: -5.01377°/129.677°, Depth: 10
2026/08/24 17:05:24.145189 [Incident:Info:toast@toast-new:Magnitude updated] Magnitude updated: 5.60 (M)
2026/08/24 17:05:24.145235 [Simulation:Info:toast@toast-new:Simulation not generated] Magnitude 5.60 of event bmg2026qodc is smaller than triggerMinMagnitude: no automatic simulation
2026/08/24 17:05:24.205028 [Incident:Info:toast@toast-new:Origin updated] Origin updated: OT: 2026-08-24 10:03:00,  Lat/Lon: -5.01377°/129.677°, Depth: 10
2026/08/24 17:05:24.205156 [Incident:Info:toast@toast-new:Magnitude updated] Magnitude updated: 5.61 (M)
2026/08/24 17:05:24.205177 [Simulation:Info:toast@toast-new:Simulation not generated] Magnitude 5.61 of event bmg2026qodc is smaller than triggerMinMagnitude: no automatic simulation
2026/08/24 17:05:26.391168 [Incident:Info:toast@toast-new:Origin updated] Origin updated: OT: 2026-08-24 10:03:00,  Lat/Lon: -5.01377°/129.677°, Depth: 10
2026/08/24 17:05:26.391353 [Incident:Info:toast@toast-new:Magnitude updated] Magnitude updated: 5.61 (M)
2026/08/24 17:05:26.391385 [Simulation:Info:toast@toast-new:Simulation not generated] Magnitude 5.61 of event bmg2026qodc is smaller than triggerMinMagnitude: no automatic simulation
2026/08/24 17:05:31.857808 [Incident:Info:toast@toast-new:Origin updated] Origin updated: OT: 2026-08-24 10:03:00,  Lat/Lon: -5.01377°/129.677°, Depth: 10
2026/08/24 17:05:31.858016 [Incident:Info:toast@toast-new:Magnitude updated] Magnitude updated: 5.61 (M)
2026/08/24 17:05:31.858060 [Simulation:Info:toast@toast-new:Simulation not generated] Magnitude 5.61 of event bmg2026qodc is smaller than triggerMinMagnitude: no automatic simulation
2026/08/24 17:05:31.883152 [Incident:Info:toast@toast-new:Origin updated] Origin updated: OT: 2026-08-24 10:03:00,  Lat/Lon: -4.9851°/129.694°, Depth: 10
2026/08/24 17:05:31.883270 [Incident:Info:toast@toast-new:Magnitude updated] Magnitude updated: 5.52 (M)
2026/08/24 17:05:31.883315 [Simulation:Info:toast@toast-new:Simulation not generated] Magnitude 5.52 of event bmg2026qodc is smaller than triggerMinMagnitude: no automatic simulation
2026/08/24 17:05:34.197420 [Incident:Info:toast@toast-new:Origin updated] Origin updated: OT: 2026-08-24 10:03:00,  Lat/Lon: -4.9851°/129.694°, Depth: 10
2026/08/24 17:05:34.197614 [Incident:Info:toast@toast-new:Magnitude updated] Magnitude updated: 5.54 (M)
2026/08/24 17:05:34.197660 [Simulation:Info:toast@toast-new:Simulation not generated] Magnitude 5.54 of event bmg2026qodc is smaller than triggerMinMagnitude: no automatic simulation
2026/08/24 17:05:37.460561 [Incident:Info:toast@toast-new:Origin updated] Origin updated: OT: 2026-08-24 10:03:00,  Lat/Lon: -4.9851°/129.694°, Depth: 10
2026/08/24 17:05:37.460708 [Incident:Info:toast@toast-new:Magnitude updated] Magnitude updated: 5.58 (M)
2026/08/24 17:05:37.460752 [Simulation:Info:toast@toast-new:Simulation not generated] Magnitude 5.58 of event bmg2026qodc is smaller than triggerMinMagnitude: no automatic simulation
2026/08/24 17:05:44.299722 [Incident:Info:toast@toast-new:Origin updated] Origin updated: OT: 2026-08-24 10:03:00,  Lat/Lon: -4.9851°/129.694°, Depth: 10
2026/08/24 17:05:44.299951 [Incident:Info:toast@toast-new:Magnitude updated] Magnitude updated: 5.55 (M)
2026/08/24 17:05:44.300033 [Simulation:Info:toast@toast-new:Simulation not generated] Magnitude 5.55 of event bmg2026qodc is smaller than triggerMinMagnitude: no automatic simulation
2026/08/24 17:05:48.170391 [Incident:Info:toast@toast-new:Origin updated] Origin updated: OT: 2026-08-24 10:03:00,  Lat/Lon: -4.98222°/129.673°, Depth: 10
2026/08/24 17:05:48.170555 [Incident:Info:toast@toast-new:Magnitude updated] Magnitude updated: 5.49 (MLv)
2026/08/24 17:05:48.170587 [Simulation:Info:toast@toast-new:Simulation not generated] Magnitude 5.49 of event bmg2026qodc is smaller than triggerMinMagnitude: no automatic simulation
2026/08/24 17:05:48.350812 [Incident:Info:toast@toast-new:Origin updated] Origin updated: OT: 2026-08-24 10:03:00,  Lat/Lon: -4.98222°/129.673°, Depth: 10
2026/08/24 17:05:48.351042 [Incident:Info:toast@toast-new:Magnitude updated] Magnitude updated: 5.55 (M)
2026/08/24 17:05:48.351121 [Simulation:Info:toast@toast-new:Simulation not generated] Magnitude 5.55 of event bmg2026qodc is smaller than triggerMinMagnitude: no automatic simulation
2026/08/24 17:05:49.102576 [Incident:Info:toast@toast-new:Origin updated] Origin updated: OT: 2026-08-24 10:03:00,  Lat/Lon: -4.98222°/129.673°, Depth: 10
2026/08/24 17:05:49.102768 [Incident:Info:toast@toast-new:Magnitude updated] Magnitude updated: 5.55 (M)
2026/08/24 17:05:49.102827 [Simulation:Info:toast@toast-new:Simulation not generated] Magnitude 5.55 of event bmg2026qodc is smaller than triggerMinMagnitude: no automatic simulation
2026/08/24 17:05:51.548494 [Incident:Info:toast@toast-new:Origin updated] Origin updated: OT: 2026-08-24 10:03:00,  Lat/Lon: -4.98222°/129.673°, Depth: 10
2026/08/24 17:05:51.548702 [Incident:Info:toast@toast-new:Magnitude updated] Magnitude updated: 5.57 (M)
2026/08/24 17:05:51.548745 [Simulation:Info:toast@toast-new:Simulation not generated] Magnitude 5.57 of event bmg2026qodc is smaller than triggerMinMagnitude: no automatic simulation
2026/08/24 17:05:54.342316 [Incident:Info:toast@toast-new:Origin updated] Origin updated: OT: 2026-08-24 10:03:00,  Lat/Lon: -4.98222°/129.673°, Depth: 10
2026/08/24 17:05:54.342495 [Incident:Info:toast@toast-new:Magnitude updated] Magnitude updated: 5.57 (M)
2026/08/24 17:05:54.342537 [Simulation:Info:toast@toast-new:Simulation not generated] Magnitude 5.57 of event bmg2026qodc is smaller than triggerMinMagnitude: no automatic simulation
2026/08/24 17:05:59.345944 [Incident:Info:toast@toast-new:Origin updated] Origin updated: OT: 2026-08-24 10:03:00,  Lat/Lon: -4.98222°/129.673°, Depth: 10
2026/08/24 17:05:59.346133 [Incident:Info:toast@toast-new:Magnitude updated] Magnitude updated: 5.56 (M)
2026/08/24 17:05:59.346175 [Simulation:Info:toast@toast-new:Simulation not generated] Magnitude 5.56 of event bmg2026qodc is smaller than triggerMinMagnitude: no automatic simulation
2026/08/24 17:06:04.179791 [Incident:Info:toast@toast-new:Origin updated] Origin updated: OT: 2026-08-24 10:03:00,  Lat/Lon: -4.98222°/129.673°, Depth: 10
2026/08/24 17:06:04.179986 [Incident:Info:toast@toast-new:Magnitude updated] Magnitude updated: 5.53 (M)
2026/08/24 17:06:04.180051 [Simulation:Info:toast@toast-new:Simulation not generated] Magnitude 5.53 of event bmg2026qodc is smaller than triggerMinMagnitude: no automatic simulation
2026/08/24 17:06:08.400130 [Incident:Info:toast@toast-new:Origin updated] Origin updated: OT: 2026-08-24 10:03:00,  Lat/Lon: -4.98222°/129.673°, Depth: 10
2026/08/24 17:06:08.400347 [Incident:Info:toast@toast-new:Magnitude updated] Magnitude updated: 5.54 (M)
2026/08/24 17:06:08.400391 [Simulation:Info:toast@toast-new:Simulation not generated] Magnitude 5.54 of event bmg2026qodc is smaller than triggerMinMagnitude: no automatic simulation
2026/08/24 17:06:14.269649 [Incident:Info:toast@toast-new:Origin updated] Origin updated: OT: 2026-08-24 10:03:00,  Lat/Lon: -4.98222°/129.673°, Depth: 10
2026/08/24 17:06:14.269859 [Incident:Info:toast@toast-new:Magnitude updated] Magnitude updated: 5.53 (M)
2026/08/24 17:06:14.269904 [Simulation:Info:toast@toast-new:Simulation not generated] Magnitude 5.53 of event bmg2026qodc is smaller than triggerMinMagnitude: no automatic simulation
2026/08/24 17:06:24.335866 [Incident:Info:toast@toast-new:Origin updated] Origin updated: OT: 2026-08-24 10:03:00,  Lat/Lon: -4.98222°/129.673°, Depth: 10
2026/08/24 17:06:24.336063 [Incident:Info:toast@toast-new:Magnitude updated] Magnitude updated: 5.52 (M)
2026/08/24 17:06:24.336106 [Simulation:Info:toast@toast-new:Simulation not generated] Magnitude 5.52 of event bmg2026qodc is smaller than triggerMinMagnitude: no automatic simulation
2026/08/24 17:06:29.345915 [Incident:Info:toast@toast-new:Origin updated] Origin updated: OT: 2026-08-24 10:03:00,  Lat/Lon: -4.98222°/129.673°, Depth: 10
2026/08/24 17:06:29.346105 [Incident:Info:toast@toast-new:Magnitude updated] Magnitude updated: 5.54 (M)
2026/08/24 17:06:29.346149 [Simulation:Info:toast@toast-new:Simulation not generated] Magnitude 5.54 of event bmg2026qodc is smaller than triggerMinMagnitude: no automatic simulation
2026/08/24 17:06:34.382501 [Incident:Info:toast@toast-new:Origin updated] Origin updated: OT: 2026-08-24 10:03:00,  Lat/Lon: -4.98222°/129.673°, Depth: 10
2026/08/24 17:06:34.382691 [Incident:Info:toast@toast-new:Magnitude updated] Magnitude updated: 5.54 (M)
2026/08/24 17:06:34.382732 [Simulation:Info:toast@toast-new:Simulation not generated] Magnitude 5.54 of event bmg2026qodc is smaller than triggerMinMagnitude: no automatic simulation
2026/08/24 17:06:39.288877 [Incident:Info:toast@toast-new:Origin updated] Origin updated: OT: 2026-08-24 10:03:00,  Lat/Lon: -4.98222°/129.673°, Depth: 10
2026/08/24 17:06:39.289074 [Incident:Info:toast@toast-new:Magnitude updated] Magnitude updated: 5.53 (M)
2026/08/24 17:06:39.289114 [Simulation:Info:toast@toast-new:Simulation not generated] Magnitude 5.53 of event bmg2026qodc is smaller than triggerMinMagnitude: no automatic simulation
2026/08/24 17:06:40.931280 [Incident:Info:toast@toast-new:Origin updated] Origin updated: OT: 2026-08-24 10:03:00,  Lat/Lon: -4.98222°/129.673°, Depth: 10
2026/08/24 17:06:40.931454 [Incident:Info:toast@toast-new:FM updated] FM updated
2026/08/24 17:06:40.931709 [Simulation:Info:toast@toast-new:Simulation not generated] Magnitude 5.53 of event bmg2026qodc is smaller than triggerMinMagnitude: no automatic simulation
2026/08/24 17:06:43.744041 [Incident:Info:toast@toast-new:Origin updated] Origin updated: OT: 2026-08-24 10:03:00,  Lat/Lon: -4.98222°/129.673°, Depth: 10
2026/08/24 17:06:43.744227 [Incident:Info:toast@toast-new:Magnitude updated] Magnitude updated: 5.53 (M)
2026/08/24 17:06:43.744275 [Simulation:Info:toast@toast-new:Simulation not generated] Magnitude 5.53 of event bmg2026qodc is smaller than triggerMinMagnitude: no automatic simulation
2026/08/24 17:06:49.213576 [Incident:Info:toast@toast-new:Origin updated] Origin updated: OT: 2026-08-24 10:03:00,  Lat/Lon: -4.98222°/129.673°, Depth: 10
2026/08/24 17:06:49.213768 [Incident:Info:toast@toast-new:Magnitude updated] Magnitude updated: 5.53 (M)
2026/08/24 17:06:49.213812 [Simulation:Info:toast@toast-new:Simulation not generated] Magnitude 5.53 of event bmg2026qodc is smaller than triggerMinMagnitude: no automatic simulation
2026/08/24 17:06:50.962282 [Incident:Info:toast@toast-new:Origin updated] Origin updated: OT: 2026-08-24 10:03:00,  Lat/Lon: -4.98222°/129.673°, Depth: 10
2026/08/24 17:06:50.962465 [Incident:Info:toast@toast-new:FM updated] FM updated
2026/08/24 17:06:50.962738 [Simulation:Info:toast@toast-new:Simulation not generated] Magnitude 5.53 of event bmg2026qodc is smaller than triggerMinMagnitude: no automatic simulation
2026/08/24 17:06:54.279076 [Incident:Info:toast@toast-new:Origin updated] Origin updated: OT: 2026-08-24 10:03:00,  Lat/Lon: -4.98222°/129.673°, Depth: 10
2026/08/24 17:06:54.279270 [Incident:Info:toast@toast-new:Magnitude updated] Magnitude updated: 5.53 (M)
2026/08/24 17:06:54.279303 [Simulation:Info:toast@toast-new:Simulation not generated] Magnitude 5.53 of event bmg2026qodc is smaller than triggerMinMagnitude: no automatic simulation
2026/08/24 17:06:57.185660 [Incident:Info:toast@toast-new:Origin updated] Origin updated: OT: 2026-08-24 10:03:00,  Lat/Lon: -5.00561°/129.788°, Depth: 11.0107
2026/08/24 17:06:57.185829 [Incident:Info:toast@toast-new:Magnitude updated] Magnitude updated: 5.51 (Mw(mB))
2026/08/24 17:06:57.185860 [Simulation:Info:toast@toast-new:Simulation not generated] Magnitude 5.51 of event bmg2026qodc is smaller than triggerMinMagnitude: no automatic simulation
2026/08/24 17:07:00.666236 [Incident:Info:toast@toast-new:Origin updated] Origin updated: OT: 2026-08-24 10:03:00,  Lat/Lon: -5.00561°/129.788°, Depth: 11.0107
2026/08/24 17:07:00.666417 [Incident:Info:toast@toast-new:FM updated] FM updated
2026/08/24 17:07:00.666668 [Simulation:Info:toast@toast-new:Simulation not generated] Magnitude 5.51 of event bmg2026qodc is smaller than triggerMinMagnitude: no automatic simulation
2026/08/24 17:07:10.726293 [Incident:Info:toast@toast-new:Origin updated] Origin updated: OT: 2026-08-24 10:03:00,  Lat/Lon: -5.00561°/129.788°, Depth: 11.0107
2026/08/24 17:07:10.726486 [Incident:Info:toast@toast-new:FM updated] FM updated
2026/08/24 17:07:10.726756 [Simulation:Info:toast@toast-new:Simulation not generated] Magnitude 5.51 of event bmg2026qodc is smaller than triggerMinMagnitude: no automatic simulation
2026/08/24 17:07:41.171292 [Incident:Info:toast@toast-new:Origin updated] Origin updated: OT: 2026-08-24 10:03:00,  Lat/Lon: -5.00561°/129.788°, Depth: 11.0107
2026/08/24 17:07:41.171526 [Incident:Info:toast@toast-new:FM updated] FM updated
2026/08/24 17:07:41.171859 [Simulation:Info:toast@toast-new:Simulation not generated] Magnitude 5.51 of event bmg2026qodc is smaller than triggerMinMagnitude: no automatic simulation
2026/08/24 17:08:01.212939 [Incident:Info:toast@toast-new:Origin updated] Origin updated: OT: 2026-08-24 10:03:00,  Lat/Lon: -5.00474°/129.81°, Depth: 10.6572
2026/08/24 17:08:01.213109 [Incident:Info:toast@toast-new:Magnitude updated] Magnitude updated: 5.54 (Mw(mB))
2026/08/24 17:08:01.213139 [Simulation:Info:toast@toast-new:Simulation not generated] Magnitude 5.54 of event bmg2026qodc is smaller than triggerMinMagnitude: no automatic simulation
2026/08/24 17:08:01.225650 [Incident:Info:toast@toast-new:Origin updated] Origin updated: OT: 2026-08-24 10:03:00,  Lat/Lon: -5.00474°/129.81°, Depth: 10.6572
2026/08/24 17:08:01.225754 [Incident:Info:toast@toast-new:FM updated] FM updated
2026/08/24 17:08:01.225926 [Simulation:Info:toast@toast-new:Simulation not generated] Magnitude 5.54 of event bmg2026qodc is smaller than triggerMinMagnitude: no automatic simulation
2026/08/24 17:08:11.549728 [Incident:Info:toast@toast-new:Origin updated] Origin updated: OT: 2026-08-24 10:03:00,  Lat/Lon: -5.00474°/129.81°, Depth: 10.6572
2026/08/24 17:08:11.549926 [Incident:Info:toast@toast-new:FM updated] FM updated
2026/08/24 17:08:11.550212 [Simulation:Info:toast@toast-new:Simulation not generated] Magnitude 5.54 of event bmg2026qodc is smaller than triggerMinMagnitude: no automatic simulation
2026/08/24 17:08:31.291739 [Incident:Info:toast@toast-new:Origin updated] Origin updated: OT: 2026-08-24 10:03:00,  Lat/Lon: -5.00474°/129.81°, Depth: 10.6572
2026/08/24 17:08:31.291941 [Incident:Info:toast@toast-new:FM updated] FM updated
2026/08/24 17:08:31.292259 [Simulation:Info:toast@toast-new:Simulation not generated] Magnitude 5.54 of event bmg2026qodc is smaller than triggerMinMagnitude: no automatic simulation
2026/08/24 17:09:01.183304 [Incident:Info:toast@toast-new:Origin updated] Origin updated: OT: 2026-08-24 10:03:00,  Lat/Lon: -5.00474°/129.81°, Depth: 10.6572
2026/08/24 17:09:01.183487 [Incident:Info:toast@toast-new:FM updated] FM updated
2026/08/24 17:09:01.183721 [Simulation:Info:toast@toast-new:Simulation not generated] Magnitude 5.54 of event bmg2026qodc is smaller than triggerMinMagnitude: no automatic simulation
2026/08/24 17:09:11.424875 [Incident:Info:toast@toast-new:Origin updated] Origin updated: OT: 2026-08-24 10:03:00,  Lat/Lon: -5.00474°/129.81°, Depth: 10.6572
2026/08/24 17:09:11.425067 [Incident:Info:toast@toast-new:FM updated] FM updated
2026/08/24 17:09:11.425331 [Simulation:Info:toast@toast-new:Simulation not generated] Magnitude 5.54 of event bmg2026qodc is smaller than triggerMinMagnitude: no automatic simulation
2026/08/24 17:09:26.586196 [Incident:Info:toast@toast-new:Origin updated] Origin updated: OT: 2026-08-24 10:03:00,  Lat/Lon: -5.00474°/129.81°, Depth: 10.6572
2026/08/24 17:09:26.586400 [Incident:Info:toast@toast-new:FM updated] FM updated
2026/08/24 17:09:26.586703 [Simulation:Info:toast@toast-new:Simulation not generated] Magnitude 5.54 of event bmg2026qodc is smaller than triggerMinMagnitude: no automatic simulation
2026/08/24 17:10:48.615254 [Incident:Info:toast@toast-new:Origin updated] Origin updated: OT: 2026-08-24 10:03:00,  Lat/Lon: -5.00474°/129.81°, Depth: 10.6572
2026/08/24 17:10:48.615434 [Incident:Info:toast@toast-new:FM updated] FM updated
2026/08/24 17:10:48.615678 [Simulation:Info:toast@toast-new:Simulation not generated] Magnitude 5.54 of event bmg2026qodc is smaller than triggerMinMagnitude: no automatic simulation
2026/08/24 17:10:59.776057 [Incident:Info:toast@toast-new:Origin updated] Origin updated: OT: 2026-08-24 10:03:03,  Lat/Lon: -4.98663°/129.819°, Depth: 47.2148
2026/08/24 17:10:59.776278 [Incident:Info:toast@toast-new:Magnitude updated] Magnitude updated: 5.53 (Mw(mB))
2026/08/24 17:10:59.776337 [Simulation:Info:toast@toast-new:Simulation not generated] Magnitude 5.53 of event bmg2026qodc is smaller than triggerMinMagnitude: no automatic simulation
2026/08/24 17:12:33.185546 [Incident:Info:toast@toast-new:Origin updated] Origin updated: OT: 2026-08-24 10:03:03,  Lat/Lon: -4.97875°/129.797°, Depth: 49.4962
2026/08/24 17:12:33.185755 [Incident:Info:toast@toast-new:Magnitude updated] Magnitude updated: 5.54 (Mw(mB))
2026/08/24 17:12:33.185797 [Simulation:Info:toast@toast-new:Simulation not generated] Magnitude 5.54 of event bmg2026qodc is smaller than triggerMinMagnitude: no automatic simulation
2026/08/24 17:13:07.561896 [Incident:Info:toast@toast-new:Origin updated] Origin updated: OT: 2026-08-24 10:03:03,  Lat/Lon: -4.97875°/129.797°, Depth: 49.4962
2026/08/24 17:13:07.562087 [Incident:Info:toast@toast-new:Magnitude updated] Magnitude updated: 5.53 (Mw)
2026/08/24 17:13:07.562133 [Simulation:Info:toast@toast-new:Simulation not generated] Magnitude 5.53 of event bmg2026qodc is smaller than triggerMinMagnitude: no automatic simulation
2026/08/24 17:14:17.462946 [Incident:Info:toast@toast-new:Origin updated] Origin updated: OT: 2026-08-24 10:03:03,  Lat/Lon: -4.97875°/129.797°, Depth: 49.4962
2026/08/24 17:14:17.463142 [Incident:Info:toast@toast-new:Magnitude updated] Magnitude updated: 5.48 (Mw)
2026/08/24 17:14:17.463173 [Incident:Info:toast@toast-new:FM updated] FM updated
2026/08/24 17:14:17.463419 [Simulation:Info:toast@toast-new:Simulation not generated] Magnitude 5.48 of event bmg2026qodc is smaller than triggerMinMagnitude: no automatic simulation
2026/08/24 17:14:57.790640 [Incident:Info:toast@toast-new:Origin updated] Origin updated: OT: 2026-08-24 10:03:03,  Lat/Lon: -4.97875°/129.797°, Depth: 49.4962
2026/08/24 17:14:57.790816 [Incident:Info:toast@toast-new:Magnitude updated] Magnitude updated: 5.43 (Mw)
2026/08/24 17:14:57.790857 [Incident:Info:toast@toast-new:FM updated] FM updated
2026/08/24 17:14:57.791086 [Simulation:Info:toast@toast-new:Simulation not generated] Magnitude 5.43 of event bmg2026qodc is smaller than triggerMinMagnitude: no automatic simulation
2026/08/24 17:15:47.901430 [Incident:Info:toast@toast-new:Origin updated] Origin updated: OT: 2026-08-24 10:03:03,  Lat/Lon: -4.99792°/129.794°, Depth: 40
2026/08/24 17:15:47.901676 [Simulation:Info:toast@toast-new:Simulation not generated] Magnitude 5.43 of event bmg2026qodc is smaller than triggerMinMagnitude: no automatic simulation
2026/08/24 17:30:44.097060 [Incident:Info:toast@toast-new:Origin updated] Origin updated: OT: 2026-08-24 10:03:03,  Lat/Lon: -4.98154°/129.794°, Depth: 45.0278
2026/08/24 17:30:44.097276 [Simulation:Info:toast@toast-new:Simulation not generated] Magnitude 5.43 of event bmg2026qodc is smaller than triggerMinMagnitude: no automatic simulation
2026/08/24 17:31:29.173080 [Incident:Info:toast@toast-new:Origin updated] Origin updated: OT: 2026-08-24 10:03:03,  Lat/Lon: -4.98154°/129.794°, Depth: 45.0278
2026/08/24 17:31:29.173272 [Simulation:Info:toast@toast-new:Simulation not generated] Magnitude 5.43 of event bmg2026qodc is smaller than triggerMinMagnitude: no automatic simulation
2026/08/24 17:31:38.659798 [Incident:Info:toast@toast-new:Origin updated] Origin updated: OT: 2026-08-24 10:03:03,  Lat/Lon: -4.98154°/129.794°, Depth: 45.0278
2026/08/24 17:31:38.659985 [Simulation:Info:toast@toast-new:Simulation not generated] Magnitude 5.43 of event bmg2026qodc is smaller than triggerMinMagnitude: no automatic simulation
2026/08/24 17:31:55.538901 [Incident:Info:toast@toast-new:Origin updated] Origin updated: OT: 2026-08-24 10:03:03,  Lat/Lon: -4.99129°/129.792°, Depth: 39
2026/08/24 17:31:55.539112 [Simulation:Info:toast@toast-new:Simulation not generated] Magnitude 5.43 of event bmg2026qodc is smaller than triggerMinMagnitude: no automatic simulation
2026/08/24 20:16:40.275145 [Incident:Info:toast@toast-new:Origin updated] Origin updated: OT: 2026-08-24 10:03:03,  Lat/Lon: -4.99129°/129.792°, Depth: 39
2026/08/24 20:16:40.275331 [Incident:Info:toast@toast-new:Magnitude updated] Magnitude updated: 5.61 (MLv)
2026/08/24 20:16:40.275398 [Simulation:Info:toast@toast-new:Simulation not generated] Magnitude 5.61 of event bmg2026qodc is smaller than triggerMinMagnitude: no automatic simulation
2026/08/24 20:16:45.271653 [Incident:Info:toast@toast-new:Origin updated] Origin updated: OT: 2026-08-24 10:03:03,  Lat/Lon: -5.00437°/129.784°, Depth: 40.4976
2026/08/24 20:16:45.271853 [Incident:Info:toast@toast-new:Magnitude updated] Magnitude updated: 5.59 (MLv)
2026/08/24 20:16:45.271886 [Simulation:Info:toast@toast-new:Simulation not generated] Magnitude 5.59 of event bmg2026qodc is smaller than triggerMinMagnitude: no automatic simulation
2026/08/26 13:06:11.446329 [Incident:Info:toast@toast-new:Incident removed] Removed incident - Bye
