2026/08/22 08:32:35.549184 [Incident:Info:toast@toast-new:Displacement(s) updated] Added 0 and changed 0 displacements with 0 amplitudes
2026/08/22 08:32:35.552460 [Incident:Info:toast@toast-new:Incident created] Incident created based on event received from messaging: OT: 2026-08-22 01:31:00,  Lat/Lon: -8.05°/120.65°, Depth: 10.00, Mag: 5.22 (M)
2026/08/22 08:32:35.553065 [Simulation:Info:toast@toast-new:Simulation not generated] Magnitude 5.22 of event bmg2026qjvf is smaller than triggerMinMagnitude: no automatic simulation
2026/08/22 08:32:35.573274 [Incident:Info:toast@toast-new:Origin updated] Origin updated: OT: 2026-08-22 01:31:00,  Lat/Lon: -8.04595°/120.647°, Depth: 10
2026/08/22 08:32:35.573420 [Simulation:Info:toast@toast-new:Simulation not generated] Magnitude 5.22 of event bmg2026qjvf is smaller than triggerMinMagnitude: no automatic simulation
2026/08/22 08:32:37.678281 [Incident:Info:toast@toast-new:Origin updated] Origin updated: OT: 2026-08-22 01:31:00,  Lat/Lon: -8.04595°/120.647°, Depth: 10
2026/08/22 08:32:37.678436 [Incident:Info:toast@toast-new:Magnitude updated] Magnitude updated: 5.22 (M)
2026/08/22 08:32:37.678472 [Simulation:Info:toast@toast-new:Simulation not generated] Magnitude 5.22 of event bmg2026qjvf is smaller than triggerMinMagnitude: no automatic simulation
2026/08/22 08:32:39.634247 [Incident:Info:toast@toast-new:Origin updated] Origin updated: OT: 2026-08-22 01:30:59,  Lat/Lon: -7.98521°/120.688°, Depth: 10
2026/08/22 08:32:39.634462 [Incident:Info:toast@toast-new:Magnitude updated] Magnitude updated: 5.41 (M)
2026/08/22 08:32:39.634511 [Simulation:Info:toast@toast-new:Simulation not generated] Magnitude 5.41 of event bmg2026qjvf is smaller than triggerMinMagnitude: no automatic simulation
2026/08/22 08:32:57.824191 [Incident:Info:toast@toast-new:Origin updated] Origin updated: OT: 2026-08-22 01:31:00,  Lat/Lon: -8.03466°/120.68°, Depth: 10
2026/08/22 08:32:57.824424 [Incident:Info:toast@toast-new:Magnitude updated] Magnitude updated: 5.22 (MLv)
2026/08/22 08:32:57.824481 [Simulation:Info:toast@toast-new:Simulation not generated] Magnitude 5.22 of event bmg2026qjvf is smaller than triggerMinMagnitude: no automatic simulation
2026/08/22 08:32:57.899219 [Incident:Info:toast@toast-new:Origin updated] Origin updated: OT: 2026-08-22 01:31:00,  Lat/Lon: -8.03466°/120.68°, Depth: 10
2026/08/22 08:32:57.899329 [Incident:Info:toast@toast-new:Magnitude updated] Magnitude updated: 5.18 (M)
2026/08/22 08:32:57.899350 [Simulation:Info:toast@toast-new:Simulation not generated] Magnitude 5.18 of event bmg2026qjvf is smaller than triggerMinMagnitude: no automatic simulation
2026/08/22 08:32:59.664696 [Incident:Info:toast@toast-new:Origin updated] Origin updated: OT: 2026-08-22 01:31:00,  Lat/Lon: -8.03466°/120.68°, Depth: 10
2026/08/22 08:32:59.664879 [Incident:Info:toast@toast-new:Magnitude updated] Magnitude updated: 5.18 (M)
2026/08/22 08:32:59.664922 [Simulation:Info:toast@toast-new:Simulation not generated] Magnitude 5.18 of event bmg2026qjvf is smaller than triggerMinMagnitude: no automatic simulation
2026/08/22 08:33:02.368173 [Incident:Info:toast@toast-new:Origin updated] Origin updated: OT: 2026-08-22 01:31:00,  Lat/Lon: -8.03466°/120.68°, Depth: 10
2026/08/22 08:33:02.368353 [Incident:Info:toast@toast-new:Magnitude updated] Magnitude updated: 5.19 (M)
2026/08/22 08:33:02.368397 [Simulation:Info:toast@toast-new:Simulation not generated] Magnitude 5.19 of event bmg2026qjvf is smaller than triggerMinMagnitude: no automatic simulation
2026/08/22 08:33:04.711756 [Incident:Info:toast@toast-new:Origin updated] Origin updated: OT: 2026-08-22 01:31:00,  Lat/Lon: -8.03466°/120.68°, Depth: 10
2026/08/22 08:33:04.711939 [Incident:Info:toast@toast-new:Magnitude updated] Magnitude updated: 5.23 (M)
2026/08/22 08:33:04.711985 [Simulation:Info:toast@toast-new:Simulation not generated] Magnitude 5.23 of event bmg2026qjvf is smaller than triggerMinMagnitude: no automatic simulation
2026/08/22 08:33:09.734617 [Incident:Info:toast@toast-new:Origin updated] Origin updated: OT: 2026-08-22 01:31:00,  Lat/Lon: -8.03466°/120.68°, Depth: 10
2026/08/22 08:33:09.734788 [Incident:Info:toast@toast-new:Magnitude updated] Magnitude updated: 5.24 (M)
2026/08/22 08:33:09.734818 [Simulation:Info:toast@toast-new:Simulation not generated] Magnitude 5.24 of event bmg2026qjvf is smaller than triggerMinMagnitude: no automatic simulation
2026/08/22 08:33:14.725618 [Incident:Info:toast@toast-new:Origin updated] Origin updated: OT: 2026-08-22 01:31:00,  Lat/Lon: -8.03466°/120.68°, Depth: 10
2026/08/22 08:33:14.725776 [Incident:Info:toast@toast-new:Magnitude updated] Magnitude updated: 5.25 (M)
2026/08/22 08:33:14.725824 [Simulation:Info:toast@toast-new:Simulation not generated] Magnitude 5.25 of event bmg2026qjvf is smaller than triggerMinMagnitude: no automatic simulation
2026/08/22 08:33:19.762251 [Incident:Info:toast@toast-new:Origin updated] Origin updated: OT: 2026-08-22 01:31:00,  Lat/Lon: -8.03466°/120.68°, Depth: 10
2026/08/22 08:33:19.764262 [Incident:Info:toast@toast-new:Magnitude updated] Magnitude updated: 5.28 (M)
2026/08/22 08:33:19.764354 [Simulation:Info:toast@toast-new:Simulation not generated] Magnitude 5.28 of event bmg2026qjvf is smaller than triggerMinMagnitude: no automatic simulation
2026/08/22 08:33:24.482425 [Incident:Info:toast@toast-new:Origin updated] Origin updated: OT: 2026-08-22 01:31:00,  Lat/Lon: -8.03466°/120.68°, Depth: 10
2026/08/22 08:33:24.482609 [Incident:Info:toast@toast-new:Magnitude updated] Magnitude updated: 5.28 (M)
2026/08/22 08:33:24.482653 [Simulation:Info:toast@toast-new:Simulation not generated] Magnitude 5.28 of event bmg2026qjvf is smaller than triggerMinMagnitude: no automatic simulation
2026/08/22 08:33:25.457890 [Incident:Info:toast@toast-new:Origin updated] Origin updated: OT: 2026-08-22 01:31:00,  Lat/Lon: -8.04026°/120.679°, Depth: 10
2026/08/22 08:33:25.458087 [Incident:Info:toast@toast-new:Magnitude updated] Magnitude updated: 5.26 (MLv)
2026/08/22 08:33:25.458131 [Simulation:Info:toast@toast-new:Simulation not generated] Magnitude 5.26 of event bmg2026qjvf is smaller than triggerMinMagnitude: no automatic simulation
2026/08/22 08:33:25.545507 [Incident:Info:toast@toast-new:Origin updated] Origin updated: OT: 2026-08-22 01:31:00,  Lat/Lon: -8.04026°/120.679°, Depth: 10
2026/08/22 08:33:25.545654 [Incident:Info:toast@toast-new:Magnitude updated] Magnitude updated: 5.25 (M)
2026/08/22 08:33:25.545703 [Simulation:Info:toast@toast-new:Simulation not generated] Magnitude 5.25 of event bmg2026qjvf is smaller than triggerMinMagnitude: no automatic simulation
2026/08/22 08:33:29.863740 [Incident:Info:toast@toast-new:Origin updated] Origin updated: OT: 2026-08-22 01:31:00,  Lat/Lon: -8.04026°/120.679°, Depth: 10
2026/08/22 08:33:29.864602 [Incident:Info:toast@toast-new:Magnitude updated] Magnitude updated: 5.23 (M)
2026/08/22 08:33:29.864653 [Simulation:Info:toast@toast-new:Simulation not generated] Magnitude 5.23 of event bmg2026qjvf is smaller than triggerMinMagnitude: no automatic simulation
2026/08/22 08:33:34.839027 [Incident:Info:toast@toast-new:Origin updated] Origin updated: OT: 2026-08-22 01:31:00,  Lat/Lon: -8.04026°/120.679°, Depth: 10
2026/08/22 08:33:34.839230 [Incident:Info:toast@toast-new:Magnitude updated] Magnitude updated: 5.25 (M)
2026/08/22 08:33:34.839302 [Simulation:Info:toast@toast-new:Simulation not generated] Magnitude 5.25 of event bmg2026qjvf is smaller than triggerMinMagnitude: no automatic simulation
2026/08/22 08:33:39.811702 [Incident:Info:toast@toast-new:Origin updated] Origin updated: OT: 2026-08-22 01:31:00,  Lat/Lon: -8.04026°/120.679°, Depth: 10
2026/08/22 08:33:39.811888 [Incident:Info:toast@toast-new:Magnitude updated] Magnitude updated: 5.25 (M)
2026/08/22 08:33:39.811930 [Simulation:Info:toast@toast-new:Simulation not generated] Magnitude 5.25 of event bmg2026qjvf is smaller than triggerMinMagnitude: no automatic simulation
2026/08/22 08:33:44.811591 [Incident:Info:toast@toast-new:Origin updated] Origin updated: OT: 2026-08-22 01:31:00,  Lat/Lon: -8.04026°/120.679°, Depth: 10
2026/08/22 08:33:44.811771 [Incident:Info:toast@toast-new:Magnitude updated] Magnitude updated: 5.26 (M)
2026/08/22 08:33:44.811831 [Simulation:Info:toast@toast-new:Simulation not generated] Magnitude 5.26 of event bmg2026qjvf is smaller than triggerMinMagnitude: no automatic simulation
2026/08/22 08:33:49.811157 [Incident:Info:toast@toast-new:Origin updated] Origin updated: OT: 2026-08-22 01:31:00,  Lat/Lon: -8.04026°/120.679°, Depth: 10
2026/08/22 08:33:49.811341 [Incident:Info:toast@toast-new:Magnitude updated] Magnitude updated: 5.26 (M)
2026/08/22 08:33:49.811383 [Simulation:Info:toast@toast-new:Simulation not generated] Magnitude 5.26 of event bmg2026qjvf is smaller than triggerMinMagnitude: no automatic simulation
2026/08/22 08:33:50.596092 [Incident:Info:toast@toast-new:Origin updated] Origin updated: OT: 2026-08-22 01:31:00,  Lat/Lon: -8.04026°/120.679°, Depth: 10
2026/08/22 08:33:50.596279 [Incident:Info:toast@toast-new:Magnitude updated] Magnitude updated: 5.26 (M)
2026/08/22 08:33:50.596323 [Simulation:Info:toast@toast-new:Simulation not generated] Magnitude 5.26 of event bmg2026qjvf is smaller than triggerMinMagnitude: no automatic simulation
2026/08/22 08:33:54.840824 [Incident:Info:toast@toast-new:Origin updated] Origin updated: OT: 2026-08-22 01:31:00,  Lat/Lon: -8.04026°/120.679°, Depth: 10
2026/08/22 08:33:54.841007 [Incident:Info:toast@toast-new:Magnitude updated] Magnitude updated: 5.27 (M)
2026/08/22 08:33:54.841052 [Simulation:Info:toast@toast-new:Simulation not generated] Magnitude 5.27 of event bmg2026qjvf is smaller than triggerMinMagnitude: no automatic simulation
2026/08/22 08:33:59.889330 [Incident:Info:toast@toast-new:Origin updated] Origin updated: OT: 2026-08-22 01:31:00,  Lat/Lon: -8.04026°/120.679°, Depth: 10
2026/08/22 08:33:59.889505 [Incident:Info:toast@toast-new:Magnitude updated] Magnitude updated: 5.27 (M)
2026/08/22 08:33:59.889535 [Simulation:Info:toast@toast-new:Simulation not generated] Magnitude 5.27 of event bmg2026qjvf is smaller than triggerMinMagnitude: no automatic simulation
2026/08/22 08:34:04.748159 [Incident:Info:toast@toast-new:Origin updated] Origin updated: OT: 2026-08-22 01:31:00,  Lat/Lon: -8.04026°/120.679°, Depth: 10
2026/08/22 08:34:04.748347 [Incident:Info:toast@toast-new:Magnitude updated] Magnitude updated: 5.27 (M)
2026/08/22 08:34:04.748391 [Simulation:Info:toast@toast-new:Simulation not generated] Magnitude 5.27 of event bmg2026qjvf is smaller than triggerMinMagnitude: no automatic simulation
2026/08/22 08:34:09.876496 [Incident:Info:toast@toast-new:Origin updated] Origin updated: OT: 2026-08-22 01:31:00,  Lat/Lon: -8.04026°/120.679°, Depth: 10
2026/08/22 08:34:09.876674 [Incident:Info:toast@toast-new:Magnitude updated] Magnitude updated: 5.27 (M)
2026/08/22 08:34:09.876706 [Simulation:Info:toast@toast-new:Simulation not generated] Magnitude 5.27 of event bmg2026qjvf is smaller than triggerMinMagnitude: no automatic simulation
2026/08/22 08:34:14.843836 [Incident:Info:toast@toast-new:Origin updated] Origin updated: OT: 2026-08-22 01:31:00,  Lat/Lon: -8.04026°/120.679°, Depth: 10
2026/08/22 08:34:14.844022 [Incident:Info:toast@toast-new:Magnitude updated] Magnitude updated: 5.27 (M)
2026/08/22 08:34:14.844064 [Simulation:Info:toast@toast-new:Simulation not generated] Magnitude 5.27 of event bmg2026qjvf is smaller than triggerMinMagnitude: no automatic simulation
2026/08/22 08:34:16.125877 [Incident:Info:toast@toast-new:Origin updated] Origin updated: OT: 2026-08-22 01:31:01,  Lat/Lon: -8.06147°/120.661°, Depth: 10
2026/08/22 08:34:16.126092 [Incident:Info:toast@toast-new:Magnitude updated] Magnitude updated: 5.33 (MLv)
2026/08/22 08:34:16.126139 [Simulation:Info:toast@toast-new:Simulation not generated] Magnitude 5.33 of event bmg2026qjvf is smaller than triggerMinMagnitude: no automatic simulation
2026/08/22 08:34:16.226031 [Incident:Info:toast@toast-new:Origin updated] Origin updated: OT: 2026-08-22 01:31:01,  Lat/Lon: -8.06147°/120.661°, Depth: 10
2026/08/22 08:34:16.226190 [Incident:Info:toast@toast-new:Magnitude updated] Magnitude updated: 5.23 (M)
2026/08/22 08:34:16.226244 [Simulation:Info:toast@toast-new:Simulation not generated] Magnitude 5.23 of event bmg2026qjvf is smaller than triggerMinMagnitude: no automatic simulation
2026/08/22 08:34:19.798426 [Incident:Info:toast@toast-new:Origin updated] Origin updated: OT: 2026-08-22 01:31:01,  Lat/Lon: -8.06147°/120.661°, Depth: 10
2026/08/22 08:34:19.798599 [Incident:Info:toast@toast-new:Magnitude updated] Magnitude updated: 5.22 (M)
2026/08/22 08:34:19.798635 [Simulation:Info:toast@toast-new:Simulation not generated] Magnitude 5.22 of event bmg2026qjvf is smaller than triggerMinMagnitude: no automatic simulation
2026/08/22 08:34:23.007901 [Incident:Info:toast@toast-new:Origin updated] Origin updated: OT: 2026-08-22 01:31:01,  Lat/Lon: -8.06147°/120.661°, Depth: 10
2026/08/22 08:34:23.008054 [Incident:Info:toast@toast-new:Magnitude updated] Magnitude updated: 5.21 (M)
2026/08/22 08:34:23.008084 [Simulation:Info:toast@toast-new:Simulation not generated] Magnitude 5.21 of event bmg2026qjvf is smaller than triggerMinMagnitude: no automatic simulation
2026/08/22 08:34:24.843167 [Incident:Info:toast@toast-new:Origin updated] Origin updated: OT: 2026-08-22 01:31:01,  Lat/Lon: -8.06147°/120.661°, Depth: 10
2026/08/22 08:34:24.843376 [Incident:Info:toast@toast-new:Magnitude updated] Magnitude updated: 5.21 (M)
2026/08/22 08:34:24.843429 [Simulation:Info:toast@toast-new:Simulation not generated] Magnitude 5.21 of event bmg2026qjvf is smaller than triggerMinMagnitude: no automatic simulation
2026/08/22 08:34:29.902187 [Incident:Info:toast@toast-new:Origin updated] Origin updated: OT: 2026-08-22 01:31:01,  Lat/Lon: -8.06147°/120.661°, Depth: 10
2026/08/22 08:34:29.902363 [Incident:Info:toast@toast-new:Magnitude updated] Magnitude updated: 5.21 (M)
2026/08/22 08:34:29.902394 [Simulation:Info:toast@toast-new:Simulation not generated] Magnitude 5.21 of event bmg2026qjvf is smaller than triggerMinMagnitude: no automatic simulation
2026/08/22 08:34:34.850425 [Incident:Info:toast@toast-new:Origin updated] Origin updated: OT: 2026-08-22 01:31:01,  Lat/Lon: -8.06147°/120.661°, Depth: 10
2026/08/22 08:34:34.850614 [Incident:Info:toast@toast-new:Magnitude updated] Magnitude updated: 5.22 (M)
2026/08/22 08:34:34.850657 [Simulation:Info:toast@toast-new:Simulation not generated] Magnitude 5.22 of event bmg2026qjvf is smaller than triggerMinMagnitude: no automatic simulation
2026/08/22 08:34:39.911427 [Incident:Info:toast@toast-new:Origin updated] Origin updated: OT: 2026-08-22 01:31:01,  Lat/Lon: -8.06147°/120.661°, Depth: 10
2026/08/22 08:34:39.911590 [Incident:Info:toast@toast-new:Magnitude updated] Magnitude updated: 5.22 (M)
2026/08/22 08:34:39.911618 [Simulation:Info:toast@toast-new:Simulation not generated] Magnitude 5.22 of event bmg2026qjvf is smaller than triggerMinMagnitude: no automatic simulation
2026/08/22 08:34:44.854665 [Incident:Info:toast@toast-new:Origin updated] Origin updated: OT: 2026-08-22 01:31:01,  Lat/Lon: -8.06147°/120.661°, Depth: 10
2026/08/22 08:34:44.854827 [Incident:Info:toast@toast-new:Magnitude updated] Magnitude updated: 5.22 (M)
2026/08/22 08:34:44.854857 [Simulation:Info:toast@toast-new:Simulation not generated] Magnitude 5.22 of event bmg2026qjvf is smaller than triggerMinMagnitude: no automatic simulation
2026/08/22 08:34:49.786069 [Incident:Info:toast@toast-new:Origin updated] Origin updated: OT: 2026-08-22 01:31:01,  Lat/Lon: -8.06147°/120.661°, Depth: 10
2026/08/22 08:34:49.786283 [Incident:Info:toast@toast-new:Magnitude updated] Magnitude updated: 5.22 (M)
2026/08/22 08:34:49.786330 [Simulation:Info:toast@toast-new:Simulation not generated] Magnitude 5.22 of event bmg2026qjvf is smaller than triggerMinMagnitude: no automatic simulation
2026/08/22 08:34:54.843292 [Incident:Info:toast@toast-new:Origin updated] Origin updated: OT: 2026-08-22 01:31:01,  Lat/Lon: -8.06147°/120.661°, Depth: 10
2026/08/22 08:34:54.843468 [Incident:Info:toast@toast-new:Magnitude updated] Magnitude updated: 5.22 (M)
2026/08/22 08:34:54.843500 [Simulation:Info:toast@toast-new:Simulation not generated] Magnitude 5.22 of event bmg2026qjvf is smaller than triggerMinMagnitude: no automatic simulation
2026/08/22 08:34:59.515029 [Incident:Info:toast@toast-new:Origin updated] Origin updated: OT: 2026-08-22 01:31:01,  Lat/Lon: -8.06147°/120.661°, Depth: 10
2026/08/22 08:34:59.515209 [Incident:Info:toast@toast-new:Magnitude updated] Magnitude updated: 5.22 (M)
2026/08/22 08:34:59.515250 [Simulation:Info:toast@toast-new:Simulation not generated] Magnitude 5.22 of event bmg2026qjvf is smaller than triggerMinMagnitude: no automatic simulation
2026/08/22 08:35:04.887854 [Incident:Info:toast@toast-new:Origin updated] Origin updated: OT: 2026-08-22 01:31:01,  Lat/Lon: -8.06147°/120.661°, Depth: 10
2026/08/22 08:35:04.888803 [Incident:Info:toast@toast-new:Magnitude updated] Magnitude updated: 5.22 (M)
2026/08/22 08:35:04.888899 [Simulation:Info:toast@toast-new:Simulation not generated] Magnitude 5.22 of event bmg2026qjvf is smaller than triggerMinMagnitude: no automatic simulation
2026/08/22 08:35:09.906795 [Incident:Info:toast@toast-new:Origin updated] Origin updated: OT: 2026-08-22 01:31:01,  Lat/Lon: -8.06147°/120.661°, Depth: 10
2026/08/22 08:35:09.908402 [Incident:Info:toast@toast-new:Magnitude updated] Magnitude updated: 5.22 (M)
2026/08/22 08:35:09.908442 [Simulation:Info:toast@toast-new:Simulation not generated] Magnitude 5.22 of event bmg2026qjvf is smaller than triggerMinMagnitude: no automatic simulation
2026/08/22 08:35:14.751393 [Incident:Info:toast@toast-new:Origin updated] Origin updated: OT: 2026-08-22 01:31:01,  Lat/Lon: -8.06147°/120.661°, Depth: 10
2026/08/22 08:35:14.751571 [Incident:Info:toast@toast-new:Magnitude updated] Magnitude updated: 5.22 (M)
2026/08/22 08:35:14.751612 [Simulation:Info:toast@toast-new:Simulation not generated] Magnitude 5.22 of event bmg2026qjvf is smaller than triggerMinMagnitude: no automatic simulation
2026/08/22 08:35:19.757318 [Incident:Info:toast@toast-new:Origin updated] Origin updated: OT: 2026-08-22 01:31:01,  Lat/Lon: -8.06147°/120.661°, Depth: 10
2026/08/22 08:35:19.757485 [Incident:Info:toast@toast-new:Magnitude updated] Magnitude updated: 5.22 (M)
2026/08/22 08:35:19.757515 [Simulation:Info:toast@toast-new:Simulation not generated] Magnitude 5.22 of event bmg2026qjvf is smaller than triggerMinMagnitude: no automatic simulation
2026/08/22 08:35:24.568436 [Incident:Info:toast@toast-new:Origin updated] Origin updated: OT: 2026-08-22 01:31:01,  Lat/Lon: -8.06147°/120.661°, Depth: 10
2026/08/22 08:35:24.568599 [Incident:Info:toast@toast-new:FM updated] FM updated
2026/08/22 08:35:24.568833 [Simulation:Info:toast@toast-new:Simulation not generated] Magnitude 5.22 of event bmg2026qjvf is smaller than triggerMinMagnitude: no automatic simulation
2026/08/22 08:35:29.748970 [Incident:Info:toast@toast-new:Origin updated] Origin updated: OT: 2026-08-22 01:31:01,  Lat/Lon: -8.06147°/120.661°, Depth: 10
2026/08/22 08:35:29.749134 [Incident:Info:toast@toast-new:Magnitude updated] Magnitude updated: 5.22 (M)
2026/08/22 08:35:29.749175 [Simulation:Info:toast@toast-new:Simulation not generated] Magnitude 5.22 of event bmg2026qjvf is smaller than triggerMinMagnitude: no automatic simulation
2026/08/22 08:36:00.519565 [Incident:Info:toast@toast-new:Origin updated] Origin updated: OT: 2026-08-22 01:31:01,  Lat/Lon: -8.06147°/120.661°, Depth: 10
2026/08/22 08:36:00.519754 [Incident:Info:toast@toast-new:Magnitude updated] Magnitude updated: 5.15 (Mw)
2026/08/22 08:36:00.519818 [Simulation:Info:toast@toast-new:Simulation not generated] Magnitude 5.15 of event bmg2026qjvf is smaller than triggerMinMagnitude: no automatic simulation
2026/08/22 08:44:32.345441 [Incident:Info:toast@toast-new:Origin updated] Origin updated: OT: 2026-08-22 01:31:01,  Lat/Lon: -8.0739°/120.661°, Depth: 16
2026/08/22 08:44:32.345661 [Simulation:Info:toast@toast-new:Simulation not generated] Magnitude 5.15 of event bmg2026qjvf is smaller than triggerMinMagnitude: no automatic simulation
2026/08/22 16:59:35.731868 [Incident:Info:toast@toast-new:Origin updated] Origin updated: OT: 2026-08-22 01:31:00,  Lat/Lon: -8.07103°/120.693°, Depth: 10
2026/08/22 16:59:35.732091 [Incident:Info:toast@toast-new:FM updated] FM updated
2026/08/22 16:59:35.732385 [Simulation:Info:toast@toast-new:Simulation not generated] Magnitude 5.15 of event bmg2026qjvf is smaller than triggerMinMagnitude: no automatic simulation
2026/08/22 17:00:20.369585 [Incident:Info:toast@toast-new:Origin updated] Origin updated: OT: 2026-08-22 01:31:00,  Lat/Lon: -8.07103°/120.693°, Depth: 10
2026/08/22 17:00:20.369779 [Incident:Info:toast@toast-new:Magnitude updated] Magnitude updated: 5.30 (mb)
2026/08/22 17:00:20.369846 [Simulation:Info:toast@toast-new:Simulation not generated] Magnitude 5.30 of event bmg2026qjvf is smaller than triggerMinMagnitude: no automatic simulation
2026/08/22 17:38:09.728588 [Incident:Info:toast@toast-new:Origin updated] Origin updated: OT: 2026-08-22 01:31:00,  Lat/Lon: -8.07103°/120.693°, Depth: 10
2026/08/22 17:38:09.728773 [Incident:Info:toast@toast-new:FM updated] FM updated
2026/08/22 17:38:09.729047 [Simulation:Info:toast@toast-new:Simulation not generated] Magnitude 5.30 of event bmg2026qjvf is smaller than triggerMinMagnitude: no automatic simulation
2026/08/26 13:06:12.916214 [Incident:Info:toast@toast-new:Incident removed] Removed incident - Bye
