2026/08/20 05:47:04.351048 [Incident:Info:toast@toast-new:Displacement(s) updated] Added 0 and changed 0 displacements with 0 amplitudes
2026/08/20 05:47:04.351494 [Incident:Info:toast@toast-new:Incident created] Incident created based on event received from messaging: OT: 2026-08-19 22:45:20,  Lat/Lon: -8.29°/120.51°, Depth: 10.00, Mag: 5.65 (M)
2026/08/20 05:47:04.351863 [Simulation:Info:toast@toast-new:Simulation not generated] Magnitude 5.65 of event bmg2026qfyt is smaller than triggerMinMagnitude: no automatic simulation
2026/08/20 05:47:04.380372 [Incident:Info:toast@toast-new:Origin updated] Origin updated: OT: 2026-08-19 22:45:20,  Lat/Lon: -8.28712°/120.509°, Depth: 10
2026/08/20 05:47:04.380477 [Simulation:Info:toast@toast-new:Simulation not generated] Magnitude 5.65 of event bmg2026qfyt is smaller than triggerMinMagnitude: no automatic simulation
2026/08/20 05:47:04.784981 [Incident:Info:toast@toast-new:Origin updated] Origin updated: OT: 2026-08-19 22:45:20,  Lat/Lon: -8.28712°/120.509°, Depth: 10
2026/08/20 05:47:04.785114 [Incident:Info:toast@toast-new:Magnitude updated] Magnitude updated: 5.65 (M)
2026/08/20 05:47:04.785160 [Simulation:Info:toast@toast-new:Simulation not generated] Magnitude 5.65 of event bmg2026qfyt is smaller than triggerMinMagnitude: no automatic simulation
2026/08/20 05:47:09.728551 [Incident:Info:toast@toast-new:Origin updated] Origin updated: OT: 2026-08-19 22:45:20,  Lat/Lon: -8.28712°/120.509°, Depth: 10
2026/08/20 05:47:09.728699 [Incident:Info:toast@toast-new:Magnitude updated] Magnitude updated: 5.66 (M)
2026/08/20 05:47:09.728746 [Simulation:Info:toast@toast-new:Simulation not generated] Magnitude 5.66 of event bmg2026qfyt is smaller than triggerMinMagnitude: no automatic simulation
2026/08/20 05:47:10.281261 [Incident:Info:toast@toast-new:Origin updated] Origin updated: OT: 2026-08-19 22:45:18,  Lat/Lon: -8.26573°/120.603°, Depth: 10
2026/08/20 05:47:10.281469 [Incident:Info:toast@toast-new:Magnitude updated] Magnitude updated: 6.02 (MLv)
2026/08/20 05:47:10.281524 [Simulation:Info:toast@toast-new:Simulation not generated] Magnitude 6.02 of event bmg2026qfyt is smaller than triggerMinMagnitude: no automatic simulation
2026/08/20 05:47:10.305869 [Incident:Info:toast@toast-new:Origin updated] Origin updated: OT: 2026-08-19 22:45:18,  Lat/Lon: -8.26573°/120.603°, Depth: 10
2026/08/20 05:47:10.305993 [Incident:Info:toast@toast-new:Magnitude updated] Magnitude updated: 6.17 (M)
2026/08/20 05:47:10.306041 [Simulation:Info:toast@toast-new:Simulation not generated] Magnitude 6.17 of event bmg2026qfyt is smaller than triggerMinMagnitude: no automatic simulation
2026/08/20 05:47:32.749222 [Incident:Info:toast@toast-new:Origin updated] Origin updated: OT: 2026-08-19 22:45:19,  Lat/Lon: -8.29775°/120.595°, Depth: 10
2026/08/20 05:47:32.749377 [Incident:Info:toast@toast-new:Magnitude updated] Magnitude updated: 5.56 (MLv)
2026/08/20 05:47:32.749416 [Simulation:Info:toast@toast-new:Simulation not generated] Magnitude 5.56 of event bmg2026qfyt is smaller than triggerMinMagnitude: no automatic simulation
2026/08/20 05:47:32.876429 [Incident:Info:toast@toast-new:Origin updated] Origin updated: OT: 2026-08-19 22:45:19,  Lat/Lon: -8.29775°/120.595°, Depth: 10
2026/08/20 05:47:32.876518 [Incident:Info:toast@toast-new:Magnitude updated] Magnitude updated: 5.61 (M)
2026/08/20 05:47:32.876540 [Simulation:Info:toast@toast-new:Simulation not generated] Magnitude 5.61 of event bmg2026qfyt is smaller than triggerMinMagnitude: no automatic simulation
2026/08/20 05:47:34.216311 [Incident:Info:toast@toast-new:Origin updated] Origin updated: OT: 2026-08-19 22:45:19,  Lat/Lon: -8.29775°/120.595°, Depth: 10
2026/08/20 05:47:34.216471 [Incident:Info:toast@toast-new:Magnitude updated] Magnitude updated: 5.61 (M)
2026/08/20 05:47:34.216506 [Simulation:Info:toast@toast-new:Simulation not generated] Magnitude 5.61 of event bmg2026qfyt is smaller than triggerMinMagnitude: no automatic simulation
2026/08/20 05:47:34.633432 [Incident:Info:toast@toast-new:Origin updated] Origin updated: OT: 2026-08-19 22:45:19,  Lat/Lon: -8.29775°/120.595°, Depth: 10
2026/08/20 05:47:34.633634 [Incident:Info:toast@toast-new:Magnitude updated] Magnitude updated: 5.61 (M)
2026/08/20 05:47:34.633670 [Simulation:Info:toast@toast-new:Simulation not generated] Magnitude 5.61 of event bmg2026qfyt is smaller than triggerMinMagnitude: no automatic simulation
2026/08/20 05:47:39.864770 [Incident:Info:toast@toast-new:Origin updated] Origin updated: OT: 2026-08-19 22:45:19,  Lat/Lon: -8.29775°/120.595°, Depth: 10
2026/08/20 05:47:39.864928 [Incident:Info:toast@toast-new:Magnitude updated] Magnitude updated: 5.62 (M)
2026/08/20 05:47:39.864976 [Simulation:Info:toast@toast-new:Simulation not generated] Magnitude 5.62 of event bmg2026qfyt is smaller than triggerMinMagnitude: no automatic simulation
2026/08/20 05:47:44.865324 [Incident:Info:toast@toast-new:Origin updated] Origin updated: OT: 2026-08-19 22:45:19,  Lat/Lon: -8.29775°/120.595°, Depth: 10
2026/08/20 05:47:44.901620 [Incident:Info:toast@toast-new:Magnitude updated] Magnitude updated: 5.64 (M)
2026/08/20 05:47:44.901700 [Simulation:Info:toast@toast-new:Simulation not generated] Magnitude 5.64 of event bmg2026qfyt is smaller than triggerMinMagnitude: no automatic simulation
2026/08/20 05:47:49.856541 [Incident:Info:toast@toast-new:Origin updated] Origin updated: OT: 2026-08-19 22:45:19,  Lat/Lon: -8.29775°/120.595°, Depth: 10
2026/08/20 05:47:49.856696 [Incident:Info:toast@toast-new:Magnitude updated] Magnitude updated: 5.62 (M)
2026/08/20 05:47:49.856729 [Simulation:Info:toast@toast-new:Simulation not generated] Magnitude 5.62 of event bmg2026qfyt is smaller than triggerMinMagnitude: no automatic simulation
2026/08/20 05:47:54.821033 [Incident:Info:toast@toast-new:Origin updated] Origin updated: OT: 2026-08-19 22:45:19,  Lat/Lon: -8.29775°/120.595°, Depth: 10
2026/08/20 05:47:54.821139 [Incident:Info:toast@toast-new:Magnitude updated] Magnitude updated: 5.62 (M)
2026/08/20 05:47:54.821162 [Simulation:Info:toast@toast-new:Simulation not generated] Magnitude 5.62 of event bmg2026qfyt is smaller than triggerMinMagnitude: no automatic simulation
2026/08/20 05:47:55.759209 [Incident:Info:toast@toast-new:Origin updated] Origin updated: OT: 2026-08-19 22:45:19,  Lat/Lon: -8.29775°/120.595°, Depth: 10
2026/08/20 05:47:55.759352 [Incident:Info:toast@toast-new:FM updated] FM updated
2026/08/20 05:47:55.759595 [Simulation:Info:toast@toast-new:Simulation not generated] Magnitude 5.62 of event bmg2026qfyt is smaller than triggerMinMagnitude: no automatic simulation
2026/08/20 05:47:59.895156 [Incident:Info:toast@toast-new:Origin updated] Origin updated: OT: 2026-08-19 22:45:19,  Lat/Lon: -8.29775°/120.595°, Depth: 10
2026/08/20 05:47:59.895285 [Incident:Info:toast@toast-new:Magnitude updated] Magnitude updated: 5.63 (M)
2026/08/20 05:47:59.895318 [Simulation:Info:toast@toast-new:Simulation not generated] Magnitude 5.63 of event bmg2026qfyt is smaller than triggerMinMagnitude: no automatic simulation
2026/08/20 05:48:04.713589 [Incident:Info:toast@toast-new:Origin updated] Origin updated: OT: 2026-08-19 22:45:19,  Lat/Lon: -8.29775°/120.595°, Depth: 10
2026/08/20 05:48:04.713746 [Incident:Info:toast@toast-new:Magnitude updated] Magnitude updated: 5.64 (M)
2026/08/20 05:48:04.713782 [Simulation:Info:toast@toast-new:Simulation not generated] Magnitude 5.64 of event bmg2026qfyt is smaller than triggerMinMagnitude: no automatic simulation
2026/08/20 05:48:09.790498 [Incident:Info:toast@toast-new:Origin updated] Origin updated: OT: 2026-08-19 22:45:19,  Lat/Lon: -8.29775°/120.595°, Depth: 10
2026/08/20 05:48:09.790642 [Incident:Info:toast@toast-new:Magnitude updated] Magnitude updated: 5.65 (M)
2026/08/20 05:48:09.790675 [Simulation:Info:toast@toast-new:Simulation not generated] Magnitude 5.65 of event bmg2026qfyt is smaller than triggerMinMagnitude: no automatic simulation
2026/08/20 05:48:14.860968 [Incident:Info:toast@toast-new:Origin updated] Origin updated: OT: 2026-08-19 22:45:19,  Lat/Lon: -8.29775°/120.595°, Depth: 10
2026/08/20 05:48:14.861129 [Incident:Info:toast@toast-new:Magnitude updated] Magnitude updated: 5.66 (M)
2026/08/20 05:48:14.861202 [Simulation:Info:toast@toast-new:Simulation not generated] Magnitude 5.66 of event bmg2026qfyt is smaller than triggerMinMagnitude: no automatic simulation
2026/08/20 05:48:19.865380 [Incident:Info:toast@toast-new:Origin updated] Origin updated: OT: 2026-08-19 22:45:19,  Lat/Lon: -8.29775°/120.595°, Depth: 10
2026/08/20 05:48:19.865544 [Incident:Info:toast@toast-new:Magnitude updated] Magnitude updated: 5.73 (M)
2026/08/20 05:48:19.865581 [Simulation:Info:toast@toast-new:Simulation not generated] Magnitude 5.73 of event bmg2026qfyt is smaller than triggerMinMagnitude: no automatic simulation
2026/08/20 05:48:23.724564 [Incident:Info:toast@toast-new:Origin updated] Origin updated: OT: 2026-08-19 22:45:19,  Lat/Lon: -8.29775°/120.595°, Depth: 10
2026/08/20 05:48:23.724695 [Incident:Info:toast@toast-new:Magnitude updated] Magnitude updated: 5.74 (M)
2026/08/20 05:48:23.724723 [Simulation:Info:toast@toast-new:Simulation not generated] Magnitude 5.74 of event bmg2026qfyt is smaller than triggerMinMagnitude: no automatic simulation
2026/08/20 05:48:24.740534 [Incident:Info:toast@toast-new:Origin updated] Origin updated: OT: 2026-08-19 22:45:19,  Lat/Lon: -8.29775°/120.595°, Depth: 10
2026/08/20 05:48:24.740673 [Incident:Info:toast@toast-new:Magnitude updated] Magnitude updated: 5.74 (M)
2026/08/20 05:48:24.740700 [Simulation:Info:toast@toast-new:Simulation not generated] Magnitude 5.74 of event bmg2026qfyt is smaller than triggerMinMagnitude: no automatic simulation
2026/08/20 05:48:25.588527 [Incident:Info:toast@toast-new:Origin updated] Origin updated: OT: 2026-08-19 22:45:19,  Lat/Lon: -8.29775°/120.595°, Depth: 10
2026/08/20 05:48:25.588672 [Incident:Info:toast@toast-new:FM updated] FM updated
2026/08/20 05:48:25.588928 [Simulation:Info:toast@toast-new:Simulation not generated] Magnitude 5.74 of event bmg2026qfyt is smaller than triggerMinMagnitude: no automatic simulation
2026/08/20 05:48:29.715084 [Incident:Info:toast@toast-new:Origin updated] Origin updated: OT: 2026-08-19 22:45:19,  Lat/Lon: -8.29775°/120.595°, Depth: 10
2026/08/20 05:48:29.715221 [Incident:Info:toast@toast-new:Magnitude updated] Magnitude updated: 5.73 (M)
2026/08/20 05:48:29.715250 [Simulation:Info:toast@toast-new:Simulation not generated] Magnitude 5.73 of event bmg2026qfyt is smaller than triggerMinMagnitude: no automatic simulation
2026/08/20 05:48:34.829959 [Incident:Info:toast@toast-new:Origin updated] Origin updated: OT: 2026-08-19 22:45:19,  Lat/Lon: -8.29775°/120.595°, Depth: 10
2026/08/20 05:48:34.830119 [Incident:Info:toast@toast-new:Magnitude updated] Magnitude updated: 5.73 (M)
2026/08/20 05:48:34.830155 [Simulation:Info:toast@toast-new:Simulation not generated] Magnitude 5.73 of event bmg2026qfyt is smaller than triggerMinMagnitude: no automatic simulation
2026/08/20 05:48:35.475592 [Incident:Info:toast@toast-new:Origin updated] Origin updated: OT: 2026-08-19 22:45:19,  Lat/Lon: -8.29775°/120.595°, Depth: 10
2026/08/20 05:48:35.511648 [Incident:Info:toast@toast-new:FM updated] FM updated
2026/08/20 05:48:35.512185 [Simulation:Info:toast@toast-new:Simulation not generated] Magnitude 5.73 of event bmg2026qfyt is smaller than triggerMinMagnitude: no automatic simulation
2026/08/20 05:48:39.860596 [Incident:Info:toast@toast-new:Origin updated] Origin updated: OT: 2026-08-19 22:45:19,  Lat/Lon: -8.29775°/120.595°, Depth: 10
2026/08/20 05:48:39.860747 [Incident:Info:toast@toast-new:Magnitude updated] Magnitude updated: 5.74 (M)
2026/08/20 05:48:39.860784 [Simulation:Info:toast@toast-new:Simulation not generated] Magnitude 5.74 of event bmg2026qfyt is smaller than triggerMinMagnitude: no automatic simulation
2026/08/20 05:48:44.759160 [Incident:Info:toast@toast-new:Origin updated] Origin updated: OT: 2026-08-19 22:45:19,  Lat/Lon: -8.29775°/120.595°, Depth: 10
2026/08/20 05:48:44.759290 [Incident:Info:toast@toast-new:Magnitude updated] Magnitude updated: 5.74 (M)
2026/08/20 05:48:44.759322 [Simulation:Info:toast@toast-new:Simulation not generated] Magnitude 5.74 of event bmg2026qfyt is smaller than triggerMinMagnitude: no automatic simulation
2026/08/20 05:48:45.482807 [Incident:Info:toast@toast-new:Origin updated] Origin updated: OT: 2026-08-19 22:45:19,  Lat/Lon: -8.29775°/120.595°, Depth: 10
2026/08/20 05:48:45.482957 [Incident:Info:toast@toast-new:FM updated] FM updated
2026/08/20 05:48:45.483237 [Simulation:Info:toast@toast-new:Simulation not generated] Magnitude 5.74 of event bmg2026qfyt is smaller than triggerMinMagnitude: no automatic simulation
2026/08/20 05:48:49.888621 [Incident:Info:toast@toast-new:Origin updated] Origin updated: OT: 2026-08-19 22:45:19,  Lat/Lon: -8.29775°/120.595°, Depth: 10
2026/08/20 05:48:49.888776 [Incident:Info:toast@toast-new:Magnitude updated] Magnitude updated: 5.74 (M)
2026/08/20 05:48:49.888812 [Simulation:Info:toast@toast-new:Simulation not generated] Magnitude 5.74 of event bmg2026qfyt is smaller than triggerMinMagnitude: no automatic simulation
2026/08/20 05:48:55.534746 [Incident:Info:toast@toast-new:Origin updated] Origin updated: OT: 2026-08-19 22:45:19,  Lat/Lon: -8.29775°/120.595°, Depth: 10
2026/08/20 05:48:55.534889 [Incident:Info:toast@toast-new:FM updated] FM updated
2026/08/20 05:48:55.535126 [Simulation:Info:toast@toast-new:Simulation not generated] Magnitude 5.74 of event bmg2026qfyt is smaller than triggerMinMagnitude: no automatic simulation
2026/08/20 05:48:58.968181 [Incident:Info:toast@toast-new:Origin updated] Origin updated: OT: 2026-08-19 22:45:19,  Lat/Lon: -8.29775°/120.595°, Depth: 10
2026/08/20 05:48:58.968338 [Incident:Info:toast@toast-new:Magnitude updated] Magnitude updated: 5.74 (M)
2026/08/20 05:48:58.968374 [Simulation:Info:toast@toast-new:Simulation not generated] Magnitude 5.74 of event bmg2026qfyt is smaller than triggerMinMagnitude: no automatic simulation
2026/08/20 05:48:59.862333 [Incident:Info:toast@toast-new:Origin updated] Origin updated: OT: 2026-08-19 22:45:19,  Lat/Lon: -8.29775°/120.595°, Depth: 10
2026/08/20 05:48:59.862475 [Incident:Info:toast@toast-new:Magnitude updated] Magnitude updated: 5.75 (M)
2026/08/20 05:48:59.862521 [Simulation:Info:toast@toast-new:Simulation not generated] Magnitude 5.75 of event bmg2026qfyt is smaller than triggerMinMagnitude: no automatic simulation
2026/08/20 05:49:04.886206 [Incident:Info:toast@toast-new:Origin updated] Origin updated: OT: 2026-08-19 22:45:19,  Lat/Lon: -8.29775°/120.595°, Depth: 10
2026/08/20 05:49:04.886377 [Incident:Info:toast@toast-new:Magnitude updated] Magnitude updated: 5.75 (M)
2026/08/20 05:49:04.886414 [Simulation:Info:toast@toast-new:Simulation not generated] Magnitude 5.75 of event bmg2026qfyt is smaller than triggerMinMagnitude: no automatic simulation
2026/08/20 05:49:05.574426 [Incident:Info:toast@toast-new:Origin updated] Origin updated: OT: 2026-08-19 22:45:19,  Lat/Lon: -8.29775°/120.595°, Depth: 10
2026/08/20 05:49:05.574583 [Incident:Info:toast@toast-new:FM updated] FM updated
2026/08/20 05:49:05.574869 [Simulation:Info:toast@toast-new:Simulation not generated] Magnitude 5.75 of event bmg2026qfyt is smaller than triggerMinMagnitude: no automatic simulation
2026/08/20 05:49:09.971717 [Incident:Info:toast@toast-new:Origin updated] Origin updated: OT: 2026-08-19 22:45:19,  Lat/Lon: -8.29775°/120.595°, Depth: 10
2026/08/20 05:49:09.971869 [Incident:Info:toast@toast-new:Magnitude updated] Magnitude updated: 5.75 (M)
2026/08/20 05:49:09.971906 [Simulation:Info:toast@toast-new:Simulation not generated] Magnitude 5.75 of event bmg2026qfyt is smaller than triggerMinMagnitude: no automatic simulation
2026/08/20 05:49:15.831735 [Incident:Info:toast@toast-new:Origin updated] Origin updated: OT: 2026-08-19 22:45:19,  Lat/Lon: -8.29775°/120.595°, Depth: 10
2026/08/20 05:49:15.831914 [Incident:Info:toast@toast-new:FM updated] FM updated
2026/08/20 05:49:15.832242 [Simulation:Info:toast@toast-new:Simulation not generated] Magnitude 5.75 of event bmg2026qfyt is smaller than triggerMinMagnitude: no automatic simulation
2026/08/20 05:49:26.030626 [Incident:Info:toast@toast-new:Origin updated] Origin updated: OT: 2026-08-19 22:45:19,  Lat/Lon: -8.29775°/120.595°, Depth: 10
2026/08/20 05:49:26.030809 [Incident:Info:toast@toast-new:FM updated] FM updated
2026/08/20 05:49:26.031146 [Simulation:Info:toast@toast-new:Simulation not generated] Magnitude 5.75 of event bmg2026qfyt is smaller than triggerMinMagnitude: no automatic simulation
2026/08/20 05:49:36.000295 [Incident:Info:toast@toast-new:Origin updated] Origin updated: OT: 2026-08-19 22:45:19,  Lat/Lon: -8.29775°/120.595°, Depth: 10
2026/08/20 05:49:36.000443 [Incident:Info:toast@toast-new:FM updated] FM updated
2026/08/20 05:49:36.000678 [Simulation:Info:toast@toast-new:Simulation not generated] Magnitude 5.75 of event bmg2026qfyt is smaller than triggerMinMagnitude: no automatic simulation
2026/08/20 05:49:41.476988 [Incident:Info:toast@toast-new:Origin updated] Origin updated: OT: 2026-08-19 22:45:20,  Lat/Lon: -8.33185°/120.613°, Depth: 10
2026/08/20 05:49:41.477154 [Incident:Info:toast@toast-new:Magnitude updated] Magnitude updated: 5.59 (Mw(mB))
2026/08/20 05:49:41.477193 [Simulation:Info:toast@toast-new:Simulation not generated] Magnitude 5.59 of event bmg2026qfyt is smaller than triggerMinMagnitude: no automatic simulation
2026/08/20 05:49:41.623725 [Incident:Info:toast@toast-new:Origin updated] Origin updated: OT: 2026-08-19 22:45:20,  Lat/Lon: -8.33185°/120.613°, Depth: 10
2026/08/20 05:49:41.623862 [Incident:Info:toast@toast-new:Magnitude updated] Magnitude updated: 5.59 (Mw(mB))
2026/08/20 05:49:41.623900 [Simulation:Info:toast@toast-new:Simulation not generated] Magnitude 5.59 of event bmg2026qfyt is smaller than triggerMinMagnitude: no automatic simulation
2026/08/20 05:49:44.945397 [Incident:Info:toast@toast-new:Origin updated] Origin updated: OT: 2026-08-19 22:45:20,  Lat/Lon: -8.33185°/120.613°, Depth: 10
2026/08/20 05:49:44.945527 [Incident:Info:toast@toast-new:Magnitude updated] Magnitude updated: 5.60 (Mw(mB))
2026/08/20 05:49:44.945556 [Simulation:Info:toast@toast-new:Simulation not generated] Magnitude 5.60 of event bmg2026qfyt is smaller than triggerMinMagnitude: no automatic simulation
2026/08/20 05:49:46.323011 [Incident:Info:toast@toast-new:Origin updated] Origin updated: OT: 2026-08-19 22:45:20,  Lat/Lon: -8.33185°/120.613°, Depth: 10
2026/08/20 05:49:46.323155 [Incident:Info:toast@toast-new:FM updated] FM updated
2026/08/20 05:49:46.323403 [Simulation:Info:toast@toast-new:Simulation not generated] Magnitude 5.60 of event bmg2026qfyt is smaller than triggerMinMagnitude: no automatic simulation
2026/08/20 05:49:50.134880 [Incident:Info:toast@toast-new:Origin updated] Origin updated: OT: 2026-08-19 22:45:20,  Lat/Lon: -8.33185°/120.613°, Depth: 10
2026/08/20 05:49:50.135050 [Incident:Info:toast@toast-new:Magnitude updated] Magnitude updated: 5.59 (Mw(mB))
2026/08/20 05:49:50.135092 [Simulation:Info:toast@toast-new:Simulation not generated] Magnitude 5.59 of event bmg2026qfyt is smaller than triggerMinMagnitude: no automatic simulation
2026/08/20 05:49:55.134422 [Incident:Info:toast@toast-new:Origin updated] Origin updated: OT: 2026-08-19 22:45:20,  Lat/Lon: -8.33185°/120.613°, Depth: 10
2026/08/20 05:49:55.134612 [Incident:Info:toast@toast-new:Magnitude updated] Magnitude updated: 5.59 (Mw(mB))
2026/08/20 05:49:55.134661 [Simulation:Info:toast@toast-new:Simulation not generated] Magnitude 5.59 of event bmg2026qfyt is smaller than triggerMinMagnitude: no automatic simulation
2026/08/20 05:49:56.452042 [Incident:Info:toast@toast-new:Origin updated] Origin updated: OT: 2026-08-19 22:45:20,  Lat/Lon: -8.33185°/120.613°, Depth: 10
2026/08/20 05:49:56.453682 [Incident:Info:toast@toast-new:FM updated] FM updated
2026/08/20 05:49:56.454003 [Simulation:Info:toast@toast-new:Simulation not generated] Magnitude 5.59 of event bmg2026qfyt is smaller than triggerMinMagnitude: no automatic simulation
2026/08/20 05:50:06.019129 [Incident:Info:toast@toast-new:Origin updated] Origin updated: OT: 2026-08-19 22:45:20,  Lat/Lon: -8.33185°/120.613°, Depth: 10
2026/08/20 05:50:06.019325 [Simulation:Info:toast@toast-new:Simulation not generated] Magnitude 5.59 of event bmg2026qfyt is smaller than triggerMinMagnitude: no automatic simulation
2026/08/20 05:50:16.463002 [Incident:Info:toast@toast-new:Origin updated] Origin updated: OT: 2026-08-19 22:45:20,  Lat/Lon: -8.33185°/120.613°, Depth: 10
2026/08/20 05:50:16.463159 [Incident:Info:toast@toast-new:FM updated] FM updated
2026/08/20 05:50:16.463406 [Simulation:Info:toast@toast-new:Simulation not generated] Magnitude 5.59 of event bmg2026qfyt is smaller than triggerMinMagnitude: no automatic simulation
2026/08/20 05:50:26.296414 [Incident:Info:toast@toast-new:Origin updated] Origin updated: OT: 2026-08-19 22:45:20,  Lat/Lon: -8.33185°/120.613°, Depth: 10
2026/08/20 05:50:26.296601 [Incident:Info:toast@toast-new:FM updated] FM updated
2026/08/20 05:50:26.296946 [Simulation:Info:toast@toast-new:Simulation not generated] Magnitude 5.59 of event bmg2026qfyt is smaller than triggerMinMagnitude: no automatic simulation
2026/08/20 05:50:42.743988 [Incident:Info:toast@toast-new:Origin updated] Origin updated: OT: 2026-08-19 22:45:20,  Lat/Lon: -8.3412°/120.618°, Depth: 10
2026/08/20 05:50:42.744136 [Incident:Info:toast@toast-new:Magnitude updated] Magnitude updated: 5.64 (Mw(mB))
2026/08/20 05:50:42.744163 [Simulation:Info:toast@toast-new:Simulation not generated] Magnitude 5.64 of event bmg2026qfyt is smaller than triggerMinMagnitude: no automatic simulation
2026/08/20 05:50:46.254322 [Incident:Info:toast@toast-new:Origin updated] Origin updated: OT: 2026-08-19 22:45:20,  Lat/Lon: -8.3412°/120.618°, Depth: 10
2026/08/20 05:50:46.254477 [Simulation:Info:toast@toast-new:Simulation not generated] Magnitude 5.64 of event bmg2026qfyt is smaller than triggerMinMagnitude: no automatic simulation
2026/08/20 05:50:47.224430 [Incident:Info:toast@toast-new:Origin updated] Origin updated: OT: 2026-08-19 22:45:20,  Lat/Lon: -8.3412°/120.618°, Depth: 10
2026/08/20 05:50:47.224604 [Incident:Info:toast@toast-new:FM updated] FM updated
2026/08/20 05:50:47.224906 [Simulation:Info:toast@toast-new:Simulation not generated] Magnitude 5.64 of event bmg2026qfyt is smaller than triggerMinMagnitude: no automatic simulation
2026/08/20 05:50:56.692939 [Incident:Info:toast@toast-new:Origin updated] Origin updated: OT: 2026-08-19 22:45:20,  Lat/Lon: -8.3412°/120.618°, Depth: 10
2026/08/20 05:50:56.693081 [Incident:Info:toast@toast-new:FM updated] FM updated
2026/08/20 05:50:56.693320 [Simulation:Info:toast@toast-new:Simulation not generated] Magnitude 5.64 of event bmg2026qfyt is smaller than triggerMinMagnitude: no automatic simulation
2026/08/20 05:51:07.175492 [Incident:Info:toast@toast-new:Origin updated] Origin updated: OT: 2026-08-19 22:45:20,  Lat/Lon: -8.3412°/120.618°, Depth: 10
2026/08/20 05:51:07.175668 [Incident:Info:toast@toast-new:FM updated] FM updated
2026/08/20 05:51:07.176010 [Simulation:Info:toast@toast-new:Simulation not generated] Magnitude 5.64 of event bmg2026qfyt is smaller than triggerMinMagnitude: no automatic simulation
2026/08/20 05:51:17.109115 [Incident:Info:toast@toast-new:Origin updated] Origin updated: OT: 2026-08-19 22:45:20,  Lat/Lon: -8.3412°/120.618°, Depth: 10
2026/08/20 05:51:17.109256 [Incident:Info:toast@toast-new:FM updated] FM updated
2026/08/20 05:51:17.109479 [Simulation:Info:toast@toast-new:Simulation not generated] Magnitude 5.64 of event bmg2026qfyt is smaller than triggerMinMagnitude: no automatic simulation
2026/08/20 05:51:27.241965 [Incident:Info:toast@toast-new:Origin updated] Origin updated: OT: 2026-08-19 22:45:20,  Lat/Lon: -8.3412°/120.618°, Depth: 10
2026/08/20 05:51:27.242103 [Incident:Info:toast@toast-new:FM updated] FM updated
2026/08/20 05:51:27.242308 [Simulation:Info:toast@toast-new:Simulation not generated] Magnitude 5.64 of event bmg2026qfyt is smaller than triggerMinMagnitude: no automatic simulation
2026/08/20 05:51:29.485001 [Incident:Info:toast@toast-new:Origin updated] Origin updated: OT: 2026-08-19 22:45:20,  Lat/Lon: -8.34914°/120.631°, Depth: 10
2026/08/20 05:51:29.485142 [Incident:Info:toast@toast-new:Magnitude updated] Magnitude updated: 5.68 (Mw(mB))
2026/08/20 05:51:29.485184 [Simulation:Info:toast@toast-new:Simulation not generated] Magnitude 5.68 of event bmg2026qfyt is smaller than triggerMinMagnitude: no automatic simulation
2026/08/20 05:51:36.903597 [Incident:Info:toast@toast-new:Origin updated] Origin updated: OT: 2026-08-19 22:45:20,  Lat/Lon: -8.34914°/120.631°, Depth: 10
2026/08/20 05:51:36.903721 [Incident:Info:toast@toast-new:FM updated] FM updated
2026/08/20 05:51:36.903966 [Simulation:Info:toast@toast-new:Simulation not generated] Magnitude 5.68 of event bmg2026qfyt is smaller than triggerMinMagnitude: no automatic simulation
2026/08/20 05:51:46.897976 [Incident:Info:toast@toast-new:Origin updated] Origin updated: OT: 2026-08-19 22:45:20,  Lat/Lon: -8.34914°/120.631°, Depth: 10
2026/08/20 05:51:46.898118 [Simulation:Info:toast@toast-new:Simulation not generated] Magnitude 5.68 of event bmg2026qfyt is smaller than triggerMinMagnitude: no automatic simulation
2026/08/20 05:52:07.306870 [Incident:Info:toast@toast-new:Origin updated] Origin updated: OT: 2026-08-19 22:45:20,  Lat/Lon: -8.34914°/120.631°, Depth: 10
2026/08/20 05:52:07.307052 [Incident:Info:toast@toast-new:FM updated] FM updated
2026/08/20 05:52:07.307382 [Simulation:Info:toast@toast-new:Simulation not generated] Magnitude 5.68 of event bmg2026qfyt is smaller than triggerMinMagnitude: no automatic simulation
2026/08/20 05:52:17.116451 [Incident:Info:toast@toast-new:Origin updated] Origin updated: OT: 2026-08-19 22:45:20,  Lat/Lon: -8.34914°/120.631°, Depth: 10
2026/08/20 05:52:17.116578 [Incident:Info:toast@toast-new:FM updated] FM updated
2026/08/20 05:52:17.116851 [Simulation:Info:toast@toast-new:Simulation not generated] Magnitude 5.68 of event bmg2026qfyt is smaller than triggerMinMagnitude: no automatic simulation
2026/08/20 05:52:27.414846 [Incident:Info:toast@toast-new:Origin updated] Origin updated: OT: 2026-08-19 22:45:20,  Lat/Lon: -8.34914°/120.631°, Depth: 10
2026/08/20 05:52:27.415016 [Incident:Info:toast@toast-new:FM updated] FM updated
2026/08/20 05:52:27.415317 [Simulation:Info:toast@toast-new:Simulation not generated] Magnitude 5.68 of event bmg2026qfyt is smaller than triggerMinMagnitude: no automatic simulation
2026/08/20 05:52:45.181829 [Incident:Info:toast@toast-new:Origin updated] Origin updated: OT: 2026-08-19 22:45:20,  Lat/Lon: -8.34914°/120.631°, Depth: 10
2026/08/20 05:52:45.181975 [Incident:Info:toast@toast-new:FM updated] FM updated
2026/08/20 05:52:45.182208 [Simulation:Info:toast@toast-new:Simulation not generated] Magnitude 5.68 of event bmg2026qfyt is smaller than triggerMinMagnitude: no automatic simulation
2026/08/20 05:57:51.115085 [Incident:Info:toast@toast-new:Origin updated] Origin updated: OT: 2026-08-19 22:45:20,  Lat/Lon: -8.34914°/120.631°, Depth: 10
2026/08/20 05:57:51.115264 [Incident:Info:toast@toast-new:Magnitude updated] Magnitude updated: 5.83 (Mw)
2026/08/20 05:57:51.115335 [Simulation:Info:toast@toast-new:Simulation not generated] Magnitude 5.83 of event bmg2026qfyt is smaller than triggerMinMagnitude: no automatic simulation
2026/08/20 06:04:28.391064 [Incident:Info:toast@toast-new:Origin updated] Origin updated: OT: 2026-08-19 22:45:20,  Lat/Lon: -8.34914°/120.631°, Depth: 10
2026/08/20 06:04:28.391219 [Incident:Info:toast@toast-new:Magnitude updated] Magnitude updated: 5.78 (Mw)
2026/08/20 06:04:28.391250 [Incident:Info:toast@toast-new:FM updated] FM updated
2026/08/20 06:04:28.391470 [Simulation:Info:toast@toast-new:Simulation not generated] Magnitude 5.78 of event bmg2026qfyt is smaller than triggerMinMagnitude: no automatic simulation
2026/08/20 10:58:10.360660 [Incident:Info:toast@toast-new:Origin updated] Origin updated: OT: 2026-08-19 22:45:20,  Lat/Lon: -8.32633°/120.629°, Depth: 12.0232
2026/08/20 10:58:10.360848 [Simulation:Info:toast@toast-new:Simulation not generated] Magnitude 5.78 of event bmg2026qfyt is smaller than triggerMinMagnitude: no automatic simulation
2026/08/20 13:56:55.544481 [Incident:Info:toast@toast-new:Origin updated] Origin updated: OT: 2026-08-19 22:45:20,  Lat/Lon: -8.32633°/120.629°, Depth: 12.0232
2026/08/20 13:56:55.544598 [Incident:Info:toast@toast-new:Magnitude updated] Magnitude updated: 5.81 (Mw)
2026/08/20 13:56:55.544628 [Incident:Info:toast@toast-new:FM updated] FM updated
2026/08/20 13:56:55.544790 [Simulation:Info:toast@toast-new:Simulation not generated] Magnitude 5.81 of event bmg2026qfyt is smaller than triggerMinMagnitude: no automatic simulation
