2026/07/07 14:18:12.187686 [Incident:Info:toast@toast-new:Displacement(s) updated] Added 0 and changed 0 displacements with 0 amplitudes
2026/07/07 14:18:12.190941 [Incident:Info:toast@toast-new:Incident created] Incident created based on event received from messaging: OT: 2026-07-07 07:16:26,  Lat/Lon: 3.21°/127.64°, Depth: 10.00, Mag: 5.31 (M)
2026/07/07 14:18:12.191617 [Simulation:Info:toast@toast-new:Simulation not generated] Magnitude 5.31 of event bmg2026nefm is smaller than triggerMinMagnitude: no automatic simulation
2026/07/07 14:18:12.349327 [Incident:Info:toast@toast-new:Origin updated] Origin updated: OT: 2026-07-07 07:16:26,  Lat/Lon: 3.20565°/127.636°, Depth: 10
2026/07/07 14:18:12.349411 [Simulation:Info:toast@toast-new:Simulation not generated] Magnitude 5.31 of event bmg2026nefm is smaller than triggerMinMagnitude: no automatic simulation
2026/07/07 14:18:12.361326 [Incident:Info:toast@toast-new:Origin updated] Origin updated: OT: 2026-07-07 07:16:26,  Lat/Lon: 3.20565°/127.636°, Depth: 10
2026/07/07 14:18:12.361389 [Incident:Info:toast@toast-new:Magnitude updated] Magnitude updated: 5.51 (M)
2026/07/07 14:18:12.361414 [Simulation:Info:toast@toast-new:Simulation not generated] Magnitude 5.51 of event bmg2026nefm is smaller than triggerMinMagnitude: no automatic simulation
2026/07/07 14:18:27.223071 [Incident:Info:toast@toast-new:Origin updated] Origin updated: OT: 2026-07-07 07:16:26,  Lat/Lon: 3.20565°/127.636°, Depth: 10
2026/07/07 14:18:27.223243 [Incident:Info:toast@toast-new:Magnitude updated] Magnitude updated: 5.51 (M)
2026/07/07 14:18:27.223276 [Simulation:Info:toast@toast-new:Simulation not generated] Magnitude 5.51 of event bmg2026nefm is smaller than triggerMinMagnitude: no automatic simulation
2026/07/07 14:18:32.270456 [Incident:Info:toast@toast-new:Origin updated] Origin updated: OT: 2026-07-07 07:16:26,  Lat/Lon: 3.20565°/127.636°, Depth: 10
2026/07/07 14:18:32.270635 [Incident:Info:toast@toast-new:Magnitude updated] Magnitude updated: 5.57 (M)
2026/07/07 14:18:32.270708 [Simulation:Info:toast@toast-new:Simulation not generated] Magnitude 5.57 of event bmg2026nefm is smaller than triggerMinMagnitude: no automatic simulation
2026/07/07 14:18:55.327576 [Incident:Info:toast@toast-new:Origin updated] Origin updated: OT: 2026-07-07 07:16:27,  Lat/Lon: 3.13937°/127.436°, Depth: 10
2026/07/07 14:18:55.327788 [Incident:Info:toast@toast-new:Magnitude updated] Magnitude updated: 5.58 (MLv)
2026/07/07 14:18:55.327824 [Simulation:Info:toast@toast-new:Simulation not generated] Magnitude 5.58 of event bmg2026nefm is smaller than triggerMinMagnitude: no automatic simulation
2026/07/07 14:18:55.352973 [Incident:Info:toast@toast-new:Origin updated] Origin updated: OT: 2026-07-07 07:16:27,  Lat/Lon: 3.13937°/127.436°, Depth: 10
2026/07/07 14:18:55.353115 [Incident:Info:toast@toast-new:Magnitude updated] Magnitude updated: 5.61 (M)
2026/07/07 14:18:55.353152 [Simulation:Info:toast@toast-new:Simulation not generated] Magnitude 5.61 of event bmg2026nefm is smaller than triggerMinMagnitude: no automatic simulation
2026/07/07 14:18:57.270247 [Incident:Info:toast@toast-new:Origin updated] Origin updated: OT: 2026-07-07 07:16:27,  Lat/Lon: 3.13937°/127.436°, Depth: 10
2026/07/07 14:18:57.270429 [Incident:Info:toast@toast-new:Magnitude updated] Magnitude updated: 5.62 (M)
2026/07/07 14:18:57.270476 [Simulation:Info:toast@toast-new:Simulation not generated] Magnitude 5.62 of event bmg2026nefm is smaller than triggerMinMagnitude: no automatic simulation
2026/07/07 14:19:02.220579 [Incident:Info:toast@toast-new:Origin updated] Origin updated: OT: 2026-07-07 07:16:27,  Lat/Lon: 3.13937°/127.436°, Depth: 10
2026/07/07 14:19:02.220749 [Incident:Info:toast@toast-new:Magnitude updated] Magnitude updated: 5.62 (M)
2026/07/07 14:19:02.220782 [Simulation:Info:toast@toast-new:Simulation not generated] Magnitude 5.62 of event bmg2026nefm is smaller than triggerMinMagnitude: no automatic simulation
2026/07/07 14:19:04.019488 [Incident:Info:toast@toast-new:Origin updated] Origin updated: OT: 2026-07-07 07:16:27,  Lat/Lon: 3.13937°/127.436°, Depth: 10
2026/07/07 14:19:04.019686 [Incident:Info:toast@toast-new:Magnitude updated] Magnitude updated: 5.60 (M)
2026/07/07 14:19:04.019729 [Simulation:Info:toast@toast-new:Simulation not generated] Magnitude 5.60 of event bmg2026nefm is smaller than triggerMinMagnitude: no automatic simulation
2026/07/07 14:19:07.292648 [Incident:Info:toast@toast-new:Origin updated] Origin updated: OT: 2026-07-07 07:16:27,  Lat/Lon: 3.13937°/127.436°, Depth: 10
2026/07/07 14:19:07.292839 [Incident:Info:toast@toast-new:Magnitude updated] Magnitude updated: 5.58 (M)
2026/07/07 14:19:07.292888 [Simulation:Info:toast@toast-new:Simulation not generated] Magnitude 5.58 of event bmg2026nefm is smaller than triggerMinMagnitude: no automatic simulation
2026/07/07 14:19:08.792478 [Incident:Info:toast@toast-new:Origin updated] Origin updated: OT: 2026-07-07 07:16:27,  Lat/Lon: 3.13937°/127.436°, Depth: 10
2026/07/07 14:19:08.792680 [Incident:Info:toast@toast-new:FM updated] FM updated
2026/07/07 14:19:08.793002 [Simulation:Info:toast@toast-new:Simulation not generated] Magnitude 5.58 of event bmg2026nefm is smaller than triggerMinMagnitude: no automatic simulation
2026/07/07 14:19:12.340163 [Incident:Info:toast@toast-new:Origin updated] Origin updated: OT: 2026-07-07 07:16:27,  Lat/Lon: 3.13937°/127.436°, Depth: 10
2026/07/07 14:19:12.340338 [Incident:Info:toast@toast-new:Magnitude updated] Magnitude updated: 5.58 (M)
2026/07/07 14:19:12.340373 [Simulation:Info:toast@toast-new:Simulation not generated] Magnitude 5.58 of event bmg2026nefm is smaller than triggerMinMagnitude: no automatic simulation
2026/07/07 14:19:17.358719 [Incident:Info:toast@toast-new:Origin updated] Origin updated: OT: 2026-07-07 07:16:27,  Lat/Lon: 3.13937°/127.436°, Depth: 10
2026/07/07 14:19:17.358909 [Incident:Info:toast@toast-new:Magnitude updated] Magnitude updated: 5.58 (M)
2026/07/07 14:19:17.358952 [Simulation:Info:toast@toast-new:Simulation not generated] Magnitude 5.58 of event bmg2026nefm is smaller than triggerMinMagnitude: no automatic simulation
2026/07/07 14:19:17.711961 [Incident:Info:toast@toast-new:Origin updated] Origin updated: OT: 2026-07-07 07:16:27,  Lat/Lon: 3.13937°/127.436°, Depth: 10
2026/07/07 14:19:17.712108 [Incident:Info:toast@toast-new:FM updated] FM updated
2026/07/07 14:19:17.712340 [Simulation:Info:toast@toast-new:Simulation not generated] Magnitude 5.58 of event bmg2026nefm is smaller than triggerMinMagnitude: no automatic simulation
2026/07/07 14:19:22.318663 [Incident:Info:toast@toast-new:Origin updated] Origin updated: OT: 2026-07-07 07:16:27,  Lat/Lon: 3.13937°/127.436°, Depth: 10
2026/07/07 14:19:22.318844 [Incident:Info:toast@toast-new:Magnitude updated] Magnitude updated: 5.58 (M)
2026/07/07 14:19:22.318880 [Simulation:Info:toast@toast-new:Simulation not generated] Magnitude 5.58 of event bmg2026nefm is smaller than triggerMinMagnitude: no automatic simulation
2026/07/07 14:19:27.347313 [Incident:Info:toast@toast-new:Origin updated] Origin updated: OT: 2026-07-07 07:16:27,  Lat/Lon: 3.13937°/127.436°, Depth: 10
2026/07/07 14:19:27.347508 [Incident:Info:toast@toast-new:Magnitude updated] Magnitude updated: 5.59 (M)
2026/07/07 14:19:27.347554 [Simulation:Info:toast@toast-new:Simulation not generated] Magnitude 5.59 of event bmg2026nefm is smaller than triggerMinMagnitude: no automatic simulation
2026/07/07 14:19:27.802499 [Incident:Info:toast@toast-new:Origin updated] Origin updated: OT: 2026-07-07 07:16:27,  Lat/Lon: 3.13937°/127.436°, Depth: 10
2026/07/07 14:19:27.802671 [Incident:Info:toast@toast-new:FM updated] FM updated
2026/07/07 14:19:27.802931 [Simulation:Info:toast@toast-new:Simulation not generated] Magnitude 5.59 of event bmg2026nefm is smaller than triggerMinMagnitude: no automatic simulation
2026/07/07 14:19:32.419282 [Incident:Info:toast@toast-new:Origin updated] Origin updated: OT: 2026-07-07 07:16:27,  Lat/Lon: 3.13937°/127.436°, Depth: 10
2026/07/07 14:19:32.419482 [Incident:Info:toast@toast-new:Magnitude updated] Magnitude updated: 5.59 (M)
2026/07/07 14:19:32.419530 [Simulation:Info:toast@toast-new:Simulation not generated] Magnitude 5.59 of event bmg2026nefm is smaller than triggerMinMagnitude: no automatic simulation
2026/07/07 14:19:37.386995 [Incident:Info:toast@toast-new:Origin updated] Origin updated: OT: 2026-07-07 07:16:27,  Lat/Lon: 3.13937°/127.436°, Depth: 10
2026/07/07 14:19:37.387201 [Incident:Info:toast@toast-new:Magnitude updated] Magnitude updated: 5.59 (M)
2026/07/07 14:19:37.387250 [Simulation:Info:toast@toast-new:Simulation not generated] Magnitude 5.59 of event bmg2026nefm is smaller than triggerMinMagnitude: no automatic simulation
2026/07/07 14:19:37.840149 [Incident:Info:toast@toast-new:Origin updated] Origin updated: OT: 2026-07-07 07:16:27,  Lat/Lon: 3.13937°/127.436°, Depth: 10
2026/07/07 14:19:37.840336 [Incident:Info:toast@toast-new:FM updated] FM updated
2026/07/07 14:19:37.840598 [Simulation:Info:toast@toast-new:Simulation not generated] Magnitude 5.59 of event bmg2026nefm is smaller than triggerMinMagnitude: no automatic simulation
2026/07/07 14:19:42.414495 [Incident:Info:toast@toast-new:Origin updated] Origin updated: OT: 2026-07-07 07:16:27,  Lat/Lon: 3.13937°/127.436°, Depth: 10
2026/07/07 14:19:42.414699 [Incident:Info:toast@toast-new:Magnitude updated] Magnitude updated: 5.58 (M)
2026/07/07 14:19:42.414748 [Simulation:Info:toast@toast-new:Simulation not generated] Magnitude 5.58 of event bmg2026nefm is smaller than triggerMinMagnitude: no automatic simulation
2026/07/07 14:19:47.327856 [Incident:Info:toast@toast-new:Origin updated] Origin updated: OT: 2026-07-07 07:16:27,  Lat/Lon: 3.13937°/127.436°, Depth: 10
2026/07/07 14:19:47.328058 [Incident:Info:toast@toast-new:Magnitude updated] Magnitude updated: 5.58 (M)
2026/07/07 14:19:47.328105 [Simulation:Info:toast@toast-new:Simulation not generated] Magnitude 5.58 of event bmg2026nefm is smaller than triggerMinMagnitude: no automatic simulation
2026/07/07 14:19:47.973322 [Incident:Info:toast@toast-new:Origin updated] Origin updated: OT: 2026-07-07 07:16:27,  Lat/Lon: 3.13937°/127.436°, Depth: 10
2026/07/07 14:19:47.973513 [Incident:Info:toast@toast-new:FM updated] FM updated
2026/07/07 14:19:47.973785 [Simulation:Info:toast@toast-new:Simulation not generated] Magnitude 5.58 of event bmg2026nefm is smaller than triggerMinMagnitude: no automatic simulation
2026/07/07 14:19:51.406601 [Incident:Info:toast@toast-new:Origin updated] Origin updated: OT: 2026-07-07 07:16:27,  Lat/Lon: 3.13937°/127.436°, Depth: 10
2026/07/07 14:19:51.406773 [Incident:Info:toast@toast-new:Magnitude updated] Magnitude updated: 5.58 (M)
2026/07/07 14:19:51.406808 [Simulation:Info:toast@toast-new:Simulation not generated] Magnitude 5.58 of event bmg2026nefm is smaller than triggerMinMagnitude: no automatic simulation
2026/07/07 14:19:52.345667 [Incident:Info:toast@toast-new:Origin updated] Origin updated: OT: 2026-07-07 07:16:27,  Lat/Lon: 3.13937°/127.436°, Depth: 10
2026/07/07 14:19:52.345876 [Incident:Info:toast@toast-new:Magnitude updated] Magnitude updated: 5.58 (M)
2026/07/07 14:19:52.345931 [Simulation:Info:toast@toast-new:Simulation not generated] Magnitude 5.58 of event bmg2026nefm is smaller than triggerMinMagnitude: no automatic simulation
2026/07/07 14:19:57.436578 [Incident:Info:toast@toast-new:Origin updated] Origin updated: OT: 2026-07-07 07:16:27,  Lat/Lon: 3.13937°/127.436°, Depth: 10
2026/07/07 14:19:57.436781 [Incident:Info:toast@toast-new:Magnitude updated] Magnitude updated: 5.59 (M)
2026/07/07 14:19:57.436825 [Simulation:Info:toast@toast-new:Simulation not generated] Magnitude 5.59 of event bmg2026nefm is smaller than triggerMinMagnitude: no automatic simulation
2026/07/07 14:19:57.964177 [Incident:Info:toast@toast-new:Origin updated] Origin updated: OT: 2026-07-07 07:16:27,  Lat/Lon: 3.13937°/127.436°, Depth: 10
2026/07/07 14:19:57.964362 [Incident:Info:toast@toast-new:FM updated] FM updated
2026/07/07 14:19:57.964619 [Simulation:Info:toast@toast-new:Simulation not generated] Magnitude 5.59 of event bmg2026nefm is smaller than triggerMinMagnitude: no automatic simulation
2026/07/07 14:20:12.298612 [Incident:Info:toast@toast-new:Origin updated] Origin updated: OT: 2026-07-07 07:16:27,  Lat/Lon: 3.13937°/127.436°, Depth: 10
2026/07/07 14:20:12.298827 [Incident:Info:toast@toast-new:Magnitude updated] Magnitude updated: 5.59 (M)
2026/07/07 14:20:12.298871 [Simulation:Info:toast@toast-new:Simulation not generated] Magnitude 5.59 of event bmg2026nefm is smaller than triggerMinMagnitude: no automatic simulation
2026/07/07 14:20:37.920122 [Incident:Info:toast@toast-new:Origin updated] Origin updated: OT: 2026-07-07 07:16:27,  Lat/Lon: 3.13937°/127.436°, Depth: 10
2026/07/07 14:20:37.920313 [Incident:Info:toast@toast-new:FM updated] FM updated
2026/07/07 14:20:37.920597 [Simulation:Info:toast@toast-new:Simulation not generated] Magnitude 5.59 of event bmg2026nefm is smaller than triggerMinMagnitude: no automatic simulation
2026/07/07 14:20:48.026343 [Incident:Info:toast@toast-new:Origin updated] Origin updated: OT: 2026-07-07 07:16:27,  Lat/Lon: 3.13937°/127.436°, Depth: 10
2026/07/07 14:20:48.026516 [Simulation:Info:toast@toast-new:Simulation not generated] Magnitude 5.59 of event bmg2026nefm is smaller than triggerMinMagnitude: no automatic simulation
2026/07/07 14:21:03.541892 [Incident:Info:toast@toast-new:Origin updated] Origin updated: OT: 2026-07-07 07:16:28,  Lat/Lon: 3.14048°/127.442°, Depth: 10.3191
2026/07/07 14:21:03.542116 [Incident:Info:toast@toast-new:Magnitude updated] Magnitude updated: 5.58 (Mw(mB))
2026/07/07 14:21:03.542163 [Simulation:Info:toast@toast-new:Simulation not generated] Magnitude 5.58 of event bmg2026nefm is smaller than triggerMinMagnitude: no automatic simulation
2026/07/07 14:21:03.726129 [Incident:Info:toast@toast-new:Origin updated] Origin updated: OT: 2026-07-07 07:16:28,  Lat/Lon: 3.14048°/127.442°, Depth: 10.3191
2026/07/07 14:21:03.726355 [Incident:Info:toast@toast-new:Magnitude updated] Magnitude updated: 5.53 (M)
2026/07/07 14:21:03.726432 [Simulation:Info:toast@toast-new:Simulation not generated] Magnitude 5.53 of event bmg2026nefm is smaller than triggerMinMagnitude: no automatic simulation
2026/07/07 14:21:07.426543 [Incident:Info:toast@toast-new:Origin updated] Origin updated: OT: 2026-07-07 07:16:28,  Lat/Lon: 3.14048°/127.442°, Depth: 10.3191
2026/07/07 14:21:07.426702 [Incident:Info:toast@toast-new:Magnitude updated] Magnitude updated: 5.53 (M)
2026/07/07 14:21:07.426732 [Simulation:Info:toast@toast-new:Simulation not generated] Magnitude 5.53 of event bmg2026nefm is smaller than triggerMinMagnitude: no automatic simulation
2026/07/07 14:21:18.116882 [Incident:Info:toast@toast-new:Origin updated] Origin updated: OT: 2026-07-07 07:16:28,  Lat/Lon: 3.14048°/127.442°, Depth: 10.3191
2026/07/07 14:21:18.117089 [Incident:Info:toast@toast-new:FM updated] FM updated
2026/07/07 14:21:18.117408 [Simulation:Info:toast@toast-new:Simulation not generated] Magnitude 5.53 of event bmg2026nefm is smaller than triggerMinMagnitude: no automatic simulation
2026/07/07 14:21:48.060660 [Incident:Info:toast@toast-new:Origin updated] Origin updated: OT: 2026-07-07 07:16:28,  Lat/Lon: 3.14048°/127.442°, Depth: 10.3191
2026/07/07 14:21:48.060855 [Incident:Info:toast@toast-new:FM updated] FM updated
2026/07/07 14:21:48.061122 [Simulation:Info:toast@toast-new:Simulation not generated] Magnitude 5.53 of event bmg2026nefm is smaller than triggerMinMagnitude: no automatic simulation
2026/07/07 14:21:48.147179 [Incident:Info:toast@toast-new:Origin updated] Origin updated: OT: 2026-07-07 07:16:28,  Lat/Lon: 3.14048°/127.442°, Depth: 10.3191
2026/07/07 14:21:48.147363 [Incident:Info:toast@toast-new:FM updated] FM updated
2026/07/07 14:21:48.147697 [Simulation:Info:toast@toast-new:Simulation not generated] Magnitude 5.53 of event bmg2026nefm is smaller than triggerMinMagnitude: no automatic simulation
2026/07/07 14:22:11.404853 [Incident:Info:toast@toast-new:Origin updated] Origin updated: OT: 2026-07-07 07:16:28,  Lat/Lon: 3.14048°/127.442°, Depth: 10.3191
2026/07/07 14:22:11.405060 [Incident:Info:toast@toast-new:Magnitude updated] Magnitude updated: 5.53 (M)
2026/07/07 14:22:11.405107 [Simulation:Info:toast@toast-new:Simulation not generated] Magnitude 5.53 of event bmg2026nefm is smaller than triggerMinMagnitude: no automatic simulation
2026/07/07 14:23:52.769926 [Incident:Info:toast@toast-new:Origin updated] Origin updated: OT: 2026-07-07 07:16:29,  Lat/Lon: 3.20748°/127.465°, Depth: 40
2026/07/07 14:23:52.770127 [Incident:Info:toast@toast-new:Magnitude updated] Magnitude updated: 5.56 (Mw(mB))
2026/07/07 14:23:52.770164 [Simulation:Info:toast@toast-new:Simulation not generated] Magnitude 5.56 of event bmg2026nefm is smaller than triggerMinMagnitude: no automatic simulation
2026/07/07 14:23:52.855614 [Incident:Info:toast@toast-new:Origin updated] Origin updated: OT: 2026-07-07 07:16:29,  Lat/Lon: 3.20748°/127.465°, Depth: 40
2026/07/07 14:23:52.855782 [Incident:Info:toast@toast-new:Magnitude updated] Magnitude updated: 5.53 (M)
2026/07/07 14:23:52.855842 [Simulation:Info:toast@toast-new:Simulation not generated] Magnitude 5.53 of event bmg2026nefm is smaller than triggerMinMagnitude: no automatic simulation
2026/07/07 14:24:01.065882 [Incident:Info:toast@toast-new:Origin updated] Origin updated: OT: 2026-07-07 07:16:29,  Lat/Lon: 3.20748°/127.465°, Depth: 40
2026/07/07 14:24:01.066063 [Incident:Info:toast@toast-new:Magnitude updated] Magnitude updated: 5.44 (Mw)
2026/07/07 14:24:01.066123 [Simulation:Info:toast@toast-new:Simulation not generated] Magnitude 5.44 of event bmg2026nefm is smaller than triggerMinMagnitude: no automatic simulation
2026/07/07 14:25:03.305129 [Incident:Info:toast@toast-new:Origin updated] Origin updated: OT: 2026-07-07 07:16:29,  Lat/Lon: 3.20748°/127.465°, Depth: 40
2026/07/07 14:25:03.305321 [Incident:Info:toast@toast-new:Magnitude updated] Magnitude updated: 5.46 (Mw)
2026/07/07 14:25:03.305381 [Incident:Info:toast@toast-new:FM updated] FM updated
2026/07/07 14:25:03.305623 [Simulation:Info:toast@toast-new:Simulation not generated] Magnitude 5.46 of event bmg2026nefm is smaller than triggerMinMagnitude: no automatic simulation
2026/07/07 22:43:39.214747 [Incident:Info:toast@toast-new:Origin updated] Origin updated: OT: 2026-07-07 07:16:30,  Lat/Lon: 3.18872°/127.478°, Depth: 61.3594
2026/07/07 22:43:39.214980 [Simulation:Info:toast@toast-new:Simulation not generated] Magnitude 5.46 of event bmg2026nefm is smaller than triggerMinMagnitude: no automatic simulation
