2026/07/12 00:51:51.607735 [Incident:Info:toast@toast-new:Displacement(s) updated] Added 0 and changed 0 displacements with 0 amplitudes
2026/07/12 00:51:51.611764 [Incident:Info:toast@toast-new:Incident created] Incident created based on event received from messaging: OT: 2026-07-11 17:49:28,  Lat/Lon: 4.91°/125.29°, Depth: 10.00, Mag: 5.03 (M)
2026/07/12 00:51:51.612362 [Simulation:Info:toast@toast-new:Simulation not generated] Magnitude 5.03 of event bmg2026nmij is smaller than triggerMinMagnitude: no automatic simulation
2026/07/12 00:51:51.630360 [Incident:Info:toast@toast-new:Origin updated] Origin updated: OT: 2026-07-11 17:49:28,  Lat/Lon: 4.91112°/125.293°, Depth: 10
2026/07/12 00:51:51.630500 [Simulation:Info:toast@toast-new:Simulation not generated] Magnitude 5.03 of event bmg2026nmij is smaller than triggerMinMagnitude: no automatic simulation
2026/07/12 00:51:57.286796 [Incident:Info:toast@toast-new:Origin updated] Origin updated: OT: 2026-07-11 17:49:28,  Lat/Lon: 4.91112°/125.293°, Depth: 10
2026/07/12 00:51:57.286987 [Incident:Info:toast@toast-new:Magnitude updated] Magnitude updated: 5.04 (M)
2026/07/12 00:51:57.287030 [Simulation:Info:toast@toast-new:Simulation not generated] Magnitude 5.04 of event bmg2026nmij is smaller than triggerMinMagnitude: no automatic simulation
2026/07/12 00:52:01.538319 [Incident:Info:toast@toast-new:Origin updated] Origin updated: OT: 2026-07-11 17:49:28,  Lat/Lon: 4.92771°/125.349°, Depth: 10
2026/07/12 00:52:01.538494 [Incident:Info:toast@toast-new:Magnitude updated] Magnitude updated: 5.06 (M)
2026/07/12 00:52:01.538539 [Simulation:Info:toast@toast-new:Simulation not generated] Magnitude 5.06 of event bmg2026nmij is smaller than triggerMinMagnitude: no automatic simulation
2026/07/12 00:52:02.240993 [Incident:Info:toast@toast-new:Origin updated] Origin updated: OT: 2026-07-11 17:49:28,  Lat/Lon: 4.92771°/125.349°, Depth: 10
2026/07/12 00:52:02.241153 [Incident:Info:toast@toast-new:Magnitude updated] Magnitude updated: 5.06 (M)
2026/07/12 00:52:02.241179 [Simulation:Info:toast@toast-new:Simulation not generated] Magnitude 5.06 of event bmg2026nmij is smaller than triggerMinMagnitude: no automatic simulation
2026/07/12 00:52:07.350128 [Incident:Info:toast@toast-new:Origin updated] Origin updated: OT: 2026-07-11 17:49:28,  Lat/Lon: 4.92771°/125.349°, Depth: 10
2026/07/12 00:52:07.350301 [Incident:Info:toast@toast-new:Magnitude updated] Magnitude updated: 5.07 (M)
2026/07/12 00:52:07.350333 [Simulation:Info:toast@toast-new:Simulation not generated] Magnitude 5.07 of event bmg2026nmij is smaller than triggerMinMagnitude: no automatic simulation
2026/07/12 00:52:12.257481 [Incident:Info:toast@toast-new:Origin updated] Origin updated: OT: 2026-07-11 17:49:28,  Lat/Lon: 4.92771°/125.349°, Depth: 10
2026/07/12 00:52:12.257687 [Incident:Info:toast@toast-new:Magnitude updated] Magnitude updated: 5.06 (M)
2026/07/12 00:52:12.257729 [Simulation:Info:toast@toast-new:Simulation not generated] Magnitude 5.06 of event bmg2026nmij is smaller than triggerMinMagnitude: no automatic simulation
2026/07/12 00:52:15.099066 [Incident:Info:toast@toast-new:Origin updated] Origin updated: OT: 2026-07-11 17:49:28,  Lat/Lon: 4.92546°/125.403°, Depth: 10
2026/07/12 00:52:15.099245 [Incident:Info:toast@toast-new:Magnitude updated] Magnitude updated: 5.10 (M)
2026/07/12 00:52:15.099278 [Simulation:Info:toast@toast-new:Simulation not generated] Magnitude 5.10 of event bmg2026nmij is smaller than triggerMinMagnitude: no automatic simulation
2026/07/12 00:52:17.202650 [Incident:Info:toast@toast-new:Origin updated] Origin updated: OT: 2026-07-11 17:49:28,  Lat/Lon: 4.92546°/125.403°, Depth: 10
2026/07/12 00:52:17.202855 [Incident:Info:toast@toast-new:Magnitude updated] Magnitude updated: 5.09 (M)
2026/07/12 00:52:17.202900 [Simulation:Info:toast@toast-new:Simulation not generated] Magnitude 5.09 of event bmg2026nmij is smaller than triggerMinMagnitude: no automatic simulation
2026/07/12 00:52:22.309307 [Incident:Info:toast@toast-new:Origin updated] Origin updated: OT: 2026-07-11 17:49:28,  Lat/Lon: 4.92546°/125.403°, Depth: 10
2026/07/12 00:52:22.309528 [Incident:Info:toast@toast-new:Magnitude updated] Magnitude updated: 5.06 (M)
2026/07/12 00:52:22.309575 [Simulation:Info:toast@toast-new:Simulation not generated] Magnitude 5.06 of event bmg2026nmij is smaller than triggerMinMagnitude: no automatic simulation
2026/07/12 00:52:27.395520 [Incident:Info:toast@toast-new:Origin updated] Origin updated: OT: 2026-07-11 17:49:28,  Lat/Lon: 4.92546°/125.403°, Depth: 10
2026/07/12 00:52:27.395709 [Incident:Info:toast@toast-new:Magnitude updated] Magnitude updated: 5.09 (M)
2026/07/12 00:52:27.395751 [Simulation:Info:toast@toast-new:Simulation not generated] Magnitude 5.09 of event bmg2026nmij is smaller than triggerMinMagnitude: no automatic simulation
2026/07/12 00:52:29.266680 [Incident:Info:toast@toast-new:Origin updated] Origin updated: OT: 2026-07-11 17:49:28,  Lat/Lon: 4.94231°/125.4°, Depth: 10
2026/07/12 00:52:29.266879 [Incident:Info:toast@toast-new:Magnitude updated] Magnitude updated: 5.07 (M)
2026/07/12 00:52:29.266920 [Simulation:Info:toast@toast-new:Simulation not generated] Magnitude 5.07 of event bmg2026nmij is smaller than triggerMinMagnitude: no automatic simulation
2026/07/12 00:52:32.359126 [Incident:Info:toast@toast-new:Origin updated] Origin updated: OT: 2026-07-11 17:49:28,  Lat/Lon: 4.94231°/125.4°, Depth: 10
2026/07/12 00:52:32.359303 [Incident:Info:toast@toast-new:Magnitude updated] Magnitude updated: 5.05 (M)
2026/07/12 00:52:32.359353 [Simulation:Info:toast@toast-new:Simulation not generated] Magnitude 5.05 of event bmg2026nmij is smaller than triggerMinMagnitude: no automatic simulation
2026/07/12 00:52:37.367097 [Incident:Info:toast@toast-new:Origin updated] Origin updated: OT: 2026-07-11 17:49:28,  Lat/Lon: 4.94231°/125.4°, Depth: 10
2026/07/12 00:52:37.367322 [Incident:Info:toast@toast-new:Magnitude updated] Magnitude updated: 5.07 (M)
2026/07/12 00:52:37.367387 [Simulation:Info:toast@toast-new:Simulation not generated] Magnitude 5.07 of event bmg2026nmij is smaller than triggerMinMagnitude: no automatic simulation
2026/07/12 00:52:42.281476 [Incident:Info:toast@toast-new:Origin updated] Origin updated: OT: 2026-07-11 17:49:28,  Lat/Lon: 4.94231°/125.4°, Depth: 10
2026/07/12 00:52:42.281682 [Incident:Info:toast@toast-new:Magnitude updated] Magnitude updated: 5.06 (M)
2026/07/12 00:52:42.281728 [Simulation:Info:toast@toast-new:Simulation not generated] Magnitude 5.06 of event bmg2026nmij is smaller than triggerMinMagnitude: no automatic simulation
2026/07/12 00:52:47.250707 [Incident:Info:toast@toast-new:Origin updated] Origin updated: OT: 2026-07-11 17:49:28,  Lat/Lon: 4.94231°/125.4°, Depth: 10
2026/07/12 00:52:47.250953 [Incident:Info:toast@toast-new:Magnitude updated] Magnitude updated: 5.02 (M)
2026/07/12 00:52:47.251019 [Simulation:Info:toast@toast-new:Simulation not generated] Magnitude 5.02 of event bmg2026nmij is smaller than triggerMinMagnitude: no automatic simulation
2026/07/12 00:52:49.407648 [Incident:Info:toast@toast-new:Origin updated] Origin updated: OT: 2026-07-11 17:49:30,  Lat/Lon: 4.84902°/125.44°, Depth: 10
2026/07/12 00:52:49.407839 [Incident:Info:toast@toast-new:Magnitude updated] Magnitude updated: 5.04 (M)
2026/07/12 00:52:49.407874 [Simulation:Info:toast@toast-new:Simulation not generated] Magnitude 5.04 of event bmg2026nmij is smaller than triggerMinMagnitude: no automatic simulation
2026/07/12 00:52:52.323738 [Incident:Info:toast@toast-new:Origin updated] Origin updated: OT: 2026-07-11 17:49:30,  Lat/Lon: 4.84902°/125.44°, Depth: 10
2026/07/12 00:52:52.323945 [Incident:Info:toast@toast-new:Magnitude updated] Magnitude updated: 5.01 (M)
2026/07/12 00:52:52.323995 [Simulation:Info:toast@toast-new:Simulation not generated] Magnitude 5.01 of event bmg2026nmij is smaller than triggerMinMagnitude: no automatic simulation
2026/07/12 00:55:34.914132 [Incident:Info:toast@toast-new:Origin updated] Origin updated: OT: 2026-07-11 17:49:28,  Lat/Lon: 4.88878°/125.295°, Depth: 13.0065
2026/07/12 00:55:34.914347 [Incident:Info:toast@toast-new:Magnitude updated] Magnitude updated: 5.19 (MLv)
2026/07/12 00:55:34.914415 [Simulation:Info:toast@toast-new:Simulation not generated] Magnitude 5.19 of event bmg2026nmij is smaller than triggerMinMagnitude: no automatic simulation
2026/07/12 00:55:34.988072 [Incident:Info:toast@toast-new:Origin updated] Origin updated: OT: 2026-07-11 17:49:28,  Lat/Lon: 4.88878°/125.295°, Depth: 13.0065
2026/07/12 00:55:34.988202 [Incident:Info:toast@toast-new:Magnitude updated] Magnitude updated: 5.04 (M)
2026/07/12 00:55:34.988241 [Simulation:Info:toast@toast-new:Simulation not generated] Magnitude 5.04 of event bmg2026nmij is smaller than triggerMinMagnitude: no automatic simulation
2026/07/12 00:55:48.625079 [Incident:Info:toast@toast-new:Origin updated] Origin updated: OT: 2026-07-11 17:49:28,  Lat/Lon: 4.88878°/125.295°, Depth: 13.0065
2026/07/12 00:55:48.625259 [Incident:Info:toast@toast-new:Magnitude updated] Magnitude updated: 5.20 (mb)
2026/07/12 00:55:48.625312 [Simulation:Info:toast@toast-new:Simulation not generated] Magnitude 5.20 of event bmg2026nmij is smaller than triggerMinMagnitude: no automatic simulation
2026/07/12 00:56:35.217329 [Incident:Info:toast@toast-new:Origin updated] Origin updated: OT: 2026-07-11 17:49:30,  Lat/Lon: 4.82927°/125.358°, Depth: 12.6836
2026/07/12 00:56:35.217552 [Incident:Info:toast@toast-new:Magnitude updated] Magnitude updated: 5.18 (mb)
2026/07/12 00:56:35.217598 [Simulation:Info:toast@toast-new:Simulation not generated] Magnitude 5.18 of event bmg2026nmij is smaller than triggerMinMagnitude: no automatic simulation
2026/07/12 00:56:40.644615 [Incident:Info:toast@toast-new:Origin updated] Origin updated: OT: 2026-07-11 17:49:30,  Lat/Lon: 4.82927°/125.358°, Depth: 12.6836
2026/07/12 00:56:40.644819 [Simulation:Info:toast@toast-new:Simulation not generated] Magnitude 5.18 of event bmg2026nmij is smaller than triggerMinMagnitude: no automatic simulation
2026/07/12 00:59:08.144158 [Incident:Info:toast@toast-new:Origin updated] Origin updated: OT: 2026-07-11 17:49:30,  Lat/Lon: 4.8308°/125.359°, Depth: 11.6898
2026/07/12 00:59:08.144359 [Incident:Info:toast@toast-new:Magnitude updated] Magnitude updated: 5.19 (mb)
2026/07/12 00:59:08.144398 [Simulation:Info:toast@toast-new:Simulation not generated] Magnitude 5.19 of event bmg2026nmij is smaller than triggerMinMagnitude: no automatic simulation
2026/07/12 00:59:34.201309 [Incident:Info:toast@toast-new:Origin updated] Origin updated: OT: 2026-07-11 17:49:30,  Lat/Lon: 4.8308°/125.359°, Depth: 11.6898
2026/07/12 00:59:34.201489 [Incident:Info:toast@toast-new:FM updated] FM updated
2026/07/12 00:59:34.201729 [Simulation:Info:toast@toast-new:Simulation not generated] Magnitude 5.19 of event bmg2026nmij is smaller than triggerMinMagnitude: no automatic simulation
2026/07/12 01:01:10.720364 [Incident:Info:toast@toast-new:Origin updated] Origin updated: OT: 2026-07-11 17:49:30,  Lat/Lon: 4.8308°/125.359°, Depth: 11.6898
2026/07/12 01:01:10.720539 [Incident:Info:toast@toast-new:FM updated] FM updated
2026/07/12 01:01:10.720773 [Simulation:Info:toast@toast-new:Simulation not generated] Magnitude 5.19 of event bmg2026nmij is smaller than triggerMinMagnitude: no automatic simulation
2026/07/12 01:02:39.407466 [Incident:Info:toast@toast-new:Origin updated] Origin updated: OT: 2026-07-11 17:49:30,  Lat/Lon: 4.8308°/125.359°, Depth: 11.6898
2026/07/12 01:02:39.407653 [Incident:Info:toast@toast-new:FM updated] FM updated
2026/07/12 01:02:39.407904 [Simulation:Info:toast@toast-new:Simulation not generated] Magnitude 5.19 of event bmg2026nmij is smaller than triggerMinMagnitude: no automatic simulation
2026/07/12 07:06:43.850719 [Incident:Info:toast@toast-new:Origin updated] Origin updated: OT: 2026-07-11 17:49:29,  Lat/Lon: 4.83894°/125.35°, Depth: 10
2026/07/12 07:06:43.850866 [Incident:Info:toast@toast-new:Magnitude updated] Magnitude updated: 5.19 (mb)
2026/07/12 07:06:43.850891 [Simulation:Info:toast@toast-new:Simulation not generated] Magnitude 5.19 of event bmg2026nmij is smaller than triggerMinMagnitude: no automatic simulation
2026/07/14 21:34:54.916662 [Incident:Info:toast@toast-new:Incident removed] Removed incident - Bye
