2026/08/22 00:43:08.693621 [Incident:Info:toast@toast-new:Displacement(s) updated] Added 0 and changed 0 displacements with 0 amplitudes
2026/08/22 00:43:08.696933 [Incident:Info:toast@toast-new:Incident created] Incident created based on event received from messaging: OT: 2026-08-21 17:41:43,  Lat/Lon: -7.77°/104.44°, Depth: 10.00, Mag: 5.60 (M)
2026/08/22 00:43:08.697546 [Simulation:Info:toast@toast-new:Simulation not generated] Magnitude 5.60 of event bmg2026qjft is smaller than triggerMinMagnitude: no automatic simulation
2026/08/22 00:43:08.718069 [Incident:Info:toast@toast-new:Origin updated] Origin updated: OT: 2026-08-21 17:41:43,  Lat/Lon: -7.76624°/104.443°, Depth: 10
2026/08/22 00:43:08.718217 [Simulation:Info:toast@toast-new:Simulation not generated] Magnitude 5.60 of event bmg2026qjft is smaller than triggerMinMagnitude: no automatic simulation
2026/08/22 00:43:09.616998 [Incident:Info:toast@toast-new:Origin updated] Origin updated: OT: 2026-08-21 17:41:43,  Lat/Lon: -7.76624°/104.443°, Depth: 10
2026/08/22 00:43:09.617200 [Incident:Info:toast@toast-new:Magnitude updated] Magnitude updated: 5.62 (M)
2026/08/22 00:43:09.617253 [Simulation:Info:toast@toast-new:Simulation not generated] Magnitude 5.62 of event bmg2026qjft is smaller than triggerMinMagnitude: no automatic simulation
2026/08/22 00:43:14.634027 [Incident:Info:toast@toast-new:Origin updated] Origin updated: OT: 2026-08-21 17:41:43,  Lat/Lon: -7.76624°/104.443°, Depth: 10
2026/08/22 00:43:14.634183 [Incident:Info:toast@toast-new:Magnitude updated] Magnitude updated: 5.65 (M)
2026/08/22 00:43:14.634231 [Simulation:Info:toast@toast-new:Simulation not generated] Magnitude 5.65 of event bmg2026qjft is smaller than triggerMinMagnitude: no automatic simulation
2026/08/22 00:43:19.133408 [Incident:Info:toast@toast-new:Origin updated] Origin updated: OT: 2026-08-21 17:41:43,  Lat/Lon: -7.76624°/104.443°, Depth: 10
2026/08/22 00:43:19.133560 [Incident:Info:toast@toast-new:Magnitude updated] Magnitude updated: 5.67 (M)
2026/08/22 00:43:19.133590 [Simulation:Info:toast@toast-new:Simulation not generated] Magnitude 5.67 of event bmg2026qjft is smaller than triggerMinMagnitude: no automatic simulation
2026/08/22 00:43:19.154606 [Incident:Info:toast@toast-new:Origin updated] Origin updated: OT: 2026-08-21 17:41:43,  Lat/Lon: -7.74865°/104.443°, Depth: 10
2026/08/22 00:43:19.154704 [Incident:Info:toast@toast-new:Magnitude updated] Magnitude updated: 5.65 (M)
2026/08/22 00:43:19.154726 [Simulation:Info:toast@toast-new:Simulation not generated] Magnitude 5.65 of event bmg2026qjft is smaller than triggerMinMagnitude: no automatic simulation
2026/08/22 00:43:19.627720 [Incident:Info:toast@toast-new:Origin updated] Origin updated: OT: 2026-08-21 17:41:43,  Lat/Lon: -7.74865°/104.443°, Depth: 10
2026/08/22 00:43:19.627900 [Incident:Info:toast@toast-new:Magnitude updated] Magnitude updated: 5.65 (M)
2026/08/22 00:43:19.627941 [Simulation:Info:toast@toast-new:Simulation not generated] Magnitude 5.65 of event bmg2026qjft is smaller than triggerMinMagnitude: no automatic simulation
2026/08/22 00:43:24.690706 [Incident:Info:toast@toast-new:Origin updated] Origin updated: OT: 2026-08-21 17:41:43,  Lat/Lon: -7.74865°/104.443°, Depth: 10
2026/08/22 00:43:24.690890 [Incident:Info:toast@toast-new:Magnitude updated] Magnitude updated: 5.68 (M)
2026/08/22 00:43:24.690933 [Simulation:Info:toast@toast-new:Simulation not generated] Magnitude 5.68 of event bmg2026qjft is smaller than triggerMinMagnitude: no automatic simulation
2026/08/22 00:43:29.689343 [Incident:Info:toast@toast-new:Origin updated] Origin updated: OT: 2026-08-21 17:41:43,  Lat/Lon: -7.74865°/104.443°, Depth: 10
2026/08/22 00:43:29.725381 [Incident:Info:toast@toast-new:Magnitude updated] Magnitude updated: 5.71 (M)
2026/08/22 00:43:29.725480 [Simulation:Info:toast@toast-new:Simulation not generated] Magnitude 5.71 of event bmg2026qjft is smaller than triggerMinMagnitude: no automatic simulation
2026/08/22 00:43:34.270135 [Incident:Info:toast@toast-new:Origin updated] Origin updated: OT: 2026-08-21 17:41:43,  Lat/Lon: -7.74865°/104.443°, Depth: 10
2026/08/22 00:43:34.270336 [Incident:Info:toast@toast-new:Magnitude updated] Magnitude updated: 5.72 (M)
2026/08/22 00:43:34.270379 [Simulation:Info:toast@toast-new:Simulation not generated] Magnitude 5.72 of event bmg2026qjft is smaller than triggerMinMagnitude: no automatic simulation
2026/08/22 00:43:34.296279 [Incident:Info:toast@toast-new:Origin updated] Origin updated: OT: 2026-08-21 17:41:44,  Lat/Lon: -7.67103°/104.441°, Depth: 10
2026/08/22 00:43:34.296429 [Incident:Info:toast@toast-new:Magnitude updated] Magnitude updated: 5.69 (M)
2026/08/22 00:43:34.296463 [Simulation:Info:toast@toast-new:Simulation not generated] Magnitude 5.69 of event bmg2026qjft is smaller than triggerMinMagnitude: no automatic simulation
2026/08/22 00:43:39.694517 [Incident:Info:toast@toast-new:Origin updated] Origin updated: OT: 2026-08-21 17:41:44,  Lat/Lon: -7.67103°/104.441°, Depth: 10
2026/08/22 00:43:39.694686 [Incident:Info:toast@toast-new:Magnitude updated] Magnitude updated: 5.72 (M)
2026/08/22 00:43:39.694720 [Simulation:Info:toast@toast-new:Simulation not generated] Magnitude 5.72 of event bmg2026qjft is smaller than triggerMinMagnitude: no automatic simulation
2026/08/22 00:43:44.704967 [Incident:Info:toast@toast-new:Origin updated] Origin updated: OT: 2026-08-21 17:41:44,  Lat/Lon: -7.67103°/104.441°, Depth: 10
2026/08/22 00:43:44.705136 [Incident:Info:toast@toast-new:Magnitude updated] Magnitude updated: 5.74 (M)
2026/08/22 00:43:44.705171 [Simulation:Info:toast@toast-new:Simulation not generated] Magnitude 5.74 of event bmg2026qjft is smaller than triggerMinMagnitude: no automatic simulation
2026/08/22 00:43:48.270953 [Incident:Info:toast@toast-new:Origin updated] Origin updated: OT: 2026-08-21 17:41:43,  Lat/Lon: -7.71564°/104.466°, Depth: 10
2026/08/22 00:43:48.271184 [Incident:Info:toast@toast-new:Magnitude updated] Magnitude updated: 5.59 (MLv)
2026/08/22 00:43:48.271233 [Simulation:Info:toast@toast-new:Simulation not generated] Magnitude 5.59 of event bmg2026qjft is smaller than triggerMinMagnitude: no automatic simulation
2026/08/22 00:43:48.340666 [Incident:Info:toast@toast-new:Origin updated] Origin updated: OT: 2026-08-21 17:41:43,  Lat/Lon: -7.71564°/104.466°, Depth: 10
2026/08/22 00:43:48.340780 [Incident:Info:toast@toast-new:Magnitude updated] Magnitude updated: 5.74 (M)
2026/08/22 00:43:48.340815 [Simulation:Info:toast@toast-new:Simulation not generated] Magnitude 5.74 of event bmg2026qjft is smaller than triggerMinMagnitude: no automatic simulation
2026/08/22 00:43:49.679816 [Incident:Info:toast@toast-new:Origin updated] Origin updated: OT: 2026-08-21 17:41:43,  Lat/Lon: -7.71564°/104.466°, Depth: 10
2026/08/22 00:43:49.679990 [Incident:Info:toast@toast-new:Magnitude updated] Magnitude updated: 5.74 (M)
2026/08/22 00:43:49.680021 [Simulation:Info:toast@toast-new:Simulation not generated] Magnitude 5.74 of event bmg2026qjft is smaller than triggerMinMagnitude: no automatic simulation
2026/08/22 00:43:54.729707 [Incident:Info:toast@toast-new:Origin updated] Origin updated: OT: 2026-08-21 17:41:43,  Lat/Lon: -7.71564°/104.466°, Depth: 10
2026/08/22 00:43:54.729865 [Incident:Info:toast@toast-new:Magnitude updated] Magnitude updated: 5.75 (M)
2026/08/22 00:43:54.729894 [Simulation:Info:toast@toast-new:Simulation not generated] Magnitude 5.75 of event bmg2026qjft is smaller than triggerMinMagnitude: no automatic simulation
2026/08/22 00:43:59.767985 [Incident:Info:toast@toast-new:Origin updated] Origin updated: OT: 2026-08-21 17:41:43,  Lat/Lon: -7.71564°/104.466°, Depth: 10
2026/08/22 00:43:59.768192 [Incident:Info:toast@toast-new:Magnitude updated] Magnitude updated: 5.75 (M)
2026/08/22 00:43:59.768257 [Simulation:Info:toast@toast-new:Simulation not generated] Magnitude 5.75 of event bmg2026qjft is smaller than triggerMinMagnitude: no automatic simulation
2026/08/22 00:44:04.658955 [Incident:Info:toast@toast-new:Origin updated] Origin updated: OT: 2026-08-21 17:41:43,  Lat/Lon: -7.71564°/104.466°, Depth: 10
2026/08/22 00:44:04.659154 [Incident:Info:toast@toast-new:Magnitude updated] Magnitude updated: 5.76 (M)
2026/08/22 00:44:04.659209 [Simulation:Info:toast@toast-new:Simulation not generated] Magnitude 5.76 of event bmg2026qjft is smaller than triggerMinMagnitude: no automatic simulation
2026/08/22 00:44:06.533319 [Incident:Info:toast@toast-new:Origin updated] Origin updated: OT: 2026-08-21 17:41:43,  Lat/Lon: -7.71564°/104.466°, Depth: 10
2026/08/22 00:44:06.533505 [Incident:Info:toast@toast-new:Magnitude updated] Magnitude updated: 5.59 (MLv)
2026/08/22 00:44:06.533566 [Simulation:Info:toast@toast-new:Simulation not generated] Magnitude 5.59 of event bmg2026qjft is smaller than triggerMinMagnitude: no automatic simulation
2026/08/22 00:44:06.635865 [Incident:Info:toast@toast-new:Origin updated] Origin updated: OT: 2026-08-21 17:41:43,  Lat/Lon: -7.71564°/104.466°, Depth: 10
2026/08/22 00:44:06.636051 [Incident:Info:toast@toast-new:Magnitude updated] Magnitude updated: 5.78 (M)
2026/08/22 00:44:06.636123 [Simulation:Info:toast@toast-new:Simulation not generated] Magnitude 5.78 of event bmg2026qjft is smaller than triggerMinMagnitude: no automatic simulation
2026/08/22 00:44:14.828475 [Incident:Info:toast@toast-new:Origin updated] Origin updated: OT: 2026-08-21 17:41:43,  Lat/Lon: -7.71564°/104.466°, Depth: 10
2026/08/22 00:44:14.828680 [Incident:Info:toast@toast-new:Magnitude updated] Magnitude updated: 5.78 (M)
2026/08/22 00:44:14.828730 [Simulation:Info:toast@toast-new:Simulation not generated] Magnitude 5.78 of event bmg2026qjft is smaller than triggerMinMagnitude: no automatic simulation
2026/08/22 00:44:19.854653 [Incident:Info:toast@toast-new:Origin updated] Origin updated: OT: 2026-08-21 17:41:43,  Lat/Lon: -7.71564°/104.466°, Depth: 10
2026/08/22 00:44:19.856292 [Incident:Info:toast@toast-new:Magnitude updated] Magnitude updated: 5.75 (M)
2026/08/22 00:44:19.856327 [Simulation:Info:toast@toast-new:Simulation not generated] Magnitude 5.75 of event bmg2026qjft is smaller than triggerMinMagnitude: no automatic simulation
2026/08/22 00:44:24.844469 [Incident:Info:toast@toast-new:Origin updated] Origin updated: OT: 2026-08-21 17:41:43,  Lat/Lon: -7.71564°/104.466°, Depth: 10
2026/08/22 00:44:24.844655 [Incident:Info:toast@toast-new:Magnitude updated] Magnitude updated: 5.75 (M)
2026/08/22 00:44:24.844697 [Simulation:Info:toast@toast-new:Simulation not generated] Magnitude 5.75 of event bmg2026qjft is smaller than triggerMinMagnitude: no automatic simulation
2026/08/22 00:44:29.699073 [Incident:Info:toast@toast-new:Origin updated] Origin updated: OT: 2026-08-21 17:41:43,  Lat/Lon: -7.71564°/104.466°, Depth: 10
2026/08/22 00:44:29.699260 [Incident:Info:toast@toast-new:Magnitude updated] Magnitude updated: 5.76 (M)
2026/08/22 00:44:29.699304 [Simulation:Info:toast@toast-new:Simulation not generated] Magnitude 5.76 of event bmg2026qjft is smaller than triggerMinMagnitude: no automatic simulation
2026/08/22 00:44:39.879326 [Incident:Info:toast@toast-new:Origin updated] Origin updated: OT: 2026-08-21 17:41:43,  Lat/Lon: -7.71564°/104.466°, Depth: 10
2026/08/22 00:44:39.879511 [Incident:Info:toast@toast-new:Magnitude updated] Magnitude updated: 5.77 (M)
2026/08/22 00:44:39.879553 [Simulation:Info:toast@toast-new:Simulation not generated] Magnitude 5.77 of event bmg2026qjft is smaller than triggerMinMagnitude: no automatic simulation
2026/08/22 00:44:57.016986 [Incident:Info:toast@toast-new:Origin updated] Origin updated: OT: 2026-08-21 17:41:43,  Lat/Lon: -7.71564°/104.466°, Depth: 10
2026/08/22 00:44:57.017160 [Incident:Info:toast@toast-new:FM updated] FM updated
2026/08/22 00:44:57.017416 [Simulation:Info:toast@toast-new:Simulation not generated] Magnitude 5.77 of event bmg2026qjft is smaller than triggerMinMagnitude: no automatic simulation
2026/08/22 00:45:06.333096 [Incident:Info:toast@toast-new:Origin updated] Origin updated: OT: 2026-08-21 17:41:43,  Lat/Lon: -7.71564°/104.466°, Depth: 10
2026/08/22 00:45:06.333273 [Incident:Info:toast@toast-new:FM updated] FM updated
2026/08/22 00:45:06.333530 [Simulation:Info:toast@toast-new:Simulation not generated] Magnitude 5.77 of event bmg2026qjft is smaller than triggerMinMagnitude: no automatic simulation
2026/08/22 00:45:36.625931 [Incident:Info:toast@toast-new:Origin updated] Origin updated: OT: 2026-08-21 17:41:43,  Lat/Lon: -7.71564°/104.466°, Depth: 10
2026/08/22 00:45:36.626079 [Incident:Info:toast@toast-new:FM updated] FM updated
2026/08/22 00:45:36.626292 [Simulation:Info:toast@toast-new:Simulation not generated] Magnitude 5.77 of event bmg2026qjft is smaller than triggerMinMagnitude: no automatic simulation
2026/08/22 00:45:54.766859 [Incident:Info:toast@toast-new:Origin updated] Origin updated: OT: 2026-08-21 17:41:43,  Lat/Lon: -7.6987°/104.352°, Depth: 10
2026/08/22 00:45:54.767066 [Incident:Info:toast@toast-new:Magnitude updated] Magnitude updated: 5.79 (Mw(mB))
2026/08/22 00:45:54.767112 [Simulation:Info:toast@toast-new:Simulation not generated] Magnitude 5.79 of event bmg2026qjft is smaller than triggerMinMagnitude: no automatic simulation
2026/08/22 00:45:56.649854 [Incident:Info:toast@toast-new:Origin updated] Origin updated: OT: 2026-08-21 17:41:43,  Lat/Lon: -7.6987°/104.352°, Depth: 10
2026/08/22 00:45:56.650023 [Incident:Info:toast@toast-new:FM updated] FM updated
2026/08/22 00:45:56.650273 [Simulation:Info:toast@toast-new:Simulation not generated] Magnitude 5.79 of event bmg2026qjft is smaller than triggerMinMagnitude: no automatic simulation
2026/08/22 00:46:05.529000 [Incident:Info:toast@toast-new:Origin updated] Origin updated: OT: 2026-08-21 17:41:43,  Lat/Lon: -7.6987°/104.352°, Depth: 10
2026/08/22 00:46:05.529181 [Incident:Info:toast@toast-new:FM updated] FM updated
2026/08/22 00:46:05.529437 [Simulation:Info:toast@toast-new:Simulation not generated] Magnitude 5.79 of event bmg2026qjft is smaller than triggerMinMagnitude: no automatic simulation
2026/08/22 00:46:25.965609 [Incident:Info:toast@toast-new:Origin updated] Origin updated: OT: 2026-08-21 17:41:43,  Lat/Lon: -7.6987°/104.352°, Depth: 10
2026/08/22 00:46:25.965810 [Incident:Info:toast@toast-new:FM updated] FM updated
2026/08/22 00:46:25.966119 [Simulation:Info:toast@toast-new:Simulation not generated] Magnitude 5.79 of event bmg2026qjft is smaller than triggerMinMagnitude: no automatic simulation
2026/08/22 00:46:36.231486 [Incident:Info:toast@toast-new:Origin updated] Origin updated: OT: 2026-08-21 17:41:43,  Lat/Lon: -7.6987°/104.352°, Depth: 10
2026/08/22 00:46:36.231688 [Incident:Info:toast@toast-new:FM updated] FM updated
2026/08/22 00:46:36.231999 [Simulation:Info:toast@toast-new:Simulation not generated] Magnitude 5.79 of event bmg2026qjft is smaller than triggerMinMagnitude: no automatic simulation
2026/08/22 00:46:38.817032 [Incident:Info:toast@toast-new:Origin updated] Origin updated: OT: 2026-08-21 17:41:43,  Lat/Lon: -7.6987°/104.352°, Depth: 10
2026/08/22 00:46:38.817194 [Incident:Info:toast@toast-new:FM updated] FM updated
2026/08/22 00:46:38.817441 [Simulation:Info:toast@toast-new:Simulation not generated] Magnitude 5.79 of event bmg2026qjft is smaller than triggerMinMagnitude: no automatic simulation
2026/08/22 00:49:29.631290 [Incident:Info:toast@toast-new:Origin updated] Origin updated: OT: 2026-08-21 17:41:43,  Lat/Lon: -7.73397°/104.326°, Depth: 10
2026/08/22 00:49:29.631494 [Incident:Info:toast@toast-new:Magnitude updated] Magnitude updated: 5.79 (Mw(mB))
2026/08/22 00:49:29.631536 [Simulation:Info:toast@toast-new:Simulation not generated] Magnitude 5.79 of event bmg2026qjft is smaller than triggerMinMagnitude: no automatic simulation
2026/08/22 00:49:52.293173 [Incident:Info:toast@toast-new:Origin updated] Origin updated: OT: 2026-08-21 17:41:43,  Lat/Lon: -7.73397°/104.326°, Depth: 10
2026/08/22 00:49:52.293363 [Incident:Info:toast@toast-new:Magnitude updated] Magnitude updated: 5.76 (Mw)
2026/08/22 00:49:52.293411 [Simulation:Info:toast@toast-new:Simulation not generated] Magnitude 5.76 of event bmg2026qjft is smaller than triggerMinMagnitude: no automatic simulation
2026/08/22 04:58:35.227397 [Incident:Info:toast@toast-new:Origin updated] Origin updated: OT: 2026-08-21 17:41:45,  Lat/Lon: -7.75259°/104.312°, Depth: 35.3207
2026/08/22 04:58:35.227609 [Incident:Info:toast@toast-new:Magnitude updated] Magnitude updated: 5.76 (Mw)
2026/08/22 04:58:35.227640 [Incident:Info:toast@toast-new:FM updated] FM updated
2026/08/22 04:58:35.227863 [Simulation:Info:toast@toast-new:Simulation not generated] Magnitude 5.76 of event bmg2026qjft is smaller than triggerMinMagnitude: no automatic simulation
2026/08/22 04:58:58.296827 [Incident:Info:toast@toast-new:Origin updated] Origin updated: OT: 2026-08-21 17:41:45,  Lat/Lon: -7.75259°/104.312°, Depth: 35.3207
2026/08/22 04:58:58.297016 [Incident:Info:toast@toast-new:Magnitude updated] Magnitude updated: 5.76 (Mw(mB))
2026/08/22 04:58:58.297060 [Simulation:Info:toast@toast-new:Simulation not generated] Magnitude 5.76 of event bmg2026qjft is smaller than triggerMinMagnitude: no automatic simulation
2026/08/22 05:04:54.221904 [Incident:Info:toast@toast-new:Origin updated] Origin updated: OT: 2026-08-21 17:41:45,  Lat/Lon: -7.75259°/104.312°, Depth: 35.3207
2026/08/22 05:04:54.222107 [Incident:Info:toast@toast-new:FM updated] FM updated
2026/08/22 05:04:54.222415 [Simulation:Info:toast@toast-new:Simulation not generated] Magnitude 5.76 of event bmg2026qjft is smaller than triggerMinMagnitude: no automatic simulation
2026/08/26 13:06:12.922304 [Incident:Info:toast@toast-new:Incident removed] Removed incident - Bye
