2026/07/24 06:00:23.851175 [Incident:Info:toast@toast-new:Displacement(s) updated] Added 0 and changed 0 displacements with 0 amplitudes
2026/07/24 06:00:23.853866 [Incident:Info:toast@toast-new:Incident created] Incident created based on event received from messaging: OT: 2026-07-23 22:58:34,  Lat/Lon: 0.75°/126.28°, Depth: 24.49, Mag: 5.77 (M)
2026/07/24 06:00:23.854592 [Simulation:Info:toast@toast-new:Simulation not generated] Magnitude 5.77 of event bmg2026oiqp is smaller than triggerMinMagnitude: no automatic simulation
2026/07/24 06:00:24.067327 [Incident:Info:toast@toast-new:Origin updated] Origin updated: OT: 2026-07-23 22:58:34,  Lat/Lon: 0.751068°/126.281°, Depth: 24.4911
2026/07/24 06:00:24.067416 [Simulation:Info:toast@toast-new:Simulation not generated] Magnitude 5.77 of event bmg2026oiqp is smaller than triggerMinMagnitude: no automatic simulation
2026/07/24 06:00:26.052679 [Incident:Info:toast@toast-new:Origin updated] Origin updated: OT: 2026-07-23 22:58:34,  Lat/Lon: 0.751068°/126.281°, Depth: 24.4911
2026/07/24 06:00:26.052900 [Incident:Info:toast@toast-new:Magnitude updated] Magnitude updated: 5.78 (M)
2026/07/24 06:00:26.052948 [Simulation:Info:toast@toast-new:Simulation not generated] Magnitude 5.78 of event bmg2026oiqp is smaller than triggerMinMagnitude: no automatic simulation
2026/07/24 06:00:31.035559 [Incident:Info:toast@toast-new:Origin updated] Origin updated: OT: 2026-07-23 22:58:34,  Lat/Lon: 0.751068°/126.281°, Depth: 24.4911
2026/07/24 06:00:31.035738 [Incident:Info:toast@toast-new:Magnitude updated] Magnitude updated: 5.78 (M)
2026/07/24 06:00:31.035769 [Simulation:Info:toast@toast-new:Simulation not generated] Magnitude 5.78 of event bmg2026oiqp is smaller than triggerMinMagnitude: no automatic simulation
2026/07/24 06:00:34.222573 [Simulation:Info:toast@toast-new:Simulation(s) triggered] Automatic simulation(s) triggered manually
2026/07/24 06:00:34.223336 [Simulation:Info:toast@toast-new:Simulation(s) started] No nodal plane available. Starting Simulation(s) with fault plane, Lat/Lon: 0.75°/ 126.28° (MT), Depth: 24.49km (MT), Mag: 5.78 (MT)
2026/07/24 06:00:34.226279 [Simulation:Info:toast@toast-new:Simulation running] TsunAWI: Looking for matching scenarios
2026/07/24 06:00:34.230712 [Simulation:Info:toast@toast-new:Simulation finished] TsunAWI: No matching scenarios
2026/07/24 06:00:34.286291 [Simulation:Info:toast@toast-new:No simulation returned] TsunAWI simulation backend returned no simulation.
2026/07/24 06:00:34.350451 [Simulation:Info:toast@toast-new:Simulation tracked] Tracking progress of EasyWave2 simulation 57000002N126128E9d39f893c5c052b578256eb76a6f520ba2bc7cd4
2026/07/24 06:00:34.356352 [Simulation:Info:toast@toast-new:Simulation tracked] Tracking progress of EasyWave2 simulation 57000002N126128Eb5545e795f4b1ae781dcff36ee4170bc2dd5508a
2026/07/24 06:00:34.689013 [Incident:Info:toast@toast-new:Origin updated] Origin updated: OT: 2026-07-23 22:58:33,  Lat/Lon: 0.719362°/126.283°, Depth: 10
2026/07/24 06:00:34.689287 [Incident:Info:toast@toast-new:Magnitude updated] Magnitude updated: 5.70 (M)
2026/07/24 06:00:34.689360 [Simulation:Info:toast@toast-new:Simulation not generated] Magnitude 5.70 of event bmg2026oiqp is smaller than triggerMinMagnitude: no automatic simulation
2026/07/24 06:00:36.035392 [Incident:Info:toast@toast-new:Origin updated] Origin updated: OT: 2026-07-23 22:58:33,  Lat/Lon: 0.719362°/126.283°, Depth: 10
2026/07/24 06:00:36.035577 [Incident:Info:toast@toast-new:Magnitude updated] Magnitude updated: 5.70 (M)
2026/07/24 06:00:36.035621 [Simulation:Info:toast@toast-new:Simulation not generated] Magnitude 5.70 of event bmg2026oiqp is smaller than triggerMinMagnitude: no automatic simulation
2026/07/24 06:00:41.085213 [Incident:Info:toast@toast-new:Origin updated] Origin updated: OT: 2026-07-23 22:58:33,  Lat/Lon: 0.719362°/126.283°, Depth: 10
2026/07/24 06:00:41.085496 [Incident:Info:toast@toast-new:Magnitude updated] Magnitude updated: 5.71 (M)
2026/07/24 06:00:41.085566 [Simulation:Info:toast@toast-new:Simulation not generated] Magnitude 5.71 of event bmg2026oiqp is smaller than triggerMinMagnitude: no automatic simulation
2026/07/24 06:00:42.203826 [Simulation:Info:toast@toast-new:Simulation finished] Finished EasyWave2 simulation 57000002N126128E9d39f893c5c052b578256eb76a6f520ba2bc7cd4 in 7 seconds
2026/07/24 06:00:46.056525 [Incident:Info:toast@toast-new:Origin updated] Origin updated: OT: 2026-07-23 22:58:33,  Lat/Lon: 0.719362°/126.283°, Depth: 10
2026/07/24 06:00:46.056726 [Incident:Info:toast@toast-new:Magnitude updated] Magnitude updated: 5.72 (M)
2026/07/24 06:00:46.056778 [Simulation:Info:toast@toast-new:Simulation not generated] Magnitude 5.72 of event bmg2026oiqp is smaller than triggerMinMagnitude: no automatic simulation
2026/07/24 06:00:49.925177 [Incident:Info:toast@toast-new:Origin updated] Origin updated: OT: 2026-07-23 22:58:34,  Lat/Lon: 0.720932°/126.309°, Depth: 10
2026/07/24 06:00:49.925413 [Incident:Info:toast@toast-new:Magnitude updated] Magnitude updated: 5.75 (M)
2026/07/24 06:00:49.925465 [Simulation:Info:toast@toast-new:Simulation not generated] Magnitude 5.75 of event bmg2026oiqp is smaller than triggerMinMagnitude: no automatic simulation
2026/07/24 06:00:51.120303 [Incident:Info:toast@toast-new:Origin updated] Origin updated: OT: 2026-07-23 22:58:34,  Lat/Lon: 0.720932°/126.309°, Depth: 10
2026/07/24 06:00:51.120494 [Incident:Info:toast@toast-new:Magnitude updated] Magnitude updated: 5.75 (M)
2026/07/24 06:00:51.120541 [Simulation:Info:toast@toast-new:Simulation not generated] Magnitude 5.75 of event bmg2026oiqp is smaller than triggerMinMagnitude: no automatic simulation
2026/07/24 06:00:54.254353 [Simulation:Info:toast@toast-new:Simulation finished] Finished EasyWave2 simulation 57000002N126128Eb5545e795f4b1ae781dcff36ee4170bc2dd5508a in 19 seconds
2026/07/24 06:00:56.215445 [Incident:Info:toast@toast-new:Origin updated] Origin updated: OT: 2026-07-23 22:58:34,  Lat/Lon: 0.720932°/126.309°, Depth: 10
2026/07/24 06:00:56.215710 [Incident:Info:toast@toast-new:Magnitude updated] Magnitude updated: 5.75 (M)
2026/07/24 06:00:56.215789 [Simulation:Info:toast@toast-new:Simulation not generated] Magnitude 5.75 of event bmg2026oiqp is smaller than triggerMinMagnitude: no automatic simulation
2026/07/24 06:01:01.201369 [Incident:Info:toast@toast-new:Origin updated] Origin updated: OT: 2026-07-23 22:58:34,  Lat/Lon: 0.720932°/126.309°, Depth: 10
2026/07/24 06:01:01.201641 [Incident:Info:toast@toast-new:Magnitude updated] Magnitude updated: 5.80 (M)
2026/07/24 06:01:01.201713 [Simulation:Info:toast@toast-new:Simulation not generated] Magnitude 5.80 of event bmg2026oiqp is smaller than triggerMinMagnitude: no automatic simulation
2026/07/24 06:01:06.157520 [Incident:Info:toast@toast-new:Origin updated] Origin updated: OT: 2026-07-23 22:58:34,  Lat/Lon: 0.720932°/126.309°, Depth: 10
2026/07/24 06:01:06.157763 [Incident:Info:toast@toast-new:Magnitude updated] Magnitude updated: 5.84 (M)
2026/07/24 06:01:06.157819 [Simulation:Info:toast@toast-new:Simulation not generated] Magnitude 5.84 of event bmg2026oiqp is smaller than triggerMinMagnitude: no automatic simulation
2026/07/24 06:01:06.833270 [Incident:Info:toast@toast-new:Origin updated] Origin updated: OT: 2026-07-23 22:58:34,  Lat/Lon: 0.723756°/126.314°, Depth: 10
2026/07/24 06:01:06.833557 [Incident:Info:toast@toast-new:Magnitude updated] Magnitude updated: 5.69 (MLv)
2026/07/24 06:01:06.833649 [Simulation:Info:toast@toast-new:Simulation not generated] Magnitude 5.69 of event bmg2026oiqp is smaller than triggerMinMagnitude: no automatic simulation
2026/07/24 06:01:06.854082 [Incident:Info:toast@toast-new:Origin updated] Origin updated: OT: 2026-07-23 22:58:34,  Lat/Lon: 0.723756°/126.314°, Depth: 10
2026/07/24 06:01:06.854294 [Incident:Info:toast@toast-new:Magnitude updated] Magnitude updated: 5.83 (M)
2026/07/24 06:01:06.854357 [Simulation:Info:toast@toast-new:Simulation not generated] Magnitude 5.83 of event bmg2026oiqp is smaller than triggerMinMagnitude: no automatic simulation
2026/07/24 06:01:10.095580 [Incident:Info:toast@toast-new:Origin updated] Origin updated: OT: 2026-07-23 22:58:34,  Lat/Lon: 0.723756°/126.314°, Depth: 10
2026/07/24 06:01:10.095842 [Incident:Info:toast@toast-new:Magnitude updated] Magnitude updated: 5.82 (M)
2026/07/24 06:01:10.095890 [Simulation:Info:toast@toast-new:Simulation not generated] Magnitude 5.82 of event bmg2026oiqp is smaller than triggerMinMagnitude: no automatic simulation
2026/07/24 06:01:11.166753 [Incident:Info:toast@toast-new:Origin updated] Origin updated: OT: 2026-07-23 22:58:34,  Lat/Lon: 0.723756°/126.314°, Depth: 10
2026/07/24 06:01:11.167044 [Incident:Info:toast@toast-new:Magnitude updated] Magnitude updated: 5.82 (M)
2026/07/24 06:01:11.167111 [Simulation:Info:toast@toast-new:Simulation not generated] Magnitude 5.82 of event bmg2026oiqp is smaller than triggerMinMagnitude: no automatic simulation
2026/07/24 06:01:16.272277 [Incident:Info:toast@toast-new:Origin updated] Origin updated: OT: 2026-07-23 22:58:34,  Lat/Lon: 0.723756°/126.314°, Depth: 10
2026/07/24 06:01:16.272495 [Incident:Info:toast@toast-new:Magnitude updated] Magnitude updated: 5.85 (M)
2026/07/24 06:01:16.272543 [Simulation:Info:toast@toast-new:Simulation not generated] Magnitude 5.85 of event bmg2026oiqp is smaller than triggerMinMagnitude: no automatic simulation
2026/07/24 06:01:16.724184 [Incident:Info:toast@toast-new:Origin updated] Origin updated: OT: 2026-07-23 22:58:34,  Lat/Lon: 0.723756°/126.314°, Depth: 10
2026/07/24 06:01:16.724408 [Incident:Info:toast@toast-new:FM updated] FM updated
2026/07/24 06:01:16.724791 [Simulation:Info:toast@toast-new:Simulation not generated] Magnitude 5.85 of event bmg2026oiqp is smaller than triggerMinMagnitude: no automatic simulation
2026/07/24 06:01:21.236758 [Incident:Info:toast@toast-new:Origin updated] Origin updated: OT: 2026-07-23 22:58:34,  Lat/Lon: 0.723756°/126.314°, Depth: 10
2026/07/24 06:01:21.236998 [Incident:Info:toast@toast-new:Magnitude updated] Magnitude updated: 5.85 (M)
2026/07/24 06:01:21.237059 [Simulation:Info:toast@toast-new:Simulation not generated] Magnitude 5.85 of event bmg2026oiqp is smaller than triggerMinMagnitude: no automatic simulation
2026/07/24 06:01:24.985758 [Incident:Info:toast@toast-new:Origin updated] Origin updated: OT: 2026-07-23 22:58:34,  Lat/Lon: 0.723756°/126.314°, Depth: 10
2026/07/24 06:01:24.986001 [Incident:Info:toast@toast-new:FM updated] FM updated
2026/07/24 06:01:24.986337 [Simulation:Info:toast@toast-new:Simulation not generated] Magnitude 5.85 of event bmg2026oiqp is smaller than triggerMinMagnitude: no automatic simulation
2026/07/24 06:01:26.255344 [Incident:Info:toast@toast-new:Origin updated] Origin updated: OT: 2026-07-23 22:58:34,  Lat/Lon: 0.723756°/126.314°, Depth: 10
2026/07/24 06:01:26.255582 [Incident:Info:toast@toast-new:Magnitude updated] Magnitude updated: 5.86 (M)
2026/07/24 06:01:26.255648 [Simulation:Info:toast@toast-new:Simulation not generated] Magnitude 5.86 of event bmg2026oiqp is smaller than triggerMinMagnitude: no automatic simulation
2026/07/24 06:01:27.680115 [Incident:Info:toast@toast-new:Origin updated] Origin updated: OT: 2026-07-23 22:58:34,  Lat/Lon: 0.723756°/126.314°, Depth: 10
2026/07/24 06:01:27.680312 [Incident:Info:toast@toast-new:FM updated] FM updated
2026/07/24 06:01:27.680607 [Simulation:Info:toast@toast-new:Simulation not generated] Magnitude 5.86 of event bmg2026oiqp is smaller than triggerMinMagnitude: no automatic simulation
2026/07/24 06:01:31.286118 [Incident:Info:toast@toast-new:Origin updated] Origin updated: OT: 2026-07-23 22:58:34,  Lat/Lon: 0.723756°/126.314°, Depth: 10
2026/07/24 06:01:31.286383 [Incident:Info:toast@toast-new:Magnitude updated] Magnitude updated: 5.85 (M)
2026/07/24 06:01:31.286447 [Simulation:Info:toast@toast-new:Simulation not generated] Magnitude 5.85 of event bmg2026oiqp is smaller than triggerMinMagnitude: no automatic simulation
2026/07/24 06:01:36.047833 [Incident:Info:toast@toast-new:Origin updated] Origin updated: OT: 2026-07-23 22:58:34,  Lat/Lon: 0.723756°/126.314°, Depth: 10
2026/07/24 06:01:36.048108 [Incident:Info:toast@toast-new:Magnitude updated] Magnitude updated: 5.85 (M)
2026/07/24 06:01:36.048208 [Simulation:Info:toast@toast-new:Simulation not generated] Magnitude 5.85 of event bmg2026oiqp is smaller than triggerMinMagnitude: no automatic simulation
2026/07/24 06:01:41.181010 [Incident:Info:toast@toast-new:Origin updated] Origin updated: OT: 2026-07-23 22:58:34,  Lat/Lon: 0.723756°/126.314°, Depth: 10
2026/07/24 06:01:41.181263 [Incident:Info:toast@toast-new:Magnitude updated] Magnitude updated: 5.85 (M)
2026/07/24 06:01:41.181308 [Simulation:Info:toast@toast-new:Simulation not generated] Magnitude 5.85 of event bmg2026oiqp is smaller than triggerMinMagnitude: no automatic simulation
2026/07/24 06:01:46.319149 [Incident:Info:toast@toast-new:Origin updated] Origin updated: OT: 2026-07-23 22:58:34,  Lat/Lon: 0.723756°/126.314°, Depth: 10
2026/07/24 06:01:46.319393 [Incident:Info:toast@toast-new:Magnitude updated] Magnitude updated: 5.85 (M)
2026/07/24 06:01:46.319438 [Simulation:Info:toast@toast-new:Simulation not generated] Magnitude 5.85 of event bmg2026oiqp is smaller than triggerMinMagnitude: no automatic simulation
2026/07/24 06:01:51.263324 [Incident:Info:toast@toast-new:Origin updated] Origin updated: OT: 2026-07-23 22:58:34,  Lat/Lon: 0.723756°/126.314°, Depth: 10
2026/07/24 06:01:51.263591 [Incident:Info:toast@toast-new:Magnitude updated] Magnitude updated: 5.86 (M)
2026/07/24 06:01:51.263638 [Simulation:Info:toast@toast-new:Simulation not generated] Magnitude 5.86 of event bmg2026oiqp is smaller than triggerMinMagnitude: no automatic simulation
2026/07/24 06:01:51.656957 [Incident:Info:toast@toast-new:Origin updated] Origin updated: OT: 2026-07-23 22:58:34,  Lat/Lon: 0.729104°/126.323°, Depth: 10
2026/07/24 06:01:51.657232 [Incident:Info:toast@toast-new:Magnitude updated] Magnitude updated: 5.85 (MLv)
2026/07/24 06:01:51.657308 [Simulation:Info:toast@toast-new:Simulation not generated] Magnitude 5.85 of event bmg2026oiqp is smaller than triggerMinMagnitude: no automatic simulation
2026/07/24 06:01:51.742655 [Incident:Info:toast@toast-new:Origin updated] Origin updated: OT: 2026-07-23 22:58:34,  Lat/Lon: 0.729104°/126.323°, Depth: 10
2026/07/24 06:01:51.742958 [Incident:Info:toast@toast-new:Magnitude updated] Magnitude updated: 5.85 (MLv)
2026/07/24 06:01:51.743047 [Simulation:Info:toast@toast-new:Simulation not generated] Magnitude 5.85 of event bmg2026oiqp is smaller than triggerMinMagnitude: no automatic simulation
2026/07/24 06:01:51.762192 [Incident:Info:toast@toast-new:Origin updated] Origin updated: OT: 2026-07-23 22:58:34,  Lat/Lon: 0.729104°/126.323°, Depth: 10
2026/07/24 06:01:51.762413 [Incident:Info:toast@toast-new:Magnitude updated] Magnitude updated: 5.84 (M)
2026/07/24 06:01:51.762494 [Simulation:Info:toast@toast-new:Simulation not generated] Magnitude 5.84 of event bmg2026oiqp is smaller than triggerMinMagnitude: no automatic simulation
2026/07/24 06:01:56.369680 [Incident:Info:toast@toast-new:Origin updated] Origin updated: OT: 2026-07-23 22:58:34,  Lat/Lon: 0.729104°/126.323°, Depth: 10
2026/07/24 06:01:56.369951 [Incident:Info:toast@toast-new:Magnitude updated] Magnitude updated: 5.86 (Mw(mB))
2026/07/24 06:01:56.370023 [Simulation:Info:toast@toast-new:Simulation not generated] Magnitude 5.86 of event bmg2026oiqp is smaller than triggerMinMagnitude: no automatic simulation
2026/07/24 06:01:56.397160 [Incident:Info:toast@toast-new:Origin updated] Origin updated: OT: 2026-07-23 22:58:34,  Lat/Lon: 0.729104°/126.323°, Depth: 10
2026/07/24 06:01:56.397336 [Simulation:Info:toast@toast-new:Simulation not generated] Magnitude 5.86 of event bmg2026oiqp is smaller than triggerMinMagnitude: no automatic simulation
2026/07/24 06:01:57.105087 [Incident:Info:toast@toast-new:Origin updated] Origin updated: OT: 2026-07-23 22:58:34,  Lat/Lon: 0.729104°/126.323°, Depth: 10
2026/07/24 06:01:57.105360 [Incident:Info:toast@toast-new:FM updated] FM updated
2026/07/24 06:01:57.105758 [Simulation:Info:toast@toast-new:Simulation not generated] Magnitude 5.86 of event bmg2026oiqp is smaller than triggerMinMagnitude: no automatic simulation
2026/07/24 06:02:01.287786 [Incident:Info:toast@toast-new:Origin updated] Origin updated: OT: 2026-07-23 22:58:34,  Lat/Lon: 0.729104°/126.323°, Depth: 10
2026/07/24 06:02:01.288067 [Incident:Info:toast@toast-new:Magnitude updated] Magnitude updated: 5.84 (Mw(mB))
2026/07/24 06:02:01.288136 [Simulation:Info:toast@toast-new:Simulation not generated] Magnitude 5.84 of event bmg2026oiqp is smaller than triggerMinMagnitude: no automatic simulation
2026/07/24 06:02:06.186716 [Incident:Info:toast@toast-new:Origin updated] Origin updated: OT: 2026-07-23 22:58:34,  Lat/Lon: 0.729104°/126.323°, Depth: 10
2026/07/24 06:02:06.187023 [Incident:Info:toast@toast-new:Magnitude updated] Magnitude updated: 5.84 (Mw(mB))
2026/07/24 06:02:06.187092 [Simulation:Info:toast@toast-new:Simulation not generated] Magnitude 5.84 of event bmg2026oiqp is smaller than triggerMinMagnitude: no automatic simulation
2026/07/24 06:02:17.128133 [Incident:Info:toast@toast-new:Origin updated] Origin updated: OT: 2026-07-23 22:58:34,  Lat/Lon: 0.729104°/126.323°, Depth: 10
2026/07/24 06:02:17.128367 [Incident:Info:toast@toast-new:FM updated] FM updated
2026/07/24 06:02:17.128676 [Simulation:Info:toast@toast-new:Simulation not generated] Magnitude 5.84 of event bmg2026oiqp is smaller than triggerMinMagnitude: no automatic simulation
2026/07/24 06:02:37.080277 [Incident:Info:toast@toast-new:Origin updated] Origin updated: OT: 2026-07-23 22:58:34,  Lat/Lon: 0.729104°/126.323°, Depth: 10
2026/07/24 06:02:37.080524 [Incident:Info:toast@toast-new:FM updated] FM updated
2026/07/24 06:02:37.080818 [Simulation:Info:toast@toast-new:Simulation not generated] Magnitude 5.84 of event bmg2026oiqp is smaller than triggerMinMagnitude: no automatic simulation
2026/07/24 06:02:47.426175 [Incident:Info:toast@toast-new:Origin updated] Origin updated: OT: 2026-07-23 22:58:34,  Lat/Lon: 0.729104°/126.323°, Depth: 10
2026/07/24 06:02:47.426401 [Incident:Info:toast@toast-new:FM updated] FM updated
2026/07/24 06:02:47.426713 [Simulation:Info:toast@toast-new:Simulation not generated] Magnitude 5.84 of event bmg2026oiqp is smaller than triggerMinMagnitude: no automatic simulation
2026/07/24 06:02:57.009806 [Incident:Info:toast@toast-new:Origin updated] Origin updated: OT: 2026-07-23 22:58:34,  Lat/Lon: 0.729104°/126.323°, Depth: 10
2026/07/24 06:02:57.010056 [Simulation:Info:toast@toast-new:Simulation not generated] Magnitude 5.84 of event bmg2026oiqp is smaller than triggerMinMagnitude: no automatic simulation
2026/07/24 06:03:17.550759 [Incident:Info:toast@toast-new:Origin updated] Origin updated: OT: 2026-07-23 22:58:34,  Lat/Lon: 0.729104°/126.323°, Depth: 10
2026/07/24 06:03:17.550989 [Incident:Info:toast@toast-new:FM updated] FM updated
2026/07/24 06:03:17.551293 [Simulation:Info:toast@toast-new:Simulation not generated] Magnitude 5.84 of event bmg2026oiqp is smaller than triggerMinMagnitude: no automatic simulation
2026/07/24 06:03:21.700729 [Incident:Info:toast@toast-new:Origin updated] Origin updated: OT: 2026-07-23 22:58:34,  Lat/Lon: 0.722134°/126.324°, Depth: 10
2026/07/24 06:03:21.700963 [Incident:Info:toast@toast-new:Magnitude updated] Magnitude updated: 5.84 (Mw(mB))
2026/07/24 06:03:21.701006 [Simulation:Info:toast@toast-new:Simulation not generated] Magnitude 5.84 of event bmg2026oiqp is smaller than triggerMinMagnitude: no automatic simulation
2026/07/24 06:03:27.335231 [Incident:Info:toast@toast-new:Origin updated] Origin updated: OT: 2026-07-23 22:58:34,  Lat/Lon: 0.722134°/126.324°, Depth: 10
2026/07/24 06:03:27.335510 [Incident:Info:toast@toast-new:FM updated] FM updated
2026/07/24 06:03:27.335889 [Simulation:Info:toast@toast-new:Simulation not generated] Magnitude 5.84 of event bmg2026oiqp is smaller than triggerMinMagnitude: no automatic simulation
2026/07/24 06:03:37.321502 [Incident:Info:toast@toast-new:Origin updated] Origin updated: OT: 2026-07-23 22:58:34,  Lat/Lon: 0.722134°/126.324°, Depth: 10
2026/07/24 06:03:37.321763 [Incident:Info:toast@toast-new:FM updated] FM updated
2026/07/24 06:03:37.322068 [Simulation:Info:toast@toast-new:Simulation not generated] Magnitude 5.84 of event bmg2026oiqp is smaller than triggerMinMagnitude: no automatic simulation
2026/07/24 06:03:47.713905 [Incident:Info:toast@toast-new:Origin updated] Origin updated: OT: 2026-07-23 22:58:34,  Lat/Lon: 0.722134°/126.324°, Depth: 10
2026/07/24 06:03:47.714174 [Incident:Info:toast@toast-new:FM updated] FM updated
2026/07/24 06:03:47.714528 [Simulation:Info:toast@toast-new:Simulation not generated] Magnitude 5.84 of event bmg2026oiqp is smaller than triggerMinMagnitude: no automatic simulation
2026/07/24 06:03:57.804687 [Incident:Info:toast@toast-new:Origin updated] Origin updated: OT: 2026-07-23 22:58:34,  Lat/Lon: 0.722134°/126.324°, Depth: 10
2026/07/24 06:03:57.804915 [Incident:Info:toast@toast-new:FM updated] FM updated
2026/07/24 06:03:57.805206 [Simulation:Info:toast@toast-new:Simulation not generated] Magnitude 5.84 of event bmg2026oiqp is smaller than triggerMinMagnitude: no automatic simulation
2026/07/24 06:04:07.605797 [Incident:Info:toast@toast-new:Origin updated] Origin updated: OT: 2026-07-23 22:58:34,  Lat/Lon: 0.722134°/126.324°, Depth: 10
2026/07/24 06:04:07.606032 [Incident:Info:toast@toast-new:FM updated] FM updated
2026/07/24 06:04:07.606321 [Simulation:Info:toast@toast-new:Simulation not generated] Magnitude 5.84 of event bmg2026oiqp is smaller than triggerMinMagnitude: no automatic simulation
2026/07/24 06:04:17.585640 [Incident:Info:toast@toast-new:Origin updated] Origin updated: OT: 2026-07-23 22:58:34,  Lat/Lon: 0.722134°/126.324°, Depth: 10
2026/07/24 06:04:17.585838 [Incident:Info:toast@toast-new:FM updated] FM updated
2026/07/24 06:04:17.586060 [Simulation:Info:toast@toast-new:Simulation not generated] Magnitude 5.84 of event bmg2026oiqp is smaller than triggerMinMagnitude: no automatic simulation
2026/07/24 06:04:27.543253 [Incident:Info:toast@toast-new:Origin updated] Origin updated: OT: 2026-07-23 22:58:34,  Lat/Lon: 0.722134°/126.324°, Depth: 10
2026/07/24 06:04:27.543491 [Incident:Info:toast@toast-new:FM updated] FM updated
2026/07/24 06:04:27.543792 [Simulation:Info:toast@toast-new:Simulation not generated] Magnitude 5.84 of event bmg2026oiqp is smaller than triggerMinMagnitude: no automatic simulation
2026/07/24 06:04:31.137382 [Incident:Info:toast@toast-new:Origin updated] Origin updated: OT: 2026-07-23 22:58:34,  Lat/Lon: 0.722134°/126.324°, Depth: 10
2026/07/24 06:04:31.137676 [Incident:Info:toast@toast-new:Magnitude updated] Magnitude updated: 5.84 (Mw(mB))
2026/07/24 06:04:31.137738 [Simulation:Info:toast@toast-new:Simulation not generated] Magnitude 5.84 of event bmg2026oiqp is smaller than triggerMinMagnitude: no automatic simulation
2026/07/24 06:04:38.542024 [Incident:Info:toast@toast-new:Origin updated] Origin updated: OT: 2026-07-23 22:58:34,  Lat/Lon: 0.722134°/126.324°, Depth: 10
2026/07/24 06:04:38.542279 [Incident:Info:toast@toast-new:FM updated] FM updated
2026/07/24 06:04:38.542629 [Simulation:Info:toast@toast-new:Simulation not generated] Magnitude 5.84 of event bmg2026oiqp is smaller than triggerMinMagnitude: no automatic simulation
2026/07/24 06:04:47.845605 [Incident:Info:toast@toast-new:Origin updated] Origin updated: OT: 2026-07-23 22:58:34,  Lat/Lon: 0.722134°/126.324°, Depth: 10
2026/07/24 06:04:47.845804 [Simulation:Info:toast@toast-new:Simulation not generated] Magnitude 5.84 of event bmg2026oiqp is smaller than triggerMinMagnitude: no automatic simulation
2026/07/24 06:04:58.116343 [Incident:Info:toast@toast-new:Origin updated] Origin updated: OT: 2026-07-23 22:58:34,  Lat/Lon: 0.722134°/126.324°, Depth: 10
2026/07/24 06:04:58.116610 [Incident:Info:toast@toast-new:FM updated] FM updated
2026/07/24 06:04:58.116932 [Simulation:Info:toast@toast-new:Simulation not generated] Magnitude 5.84 of event bmg2026oiqp is smaller than triggerMinMagnitude: no automatic simulation
2026/07/24 06:05:08.198682 [Incident:Info:toast@toast-new:Origin updated] Origin updated: OT: 2026-07-23 22:58:34,  Lat/Lon: 0.722134°/126.324°, Depth: 10
2026/07/24 06:05:08.198952 [Incident:Info:toast@toast-new:FM updated] FM updated
2026/07/24 06:05:08.199252 [Simulation:Info:toast@toast-new:Simulation not generated] Magnitude 5.84 of event bmg2026oiqp is smaller than triggerMinMagnitude: no automatic simulation
2026/07/24 06:05:18.802323 [Incident:Info:toast@toast-new:Origin updated] Origin updated: OT: 2026-07-23 22:58:34,  Lat/Lon: 0.722134°/126.324°, Depth: 10
2026/07/24 06:05:18.802577 [Incident:Info:toast@toast-new:FM updated] FM updated
2026/07/24 06:05:18.802899 [Simulation:Info:toast@toast-new:Simulation not generated] Magnitude 5.84 of event bmg2026oiqp is smaller than triggerMinMagnitude: no automatic simulation
2026/07/24 06:05:29.003020 [Incident:Info:toast@toast-new:Origin updated] Origin updated: OT: 2026-07-23 22:58:34,  Lat/Lon: 0.722134°/126.324°, Depth: 10
2026/07/24 06:05:29.003297 [Incident:Info:toast@toast-new:FM updated] FM updated
2026/07/24 06:05:29.003663 [Simulation:Info:toast@toast-new:Simulation not generated] Magnitude 5.84 of event bmg2026oiqp is smaller than triggerMinMagnitude: no automatic simulation
2026/07/24 06:05:38.931336 [Incident:Info:toast@toast-new:Origin updated] Origin updated: OT: 2026-07-23 22:58:34,  Lat/Lon: 0.722134°/126.324°, Depth: 10
2026/07/24 06:05:38.931572 [Incident:Info:toast@toast-new:FM updated] FM updated
2026/07/24 06:05:38.931866 [Simulation:Info:toast@toast-new:Simulation not generated] Magnitude 5.84 of event bmg2026oiqp is smaller than triggerMinMagnitude: no automatic simulation
2026/07/24 06:05:48.929381 [Incident:Info:toast@toast-new:Origin updated] Origin updated: OT: 2026-07-23 22:58:34,  Lat/Lon: 0.722134°/126.324°, Depth: 10
2026/07/24 06:05:48.929570 [Incident:Info:toast@toast-new:FM updated] FM updated
2026/07/24 06:05:48.929895 [Simulation:Info:toast@toast-new:Simulation not generated] Magnitude 5.84 of event bmg2026oiqp is smaller than triggerMinMagnitude: no automatic simulation
2026/07/24 06:05:58.917738 [Incident:Info:toast@toast-new:Origin updated] Origin updated: OT: 2026-07-23 22:58:34,  Lat/Lon: 0.722134°/126.324°, Depth: 10
2026/07/24 06:05:58.917948 [Incident:Info:toast@toast-new:FM updated] FM updated
2026/07/24 06:05:58.918234 [Simulation:Info:toast@toast-new:Simulation not generated] Magnitude 5.84 of event bmg2026oiqp is smaller than triggerMinMagnitude: no automatic simulation
2026/07/24 06:06:08.731729 [Incident:Info:toast@toast-new:Origin updated] Origin updated: OT: 2026-07-23 22:58:34,  Lat/Lon: 0.722134°/126.324°, Depth: 10
2026/07/24 06:06:08.731990 [Incident:Info:toast@toast-new:FM updated] FM updated
2026/07/24 06:06:08.732336 [Simulation:Info:toast@toast-new:Simulation not generated] Magnitude 5.84 of event bmg2026oiqp is smaller than triggerMinMagnitude: no automatic simulation
2026/07/24 06:06:18.732895 [Incident:Info:toast@toast-new:Origin updated] Origin updated: OT: 2026-07-23 22:58:34,  Lat/Lon: 0.722134°/126.324°, Depth: 10
2026/07/24 06:06:18.733134 [Incident:Info:toast@toast-new:FM updated] FM updated
2026/07/24 06:06:18.733476 [Simulation:Info:toast@toast-new:Simulation not generated] Magnitude 5.84 of event bmg2026oiqp is smaller than triggerMinMagnitude: no automatic simulation
2026/07/24 06:06:28.789262 [Incident:Info:toast@toast-new:Origin updated] Origin updated: OT: 2026-07-23 22:58:34,  Lat/Lon: 0.722134°/126.324°, Depth: 10
2026/07/24 06:06:28.789482 [Simulation:Info:toast@toast-new:Simulation not generated] Magnitude 5.84 of event bmg2026oiqp is smaller than triggerMinMagnitude: no automatic simulation
2026/07/24 06:06:49.241017 [Incident:Info:toast@toast-new:Origin updated] Origin updated: OT: 2026-07-23 22:58:34,  Lat/Lon: 0.722134°/126.324°, Depth: 10
2026/07/24 06:06:49.241208 [Incident:Info:toast@toast-new:FM updated] FM updated
2026/07/24 06:06:49.241539 [Simulation:Info:toast@toast-new:Simulation not generated] Magnitude 5.84 of event bmg2026oiqp is smaller than triggerMinMagnitude: no automatic simulation
2026/07/24 06:06:59.402216 [Incident:Info:toast@toast-new:Origin updated] Origin updated: OT: 2026-07-23 22:58:34,  Lat/Lon: 0.722134°/126.324°, Depth: 10
2026/07/24 06:06:59.402463 [Incident:Info:toast@toast-new:FM updated] FM updated
2026/07/24 06:06:59.402792 [Simulation:Info:toast@toast-new:Simulation not generated] Magnitude 5.84 of event bmg2026oiqp is smaller than triggerMinMagnitude: no automatic simulation
2026/07/24 06:07:09.154454 [Incident:Info:toast@toast-new:Origin updated] Origin updated: OT: 2026-07-23 22:58:34,  Lat/Lon: 0.722134°/126.324°, Depth: 10
2026/07/24 06:07:09.154684 [Incident:Info:toast@toast-new:FM updated] FM updated
2026/07/24 06:07:09.154986 [Simulation:Info:toast@toast-new:Simulation not generated] Magnitude 5.84 of event bmg2026oiqp is smaller than triggerMinMagnitude: no automatic simulation
2026/07/24 06:07:19.147009 [Incident:Info:toast@toast-new:Origin updated] Origin updated: OT: 2026-07-23 22:58:34,  Lat/Lon: 0.722134°/126.324°, Depth: 10
2026/07/24 06:07:19.147255 [Incident:Info:toast@toast-new:FM updated] FM updated
2026/07/24 06:07:19.147570 [Simulation:Info:toast@toast-new:Simulation not generated] Magnitude 5.84 of event bmg2026oiqp is smaller than triggerMinMagnitude: no automatic simulation
2026/07/24 06:07:29.351900 [Incident:Info:toast@toast-new:Origin updated] Origin updated: OT: 2026-07-23 22:58:34,  Lat/Lon: 0.722134°/126.324°, Depth: 10
2026/07/24 06:07:29.352109 [Simulation:Info:toast@toast-new:Simulation not generated] Magnitude 5.84 of event bmg2026oiqp is smaller than triggerMinMagnitude: no automatic simulation
2026/07/24 06:07:39.717040 [Incident:Info:toast@toast-new:Origin updated] Origin updated: OT: 2026-07-23 22:58:34,  Lat/Lon: 0.722134°/126.324°, Depth: 10
2026/07/24 06:07:39.717269 [Incident:Info:toast@toast-new:FM updated] FM updated
2026/07/24 06:07:39.717569 [Simulation:Info:toast@toast-new:Simulation not generated] Magnitude 5.84 of event bmg2026oiqp is smaller than triggerMinMagnitude: no automatic simulation
2026/07/24 06:07:45.935757 [Incident:Info:toast@toast-new:Origin updated] Origin updated: OT: 2026-07-23 22:58:34,  Lat/Lon: 0.72487°/126.33°, Depth: 10
2026/07/24 06:07:45.936083 [Incident:Info:toast@toast-new:Magnitude updated] Magnitude updated: 5.82 (Mw(mB))
2026/07/24 06:07:45.936156 [Simulation:Info:toast@toast-new:Simulation not generated] Magnitude 5.82 of event bmg2026oiqp is smaller than triggerMinMagnitude: no automatic simulation
2026/07/24 06:07:49.569970 [Incident:Info:toast@toast-new:Origin updated] Origin updated: OT: 2026-07-23 22:58:34,  Lat/Lon: 0.72487°/126.33°, Depth: 10
2026/07/24 06:07:49.570199 [Incident:Info:toast@toast-new:FM updated] FM updated
2026/07/24 06:07:49.570519 [Simulation:Info:toast@toast-new:Simulation not generated] Magnitude 5.82 of event bmg2026oiqp is smaller than triggerMinMagnitude: no automatic simulation
2026/07/24 06:07:59.681122 [Incident:Info:toast@toast-new:Origin updated] Origin updated: OT: 2026-07-23 22:58:34,  Lat/Lon: 0.72487°/126.33°, Depth: 10
2026/07/24 06:07:59.681344 [Incident:Info:toast@toast-new:FM updated] FM updated
2026/07/24 06:07:59.681643 [Simulation:Info:toast@toast-new:Simulation not generated] Magnitude 5.82 of event bmg2026oiqp is smaller than triggerMinMagnitude: no automatic simulation
2026/07/24 06:08:09.377098 [Incident:Info:toast@toast-new:Origin updated] Origin updated: OT: 2026-07-23 22:58:34,  Lat/Lon: 0.72487°/126.33°, Depth: 10
2026/07/24 06:08:09.377361 [Incident:Info:toast@toast-new:FM updated] FM updated
2026/07/24 06:08:09.377750 [Simulation:Info:toast@toast-new:Simulation not generated] Magnitude 5.82 of event bmg2026oiqp is smaller than triggerMinMagnitude: no automatic simulation
2026/07/24 06:08:13.948460 [Incident:Info:toast@toast-new:Origin updated] Origin updated: OT: 2026-07-23 22:58:34,  Lat/Lon: 0.72487°/126.33°, Depth: 10
2026/07/24 06:08:13.948696 [Incident:Info:toast@toast-new:FM updated] FM updated
2026/07/24 06:08:13.949010 [Simulation:Info:toast@toast-new:Simulation not generated] Magnitude 5.82 of event bmg2026oiqp is smaller than triggerMinMagnitude: no automatic simulation
2026/07/24 06:09:24.561495 [Incident:Info:toast@toast-new:Origin updated] Origin updated: OT: 2026-07-23 22:58:34,  Lat/Lon: 0.72487°/126.33°, Depth: 10
2026/07/24 06:09:24.562048 [Incident:Info:toast@toast-new:FM updated] FM updated
2026/07/24 06:09:24.562397 [Simulation:Info:toast@toast-new:Simulation not generated] Magnitude 5.82 of event bmg2026oiqp is smaller than triggerMinMagnitude: no automatic simulation
2026/07/24 06:11:08.350461 [Incident:Info:toast@toast-new:Origin updated] Origin updated: OT: 2026-07-23 22:58:34,  Lat/Lon: 0.72487°/126.33°, Depth: 10
2026/07/24 06:11:08.350704 [Incident:Info:toast@toast-new:FM updated] FM updated
2026/07/24 06:11:08.351014 [Simulation:Info:toast@toast-new:Simulation not generated] Magnitude 5.82 of event bmg2026oiqp is smaller than triggerMinMagnitude: no automatic simulation
2026/07/24 06:14:49.685345 [Incident:Info:toast@toast-new:Origin updated] Origin updated: OT: 2026-07-23 22:58:34,  Lat/Lon: 0.72487°/126.33°, Depth: 10
2026/07/24 06:14:49.685612 [Incident:Info:toast@toast-new:Magnitude updated] Magnitude updated: 5.73 (Mw)
2026/07/24 06:14:49.685703 [Simulation:Info:toast@toast-new:Simulation not generated] Magnitude 5.73 of event bmg2026oiqp is smaller than triggerMinMagnitude: no automatic simulation
2026/07/24 06:15:27.834188 [Incident:Info:toast@toast-new:Origin updated] Origin updated: OT: 2026-07-23 22:58:34,  Lat/Lon: 0.72487°/126.33°, Depth: 10
2026/07/24 06:15:27.834416 [Simulation:Info:toast@toast-new:Simulation not generated] Magnitude 5.73 of event bmg2026oiqp is smaller than triggerMinMagnitude: no automatic simulation
2026/07/24 06:15:44.354284 [Incident:Info:toast@toast-new:Origin updated] Origin updated: OT: 2026-07-23 22:58:36,  Lat/Lon: 0.745123°/126.334°, Depth: 27
2026/07/24 06:15:44.354559 [Simulation:Info:toast@toast-new:Simulation not generated] Magnitude 5.73 of event bmg2026oiqp is smaller than triggerMinMagnitude: no automatic simulation
2026/07/24 13:57:58.050338 [Incident:Info:toast@toast-new:Origin updated] Origin updated: OT: 2026-07-23 22:58:36,  Lat/Lon: 0.721634°/126.334°, Depth: 35.4851
2026/07/24 13:57:58.087044 [Simulation:Info:toast@toast-new:Simulation not generated] Magnitude 5.73 of event bmg2026oiqp is smaller than triggerMinMagnitude: no automatic simulation
2026/07/30 08:34:17.542104 [Simulation:Info:toast@toast-new:Simulation removed] Removed simulation 57000002N126128E9d39f893c5c052b578256eb76a6f520ba2bc7cd4
2026/07/30 08:34:17.837297 [Simulation:Info:toast@toast-new:Simulation removed] Removed simulation 57000002N126128Eb5545e795f4b1ae781dcff36ee4170bc2dd5508a
2026/07/30 08:34:17.847727 [Incident:Info:toast@toast-new:Incident removed] Removed incident - Bye
