2026/07/11 17:53:15.468382 [Incident:Info:toast@toast-new:Displacement(s) updated] Added 0 and changed 0 displacements with 0 amplitudes
2026/07/11 17:53:15.472718 [Incident:Info:toast@toast-new:Incident created] Incident created based on event received from messaging: OT: 2026-07-11 10:51:05,  Lat/Lon: 5.43°/125.36°, Depth: 17.48, Mag: 5.20 (MLv)
2026/07/11 17:53:15.473347 [Simulation:Info:toast@toast-new:Simulation not generated] Magnitude 5.20 of event bmg2026nluo is smaller than triggerMinMagnitude: no automatic simulation
2026/07/11 17:53:15.494491 [Incident:Info:toast@toast-new:Origin updated] Origin updated: OT: 2026-07-11 10:51:05,  Lat/Lon: 5.42685°/125.357°, Depth: 17.4774
2026/07/11 17:53:15.494639 [Simulation:Info:toast@toast-new:Simulation not generated] Magnitude 5.20 of event bmg2026nluo is smaller than triggerMinMagnitude: no automatic simulation
2026/07/11 17:53:22.297837 [Incident:Info:toast@toast-new:Origin updated] Origin updated: OT: 2026-07-11 10:51:05,  Lat/Lon: 5.42685°/125.357°, Depth: 17.4774
2026/07/11 17:53:22.298027 [Incident:Info:toast@toast-new:Magnitude updated] Magnitude updated: 5.44 (MLv)
2026/07/11 17:53:22.298100 [Simulation:Info:toast@toast-new:Simulation not generated] Magnitude 5.44 of event bmg2026nluo is smaller than triggerMinMagnitude: no automatic simulation
2026/07/11 17:53:29.711924 [Incident:Info:toast@toast-new:Origin updated] Origin updated: OT: 2026-07-11 10:51:09,  Lat/Lon: 5.09723°/125.482°, Depth: 10
2026/07/11 17:53:29.712127 [Incident:Info:toast@toast-new:Magnitude updated] Magnitude updated: 5.59 (MLv)
2026/07/11 17:53:29.712167 [Simulation:Info:toast@toast-new:Simulation not generated] Magnitude 5.59 of event bmg2026nluo is smaller than triggerMinMagnitude: no automatic simulation
2026/07/11 17:53:32.266963 [Incident:Info:toast@toast-new:Origin updated] Origin updated: OT: 2026-07-11 10:51:09,  Lat/Lon: 5.09723°/125.482°, Depth: 10
2026/07/11 17:53:32.268671 [Incident:Info:toast@toast-new:Magnitude updated] Magnitude updated: 5.59 (MLv)
2026/07/11 17:53:32.268762 [Simulation:Info:toast@toast-new:Simulation not generated] Magnitude 5.59 of event bmg2026nluo is smaller than triggerMinMagnitude: no automatic simulation
2026/07/11 17:53:33.304251 [Incident:Info:toast@toast-new:Origin updated] Origin updated: OT: 2026-07-11 10:51:09,  Lat/Lon: 5.09723°/125.482°, Depth: 10
2026/07/11 17:53:33.304419 [Incident:Info:toast@toast-new:Magnitude updated] Magnitude updated: 5.62 (M)
2026/07/11 17:53:33.304454 [Simulation:Info:toast@toast-new:Simulation not generated] Magnitude 5.62 of event bmg2026nluo is smaller than triggerMinMagnitude: no automatic simulation
2026/07/11 17:53:37.268594 [Incident:Info:toast@toast-new:Origin updated] Origin updated: OT: 2026-07-11 10:51:09,  Lat/Lon: 5.09723°/125.482°, Depth: 10
2026/07/11 17:53:37.268769 [Incident:Info:toast@toast-new:Magnitude updated] Magnitude updated: 5.62 (M)
2026/07/11 17:53:37.268804 [Simulation:Info:toast@toast-new:Simulation not generated] Magnitude 5.62 of event bmg2026nluo is smaller than triggerMinMagnitude: no automatic simulation
2026/07/11 17:53:38.680412 [Incident:Info:toast@toast-new:Origin updated] Origin updated: OT: 2026-07-11 10:51:09,  Lat/Lon: 5.09723°/125.482°, Depth: 10
2026/07/11 17:53:38.680607 [Incident:Info:toast@toast-new:Magnitude updated] Magnitude updated: 5.62 (M)
2026/07/11 17:53:38.680643 [Simulation:Info:toast@toast-new:Simulation not generated] Magnitude 5.62 of event bmg2026nluo is smaller than triggerMinMagnitude: no automatic simulation
2026/07/11 17:53:42.292481 [Incident:Info:toast@toast-new:Origin updated] Origin updated: OT: 2026-07-11 10:51:09,  Lat/Lon: 5.09723°/125.482°, Depth: 10
2026/07/11 17:53:42.292673 [Incident:Info:toast@toast-new:Magnitude updated] Magnitude updated: 5.62 (M)
2026/07/11 17:53:42.292719 [Simulation:Info:toast@toast-new:Simulation not generated] Magnitude 5.62 of event bmg2026nluo is smaller than triggerMinMagnitude: no automatic simulation
2026/07/11 17:53:47.295475 [Incident:Info:toast@toast-new:Origin updated] Origin updated: OT: 2026-07-11 10:51:09,  Lat/Lon: 5.09723°/125.482°, Depth: 10
2026/07/11 17:53:47.295674 [Incident:Info:toast@toast-new:Magnitude updated] Magnitude updated: 5.62 (M)
2026/07/11 17:53:47.295709 [Simulation:Info:toast@toast-new:Simulation not generated] Magnitude 5.62 of event bmg2026nluo is smaller than triggerMinMagnitude: no automatic simulation
2026/07/11 17:53:51.602567 [Incident:Info:toast@toast-new:Origin updated] Origin updated: OT: 2026-07-11 10:51:09,  Lat/Lon: 5.09723°/125.482°, Depth: 10
2026/07/11 17:53:51.602753 [Incident:Info:toast@toast-new:Magnitude updated] Magnitude updated: 5.64 (M)
2026/07/11 17:53:51.602804 [Simulation:Info:toast@toast-new:Simulation not generated] Magnitude 5.64 of event bmg2026nluo is smaller than triggerMinMagnitude: no automatic simulation
2026/07/11 17:53:52.204774 [Incident:Info:toast@toast-new:Origin updated] Origin updated: OT: 2026-07-11 10:51:09,  Lat/Lon: 5.09723°/125.482°, Depth: 10
2026/07/11 17:53:52.204961 [Incident:Info:toast@toast-new:Magnitude updated] Magnitude updated: 5.63 (M)
2026/07/11 17:53:52.204995 [Simulation:Info:toast@toast-new:Simulation not generated] Magnitude 5.63 of event bmg2026nluo is smaller than triggerMinMagnitude: no automatic simulation
2026/07/11 17:53:57.349038 [Incident:Info:toast@toast-new:Origin updated] Origin updated: OT: 2026-07-11 10:51:09,  Lat/Lon: 5.09723°/125.482°, Depth: 10
2026/07/11 17:53:57.349218 [Incident:Info:toast@toast-new:Magnitude updated] Magnitude updated: 5.64 (M)
2026/07/11 17:53:57.349257 [Simulation:Info:toast@toast-new:Simulation not generated] Magnitude 5.64 of event bmg2026nluo is smaller than triggerMinMagnitude: no automatic simulation
2026/07/11 17:54:02.265461 [Incident:Info:toast@toast-new:Origin updated] Origin updated: OT: 2026-07-11 10:51:09,  Lat/Lon: 5.09723°/125.482°, Depth: 10
2026/07/11 17:54:02.265652 [Incident:Info:toast@toast-new:Magnitude updated] Magnitude updated: 5.64 (M)
2026/07/11 17:54:02.265694 [Simulation:Info:toast@toast-new:Simulation not generated] Magnitude 5.64 of event bmg2026nluo is smaller than triggerMinMagnitude: no automatic simulation
2026/07/11 17:54:07.224214 [Incident:Info:toast@toast-new:Origin updated] Origin updated: OT: 2026-07-11 10:51:09,  Lat/Lon: 5.09723°/125.482°, Depth: 10
2026/07/11 17:54:07.224403 [Incident:Info:toast@toast-new:Magnitude updated] Magnitude updated: 5.65 (M)
2026/07/11 17:54:07.224457 [Simulation:Info:toast@toast-new:Simulation not generated] Magnitude 5.65 of event bmg2026nluo is smaller than triggerMinMagnitude: no automatic simulation
2026/07/11 17:54:17.224244 [Incident:Info:toast@toast-new:Origin updated] Origin updated: OT: 2026-07-11 10:51:09,  Lat/Lon: 5.09723°/125.482°, Depth: 10
2026/07/11 17:54:17.224423 [Incident:Info:toast@toast-new:Magnitude updated] Magnitude updated: 5.65 (M)
2026/07/11 17:54:17.224462 [Simulation:Info:toast@toast-new:Simulation not generated] Magnitude 5.65 of event bmg2026nluo is smaller than triggerMinMagnitude: no automatic simulation
2026/07/11 17:54:21.212816 [Incident:Info:toast@toast-new:Origin updated] Origin updated: OT: 2026-07-11 10:51:06,  Lat/Lon: 5.28842°/125.448°, Depth: 10
2026/07/11 17:54:21.213032 [Incident:Info:toast@toast-new:Magnitude updated] Magnitude updated: 5.44 (M)
2026/07/11 17:54:21.213080 [Simulation:Info:toast@toast-new:Simulation not generated] Magnitude 5.44 of event bmg2026nluo is smaller than triggerMinMagnitude: no automatic simulation
2026/07/11 17:54:22.270796 [Incident:Info:toast@toast-new:Origin updated] Origin updated: OT: 2026-07-11 10:51:06,  Lat/Lon: 5.28842°/125.448°, Depth: 10
2026/07/11 17:54:22.270983 [Incident:Info:toast@toast-new:Magnitude updated] Magnitude updated: 5.44 (M)
2026/07/11 17:54:22.271025 [Simulation:Info:toast@toast-new:Simulation not generated] Magnitude 5.44 of event bmg2026nluo is smaller than triggerMinMagnitude: no automatic simulation
2026/07/11 17:54:27.314523 [Incident:Info:toast@toast-new:Origin updated] Origin updated: OT: 2026-07-11 10:51:06,  Lat/Lon: 5.28842°/125.448°, Depth: 10
2026/07/11 17:54:27.314719 [Incident:Info:toast@toast-new:Magnitude updated] Magnitude updated: 5.44 (M)
2026/07/11 17:54:27.314793 [Simulation:Info:toast@toast-new:Simulation not generated] Magnitude 5.44 of event bmg2026nluo is smaller than triggerMinMagnitude: no automatic simulation
2026/07/11 17:54:31.669229 [Incident:Info:toast@toast-new:Origin updated] Origin updated: OT: 2026-07-11 10:51:06,  Lat/Lon: 5.28842°/125.448°, Depth: 10
2026/07/11 17:54:31.669419 [Incident:Info:toast@toast-new:Magnitude updated] Magnitude updated: 5.45 (M)
2026/07/11 17:54:31.669463 [Simulation:Info:toast@toast-new:Simulation not generated] Magnitude 5.45 of event bmg2026nluo is smaller than triggerMinMagnitude: no automatic simulation
2026/07/11 17:54:32.327504 [Incident:Info:toast@toast-new:Origin updated] Origin updated: OT: 2026-07-11 10:51:06,  Lat/Lon: 5.28842°/125.448°, Depth: 10
2026/07/11 17:54:32.327688 [Incident:Info:toast@toast-new:Magnitude updated] Magnitude updated: 5.45 (M)
2026/07/11 17:54:32.327722 [Simulation:Info:toast@toast-new:Simulation not generated] Magnitude 5.45 of event bmg2026nluo is smaller than triggerMinMagnitude: no automatic simulation
2026/07/11 17:54:37.511268 [Incident:Info:toast@toast-new:Origin updated] Origin updated: OT: 2026-07-11 10:51:06,  Lat/Lon: 5.28842°/125.448°, Depth: 10
2026/07/11 17:54:37.511512 [Incident:Info:toast@toast-new:Magnitude updated] Magnitude updated: 5.46 (M)
2026/07/11 17:54:37.511600 [Simulation:Info:toast@toast-new:Simulation not generated] Magnitude 5.46 of event bmg2026nluo is smaller than triggerMinMagnitude: no automatic simulation
2026/07/11 17:54:42.389088 [Incident:Info:toast@toast-new:Origin updated] Origin updated: OT: 2026-07-11 10:51:06,  Lat/Lon: 5.28842°/125.448°, Depth: 10
2026/07/11 17:54:42.389293 [Incident:Info:toast@toast-new:Magnitude updated] Magnitude updated: 5.46 (M)
2026/07/11 17:54:42.389338 [Simulation:Info:toast@toast-new:Simulation not generated] Magnitude 5.46 of event bmg2026nluo is smaller than triggerMinMagnitude: no automatic simulation
2026/07/11 17:54:47.415005 [Incident:Info:toast@toast-new:Origin updated] Origin updated: OT: 2026-07-11 10:51:06,  Lat/Lon: 5.28842°/125.448°, Depth: 10
2026/07/11 17:54:47.415283 [Incident:Info:toast@toast-new:Magnitude updated] Magnitude updated: 5.48 (M)
2026/07/11 17:54:47.415358 [Simulation:Info:toast@toast-new:Simulation not generated] Magnitude 5.48 of event bmg2026nluo is smaller than triggerMinMagnitude: no automatic simulation
2026/07/11 17:54:52.374242 [Incident:Info:toast@toast-new:Origin updated] Origin updated: OT: 2026-07-11 10:51:06,  Lat/Lon: 5.28842°/125.448°, Depth: 10
2026/07/11 17:54:52.374429 [Incident:Info:toast@toast-new:Magnitude updated] Magnitude updated: 5.48 (M)
2026/07/11 17:54:52.374470 [Simulation:Info:toast@toast-new:Simulation not generated] Magnitude 5.48 of event bmg2026nluo is smaller than triggerMinMagnitude: no automatic simulation
2026/07/11 17:55:02.317219 [Incident:Info:toast@toast-new:Origin updated] Origin updated: OT: 2026-07-11 10:51:06,  Lat/Lon: 5.28842°/125.448°, Depth: 10
2026/07/11 17:55:02.317441 [Incident:Info:toast@toast-new:Magnitude updated] Magnitude updated: 5.48 (M)
2026/07/11 17:55:02.317498 [Simulation:Info:toast@toast-new:Simulation not generated] Magnitude 5.48 of event bmg2026nluo is smaller than triggerMinMagnitude: no automatic simulation
2026/07/11 17:55:06.970683 [Incident:Info:toast@toast-new:Origin updated] Origin updated: OT: 2026-07-11 10:51:06,  Lat/Lon: 5.28842°/125.448°, Depth: 10
2026/07/11 17:55:06.970885 [Incident:Info:toast@toast-new:Magnitude updated] Magnitude updated: 5.48 (M)
2026/07/11 17:55:06.970927 [Simulation:Info:toast@toast-new:Simulation not generated] Magnitude 5.48 of event bmg2026nluo is smaller than triggerMinMagnitude: no automatic simulation
2026/07/11 17:55:12.382940 [Incident:Info:toast@toast-new:Origin updated] Origin updated: OT: 2026-07-11 10:51:06,  Lat/Lon: 5.28842°/125.448°, Depth: 10
2026/07/11 17:55:12.383157 [Incident:Info:toast@toast-new:Magnitude updated] Magnitude updated: 5.48 (M)
2026/07/11 17:55:12.383206 [Simulation:Info:toast@toast-new:Simulation not generated] Magnitude 5.48 of event bmg2026nluo is smaller than triggerMinMagnitude: no automatic simulation
2026/07/11 17:55:17.269656 [Incident:Info:toast@toast-new:Origin updated] Origin updated: OT: 2026-07-11 10:51:06,  Lat/Lon: 5.28842°/125.448°, Depth: 10
2026/07/11 17:55:17.269831 [Incident:Info:toast@toast-new:Magnitude updated] Magnitude updated: 5.48 (M)
2026/07/11 17:55:17.269875 [Simulation:Info:toast@toast-new:Simulation not generated] Magnitude 5.48 of event bmg2026nluo is smaller than triggerMinMagnitude: no automatic simulation
2026/07/11 17:55:22.371875 [Incident:Info:toast@toast-new:Origin updated] Origin updated: OT: 2026-07-11 10:51:06,  Lat/Lon: 5.28842°/125.448°, Depth: 10
2026/07/11 17:55:22.372052 [Incident:Info:toast@toast-new:Magnitude updated] Magnitude updated: 5.48 (M)
2026/07/11 17:55:22.372095 [Simulation:Info:toast@toast-new:Simulation not generated] Magnitude 5.48 of event bmg2026nluo is smaller than triggerMinMagnitude: no automatic simulation
2026/07/11 17:55:27.384455 [Incident:Info:toast@toast-new:Origin updated] Origin updated: OT: 2026-07-11 10:51:06,  Lat/Lon: 5.28842°/125.448°, Depth: 10
2026/07/11 17:55:27.384653 [Incident:Info:toast@toast-new:Magnitude updated] Magnitude updated: 5.49 (M)
2026/07/11 17:55:27.384697 [Simulation:Info:toast@toast-new:Simulation not generated] Magnitude 5.49 of event bmg2026nluo is smaller than triggerMinMagnitude: no automatic simulation
2026/07/11 17:55:30.063135 [Incident:Info:toast@toast-new:Origin updated] Origin updated: OT: 2026-07-11 10:51:07,  Lat/Lon: 5.23013°/125.461°, Depth: 10
2026/07/11 17:55:30.063373 [Incident:Info:toast@toast-new:Magnitude updated] Magnitude updated: 5.47 (M)
2026/07/11 17:55:30.063424 [Simulation:Info:toast@toast-new:Simulation not generated] Magnitude 5.47 of event bmg2026nluo is smaller than triggerMinMagnitude: no automatic simulation
2026/07/11 17:55:56.906494 [Incident:Info:toast@toast-new:Origin updated] Origin updated: OT: 2026-07-11 10:51:07,  Lat/Lon: 5.23013°/125.461°, Depth: 10
2026/07/11 17:55:56.906626 [Incident:Info:toast@toast-new:FM updated] FM updated
2026/07/11 17:55:56.906832 [Simulation:Info:toast@toast-new:Simulation not generated] Magnitude 5.47 of event bmg2026nluo is smaller than triggerMinMagnitude: no automatic simulation
2026/07/11 17:56:07.609757 [Incident:Info:toast@toast-new:Origin updated] Origin updated: OT: 2026-07-11 10:51:07,  Lat/Lon: 5.23013°/125.461°, Depth: 10
2026/07/11 17:56:07.609905 [Incident:Info:toast@toast-new:FM updated] FM updated
2026/07/11 17:56:07.610126 [Simulation:Info:toast@toast-new:Simulation not generated] Magnitude 5.47 of event bmg2026nluo is smaller than triggerMinMagnitude: no automatic simulation
2026/07/11 17:56:12.288887 [Incident:Info:toast@toast-new:Origin updated] Origin updated: OT: 2026-07-11 10:51:07,  Lat/Lon: 5.23013°/125.461°, Depth: 10
2026/07/11 17:56:12.289076 [Incident:Info:toast@toast-new:Magnitude updated] Magnitude updated: 5.47 (M)
2026/07/11 17:56:12.289119 [Simulation:Info:toast@toast-new:Simulation not generated] Magnitude 5.47 of event bmg2026nluo is smaller than triggerMinMagnitude: no automatic simulation
2026/07/11 17:56:28.625360 [Incident:Info:toast@toast-new:Origin updated] Origin updated: OT: 2026-07-11 10:51:07,  Lat/Lon: 5.23013°/125.461°, Depth: 10
2026/07/11 17:56:28.625538 [Incident:Info:toast@toast-new:FM updated] FM updated
2026/07/11 17:56:28.625936 [Simulation:Info:toast@toast-new:Simulation not generated] Magnitude 5.47 of event bmg2026nluo is smaller than triggerMinMagnitude: no automatic simulation
2026/07/11 17:57:04.499280 [Incident:Info:toast@toast-new:Origin updated] Origin updated: OT: 2026-07-11 10:51:07,  Lat/Lon: 5.24338°/125.463°, Depth: 10
2026/07/11 17:57:04.499486 [Incident:Info:toast@toast-new:Magnitude updated] Magnitude updated: 5.48 (M)
2026/07/11 17:57:04.499528 [Simulation:Info:toast@toast-new:Simulation not generated] Magnitude 5.48 of event bmg2026nluo is smaller than triggerMinMagnitude: no automatic simulation
2026/07/11 17:58:15.659762 [Incident:Info:toast@toast-new:Origin updated] Origin updated: OT: 2026-07-11 10:51:09,  Lat/Lon: 5.16088°/125.537°, Depth: 10
2026/07/11 17:58:15.660010 [Incident:Info:toast@toast-new:Magnitude updated] Magnitude updated: 5.54 (M)
2026/07/11 17:58:15.660064 [Simulation:Info:toast@toast-new:Simulation not generated] Magnitude 5.54 of event bmg2026nluo is smaller than triggerMinMagnitude: no automatic simulation
2026/07/11 17:59:17.560301 [Incident:Info:toast@toast-new:Origin updated] Origin updated: OT: 2026-07-11 10:51:09,  Lat/Lon: 5.16088°/125.537°, Depth: 10
2026/07/11 17:59:17.560470 [Incident:Info:toast@toast-new:FM updated] FM updated
2026/07/11 17:59:17.560697 [Simulation:Info:toast@toast-new:Simulation not generated] Magnitude 5.54 of event bmg2026nluo is smaller than triggerMinMagnitude: no automatic simulation
2026/07/11 17:59:51.391593 [Incident:Info:toast@toast-new:Origin updated] Origin updated: OT: 2026-07-11 10:51:09,  Lat/Lon: 5.16088°/125.537°, Depth: 10
2026/07/11 17:59:51.391772 [Incident:Info:toast@toast-new:FM updated] FM updated
2026/07/11 17:59:51.392017 [Simulation:Info:toast@toast-new:Simulation not generated] Magnitude 5.54 of event bmg2026nluo is smaller than triggerMinMagnitude: no automatic simulation
2026/07/11 18:01:12.508284 [Incident:Info:toast@toast-new:Origin updated] Origin updated: OT: 2026-07-11 10:51:09,  Lat/Lon: 5.16088°/125.537°, Depth: 10
2026/07/11 18:01:12.508474 [Incident:Info:toast@toast-new:FM updated] FM updated
2026/07/11 18:01:12.508753 [Simulation:Info:toast@toast-new:Simulation not generated] Magnitude 5.54 of event bmg2026nluo is smaller than triggerMinMagnitude: no automatic simulation
2026/07/11 18:01:29.721791 [Incident:Info:toast@toast-new:Origin updated] Origin updated: OT: 2026-07-11 10:51:09,  Lat/Lon: 5.16088°/125.537°, Depth: 10
2026/07/11 18:01:29.721967 [Incident:Info:toast@toast-new:FM updated] FM updated
2026/07/11 18:01:29.722196 [Simulation:Info:toast@toast-new:Simulation not generated] Magnitude 5.54 of event bmg2026nluo is smaller than triggerMinMagnitude: no automatic simulation
2026/07/11 18:02:23.305029 [Incident:Info:toast@toast-new:Origin updated] Origin updated: OT: 2026-07-11 10:51:11,  Lat/Lon: 5.14249°/125.578°, Depth: 32.4166
2026/07/11 18:02:23.305223 [Incident:Info:toast@toast-new:Magnitude updated] Magnitude updated: 5.56 (M)
2026/07/11 18:02:23.305261 [Simulation:Info:toast@toast-new:Simulation not generated] Magnitude 5.56 of event bmg2026nluo is smaller than triggerMinMagnitude: no automatic simulation
2026/07/11 18:02:45.401038 [Incident:Info:toast@toast-new:Origin updated] Origin updated: OT: 2026-07-11 10:51:11,  Lat/Lon: 5.14249°/125.578°, Depth: 32.4166
2026/07/11 18:02:45.401236 [Incident:Info:toast@toast-new:Magnitude updated] Magnitude updated: 5.60 (mb)
2026/07/11 18:02:45.401290 [Simulation:Info:toast@toast-new:Simulation not generated] Magnitude 5.60 of event bmg2026nluo is smaller than triggerMinMagnitude: no automatic simulation
2026/07/11 18:17:01.640116 [Incident:Info:toast@toast-new:Origin updated] Origin updated: OT: 2026-07-11 10:51:11,  Lat/Lon: 5.14249°/125.578°, Depth: 32.4166
2026/07/11 18:17:01.640297 [Incident:Info:toast@toast-new:FM updated] FM updated
2026/07/11 18:17:01.640622 [Simulation:Info:toast@toast-new:Simulation not generated] Magnitude 5.60 of event bmg2026nluo is smaller than triggerMinMagnitude: no automatic simulation
2026/07/11 18:20:18.273840 [Incident:Info:toast@toast-new:Origin updated] Origin updated: OT: 2026-07-11 10:51:11,  Lat/Lon: 5.14249°/125.578°, Depth: 32.4166
2026/07/11 18:20:18.274004 [Incident:Info:toast@toast-new:FM updated] FM updated
2026/07/11 18:20:18.274263 [Simulation:Info:toast@toast-new:Simulation not generated] Magnitude 5.60 of event bmg2026nluo is smaller than triggerMinMagnitude: no automatic simulation
2026/07/12 01:49:23.165258 [Incident:Info:toast@toast-new:Origin updated] Origin updated: OT: 2026-07-11 10:51:11,  Lat/Lon: 5.14249°/125.578°, Depth: 32.4166
2026/07/12 01:49:23.165446 [Incident:Info:toast@toast-new:FM updated] FM updated
2026/07/12 01:49:23.165704 [Simulation:Info:toast@toast-new:Simulation not generated] Magnitude 5.60 of event bmg2026nluo is smaller than triggerMinMagnitude: no automatic simulation
2026/07/12 01:50:18.627596 [Incident:Info:toast@toast-new:Origin updated] Origin updated: OT: 2026-07-11 10:51:11,  Lat/Lon: 5.14249°/125.578°, Depth: 32.4166
2026/07/12 01:50:18.627776 [Simulation:Info:toast@toast-new:Simulation not generated] Magnitude 5.60 of event bmg2026nluo is smaller than triggerMinMagnitude: no automatic simulation
2026/07/12 01:52:59.611143 [Incident:Info:toast@toast-new:Origin updated] Origin updated: OT: 2026-07-11 10:51:11,  Lat/Lon: 5.14249°/125.578°, Depth: 32.4166
2026/07/12 01:52:59.611300 [Incident:Info:toast@toast-new:FM updated] FM updated
2026/07/12 01:52:59.611524 [Simulation:Info:toast@toast-new:Simulation not generated] Magnitude 5.60 of event bmg2026nluo is smaller than triggerMinMagnitude: no automatic simulation
2026/07/12 01:54:09.665045 [Incident:Info:toast@toast-new:Origin updated] Origin updated: OT: 2026-07-11 10:51:11,  Lat/Lon: 5.14249°/125.578°, Depth: 32.4166
2026/07/12 01:54:09.665235 [Simulation:Info:toast@toast-new:Simulation not generated] Magnitude 5.60 of event bmg2026nluo is smaller than triggerMinMagnitude: no automatic simulation
2026/07/12 01:54:10.478587 [Incident:Info:toast@toast-new:Origin updated] Origin updated: OT: 2026-07-11 10:51:11,  Lat/Lon: 5.14249°/125.578°, Depth: 32.4166
2026/07/12 01:54:10.478764 [Simulation:Info:toast@toast-new:Simulation not generated] Magnitude 5.60 of event bmg2026nluo is smaller than triggerMinMagnitude: no automatic simulation
2026/07/12 01:54:10.671797 [Incident:Info:toast@toast-new:Origin updated] Origin updated: OT: 2026-07-11 10:51:11,  Lat/Lon: 5.14249°/125.578°, Depth: 32.4166
2026/07/12 01:54:10.671983 [Simulation:Info:toast@toast-new:Simulation not generated] Magnitude 5.60 of event bmg2026nluo is smaller than triggerMinMagnitude: no automatic simulation
2026/07/12 01:54:10.840995 [Incident:Info:toast@toast-new:Origin updated] Origin updated: OT: 2026-07-11 10:51:11,  Lat/Lon: 5.14249°/125.578°, Depth: 32.4166
2026/07/12 01:54:10.841179 [Simulation:Info:toast@toast-new:Simulation not generated] Magnitude 5.60 of event bmg2026nluo is smaller than triggerMinMagnitude: no automatic simulation
2026/07/12 01:54:11.001721 [Incident:Info:toast@toast-new:Origin updated] Origin updated: OT: 2026-07-11 10:51:11,  Lat/Lon: 5.14249°/125.578°, Depth: 32.4166
2026/07/12 01:54:11.001912 [Simulation:Info:toast@toast-new:Simulation not generated] Magnitude 5.60 of event bmg2026nluo is smaller than triggerMinMagnitude: no automatic simulation
2026/07/12 01:54:11.164923 [Incident:Info:toast@toast-new:Origin updated] Origin updated: OT: 2026-07-11 10:51:11,  Lat/Lon: 5.14249°/125.578°, Depth: 32.4166
2026/07/12 01:54:11.165106 [Simulation:Info:toast@toast-new:Simulation not generated] Magnitude 5.60 of event bmg2026nluo is smaller than triggerMinMagnitude: no automatic simulation
2026/07/12 01:54:11.325734 [Incident:Info:toast@toast-new:Origin updated] Origin updated: OT: 2026-07-11 10:51:11,  Lat/Lon: 5.14249°/125.578°, Depth: 32.4166
2026/07/12 01:54:11.325910 [Simulation:Info:toast@toast-new:Simulation not generated] Magnitude 5.60 of event bmg2026nluo is smaller than triggerMinMagnitude: no automatic simulation
2026/07/12 01:54:11.495695 [Incident:Info:toast@toast-new:Origin updated] Origin updated: OT: 2026-07-11 10:51:11,  Lat/Lon: 5.14249°/125.578°, Depth: 32.4166
2026/07/12 01:54:11.495874 [Simulation:Info:toast@toast-new:Simulation not generated] Magnitude 5.60 of event bmg2026nluo is smaller than triggerMinMagnitude: no automatic simulation
2026/07/12 01:54:11.656657 [Incident:Info:toast@toast-new:Origin updated] Origin updated: OT: 2026-07-11 10:51:11,  Lat/Lon: 5.14249°/125.578°, Depth: 32.4166
2026/07/12 01:54:11.656836 [Simulation:Info:toast@toast-new:Simulation not generated] Magnitude 5.60 of event bmg2026nluo is smaller than triggerMinMagnitude: no automatic simulation
2026/07/12 01:54:11.845698 [Incident:Info:toast@toast-new:Origin updated] Origin updated: OT: 2026-07-11 10:51:11,  Lat/Lon: 5.14249°/125.578°, Depth: 32.4166
2026/07/12 01:54:11.845864 [Simulation:Info:toast@toast-new:Simulation not generated] Magnitude 5.60 of event bmg2026nluo is smaller than triggerMinMagnitude: no automatic simulation
2026/07/12 01:54:11.985648 [Incident:Info:toast@toast-new:Origin updated] Origin updated: OT: 2026-07-11 10:51:11,  Lat/Lon: 5.14249°/125.578°, Depth: 32.4166
2026/07/12 01:54:11.985788 [Simulation:Info:toast@toast-new:Simulation not generated] Magnitude 5.60 of event bmg2026nluo is smaller than triggerMinMagnitude: no automatic simulation
2026/07/12 01:54:12.150854 [Incident:Info:toast@toast-new:Origin updated] Origin updated: OT: 2026-07-11 10:51:11,  Lat/Lon: 5.14249°/125.578°, Depth: 32.4166
2026/07/12 01:54:12.151022 [Simulation:Info:toast@toast-new:Simulation not generated] Magnitude 5.60 of event bmg2026nluo is smaller than triggerMinMagnitude: no automatic simulation
2026/07/12 01:54:12.319497 [Incident:Info:toast@toast-new:Origin updated] Origin updated: OT: 2026-07-11 10:51:11,  Lat/Lon: 5.14249°/125.578°, Depth: 32.4166
2026/07/12 01:54:12.319661 [Simulation:Info:toast@toast-new:Simulation not generated] Magnitude 5.60 of event bmg2026nluo is smaller than triggerMinMagnitude: no automatic simulation
2026/07/12 01:54:12.501846 [Incident:Info:toast@toast-new:Origin updated] Origin updated: OT: 2026-07-11 10:51:11,  Lat/Lon: 5.14249°/125.578°, Depth: 32.4166
2026/07/12 01:54:12.502037 [Simulation:Info:toast@toast-new:Simulation not generated] Magnitude 5.60 of event bmg2026nluo is smaller than triggerMinMagnitude: no automatic simulation
2026/07/12 01:54:12.983436 [Incident:Info:toast@toast-new:Origin updated] Origin updated: OT: 2026-07-11 10:51:11,  Lat/Lon: 5.14249°/125.578°, Depth: 32.4166
2026/07/12 01:54:12.983622 [Simulation:Info:toast@toast-new:Simulation not generated] Magnitude 5.60 of event bmg2026nluo is smaller than triggerMinMagnitude: no automatic simulation
2026/07/12 01:54:13.229272 [Incident:Info:toast@toast-new:Origin updated] Origin updated: OT: 2026-07-11 10:51:11,  Lat/Lon: 5.14249°/125.578°, Depth: 32.4166
2026/07/12 01:54:13.229452 [Simulation:Info:toast@toast-new:Simulation not generated] Magnitude 5.60 of event bmg2026nluo is smaller than triggerMinMagnitude: no automatic simulation
2026/07/12 01:54:15.047801 [Incident:Info:toast@toast-new:Origin updated] Origin updated: OT: 2026-07-11 10:51:11,  Lat/Lon: 5.14249°/125.578°, Depth: 32.4166
2026/07/12 01:54:15.047964 [Incident:Info:toast@toast-new:FM updated] FM updated
2026/07/12 01:54:15.048188 [Simulation:Info:toast@toast-new:Simulation not generated] Magnitude 5.60 of event bmg2026nluo is smaller than triggerMinMagnitude: no automatic simulation
2026/07/12 01:54:17.846976 [Incident:Info:toast@toast-new:Origin updated] Origin updated: OT: 2026-07-11 10:51:11,  Lat/Lon: 5.14249°/125.578°, Depth: 32.4166
2026/07/12 01:54:17.847150 [Incident:Info:toast@toast-new:FM updated] FM updated
2026/07/12 01:54:17.847397 [Simulation:Info:toast@toast-new:Simulation not generated] Magnitude 5.60 of event bmg2026nluo is smaller than triggerMinMagnitude: no automatic simulation
2026/07/14 21:34:54.924712 [Incident:Info:toast@toast-new:Incident removed] Removed incident - Bye
